=== D2_final intelligent-partitioning weak scaling ===
Node:     edu01
Date:     Fri Jul 24 10:53:27 AM CEST 2026
P:        4
Matrix:   matrices_synthetic/weak_P4.mtx
Reps:     3

--- P=4 rep=1/3 driver=spmv_rcm_nccl_acc matrix=matrices_synthetic/weak_P4.mtx ---
Loaded matrices_synthetic/weak_P4.mtx: 300000 x 300000, 6000000 nnz
[kernel] acc -> FLAT (nnz=1500000, avg_nnz=20.00, imbalance=1.00)
[kernel] acc -> FLAT (nnz=1500000, avg_nnz=20.00, imbalance=1.00)
[kernel] acc -> FLAT (nnz=1500000, avg_nnz=20.00, imbalance=1.00)
[kernel] acc -> FLAT (nnz=1500000, avg_nnz=20.00, imbalance=1.00)
RESULT comm=rcm_nccl kernel=acc matrix=weak_P4.mtx P=4 rank=0 nrows_local=75000 ncols_global=300000 nnz_local=1500000 n_ghost=213331 compute_avg_ms=0.068506 compute_min_ms=0.066560 compute_max_ms=0.071680 compute_var_ms=0.000002331 compute_gflops=43.792040 eff_bw_gbs=200.847636 pct_peak_bw=21.5243 comm_avg_ms=0.299858 comm_min_ms=0.209688 comm_max_ms=2.738553 comm_var_ms=0.205105773 total_avg_ms=0.368364 total_min_ms=0.277972 total_max_ms=2.807161 total_var_ms=0.205131781 effective_gflops=8.144129
RESULT comm=rcm_nccl kernel=acc matrix=weak_P4.mtx P=4 rank=1 nrows_local=75000 ncols_global=300000 nnz_local=1500000 n_ghost=218264 compute_avg_ms=0.069564 compute_min_ms=0.068608 compute_max_ms=0.072704 compute_var_ms=0.000001813 compute_gflops=43.125919 eff_bw_gbs=198.076197 pct_peak_bw=21.2273 comm_avg_ms=0.320141 comm_min_ms=0.218270 comm_max_ms=2.758929 comm_var_ms=0.205188560 total_avg_ms=0.389705 total_min_ms=0.287902 total_max_ms=2.828561 total_var_ms=0.205214358 effective_gflops=7.698131
RESULT comm=rcm_nccl kernel=acc matrix=weak_P4.mtx P=4 rank=2 nrows_local=75000 ncols_global=300000 nnz_local=1500000 n_ghost=221182 compute_avg_ms=0.067789 compute_min_ms=0.066560 compute_max_ms=0.071680 compute_var_ms=0.000002265 compute_gflops=44.255098 eff_bw_gbs=203.434666 pct_peak_bw=21.8016 comm_avg_ms=0.378625 comm_min_ms=0.274782 comm_max_ms=2.821226 comm_var_ms=0.205786259 total_avg_ms=0.446413 total_min_ms=0.342366 total_max_ms=2.887786 total_var_ms=0.205587714 effective_gflops=6.720229
RESULT comm=rcm_nccl kernel=acc matrix=weak_P4.mtx P=4 rank=3 nrows_local=75000 ncols_global=300000 nnz_local=1500000 n_ghost=223086 compute_avg_ms=0.063863 compute_min_ms=0.062464 compute_max_ms=0.067584 compute_var_ms=0.000001642 compute_gflops=46.975214 eff_bw_gbs=216.057926 pct_peak_bw=23.1544 comm_avg_ms=0.354993 comm_min_ms=0.255191 comm_max_ms=2.797330 comm_var_ms=0.205755420 total_avg_ms=0.418856 total_min_ms=0.318679 total_max_ms=2.860818 total_var_ms=0.205704598 effective_gflops=7.162366
[ERROR CHECKING] OK!

--- P=4 rep=1/3 driver=spmv_rcm_nccl_cusparse matrix=matrices_synthetic/weak_P4.mtx ---
Loaded matrices_synthetic/weak_P4.mtx: 300000 x 300000, 6000000 nnz
RESULT comm=rcm_nccl kernel=cusparse matrix=weak_P4.mtx P=4 rank=0 nrows_local=75000 ncols_global=300000 nnz_local=1500000 n_ghost=213331 compute_avg_ms=0.081715 compute_min_ms=0.080896 compute_max_ms=0.082944 compute_var_ms=0.000000377 compute_gflops=36.712877 eff_bw_gbs=168.308079 pct_peak_bw=18.0371 comm_avg_ms=0.266208 comm_min_ms=0.200774 comm_max_ms=1.800772 comm_var_ms=0.081271260 total_avg_ms=0.347924 total_min_ms=0.282694 total_max_ms=1.881668 total_var_ms=0.081184609 effective_gflops=8.622584
RESULT comm=rcm_nccl kernel=cusparse matrix=weak_P4.mtx P=4 rank=1 nrows_local=75000 ncols_global=300000 nnz_local=1500000 n_ghost=218264 compute_avg_ms=0.082773 compute_min_ms=0.081920 compute_max_ms=0.083968 compute_var_ms=0.000000216 compute_gflops=36.243557 eff_bw_gbs=166.394897 pct_peak_bw=17.8321 comm_avg_ms=0.313517 comm_min_ms=0.249687 comm_max_ms=1.833817 comm_var_ms=0.079740709 total_avg_ms=0.396291 total_min_ms=0.332631 total_max_ms=1.915737 total_var_ms=0.079653829 effective_gflops=7.570199
RESULT comm=rcm_nccl kernel=cusparse matrix=weak_P4.mtx P=4 rank=2 nrows_local=75000 ncols_global=300000 nnz_local=1500000 n_ghost=221182 compute_avg_ms=0.080384 compute_min_ms=0.079872 compute_max_ms=0.081920 compute_var_ms=0.000000332 compute_gflops=37.320861 eff_bw_gbs=171.486023 pct_peak_bw=18.3777 comm_avg_ms=0.357757 comm_min_ms=0.291750 comm_max_ms=1.881177 comm_var_ms=0.080081196 total_avg_ms=0.438141 total_min_ms=0.371622 total_max_ms=1.961049 total_var_ms=0.080028736 effective_gflops=6.847109
RESULT comm=rcm_nccl kernel=cusparse matrix=weak_P4.mtx P=4 rank=3 nrows_local=75000 ncols_global=300000 nnz_local=1500000 n_ghost=223086 compute_avg_ms=0.077141 compute_min_ms=0.076800 compute_max_ms=0.077824 compute_var_ms=0.000000233 compute_gflops=38.889656 eff_bw_gbs=178.793225 pct_peak_bw=19.1608 comm_avg_ms=0.339778 comm_min_ms=0.261874 comm_max_ms=1.862586 comm_var_ms=0.080019943 total_avg_ms=0.416919 total_min_ms=0.338674 total_max_ms=1.940410 total_var_ms=0.080093150 effective_gflops=7.195639
[ERROR CHECKING] OK!

--- P=4 rep=1/3 driver=spmv_fennel_nccl_acc matrix=matrices_synthetic/weak_P4.mtx ---
Loaded matrices_synthetic/weak_P4.mtx: 300000 x 300000, 6000000 nnz
[kernel] acc -> FLAT (nnz=1500060, avg_nnz=20.00, imbalance=1.00)
[kernel] acc -> FLAT (nnz=1500080, avg_nnz=20.00, imbalance=1.00)
[kernel] acc -> FLAT (nnz=1499940, avg_nnz=20.00, imbalance=1.00)
[kernel] acc -> FLAT (nnz=1499920, avg_nnz=20.00, imbalance=1.00)
RESULT comm=fennel_nccl kernel=acc matrix=weak_P4.mtx P=4 rank=0 nrows_local=74996 ncols_global=300000 nnz_local=1499920 n_ghost=222627 compute_avg_ms=0.069939 compute_min_ms=0.068608 compute_max_ms=0.073728 compute_var_ms=0.000002317 compute_gflops=42.892111 eff_bw_gbs=197.252524 pct_peak_bw=21.1390 comm_avg_ms=0.236248 comm_min_ms=0.227871 comm_max_ms=0.246704 comm_var_ms=0.000018740 total_avg_ms=0.306187 total_min_ms=0.297503 total_max_ms=0.317450 total_var_ms=0.000022446 effective_gflops=9.797404
RESULT comm=fennel_nccl kernel=acc matrix=weak_P4.mtx P=4 rank=1 nrows_local=75003 ncols_global=300000 nnz_local=1500060 n_ghost=222656 compute_avg_ms=0.070383 compute_min_ms=0.068608 compute_max_ms=0.073728 compute_var_ms=0.000002162 compute_gflops=42.625674 eff_bw_gbs=196.027688 pct_peak_bw=21.0078 comm_avg_ms=0.245116 comm_min_ms=0.235147 comm_max_ms=0.261723 comm_var_ms=0.000023982 total_avg_ms=0.315499 total_min_ms=0.304779 total_max_ms=0.331355 total_var_ms=0.000029268 effective_gflops=9.509142
RESULT comm=fennel_nccl kernel=acc matrix=weak_P4.mtx P=4 rank=2 nrows_local=75004 ncols_global=300000 nnz_local=1500080 n_ghost=222602 compute_avg_ms=0.068710 compute_min_ms=0.066560 compute_max_ms=0.072704 compute_var_ms=0.000002192 compute_gflops=43.663841 eff_bw_gbs=200.798712 pct_peak_bw=21.5191 comm_avg_ms=0.287021 comm_min_ms=0.276760 comm_max_ms=0.307231 comm_var_ms=0.000034856 total_avg_ms=0.355731 total_min_ms=0.345368 total_max_ms=0.375839 total_var_ms=0.000042203 effective_gflops=8.433788
RESULT comm=fennel_nccl kernel=acc matrix=weak_P4.mtx P=4 rank=3 nrows_local=74997 ncols_global=300000 nnz_local=1499940 n_ghost=222602 compute_avg_ms=0.070178 compute_min_ms=0.068608 compute_max_ms=0.073728 compute_var_ms=0.000002079 compute_gflops=42.746648 eff_bw_gbs=196.581970 pct_peak_bw=21.0672 comm_avg_ms=0.274801 comm_min_ms=0.261689 comm_max_ms=0.286244 comm_var_ms=0.000019023 total_avg_ms=0.344980 total_min_ms=0.331321 total_max_ms=0.354852 total_var_ms=0.000023180 effective_gflops=8.695818
[ERROR CHECKING] OK!

--- P=4 rep=1/3 driver=spmv_fennel_nccl_cusparse matrix=matrices_synthetic/weak_P4.mtx ---
Loaded matrices_synthetic/weak_P4.mtx: 300000 x 300000, 6000000 nnz
RESULT comm=fennel_nccl kernel=cusparse matrix=weak_P4.mtx P=4 rank=1 nrows_local=75003 ncols_global=300000 nnz_local=1500060 n_ghost=222656 compute_avg_ms=0.083866 compute_min_ms=0.082944 compute_max_ms=0.084992 compute_var_ms=0.000000234 compute_gflops=35.772952 eff_bw_gbs=164.443398 pct_peak_bw=17.6230 comm_avg_ms=0.244002 comm_min_ms=0.232981 comm_max_ms=0.250588 comm_var_ms=0.000015675 total_avg_ms=0.327867 total_min_ms=0.316949 total_max_ms=0.334556 total_var_ms=0.000016698 effective_gflops=9.150405
RESULT comm=fennel_nccl kernel=cusparse matrix=weak_P4.mtx P=4 rank=2 nrows_local=75004 ncols_global=300000 nnz_local=1500080 n_ghost=222602 compute_avg_ms=0.081715 compute_min_ms=0.080896 compute_max_ms=0.082944 compute_var_ms=0.000000308 compute_gflops=36.714835 eff_bw_gbs=168.770319 pct_peak_bw=18.0867 comm_avg_ms=0.289329 comm_min_ms=0.282344 comm_max_ms=0.305259 comm_var_ms=0.000018124 total_avg_ms=0.371044 total_min_ms=0.364082 total_max_ms=0.386155 total_var_ms=0.000018082 effective_gflops=8.085721
RESULT comm=fennel_nccl kernel=cusparse matrix=weak_P4.mtx P=4 rank=0 nrows_local=74996 ncols_global=300000 nnz_local=1499920 n_ghost=222627 compute_avg_ms=0.082705 compute_min_ms=0.081920 compute_max_ms=0.083968 compute_var_ms=0.000000257 compute_gflops=36.271539 eff_bw_gbs=166.734940 pct_peak_bw=17.8685 comm_avg_ms=0.238125 comm_min_ms=0.230618 comm_max_ms=0.254825 comm_var_ms=0.000017323 total_avg_ms=0.320830 total_min_ms=0.313562 total_max_ms=0.336745 total_var_ms=0.000016606 effective_gflops=9.350251
RESULT comm=fennel_nccl kernel=cusparse matrix=weak_P4.mtx P=4 rank=3 nrows_local=74997 ncols_global=300000 nnz_local=1499940 n_ghost=222602 compute_avg_ms=0.083695 compute_min_ms=0.082944 compute_max_ms=0.084992 compute_var_ms=0.000000275 compute_gflops=35.843031 eff_bw_gbs=164.763812 pct_peak_bw=17.6573 comm_avg_ms=0.275556 comm_min_ms=0.257092 comm_max_ms=0.282736 comm_var_ms=0.000018214 total_avg_ms=0.359251 total_min_ms=0.341060 total_max_ms=0.366704 total_var_ms=0.000018405 effective_gflops=8.350366
[ERROR CHECKING] OK!

--- P=4 rep=1/3 driver=spmv_block_nccl_acc matrix=matrices_synthetic/weak_P4.mtx ---
Loaded matrices_synthetic/weak_P4.mtx: 300000 x 300000, 6000000 nnz
[kernel] acc -> FLAT (nnz=1500000, avg_nnz=20.00, imbalance=1.00)
[kernel] acc -> FLAT (nnz=1500000, avg_nnz=20.00, imbalance=1.00)
[kernel] acc -> FLAT (nnz=1500000, avg_nnz=20.00, imbalance=1.00)
[kernel] acc -> FLAT (nnz=1500000, avg_nnz=20.00, imbalance=1.00)
RESULT comm=block_nccl kernel=acc matrix=weak_P4.mtx P=4 rank=0 nrows_local=75000 ncols_global=300000 nnz_local=1500000 n_ghost=223406 compute_avg_ms=0.069871 compute_min_ms=0.068608 compute_max_ms=0.073728 compute_var_ms=0.000002494 compute_gflops=42.936308 eff_bw_gbs=197.499691 pct_peak_bw=21.1655 comm_avg_ms=0.227573 comm_min_ms=0.220105 comm_max_ms=0.236145 comm_var_ms=0.000015804 total_avg_ms=0.297444 total_min_ms=0.288713 total_max_ms=0.308849 total_var_ms=0.000026322 effective_gflops=10.085948
RESULT comm=block_nccl kernel=acc matrix=weak_P4.mtx P=4 rank=1 nrows_local=75000 ncols_global=300000 nnz_local=1500000 n_ghost=223538 compute_avg_ms=0.070588 compute_min_ms=0.069632 compute_max_ms=0.074752 compute_var_ms=0.000001953 compute_gflops=42.500301 eff_bw_gbs=195.501613 pct_peak_bw=20.9514 comm_avg_ms=0.192740 comm_min_ms=0.178227 comm_max_ms=0.206395 comm_var_ms=0.000033129 total_avg_ms=0.263328 total_min_ms=0.247859 total_max_ms=0.280123 total_var_ms=0.000040462 effective_gflops=11.392630
RESULT comm=block_nccl kernel=acc matrix=weak_P4.mtx P=4 rank=2 nrows_local=75000 ncols_global=300000 nnz_local=1500000 n_ghost=223443 compute_avg_ms=0.068574 compute_min_ms=0.067584 compute_max_ms=0.072704 compute_var_ms=0.000001991 compute_gflops=43.748444 eff_bw_gbs=201.237534 pct_peak_bw=21.5661 comm_avg_ms=0.274125 comm_min_ms=0.262560 comm_max_ms=0.292453 comm_var_ms=0.000051506 total_avg_ms=0.342698 total_min_ms=0.330144 total_max_ms=0.360037 total_var_ms=0.000057647 effective_gflops=8.754054
RESULT comm=block_nccl kernel=acc matrix=weak_P4.mtx P=4 rank=3 nrows_local=75000 ncols_global=300000 nnz_local=1500000 n_ghost=223498 compute_avg_ms=0.070042 compute_min_ms=0.068608 compute_max_ms=0.072704 compute_var_ms=0.000001091 compute_gflops=42.831688 eff_bw_gbs=197.023708 pct_peak_bw=21.1145 comm_avg_ms=0.258256 comm_min_ms=0.252635 comm_max_ms=0.270360 comm_var_ms=0.000023333 total_avg_ms=0.328298 total_min_ms=0.321468 total_max_ms=0.339992 total_var_ms=0.000028934 effective_gflops=9.138043
[ERROR CHECKING] OK!

--- P=4 rep=1/3 driver=spmv_block_nccl_cusparse matrix=matrices_synthetic/weak_P4.mtx ---
Loaded matrices_synthetic/weak_P4.mtx: 300000 x 300000, 6000000 nnz
RESULT comm=block_nccl kernel=cusparse matrix=weak_P4.mtx P=4 rank=0 nrows_local=75000 ncols_global=300000 nnz_local=1500000 n_ghost=223406 compute_avg_ms=0.082944 compute_min_ms=0.081920 compute_max_ms=0.083968 compute_var_ms=0.000000280 compute_gflops=36.168982 eff_bw_gbs=166.300495 pct_peak_bw=17.8220 comm_avg_ms=0.226972 comm_min_ms=0.219862 comm_max_ms=0.234057 comm_var_ms=0.000008119 total_avg_ms=0.309916 total_min_ms=0.303830 total_max_ms=0.317001 total_var_ms=0.000008121 effective_gflops=9.680048
RESULT comm=block_nccl kernel=cusparse matrix=weak_P4.mtx P=4 rank=1 nrows_local=75000 ncols_global=300000 nnz_local=1500000 n_ghost=223538 compute_avg_ms=0.084446 compute_min_ms=0.082944 compute_max_ms=0.095232 compute_var_ms=0.000004246 compute_gflops=35.525718 eff_bw_gbs=163.349099 pct_peak_bw=17.5057 comm_avg_ms=0.189847 comm_min_ms=0.186573 comm_max_ms=0.194301 comm_var_ms=0.000004320 total_avg_ms=0.274292 total_min_ms=0.270541 total_max_ms=0.283736 total_var_ms=0.000007538 effective_gflops=10.937229
RESULT comm=block_nccl kernel=cusparse matrix=weak_P4.mtx P=4 rank=2 nrows_local=75000 ncols_global=300000 nnz_local=1500000 n_ghost=223443 compute_avg_ms=0.082091 compute_min_ms=0.080896 compute_max_ms=0.083968 compute_var_ms=0.000000355 compute_gflops=36.544959 eff_bw_gbs=168.030994 pct_peak_bw=18.0074 comm_avg_ms=0.279933 comm_min_ms=0.265687 comm_max_ms=0.292080 comm_var_ms=0.000035551 total_avg_ms=0.362024 total_min_ms=0.346583 total_max_ms=0.374000 total_var_ms=0.000036927 effective_gflops=8.286753
RESULT comm=block_nccl kernel=cusparse matrix=weak_P4.mtx P=4 rank=3 nrows_local=75000 ncols_global=300000 nnz_local=1500000 n_ghost=223498 compute_avg_ms=0.083729 compute_min_ms=0.082944 compute_max_ms=0.083968 compute_var_ms=0.000000188 compute_gflops=35.829852 eff_bw_gbs=164.745611 pct_peak_bw=17.6554 comm_avg_ms=0.263999 comm_min_ms=0.259092 comm_max_ms=0.268867 comm_var_ms=0.000005598 total_avg_ms=0.347728 total_min_ms=0.343060 total_max_ms=0.352835 total_var_ms=0.000005869 effective_gflops=8.627437
[ERROR CHECKING] OK!

--- P=4 rep=2/3 driver=spmv_rcm_nccl_acc matrix=matrices_synthetic/weak_P4.mtx ---
Loaded matrices_synthetic/weak_P4.mtx: 300000 x 300000, 6000000 nnz
[kernel] acc -> FLAT (nnz=1500000, avg_nnz=20.00, imbalance=1.00)
[kernel] acc -> FLAT (nnz=1500000, avg_nnz=20.00, imbalance=1.00)
[kernel] acc -> FLAT (nnz=1500000, avg_nnz=20.00, imbalance=1.00)
[kernel] acc -> FLAT (nnz=1500000, avg_nnz=20.00, imbalance=1.00)
RESULT comm=rcm_nccl kernel=acc matrix=weak_P4.mtx P=4 rank=0 nrows_local=75000 ncols_global=300000 nnz_local=1500000 n_ghost=213331 compute_avg_ms=0.068540 compute_min_ms=0.066560 compute_max_ms=0.071680 compute_var_ms=0.000001673 compute_gflops=43.770231 eff_bw_gbs=200.747613 pct_peak_bw=21.5136 comm_avg_ms=0.290281 comm_min_ms=0.203877 comm_max_ms=2.568338 comm_var_ms=0.178971902 total_avg_ms=0.358820 total_min_ms=0.272485 total_max_ms=2.636946 total_var_ms=0.178986217 effective_gflops=8.360729
RESULT comm=rcm_nccl kernel=acc matrix=weak_P4.mtx P=4 rank=1 nrows_local=75000 ncols_global=300000 nnz_local=1500000 n_ghost=218264 compute_avg_ms=0.069325 compute_min_ms=0.067584 compute_max_ms=0.072704 compute_var_ms=0.000001618 compute_gflops=43.274556 eff_bw_gbs=198.758883 pct_peak_bw=21.3005 comm_avg_ms=0.307632 comm_min_ms=0.216191 comm_max_ms=2.622988 comm_var_ms=0.184914121 total_avg_ms=0.376956 total_min_ms=0.284799 total_max_ms=2.691596 total_var_ms=0.184812265 effective_gflops=7.958481
RESULT comm=rcm_nccl kernel=acc matrix=weak_P4.mtx P=4 rank=2 nrows_local=75000 ncols_global=300000 nnz_local=1500000 n_ghost=221182 compute_avg_ms=0.067721 compute_min_ms=0.066560 compute_max_ms=0.070656 compute_var_ms=0.000001589 compute_gflops=44.299710 eff_bw_gbs=203.639741 pct_peak_bw=21.8235 comm_avg_ms=0.366743 comm_min_ms=0.274203 comm_max_ms=2.672934 comm_var_ms=0.183424629 total_avg_ms=0.434463 total_min_ms=0.341787 total_max_ms=2.740518 total_var_ms=0.183405231 effective_gflops=6.905071
RESULT comm=rcm_nccl kernel=acc matrix=weak_P4.mtx P=4 rank=3 nrows_local=75000 ncols_global=300000 nnz_local=1500000 n_ghost=223086 compute_avg_ms=0.064034 compute_min_ms=0.062464 compute_max_ms=0.067584 compute_var_ms=0.000002009 compute_gflops=46.850014 eff_bw_gbs=215.482078 pct_peak_bw=23.0926 comm_avg_ms=0.346058 comm_min_ms=0.257597 comm_max_ms=2.653640 comm_var_ms=0.183644634 total_avg_ms=0.410092 total_min_ms=0.320061 total_max_ms=2.717128 total_var_ms=0.183568239 effective_gflops=7.315438
[ERROR CHECKING] OK!

--- P=4 rep=2/3 driver=spmv_rcm_nccl_cusparse matrix=matrices_synthetic/weak_P4.mtx ---
Loaded matrices_synthetic/weak_P4.mtx: 300000 x 300000, 6000000 nnz
RESULT comm=rcm_nccl kernel=cusparse matrix=weak_P4.mtx P=4 rank=0 nrows_local=75000 ncols_global=300000 nnz_local=1500000 n_ghost=213331 compute_avg_ms=0.081681 compute_min_ms=0.080896 compute_max_ms=0.083968 compute_var_ms=0.000000397 compute_gflops=36.728219 eff_bw_gbs=168.378413 pct_peak_bw=18.0447 comm_avg_ms=0.212210 comm_min_ms=0.205417 comm_max_ms=0.222545 comm_var_ms=0.000019822 total_avg_ms=0.293891 total_min_ms=0.286313 total_max_ms=0.303441 total_var_ms=0.000019266 effective_gflops=10.207867
RESULT comm=rcm_nccl kernel=cusparse matrix=weak_P4.mtx P=4 rank=1 nrows_local=75000 ncols_global=300000 nnz_local=1500000 n_ghost=218264 compute_avg_ms=0.082671 compute_min_ms=0.081920 compute_max_ms=0.082944 compute_var_ms=0.000000205 compute_gflops=36.288450 eff_bw_gbs=166.601002 pct_peak_bw=17.8542 comm_avg_ms=0.244580 comm_min_ms=0.229631 comm_max_ms=0.261654 comm_var_ms=0.000053020 total_avg_ms=0.327251 total_min_ms=0.312575 total_max_ms=0.344598 total_var_ms=0.000052011 effective_gflops=9.167287
RESULT comm=rcm_nccl kernel=cusparse matrix=weak_P4.mtx P=4 rank=2 nrows_local=75000 ncols_global=300000 nnz_local=1500000 n_ghost=221182 compute_avg_ms=0.080213 compute_min_ms=0.078848 compute_max_ms=0.080896 compute_var_ms=0.000000373 compute_gflops=37.400267 eff_bw_gbs=171.850887 pct_peak_bw=18.4168 comm_avg_ms=0.290847 comm_min_ms=0.284600 comm_max_ms=0.301252 comm_var_ms=0.000017704 total_avg_ms=0.371060 total_min_ms=0.364659 total_max_ms=0.381124 total_var_ms=0.000018738 effective_gflops=8.084937
RESULT comm=rcm_nccl kernel=cusparse matrix=weak_P4.mtx P=4 rank=3 nrows_local=75000 ncols_global=300000 nnz_local=1500000 n_ghost=223086 compute_avg_ms=0.077346 compute_min_ms=0.076800 compute_max_ms=0.078848 compute_var_ms=0.000000331 compute_gflops=38.786684 eff_bw_gbs=178.319812 pct_peak_bw=19.1101 comm_avg_ms=0.275961 comm_min_ms=0.268128 comm_max_ms=0.285977 comm_var_ms=0.000019563 total_avg_ms=0.353307 total_min_ms=0.344928 total_max_ms=0.363049 total_var_ms=0.000020713 effective_gflops=8.491195
[ERROR CHECKING] OK!

--- P=4 rep=2/3 driver=spmv_fennel_nccl_acc matrix=matrices_synthetic/weak_P4.mtx ---
Loaded matrices_synthetic/weak_P4.mtx: 300000 x 300000, 6000000 nnz
[kernel] acc -> FLAT (nnz=1500060, avg_nnz=20.00, imbalance=1.00)
[kernel] acc -> FLAT (nnz=1500080, avg_nnz=20.00, imbalance=1.00)
[kernel] acc -> FLAT (nnz=1499940, avg_nnz=20.00, imbalance=1.00)
[kernel] acc -> FLAT (nnz=1499920, avg_nnz=20.00, imbalance=1.00)
RESULT comm=fennel_nccl kernel=acc matrix=weak_P4.mtx P=4 rank=1 nrows_local=75003 ncols_global=300000 nnz_local=1500060 n_ghost=222656 compute_avg_ms=0.070281 compute_min_ms=0.068608 compute_max_ms=0.072704 compute_var_ms=0.000001502 compute_gflops=42.687780 eff_bw_gbs=196.313304 pct_peak_bw=21.0384 comm_avg_ms=0.256904 comm_min_ms=0.244533 comm_max_ms=0.272835 comm_var_ms=0.000036761 total_avg_ms=0.327184 total_min_ms=0.313141 total_max_ms=0.343491 total_var_ms=0.000043251 effective_gflops=9.169517
RESULT comm=fennel_nccl kernel=acc matrix=weak_P4.mtx P=4 rank=0 nrows_local=74996 ncols_global=300000 nnz_local=1499920 n_ghost=222627 compute_avg_ms=0.069461 compute_min_ms=0.067584 compute_max_ms=0.072704 compute_var_ms=0.000001963 compute_gflops=43.187192 eff_bw_gbs=198.609544 pct_peak_bw=21.2845 comm_avg_ms=0.237418 comm_min_ms=0.231252 comm_max_ms=0.246102 comm_var_ms=0.000017094 total_avg_ms=0.306879 total_min_ms=0.299860 total_max_ms=0.318806 total_var_ms=0.000023526 effective_gflops=9.775316
RESULT comm=fennel_nccl kernel=acc matrix=weak_P4.mtx P=4 rank=2 nrows_local=75004 ncols_global=300000 nnz_local=1500080 n_ghost=222602 compute_avg_ms=0.068608 compute_min_ms=0.067584 compute_max_ms=0.071680 compute_var_ms=0.000002307 compute_gflops=43.729011 eff_bw_gbs=201.098412 pct_peak_bw=21.5512 comm_avg_ms=0.294379 comm_min_ms=0.284621 comm_max_ms=0.309703 comm_var_ms=0.000034771 total_avg_ms=0.362987 total_min_ms=0.353229 total_max_ms=0.378311 total_var_ms=0.000042687 effective_gflops=8.265206
RESULT comm=fennel_nccl kernel=acc matrix=weak_P4.mtx P=4 rank=3 nrows_local=74997 ncols_global=300000 nnz_local=1499940 n_ghost=222602 compute_avg_ms=0.070212 compute_min_ms=0.068608 compute_max_ms=0.073728 compute_var_ms=0.000002634 compute_gflops=42.725867 eff_bw_gbs=196.486403 pct_peak_bw=21.0569 comm_avg_ms=0.280375 comm_min_ms=0.259701 comm_max_ms=0.291254 comm_var_ms=0.000030993 total_avg_ms=0.350587 total_min_ms=0.329333 total_max_ms=0.361332 total_var_ms=0.000037844 effective_gflops=8.556728
[ERROR CHECKING] OK!

--- P=4 rep=2/3 driver=spmv_fennel_nccl_cusparse matrix=matrices_synthetic/weak_P4.mtx ---
Loaded matrices_synthetic/weak_P4.mtx: 300000 x 300000, 6000000 nnz
RESULT comm=fennel_nccl kernel=cusparse matrix=weak_P4.mtx P=4 rank=0 nrows_local=74996 ncols_global=300000 nnz_local=1499920 n_ghost=222627 compute_avg_ms=0.082910 compute_min_ms=0.081920 compute_max_ms=0.084992 compute_var_ms=0.000000523 compute_gflops=36.181943 eff_bw_gbs=166.323079 pct_peak_bw=17.8244 comm_avg_ms=0.235330 comm_min_ms=0.228744 comm_max_ms=0.247771 comm_var_ms=0.000014363 total_avg_ms=0.318240 total_min_ms=0.311688 total_max_ms=0.329691 total_var_ms=0.000013552 effective_gflops=9.426353
RESULT comm=fennel_nccl kernel=cusparse matrix=weak_P4.mtx P=4 rank=1 nrows_local=75003 ncols_global=300000 nnz_local=1500060 n_ghost=222656 compute_avg_ms=0.083900 compute_min_ms=0.082944 compute_max_ms=0.086016 compute_var_ms=0.000000624 compute_gflops=35.758398 eff_bw_gbs=164.376497 pct_peak_bw=17.6158 comm_avg_ms=0.247927 comm_min_ms=0.241609 comm_max_ms=0.254012 comm_var_ms=0.000009881 total_avg_ms=0.331827 total_min_ms=0.325577 total_max_ms=0.338046 total_var_ms=0.000010002 effective_gflops=9.041217
RESULT comm=fennel_nccl kernel=cusparse matrix=weak_P4.mtx P=4 rank=2 nrows_local=75004 ncols_global=300000 nnz_local=1500080 n_ghost=222602 compute_avg_ms=0.081852 compute_min_ms=0.080896 compute_max_ms=0.082944 compute_var_ms=0.000000485 compute_gflops=36.653592 eff_bw_gbs=168.488800 pct_peak_bw=18.0565 comm_avg_ms=0.290343 comm_min_ms=0.283440 comm_max_ms=0.297286 comm_var_ms=0.000011409 total_avg_ms=0.372195 total_min_ms=0.364336 total_max_ms=0.379206 total_var_ms=0.000012115 effective_gflops=8.060722
RESULT comm=fennel_nccl kernel=cusparse matrix=weak_P4.mtx P=4 rank=3 nrows_local=74997 ncols_global=300000 nnz_local=1499940 n_ghost=222602 compute_avg_ms=0.083319 compute_min_ms=0.081920 compute_max_ms=0.083968 compute_var_ms=0.000000313 compute_gflops=36.004552 eff_bw_gbs=165.506295 pct_peak_bw=17.7369 comm_avg_ms=0.275653 comm_min_ms=0.265295 comm_max_ms=0.288651 comm_var_ms=0.000017697 total_avg_ms=0.358972 total_min_ms=0.349263 total_max_ms=0.371595 total_var_ms=0.000017972 effective_gflops=8.356863
[ERROR CHECKING] OK!

--- P=4 rep=2/3 driver=spmv_block_nccl_acc matrix=matrices_synthetic/weak_P4.mtx ---
Loaded matrices_synthetic/weak_P4.mtx: 300000 x 300000, 6000000 nnz
[kernel] acc -> FLAT (nnz=1500000, avg_nnz=20.00, imbalance=1.00)
[kernel] acc -> FLAT (nnz=1500000, avg_nnz=20.00, imbalance=1.00)
[kernel] acc -> FLAT (nnz=1500000, avg_nnz=20.00, imbalance=1.00)
[kernel] acc -> FLAT (nnz=1500000, avg_nnz=20.00, imbalance=1.00)
RESULT comm=block_nccl kernel=acc matrix=weak_P4.mtx P=4 rank=0 nrows_local=75000 ncols_global=300000 nnz_local=1500000 n_ghost=223406 compute_avg_ms=0.069120 compute_min_ms=0.068608 compute_max_ms=0.069632 compute_var_ms=0.000000262 compute_gflops=43.402777 eff_bw_gbs=199.645367 pct_peak_bw=21.3955 comm_avg_ms=0.231346 comm_min_ms=0.224779 comm_max_ms=0.241257 comm_var_ms=0.000016499 total_avg_ms=0.300466 total_min_ms=0.293387 total_max_ms=0.309865 total_var_ms=0.000016582 effective_gflops=9.984486
RESULT comm=block_nccl kernel=acc matrix=weak_P4.mtx P=4 rank=1 nrows_local=75000 ncols_global=300000 nnz_local=1500000 n_ghost=223538 compute_avg_ms=0.070724 compute_min_ms=0.068608 compute_max_ms=0.073728 compute_var_ms=0.000002652 compute_gflops=42.418254 eff_bw_gbs=195.124196 pct_peak_bw=20.9109 comm_avg_ms=0.193179 comm_min_ms=0.185922 comm_max_ms=0.233255 comm_var_ms=0.000074500 total_avg_ms=0.263904 total_min_ms=0.254530 total_max_ms=0.306983 total_var_ms=0.000094087 effective_gflops=11.367792
RESULT comm=block_nccl kernel=acc matrix=weak_P4.mtx P=4 rank=2 nrows_local=75000 ncols_global=300000 nnz_local=1500000 n_ghost=223443 compute_avg_ms=0.068779 compute_min_ms=0.067584 compute_max_ms=0.071680 compute_var_ms=0.000002103 compute_gflops=43.618176 eff_bw_gbs=200.638315 pct_peak_bw=21.5019 comm_avg_ms=0.273893 comm_min_ms=0.259678 comm_max_ms=0.298270 comm_var_ms=0.000077745 total_avg_ms=0.342672 total_min_ms=0.327262 total_max_ms=0.369950 total_var_ms=0.000092485 effective_gflops=8.754731
RESULT comm=block_nccl kernel=acc matrix=weak_P4.mtx P=4 rank=3 nrows_local=75000 ncols_global=300000 nnz_local=1500000 n_ghost=223498 compute_avg_ms=0.070281 compute_min_ms=0.068608 compute_max_ms=0.073728 compute_var_ms=0.000001642 compute_gflops=42.686072 eff_bw_gbs=196.353884 pct_peak_bw=21.0427 comm_avg_ms=0.259042 comm_min_ms=0.247555 comm_max_ms=0.275784 comm_var_ms=0.000030028 total_avg_ms=0.329323 total_min_ms=0.320259 total_max_ms=0.349512 total_var_ms=0.000036187 effective_gflops=9.109604
[ERROR CHECKING] OK!

--- P=4 rep=2/3 driver=spmv_block_nccl_cusparse matrix=matrices_synthetic/weak_P4.mtx ---
Loaded matrices_synthetic/weak_P4.mtx: 300000 x 300000, 6000000 nnz
RESULT comm=block_nccl kernel=cusparse matrix=weak_P4.mtx P=4 rank=1 nrows_local=75000 ncols_global=300000 nnz_local=1500000 n_ghost=223538 compute_avg_ms=0.084002 compute_min_ms=0.082944 compute_max_ms=0.086016 compute_var_ms=0.000000453 compute_gflops=35.713379 eff_bw_gbs=164.211975 pct_peak_bw=17.5982 comm_avg_ms=0.188741 comm_min_ms=0.184770 comm_max_ms=0.202063 comm_var_ms=0.000009940 total_avg_ms=0.272743 total_min_ms=0.268738 total_max_ms=0.286031 total_var_ms=0.000010145 effective_gflops=10.999364
RESULT comm=block_nccl kernel=cusparse matrix=weak_P4.mtx P=4 rank=0 nrows_local=75000 ncols_global=300000 nnz_local=1500000 n_ghost=223406 compute_avg_ms=0.083456 compute_min_ms=0.081920 compute_max_ms=0.090112 compute_var_ms=0.000001800 compute_gflops=35.947087 eff_bw_gbs=165.280247 pct_peak_bw=17.7126 comm_avg_ms=0.226129 comm_min_ms=0.220301 comm_max_ms=0.235101 comm_var_ms=0.000011380 total_avg_ms=0.309585 total_min_ms=0.303245 total_max_ms=0.321210 total_var_ms=0.000015544 effective_gflops=9.690378
RESULT comm=block_nccl kernel=cusparse matrix=weak_P4.mtx P=4 rank=2 nrows_local=75000 ncols_global=300000 nnz_local=1500000 n_ghost=223443 compute_avg_ms=0.081715 compute_min_ms=0.080896 compute_max_ms=0.082944 compute_var_ms=0.000000377 compute_gflops=36.712877 eff_bw_gbs=168.803067 pct_peak_bw=18.0902 comm_avg_ms=0.282466 comm_min_ms=0.271071 comm_max_ms=0.295063 comm_var_ms=0.000031723 total_avg_ms=0.364182 total_min_ms=0.352991 total_max_ms=0.376983 total_var_ms=0.000030455 effective_gflops=8.237649
RESULT comm=block_nccl kernel=cusparse matrix=weak_P4.mtx P=4 rank=3 nrows_local=75000 ncols_global=300000 nnz_local=1500000 n_ghost=223498 compute_avg_ms=0.083934 compute_min_ms=0.082944 compute_max_ms=0.084992 compute_var_ms=0.000000244 compute_gflops=35.742426 eff_bw_gbs=164.343629 pct_peak_bw=17.6123 comm_avg_ms=0.263216 comm_min_ms=0.255173 comm_max_ms=0.271511 comm_var_ms=0.000009268 total_avg_ms=0.347150 total_min_ms=0.339141 total_max_ms=0.355479 total_var_ms=0.000010130 effective_gflops=8.641799
[ERROR CHECKING] OK!

--- P=4 rep=3/3 driver=spmv_rcm_nccl_acc matrix=matrices_synthetic/weak_P4.mtx ---
Loaded matrices_synthetic/weak_P4.mtx: 300000 x 300000, 6000000 nnz
[kernel] acc -> FLAT (nnz=1500000, avg_nnz=20.00, imbalance=1.00)
[kernel] acc -> FLAT (nnz=1500000, avg_nnz=20.00, imbalance=1.00)
[kernel] acc -> FLAT (nnz=1500000, avg_nnz=20.00, imbalance=1.00)
[kernel] acc -> FLAT (nnz=1500000, avg_nnz=20.00, imbalance=1.00)
RESULT comm=rcm_nccl kernel=acc matrix=weak_P4.mtx P=4 rank=0 nrows_local=75000 ncols_global=300000 nnz_local=1500000 n_ghost=213331 compute_avg_ms=0.068164 compute_min_ms=0.067584 compute_max_ms=0.068608 compute_var_ms=0.000000257 compute_gflops=44.011329 eff_bw_gbs=201.853383 pct_peak_bw=21.6321 comm_avg_ms=0.301890 comm_min_ms=0.204052 comm_max_ms=2.634887 comm_var_ms=0.191292348 total_avg_ms=0.370055 total_min_ms=0.272660 total_max_ms=2.702471 total_var_ms=0.191185755 effective_gflops=8.106910
RESULT comm=rcm_nccl kernel=acc matrix=weak_P4.mtx P=4 rank=1 nrows_local=75000 ncols_global=300000 nnz_local=1500000 n_ghost=218264 compute_avg_ms=0.068847 compute_min_ms=0.067584 compute_max_ms=0.069632 compute_var_ms=0.000000257 compute_gflops=43.574925 eff_bw_gbs=200.138469 pct_peak_bw=21.4483 comm_avg_ms=0.335276 comm_min_ms=0.226539 comm_max_ms=2.673578 comm_var_ms=0.191882547 total_avg_ms=0.404123 total_min_ms=0.295147 total_max_ms=2.743210 total_var_ms=0.192005355 effective_gflops=7.423479
RESULT comm=rcm_nccl kernel=acc matrix=weak_P4.mtx P=4 rank=2 nrows_local=75000 ncols_global=300000 nnz_local=1500000 n_ghost=221182 compute_avg_ms=0.067038 compute_min_ms=0.065536 compute_max_ms=0.068608 compute_var_ms=0.000000401 compute_gflops=44.750827 eff_bw_gbs=205.713466 pct_peak_bw=22.0458 comm_avg_ms=0.389602 comm_min_ms=0.289551 comm_max_ms=2.722228 comm_var_ms=0.191018364 total_avg_ms=0.456639 total_min_ms=0.356111 total_max_ms=2.787764 total_var_ms=0.190766233 effective_gflops=6.569734
RESULT comm=rcm_nccl kernel=acc matrix=weak_P4.mtx P=4 rank=3 nrows_local=75000 ncols_global=300000 nnz_local=1500000 n_ghost=223086 compute_avg_ms=0.063317 compute_min_ms=0.062464 compute_max_ms=0.064512 compute_var_ms=0.000000216 compute_gflops=47.380392 eff_bw_gbs=217.921499 pct_peak_bw=23.3541 comm_avg_ms=0.364723 comm_min_ms=0.252862 comm_max_ms=2.702096 comm_var_ms=0.191799746 total_avg_ms=0.428040 total_min_ms=0.317374 total_max_ms=2.765584 total_var_ms=0.191808218 effective_gflops=7.008691
[ERROR CHECKING] OK!

--- P=4 rep=3/3 driver=spmv_rcm_nccl_cusparse matrix=matrices_synthetic/weak_P4.mtx ---
Loaded matrices_synthetic/weak_P4.mtx: 300000 x 300000, 6000000 nnz
RESULT comm=rcm_nccl kernel=cusparse matrix=weak_P4.mtx P=4 rank=0 nrows_local=75000 ncols_global=300000 nnz_local=1500000 n_ghost=213331 compute_avg_ms=0.081613 compute_min_ms=0.080896 compute_max_ms=0.082944 compute_var_ms=0.000000360 compute_gflops=36.758941 eff_bw_gbs=168.519256 pct_peak_bw=18.0598 comm_avg_ms=0.211313 comm_min_ms=0.202942 comm_max_ms=0.220251 comm_var_ms=0.000014806 total_avg_ms=0.292925 total_min_ms=0.283838 total_max_ms=0.301147 total_var_ms=0.000015122 effective_gflops=10.241513
RESULT comm=rcm_nccl kernel=cusparse matrix=weak_P4.mtx P=4 rank=1 nrows_local=75000 ncols_global=300000 nnz_local=1500000 n_ghost=218264 compute_avg_ms=0.082569 compute_min_ms=0.081920 compute_max_ms=0.083968 compute_var_ms=0.000000313 compute_gflops=36.333455 eff_bw_gbs=166.807617 pct_peak_bw=17.8763 comm_avg_ms=0.226687 comm_min_ms=0.213721 comm_max_ms=0.242995 comm_var_ms=0.000043249 total_avg_ms=0.309255 total_min_ms=0.296665 total_max_ms=0.324915 total_var_ms=0.000044158 effective_gflops=9.700720
RESULT comm=rcm_nccl kernel=cusparse matrix=weak_P4.mtx P=4 rank=2 nrows_local=75000 ncols_global=300000 nnz_local=1500000 n_ghost=221182 compute_avg_ms=0.080589 compute_min_ms=0.079872 compute_max_ms=0.082944 compute_var_ms=0.000000430 compute_gflops=37.226018 eff_bw_gbs=171.050226 pct_peak_bw=18.3310 comm_avg_ms=0.289497 comm_min_ms=0.283668 comm_max_ms=0.298197 comm_var_ms=0.000018135 total_avg_ms=0.370086 total_min_ms=0.364564 total_max_ms=0.379029 total_var_ms=0.000017446 effective_gflops=8.106220
RESULT comm=rcm_nccl kernel=cusparse matrix=weak_P4.mtx P=4 rank=3 nrows_local=75000 ncols_global=300000 nnz_local=1500000 n_ghost=223086 compute_avg_ms=0.077346 compute_min_ms=0.076800 compute_max_ms=0.078848 compute_var_ms=0.000000331 compute_gflops=38.786684 eff_bw_gbs=178.319812 pct_peak_bw=19.1101 comm_avg_ms=0.266403 comm_min_ms=0.256888 comm_max_ms=0.277967 comm_var_ms=0.000028206 total_avg_ms=0.343749 total_min_ms=0.334712 total_max_ms=0.354767 total_var_ms=0.000028470 effective_gflops=8.727307
[ERROR CHECKING] OK!

--- P=4 rep=3/3 driver=spmv_fennel_nccl_acc matrix=matrices_synthetic/weak_P4.mtx ---
Loaded matrices_synthetic/weak_P4.mtx: 300000 x 300000, 6000000 nnz
[kernel] acc -> FLAT (nnz=1500060, avg_nnz=20.00, imbalance=1.00)
[kernel] acc -> FLAT (nnz=1500080, avg_nnz=20.00, imbalance=1.00)
[kernel] acc -> FLAT (nnz=1499940, avg_nnz=20.00, imbalance=1.00)
[kernel] acc -> FLAT (nnz=1499920, avg_nnz=20.00, imbalance=1.00)
RESULT comm=fennel_nccl kernel=acc matrix=weak_P4.mtx P=4 rank=1 nrows_local=75003 ncols_global=300000 nnz_local=1500060 n_ghost=222656 compute_avg_ms=0.070349 compute_min_ms=0.068608 compute_max_ms=0.073728 compute_var_ms=0.000002108 compute_gflops=42.646356 eff_bw_gbs=196.122801 pct_peak_bw=21.0180 comm_avg_ms=0.250950 comm_min_ms=0.243468 comm_max_ms=0.258588 comm_var_ms=0.000013567 total_avg_ms=0.321299 total_min_ms=0.314124 total_max_ms=0.332316 total_var_ms=0.000021919 effective_gflops=9.337471
RESULT comm=fennel_nccl kernel=acc matrix=weak_P4.mtx P=4 rank=2 nrows_local=75004 ncols_global=300000 nnz_local=1500080 n_ghost=222602 compute_avg_ms=0.068676 compute_min_ms=0.066560 compute_max_ms=0.072704 compute_var_ms=0.000002162 compute_gflops=43.685542 eff_bw_gbs=200.898513 pct_peak_bw=21.5298 comm_avg_ms=0.294187 comm_min_ms=0.285082 comm_max_ms=0.306748 comm_var_ms=0.000023143 total_avg_ms=0.362863 total_min_ms=0.352666 total_max_ms=0.379452 total_var_ms=0.000034025 effective_gflops=8.268013
RESULT comm=fennel_nccl kernel=acc matrix=weak_P4.mtx P=4 rank=0 nrows_local=74996 ncols_global=300000 nnz_local=1499920 n_ghost=222627 compute_avg_ms=0.069530 compute_min_ms=0.068608 compute_max_ms=0.072704 compute_var_ms=0.000001842 compute_gflops=43.144789 eff_bw_gbs=198.414542 pct_peak_bw=21.2636 comm_avg_ms=0.238760 comm_min_ms=0.232987 comm_max_ms=0.244534 comm_var_ms=0.000008603 total_avg_ms=0.308290 total_min_ms=0.301595 total_max_ms=0.317185 total_var_ms=0.000014009 effective_gflops=9.730586
RESULT comm=fennel_nccl kernel=acc matrix=weak_P4.mtx P=4 rank=3 nrows_local=74997 ncols_global=300000 nnz_local=1499940 n_ghost=222602 compute_avg_ms=0.069803 compute_min_ms=0.068608 compute_max_ms=0.072704 compute_var_ms=0.000001404 compute_gflops=42.976581 eff_bw_gbs=197.639380 pct_peak_bw=21.1805 comm_avg_ms=0.276051 comm_min_ms=0.265698 comm_max_ms=0.284487 comm_var_ms=0.000019194 total_avg_ms=0.345854 total_min_ms=0.335330 total_max_ms=0.357191 total_var_ms=0.000023706 effective_gflops=8.673846
[ERROR CHECKING] OK!

--- P=4 rep=3/3 driver=spmv_fennel_nccl_cusparse matrix=matrices_synthetic/weak_P4.mtx ---
Loaded matrices_synthetic/weak_P4.mtx: 300000 x 300000, 6000000 nnz
RESULT comm=fennel_nccl kernel=cusparse matrix=weak_P4.mtx P=4 rank=0 nrows_local=74996 ncols_global=300000 nnz_local=1499920 n_ghost=222627 compute_avg_ms=0.082842 compute_min_ms=0.081920 compute_max_ms=0.083968 compute_var_ms=0.000000304 compute_gflops=36.211759 eff_bw_gbs=166.460140 pct_peak_bw=17.8391 comm_avg_ms=0.237300 comm_min_ms=0.231472 comm_max_ms=0.244137 comm_var_ms=0.000011932 total_avg_ms=0.320141 total_min_ms=0.314476 total_max_ms=0.327081 total_var_ms=0.000011503 effective_gflops=9.370359
RESULT comm=fennel_nccl kernel=cusparse matrix=weak_P4.mtx P=4 rank=1 nrows_local=75003 ncols_global=300000 nnz_local=1500060 n_ghost=222656 compute_avg_ms=0.083866 compute_min_ms=0.082944 compute_max_ms=0.087040 compute_var_ms=0.000000724 compute_gflops=35.772952 eff_bw_gbs=164.443398 pct_peak_bw=17.6230 comm_avg_ms=0.251811 comm_min_ms=0.246259 comm_max_ms=0.260432 comm_var_ms=0.000014285 total_avg_ms=0.335677 total_min_ms=0.330227 total_max_ms=0.344400 total_var_ms=0.000014550 effective_gflops=8.937524
RESULT comm=fennel_nccl kernel=cusparse matrix=weak_P4.mtx P=4 rank=2 nrows_local=75004 ncols_global=300000 nnz_local=1500080 n_ghost=222602 compute_avg_ms=0.081647 compute_min_ms=0.079872 compute_max_ms=0.081920 compute_var_ms=0.000000275 compute_gflops=36.745533 eff_bw_gbs=168.911431 pct_peak_bw=18.1018 comm_avg_ms=0.293926 comm_min_ms=0.289305 comm_max_ms=0.301178 comm_var_ms=0.000009227 total_avg_ms=0.375573 total_min_ms=0.370370 total_max_ms=0.383098 total_var_ms=0.000009935 effective_gflops=7.988223
RESULT comm=fennel_nccl kernel=cusparse matrix=weak_P4.mtx P=4 rank=3 nrows_local=74997 ncols_global=300000 nnz_local=1499940 n_ghost=222602 compute_avg_ms=0.083422 compute_min_ms=0.082944 compute_max_ms=0.083968 compute_var_ms=0.000000261 compute_gflops=35.960356 eff_bw_gbs=165.303137 pct_peak_bw=17.7151 comm_avg_ms=0.277044 comm_min_ms=0.269523 comm_max_ms=0.285556 comm_var_ms=0.000017792 total_avg_ms=0.360465 total_min_ms=0.352467 total_max_ms=0.369524 total_var_ms=0.000019257 effective_gflops=8.322241
[ERROR CHECKING] OK!

--- P=4 rep=3/3 driver=spmv_block_nccl_acc matrix=matrices_synthetic/weak_P4.mtx ---
Loaded matrices_synthetic/weak_P4.mtx: 300000 x 300000, 6000000 nnz
[kernel] acc -> FLAT (nnz=1500000, avg_nnz=20.00, imbalance=1.00)
[kernel] acc -> FLAT (nnz=1500000, avg_nnz=20.00, imbalance=1.00)
[kernel] acc -> FLAT (nnz=1500000, avg_nnz=20.00, imbalance=1.00)
[kernel] acc -> FLAT (nnz=1500000, avg_nnz=20.00, imbalance=1.00)
RESULT comm=block_nccl kernel=acc matrix=weak_P4.mtx P=4 rank=1 nrows_local=75000 ncols_global=300000 nnz_local=1500000 n_ghost=223538 compute_avg_ms=0.070417 compute_min_ms=0.068608 compute_max_ms=0.073728 compute_var_ms=0.000001586 compute_gflops=42.603307 eff_bw_gbs=195.975441 pct_peak_bw=21.0022 comm_avg_ms=0.240464 comm_min_ms=0.185172 comm_max_ms=1.664008 comm_var_ms=0.069896989 total_avg_ms=0.310881 total_min_ms=0.254804 total_max_ms=1.733640 total_var_ms=0.069827642 effective_gflops=9.650004
RESULT comm=block_nccl kernel=acc matrix=weak_P4.mtx P=4 rank=0 nrows_local=75000 ncols_global=300000 nnz_local=1500000 n_ghost=223406 compute_avg_ms=0.069734 compute_min_ms=0.068608 compute_max_ms=0.071680 compute_var_ms=0.000001213 compute_gflops=43.020374 eff_bw_gbs=197.886377 pct_peak_bw=21.2070 comm_avg_ms=0.280546 comm_min_ms=0.222519 comm_max_ms=1.700646 comm_var_ms=0.069573699 total_avg_ms=0.350280 total_min_ms=0.291236 total_max_ms=1.769254 total_var_ms=0.069468807 effective_gflops=8.564571
RESULT comm=block_nccl kernel=acc matrix=weak_P4.mtx P=4 rank=2 nrows_local=75000 ncols_global=300000 nnz_local=1500000 n_ghost=223443 compute_avg_ms=0.068915 compute_min_ms=0.067584 compute_max_ms=0.072704 compute_var_ms=0.000001828 compute_gflops=43.531760 eff_bw_gbs=200.240815 pct_peak_bw=21.4593 comm_avg_ms=0.328085 comm_min_ms=0.272553 comm_max_ms=1.759365 comm_var_ms=0.070662290 total_avg_ms=0.397000 total_min_ms=0.340137 total_max_ms=1.826949 total_var_ms=0.070536897 effective_gflops=7.556679
RESULT comm=block_nccl kernel=acc matrix=weak_P4.mtx P=4 rank=3 nrows_local=75000 ncols_global=300000 nnz_local=1500000 n_ghost=223498 compute_avg_ms=0.070349 compute_min_ms=0.068608 compute_max_ms=0.073728 compute_var_ms=0.000001758 compute_gflops=42.644650 eff_bw_gbs=196.163342 pct_peak_bw=21.0223 comm_avg_ms=0.314336 comm_min_ms=0.256019 comm_max_ms=1.741565 comm_var_ms=0.070268070 total_avg_ms=0.384685 total_min_ms=0.326675 total_max_ms=1.812221 total_var_ms=0.070304323 effective_gflops=7.798596
[ERROR CHECKING] OK!

--- P=4 rep=3/3 driver=spmv_block_nccl_cusparse matrix=matrices_synthetic/weak_P4.mtx ---
Loaded matrices_synthetic/weak_P4.mtx: 300000 x 300000, 6000000 nnz
RESULT comm=block_nccl kernel=cusparse matrix=weak_P4.mtx P=4 rank=0 nrows_local=75000 ncols_global=300000 nnz_local=1500000 n_ghost=223406 compute_avg_ms=0.082944 compute_min_ms=0.081920 compute_max_ms=0.083968 compute_var_ms=0.000000280 compute_gflops=36.168982 eff_bw_gbs=166.300495 pct_peak_bw=17.8220 comm_avg_ms=0.310179 comm_min_ms=0.221552 comm_max_ms=1.646762 comm_var_ms=0.098513099 total_avg_ms=0.393123 total_min_ms=0.304496 total_max_ms=1.729706 total_var_ms=0.098511705 effective_gflops=7.631206
RESULT comm=block_nccl kernel=cusparse matrix=weak_P4.mtx P=4 rank=1 nrows_local=75000 ncols_global=300000 nnz_local=1500000 n_ghost=223538 compute_avg_ms=0.083968 compute_min_ms=0.081920 compute_max_ms=0.084992 compute_var_ms=0.000000489 compute_gflops=35.727897 eff_bw_gbs=164.278728 pct_peak_bw=17.6053 comm_avg_ms=0.273236 comm_min_ms=0.182245 comm_max_ms=1.627111 comm_var_ms=0.100499580 total_avg_ms=0.357204 total_min_ms=0.266213 total_max_ms=1.711079 total_var_ms=0.100500097 effective_gflops=8.398560
RESULT comm=block_nccl kernel=cusparse matrix=weak_P4.mtx P=4 rank=2 nrows_local=75000 ncols_global=300000 nnz_local=1500000 n_ghost=223443 compute_avg_ms=0.082022 compute_min_ms=0.080896 compute_max_ms=0.082944 compute_var_ms=0.000000234 compute_gflops=36.575375 eff_bw_gbs=168.170845 pct_peak_bw=18.0224 comm_avg_ms=0.366019 comm_min_ms=0.266193 comm_max_ms=1.717002 comm_var_ms=0.100724517 total_avg_ms=0.448042 total_min_ms=0.348113 total_max_ms=1.798922 total_var_ms=0.100781157 effective_gflops=6.695805
RESULT comm=block_nccl kernel=cusparse matrix=weak_P4.mtx P=4 rank=3 nrows_local=75000 ncols_global=300000 nnz_local=1500000 n_ghost=223498 compute_avg_ms=0.083934 compute_min_ms=0.082944 compute_max_ms=0.087040 compute_var_ms=0.000000733 compute_gflops=35.742426 eff_bw_gbs=164.343629 pct_peak_bw=17.6123 comm_avg_ms=0.341556 comm_min_ms=0.251107 comm_max_ms=1.695628 comm_var_ms=0.101298780 total_avg_ms=0.425490 total_min_ms=0.334051 total_max_ms=1.779596 total_var_ms=0.101306212 effective_gflops=7.050696
[ERROR CHECKING] OK!

=== Job done ===
