=== D2_final weak-scaling P=4 same-job A/B check (cyclic vs RCM/Fennel/Block) ===
Node:     edu01
Date:     Fri Jul 24 11:58:58 AM CEST 2026
Matrix:   matrices_synthetic/weak_P4.mtx
Reps:     5
Drivers:  spmv_ghost_nccl_acc spmv_ghost_nccl_cusparse spmv_rcm_nccl_acc spmv_rcm_nccl_cusparse spmv_fennel_nccl_acc spmv_fennel_nccl_cusparse spmv_block_nccl_acc spmv_block_nccl_cusparse

--- rep=1/5 driver=spmv_ghost_nccl_acc matrix=matrices_synthetic/weak_P4.mtx ---
Loaded matrices_synthetic/weak_P4.mtx: 300000 x 300000, 6000000 nnz
[kernel] acc -> FLAT (nnz=1500000, avg_nnz=20.00, imbalance=1.00)
[kernel] acc -> FLAT (nnz=1500000, avg_nnz=20.00, imbalance=1.00)
[kernel] acc -> FLAT (nnz=1500000, avg_nnz=20.00, imbalance=1.00)
[kernel] acc -> FLAT (nnz=1500000, avg_nnz=20.00, imbalance=1.00)
RESULT comm=ghost_nccl kernel=acc matrix=weak_P4.mtx P=4 rank=1 nrows_local=75000 ncols_global=300000 nnz_local=1500000 n_ghost=223514 compute_avg_ms=0.070212 compute_min_ms=0.068608 compute_max_ms=0.072704 compute_var_ms=0.000000817 compute_gflops=42.727576 eff_bw_gbs=196.545709 pct_peak_bw=21.0633 comm_avg_ms=0.689901 comm_min_ms=0.239952 comm_max_ms=5.093462 comm_var_ms=1.207801613 total_avg_ms=0.760113 total_min_ms=0.309584 total_max_ms=5.164118 total_var_ms=1.207857721 effective_gflops=3.946781
RESULT comm=ghost_nccl kernel=acc matrix=weak_P4.mtx P=4 rank=2 nrows_local=75000 ncols_global=300000 nnz_local=1500000 n_ghost=223480 compute_avg_ms=0.068540 compute_min_ms=0.066560 compute_max_ms=0.072704 compute_var_ms=0.000001813 compute_gflops=43.770231 eff_bw_gbs=201.339911 pct_peak_bw=21.5771 comm_avg_ms=0.714384 comm_min_ms=0.267065 comm_max_ms=5.117285 comm_var_ms=1.202619058 total_avg_ms=0.782924 total_min_ms=0.334649 total_max_ms=5.185893 total_var_ms=1.202424050 effective_gflops=3.831790
RESULT comm=ghost_nccl kernel=acc matrix=weak_P4.mtx P=4 rank=0 nrows_local=75000 ncols_global=300000 nnz_local=1500000 n_ghost=223510 compute_avg_ms=0.069564 compute_min_ms=0.068608 compute_max_ms=0.072704 compute_var_ms=0.000001184 compute_gflops=43.125919 eff_bw_gbs=198.377849 pct_peak_bw=21.2596 comm_avg_ms=0.670100 comm_min_ms=0.224962 comm_max_ms=5.067271 comm_var_ms=1.202490294 total_avg_ms=0.739664 total_min_ms=0.294182 total_max_ms=5.136903 total_var_ms=1.202218606 effective_gflops=4.055896
RESULT comm=ghost_nccl kernel=acc matrix=weak_P4.mtx P=4 rank=3 nrows_local=75000 ncols_global=300000 nnz_local=1500000 n_ghost=223515 compute_avg_ms=0.069973 compute_min_ms=0.068608 compute_max_ms=0.073728 compute_var_ms=0.000001491 compute_gflops=42.873475 eff_bw_gbs=197.216898 pct_peak_bw=21.1352 comm_avg_ms=0.699328 comm_min_ms=0.253400 comm_max_ms=5.101425 comm_var_ms=1.200897679 total_avg_ms=0.769301 total_min_ms=0.323032 total_max_ms=5.171057 total_var_ms=1.200588105 effective_gflops=3.899644
[ERROR CHECKING] OK!

--- rep=1/5 driver=spmv_ghost_nccl_cusparse matrix=matrices_synthetic/weak_P4.mtx ---
Loaded matrices_synthetic/weak_P4.mtx: 300000 x 300000, 6000000 nnz
RESULT comm=ghost_nccl kernel=cusparse matrix=weak_P4.mtx P=4 rank=0 nrows_local=75000 ncols_global=300000 nnz_local=1500000 n_ghost=223510 compute_avg_ms=0.083217 compute_min_ms=0.081920 compute_max_ms=0.084992 compute_var_ms=0.000000415 compute_gflops=36.050298 eff_bw_gbs=165.759799 pct_peak_bw=17.7640 comm_avg_ms=0.236384 comm_min_ms=0.220837 comm_max_ms=0.358611 comm_var_ms=0.000528912 total_avg_ms=0.319601 total_min_ms=0.304805 total_max_ms=0.442579 total_var_ms=0.000536055 effective_gflops=9.386708
RESULT comm=ghost_nccl kernel=cusparse matrix=weak_P4.mtx P=4 rank=1 nrows_local=75000 ncols_global=300000 nnz_local=1500000 n_ghost=223514 compute_avg_ms=0.083729 compute_min_ms=0.082944 compute_max_ms=0.086016 compute_var_ms=0.000000397 compute_gflops=35.829852 eff_bw_gbs=164.746375 pct_peak_bw=17.6554 comm_avg_ms=0.256536 comm_min_ms=0.246028 comm_max_ms=0.385413 comm_var_ms=0.000590427 total_avg_ms=0.340265 total_min_ms=0.328972 total_max_ms=0.469381 total_var_ms=0.000592984 effective_gflops=8.816646
RESULT comm=ghost_nccl kernel=cusparse matrix=weak_P4.mtx P=4 rank=2 nrows_local=75000 ncols_global=300000 nnz_local=1500000 n_ghost=223480 compute_avg_ms=0.081920 compute_min_ms=0.080896 compute_max_ms=0.082944 compute_var_ms=0.000000210 compute_gflops=36.621095 eff_bw_gbs=168.382866 pct_peak_bw=18.0451 comm_avg_ms=0.284621 comm_min_ms=0.270046 comm_max_ms=0.425136 comm_var_ms=0.000708618 total_avg_ms=0.366541 total_min_ms=0.351966 total_max_ms=0.507056 total_var_ms=0.000709205 effective_gflops=8.184618
RESULT comm=ghost_nccl kernel=cusparse matrix=weak_P4.mtx P=4 rank=3 nrows_local=75000 ncols_global=300000 nnz_local=1500000 n_ghost=223515 compute_avg_ms=0.084105 compute_min_ms=0.082944 compute_max_ms=0.084992 compute_var_ms=0.000000261 compute_gflops=35.669897 eff_bw_gbs=164.010948 pct_peak_bw=17.5766 comm_avg_ms=0.266180 comm_min_ms=0.246326 comm_max_ms=0.394857 comm_var_ms=0.000591911 total_avg_ms=0.350285 total_min_ms=0.330294 total_max_ms=0.478825 total_var_ms=0.000589889 effective_gflops=8.564463
[ERROR CHECKING] OK!

--- rep=1/5 driver=spmv_rcm_nccl_acc matrix=matrices_synthetic/weak_P4.mtx ---
Loaded matrices_synthetic/weak_P4.mtx: 300000 x 300000, 6000000 nnz
[kernel] acc -> FLAT (nnz=1500000, avg_nnz=20.00, imbalance=1.00)
[kernel] acc -> FLAT (nnz=1500000, avg_nnz=20.00, imbalance=1.00)
[kernel] acc -> FLAT (nnz=1500000, avg_nnz=20.00, imbalance=1.00)
[kernel] acc -> FLAT (nnz=1500000, avg_nnz=20.00, imbalance=1.00)
RESULT comm=rcm_nccl kernel=acc matrix=weak_P4.mtx P=4 rank=1 nrows_local=75000 ncols_global=300000 nnz_local=1500000 n_ghost=218264 compute_avg_ms=0.069291 compute_min_ms=0.067584 compute_max_ms=0.073728 compute_var_ms=0.000002260 compute_gflops=43.295874 eff_bw_gbs=198.856793 pct_peak_bw=21.3110 comm_avg_ms=0.231438 comm_min_ms=0.220824 comm_max_ms=0.243550 comm_var_ms=0.000041335 total_avg_ms=0.300729 total_min_ms=0.289432 total_max_ms=0.315388 total_var_ms=0.000048582 effective_gflops=9.975764
RESULT comm=rcm_nccl kernel=acc matrix=weak_P4.mtx P=4 rank=2 nrows_local=75000 ncols_global=300000 nnz_local=1500000 n_ghost=221182 compute_avg_ms=0.067550 compute_min_ms=0.066560 compute_max_ms=0.071680 compute_var_ms=0.000001642 compute_gflops=44.411634 eff_bw_gbs=204.154243 pct_peak_bw=21.8787 comm_avg_ms=0.286942 comm_min_ms=0.277562 comm_max_ms=0.294964 comm_var_ms=0.000017791 total_avg_ms=0.354492 total_min_ms=0.344122 total_max_ms=0.364222 total_var_ms=0.000022963 effective_gflops=8.462821
RESULT comm=rcm_nccl kernel=acc matrix=weak_P4.mtx P=4 rank=0 nrows_local=75000 ncols_global=300000 nnz_local=1500000 n_ghost=213331 compute_avg_ms=0.068437 compute_min_ms=0.067584 compute_max_ms=0.071680 compute_var_ms=0.000001614 compute_gflops=43.835723 eff_bw_gbs=201.047983 pct_peak_bw=21.5458 comm_avg_ms=0.210835 comm_min_ms=0.201902 comm_max_ms=0.218663 comm_var_ms=0.000016745 total_avg_ms=0.279272 total_min_ms=0.269486 total_max_ms=0.289319 total_var_ms=0.000024988 effective_gflops=10.742208
RESULT comm=rcm_nccl kernel=acc matrix=weak_P4.mtx P=4 rank=3 nrows_local=75000 ncols_global=300000 nnz_local=1500000 n_ghost=223086 compute_avg_ms=0.063795 compute_min_ms=0.062464 compute_max_ms=0.066560 compute_var_ms=0.000002108 compute_gflops=47.025482 eff_bw_gbs=216.289128 pct_peak_bw=23.1791 comm_avg_ms=0.269021 comm_min_ms=0.258461 comm_max_ms=0.280822 comm_var_ms=0.000022613 total_avg_ms=0.332816 total_min_ms=0.321949 total_max_ms=0.344310 total_var_ms=0.000029276 effective_gflops=9.013994
[ERROR CHECKING] OK!

--- rep=1/5 driver=spmv_rcm_nccl_cusparse matrix=matrices_synthetic/weak_P4.mtx ---
Loaded matrices_synthetic/weak_P4.mtx: 300000 x 300000, 6000000 nnz
RESULT comm=rcm_nccl kernel=cusparse matrix=weak_P4.mtx P=4 rank=1 nrows_local=75000 ncols_global=300000 nnz_local=1500000 n_ghost=218264 compute_avg_ms=0.082330 compute_min_ms=0.081920 compute_max_ms=0.082944 compute_var_ms=0.000000252 compute_gflops=36.438900 eff_bw_gbs=167.291719 pct_peak_bw=17.9282 comm_avg_ms=0.256745 comm_min_ms=0.245427 comm_max_ms=0.271641 comm_var_ms=0.000037015 total_avg_ms=0.339075 total_min_ms=0.328371 total_max_ms=0.353561 total_var_ms=0.000035208 effective_gflops=8.847604
RESULT comm=rcm_nccl kernel=cusparse matrix=weak_P4.mtx P=4 rank=0 nrows_local=75000 ncols_global=300000 nnz_local=1500000 n_ghost=213331 compute_avg_ms=0.081818 compute_min_ms=0.080896 compute_max_ms=0.082944 compute_var_ms=0.000000444 compute_gflops=36.666928 eff_bw_gbs=168.097431 pct_peak_bw=18.0146 comm_avg_ms=0.211024 comm_min_ms=0.204742 comm_max_ms=0.221155 comm_var_ms=0.000016260 total_avg_ms=0.292841 total_min_ms=0.285944 total_max_ms=0.303075 total_var_ms=0.000016635 effective_gflops=10.244459
RESULT comm=rcm_nccl kernel=cusparse matrix=weak_P4.mtx P=4 rank=2 nrows_local=75000 ncols_global=300000 nnz_local=1500000 n_ghost=221182 compute_avg_ms=0.080316 compute_min_ms=0.078848 compute_max_ms=0.082944 compute_var_ms=0.000000607 compute_gflops=37.352583 eff_bw_gbs=171.631782 pct_peak_bw=18.3933 comm_avg_ms=0.297502 comm_min_ms=0.282567 comm_max_ms=0.309843 comm_var_ms=0.000041191 total_avg_ms=0.377817 total_min_ms=0.362439 total_max_ms=0.389715 total_var_ms=0.000039131 effective_gflops=7.940344
RESULT comm=rcm_nccl kernel=cusparse matrix=weak_P4.mtx P=4 rank=3 nrows_local=75000 ncols_global=300000 nnz_local=1500000 n_ghost=223086 compute_avg_ms=0.077244 compute_min_ms=0.075776 compute_max_ms=0.077824 compute_var_ms=0.000000327 compute_gflops=38.838102 eff_bw_gbs=178.556206 pct_peak_bw=19.1354 comm_avg_ms=0.283385 comm_min_ms=0.272292 comm_max_ms=0.298445 comm_var_ms=0.000030578 total_avg_ms=0.360629 total_min_ms=0.349092 total_max_ms=0.376269 total_var_ms=0.000032649 effective_gflops=8.318804
[ERROR CHECKING] OK!

--- rep=1/5 driver=spmv_fennel_nccl_acc matrix=matrices_synthetic/weak_P4.mtx ---
Loaded matrices_synthetic/weak_P4.mtx: 300000 x 300000, 6000000 nnz
[kernel] acc -> FLAT (nnz=1500060, avg_nnz=20.00, imbalance=1.00)
[kernel] acc -> FLAT (nnz=1499940, avg_nnz=20.00, imbalance=1.00)
[kernel] acc -> FLAT (nnz=1500080, avg_nnz=20.00, imbalance=1.00)
[kernel] acc -> FLAT (nnz=1499920, avg_nnz=20.00, imbalance=1.00)
RESULT comm=fennel_nccl kernel=acc matrix=weak_P4.mtx P=4 rank=1 nrows_local=75003 ncols_global=300000 nnz_local=1500060 n_ghost=222656 compute_avg_ms=0.070076 compute_min_ms=0.068608 compute_max_ms=0.073728 compute_var_ms=0.000002145 compute_gflops=42.812537 eff_bw_gbs=196.887040 pct_peak_bw=21.0999 comm_avg_ms=0.248253 comm_min_ms=0.238174 comm_max_ms=0.261256 comm_var_ms=0.000016420 total_avg_ms=0.318329 total_min_ms=0.306782 total_max_ms=0.330888 total_var_ms=0.000022944 effective_gflops=9.424589
RESULT comm=fennel_nccl kernel=acc matrix=weak_P4.mtx P=4 rank=0 nrows_local=74996 ncols_global=300000 nnz_local=1499920 n_ghost=222627 compute_avg_ms=0.069325 compute_min_ms=0.067584 compute_max_ms=0.072704 compute_var_ms=0.000001618 compute_gflops=43.272248 eff_bw_gbs=199.000701 pct_peak_bw=21.3264 comm_avg_ms=0.234947 comm_min_ms=0.226872 comm_max_ms=0.252085 comm_var_ms=0.000019359 total_avg_ms=0.304271 total_min_ms=0.296504 total_max_ms=0.320693 total_var_ms=0.000022813 effective_gflops=9.859095
RESULT comm=fennel_nccl kernel=acc matrix=weak_P4.mtx P=4 rank=2 nrows_local=75004 ncols_global=300000 nnz_local=1500080 n_ghost=222602 compute_avg_ms=0.068710 compute_min_ms=0.067584 compute_max_ms=0.071680 compute_var_ms=0.000001492 compute_gflops=43.663841 eff_bw_gbs=200.798712 pct_peak_bw=21.5191 comm_avg_ms=0.293722 comm_min_ms=0.283076 comm_max_ms=0.302476 comm_var_ms=0.000016324 total_avg_ms=0.362432 total_min_ms=0.351684 total_max_ms=0.373132 total_var_ms=0.000020381 effective_gflops=8.277856
RESULT comm=fennel_nccl kernel=acc matrix=weak_P4.mtx P=4 rank=3 nrows_local=74997 ncols_global=300000 nnz_local=1499940 n_ghost=222602 compute_avg_ms=0.070212 compute_min_ms=0.068608 compute_max_ms=0.073728 compute_var_ms=0.000002425 compute_gflops=42.725867 eff_bw_gbs=196.486403 pct_peak_bw=21.0569 comm_avg_ms=0.277735 comm_min_ms=0.270803 comm_max_ms=0.290785 comm_var_ms=0.000019000 total_avg_ms=0.347948 total_min_ms=0.340435 total_max_ms=0.360417 total_var_ms=0.000024301 effective_gflops=8.621644
[ERROR CHECKING] OK!

--- rep=1/5 driver=spmv_fennel_nccl_cusparse matrix=matrices_synthetic/weak_P4.mtx ---
Loaded matrices_synthetic/weak_P4.mtx: 300000 x 300000, 6000000 nnz
RESULT comm=fennel_nccl kernel=cusparse matrix=weak_P4.mtx P=4 rank=1 nrows_local=75003 ncols_global=300000 nnz_local=1500060 n_ghost=222656 compute_avg_ms=0.083422 compute_min_ms=0.082944 compute_max_ms=0.086016 compute_var_ms=0.000000471 compute_gflops=35.963233 eff_bw_gbs=165.318097 pct_peak_bw=17.7167 comm_avg_ms=0.245508 comm_min_ms=0.238807 comm_max_ms=0.254445 comm_var_ms=0.000014772 total_avg_ms=0.328930 total_min_ms=0.322775 total_max_ms=0.337389 total_var_ms=0.000015137 effective_gflops=9.120851
RESULT comm=fennel_nccl kernel=cusparse matrix=weak_P4.mtx P=4 rank=2 nrows_local=75004 ncols_global=300000 nnz_local=1500080 n_ghost=222602 compute_avg_ms=0.081510 compute_min_ms=0.080896 compute_max_ms=0.082944 compute_var_ms=0.000000322 compute_gflops=36.807083 eff_bw_gbs=169.194365 pct_peak_bw=18.1321 comm_avg_ms=0.289062 comm_min_ms=0.283083 comm_max_ms=0.296057 comm_var_ms=0.000010805 total_avg_ms=0.370572 total_min_ms=0.363979 total_max_ms=0.377977 total_var_ms=0.000011248 effective_gflops=8.096016
RESULT comm=fennel_nccl kernel=cusparse matrix=weak_P4.mtx P=4 rank=0 nrows_local=74996 ncols_global=300000 nnz_local=1499920 n_ghost=222627 compute_avg_ms=0.082705 compute_min_ms=0.081920 compute_max_ms=0.083968 compute_var_ms=0.000000257 compute_gflops=36.271539 eff_bw_gbs=166.734940 pct_peak_bw=17.8685 comm_avg_ms=0.235941 comm_min_ms=0.229639 comm_max_ms=0.241158 comm_var_ms=0.000007870 total_avg_ms=0.318646 total_min_ms=0.313607 total_max_ms=0.324102 total_var_ms=0.000007533 effective_gflops=9.414332
RESULT comm=fennel_nccl kernel=cusparse matrix=weak_P4.mtx P=4 rank=3 nrows_local=74997 ncols_global=300000 nnz_local=1499940 n_ghost=222602 compute_avg_ms=0.083695 compute_min_ms=0.082944 compute_max_ms=0.084992 compute_var_ms=0.000000345 compute_gflops=35.843031 eff_bw_gbs=164.763812 pct_peak_bw=17.6573 comm_avg_ms=0.276575 comm_min_ms=0.266553 comm_max_ms=0.287359 comm_var_ms=0.000012868 total_avg_ms=0.360270 total_min_ms=0.351545 total_max_ms=0.370303 total_var_ms=0.000011858 effective_gflops=8.326751
[ERROR CHECKING] OK!

--- rep=1/5 driver=spmv_block_nccl_acc matrix=matrices_synthetic/weak_P4.mtx ---
Loaded matrices_synthetic/weak_P4.mtx: 300000 x 300000, 6000000 nnz
[kernel] acc -> FLAT (nnz=1500000, avg_nnz=20.00, imbalance=1.00)
[kernel] acc -> FLAT (nnz=1500000, avg_nnz=20.00, imbalance=1.00)
[kernel] acc -> FLAT (nnz=1500000, avg_nnz=20.00, imbalance=1.00)
[kernel] acc -> FLAT (nnz=1500000, avg_nnz=20.00, imbalance=1.00)
RESULT comm=block_nccl kernel=acc matrix=weak_P4.mtx P=4 rank=0 nrows_local=75000 ncols_global=300000 nnz_local=1500000 n_ghost=223406 compute_avg_ms=0.069598 compute_min_ms=0.068608 compute_max_ms=0.072704 compute_var_ms=0.000001572 compute_gflops=43.104769 eff_bw_gbs=198.274580 pct_peak_bw=21.2486 comm_avg_ms=0.383224 comm_min_ms=0.220485 comm_max_ms=2.668722 comm_var_ms=0.340857866 total_avg_ms=0.452822 total_min_ms=0.289093 total_max_ms=2.738354 total_var_ms=0.340719601 effective_gflops=6.625120
RESULT comm=block_nccl kernel=acc matrix=weak_P4.mtx P=4 rank=1 nrows_local=75000 ncols_global=300000 nnz_local=1500000 n_ghost=223538 compute_avg_ms=0.070417 compute_min_ms=0.068608 compute_max_ms=0.073728 compute_var_ms=0.000001935 compute_gflops=42.603307 eff_bw_gbs=195.975441 pct_peak_bw=21.0022 comm_avg_ms=0.348248 comm_min_ms=0.186200 comm_max_ms=2.641436 comm_var_ms=0.341431833 total_avg_ms=0.418665 total_min_ms=0.255832 total_max_ms=2.711068 total_var_ms=0.341501824 effective_gflops=7.165630
RESULT comm=block_nccl kernel=acc matrix=weak_P4.mtx P=4 rank=2 nrows_local=75000 ncols_global=300000 nnz_local=1500000 n_ghost=223443 compute_avg_ms=0.068642 compute_min_ms=0.067584 compute_max_ms=0.071680 compute_var_ms=0.000001502 compute_gflops=43.704935 eff_bw_gbs=201.037397 pct_peak_bw=21.5446 comm_avg_ms=0.440550 comm_min_ms=0.274608 comm_max_ms=2.734964 comm_var_ms=0.342243256 total_avg_ms=0.509192 total_min_ms=0.342192 total_max_ms=2.802548 total_var_ms=0.342070156 effective_gflops=5.891684
RESULT comm=block_nccl kernel=acc matrix=weak_P4.mtx P=4 rank=3 nrows_local=75000 ncols_global=300000 nnz_local=1500000 n_ghost=223498 compute_avg_ms=0.070110 compute_min_ms=0.068608 compute_max_ms=0.073728 compute_var_ms=0.000001939 compute_gflops=42.789982 eff_bw_gbs=196.831864 pct_peak_bw=21.0939 comm_avg_ms=0.413207 comm_min_ms=0.250938 comm_max_ms=2.715398 comm_var_ms=0.342268740 total_avg_ms=0.483317 total_min_ms=0.319820 total_max_ms=2.785030 total_var_ms=0.342126130 effective_gflops=6.207112
[ERROR CHECKING] OK!

--- rep=1/5 driver=spmv_block_nccl_cusparse matrix=matrices_synthetic/weak_P4.mtx ---
Loaded matrices_synthetic/weak_P4.mtx: 300000 x 300000, 6000000 nnz
RESULT comm=block_nccl kernel=cusparse matrix=weak_P4.mtx P=4 rank=1 nrows_local=75000 ncols_global=300000 nnz_local=1500000 n_ghost=223538 compute_avg_ms=0.083763 compute_min_ms=0.082944 compute_max_ms=0.084992 compute_var_ms=0.000000377 compute_gflops=35.815251 eff_bw_gbs=164.680388 pct_peak_bw=17.6484 comm_avg_ms=0.268532 comm_min_ms=0.186446 comm_max_ms=2.494372 comm_var_ms=0.170858845 total_avg_ms=0.352295 total_min_ms=0.269390 total_max_ms=2.578340 total_var_ms=0.170890946 effective_gflops=8.515579
RESULT comm=block_nccl kernel=cusparse matrix=weak_P4.mtx P=4 rank=2 nrows_local=75000 ncols_global=300000 nnz_local=1500000 n_ghost=223443 compute_avg_ms=0.081818 compute_min_ms=0.080896 compute_max_ms=0.082944 compute_var_ms=0.000000374 compute_gflops=36.666928 eff_bw_gbs=168.591799 pct_peak_bw=18.0675 comm_avg_ms=0.351702 comm_min_ms=0.258713 comm_max_ms=2.582454 comm_var_ms=0.171641761 total_avg_ms=0.433519 total_min_ms=0.340633 total_max_ms=2.665398 total_var_ms=0.171815014 effective_gflops=6.920104
RESULT comm=block_nccl kernel=cusparse matrix=weak_P4.mtx P=4 rank=3 nrows_local=75000 ncols_global=300000 nnz_local=1500000 n_ghost=223498 compute_avg_ms=0.083968 compute_min_ms=0.082944 compute_max_ms=0.086016 compute_var_ms=0.000000350 compute_gflops=35.727897 eff_bw_gbs=164.276822 pct_peak_bw=17.6051 comm_avg_ms=0.332959 comm_min_ms=0.250130 comm_max_ms=2.557132 comm_var_ms=0.170598976 total_avg_ms=0.416927 total_min_ms=0.334098 total_max_ms=2.640076 total_var_ms=0.170441908 effective_gflops=7.195506
RESULT comm=block_nccl kernel=cusparse matrix=weak_P4.mtx P=4 rank=0 nrows_local=75000 ncols_global=300000 nnz_local=1500000 n_ghost=223406 compute_avg_ms=0.082944 compute_min_ms=0.081920 compute_max_ms=0.083968 compute_var_ms=0.000000350 compute_gflops=36.168982 eff_bw_gbs=166.300495 pct_peak_bw=17.8220 comm_avg_ms=0.304342 comm_min_ms=0.221908 comm_max_ms=2.526405 comm_var_ms=0.170273496 total_avg_ms=0.387286 total_min_ms=0.304852 total_max_ms=2.610373 total_var_ms=0.170429642 effective_gflops=7.746206
[ERROR CHECKING] OK!

--- rep=2/5 driver=spmv_ghost_nccl_acc matrix=matrices_synthetic/weak_P4.mtx ---
Loaded matrices_synthetic/weak_P4.mtx: 300000 x 300000, 6000000 nnz
[kernel] acc -> FLAT (nnz=1500000, avg_nnz=20.00, imbalance=1.00)
[kernel] acc -> FLAT (nnz=1500000, avg_nnz=20.00, imbalance=1.00)
[kernel] acc -> FLAT (nnz=1500000, avg_nnz=20.00, imbalance=1.00)
[kernel] acc -> FLAT (nnz=1500000, avg_nnz=20.00, imbalance=1.00)
RESULT comm=ghost_nccl kernel=acc matrix=weak_P4.mtx P=4 rank=0 nrows_local=75000 ncols_global=300000 nnz_local=1500000 n_ghost=223510 compute_avg_ms=0.069086 compute_min_ms=0.067584 compute_max_ms=0.069632 compute_var_ms=0.000000331 compute_gflops=43.424221 eff_bw_gbs=199.750028 pct_peak_bw=21.4067 comm_avg_ms=0.318156 comm_min_ms=0.220784 comm_max_ms=2.894684 comm_var_ms=0.228928006 total_avg_ms=0.387242 total_min_ms=0.290416 total_max_ms=2.964316 total_var_ms=0.229025497 effective_gflops=7.747102
RESULT comm=ghost_nccl kernel=acc matrix=weak_P4.mtx P=4 rank=1 nrows_local=75000 ncols_global=300000 nnz_local=1500000 n_ghost=223514 compute_avg_ms=0.070349 compute_min_ms=0.069632 compute_max_ms=0.073728 compute_var_ms=0.000001339 compute_gflops=42.644650 eff_bw_gbs=196.164252 pct_peak_bw=21.0224 comm_avg_ms=0.345683 comm_min_ms=0.250256 comm_max_ms=2.916476 comm_var_ms=0.227915989 total_avg_ms=0.416031 total_min_ms=0.319888 total_max_ms=2.986108 total_var_ms=0.227794824 effective_gflops=7.210994
RESULT comm=ghost_nccl kernel=acc matrix=weak_P4.mtx P=4 rank=2 nrows_local=75000 ncols_global=300000 nnz_local=1500000 n_ghost=223480 compute_avg_ms=0.068335 compute_min_ms=0.067584 compute_max_ms=0.071680 compute_var_ms=0.000000904 compute_gflops=43.901411 eff_bw_gbs=201.943328 pct_peak_bw=21.6417 comm_avg_ms=0.362840 comm_min_ms=0.266048 comm_max_ms=2.936773 comm_var_ms=0.228469812 total_avg_ms=0.431175 total_min_ms=0.333632 total_max_ms=3.004357 total_var_ms=0.228341714 effective_gflops=6.957736
RESULT comm=ghost_nccl kernel=acc matrix=weak_P4.mtx P=4 rank=3 nrows_local=75000 ncols_global=300000 nnz_local=1500000 n_ghost=223515 compute_avg_ms=0.069666 compute_min_ms=0.068608 compute_max_ms=0.070656 compute_var_ms=0.000000313 compute_gflops=43.062530 eff_bw_gbs=198.086546 pct_peak_bw=21.2284 comm_avg_ms=0.350991 comm_min_ms=0.255823 comm_max_ms=2.916212 comm_var_ms=0.226920745 total_avg_ms=0.420657 total_min_ms=0.325455 total_max_ms=2.984820 total_var_ms=0.226733413 effective_gflops=7.131694
[ERROR CHECKING] OK!

--- rep=2/5 driver=spmv_ghost_nccl_cusparse matrix=matrices_synthetic/weak_P4.mtx ---
Loaded matrices_synthetic/weak_P4.mtx: 300000 x 300000, 6000000 nnz
RESULT comm=ghost_nccl kernel=cusparse matrix=weak_P4.mtx P=4 rank=0 nrows_local=75000 ncols_global=300000 nnz_local=1500000 n_ghost=223510 compute_avg_ms=0.083319 compute_min_ms=0.082944 compute_max_ms=0.083968 compute_var_ms=0.000000244 compute_gflops=36.005992 eff_bw_gbs=165.556080 pct_peak_bw=17.7422 comm_avg_ms=0.375830 comm_min_ms=0.227875 comm_max_ms=2.685511 comm_var_ms=0.266320415 total_avg_ms=0.459149 total_min_ms=0.310819 total_max_ms=2.768455 total_var_ms=0.266215171 effective_gflops=6.533822
RESULT comm=ghost_nccl kernel=cusparse matrix=weak_P4.mtx P=4 rank=1 nrows_local=75000 ncols_global=300000 nnz_local=1500000 n_ghost=223514 compute_avg_ms=0.083934 compute_min_ms=0.082944 compute_max_ms=0.086016 compute_var_ms=0.000000663 compute_gflops=35.742426 eff_bw_gbs=164.344391 pct_peak_bw=17.6124 comm_avg_ms=0.404651 comm_min_ms=0.253008 comm_max_ms=2.718348 comm_var_ms=0.267975367 total_avg_ms=0.488585 total_min_ms=0.336750 total_max_ms=2.801292 total_var_ms=0.267805184 effective_gflops=6.140179
RESULT comm=ghost_nccl kernel=cusparse matrix=weak_P4.mtx P=4 rank=2 nrows_local=75000 ncols_global=300000 nnz_local=1500000 n_ghost=223480 compute_avg_ms=0.081920 compute_min_ms=0.080896 compute_max_ms=0.082944 compute_var_ms=0.000000350 compute_gflops=36.621095 eff_bw_gbs=168.382866 pct_peak_bw=18.0451 comm_avg_ms=0.420214 comm_min_ms=0.268389 comm_max_ms=2.729968 comm_var_ms=0.266424465 total_avg_ms=0.502134 total_min_ms=0.350309 total_max_ms=2.811888 total_var_ms=0.266423489 effective_gflops=5.974500
RESULT comm=ghost_nccl kernel=cusparse matrix=weak_P4.mtx P=4 rank=3 nrows_local=75000 ncols_global=300000 nnz_local=1500000 n_ghost=223515 compute_avg_ms=0.083558 compute_min_ms=0.082944 compute_max_ms=0.084992 compute_var_ms=0.000000322 compute_gflops=35.903034 eff_bw_gbs=165.082915 pct_peak_bw=17.6915 comm_avg_ms=0.409528 comm_min_ms=0.260173 comm_max_ms=2.724774 comm_var_ms=0.267445745 total_avg_ms=0.493086 total_min_ms=0.343117 total_max_ms=2.807718 total_var_ms=0.267275613 effective_gflops=6.084125
[ERROR CHECKING] OK!

--- rep=2/5 driver=spmv_rcm_nccl_acc matrix=matrices_synthetic/weak_P4.mtx ---
Loaded matrices_synthetic/weak_P4.mtx: 300000 x 300000, 6000000 nnz
[kernel] acc -> FLAT (nnz=1500000, avg_nnz=20.00, imbalance=1.00)
[kernel] acc -> FLAT (nnz=1500000, avg_nnz=20.00, imbalance=1.00)
[kernel] acc -> FLAT (nnz=1500000, avg_nnz=20.00, imbalance=1.00)
[kernel] acc -> FLAT (nnz=1500000, avg_nnz=20.00, imbalance=1.00)
RESULT comm=rcm_nccl kernel=acc matrix=weak_P4.mtx P=4 rank=0 nrows_local=75000 ncols_global=300000 nnz_local=1500000 n_ghost=213331 compute_avg_ms=0.068335 compute_min_ms=0.066560 compute_max_ms=0.071680 compute_var_ms=0.000001883 compute_gflops=43.901411 eff_bw_gbs=201.349254 pct_peak_bw=21.5781 comm_avg_ms=0.212683 comm_min_ms=0.206206 comm_max_ms=0.224068 comm_var_ms=0.000015153 total_avg_ms=0.281018 total_min_ms=0.272766 total_max_ms=0.293700 total_var_ms=0.000023084 effective_gflops=10.675466
RESULT comm=rcm_nccl kernel=acc matrix=weak_P4.mtx P=4 rank=1 nrows_local=75000 ncols_global=300000 nnz_local=1500000 n_ghost=218264 compute_avg_ms=0.068676 compute_min_ms=0.067584 compute_max_ms=0.069632 compute_var_ms=0.000000275 compute_gflops=43.683213 eff_bw_gbs=200.635831 pct_peak_bw=21.5016 comm_avg_ms=0.240867 comm_min_ms=0.221750 comm_max_ms=0.254965 comm_var_ms=0.000072348 total_avg_ms=0.309544 total_min_ms=0.290358 total_max_ms=0.323573 total_var_ms=0.000075225 effective_gflops=9.691691
RESULT comm=rcm_nccl kernel=acc matrix=weak_P4.mtx P=4 rank=2 nrows_local=75000 ncols_global=300000 nnz_local=1500000 n_ghost=221182 compute_avg_ms=0.067516 compute_min_ms=0.065536 compute_max_ms=0.071680 compute_var_ms=0.000002162 compute_gflops=44.434087 eff_bw_gbs=204.257456 pct_peak_bw=21.8897 comm_avg_ms=0.289974 comm_min_ms=0.280060 comm_max_ms=0.302218 comm_var_ms=0.000028365 total_avg_ms=0.357490 total_min_ms=0.347644 total_max_ms=0.373898 total_var_ms=0.000038644 effective_gflops=8.391841
RESULT comm=rcm_nccl kernel=acc matrix=weak_P4.mtx P=4 rank=3 nrows_local=75000 ncols_global=300000 nnz_local=1500000 n_ghost=223086 compute_avg_ms=0.063932 compute_min_ms=0.062464 compute_max_ms=0.067584 compute_var_ms=0.000001865 compute_gflops=46.925054 eff_bw_gbs=215.827218 pct_peak_bw=23.1296 comm_avg_ms=0.273802 comm_min_ms=0.260431 comm_max_ms=0.284414 comm_var_ms=0.000030293 total_avg_ms=0.337734 total_min_ms=0.322895 total_max_ms=0.351998 total_var_ms=0.000038542 effective_gflops=8.882726
[ERROR CHECKING] OK!

--- rep=2/5 driver=spmv_rcm_nccl_cusparse matrix=matrices_synthetic/weak_P4.mtx ---
Loaded matrices_synthetic/weak_P4.mtx: 300000 x 300000, 6000000 nnz
RESULT comm=rcm_nccl kernel=cusparse matrix=weak_P4.mtx P=4 rank=1 nrows_local=75000 ncols_global=300000 nnz_local=1500000 n_ghost=218264 compute_avg_ms=0.082534 compute_min_ms=0.081920 compute_max_ms=0.084992 compute_var_ms=0.000000461 compute_gflops=36.348481 eff_bw_gbs=166.876603 pct_peak_bw=17.8837 comm_avg_ms=0.237198 comm_min_ms=0.224748 comm_max_ms=0.251137 comm_var_ms=0.000052378 total_avg_ms=0.319732 total_min_ms=0.306668 total_max_ms=0.334081 total_var_ms=0.000054759 effective_gflops=9.382851
RESULT comm=rcm_nccl kernel=cusparse matrix=weak_P4.mtx P=4 rank=2 nrows_local=75000 ncols_global=300000 nnz_local=1500000 n_ghost=221182 compute_avg_ms=0.080179 compute_min_ms=0.078848 compute_max_ms=0.080896 compute_var_ms=0.000000360 compute_gflops=37.416189 eff_bw_gbs=171.924046 pct_peak_bw=18.4246 comm_avg_ms=0.288751 comm_min_ms=0.276796 comm_max_ms=0.304940 comm_var_ms=0.000033080 total_avg_ms=0.368930 total_min_ms=0.356668 total_max_ms=0.385468 total_var_ms=0.000034829 effective_gflops=8.131620
RESULT comm=rcm_nccl kernel=cusparse matrix=weak_P4.mtx P=4 rank=0 nrows_local=75000 ncols_global=300000 nnz_local=1500000 n_ghost=213331 compute_avg_ms=0.081783 compute_min_ms=0.080896 compute_max_ms=0.083968 compute_var_ms=0.000000611 compute_gflops=36.682232 eff_bw_gbs=168.167588 pct_peak_bw=18.0221 comm_avg_ms=0.212264 comm_min_ms=0.204504 comm_max_ms=0.219302 comm_var_ms=0.000008993 total_avg_ms=0.294047 total_min_ms=0.286424 total_max_ms=0.300198 total_var_ms=0.000008560 effective_gflops=10.202451
RESULT comm=rcm_nccl kernel=cusparse matrix=weak_P4.mtx P=4 rank=3 nrows_local=75000 ncols_global=300000 nnz_local=1500000 n_ghost=223086 compute_avg_ms=0.077312 compute_min_ms=0.076800 compute_max_ms=0.078848 compute_var_ms=0.000000332 compute_gflops=38.803808 eff_bw_gbs=178.398540 pct_peak_bw=19.1185 comm_avg_ms=0.273853 comm_min_ms=0.263443 comm_max_ms=0.281816 comm_var_ms=0.000021658 total_avg_ms=0.351165 total_min_ms=0.340243 total_max_ms=0.359640 total_var_ms=0.000023794 effective_gflops=8.543000
[ERROR CHECKING] OK!

--- rep=2/5 driver=spmv_fennel_nccl_acc matrix=matrices_synthetic/weak_P4.mtx ---
Loaded matrices_synthetic/weak_P4.mtx: 300000 x 300000, 6000000 nnz
[kernel] acc -> FLAT (nnz=1500060, avg_nnz=20.00, imbalance=1.00)
[kernel] acc -> FLAT (nnz=1500080, avg_nnz=20.00, imbalance=1.00)
[kernel] acc -> FLAT (nnz=1499940, avg_nnz=20.00, imbalance=1.00)
[kernel] acc -> FLAT (nnz=1499920, avg_nnz=20.00, imbalance=1.00)
RESULT comm=fennel_nccl kernel=acc matrix=weak_P4.mtx P=4 rank=1 nrows_local=75003 ncols_global=300000 nnz_local=1500060 n_ghost=222656 compute_avg_ms=0.069939 compute_min_ms=0.069632 compute_max_ms=0.071680 compute_var_ms=0.000000290 compute_gflops=42.896115 eff_bw_gbs=197.271398 pct_peak_bw=21.1411 comm_avg_ms=0.247437 comm_min_ms=0.240279 comm_max_ms=0.253810 comm_var_ms=0.000011841 total_avg_ms=0.317376 total_min_ms=0.309911 total_max_ms=0.324466 total_var_ms=0.000012758 effective_gflops=9.452883
RESULT comm=fennel_nccl kernel=acc matrix=weak_P4.mtx P=4 rank=2 nrows_local=75004 ncols_global=300000 nnz_local=1500080 n_ghost=222602 compute_avg_ms=0.068471 compute_min_ms=0.067584 compute_max_ms=0.071680 compute_var_ms=0.000001519 compute_gflops=43.816207 eff_bw_gbs=201.499406 pct_peak_bw=21.5942 comm_avg_ms=0.292902 comm_min_ms=0.282772 comm_max_ms=0.300449 comm_var_ms=0.000019092 total_avg_ms=0.361373 total_min_ms=0.351380 total_max_ms=0.370770 total_var_ms=0.000022581 effective_gflops=8.302113
RESULT comm=fennel_nccl kernel=acc matrix=weak_P4.mtx P=4 rank=0 nrows_local=74996 ncols_global=300000 nnz_local=1499920 n_ghost=222627 compute_avg_ms=0.069564 compute_min_ms=0.068608 compute_max_ms=0.072704 compute_var_ms=0.000001393 compute_gflops=43.123619 eff_bw_gbs=198.317185 pct_peak_bw=21.2531 comm_avg_ms=0.236083 comm_min_ms=0.231218 comm_max_ms=0.242492 comm_var_ms=0.000007641 total_avg_ms=0.305647 total_min_ms=0.299826 total_max_ms=0.312348 total_var_ms=0.000011420 effective_gflops=9.814721
RESULT comm=fennel_nccl kernel=acc matrix=weak_P4.mtx P=4 rank=3 nrows_local=74997 ncols_global=300000 nnz_local=1499940 n_ghost=222602 compute_avg_ms=0.069973 compute_min_ms=0.068608 compute_max_ms=0.073728 compute_var_ms=0.000001561 compute_gflops=42.871760 eff_bw_gbs=197.157332 pct_peak_bw=21.1288 comm_avg_ms=0.275989 comm_min_ms=0.262176 comm_max_ms=0.281996 comm_var_ms=0.000016431 total_avg_ms=0.345963 total_min_ms=0.331808 total_max_ms=0.353676 total_var_ms=0.000018917 effective_gflops=8.671106
[ERROR CHECKING] OK!

--- rep=2/5 driver=spmv_fennel_nccl_cusparse matrix=matrices_synthetic/weak_P4.mtx ---
Loaded matrices_synthetic/weak_P4.mtx: 300000 x 300000, 6000000 nnz
RESULT comm=fennel_nccl kernel=cusparse matrix=weak_P4.mtx P=4 rank=1 nrows_local=75003 ncols_global=300000 nnz_local=1500060 n_ghost=222656 compute_avg_ms=0.083422 compute_min_ms=0.082944 compute_max_ms=0.083968 compute_var_ms=0.000000261 compute_gflops=35.963233 eff_bw_gbs=165.318097 pct_peak_bw=17.7167 comm_avg_ms=0.246044 comm_min_ms=0.241468 comm_max_ms=0.254426 comm_var_ms=0.000009871 total_avg_ms=0.329466 total_min_ms=0.325436 total_max_ms=0.337370 total_var_ms=0.000009800 effective_gflops=9.106008
RESULT comm=fennel_nccl kernel=cusparse matrix=weak_P4.mtx P=4 rank=2 nrows_local=75004 ncols_global=300000 nnz_local=1500080 n_ghost=222602 compute_avg_ms=0.081886 compute_min_ms=0.080896 compute_max_ms=0.082944 compute_var_ms=0.000000244 compute_gflops=36.638314 eff_bw_gbs=168.418567 pct_peak_bw=18.0490 comm_avg_ms=0.290113 comm_min_ms=0.282848 comm_max_ms=0.300446 comm_var_ms=0.000014875 total_avg_ms=0.371998 total_min_ms=0.364768 total_max_ms=0.382366 total_var_ms=0.000014585 effective_gflops=8.064981
RESULT comm=fennel_nccl kernel=cusparse matrix=weak_P4.mtx P=4 rank=0 nrows_local=74996 ncols_global=300000 nnz_local=1499920 n_ghost=222627 compute_avg_ms=0.082910 compute_min_ms=0.081920 compute_max_ms=0.083968 compute_var_ms=0.000000244 compute_gflops=36.181943 eff_bw_gbs=166.323079 pct_peak_bw=17.8244 comm_avg_ms=0.236887 comm_min_ms=0.231490 comm_max_ms=0.246265 comm_var_ms=0.000013962 total_avg_ms=0.319797 total_min_ms=0.314434 total_max_ms=0.329628 total_var_ms=0.000014377 effective_gflops=9.380463
RESULT comm=fennel_nccl kernel=cusparse matrix=weak_P4.mtx P=4 rank=3 nrows_local=74997 ncols_global=300000 nnz_local=1499940 n_ghost=222602 compute_avg_ms=0.083490 compute_min_ms=0.082944 compute_max_ms=0.084992 compute_var_ms=0.000000331 compute_gflops=35.930953 eff_bw_gbs=165.167975 pct_peak_bw=17.7006 comm_avg_ms=0.273922 comm_min_ms=0.268931 comm_max_ms=0.285735 comm_var_ms=0.000010530 total_avg_ms=0.357412 total_min_ms=0.351875 total_max_ms=0.368679 total_var_ms=0.000010553 effective_gflops=8.393334
[ERROR CHECKING] OK!

--- rep=2/5 driver=spmv_block_nccl_acc matrix=matrices_synthetic/weak_P4.mtx ---
Loaded matrices_synthetic/weak_P4.mtx: 300000 x 300000, 6000000 nnz
[kernel] acc -> FLAT (nnz=1500000, avg_nnz=20.00, imbalance=1.00)
[kernel] acc -> FLAT (nnz=1500000, avg_nnz=20.00, imbalance=1.00)
[kernel] acc -> FLAT (nnz=1500000, avg_nnz=20.00, imbalance=1.00)
[kernel] acc -> FLAT (nnz=1500000, avg_nnz=20.00, imbalance=1.00)
RESULT comm=block_nccl kernel=acc matrix=weak_P4.mtx P=4 rank=0 nrows_local=75000 ncols_global=300000 nnz_local=1500000 n_ghost=223406 compute_avg_ms=0.069632 compute_min_ms=0.067584 compute_max_ms=0.072704 compute_var_ms=0.000001748 compute_gflops=43.083639 eff_bw_gbs=198.177386 pct_peak_bw=21.2381 comm_avg_ms=0.395248 comm_min_ms=0.219556 comm_max_ms=5.200600 comm_var_ms=0.796289613 total_avg_ms=0.464880 total_min_ms=0.289188 total_max_ms=5.270232 total_var_ms=0.796299400 effective_gflops=6.453277
RESULT comm=block_nccl kernel=acc matrix=weak_P4.mtx P=4 rank=1 nrows_local=75000 ncols_global=300000 nnz_local=1500000 n_ghost=223538 compute_avg_ms=0.070656 compute_min_ms=0.068608 compute_max_ms=0.074752 compute_var_ms=0.000002027 compute_gflops=42.459238 eff_bw_gbs=195.312722 pct_peak_bw=20.9311 comm_avg_ms=0.357046 comm_min_ms=0.186923 comm_max_ms=5.162291 comm_var_ms=0.796238984 total_avg_ms=0.427702 total_min_ms=0.256714 total_max_ms=5.231923 total_var_ms=0.795908225 effective_gflops=7.014225
RESULT comm=block_nccl kernel=acc matrix=weak_P4.mtx P=4 rank=2 nrows_local=75000 ncols_global=300000 nnz_local=1500000 n_ghost=223443 compute_avg_ms=0.068642 compute_min_ms=0.067584 compute_max_ms=0.071680 compute_var_ms=0.000001642 compute_gflops=43.704935 eff_bw_gbs=201.037397 pct_peak_bw=21.5446 comm_avg_ms=0.440198 comm_min_ms=0.260140 comm_max_ms=5.242879 comm_var_ms=0.795433184 total_avg_ms=0.508840 total_min_ms=0.328748 total_max_ms=5.310463 total_var_ms=0.795082717 effective_gflops=5.895761
RESULT comm=block_nccl kernel=acc matrix=weak_P4.mtx P=4 rank=3 nrows_local=75000 ncols_global=300000 nnz_local=1500000 n_ghost=223498 compute_avg_ms=0.070417 compute_min_ms=0.069632 compute_max_ms=0.073728 compute_var_ms=0.000001725 compute_gflops=42.603307 eff_bw_gbs=195.973169 pct_peak_bw=21.0019 comm_avg_ms=0.425119 comm_min_ms=0.251615 comm_max_ms=5.236293 comm_var_ms=0.798212550 total_avg_ms=0.495536 total_min_ms=0.321247 total_max_ms=5.305925 total_var_ms=0.797960815 effective_gflops=6.054051
[ERROR CHECKING] OK!

--- rep=2/5 driver=spmv_block_nccl_cusparse matrix=matrices_synthetic/weak_P4.mtx ---
Loaded matrices_synthetic/weak_P4.mtx: 300000 x 300000, 6000000 nnz
RESULT comm=block_nccl kernel=cusparse matrix=weak_P4.mtx P=4 rank=1 nrows_local=75000 ncols_global=300000 nnz_local=1500000 n_ghost=223538 compute_avg_ms=0.083558 compute_min_ms=0.082944 compute_max_ms=0.083968 compute_var_ms=0.000000252 compute_gflops=35.903034 eff_bw_gbs=165.084016 pct_peak_bw=17.6916 comm_avg_ms=0.191281 comm_min_ms=0.184847 comm_max_ms=0.240427 comm_var_ms=0.000088813 total_avg_ms=0.274840 total_min_ms=0.268815 total_max_ms=0.324395 total_var_ms=0.000090202 effective_gflops=10.915455
RESULT comm=block_nccl kernel=cusparse matrix=weak_P4.mtx P=4 rank=2 nrows_local=75000 ncols_global=300000 nnz_local=1500000 n_ghost=223443 compute_avg_ms=0.082125 compute_min_ms=0.080896 compute_max_ms=0.082944 compute_var_ms=0.000000377 compute_gflops=36.529770 eff_bw_gbs=167.961156 pct_peak_bw=18.0000 comm_avg_ms=0.277654 comm_min_ms=0.268555 comm_max_ms=0.294173 comm_var_ms=0.000036216 total_avg_ms=0.359779 total_min_ms=0.350641 total_max_ms=0.375069 total_var_ms=0.000035678 effective_gflops=8.338454
RESULT comm=block_nccl kernel=cusparse matrix=weak_P4.mtx P=4 rank=3 nrows_local=75000 ncols_global=300000 nnz_local=1500000 n_ghost=223498 compute_avg_ms=0.083900 compute_min_ms=0.082944 compute_max_ms=0.084992 compute_var_ms=0.000000205 compute_gflops=35.756968 eff_bw_gbs=164.410490 pct_peak_bw=17.6194 comm_avg_ms=0.262944 comm_min_ms=0.240559 comm_max_ms=0.272738 comm_var_ms=0.000029407 total_avg_ms=0.346844 total_min_ms=0.323503 total_max_ms=0.356706 total_var_ms=0.000030794 effective_gflops=8.649428
RESULT comm=block_nccl kernel=cusparse matrix=weak_P4.mtx P=4 rank=0 nrows_local=75000 ncols_global=300000 nnz_local=1500000 n_ghost=223406 compute_avg_ms=0.083115 compute_min_ms=0.081920 compute_max_ms=0.083968 compute_var_ms=0.000000216 compute_gflops=36.094713 eff_bw_gbs=165.959016 pct_peak_bw=17.7854 comm_avg_ms=0.226688 comm_min_ms=0.220988 comm_max_ms=0.238824 comm_var_ms=0.000017966 total_avg_ms=0.309803 total_min_ms=0.303932 total_max_ms=0.321768 total_var_ms=0.000017662 effective_gflops=9.683587
[ERROR CHECKING] OK!

--- rep=3/5 driver=spmv_ghost_nccl_acc matrix=matrices_synthetic/weak_P4.mtx ---
Loaded matrices_synthetic/weak_P4.mtx: 300000 x 300000, 6000000 nnz
[kernel] acc -> FLAT (nnz=1500000, avg_nnz=20.00, imbalance=1.00)
[kernel] acc -> FLAT (nnz=1500000, avg_nnz=20.00, imbalance=1.00)
[kernel] acc -> FLAT (nnz=1500000, avg_nnz=20.00, imbalance=1.00)
[kernel] acc -> FLAT (nnz=1500000, avg_nnz=20.00, imbalance=1.00)
RESULT comm=ghost_nccl kernel=acc matrix=weak_P4.mtx P=4 rank=0 nrows_local=75000 ncols_global=300000 nnz_local=1500000 n_ghost=223510 compute_avg_ms=0.069598 compute_min_ms=0.067584 compute_max_ms=0.072704 compute_var_ms=0.000002061 compute_gflops=43.104769 eff_bw_gbs=198.280557 pct_peak_bw=21.2492 comm_avg_ms=0.232439 comm_min_ms=0.223722 comm_max_ms=0.242582 comm_var_ms=0.000013453 total_avg_ms=0.302037 total_min_ms=0.292330 total_max_ms=0.315286 total_var_ms=0.000019861 effective_gflops=9.932573
RESULT comm=ghost_nccl kernel=acc matrix=weak_P4.mtx P=4 rank=1 nrows_local=75000 ncols_global=300000 nnz_local=1500000 n_ghost=223514 compute_avg_ms=0.070690 compute_min_ms=0.069632 compute_max_ms=0.073728 compute_var_ms=0.000001921 compute_gflops=42.438736 eff_bw_gbs=195.217056 pct_peak_bw=20.9209 comm_avg_ms=0.255460 comm_min_ms=0.245503 comm_max_ms=0.267238 comm_var_ms=0.000022145 total_avg_ms=0.326150 total_min_ms=0.315135 total_max_ms=0.339942 total_var_ms=0.000028675 effective_gflops=9.198213
RESULT comm=ghost_nccl kernel=acc matrix=weak_P4.mtx P=4 rank=2 nrows_local=75000 ncols_global=300000 nnz_local=1500000 n_ghost=223480 compute_avg_ms=0.068847 compute_min_ms=0.067584 compute_max_ms=0.072704 compute_var_ms=0.000002215 compute_gflops=43.574925 eff_bw_gbs=200.441518 pct_peak_bw=21.4808 comm_avg_ms=0.279399 comm_min_ms=0.273193 comm_max_ms=0.290278 comm_var_ms=0.000016200 total_avg_ms=0.348246 total_min_ms=0.340777 total_max_ms=0.362982 total_var_ms=0.000025771 effective_gflops=8.614598
RESULT comm=ghost_nccl kernel=acc matrix=weak_P4.mtx P=4 rank=3 nrows_local=75000 ncols_global=300000 nnz_local=1500000 n_ghost=223515 compute_avg_ms=0.070315 compute_min_ms=0.068608 compute_max_ms=0.073728 compute_var_ms=0.000002120 compute_gflops=42.665351 eff_bw_gbs=196.259534 pct_peak_bw=21.0326 comm_avg_ms=0.266476 comm_min_ms=0.259321 comm_max_ms=0.278292 comm_var_ms=0.000018842 total_avg_ms=0.336791 total_min_ms=0.328953 total_max_ms=0.349972 total_var_ms=0.000028583 effective_gflops=8.907601
[ERROR CHECKING] OK!

--- rep=3/5 driver=spmv_ghost_nccl_cusparse matrix=matrices_synthetic/weak_P4.mtx ---
Loaded matrices_synthetic/weak_P4.mtx: 300000 x 300000, 6000000 nnz
RESULT comm=ghost_nccl kernel=cusparse matrix=weak_P4.mtx P=4 rank=0 nrows_local=75000 ncols_global=300000 nnz_local=1500000 n_ghost=223510 compute_avg_ms=0.083422 compute_min_ms=0.082944 compute_max_ms=0.086016 compute_var_ms=0.000000471 compute_gflops=35.961795 eff_bw_gbs=165.352860 pct_peak_bw=17.7204 comm_avg_ms=0.229477 comm_min_ms=0.220662 comm_max_ms=0.238884 comm_var_ms=0.000016547 total_avg_ms=0.312899 total_min_ms=0.304630 total_max_ms=0.322852 total_var_ms=0.000017412 effective_gflops=9.587773
RESULT comm=ghost_nccl kernel=cusparse matrix=weak_P4.mtx P=4 rank=1 nrows_local=75000 ncols_global=300000 nnz_local=1500000 n_ghost=223514 compute_avg_ms=0.083900 compute_min_ms=0.082944 compute_max_ms=0.084992 compute_var_ms=0.000000275 compute_gflops=35.756968 eff_bw_gbs=164.411252 pct_peak_bw=17.6195 comm_avg_ms=0.261066 comm_min_ms=0.250118 comm_max_ms=0.331009 comm_var_ms=0.000184988 total_avg_ms=0.344965 total_min_ms=0.334086 total_max_ms=0.416001 total_var_ms=0.000190535 effective_gflops=8.696526
RESULT comm=ghost_nccl kernel=cusparse matrix=weak_P4.mtx P=4 rank=2 nrows_local=75000 ncols_global=300000 nnz_local=1500000 n_ghost=223480 compute_avg_ms=0.081988 compute_min_ms=0.080896 compute_max_ms=0.082944 compute_var_ms=0.000000415 compute_gflops=36.590602 eff_bw_gbs=168.242663 pct_peak_bw=18.0301 comm_avg_ms=0.273589 comm_min_ms=0.263206 comm_max_ms=0.283351 comm_var_ms=0.000021011 total_avg_ms=0.355577 total_min_ms=0.345126 total_max_ms=0.365271 total_var_ms=0.000021084 effective_gflops=8.436984
RESULT comm=ghost_nccl kernel=cusparse matrix=weak_P4.mtx P=4 rank=3 nrows_local=75000 ncols_global=300000 nnz_local=1500000 n_ghost=223515 compute_avg_ms=0.084002 compute_min_ms=0.082944 compute_max_ms=0.087040 compute_var_ms=0.000000453 compute_gflops=35.713379 eff_bw_gbs=164.210880 pct_peak_bw=17.5980 comm_avg_ms=0.264987 comm_min_ms=0.256015 comm_max_ms=0.294103 comm_var_ms=0.000043419 total_avg_ms=0.348989 total_min_ms=0.339983 total_max_ms=0.378071 total_var_ms=0.000041981 effective_gflops=8.596264
[ERROR CHECKING] OK!

--- rep=3/5 driver=spmv_rcm_nccl_acc matrix=matrices_synthetic/weak_P4.mtx ---
Loaded matrices_synthetic/weak_P4.mtx: 300000 x 300000, 6000000 nnz
[kernel] acc -> FLAT (nnz=1500000, avg_nnz=20.00, imbalance=1.00)
[kernel] acc -> FLAT (nnz=1500000, avg_nnz=20.00, imbalance=1.00)
[kernel] acc -> FLAT (nnz=1500000, avg_nnz=20.00, imbalance=1.00)
[kernel] acc -> FLAT (nnz=1500000, avg_nnz=20.00, imbalance=1.00)
RESULT comm=rcm_nccl kernel=acc matrix=weak_P4.mtx P=4 rank=0 nrows_local=75000 ncols_global=300000 nnz_local=1500000 n_ghost=213331 compute_avg_ms=0.068642 compute_min_ms=0.067584 compute_max_ms=0.071680 compute_var_ms=0.000001851 compute_gflops=43.704935 eff_bw_gbs=200.448138 pct_peak_bw=21.4815 comm_avg_ms=0.325612 comm_min_ms=0.203292 comm_max_ms=2.800384 comm_var_ms=0.233271407 total_avg_ms=0.394254 total_min_ms=0.270876 total_max_ms=2.867968 total_var_ms=0.233090459 effective_gflops=7.609305
RESULT comm=rcm_nccl kernel=acc matrix=weak_P4.mtx P=4 rank=1 nrows_local=75000 ncols_global=300000 nnz_local=1500000 n_ghost=218264 compute_avg_ms=0.069427 compute_min_ms=0.067584 compute_max_ms=0.073728 compute_var_ms=0.000002545 compute_gflops=43.210729 eff_bw_gbs=198.465728 pct_peak_bw=21.2690 comm_avg_ms=0.354735 comm_min_ms=0.224897 comm_max_ms=2.822032 comm_var_ms=0.231320010 total_avg_ms=0.424162 total_min_ms=0.296347 total_max_ms=2.890640 total_var_ms=0.231202262 effective_gflops=7.072770
RESULT comm=rcm_nccl kernel=acc matrix=weak_P4.mtx P=4 rank=2 nrows_local=75000 ncols_global=300000 nnz_local=1500000 n_ghost=221182 compute_avg_ms=0.067584 compute_min_ms=0.066560 compute_max_ms=0.071680 compute_var_ms=0.000001887 compute_gflops=44.389204 eff_bw_gbs=204.051135 pct_peak_bw=21.8676 comm_avg_ms=0.408064 comm_min_ms=0.281932 comm_max_ms=2.888370 comm_var_ms=0.234043863 total_avg_ms=0.475648 total_min_ms=0.349516 total_max_ms=2.955954 total_var_ms=0.234053431 effective_gflops=6.307190
RESULT comm=rcm_nccl kernel=acc matrix=weak_P4.mtx P=4 rank=3 nrows_local=75000 ncols_global=300000 nnz_local=1500000 n_ghost=223086 compute_avg_ms=0.063863 compute_min_ms=0.062464 compute_max_ms=0.067584 compute_var_ms=0.000001851 compute_gflops=46.975214 eff_bw_gbs=216.057926 pct_peak_bw=23.1544 comm_avg_ms=0.386744 comm_min_ms=0.248876 comm_max_ms=2.852509 comm_var_ms=0.231374841 total_avg_ms=0.450608 total_min_ms=0.312364 total_max_ms=2.915997 total_var_ms=0.231299979 effective_gflops=6.657675
[ERROR CHECKING] OK!

--- rep=3/5 driver=spmv_rcm_nccl_cusparse matrix=matrices_synthetic/weak_P4.mtx ---
Loaded matrices_synthetic/weak_P4.mtx: 300000 x 300000, 6000000 nnz
RESULT comm=rcm_nccl kernel=cusparse matrix=weak_P4.mtx P=4 rank=0 nrows_local=75000 ncols_global=300000 nnz_local=1500000 n_ghost=213331 compute_avg_ms=0.081613 compute_min_ms=0.080896 compute_max_ms=0.082944 compute_var_ms=0.000000290 compute_gflops=36.758941 eff_bw_gbs=168.519256 pct_peak_bw=18.0598 comm_avg_ms=0.213799 comm_min_ms=0.206258 comm_max_ms=0.222108 comm_var_ms=0.000015387 total_avg_ms=0.295412 total_min_ms=0.288178 total_max_ms=0.303004 total_var_ms=0.000013938 effective_gflops=10.155310
RESULT comm=rcm_nccl kernel=cusparse matrix=weak_P4.mtx P=4 rank=1 nrows_local=75000 ncols_global=300000 nnz_local=1500000 n_ghost=218264 compute_avg_ms=0.082295 compute_min_ms=0.080896 compute_max_ms=0.082944 compute_var_ms=0.000000313 compute_gflops=36.454014 eff_bw_gbs=167.361106 pct_peak_bw=17.9356 comm_avg_ms=0.258400 comm_min_ms=0.249383 comm_max_ms=0.266918 comm_var_ms=0.000023197 total_avg_ms=0.340695 total_min_ms=0.331303 total_max_ms=0.349062 total_var_ms=0.000024943 effective_gflops=8.805527
RESULT comm=rcm_nccl kernel=cusparse matrix=weak_P4.mtx P=4 rank=2 nrows_local=75000 ncols_global=300000 nnz_local=1500000 n_ghost=221182 compute_avg_ms=0.080418 compute_min_ms=0.079872 compute_max_ms=0.081920 compute_var_ms=0.000000331 compute_gflops=37.305020 eff_bw_gbs=171.413236 pct_peak_bw=18.3699 comm_avg_ms=0.299106 comm_min_ms=0.289582 comm_max_ms=0.307252 comm_var_ms=0.000017169 total_avg_ms=0.379524 total_min_ms=0.370478 total_max_ms=0.388148 total_var_ms=0.000017300 effective_gflops=7.904643
RESULT comm=rcm_nccl kernel=cusparse matrix=weak_P4.mtx P=4 rank=3 nrows_local=75000 ncols_global=300000 nnz_local=1500000 n_ghost=223086 compute_avg_ms=0.077107 compute_min_ms=0.076800 compute_max_ms=0.077824 compute_var_ms=0.000000220 compute_gflops=38.906872 eff_bw_gbs=178.872372 pct_peak_bw=19.1693 comm_avg_ms=0.286641 comm_min_ms=0.277751 comm_max_ms=0.296056 comm_var_ms=0.000023595 total_avg_ms=0.363748 total_min_ms=0.354551 total_max_ms=0.373880 total_var_ms=0.000023282 effective_gflops=8.247466
[ERROR CHECKING] OK!

--- rep=3/5 driver=spmv_fennel_nccl_acc matrix=matrices_synthetic/weak_P4.mtx ---
Loaded matrices_synthetic/weak_P4.mtx: 300000 x 300000, 6000000 nnz
[kernel] acc -> FLAT (nnz=1500060, avg_nnz=20.00, imbalance=1.00)
[kernel] acc -> FLAT (nnz=1500080, avg_nnz=20.00, imbalance=1.00)
[kernel] acc -> FLAT (nnz=1499940, avg_nnz=20.00, imbalance=1.00)
[kernel] acc -> FLAT (nnz=1499920, avg_nnz=20.00, imbalance=1.00)
RESULT comm=fennel_nccl kernel=acc matrix=weak_P4.mtx P=4 rank=1 nrows_local=75003 ncols_global=300000 nnz_local=1500060 n_ghost=222656 compute_avg_ms=0.070554 compute_min_ms=0.068608 compute_max_ms=0.073728 compute_var_ms=0.000002052 compute_gflops=42.522563 eff_bw_gbs=195.553504 pct_peak_bw=20.9570 comm_avg_ms=0.247461 comm_min_ms=0.237384 comm_max_ms=0.258612 comm_var_ms=0.000027005 total_avg_ms=0.318014 total_min_ms=0.307016 total_max_ms=0.332340 total_var_ms=0.000038907 effective_gflops=9.433911
RESULT comm=fennel_nccl kernel=acc matrix=weak_P4.mtx P=4 rank=2 nrows_local=75004 ncols_global=300000 nnz_local=1500080 n_ghost=222602 compute_avg_ms=0.068710 compute_min_ms=0.067584 compute_max_ms=0.072704 compute_var_ms=0.000002261 compute_gflops=43.663841 eff_bw_gbs=200.798712 pct_peak_bw=21.5191 comm_avg_ms=0.289371 comm_min_ms=0.282610 comm_max_ms=0.302226 comm_var_ms=0.000017583 total_avg_ms=0.358082 total_min_ms=0.350194 total_max_ms=0.372882 total_var_ms=0.000026185 effective_gflops=8.378424
RESULT comm=fennel_nccl kernel=acc matrix=weak_P4.mtx P=4 rank=0 nrows_local=74996 ncols_global=300000 nnz_local=1499920 n_ghost=222627 compute_avg_ms=0.069495 compute_min_ms=0.067584 compute_max_ms=0.072704 compute_var_ms=0.000001659 compute_gflops=43.165980 eff_bw_gbs=198.511996 pct_peak_bw=21.2740 comm_avg_ms=0.237258 comm_min_ms=0.229413 comm_max_ms=0.250222 comm_var_ms=0.000022130 total_avg_ms=0.306753 total_min_ms=0.298021 total_max_ms=0.321902 total_var_ms=0.000029356 effective_gflops=9.779324
RESULT comm=fennel_nccl kernel=acc matrix=weak_P4.mtx P=4 rank=3 nrows_local=74997 ncols_global=300000 nnz_local=1499940 n_ghost=222602 compute_avg_ms=0.069837 compute_min_ms=0.068608 compute_max_ms=0.072704 compute_var_ms=0.000002055 compute_gflops=42.955576 eff_bw_gbs=197.542782 pct_peak_bw=21.1701 comm_avg_ms=0.275623 comm_min_ms=0.265465 comm_max_ms=0.286419 comm_var_ms=0.000020351 total_avg_ms=0.345459 total_min_ms=0.335097 total_max_ms=0.359123 total_var_ms=0.000028105 effective_gflops=8.683743
[ERROR CHECKING] OK!

--- rep=3/5 driver=spmv_fennel_nccl_cusparse matrix=matrices_synthetic/weak_P4.mtx ---
Loaded matrices_synthetic/weak_P4.mtx: 300000 x 300000, 6000000 nnz
RESULT comm=fennel_nccl kernel=cusparse matrix=weak_P4.mtx P=4 rank=0 nrows_local=74996 ncols_global=300000 nnz_local=1499920 n_ghost=222627 compute_avg_ms=0.082944 compute_min_ms=0.081920 compute_max_ms=0.083968 compute_var_ms=0.000000350 compute_gflops=36.167053 eff_bw_gbs=166.254633 pct_peak_bw=17.8171 comm_avg_ms=0.239772 comm_min_ms=0.230751 comm_max_ms=0.253262 comm_var_ms=0.000028281 total_avg_ms=0.322716 total_min_ms=0.313695 total_max_ms=0.336206 total_var_ms=0.000029212 effective_gflops=9.295596
RESULT comm=fennel_nccl kernel=cusparse matrix=weak_P4.mtx P=4 rank=1 nrows_local=75003 ncols_global=300000 nnz_local=1500060 n_ghost=222656 compute_avg_ms=0.083524 compute_min_ms=0.082944 compute_max_ms=0.083968 compute_var_ms=0.000000257 compute_gflops=35.919143 eff_bw_gbs=165.115419 pct_peak_bw=17.6950 comm_avg_ms=0.246393 comm_min_ms=0.240156 comm_max_ms=0.262476 comm_var_ms=0.000030878 total_avg_ms=0.329917 total_min_ms=0.323610 total_max_ms=0.346444 total_var_ms=0.000031247 effective_gflops=9.093560
RESULT comm=fennel_nccl kernel=cusparse matrix=weak_P4.mtx P=4 rank=2 nrows_local=75004 ncols_global=300000 nnz_local=1500080 n_ghost=222602 compute_avg_ms=0.081749 compute_min_ms=0.080896 compute_max_ms=0.082944 compute_var_ms=0.000000355 compute_gflops=36.699505 eff_bw_gbs=168.699851 pct_peak_bw=18.0791 comm_avg_ms=0.292457 comm_min_ms=0.286299 comm_max_ms=0.304490 comm_var_ms=0.000019000 total_avg_ms=0.374206 total_min_ms=0.368219 total_max_ms=0.386410 total_var_ms=0.000019194 effective_gflops=8.017406
RESULT comm=fennel_nccl kernel=cusparse matrix=weak_P4.mtx P=4 rank=3 nrows_local=74997 ncols_global=300000 nnz_local=1499940 n_ghost=222602 compute_avg_ms=0.083319 compute_min_ms=0.082944 compute_max_ms=0.083968 compute_var_ms=0.000000244 compute_gflops=36.004552 eff_bw_gbs=165.506295 pct_peak_bw=17.7369 comm_avg_ms=0.279348 comm_min_ms=0.272791 comm_max_ms=0.293951 comm_var_ms=0.000019393 total_avg_ms=0.362667 total_min_ms=0.355735 total_max_ms=0.376895 total_var_ms=0.000019186 effective_gflops=8.271716
[ERROR CHECKING] OK!

--- rep=3/5 driver=spmv_block_nccl_acc matrix=matrices_synthetic/weak_P4.mtx ---
Loaded matrices_synthetic/weak_P4.mtx: 300000 x 300000, 6000000 nnz
[kernel] acc -> FLAT (nnz=1500000, avg_nnz=20.00, imbalance=1.00)
[kernel] acc -> FLAT (nnz=1500000, avg_nnz=20.00, imbalance=1.00)
[kernel] acc -> FLAT (nnz=1500000, avg_nnz=20.00, imbalance=1.00)
[kernel] acc -> FLAT (nnz=1500000, avg_nnz=20.00, imbalance=1.00)
RESULT comm=block_nccl kernel=acc matrix=weak_P4.mtx P=4 rank=1 nrows_local=75000 ncols_global=300000 nnz_local=1500000 n_ghost=223538 compute_avg_ms=0.070451 compute_min_ms=0.068608 compute_max_ms=0.073728 compute_var_ms=0.000001706 compute_gflops=42.582666 eff_bw_gbs=195.880492 pct_peak_bw=20.9920 comm_avg_ms=0.192606 comm_min_ms=0.183233 comm_max_ms=0.233127 comm_var_ms=0.000078262 total_avg_ms=0.263057 total_min_ms=0.251841 total_max_ms=0.303783 total_var_ms=0.000085103 effective_gflops=11.404354
RESULT comm=block_nccl kernel=acc matrix=weak_P4.mtx P=4 rank=0 nrows_local=75000 ncols_global=300000 nnz_local=1500000 n_ghost=223406 compute_avg_ms=0.069495 compute_min_ms=0.067584 compute_max_ms=0.072704 compute_var_ms=0.000001799 compute_gflops=43.168283 eff_bw_gbs=198.566733 pct_peak_bw=21.2799 comm_avg_ms=0.226276 comm_min_ms=0.219511 comm_max_ms=0.237086 comm_var_ms=0.000017174 total_avg_ms=0.295772 total_min_ms=0.289143 total_max_ms=0.305694 total_var_ms=0.000019772 effective_gflops=10.142962
RESULT comm=block_nccl kernel=acc matrix=weak_P4.mtx P=4 rank=2 nrows_local=75000 ncols_global=300000 nnz_local=1500000 n_ghost=223443 compute_avg_ms=0.068506 compute_min_ms=0.067584 compute_max_ms=0.071680 compute_var_ms=0.000001562 compute_gflops=43.792040 eff_bw_gbs=201.438070 pct_peak_bw=21.5876 comm_avg_ms=0.275072 comm_min_ms=0.266041 comm_max_ms=0.305183 comm_var_ms=0.000056113 total_avg_ms=0.343577 total_min_ms=0.334649 total_max_ms=0.372767 total_var_ms=0.000057650 effective_gflops=8.731660
RESULT comm=block_nccl kernel=acc matrix=weak_P4.mtx P=4 rank=3 nrows_local=75000 ncols_global=300000 nnz_local=1500000 n_ghost=223498 compute_avg_ms=0.069837 compute_min_ms=0.068608 compute_max_ms=0.073728 compute_var_ms=0.000001356 compute_gflops=42.957294 eff_bw_gbs=197.601490 pct_peak_bw=21.1764 comm_avg_ms=0.260666 comm_min_ms=0.254030 comm_max_ms=0.274793 comm_var_ms=0.000021821 total_avg_ms=0.330503 total_min_ms=0.322638 total_max_ms=0.344425 total_var_ms=0.000028553 effective_gflops=9.077077
[ERROR CHECKING] OK!

--- rep=3/5 driver=spmv_block_nccl_cusparse matrix=matrices_synthetic/weak_P4.mtx ---
Loaded matrices_synthetic/weak_P4.mtx: 300000 x 300000, 6000000 nnz
RESULT comm=block_nccl kernel=cusparse matrix=weak_P4.mtx P=4 rank=0 nrows_local=75000 ncols_global=300000 nnz_local=1500000 n_ghost=223406 compute_avg_ms=0.082978 compute_min_ms=0.081920 compute_max_ms=0.083968 compute_var_ms=0.000000244 compute_gflops=36.154104 eff_bw_gbs=166.232087 pct_peak_bw=17.8147 comm_avg_ms=0.295672 comm_min_ms=0.221866 comm_max_ms=2.299656 comm_var_ms=0.138488917 total_avg_ms=0.378650 total_min_ms=0.304810 total_max_ms=2.383624 total_var_ms=0.138626412 effective_gflops=7.922877
RESULT comm=block_nccl kernel=cusparse matrix=weak_P4.mtx P=4 rank=1 nrows_local=75000 ncols_global=300000 nnz_local=1500000 n_ghost=223538 compute_avg_ms=0.083797 compute_min_ms=0.082944 compute_max_ms=0.084992 compute_var_ms=0.000000216 compute_gflops=35.800663 eff_bw_gbs=164.613308 pct_peak_bw=17.6412 comm_avg_ms=0.260080 comm_min_ms=0.186548 comm_max_ms=2.265973 comm_var_ms=0.138751642 total_avg_ms=0.343877 total_min_ms=0.269492 total_max_ms=2.349941 total_var_ms=0.138775595 effective_gflops=8.724050
RESULT comm=block_nccl kernel=cusparse matrix=weak_P4.mtx P=4 rank=2 nrows_local=75000 ncols_global=300000 nnz_local=1500000 n_ghost=223443 compute_avg_ms=0.081886 compute_min_ms=0.080896 compute_max_ms=0.082944 compute_var_ms=0.000000383 compute_gflops=36.636360 eff_bw_gbs=168.451247 pct_peak_bw=18.0525 comm_avg_ms=0.348462 comm_min_ms=0.265359 comm_max_ms=2.354229 comm_var_ms=0.138761189 total_avg_ms=0.430348 total_min_ms=0.346255 total_max_ms=2.436149 total_var_ms=0.138768592 effective_gflops=6.971100
RESULT comm=block_nccl kernel=cusparse matrix=weak_P4.mtx P=4 rank=3 nrows_local=75000 ncols_global=300000 nnz_local=1500000 n_ghost=223498 compute_avg_ms=0.083934 compute_min_ms=0.082944 compute_max_ms=0.084992 compute_var_ms=0.000000383 compute_gflops=35.742426 eff_bw_gbs=164.343629 pct_peak_bw=17.6123 comm_avg_ms=0.325020 comm_min_ms=0.250307 comm_max_ms=2.337708 comm_var_ms=0.139696391 total_avg_ms=0.408954 total_min_ms=0.334275 total_max_ms=2.421676 total_var_ms=0.139702682 effective_gflops=7.335797
[ERROR CHECKING] OK!

--- rep=4/5 driver=spmv_ghost_nccl_acc matrix=matrices_synthetic/weak_P4.mtx ---
Loaded matrices_synthetic/weak_P4.mtx: 300000 x 300000, 6000000 nnz
[kernel] acc -> FLAT (nnz=1500000, avg_nnz=20.00, imbalance=1.00)
[kernel] acc -> FLAT (nnz=1500000, avg_nnz=20.00, imbalance=1.00)
[kernel] acc -> FLAT (nnz=1500000, avg_nnz=20.00, imbalance=1.00)
[kernel] acc -> FLAT (nnz=1500000, avg_nnz=20.00, imbalance=1.00)
RESULT comm=ghost_nccl kernel=acc matrix=weak_P4.mtx P=4 rank=0 nrows_local=75000 ncols_global=300000 nnz_local=1500000 n_ghost=223510 compute_avg_ms=0.069188 compute_min_ms=0.067584 compute_max_ms=0.072704 compute_var_ms=0.000000887 compute_gflops=43.359952 eff_bw_gbs=199.454394 pct_peak_bw=21.3750 comm_avg_ms=0.340707 comm_min_ms=0.222710 comm_max_ms=3.566740 comm_var_ms=0.358890469 total_avg_ms=0.409895 total_min_ms=0.291318 total_max_ms=3.636372 total_var_ms=0.358991383 effective_gflops=7.318942
RESULT comm=ghost_nccl kernel=acc matrix=weak_P4.mtx P=4 rank=1 nrows_local=75000 ncols_global=300000 nnz_local=1500000 n_ghost=223514 compute_avg_ms=0.070554 compute_min_ms=0.068608 compute_max_ms=0.074752 compute_var_ms=0.000001772 compute_gflops=42.520863 eff_bw_gbs=195.594834 pct_peak_bw=20.9614 comm_avg_ms=0.377171 comm_min_ms=0.260159 comm_max_ms=3.600084 comm_var_ms=0.358196504 total_avg_ms=0.447724 total_min_ms=0.330815 total_max_ms=3.670740 total_var_ms=0.358226181 effective_gflops=6.700550
RESULT comm=ghost_nccl kernel=acc matrix=weak_P4.mtx P=4 rank=2 nrows_local=75000 ncols_global=300000 nnz_local=1500000 n_ghost=223480 compute_avg_ms=0.068642 compute_min_ms=0.067584 compute_max_ms=0.071680 compute_var_ms=0.000001292 compute_gflops=43.704935 eff_bw_gbs=201.039553 pct_peak_bw=21.5449 comm_avg_ms=0.393536 comm_min_ms=0.272761 comm_max_ms=3.617051 comm_var_ms=0.358327341 total_avg_ms=0.462178 total_min_ms=0.340345 total_max_ms=3.685659 total_var_ms=0.358325475 effective_gflops=6.491006
RESULT comm=ghost_nccl kernel=acc matrix=weak_P4.mtx P=4 rank=3 nrows_local=75000 ncols_global=300000 nnz_local=1500000 n_ghost=223515 compute_avg_ms=0.069973 compute_min_ms=0.068608 compute_max_ms=0.073728 compute_var_ms=0.000001142 compute_gflops=42.873475 eff_bw_gbs=197.216898 pct_peak_bw=21.1352 comm_avg_ms=0.381335 comm_min_ms=0.262354 comm_max_ms=3.603858 comm_var_ms=0.358108706 total_avg_ms=0.451309 total_min_ms=0.330962 total_max_ms=3.672466 total_var_ms=0.357808615 effective_gflops=6.647336
[ERROR CHECKING] OK!

--- rep=4/5 driver=spmv_ghost_nccl_cusparse matrix=matrices_synthetic/weak_P4.mtx ---
Loaded matrices_synthetic/weak_P4.mtx: 300000 x 300000, 6000000 nnz
RESULT comm=ghost_nccl kernel=cusparse matrix=weak_P4.mtx P=4 rank=0 nrows_local=75000 ncols_global=300000 nnz_local=1500000 n_ghost=223510 compute_avg_ms=0.082944 compute_min_ms=0.081920 compute_max_ms=0.083968 compute_var_ms=0.000000210 compute_gflops=36.168982 eff_bw_gbs=166.305511 pct_peak_bw=17.8225 comm_avg_ms=0.341338 comm_min_ms=0.224903 comm_max_ms=2.466735 comm_var_ms=0.193697648 total_avg_ms=0.424282 total_min_ms=0.307847 total_max_ms=2.548655 total_var_ms=0.193619433 effective_gflops=7.070762
RESULT comm=ghost_nccl kernel=cusparse matrix=weak_P4.mtx P=4 rank=1 nrows_local=75000 ncols_global=300000 nnz_local=1500000 n_ghost=223514 compute_avg_ms=0.083934 compute_min_ms=0.082944 compute_max_ms=0.084992 compute_var_ms=0.000000174 compute_gflops=35.742426 eff_bw_gbs=164.344391 pct_peak_bw=17.6124 comm_avg_ms=0.372260 comm_min_ms=0.249032 comm_max_ms=2.522396 comm_var_ms=0.198461731 total_avg_ms=0.456194 total_min_ms=0.333000 total_max_ms=2.606364 total_var_ms=0.198469460 effective_gflops=6.576149
RESULT comm=ghost_nccl kernel=cusparse matrix=weak_P4.mtx P=4 rank=2 nrows_local=75000 ncols_global=300000 nnz_local=1500000 n_ghost=223480 compute_avg_ms=0.081715 compute_min_ms=0.080896 compute_max_ms=0.082944 compute_var_ms=0.000000238 compute_gflops=36.712877 eff_bw_gbs=168.804878 pct_peak_bw=18.0904 comm_avg_ms=0.391000 comm_min_ms=0.272136 comm_max_ms=2.536402 comm_var_ms=0.198137442 total_avg_ms=0.472716 total_min_ms=0.353032 total_max_ms=2.618322 total_var_ms=0.198183775 effective_gflops=6.346310
RESULT comm=ghost_nccl kernel=cusparse matrix=weak_P4.mtx P=4 rank=3 nrows_local=75000 ncols_global=300000 nnz_local=1500000 n_ghost=223515 compute_avg_ms=0.083558 compute_min_ms=0.082944 compute_max_ms=0.083968 compute_var_ms=0.000000252 compute_gflops=35.903034 eff_bw_gbs=165.082915 pct_peak_bw=17.6915 comm_avg_ms=0.378001 comm_min_ms=0.256038 comm_max_ms=2.526909 comm_var_ms=0.197945888 total_avg_ms=0.461559 total_min_ms=0.340006 total_max_ms=2.610877 total_var_ms=0.197962746 effective_gflops=6.499709
[ERROR CHECKING] OK!

--- rep=4/5 driver=spmv_rcm_nccl_acc matrix=matrices_synthetic/weak_P4.mtx ---
Loaded matrices_synthetic/weak_P4.mtx: 300000 x 300000, 6000000 nnz
[kernel] acc -> FLAT (nnz=1500000, avg_nnz=20.00, imbalance=1.00)
[kernel] acc -> FLAT (nnz=1500000, avg_nnz=20.00, imbalance=1.00)
[kernel] acc -> FLAT (nnz=1500000, avg_nnz=20.00, imbalance=1.00)
[kernel] acc -> FLAT (nnz=1500000, avg_nnz=20.00, imbalance=1.00)
RESULT comm=rcm_nccl kernel=acc matrix=weak_P4.mtx P=4 rank=1 nrows_local=75000 ncols_global=300000 nnz_local=1500000 n_ghost=218264 compute_avg_ms=0.069188 compute_min_ms=0.067584 compute_max_ms=0.072704 compute_var_ms=0.000001935 compute_gflops=43.359952 eff_bw_gbs=199.151105 pct_peak_bw=21.3425 comm_avg_ms=0.258816 comm_min_ms=0.249879 comm_max_ms=0.267792 comm_var_ms=0.000023341 total_avg_ms=0.328004 total_min_ms=0.318651 total_max_ms=0.340496 total_var_ms=0.000029928 effective_gflops=9.146235
RESULT comm=rcm_nccl kernel=acc matrix=weak_P4.mtx P=4 rank=2 nrows_local=75000 ncols_global=300000 nnz_local=1500000 n_ghost=221182 compute_avg_ms=0.067652 compute_min_ms=0.066560 compute_max_ms=0.071680 compute_var_ms=0.000002092 compute_gflops=44.344412 eff_bw_gbs=203.845230 pct_peak_bw=21.8456 comm_avg_ms=0.297093 comm_min_ms=0.282902 comm_max_ms=0.308657 comm_var_ms=0.000032101 total_avg_ms=0.364745 total_min_ms=0.349462 total_max_ms=0.378368 total_var_ms=0.000041177 effective_gflops=8.224918
RESULT comm=rcm_nccl kernel=acc matrix=weak_P4.mtx P=4 rank=0 nrows_local=75000 ncols_global=300000 nnz_local=1500000 n_ghost=213331 compute_avg_ms=0.068403 compute_min_ms=0.067584 compute_max_ms=0.071680 compute_var_ms=0.000001007 compute_gflops=43.857597 eff_bw_gbs=201.148306 pct_peak_bw=21.5565 comm_avg_ms=0.211980 comm_min_ms=0.201535 comm_max_ms=0.221074 comm_var_ms=0.000021313 total_avg_ms=0.280383 total_min_ms=0.269119 total_max_ms=0.292754 total_var_ms=0.000024924 effective_gflops=10.699660
RESULT comm=rcm_nccl kernel=acc matrix=weak_P4.mtx P=4 rank=3 nrows_local=75000 ncols_global=300000 nnz_local=1500000 n_ghost=223086 compute_avg_ms=0.063727 compute_min_ms=0.062464 compute_max_ms=0.067584 compute_var_ms=0.000001865 compute_gflops=47.075858 eff_bw_gbs=216.520825 pct_peak_bw=23.2040 comm_avg_ms=0.285317 comm_min_ms=0.273418 comm_max_ms=0.294015 comm_var_ms=0.000021388 total_avg_ms=0.349043 total_min_ms=0.336906 total_max_ms=0.360575 total_var_ms=0.000027039 effective_gflops=8.594917
[ERROR CHECKING] OK!

--- rep=4/5 driver=spmv_rcm_nccl_cusparse matrix=matrices_synthetic/weak_P4.mtx ---
Loaded matrices_synthetic/weak_P4.mtx: 300000 x 300000, 6000000 nnz
RESULT comm=rcm_nccl kernel=cusparse matrix=weak_P4.mtx P=4 rank=0 nrows_local=75000 ncols_global=300000 nnz_local=1500000 n_ghost=213331 compute_avg_ms=0.083251 compute_min_ms=0.080896 compute_max_ms=0.129024 compute_var_ms=0.000072572 compute_gflops=36.035518 eff_bw_gbs=165.202764 pct_peak_bw=17.7043 comm_avg_ms=0.208359 comm_min_ms=0.200822 comm_max_ms=0.225057 comm_var_ms=0.000030601 total_avg_ms=0.291610 total_min_ms=0.282742 total_max_ms=0.343196 total_var_ms=0.000121156 effective_gflops=10.287713
RESULT comm=rcm_nccl kernel=cusparse matrix=weak_P4.mtx P=4 rank=1 nrows_local=75000 ncols_global=300000 nnz_local=1500000 n_ghost=218264 compute_avg_ms=0.082466 compute_min_ms=0.081920 compute_max_ms=0.082944 compute_var_ms=0.000000261 compute_gflops=36.378571 eff_bw_gbs=167.014746 pct_peak_bw=17.8985 comm_avg_ms=0.244364 comm_min_ms=0.228710 comm_max_ms=0.270298 comm_var_ms=0.000075110 total_avg_ms=0.326830 total_min_ms=0.310630 total_max_ms=0.352218 total_var_ms=0.000075359 effective_gflops=9.179079
RESULT comm=rcm_nccl kernel=cusparse matrix=weak_P4.mtx P=4 rank=2 nrows_local=75000 ncols_global=300000 nnz_local=1500000 n_ghost=221182 compute_avg_ms=0.080384 compute_min_ms=0.079872 compute_max_ms=0.082944 compute_var_ms=0.000000472 compute_gflops=37.320861 eff_bw_gbs=171.486023 pct_peak_bw=18.3777 comm_avg_ms=0.295887 comm_min_ms=0.281936 comm_max_ms=0.310134 comm_var_ms=0.000052712 total_avg_ms=0.376271 total_min_ms=0.361808 total_max_ms=0.391030 total_var_ms=0.000054866 effective_gflops=7.972968
RESULT comm=rcm_nccl kernel=cusparse matrix=weak_P4.mtx P=4 rank=3 nrows_local=75000 ncols_global=300000 nnz_local=1500000 n_ghost=223086 compute_avg_ms=0.077210 compute_min_ms=0.076800 compute_max_ms=0.077824 compute_var_ms=0.000000252 compute_gflops=38.855271 eff_bw_gbs=178.635142 pct_peak_bw=19.1439 comm_avg_ms=0.273037 comm_min_ms=0.258493 comm_max_ms=0.295228 comm_var_ms=0.000046769 total_avg_ms=0.350247 total_min_ms=0.335293 total_max_ms=0.373052 total_var_ms=0.000049363 effective_gflops=8.565386
[ERROR CHECKING] OK!

--- rep=4/5 driver=spmv_fennel_nccl_acc matrix=matrices_synthetic/weak_P4.mtx ---
Loaded matrices_synthetic/weak_P4.mtx: 300000 x 300000, 6000000 nnz
[kernel] acc -> FLAT (nnz=1500060, avg_nnz=20.00, imbalance=1.00)
[kernel] acc -> FLAT (nnz=1500080, avg_nnz=20.00, imbalance=1.00)
[kernel] acc -> FLAT (nnz=1499940, avg_nnz=20.00, imbalance=1.00)
[kernel] acc -> FLAT (nnz=1499920, avg_nnz=20.00, imbalance=1.00)
RESULT comm=fennel_nccl kernel=acc matrix=weak_P4.mtx P=4 rank=1 nrows_local=75003 ncols_global=300000 nnz_local=1500060 n_ghost=222656 compute_avg_ms=0.070212 compute_min_ms=0.068608 compute_max_ms=0.073728 compute_var_ms=0.000001725 compute_gflops=42.729285 eff_bw_gbs=196.504178 pct_peak_bw=21.0588 comm_avg_ms=0.247485 comm_min_ms=0.240953 comm_max_ms=0.288358 comm_var_ms=0.000068444 total_avg_ms=0.317698 total_min_ms=0.311609 total_max_ms=0.356966 total_var_ms=0.000068503 effective_gflops=9.443319
RESULT comm=fennel_nccl kernel=acc matrix=weak_P4.mtx P=4 rank=2 nrows_local=75004 ncols_global=300000 nnz_local=1500080 n_ghost=222602 compute_avg_ms=0.068608 compute_min_ms=0.067584 compute_max_ms=0.072704 compute_var_ms=0.000001608 compute_gflops=43.729011 eff_bw_gbs=201.098412 pct_peak_bw=21.5512 comm_avg_ms=0.295803 comm_min_ms=0.283532 comm_max_ms=0.422062 comm_var_ms=0.000581598 total_avg_ms=0.364411 total_min_ms=0.351153 total_max_ms=0.490670 total_var_ms=0.000584816 effective_gflops=8.232905
RESULT comm=fennel_nccl kernel=acc matrix=weak_P4.mtx P=4 rank=0 nrows_local=74996 ncols_global=300000 nnz_local=1499920 n_ghost=222627 compute_avg_ms=0.069837 compute_min_ms=0.068608 compute_max_ms=0.072704 compute_var_ms=0.000001706 compute_gflops=42.955003 eff_bw_gbs=197.541751 pct_peak_bw=21.1700 comm_avg_ms=0.235621 comm_min_ms=0.229088 comm_max_ms=0.247486 comm_var_ms=0.000017941 total_avg_ms=0.305457 total_min_ms=0.297733 total_max_ms=0.319166 total_var_ms=0.000025106 effective_gflops=9.820815
RESULT comm=fennel_nccl kernel=acc matrix=weak_P4.mtx P=4 rank=3 nrows_local=74997 ncols_global=300000 nnz_local=1499940 n_ghost=222602 compute_avg_ms=0.070007 compute_min_ms=0.068608 compute_max_ms=0.072704 compute_var_ms=0.000001572 compute_gflops=42.850857 eff_bw_gbs=197.061205 pct_peak_bw=21.1185 comm_avg_ms=0.276189 comm_min_ms=0.267140 comm_max_ms=0.286025 comm_var_ms=0.000018399 total_avg_ms=0.346196 total_min_ms=0.336772 total_max_ms=0.358729 total_var_ms=0.000022743 effective_gflops=8.665253
[ERROR CHECKING] OK!

--- rep=4/5 driver=spmv_fennel_nccl_cusparse matrix=matrices_synthetic/weak_P4.mtx ---
Loaded matrices_synthetic/weak_P4.mtx: 300000 x 300000, 6000000 nnz
RESULT comm=fennel_nccl kernel=cusparse matrix=weak_P4.mtx P=4 rank=0 nrows_local=74996 ncols_global=300000 nnz_local=1499920 n_ghost=222627 compute_avg_ms=0.082910 compute_min_ms=0.081920 compute_max_ms=0.083968 compute_var_ms=0.000000313 compute_gflops=36.181943 eff_bw_gbs=166.323079 pct_peak_bw=17.8244 comm_avg_ms=0.236459 comm_min_ms=0.227123 comm_max_ms=0.260015 comm_var_ms=0.000033624 total_avg_ms=0.319369 total_min_ms=0.310067 total_max_ms=0.342959 total_var_ms=0.000034145 effective_gflops=9.393035
RESULT comm=fennel_nccl kernel=cusparse matrix=weak_P4.mtx P=4 rank=1 nrows_local=75003 ncols_global=300000 nnz_local=1500060 n_ghost=222656 compute_avg_ms=0.083729 compute_min_ms=0.082944 compute_max_ms=0.084992 compute_var_ms=0.000000397 compute_gflops=35.831285 eff_bw_gbs=164.711549 pct_peak_bw=17.6517 comm_avg_ms=0.252387 comm_min_ms=0.245567 comm_max_ms=0.267980 comm_var_ms=0.000019166 total_avg_ms=0.336116 total_min_ms=0.329535 total_max_ms=0.350924 total_var_ms=0.000018740 effective_gflops=8.925854
RESULT comm=fennel_nccl kernel=cusparse matrix=weak_P4.mtx P=4 rank=2 nrows_local=75004 ncols_global=300000 nnz_local=1500080 n_ghost=222602 compute_avg_ms=0.081613 compute_min_ms=0.080896 compute_max_ms=0.082944 compute_var_ms=0.000000290 compute_gflops=36.760901 eff_bw_gbs=168.982076 pct_peak_bw=18.1094 comm_avg_ms=0.292091 comm_min_ms=0.285596 comm_max_ms=0.299130 comm_var_ms=0.000013355 total_avg_ms=0.373704 total_min_ms=0.366968 total_max_ms=0.381050 total_var_ms=0.000014249 effective_gflops=8.028174
RESULT comm=fennel_nccl kernel=cusparse matrix=weak_P4.mtx P=4 rank=3 nrows_local=74997 ncols_global=300000 nnz_local=1499940 n_ghost=222602 compute_avg_ms=0.083729 compute_min_ms=0.082944 compute_max_ms=0.084992 compute_var_ms=0.000000327 compute_gflops=35.828419 eff_bw_gbs=164.696643 pct_peak_bw=17.6501 comm_avg_ms=0.275793 comm_min_ms=0.263136 comm_max_ms=0.297569 comm_var_ms=0.000035354 total_avg_ms=0.359522 total_min_ms=0.346080 total_max_ms=0.380513 total_var_ms=0.000034440 effective_gflops=8.344084
[ERROR CHECKING] OK!

--- rep=4/5 driver=spmv_block_nccl_acc matrix=matrices_synthetic/weak_P4.mtx ---
Loaded matrices_synthetic/weak_P4.mtx: 300000 x 300000, 6000000 nnz
[kernel] acc -> FLAT (nnz=1500000, avg_nnz=20.00, imbalance=1.00)
[kernel] acc -> FLAT (nnz=1500000, avg_nnz=20.00, imbalance=1.00)
[kernel] acc -> FLAT (nnz=1500000, avg_nnz=20.00, imbalance=1.00)
[kernel] acc -> FLAT (nnz=1500000, avg_nnz=20.00, imbalance=1.00)
RESULT comm=block_nccl kernel=acc matrix=weak_P4.mtx P=4 rank=1 nrows_local=75000 ncols_global=300000 nnz_local=1500000 n_ghost=223538 compute_avg_ms=0.070519 compute_min_ms=0.068608 compute_max_ms=0.073728 compute_var_ms=0.000001939 compute_gflops=42.541444 eff_bw_gbs=195.690869 pct_peak_bw=20.9717 comm_avg_ms=0.190953 comm_min_ms=0.187052 comm_max_ms=0.200807 comm_var_ms=0.000012302 total_avg_ms=0.261472 total_min_ms=0.255750 total_max_ms=0.270439 total_var_ms=0.000018515 effective_gflops=11.473495
RESULT comm=block_nccl kernel=acc matrix=weak_P4.mtx P=4 rank=2 nrows_local=75000 ncols_global=300000 nnz_local=1500000 n_ghost=223443 compute_avg_ms=0.068471 compute_min_ms=0.067584 compute_max_ms=0.071680 compute_var_ms=0.000001799 compute_gflops=43.813870 eff_bw_gbs=201.538488 pct_peak_bw=21.5983 comm_avg_ms=0.276852 comm_min_ms=0.264108 comm_max_ms=0.289807 comm_var_ms=0.000027950 total_avg_ms=0.345323 total_min_ms=0.331692 total_max_ms=0.357391 total_var_ms=0.000035392 effective_gflops=8.687509
RESULT comm=block_nccl kernel=acc matrix=weak_P4.mtx P=4 rank=0 nrows_local=75000 ncols_global=300000 nnz_local=1500000 n_ghost=223406 compute_avg_ms=0.069666 compute_min_ms=0.067584 compute_max_ms=0.072704 compute_var_ms=0.000001991 compute_gflops=43.062530 eff_bw_gbs=198.080288 pct_peak_bw=21.2277 comm_avg_ms=0.228271 comm_min_ms=0.220791 comm_max_ms=0.237635 comm_var_ms=0.000013932 total_avg_ms=0.297937 total_min_ms=0.288375 total_max_ms=0.310339 total_var_ms=0.000021181 effective_gflops=10.069246
RESULT comm=block_nccl kernel=acc matrix=weak_P4.mtx P=4 rank=3 nrows_local=75000 ncols_global=300000 nnz_local=1500000 n_ghost=223498 compute_avg_ms=0.070383 compute_min_ms=0.068608 compute_max_ms=0.072704 compute_var_ms=0.000001743 compute_gflops=42.623969 eff_bw_gbs=196.068209 pct_peak_bw=21.0121 comm_avg_ms=0.255407 comm_min_ms=0.248961 comm_max_ms=0.264375 comm_var_ms=0.000012350 total_avg_ms=0.325790 total_min_ms=0.318593 total_max_ms=0.337079 total_var_ms=0.000017831 effective_gflops=9.208396
[ERROR CHECKING] OK!

--- rep=4/5 driver=spmv_block_nccl_cusparse matrix=matrices_synthetic/weak_P4.mtx ---
Loaded matrices_synthetic/weak_P4.mtx: 300000 x 300000, 6000000 nnz
RESULT comm=block_nccl kernel=cusparse matrix=weak_P4.mtx P=4 rank=0 nrows_local=75000 ncols_global=300000 nnz_local=1500000 n_ghost=223406 compute_avg_ms=0.083115 compute_min_ms=0.081920 compute_max_ms=0.083968 compute_var_ms=0.000000285 compute_gflops=36.094713 eff_bw_gbs=165.959016 pct_peak_bw=17.7854 comm_avg_ms=0.308266 comm_min_ms=0.219837 comm_max_ms=2.665746 comm_var_ms=0.191664606 total_avg_ms=0.391380 total_min_ms=0.301757 total_max_ms=2.748690 total_var_ms=0.191639452 effective_gflops=7.665176
RESULT comm=block_nccl kernel=cusparse matrix=weak_P4.mtx P=4 rank=1 nrows_local=75000 ncols_global=300000 nnz_local=1500000 n_ghost=223538 compute_avg_ms=0.084002 compute_min_ms=0.082944 compute_max_ms=0.084992 compute_var_ms=0.000000244 compute_gflops=35.713379 eff_bw_gbs=164.211975 pct_peak_bw=17.5982 comm_avg_ms=0.273054 comm_min_ms=0.185199 comm_max_ms=2.634707 comm_var_ms=0.192386542 total_avg_ms=0.357056 total_min_ms=0.269167 total_max_ms=2.719699 total_var_ms=0.192548192 effective_gflops=8.402042
RESULT comm=block_nccl kernel=cusparse matrix=weak_P4.mtx P=4 rank=2 nrows_local=75000 ncols_global=300000 nnz_local=1500000 n_ghost=223443 compute_avg_ms=0.082022 compute_min_ms=0.080896 compute_max_ms=0.084992 compute_var_ms=0.000000584 compute_gflops=36.575375 eff_bw_gbs=168.170845 pct_peak_bw=18.0224 comm_avg_ms=0.365773 comm_min_ms=0.272421 comm_max_ms=2.720634 comm_var_ms=0.191241921 total_avg_ms=0.447795 total_min_ms=0.354341 total_max_ms=2.801530 total_var_ms=0.191061614 effective_gflops=6.699490
RESULT comm=block_nccl kernel=cusparse matrix=weak_P4.mtx P=4 rank=3 nrows_local=75000 ncols_global=300000 nnz_local=1500000 n_ghost=223498 compute_avg_ms=0.083593 compute_min_ms=0.082944 compute_max_ms=0.084992 compute_var_ms=0.000000313 compute_gflops=35.888373 eff_bw_gbs=165.014693 pct_peak_bw=17.6842 comm_avg_ms=0.346039 comm_min_ms=0.252157 comm_max_ms=2.705853 comm_var_ms=0.192041071 total_avg_ms=0.429632 total_min_ms=0.336125 total_max_ms=2.788797 total_var_ms=0.191936490 effective_gflops=6.982723
[ERROR CHECKING] OK!

--- rep=5/5 driver=spmv_ghost_nccl_acc matrix=matrices_synthetic/weak_P4.mtx ---
Loaded matrices_synthetic/weak_P4.mtx: 300000 x 300000, 6000000 nnz
[kernel] acc -> FLAT (nnz=1500000, avg_nnz=20.00, imbalance=1.00)
[kernel] acc -> FLAT (nnz=1500000, avg_nnz=20.00, imbalance=1.00)
[kernel] acc -> FLAT (nnz=1500000, avg_nnz=20.00, imbalance=1.00)
[kernel] acc -> FLAT (nnz=1500000, avg_nnz=20.00, imbalance=1.00)
RESULT comm=ghost_nccl kernel=acc matrix=weak_P4.mtx P=4 rank=0 nrows_local=75000 ncols_global=300000 nnz_local=1500000 n_ghost=223510 compute_avg_ms=0.069188 compute_min_ms=0.068608 compute_max_ms=0.069632 compute_var_ms=0.000000257 compute_gflops=43.359952 eff_bw_gbs=199.454394 pct_peak_bw=21.3750 comm_avg_ms=0.471562 comm_min_ms=0.223074 comm_max_ms=2.924742 comm_var_ms=0.424414012 total_avg_ms=0.540751 total_min_ms=0.291682 total_max_ms=2.994374 total_var_ms=0.424428162 effective_gflops=5.547844
RESULT comm=ghost_nccl kernel=acc matrix=weak_P4.mtx P=4 rank=1 nrows_local=75000 ncols_global=300000 nnz_local=1500000 n_ghost=223514 compute_avg_ms=0.069905 compute_min_ms=0.068608 compute_max_ms=0.071680 compute_var_ms=0.000000345 compute_gflops=42.915343 eff_bw_gbs=197.409435 pct_peak_bw=21.1558 comm_avg_ms=0.489444 comm_min_ms=0.239568 comm_max_ms=2.937271 comm_var_ms=0.425199874 total_avg_ms=0.559349 total_min_ms=0.309200 total_max_ms=3.006903 total_var_ms=0.425066838 effective_gflops=5.363381
RESULT comm=ghost_nccl kernel=acc matrix=weak_P4.mtx P=4 rank=2 nrows_local=75000 ncols_global=300000 nnz_local=1500000 n_ghost=223480 compute_avg_ms=0.068267 compute_min_ms=0.067584 compute_max_ms=0.069632 compute_var_ms=0.000000303 compute_gflops=43.945312 eff_bw_gbs=202.145271 pct_peak_bw=21.6634 comm_avg_ms=0.517379 comm_min_ms=0.268783 comm_max_ms=2.966028 comm_var_ms=0.423059220 total_avg_ms=0.585646 total_min_ms=0.336367 total_max_ms=3.033612 total_var_ms=0.423041662 effective_gflops=5.122549
RESULT comm=ghost_nccl kernel=acc matrix=weak_P4.mtx P=4 rank=3 nrows_local=75000 ncols_global=300000 nnz_local=1500000 n_ghost=223515 compute_avg_ms=0.069461 compute_min_ms=0.068608 compute_max_ms=0.070656 compute_var_ms=0.000000285 compute_gflops=43.189496 eff_bw_gbs=198.670586 pct_peak_bw=21.2910 comm_avg_ms=0.500145 comm_min_ms=0.250001 comm_max_ms=2.953010 comm_var_ms=0.422622786 total_avg_ms=0.569606 total_min_ms=0.319633 total_max_ms=3.021618 total_var_ms=0.422523945 effective_gflops=5.266797
[ERROR CHECKING] OK!

--- rep=5/5 driver=spmv_ghost_nccl_cusparse matrix=matrices_synthetic/weak_P4.mtx ---
Loaded matrices_synthetic/weak_P4.mtx: 300000 x 300000, 6000000 nnz
RESULT comm=ghost_nccl kernel=cusparse matrix=weak_P4.mtx P=4 rank=0 nrows_local=75000 ncols_global=300000 nnz_local=1500000 n_ghost=223510 compute_avg_ms=0.083319 compute_min_ms=0.081920 compute_max_ms=0.084992 compute_var_ms=0.000000383 compute_gflops=36.005992 eff_bw_gbs=165.556080 pct_peak_bw=17.7422 comm_avg_ms=0.311240 comm_min_ms=0.223860 comm_max_ms=2.669172 comm_var_ms=0.191745145 total_avg_ms=0.394559 total_min_ms=0.306804 total_max_ms=2.752116 total_var_ms=0.191683408 effective_gflops=7.603420
RESULT comm=ghost_nccl kernel=cusparse matrix=weak_P4.mtx P=4 rank=1 nrows_local=75000 ncols_global=300000 nnz_local=1500000 n_ghost=223514 compute_avg_ms=0.084241 compute_min_ms=0.082944 compute_max_ms=0.084992 compute_var_ms=0.000000345 compute_gflops=35.612085 eff_bw_gbs=163.745080 pct_peak_bw=17.5481 comm_avg_ms=0.333334 comm_min_ms=0.244945 comm_max_ms=2.692834 comm_var_ms=0.191988213 total_avg_ms=0.417575 total_min_ms=0.328913 total_max_ms=2.776802 total_var_ms=0.191944929 effective_gflops=7.184333
RESULT comm=ghost_nccl kernel=cusparse matrix=weak_P4.mtx P=4 rank=2 nrows_local=75000 ncols_global=300000 nnz_local=1500000 n_ghost=223480 compute_avg_ms=0.082091 compute_min_ms=0.080896 compute_max_ms=0.082944 compute_var_ms=0.000000355 compute_gflops=36.544959 eff_bw_gbs=168.032797 pct_peak_bw=18.0076 comm_avg_ms=0.358932 comm_min_ms=0.271918 comm_max_ms=2.704318 comm_var_ms=0.189691570 total_avg_ms=0.441023 total_min_ms=0.353838 total_max_ms=2.786238 total_var_ms=0.189664443 effective_gflops=6.802364
RESULT comm=ghost_nccl kernel=cusparse matrix=weak_P4.mtx P=4 rank=3 nrows_local=75000 ncols_global=300000 nnz_local=1500000 n_ghost=223515 compute_avg_ms=0.083763 compute_min_ms=0.082944 compute_max_ms=0.084992 compute_var_ms=0.000000377 compute_gflops=35.815251 eff_bw_gbs=164.679289 pct_peak_bw=17.6482 comm_avg_ms=0.342106 comm_min_ms=0.254962 comm_max_ms=2.692448 comm_var_ms=0.190499427 total_avg_ms=0.425869 total_min_ms=0.338995 total_max_ms=2.776416 total_var_ms=0.190533354 effective_gflops=7.044412
[ERROR CHECKING] OK!

--- rep=5/5 driver=spmv_rcm_nccl_acc matrix=matrices_synthetic/weak_P4.mtx ---
Loaded matrices_synthetic/weak_P4.mtx: 300000 x 300000, 6000000 nnz
[kernel] acc -> FLAT (nnz=1500000, avg_nnz=20.00, imbalance=1.00)
[kernel] acc -> FLAT (nnz=1500000, avg_nnz=20.00, imbalance=1.00)
[kernel] acc -> FLAT (nnz=1500000, avg_nnz=20.00, imbalance=1.00)
[kernel] acc -> FLAT (nnz=1500000, avg_nnz=20.00, imbalance=1.00)
RESULT comm=rcm_nccl kernel=acc matrix=weak_P4.mtx P=4 rank=0 nrows_local=75000 ncols_global=300000 nnz_local=1500000 n_ghost=213331 compute_avg_ms=0.068403 compute_min_ms=0.066560 compute_max_ms=0.071680 compute_var_ms=0.000001566 compute_gflops=43.857597 eff_bw_gbs=201.148306 pct_peak_bw=21.5565 comm_avg_ms=0.211753 comm_min_ms=0.204837 comm_max_ms=0.218984 comm_var_ms=0.000013220 total_avg_ms=0.280157 total_min_ms=0.272421 total_max_ms=0.289203 total_var_ms=0.000017060 effective_gflops=10.708293
RESULT comm=rcm_nccl kernel=acc matrix=weak_P4.mtx P=4 rank=2 nrows_local=75000 ncols_global=300000 nnz_local=1500000 n_ghost=221182 compute_avg_ms=0.067823 compute_min_ms=0.066560 compute_max_ms=0.071680 compute_var_ms=0.000001935 compute_gflops=44.232825 eff_bw_gbs=203.332283 pct_peak_bw=21.7906 comm_avg_ms=0.286262 comm_min_ms=0.271522 comm_max_ms=0.301860 comm_var_ms=0.000046261 total_avg_ms=0.354084 total_min_ms=0.338082 total_max_ms=0.371492 total_var_ms=0.000055477 effective_gflops=8.472555
RESULT comm=rcm_nccl kernel=acc matrix=weak_P4.mtx P=4 rank=1 nrows_local=75000 ncols_global=300000 nnz_local=1500000 n_ghost=218264 compute_avg_ms=0.069666 compute_min_ms=0.067584 compute_max_ms=0.072704 compute_var_ms=0.000002271 compute_gflops=43.062530 eff_bw_gbs=197.785051 pct_peak_bw=21.1961 comm_avg_ms=0.231488 comm_min_ms=0.212775 comm_max_ms=0.269494 comm_var_ms=0.000139732 total_avg_ms=0.301154 total_min_ms=0.281383 total_max_ms=0.342198 total_var_ms=0.000156775 effective_gflops=9.961682
RESULT comm=rcm_nccl kernel=acc matrix=weak_P4.mtx P=4 rank=3 nrows_local=75000 ncols_global=300000 nnz_local=1500000 n_ghost=223086 compute_avg_ms=0.063829 compute_min_ms=0.062464 compute_max_ms=0.067584 compute_var_ms=0.000001631 compute_gflops=47.000335 eff_bw_gbs=216.173465 pct_peak_bw=23.1667 comm_avg_ms=0.269001 comm_min_ms=0.257060 comm_max_ms=0.292963 comm_var_ms=0.000057384 total_avg_ms=0.332831 total_min_ms=0.321368 total_max_ms=0.357475 total_var_ms=0.000067277 effective_gflops=9.013593
[ERROR CHECKING] OK!

--- rep=5/5 driver=spmv_rcm_nccl_cusparse matrix=matrices_synthetic/weak_P4.mtx ---
Loaded matrices_synthetic/weak_P4.mtx: 300000 x 300000, 6000000 nnz
RESULT comm=rcm_nccl kernel=cusparse matrix=weak_P4.mtx P=4 rank=0 nrows_local=75000 ncols_global=300000 nnz_local=1500000 n_ghost=213331 compute_avg_ms=0.081510 compute_min_ms=0.080896 compute_max_ms=0.082944 compute_var_ms=0.000000531 compute_gflops=36.805120 eff_bw_gbs=168.730964 pct_peak_bw=18.0825 comm_avg_ms=0.281640 comm_min_ms=0.205792 comm_max_ms=2.307477 comm_var_ms=0.141529456 total_avg_ms=0.363151 total_min_ms=0.287892 total_max_ms=2.388373 total_var_ms=0.141443292 effective_gflops=8.261035
RESULT comm=rcm_nccl kernel=cusparse matrix=weak_P4.mtx P=4 rank=1 nrows_local=75000 ncols_global=300000 nnz_local=1500000 n_ghost=218264 compute_avg_ms=0.082739 compute_min_ms=0.081920 compute_max_ms=0.083968 compute_var_ms=0.000000377 compute_gflops=36.258509 eff_bw_gbs=166.463542 pct_peak_bw=17.8395 comm_avg_ms=0.328091 comm_min_ms=0.250749 comm_max_ms=2.366772 comm_var_ms=0.143338253 total_avg_ms=0.410830 total_min_ms=0.332669 total_max_ms=2.448692 total_var_ms=0.143225100 effective_gflops=7.302282
RESULT comm=rcm_nccl kernel=cusparse matrix=weak_P4.mtx P=4 rank=2 nrows_local=75000 ncols_global=300000 nnz_local=1500000 n_ghost=221182 compute_avg_ms=0.080486 compute_min_ms=0.079872 compute_max_ms=0.081920 compute_var_ms=0.000000391 compute_gflops=37.273379 eff_bw_gbs=171.267847 pct_peak_bw=18.3543 comm_avg_ms=0.368133 comm_min_ms=0.287057 comm_max_ms=2.403219 comm_var_ms=0.142833713 total_avg_ms=0.448620 total_min_ms=0.366929 total_max_ms=2.483091 total_var_ms=0.142748616 effective_gflops=6.687178
RESULT comm=rcm_nccl kernel=cusparse matrix=weak_P4.mtx P=4 rank=3 nrows_local=75000 ncols_global=300000 nnz_local=1500000 n_ghost=223086 compute_avg_ms=0.077551 compute_min_ms=0.075776 compute_max_ms=0.079872 compute_var_ms=0.000000555 compute_gflops=38.684254 eff_bw_gbs=177.848900 pct_peak_bw=19.0596 comm_avg_ms=0.355414 comm_min_ms=0.258642 comm_max_ms=2.390029 comm_var_ms=0.142797598 total_avg_ms=0.432965 total_min_ms=0.336466 total_max_ms=2.467853 total_var_ms=0.142836068 effective_gflops=6.928970
[ERROR CHECKING] OK!

--- rep=5/5 driver=spmv_fennel_nccl_acc matrix=matrices_synthetic/weak_P4.mtx ---
Loaded matrices_synthetic/weak_P4.mtx: 300000 x 300000, 6000000 nnz
[kernel] acc -> FLAT (nnz=1500060, avg_nnz=20.00, imbalance=1.00)
[kernel] acc -> FLAT (nnz=1500080, avg_nnz=20.00, imbalance=1.00)
[kernel] acc -> FLAT (nnz=1499940, avg_nnz=20.00, imbalance=1.00)
[kernel] acc -> FLAT (nnz=1499920, avg_nnz=20.00, imbalance=1.00)
RESULT comm=fennel_nccl kernel=acc matrix=weak_P4.mtx P=4 rank=0 nrows_local=74996 ncols_global=300000 nnz_local=1499920 n_ghost=222627 compute_avg_ms=0.069257 compute_min_ms=0.067584 compute_max_ms=0.072704 compute_var_ms=0.000001642 compute_gflops=43.314902 eff_bw_gbs=199.196857 pct_peak_bw=21.3474 comm_avg_ms=0.239462 comm_min_ms=0.232249 comm_max_ms=0.246661 comm_var_ms=0.000011491 total_avg_ms=0.308719 total_min_ms=0.300857 total_max_ms=0.319365 total_var_ms=0.000016577 effective_gflops=9.717058
RESULT comm=fennel_nccl kernel=acc matrix=weak_P4.mtx P=4 rank=1 nrows_local=75003 ncols_global=300000 nnz_local=1500060 n_ghost=222656 compute_avg_ms=0.070212 compute_min_ms=0.068608 compute_max_ms=0.074752 compute_var_ms=0.000001725 compute_gflops=42.729285 eff_bw_gbs=196.504178 pct_peak_bw=21.0588 comm_avg_ms=0.259340 comm_min_ms=0.252260 comm_max_ms=0.267000 comm_var_ms=0.000017102 total_avg_ms=0.329552 total_min_ms=0.320868 total_max_ms=0.340910 total_var_ms=0.000023431 effective_gflops=9.103631
RESULT comm=fennel_nccl kernel=acc matrix=weak_P4.mtx P=4 rank=2 nrows_local=75004 ncols_global=300000 nnz_local=1500080 n_ghost=222602 compute_avg_ms=0.068471 compute_min_ms=0.067584 compute_max_ms=0.072704 compute_var_ms=0.000001729 compute_gflops=43.816207 eff_bw_gbs=201.499406 pct_peak_bw=21.5942 comm_avg_ms=0.292017 comm_min_ms=0.286248 comm_max_ms=0.307672 comm_var_ms=0.000019152 total_avg_ms=0.360488 total_min_ms=0.353832 total_max_ms=0.379352 total_var_ms=0.000026707 effective_gflops=8.322494
RESULT comm=fennel_nccl kernel=acc matrix=weak_P4.mtx P=4 rank=3 nrows_local=74997 ncols_global=300000 nnz_local=1499940 n_ghost=222602 compute_avg_ms=0.070076 compute_min_ms=0.068608 compute_max_ms=0.073728 compute_var_ms=0.000002704 compute_gflops=42.809112 eff_bw_gbs=196.869231 pct_peak_bw=21.0980 comm_avg_ms=0.278609 comm_min_ms=0.272330 comm_max_ms=0.288825 comm_var_ms=0.000011900 total_avg_ms=0.348685 total_min_ms=0.341962 total_max_ms=0.358457 total_var_ms=0.000016305 effective_gflops=8.603417
[ERROR CHECKING] OK!

--- rep=5/5 driver=spmv_fennel_nccl_cusparse matrix=matrices_synthetic/weak_P4.mtx ---
Loaded matrices_synthetic/weak_P4.mtx: 300000 x 300000, 6000000 nnz
RESULT comm=fennel_nccl kernel=cusparse matrix=weak_P4.mtx P=4 rank=1 nrows_local=75003 ncols_global=300000 nnz_local=1500060 n_ghost=222656 compute_avg_ms=0.083900 compute_min_ms=0.082944 compute_max_ms=0.084992 compute_var_ms=0.000000205 compute_gflops=35.758398 eff_bw_gbs=164.376497 pct_peak_bw=17.6158 comm_avg_ms=0.257961 comm_min_ms=0.251410 comm_max_ms=0.279984 comm_var_ms=0.000033363 total_avg_ms=0.341861 total_min_ms=0.335404 total_max_ms=0.363952 total_var_ms=0.000033370 effective_gflops=8.775860
RESULT comm=fennel_nccl kernel=cusparse matrix=weak_P4.mtx P=4 rank=2 nrows_local=75004 ncols_global=300000 nnz_local=1500080 n_ghost=222602 compute_avg_ms=0.081510 compute_min_ms=0.080896 compute_max_ms=0.082944 compute_var_ms=0.000000322 compute_gflops=36.807083 eff_bw_gbs=169.194365 pct_peak_bw=18.1321 comm_avg_ms=0.291036 comm_min_ms=0.284737 comm_max_ms=0.309613 comm_var_ms=0.000024424 total_avg_ms=0.372546 total_min_ms=0.366657 total_max_ms=0.390509 total_var_ms=0.000022710 effective_gflops=8.053123
RESULT comm=fennel_nccl kernel=cusparse matrix=weak_P4.mtx P=4 rank=3 nrows_local=74997 ncols_global=300000 nnz_local=1499940 n_ghost=222602 compute_avg_ms=0.083558 compute_min_ms=0.082944 compute_max_ms=0.083968 compute_var_ms=0.000000252 compute_gflops=35.901598 eff_bw_gbs=165.033034 pct_peak_bw=17.6862 comm_avg_ms=0.277481 comm_min_ms=0.269194 comm_max_ms=0.289133 comm_var_ms=0.000021413 total_avg_ms=0.361040 total_min_ms=0.353162 total_max_ms=0.372956 total_var_ms=0.000021507 effective_gflops=8.308999
RESULT comm=fennel_nccl kernel=cusparse matrix=weak_P4.mtx P=4 rank=0 nrows_local=74996 ncols_global=300000 nnz_local=1499920 n_ghost=222627 compute_avg_ms=0.083149 compute_min_ms=0.081920 compute_max_ms=0.083968 compute_var_ms=0.000000238 compute_gflops=36.077972 eff_bw_gbs=165.845139 pct_peak_bw=17.7732 comm_avg_ms=0.236022 comm_min_ms=0.224189 comm_max_ms=0.250981 comm_var_ms=0.000036942 total_avg_ms=0.319171 total_min_ms=0.308157 total_max_ms=0.333925 total_var_ms=0.000035591 effective_gflops=9.398844
[ERROR CHECKING] OK!

--- rep=5/5 driver=spmv_block_nccl_acc matrix=matrices_synthetic/weak_P4.mtx ---
Loaded matrices_synthetic/weak_P4.mtx: 300000 x 300000, 6000000 nnz
[kernel] acc -> FLAT (nnz=1500000, avg_nnz=20.00, imbalance=1.00)
[kernel] acc -> FLAT (nnz=1500000, avg_nnz=20.00, imbalance=1.00)
[kernel] acc -> FLAT (nnz=1500000, avg_nnz=20.00, imbalance=1.00)
[kernel] acc -> FLAT (nnz=1500000, avg_nnz=20.00, imbalance=1.00)
RESULT comm=block_nccl kernel=acc matrix=weak_P4.mtx P=4 rank=0 nrows_local=75000 ncols_global=300000 nnz_local=1500000 n_ghost=223406 compute_avg_ms=0.069222 compute_min_ms=0.067584 compute_max_ms=0.070656 compute_var_ms=0.000000391 compute_gflops=43.338572 eff_bw_gbs=199.350034 pct_peak_bw=21.3638 comm_avg_ms=0.225008 comm_min_ms=0.217634 comm_max_ms=0.233701 comm_var_ms=0.000014499 total_avg_ms=0.294230 total_min_ms=0.287266 total_max_ms=0.302309 total_var_ms=0.000014529 effective_gflops=10.196097
RESULT comm=block_nccl kernel=acc matrix=weak_P4.mtx P=4 rank=2 nrows_local=75000 ncols_global=300000 nnz_local=1500000 n_ghost=223443 compute_avg_ms=0.068062 compute_min_ms=0.067584 compute_max_ms=0.069632 compute_var_ms=0.000000331 compute_gflops=44.077545 eff_bw_gbs=202.751357 pct_peak_bw=21.7283 comm_avg_ms=0.279189 comm_min_ms=0.258863 comm_max_ms=0.292140 comm_var_ms=0.000054768 total_avg_ms=0.347251 total_min_ms=0.327471 total_max_ms=0.360748 total_var_ms=0.000054765 effective_gflops=8.639276
RESULT comm=block_nccl kernel=acc matrix=weak_P4.mtx P=4 rank=1 nrows_local=75000 ncols_global=300000 nnz_local=1500000 n_ghost=223538 compute_avg_ms=0.070076 compute_min_ms=0.068608 compute_max_ms=0.070656 compute_var_ms=0.000000327 compute_gflops=42.810825 eff_bw_gbs=196.930022 pct_peak_bw=21.1045 comm_avg_ms=0.188233 comm_min_ms=0.183498 comm_max_ms=0.192915 comm_var_ms=0.000006204 total_avg_ms=0.258308 total_min_ms=0.253130 total_max_ms=0.263333 total_var_ms=0.000006871 effective_gflops=11.614026
RESULT comm=block_nccl kernel=acc matrix=weak_P4.mtx P=4 rank=3 nrows_local=75000 ncols_global=300000 nnz_local=1500000 n_ghost=223498 compute_avg_ms=0.069700 compute_min_ms=0.068608 compute_max_ms=0.070656 compute_var_ms=0.000000205 compute_gflops=43.041441 eff_bw_gbs=197.988565 pct_peak_bw=21.2179 comm_avg_ms=0.263918 comm_min_ms=0.258556 comm_max_ms=0.270614 comm_var_ms=0.000008873 total_avg_ms=0.333618 total_min_ms=0.328188 total_max_ms=0.340246 total_var_ms=0.000008365 effective_gflops=8.992309
[ERROR CHECKING] OK!

--- rep=5/5 driver=spmv_block_nccl_cusparse matrix=matrices_synthetic/weak_P4.mtx ---
Loaded matrices_synthetic/weak_P4.mtx: 300000 x 300000, 6000000 nnz
RESULT comm=block_nccl kernel=cusparse matrix=weak_P4.mtx P=4 rank=0 nrows_local=75000 ncols_global=300000 nnz_local=1500000 n_ghost=223406 compute_avg_ms=0.083251 compute_min_ms=0.081920 compute_max_ms=0.084992 compute_var_ms=0.000000360 compute_gflops=36.035517 eff_bw_gbs=165.686840 pct_peak_bw=17.7562 comm_avg_ms=0.227267 comm_min_ms=0.222948 comm_max_ms=0.234235 comm_var_ms=0.000008431 total_avg_ms=0.310519 total_min_ms=0.305892 total_max_ms=0.317179 total_var_ms=0.000008371 effective_gflops=9.661259
RESULT comm=block_nccl kernel=cusparse matrix=weak_P4.mtx P=4 rank=1 nrows_local=75000 ncols_global=300000 nnz_local=1500000 n_ghost=223538 compute_avg_ms=0.083900 compute_min_ms=0.082944 compute_max_ms=0.086016 compute_var_ms=0.000000624 compute_gflops=35.756968 eff_bw_gbs=164.412397 pct_peak_bw=17.6196 comm_avg_ms=0.190292 comm_min_ms=0.185470 comm_max_ms=0.204164 comm_var_ms=0.000012281 total_avg_ms=0.274192 total_min_ms=0.269103 total_max_ms=0.288132 total_var_ms=0.000013215 effective_gflops=10.941249
RESULT comm=block_nccl kernel=cusparse matrix=weak_P4.mtx P=4 rank=2 nrows_local=75000 ncols_global=300000 nnz_local=1500000 n_ghost=223443 compute_avg_ms=0.082057 compute_min_ms=0.080896 compute_max_ms=0.083968 compute_var_ms=0.000000541 compute_gflops=36.560161 eff_bw_gbs=168.100891 pct_peak_bw=18.0149 comm_avg_ms=0.271157 comm_min_ms=0.261483 comm_max_ms=0.287115 comm_var_ms=0.000032322 total_avg_ms=0.353214 total_min_ms=0.342379 total_max_ms=0.369035 total_var_ms=0.000032209 effective_gflops=8.493435
RESULT comm=block_nccl kernel=cusparse matrix=weak_P4.mtx P=4 rank=3 nrows_local=75000 ncols_global=300000 nnz_local=1500000 n_ghost=223498 compute_avg_ms=0.083831 compute_min_ms=0.082944 compute_max_ms=0.084992 compute_var_ms=0.000000401 compute_gflops=35.786086 eff_bw_gbs=164.544374 pct_peak_bw=17.6338 comm_avg_ms=0.260600 comm_min_ms=0.253035 comm_max_ms=0.274887 comm_var_ms=0.000019327 total_avg_ms=0.344431 total_min_ms=0.335979 total_max_ms=0.357831 total_var_ms=0.000018967 effective_gflops=8.710012
[ERROR CHECKING] OK!

=== Job done ===
