=== D2_final weak-scaling P=4 same-job A/B check (cyclic vs RCM/Fennel/Block) ===
Node:     edu01
Date:     Fri Jul 24 03:18:33 PM CEST 2026
Matrix:   matrices_synthetic/weak_sparse_P4.mtx
Reps:     10
Drivers:  spmv_ghost_nccl_acc spmv_ghost_nccl_cusparse spmv_rcm_nccl_acc spmv_rcm_nccl_cusparse spmv_fennel_nccl_acc spmv_fennel_nccl_cusparse spmv_block_nccl_acc spmv_block_nccl_cusparse

--- rep=1/10 driver=spmv_ghost_nccl_acc matrix=matrices_synthetic/weak_sparse_P4.mtx ---
Loaded matrices_synthetic/weak_sparse_P4.mtx: 3000000 x 3000000, 6000000 nnz
[kernel] acc -> LINE-ENHANCE (nnz=1500000, avg_nnz=2.00, imbalance=1.00, V=1)
[kernel] acc -> LINE-ENHANCE (nnz=1500000, avg_nnz=2.00, imbalance=1.00, V=1)
[kernel] acc -> LINE-ENHANCE (nnz=1500000, avg_nnz=2.00, imbalance=1.00, V=1)
[kernel] acc -> LINE-ENHANCE (nnz=1500000, avg_nnz=2.00, imbalance=1.00, V=1)
RESULT comm=ghost_nccl kernel=acc matrix=weak_sparse_P4.mtx P=4 rank=0 nrows_local=750000 ncols_global=3000000 nnz_local=1500000 n_ghost=885256 compute_avg_ms=0.078985 compute_min_ms=0.077824 compute_max_ms=0.079872 compute_var_ms=0.000000261 compute_gflops=37.982121 eff_bw_gbs=310.706766 pct_peak_bw=33.2976 comm_avg_ms=0.786118 comm_min_ms=0.754048 comm_max_ms=0.818604 comm_var_ms=0.000141017 total_avg_ms=0.865102 total_min_ms=0.833920 total_max_ms=0.897452 total_var_ms=0.000136630 effective_gflops=3.467798
RESULT comm=ghost_nccl kernel=acc matrix=weak_sparse_P4.mtx P=4 rank=2 nrows_local=750000 ncols_global=3000000 nnz_local=1500000 n_ghost=885842 compute_avg_ms=0.078097 compute_min_ms=0.076800 compute_max_ms=0.078848 compute_var_ms=0.000000275 compute_gflops=38.413736 eff_bw_gbs=314.267539 pct_peak_bw=33.6792 comm_avg_ms=0.821358 comm_min_ms=0.776139 comm_max_ms=0.862137 comm_var_ms=0.000214817 total_avg_ms=0.899455 total_min_ms=0.853963 total_max_ms=0.939961 total_var_ms=0.000216815 effective_gflops=3.335354
RESULT comm=ghost_nccl kernel=acc matrix=weak_sparse_P4.mtx P=4 rank=1 nrows_local=750000 ncols_global=3000000 nnz_local=1500000 n_ghost=884919 compute_avg_ms=0.080043 compute_min_ms=0.078848 compute_max_ms=0.081920 compute_var_ms=0.000000355 compute_gflops=37.480012 eff_bw_gbs=306.582500 pct_peak_bw=32.8556 comm_avg_ms=0.830577 comm_min_ms=0.802383 comm_max_ms=0.860677 comm_var_ms=0.000148883 total_avg_ms=0.910619 total_min_ms=0.882255 total_max_ms=0.940549 total_var_ms=0.000147975 effective_gflops=3.294461
RESULT comm=ghost_nccl kernel=acc matrix=weak_sparse_P4.mtx P=4 rank=3 nrows_local=750000 ncols_global=3000000 nnz_local=1500000 n_ghost=885276 compute_avg_ms=0.079770 compute_min_ms=0.078848 compute_max_ms=0.080896 compute_var_ms=0.000000304 compute_gflops=37.608313 eff_bw_gbs=307.649892 pct_peak_bw=32.9700 comm_avg_ms=0.766199 comm_min_ms=0.733460 comm_max_ms=0.790820 comm_var_ms=0.000130990 total_avg_ms=0.845968 total_min_ms=0.813332 total_max_ms=0.870692 total_var_ms=0.000131557 effective_gflops=3.546233
[ERROR CHECKING] OK!

--- rep=1/10 driver=spmv_ghost_nccl_cusparse matrix=matrices_synthetic/weak_sparse_P4.mtx ---
Loaded matrices_synthetic/weak_sparse_P4.mtx: 3000000 x 3000000, 6000000 nnz
RESULT comm=ghost_nccl kernel=cusparse matrix=weak_sparse_P4.mtx P=4 rank=0 nrows_local=750000 ncols_global=3000000 nnz_local=1500000 n_ghost=885256 compute_avg_ms=0.103970 compute_min_ms=0.102400 compute_max_ms=0.105472 compute_var_ms=0.000000541 compute_gflops=28.854441 eff_bw_gbs=236.039213 pct_peak_bw=25.2957 comm_avg_ms=0.782563 comm_min_ms=0.765504 comm_max_ms=0.811271 comm_var_ms=0.000112301 total_avg_ms=0.886533 total_min_ms=0.869592 total_max_ms=0.914695 total_var_ms=0.000112812 effective_gflops=3.383967
RESULT comm=ghost_nccl kernel=cusparse matrix=weak_sparse_P4.mtx P=4 rank=1 nrows_local=750000 ncols_global=3000000 nnz_local=1500000 n_ghost=884919 compute_avg_ms=0.105199 compute_min_ms=0.104448 compute_max_ms=0.106496 compute_var_ms=0.000000485 compute_gflops=28.517400 eff_bw_gbs=233.269289 pct_peak_bw=24.9989 comm_avg_ms=0.821772 comm_min_ms=0.807585 comm_max_ms=0.845044 comm_var_ms=0.000076757 total_avg_ms=0.926971 total_min_ms=0.913057 total_max_ms=0.949492 total_var_ms=0.000074840 effective_gflops=3.236348
RESULT comm=ghost_nccl kernel=cusparse matrix=weak_sparse_P4.mtx P=4 rank=2 nrows_local=750000 ncols_global=3000000 nnz_local=1500000 n_ghost=885842 compute_avg_ms=0.102673 compute_min_ms=0.101376 compute_max_ms=0.104448 compute_var_ms=0.000000764 compute_gflops=29.218958 eff_bw_gbs=239.043923 pct_peak_bw=25.6177 comm_avg_ms=0.828161 comm_min_ms=0.812018 comm_max_ms=0.850543 comm_var_ms=0.000109123 total_avg_ms=0.930834 total_min_ms=0.914418 total_max_ms=0.953967 total_var_ms=0.000115703 effective_gflops=3.222916
RESULT comm=ghost_nccl kernel=cusparse matrix=weak_sparse_P4.mtx P=4 rank=3 nrows_local=750000 ncols_global=3000000 nnz_local=1500000 n_ghost=885276 compute_avg_ms=0.105131 compute_min_ms=0.104448 compute_max_ms=0.106496 compute_var_ms=0.000000373 compute_gflops=28.535918 eff_bw_gbs=233.434346 pct_peak_bw=25.0165 comm_avg_ms=0.784430 comm_min_ms=0.771090 comm_max_ms=0.805584 comm_var_ms=0.000081391 total_avg_ms=0.889560 total_min_ms=0.876361 total_max_ms=0.910032 total_var_ms=0.000079646 effective_gflops=3.372452
[ERROR CHECKING] OK!

--- rep=1/10 driver=spmv_rcm_nccl_acc matrix=matrices_synthetic/weak_sparse_P4.mtx ---
Loaded matrices_synthetic/weak_sparse_P4.mtx: 3000000 x 3000000, 6000000 nnz
[kernel] acc -> LINE-ENHANCE (nnz=1500000, avg_nnz=2.00, imbalance=1.00, V=1)
[kernel] acc -> LINE-ENHANCE (nnz=1500000, avg_nnz=2.00, imbalance=1.00, V=1)
[kernel] acc -> LINE-ENHANCE (nnz=1500000, avg_nnz=2.00, imbalance=1.00, V=1)
[kernel] acc -> LINE-ENHANCE (nnz=1500000, avg_nnz=2.00, imbalance=1.00, V=1)
RESULT comm=rcm_nccl kernel=acc matrix=weak_sparse_P4.mtx P=4 rank=0 nrows_local=750000 ncols_global=3000000 nnz_local=1500000 n_ghost=642873 compute_avg_ms=0.063215 compute_min_ms=0.061440 compute_max_ms=0.064512 compute_var_ms=0.000000415 compute_gflops=47.457142 eff_bw_gbs=372.878608 pct_peak_bw=39.9604 comm_avg_ms=0.481347 comm_min_ms=0.460076 comm_max_ms=0.499619 comm_var_ms=0.000105336 total_avg_ms=0.544562 total_min_ms=0.523564 total_max_ms=0.564131 total_var_ms=0.000107354 effective_gflops=5.509018
RESULT comm=rcm_nccl kernel=acc matrix=weak_sparse_P4.mtx P=4 rank=1 nrows_local=750000 ncols_global=3000000 nnz_local=1500000 n_ghost=788856 compute_avg_ms=0.063283 compute_min_ms=0.062464 compute_max_ms=0.064512 compute_var_ms=0.000000308 compute_gflops=47.405947 eff_bw_gbs=381.703649 pct_peak_bw=40.9062 comm_avg_ms=0.625452 comm_min_ms=0.604656 comm_max_ms=0.639406 comm_var_ms=0.000060086 total_avg_ms=0.688735 total_min_ms=0.667120 total_max_ms=0.703918 total_var_ms=0.000061738 effective_gflops=4.355809
RESULT comm=rcm_nccl kernel=acc matrix=weak_sparse_P4.mtx P=4 rank=2 nrows_local=750000 ncols_global=3000000 nnz_local=1500000 n_ghost=814584 compute_avg_ms=0.057617 compute_min_ms=0.056320 compute_max_ms=0.058368 compute_var_ms=0.000000275 compute_gflops=52.067905 eff_bw_gbs=421.026981 pct_peak_bw=45.1203 comm_avg_ms=0.810112 comm_min_ms=0.772056 comm_max_ms=0.832645 comm_var_ms=0.000181426 total_avg_ms=0.867729 total_min_ms=0.829400 total_max_ms=0.889989 total_var_ms=0.000184745 effective_gflops=3.457302
RESULT comm=rcm_nccl kernel=acc matrix=weak_sparse_P4.mtx P=4 rank=3 nrows_local=750000 ncols_global=3000000 nnz_local=1500000 n_ghost=497113 compute_avg_ms=0.049084 compute_min_ms=0.048128 compute_max_ms=0.050176 compute_var_ms=0.000000205 compute_gflops=61.120043 eff_bw_gbs=468.351809 pct_peak_bw=50.1920 comm_avg_ms=0.512006 comm_min_ms=0.500027 comm_max_ms=0.527684 comm_var_ms=0.000042477 total_avg_ms=0.561090 total_min_ms=0.550203 total_max_ms=0.576836 total_var_ms=0.000041783 effective_gflops=5.346735
[ERROR CHECKING] OK!

--- rep=1/10 driver=spmv_rcm_nccl_cusparse matrix=matrices_synthetic/weak_sparse_P4.mtx ---
Loaded matrices_synthetic/weak_sparse_P4.mtx: 3000000 x 3000000, 6000000 nnz
RESULT comm=rcm_nccl kernel=cusparse matrix=weak_sparse_P4.mtx P=4 rank=0 nrows_local=750000 ncols_global=3000000 nnz_local=1500000 n_ghost=642873 compute_avg_ms=0.084651 compute_min_ms=0.083968 compute_max_ms=0.086016 compute_var_ms=0.000000303 compute_gflops=35.439769 eff_bw_gbs=278.456121 pct_peak_bw=29.8414 comm_avg_ms=0.496710 comm_min_ms=0.479995 comm_max_ms=0.512415 comm_var_ms=0.000072594 total_avg_ms=0.581361 total_min_ms=0.564987 total_max_ms=0.596383 total_var_ms=0.000071100 effective_gflops=5.160308
RESULT comm=rcm_nccl kernel=cusparse matrix=weak_sparse_P4.mtx P=4 rank=1 nrows_local=750000 ncols_global=3000000 nnz_local=1500000 n_ghost=788856 compute_avg_ms=0.085845 compute_min_ms=0.083968 compute_max_ms=0.088064 compute_var_ms=0.000000635 compute_gflops=34.946571 eff_bw_gbs=281.383126 pct_peak_bw=30.1551 comm_avg_ms=0.632952 comm_min_ms=0.620215 comm_max_ms=0.653432 comm_var_ms=0.000058383 total_avg_ms=0.718797 total_min_ms=0.706231 total_max_ms=0.738424 total_var_ms=0.000056532 effective_gflops=4.173641
RESULT comm=rcm_nccl kernel=cusparse matrix=weak_sparse_P4.mtx P=4 rank=2 nrows_local=750000 ncols_global=3000000 nnz_local=1500000 n_ghost=814584 compute_avg_ms=0.078336 compute_min_ms=0.077824 compute_max_ms=0.079872 compute_var_ms=0.000000472 compute_gflops=38.296570 eff_bw_gbs=309.670407 pct_peak_bw=33.1866 comm_avg_ms=0.815912 comm_min_ms=0.796157 comm_max_ms=0.843989 comm_var_ms=0.000142821 total_avg_ms=0.894248 total_min_ms=0.875005 total_max_ms=0.921813 total_var_ms=0.000136537 effective_gflops=3.354773
RESULT comm=rcm_nccl kernel=cusparse matrix=weak_sparse_P4.mtx P=4 rank=3 nrows_local=750000 ncols_global=3000000 nnz_local=1500000 n_ghost=497113 compute_avg_ms=0.063625 compute_min_ms=0.062464 compute_max_ms=0.064512 compute_var_ms=0.000000401 compute_gflops=47.151623 eff_bw_gbs=361.314340 pct_peak_bw=38.7211 comm_avg_ms=0.509616 comm_min_ms=0.496948 comm_max_ms=0.534762 comm_var_ms=0.000097732 total_avg_ms=0.573241 total_min_ms=0.559412 total_max_ms=0.598250 total_var_ms=0.000100642 effective_gflops=5.233404
[ERROR CHECKING] OK!

--- rep=1/10 driver=spmv_fennel_nccl_acc matrix=matrices_synthetic/weak_sparse_P4.mtx ---
Loaded matrices_synthetic/weak_sparse_P4.mtx: 3000000 x 3000000, 6000000 nnz
[kernel] acc -> LINE-ENHANCE (nnz=1500002, avg_nnz=2.00, imbalance=1.00, V=1)
[kernel] acc -> LINE-ENHANCE (nnz=1499996, avg_nnz=2.00, imbalance=1.00, V=1)
[kernel] acc -> LINE-ENHANCE (nnz=1499998, avg_nnz=2.00, imbalance=1.00, V=1)
[kernel] acc -> LINE-ENHANCE (nnz=1500004, avg_nnz=2.00, imbalance=1.00, V=1)
RESULT comm=fennel_nccl kernel=acc matrix=weak_sparse_P4.mtx P=4 rank=1 nrows_local=750001 ncols_global=3000000 nnz_local=1500002 n_ghost=512352 compute_avg_ms=0.079053 compute_min_ms=0.077824 compute_max_ms=0.079872 compute_var_ms=0.000000238 compute_gflops=37.949372 eff_bw_gbs=291.570202 pct_peak_bw=31.2468 comm_avg_ms=1.160386 comm_min_ms=0.553768 comm_max_ms=7.214832 comm_var_ms=2.271720559 total_avg_ms=1.239439 total_min_ms=0.632818 total_max_ms=7.293680 total_var_ms=2.271653891 effective_gflops=2.420454
RESULT comm=fennel_nccl kernel=acc matrix=weak_sparse_P4.mtx P=4 rank=2 nrows_local=749998 ncols_global=3000000 nnz_local=1499996 n_ghost=512871 compute_avg_ms=0.077107 compute_min_ms=0.075776 compute_max_ms=0.077824 compute_var_ms=0.000000290 compute_gflops=38.906768 eff_bw_gbs=298.953037 pct_peak_bw=32.0380 comm_avg_ms=1.148166 comm_min_ms=0.536788 comm_max_ms=7.229746 comm_var_ms=2.296687592 total_avg_ms=1.225274 total_min_ms=0.613588 total_max_ms=7.307570 total_var_ms=2.297431926 effective_gflops=2.448426
RESULT comm=fennel_nccl kernel=acc matrix=weak_sparse_P4.mtx P=4 rank=0 nrows_local=750002 ncols_global=3000000 nnz_local=1500004 n_ghost=512771 compute_avg_ms=0.078234 compute_min_ms=0.077824 compute_max_ms=0.078848 compute_var_ms=0.000000252 compute_gflops=38.346799 eff_bw_gbs=294.645075 pct_peak_bw=31.5763 comm_avg_ms=1.048348 comm_min_ms=0.443767 comm_max_ms=7.059125 comm_var_ms=2.232966968 total_avg_ms=1.126581 total_min_ms=0.522615 total_max_ms=7.136949 total_var_ms=2.232659157 effective_gflops=2.662931
RESULT comm=fennel_nccl kernel=acc matrix=weak_sparse_P4.mtx P=4 rank=3 nrows_local=749999 ncols_global=3000000 nnz_local=1499998 n_ghost=512606 compute_avg_ms=0.078916 compute_min_ms=0.077824 compute_max_ms=0.079872 compute_var_ms=0.000000415 compute_gflops=38.014927 eff_bw_gbs=292.086814 pct_peak_bw=31.3022 comm_avg_ms=1.174001 comm_min_ms=0.568200 comm_max_ms=7.244364 comm_var_ms=2.277557439 total_avg_ms=1.252918 total_min_ms=0.647048 total_max_ms=7.323212 total_var_ms=2.277499353 effective_gflops=2.394408
[ERROR CHECKING] OK!

--- rep=1/10 driver=spmv_fennel_nccl_cusparse matrix=matrices_synthetic/weak_sparse_P4.mtx ---
Loaded matrices_synthetic/weak_sparse_P4.mtx: 3000000 x 3000000, 6000000 nnz
RESULT comm=fennel_nccl kernel=cusparse matrix=weak_sparse_P4.mtx P=4 rank=0 nrows_local=750002 ncols_global=3000000 nnz_local=1500004 n_ghost=512771 compute_avg_ms=0.102263 compute_min_ms=0.100352 compute_max_ms=0.103424 compute_var_ms=0.000000541 compute_gflops=29.336069 eff_bw_gbs=225.409380 pct_peak_bw=24.1565 comm_avg_ms=0.795418 comm_min_ms=0.446651 comm_max_ms=3.614298 comm_var_ms=0.668654999 total_avg_ms=0.897681 total_min_ms=0.549051 total_max_ms=3.716698 total_var_ms=0.668618498 effective_gflops=3.341952
RESULT comm=fennel_nccl kernel=cusparse matrix=weak_sparse_P4.mtx P=4 rank=1 nrows_local=750001 ncols_global=3000000 nnz_local=1500002 n_ghost=512352 compute_avg_ms=0.103117 compute_min_ms=0.102400 compute_max_ms=0.104448 compute_var_ms=0.000000500 compute_gflops=29.093262 eff_bw_gbs=223.527500 pct_peak_bw=23.9549 comm_avg_ms=0.903495 comm_min_ms=0.555592 comm_max_ms=3.751189 comm_var_ms=0.682375180 total_avg_ms=1.006612 total_min_ms=0.657992 total_max_ms=3.853589 total_var_ms=0.682305357 effective_gflops=2.980299
RESULT comm=fennel_nccl kernel=cusparse matrix=weak_sparse_P4.mtx P=4 rank=2 nrows_local=749998 ncols_global=3000000 nnz_local=1499996 n_ghost=512871 compute_avg_ms=0.101035 compute_min_ms=0.099328 compute_max_ms=0.102400 compute_var_ms=0.000000443 compute_gflops=29.692700 eff_bw_gbs=228.153697 pct_peak_bw=24.4506 comm_avg_ms=0.891749 comm_min_ms=0.538448 comm_max_ms=3.736395 comm_var_ms=0.684741283 total_avg_ms=0.992784 total_min_ms=0.638800 total_max_ms=3.837771 total_var_ms=0.684839199 effective_gflops=3.021799
RESULT comm=fennel_nccl kernel=cusparse matrix=weak_sparse_P4.mtx P=4 rank=3 nrows_local=749999 ncols_global=3000000 nnz_local=1499998 n_ghost=512606 compute_avg_ms=0.103049 compute_min_ms=0.102400 compute_max_ms=0.104448 compute_var_ms=0.000000383 compute_gflops=29.112458 eff_bw_gbs=223.684897 pct_peak_bw=23.9717 comm_avg_ms=0.915985 comm_min_ms=0.567489 comm_max_ms=3.756299 comm_var_ms=0.673993889 total_avg_ms=1.019033 total_min_ms=0.670659 total_max_ms=3.860747 total_var_ms=0.674193846 effective_gflops=2.943962
[ERROR CHECKING] OK!

--- rep=1/10 driver=spmv_block_nccl_acc matrix=matrices_synthetic/weak_sparse_P4.mtx ---
Loaded matrices_synthetic/weak_sparse_P4.mtx: 3000000 x 3000000, 6000000 nnz
[kernel] acc -> LINE-ENHANCE (nnz=1500000, avg_nnz=2.00, imbalance=1.00, V=1)
[kernel] acc -> LINE-ENHANCE (nnz=1500000, avg_nnz=2.00, imbalance=1.00, V=1)
[kernel] acc -> LINE-ENHANCE (nnz=1500000, avg_nnz=2.00, imbalance=1.00, V=1)
[kernel] acc -> LINE-ENHANCE (nnz=1500000, avg_nnz=2.00, imbalance=1.00, V=1)
RESULT comm=block_nccl kernel=acc matrix=weak_sparse_P4.mtx P=4 rank=1 nrows_local=750000 ncols_global=3000000 nnz_local=1500000 n_ghost=885804 compute_avg_ms=0.080282 compute_min_ms=0.078848 compute_max_ms=0.081920 compute_var_ms=0.000000391 compute_gflops=37.368464 eff_bw_gbs=305.714146 pct_peak_bw=32.7626 comm_avg_ms=0.814682 comm_min_ms=0.571501 comm_max_ms=7.296811 comm_var_ms=1.448981040 total_avg_ms=0.894964 total_min_ms=0.651373 total_max_ms=7.377707 total_var_ms=1.449260390 effective_gflops=3.352090
RESULT comm=block_nccl kernel=acc matrix=weak_sparse_P4.mtx P=4 rank=0 nrows_local=750000 ncols_global=3000000 nnz_local=1500000 n_ghost=884851 compute_avg_ms=0.079087 compute_min_ms=0.077824 compute_max_ms=0.079872 compute_var_ms=0.000000257 compute_gflops=37.932943 eff_bw_gbs=310.283986 pct_peak_bw=33.2523 comm_avg_ms=0.934604 comm_min_ms=0.699309 comm_max_ms=7.415470 comm_var_ms=1.448371384 total_avg_ms=1.013691 total_min_ms=0.778157 total_max_ms=7.494318 total_var_ms=1.448264153 effective_gflops=2.959481
RESULT comm=block_nccl kernel=acc matrix=weak_sparse_P4.mtx P=4 rank=2 nrows_local=750000 ncols_global=3000000 nnz_local=1500000 n_ghost=885373 compute_avg_ms=0.077995 compute_min_ms=0.076800 compute_max_ms=0.078848 compute_var_ms=0.000000285 compute_gflops=38.464170 eff_bw_gbs=314.656091 pct_peak_bw=33.7209 comm_avg_ms=1.019349 comm_min_ms=0.777406 comm_max_ms=7.500877 comm_var_ms=1.448689004 total_avg_ms=1.097344 total_min_ms=0.855230 total_max_ms=7.579725 total_var_ms=1.449070932 effective_gflops=2.733875
RESULT comm=block_nccl kernel=acc matrix=weak_sparse_P4.mtx P=4 rank=3 nrows_local=750000 ncols_global=3000000 nnz_local=1500000 n_ghost=885399 compute_avg_ms=0.079599 compute_min_ms=0.078848 compute_max_ms=0.079872 compute_var_ms=0.000000205 compute_gflops=37.688949 eff_bw_gbs=308.315700 pct_peak_bw=33.0414 comm_avg_ms=0.971725 comm_min_ms=0.726782 comm_max_ms=7.447521 comm_var_ms=1.446236491 total_avg_ms=1.051324 total_min_ms=0.805630 total_max_ms=7.526369 total_var_ms=1.445903737 effective_gflops=2.853545
[ERROR CHECKING] OK!

--- rep=1/10 driver=spmv_block_nccl_cusparse matrix=matrices_synthetic/weak_sparse_P4.mtx ---
Loaded matrices_synthetic/weak_sparse_P4.mtx: 3000000 x 3000000, 6000000 nnz
RESULT comm=block_nccl kernel=cusparse matrix=weak_sparse_P4.mtx P=4 rank=0 nrows_local=750000 ncols_global=3000000 nnz_local=1500000 n_ghost=884851 compute_avg_ms=0.104107 compute_min_ms=0.102400 compute_max_ms=0.106496 compute_var_ms=0.000000583 compute_gflops=28.816599 eff_bw_gbs=235.714093 pct_peak_bw=25.2609 comm_avg_ms=0.721779 comm_min_ms=0.706111 comm_max_ms=0.736998 comm_var_ms=0.000060984 total_avg_ms=0.825886 total_min_ms=0.809535 total_max_ms=0.841446 total_var_ms=0.000063153 effective_gflops=3.632462
RESULT comm=block_nccl kernel=cusparse matrix=weak_sparse_P4.mtx P=4 rank=1 nrows_local=750000 ncols_global=3000000 nnz_local=1500000 n_ghost=885804 compute_avg_ms=0.105540 compute_min_ms=0.104448 compute_max_ms=0.107520 compute_var_ms=0.000000485 compute_gflops=28.425170 eff_bw_gbs=232.548402 pct_peak_bw=24.9216 comm_avg_ms=0.598046 comm_min_ms=0.575287 comm_max_ms=0.647877 comm_var_ms=0.000189263 total_avg_ms=0.703586 total_min_ms=0.680759 total_max_ms=0.753349 total_var_ms=0.000191477 effective_gflops=4.263869
RESULT comm=block_nccl kernel=cusparse matrix=weak_sparse_P4.mtx P=4 rank=2 nrows_local=750000 ncols_global=3000000 nnz_local=1500000 n_ghost=885373 compute_avg_ms=0.103049 compute_min_ms=0.102400 compute_max_ms=0.104448 compute_var_ms=0.000000523 compute_gflops=29.112497 eff_bw_gbs=238.154739 pct_peak_bw=25.5224 comm_avg_ms=0.803271 comm_min_ms=0.786537 comm_max_ms=0.817667 comm_var_ms=0.000057976 total_avg_ms=0.906319 total_min_ms=0.889961 total_max_ms=0.922115 total_var_ms=0.000058100 effective_gflops=3.310091
RESULT comm=block_nccl kernel=cusparse matrix=weak_sparse_P4.mtx P=4 rank=3 nrows_local=750000 ncols_global=3000000 nnz_local=1500000 n_ghost=885399 compute_avg_ms=0.105267 compute_min_ms=0.104448 compute_max_ms=0.106496 compute_var_ms=0.000000377 compute_gflops=28.498906 eff_bw_gbs=233.136251 pct_peak_bw=24.9846 comm_avg_ms=0.749061 comm_min_ms=0.723206 comm_max_ms=0.773574 comm_var_ms=0.000146312 total_avg_ms=0.854328 total_min_ms=0.827654 total_max_ms=0.879046 total_var_ms=0.000146495 effective_gflops=3.511530
[ERROR CHECKING] OK!

--- rep=2/10 driver=spmv_ghost_nccl_acc matrix=matrices_synthetic/weak_sparse_P4.mtx ---
Loaded matrices_synthetic/weak_sparse_P4.mtx: 3000000 x 3000000, 6000000 nnz
[kernel] acc -> LINE-ENHANCE (nnz=1500000, avg_nnz=2.00, imbalance=1.00, V=1)
[kernel] acc -> LINE-ENHANCE (nnz=1500000, avg_nnz=2.00, imbalance=1.00, V=1)
[kernel] acc -> LINE-ENHANCE (nnz=1500000, avg_nnz=2.00, imbalance=1.00, V=1)
[kernel] acc -> LINE-ENHANCE (nnz=1500000, avg_nnz=2.00, imbalance=1.00, V=1)
RESULT comm=ghost_nccl kernel=acc matrix=weak_sparse_P4.mtx P=4 rank=1 nrows_local=750000 ncols_global=3000000 nnz_local=1500000 n_ghost=884919 compute_avg_ms=0.080111 compute_min_ms=0.078848 compute_max_ms=0.080896 compute_var_ms=0.000000397 compute_gflops=37.448073 eff_bw_gbs=306.321245 pct_peak_bw=32.8276 comm_avg_ms=0.990568 comm_min_ms=0.799285 comm_max_ms=3.378073 comm_var_ms=0.346190910 total_avg_ms=1.070679 total_min_ms=0.879157 total_max_ms=3.458969 total_var_ms=0.346289684 effective_gflops=2.801960
RESULT comm=ghost_nccl kernel=acc matrix=weak_sparse_P4.mtx P=4 rank=2 nrows_local=750000 ncols_global=3000000 nnz_local=1500000 n_ghost=885842 compute_avg_ms=0.078097 compute_min_ms=0.076800 compute_max_ms=0.079872 compute_var_ms=0.000000415 compute_gflops=38.413736 eff_bw_gbs=314.267538 pct_peak_bw=33.6792 comm_avg_ms=0.982815 comm_min_ms=0.801858 comm_max_ms=3.336235 comm_var_ms=0.341619088 total_avg_ms=1.060912 total_min_ms=0.879682 total_max_ms=3.414059 total_var_ms=0.341539587 effective_gflops=2.827756
RESULT comm=ghost_nccl kernel=acc matrix=weak_sparse_P4.mtx P=4 rank=0 nrows_local=750000 ncols_global=3000000 nnz_local=1500000 n_ghost=885256 compute_avg_ms=0.079189 compute_min_ms=0.077824 compute_max_ms=0.079872 compute_var_ms=0.000000303 compute_gflops=37.883892 eff_bw_gbs=309.903214 pct_peak_bw=33.2115 comm_avg_ms=0.944280 comm_min_ms=0.771941 comm_max_ms=3.337231 comm_var_ms=0.340203085 total_avg_ms=1.023470 total_min_ms=0.850789 total_max_ms=3.416079 total_var_ms=0.340242243 effective_gflops=2.931206
RESULT comm=ghost_nccl kernel=acc matrix=weak_sparse_P4.mtx P=4 rank=3 nrows_local=750000 ncols_global=3000000 nnz_local=1500000 n_ghost=885276 compute_avg_ms=0.079633 compute_min_ms=0.078848 compute_max_ms=0.080896 compute_var_ms=0.000000257 compute_gflops=37.672794 eff_bw_gbs=308.177368 pct_peak_bw=33.0266 comm_avg_ms=0.932865 comm_min_ms=0.755586 comm_max_ms=3.302586 comm_var_ms=0.344531374 total_avg_ms=1.012498 total_min_ms=0.835458 total_max_ms=3.381434 total_var_ms=0.344433627 effective_gflops=2.962969
[ERROR CHECKING] OK!

--- rep=2/10 driver=spmv_ghost_nccl_cusparse matrix=matrices_synthetic/weak_sparse_P4.mtx ---
Loaded matrices_synthetic/weak_sparse_P4.mtx: 3000000 x 3000000, 6000000 nnz
RESULT comm=ghost_nccl kernel=cusparse matrix=weak_sparse_P4.mtx P=4 rank=0 nrows_local=750000 ncols_global=3000000 nnz_local=1500000 n_ghost=885256 compute_avg_ms=0.104277 compute_min_ms=0.103424 compute_max_ms=0.106496 compute_var_ms=0.000000705 compute_gflops=28.769436 eff_bw_gbs=235.343844 pct_peak_bw=25.2212 comm_avg_ms=0.787300 comm_min_ms=0.768742 comm_max_ms=0.800986 comm_var_ms=0.000081301 total_avg_ms=0.891578 total_min_ms=0.874214 total_max_ms=0.907482 total_var_ms=0.000081119 effective_gflops=3.364821
RESULT comm=ghost_nccl kernel=cusparse matrix=weak_sparse_P4.mtx P=4 rank=1 nrows_local=750000 ncols_global=3000000 nnz_local=1500000 n_ghost=884919 compute_avg_ms=0.105165 compute_min_ms=0.104448 compute_max_ms=0.106496 compute_var_ms=0.000000360 compute_gflops=28.526656 eff_bw_gbs=233.345001 pct_peak_bw=25.0070 comm_avg_ms=0.824608 comm_min_ms=0.806627 comm_max_ms=0.846861 comm_var_ms=0.000107633 total_avg_ms=0.929773 total_min_ms=0.912099 total_max_ms=0.952333 total_var_ms=0.000107579 effective_gflops=3.226595
RESULT comm=ghost_nccl kernel=cusparse matrix=weak_sparse_P4.mtx P=4 rank=2 nrows_local=750000 ncols_global=3000000 nnz_local=1500000 n_ghost=885842 compute_avg_ms=0.103083 compute_min_ms=0.102400 compute_max_ms=0.104448 compute_var_ms=0.000000373 compute_gflops=29.102857 eff_bw_gbs=238.094079 pct_peak_bw=25.5159 comm_avg_ms=0.822727 comm_min_ms=0.803085 comm_max_ms=0.840334 comm_var_ms=0.000116391 total_avg_ms=0.925809 total_min_ms=0.906509 total_max_ms=0.942734 total_var_ms=0.000116415 effective_gflops=3.240408
RESULT comm=ghost_nccl kernel=cusparse matrix=weak_sparse_P4.mtx P=4 rank=3 nrows_local=750000 ncols_global=3000000 nnz_local=1500000 n_ghost=885276 compute_avg_ms=0.105097 compute_min_ms=0.103424 compute_max_ms=0.106496 compute_var_ms=0.000000453 compute_gflops=28.545186 eff_bw_gbs=233.510161 pct_peak_bw=25.0247 comm_avg_ms=0.770183 comm_min_ms=0.748682 comm_max_ms=0.790128 comm_var_ms=0.000079018 total_avg_ms=0.875280 total_min_ms=0.853130 total_max_ms=0.896624 total_var_ms=0.000079411 effective_gflops=3.427475
[ERROR CHECKING] OK!

--- rep=2/10 driver=spmv_rcm_nccl_acc matrix=matrices_synthetic/weak_sparse_P4.mtx ---
Loaded matrices_synthetic/weak_sparse_P4.mtx: 3000000 x 3000000, 6000000 nnz
[kernel] acc -> LINE-ENHANCE (nnz=1500000, avg_nnz=2.00, imbalance=1.00, V=1)
[kernel] acc -> LINE-ENHANCE (nnz=1500000, avg_nnz=2.00, imbalance=1.00, V=1)
[kernel] acc -> LINE-ENHANCE (nnz=1500000, avg_nnz=2.00, imbalance=1.00, V=1)
[kernel] acc -> LINE-ENHANCE (nnz=1500000, avg_nnz=2.00, imbalance=1.00, V=1)
RESULT comm=rcm_nccl kernel=acc matrix=weak_sparse_P4.mtx P=4 rank=0 nrows_local=750000 ncols_global=3000000 nnz_local=1500000 n_ghost=642873 compute_avg_ms=0.063283 compute_min_ms=0.062464 compute_max_ms=0.064512 compute_var_ms=0.000000377 compute_gflops=47.405947 eff_bw_gbs=372.476366 pct_peak_bw=39.9173 comm_avg_ms=0.511601 comm_min_ms=0.449372 comm_max_ms=1.424905 comm_var_ms=0.028919360 total_avg_ms=0.574884 total_min_ms=0.513884 total_max_ms=1.487369 total_var_ms=0.028867010 effective_gflops=5.218442
RESULT comm=rcm_nccl kernel=acc matrix=weak_sparse_P4.mtx P=4 rank=1 nrows_local=750000 ncols_global=3000000 nnz_local=1500000 n_ghost=788856 compute_avg_ms=0.063283 compute_min_ms=0.062464 compute_max_ms=0.064512 compute_var_ms=0.000000377 compute_gflops=47.405947 eff_bw_gbs=381.703649 pct_peak_bw=40.9062 comm_avg_ms=0.654524 comm_min_ms=0.602875 comm_max_ms=1.556509 comm_var_ms=0.028163760 total_avg_ms=0.717807 total_min_ms=0.666363 total_max_ms=1.619997 total_var_ms=0.028176377 effective_gflops=4.179397
RESULT comm=rcm_nccl kernel=acc matrix=weak_sparse_P4.mtx P=4 rank=3 nrows_local=750000 ncols_global=3000000 nnz_local=1500000 n_ghost=497113 compute_avg_ms=0.049323 compute_min_ms=0.049152 compute_max_ms=0.050176 compute_var_ms=0.000000146 compute_gflops=60.823960 eff_bw_gbs=466.082980 pct_peak_bw=49.9489 comm_avg_ms=0.541115 comm_min_ms=0.487652 comm_max_ms=1.434433 comm_var_ms=0.027602164 total_avg_ms=0.590438 total_min_ms=0.536804 total_max_ms=1.483585 total_var_ms=0.027592910 effective_gflops=5.080978
RESULT comm=rcm_nccl kernel=acc matrix=weak_sparse_P4.mtx P=4 rank=2 nrows_local=750000 ncols_global=3000000 nnz_local=1500000 n_ghost=814584 compute_avg_ms=0.057788 compute_min_ms=0.057344 compute_max_ms=0.059392 compute_var_ms=0.000000327 compute_gflops=51.914131 eff_bw_gbs=419.783546 pct_peak_bw=44.9871 comm_avg_ms=0.845000 comm_min_ms=0.788863 comm_max_ms=1.744080 comm_var_ms=0.028039599 total_avg_ms=0.902787 total_min_ms=0.846207 total_max_ms=1.802448 total_var_ms=0.028081083 effective_gflops=3.323042
[ERROR CHECKING] OK!

--- rep=2/10 driver=spmv_rcm_nccl_cusparse matrix=matrices_synthetic/weak_sparse_P4.mtx ---
Loaded matrices_synthetic/weak_sparse_P4.mtx: 3000000 x 3000000, 6000000 nnz
RESULT comm=rcm_nccl kernel=cusparse matrix=weak_sparse_P4.mtx P=4 rank=0 nrows_local=750000 ncols_global=3000000 nnz_local=1500000 n_ghost=642873 compute_avg_ms=0.084514 compute_min_ms=0.083968 compute_max_ms=0.084992 compute_var_ms=0.000000261 compute_gflops=35.497022 eff_bw_gbs=278.905970 pct_peak_bw=29.8896 comm_avg_ms=0.479261 comm_min_ms=0.434143 comm_max_ms=0.503602 comm_var_ms=0.000239338 total_avg_ms=0.563775 total_min_ms=0.519135 total_max_ms=0.587570 total_var_ms=0.000235060 effective_gflops=5.321274
RESULT comm=rcm_nccl kernel=cusparse matrix=weak_sparse_P4.mtx P=4 rank=1 nrows_local=750000 ncols_global=3000000 nnz_local=1500000 n_ghost=788856 compute_avg_ms=0.085641 compute_min_ms=0.083968 compute_max_ms=0.087040 compute_var_ms=0.000000733 compute_gflops=35.030142 eff_bw_gbs=282.056023 pct_peak_bw=30.2272 comm_avg_ms=0.641354 comm_min_ms=0.610880 comm_max_ms=0.944775 comm_var_ms=0.003242807 total_avg_ms=0.726994 total_min_ms=0.695872 total_max_ms=1.029767 total_var_ms=0.003233531 effective_gflops=4.126580
RESULT comm=rcm_nccl kernel=cusparse matrix=weak_sparse_P4.mtx P=4 rank=2 nrows_local=750000 ncols_global=3000000 nnz_local=1500000 n_ghost=814584 compute_avg_ms=0.078473 compute_min_ms=0.077824 compute_max_ms=0.079872 compute_var_ms=0.000000453 compute_gflops=38.229939 eff_bw_gbs=309.131615 pct_peak_bw=33.1288 comm_avg_ms=0.831660 comm_min_ms=0.798819 comm_max_ms=1.090844 comm_var_ms=0.002445198 total_avg_ms=0.910133 total_min_ms=0.878691 total_max_ms=1.169692 total_var_ms=0.002447040 effective_gflops=3.296222
RESULT comm=rcm_nccl kernel=cusparse matrix=weak_sparse_P4.mtx P=4 rank=3 nrows_local=750000 ncols_global=3000000 nnz_local=1500000 n_ghost=497113 compute_avg_ms=0.064171 compute_min_ms=0.062464 compute_max_ms=0.072704 compute_var_ms=0.000003099 compute_gflops=46.750333 eff_bw_gbs=358.239324 pct_peak_bw=38.3916 comm_avg_ms=0.525983 comm_min_ms=0.501848 comm_max_ms=0.570170 comm_var_ms=0.000225047 total_avg_ms=0.590154 total_min_ms=0.566360 total_max_ms=0.642874 total_var_ms=0.000254252 effective_gflops=5.083420
[ERROR CHECKING] OK!

--- rep=2/10 driver=spmv_fennel_nccl_acc matrix=matrices_synthetic/weak_sparse_P4.mtx ---
Loaded matrices_synthetic/weak_sparse_P4.mtx: 3000000 x 3000000, 6000000 nnz
[kernel] acc -> LINE-ENHANCE (nnz=1500002, avg_nnz=2.00, imbalance=1.00, V=1)
[kernel] acc -> LINE-ENHANCE (nnz=1499996, avg_nnz=2.00, imbalance=1.00, V=1)
[kernel] acc -> LINE-ENHANCE (nnz=1499998, avg_nnz=2.00, imbalance=1.00, V=1)
[kernel] acc -> LINE-ENHANCE (nnz=1500004, avg_nnz=2.00, imbalance=1.00, V=1)
RESULT comm=fennel_nccl kernel=acc matrix=weak_sparse_P4.mtx P=4 rank=0 nrows_local=750002 ncols_global=3000000 nnz_local=1500004 n_ghost=512771 compute_avg_ms=0.078302 compute_min_ms=0.076800 compute_max_ms=0.078848 compute_var_ms=0.000000331 compute_gflops=38.313367 eff_bw_gbs=294.388191 pct_peak_bw=31.5488 comm_avg_ms=0.537801 comm_min_ms=0.442889 comm_max_ms=2.896948 comm_var_ms=0.191959104 total_avg_ms=0.616102 total_min_ms=0.521737 total_max_ms=2.973748 total_var_ms=0.191712431 effective_gflops=4.869334
RESULT comm=fennel_nccl kernel=acc matrix=weak_sparse_P4.mtx P=4 rank=1 nrows_local=750001 ncols_global=3000000 nnz_local=1500002 n_ghost=512352 compute_avg_ms=0.079462 compute_min_ms=0.077824 compute_max_ms=0.080896 compute_var_ms=0.000000391 compute_gflops=37.753757 eff_bw_gbs=290.067263 pct_peak_bw=31.0857 comm_avg_ms=0.643368 comm_min_ms=0.548675 comm_max_ms=3.001832 comm_var_ms=0.191839850 total_avg_ms=0.722830 total_min_ms=0.627523 total_max_ms=3.080680 total_var_ms=0.191741389 effective_gflops=4.150359
RESULT comm=fennel_nccl kernel=acc matrix=weak_sparse_P4.mtx P=4 rank=2 nrows_local=749998 ncols_global=3000000 nnz_local=1499996 n_ghost=512871 compute_avg_ms=0.076937 compute_min_ms=0.075776 compute_max_ms=0.077824 compute_var_ms=0.000000191 compute_gflops=38.993074 eff_bw_gbs=299.616194 pct_peak_bw=32.1091 comm_avg_ms=0.627555 comm_min_ms=0.534309 comm_max_ms=2.986599 comm_var_ms=0.191936736 total_avg_ms=0.704492 total_min_ms=0.612133 total_max_ms=3.063399 total_var_ms=0.191914299 effective_gflops=4.258376
RESULT comm=fennel_nccl kernel=acc matrix=weak_sparse_P4.mtx P=4 rank=3 nrows_local=749999 ncols_global=3000000 nnz_local=1499998 n_ghost=512606 compute_avg_ms=0.079019 compute_min_ms=0.077824 compute_max_ms=0.079872 compute_var_ms=0.000000285 compute_gflops=37.965664 eff_bw_gbs=291.708300 pct_peak_bw=31.2616 comm_avg_ms=0.653564 comm_min_ms=0.563400 comm_max_ms=3.012411 comm_var_ms=0.191891920 total_avg_ms=0.732583 total_min_ms=0.642248 total_max_ms=3.092283 total_var_ms=0.192032297 effective_gflops=4.095094
[ERROR CHECKING] OK!

--- rep=2/10 driver=spmv_fennel_nccl_cusparse matrix=matrices_synthetic/weak_sparse_P4.mtx ---
Loaded matrices_synthetic/weak_sparse_P4.mtx: 3000000 x 3000000, 6000000 nnz
RESULT comm=fennel_nccl kernel=cusparse matrix=weak_sparse_P4.mtx P=4 rank=0 nrows_local=750002 ncols_global=3000000 nnz_local=1500004 n_ghost=512771 compute_avg_ms=0.101820 compute_min_ms=0.100352 compute_max_ms=0.103424 compute_var_ms=0.000000467 compute_gflops=29.463916 eff_bw_gbs=226.391721 pct_peak_bw=24.2618 comm_avg_ms=0.457460 comm_min_ms=0.444404 comm_max_ms=0.585974 comm_var_ms=0.000584081 total_avg_ms=0.559280 total_min_ms=0.546804 total_max_ms=0.687350 total_var_ms=0.000579977 effective_gflops=5.364056
RESULT comm=fennel_nccl kernel=cusparse matrix=weak_sparse_P4.mtx P=4 rank=1 nrows_local=750001 ncols_global=3000000 nnz_local=1500002 n_ghost=512352 compute_avg_ms=0.103663 compute_min_ms=0.102400 compute_max_ms=0.104448 compute_var_ms=0.000000397 compute_gflops=28.939988 eff_bw_gbs=222.349877 pct_peak_bw=23.8286 comm_avg_ms=0.564102 comm_min_ms=0.549351 comm_max_ms=0.699626 comm_var_ms=0.000675479 total_avg_ms=0.667765 total_min_ms=0.652775 total_max_ms=0.802026 total_var_ms=0.000663701 effective_gflops=4.492602
RESULT comm=fennel_nccl kernel=cusparse matrix=weak_sparse_P4.mtx P=4 rank=2 nrows_local=749998 ncols_global=3000000 nnz_local=1499996 n_ghost=512871 compute_avg_ms=0.100796 compute_min_ms=0.099328 compute_max_ms=0.102400 compute_var_ms=0.000000467 compute_gflops=29.763086 eff_bw_gbs=228.694529 pct_peak_bw=24.5086 comm_avg_ms=0.546253 comm_min_ms=0.531903 comm_max_ms=0.679581 comm_var_ms=0.000653278 total_avg_ms=0.647048 total_min_ms=0.633279 total_max_ms=0.780957 total_var_ms=0.000659421 effective_gflops=4.636426
RESULT comm=fennel_nccl kernel=cusparse matrix=weak_sparse_P4.mtx P=4 rank=3 nrows_local=749999 ncols_global=3000000 nnz_local=1499998 n_ghost=512606 compute_avg_ms=0.103287 compute_min_ms=0.102400 compute_max_ms=0.104448 compute_var_ms=0.000000541 compute_gflops=29.045112 eff_bw_gbs=223.167450 pct_peak_bw=23.9163 comm_avg_ms=0.574912 comm_min_ms=0.561626 comm_max_ms=0.704015 comm_var_ms=0.000619765 total_avg_ms=0.678199 total_min_ms=0.664439 total_max_ms=0.807439 total_var_ms=0.000620540 effective_gflops=4.423473
[ERROR CHECKING] OK!

--- rep=2/10 driver=spmv_block_nccl_acc matrix=matrices_synthetic/weak_sparse_P4.mtx ---
Loaded matrices_synthetic/weak_sparse_P4.mtx: 3000000 x 3000000, 6000000 nnz
[kernel] acc -> LINE-ENHANCE (nnz=1500000, avg_nnz=2.00, imbalance=1.00, V=1)
[kernel] acc -> LINE-ENHANCE (nnz=1500000, avg_nnz=2.00, imbalance=1.00, V=1)
[kernel] acc -> LINE-ENHANCE (nnz=1500000, avg_nnz=2.00, imbalance=1.00, V=1)
[kernel] acc -> LINE-ENHANCE (nnz=1500000, avg_nnz=2.00, imbalance=1.00, V=1)
RESULT comm=block_nccl kernel=acc matrix=weak_sparse_P4.mtx P=4 rank=0 nrows_local=750000 ncols_global=3000000 nnz_local=1500000 n_ghost=884851 compute_avg_ms=0.078916 compute_min_ms=0.077824 compute_max_ms=0.079872 compute_var_ms=0.000000135 compute_gflops=38.014978 eff_bw_gbs=310.955016 pct_peak_bw=33.3242 comm_avg_ms=0.711067 comm_min_ms=0.693505 comm_max_ms=0.750464 comm_var_ms=0.000155895 total_avg_ms=0.789984 total_min_ms=0.772353 total_max_ms=0.829312 total_var_ms=0.000156658 effective_gflops=3.797547
RESULT comm=block_nccl kernel=acc matrix=weak_sparse_P4.mtx P=4 rank=1 nrows_local=750000 ncols_global=3000000 nnz_local=1500000 n_ghost=885804 compute_avg_ms=0.080247 compute_min_ms=0.079872 compute_max_ms=0.080896 compute_var_ms=0.000000244 compute_gflops=37.384359 eff_bw_gbs=305.844182 pct_peak_bw=32.7765 comm_avg_ms=0.594350 comm_min_ms=0.572102 comm_max_ms=0.623997 comm_var_ms=0.000143855 total_avg_ms=0.674598 total_min_ms=0.651974 total_max_ms=0.704893 total_var_ms=0.000144881 effective_gflops=4.447095
RESULT comm=block_nccl kernel=acc matrix=weak_sparse_P4.mtx P=4 rank=3 nrows_local=750000 ncols_global=3000000 nnz_local=1500000 n_ghost=885399 compute_avg_ms=0.079804 compute_min_ms=0.078848 compute_max_ms=0.080896 compute_var_ms=0.000000275 compute_gflops=37.592228 eff_bw_gbs=307.524471 pct_peak_bw=32.9566 comm_avg_ms=0.754550 comm_min_ms=0.704726 comm_max_ms=0.784955 comm_var_ms=0.000285537 total_avg_ms=0.834354 total_min_ms=0.783574 total_max_ms=0.864827 total_var_ms=0.000288391 effective_gflops=3.595598
RESULT comm=block_nccl kernel=acc matrix=weak_sparse_P4.mtx P=4 rank=2 nrows_local=750000 ncols_global=3000000 nnz_local=1500000 n_ghost=885373 compute_avg_ms=0.077961 compute_min_ms=0.076800 compute_max_ms=0.078848 compute_var_ms=0.000000261 compute_gflops=38.481011 eff_bw_gbs=314.793856 pct_peak_bw=33.7356 comm_avg_ms=0.803893 comm_min_ms=0.784770 comm_max_ms=0.856829 comm_var_ms=0.000188625 total_avg_ms=0.881853 total_min_ms=0.862594 total_max_ms=0.934653 total_var_ms=0.000188914 effective_gflops=3.401926
[ERROR CHECKING] OK!

--- rep=2/10 driver=spmv_block_nccl_cusparse matrix=matrices_synthetic/weak_sparse_P4.mtx ---
Loaded matrices_synthetic/weak_sparse_P4.mtx: 3000000 x 3000000, 6000000 nnz
RESULT comm=block_nccl kernel=cusparse matrix=weak_sparse_P4.mtx P=4 rank=0 nrows_local=750000 ncols_global=3000000 nnz_local=1500000 n_ghost=884851 compute_avg_ms=0.104277 compute_min_ms=0.102400 compute_max_ms=0.105472 compute_var_ms=0.000000635 compute_gflops=28.769436 eff_bw_gbs=235.328308 pct_peak_bw=25.2195 comm_avg_ms=0.716534 comm_min_ms=0.702875 comm_max_ms=0.730727 comm_var_ms=0.000053077 total_avg_ms=0.820811 total_min_ms=0.807323 total_max_ms=0.835175 total_var_ms=0.000052632 effective_gflops=3.654920
RESULT comm=block_nccl kernel=cusparse matrix=weak_sparse_P4.mtx P=4 rank=1 nrows_local=750000 ncols_global=3000000 nnz_local=1500000 n_ghost=885804 compute_avg_ms=0.105506 compute_min_ms=0.104448 compute_max_ms=0.106496 compute_var_ms=0.000000453 compute_gflops=28.434366 eff_bw_gbs=232.623636 pct_peak_bw=24.9297 comm_avg_ms=0.605495 comm_min_ms=0.586680 comm_max_ms=0.642123 comm_var_ms=0.000175190 total_avg_ms=0.711001 total_min_ms=0.693176 total_max_ms=0.747595 total_var_ms=0.000174024 effective_gflops=4.219401
RESULT comm=block_nccl kernel=cusparse matrix=weak_sparse_P4.mtx P=4 rank=2 nrows_local=750000 ncols_global=3000000 nnz_local=1500000 n_ghost=885373 compute_avg_ms=0.103117 compute_min_ms=0.101376 compute_max_ms=0.104448 compute_var_ms=0.000000500 compute_gflops=29.093223 eff_bw_gbs=237.997073 pct_peak_bw=25.5055 comm_avg_ms=0.818727 comm_min_ms=0.798826 comm_max_ms=0.841954 comm_var_ms=0.000083974 total_avg_ms=0.921844 total_min_ms=0.902250 total_max_ms=0.943330 total_var_ms=0.000083704 effective_gflops=3.254346
RESULT comm=block_nccl kernel=cusparse matrix=weak_sparse_P4.mtx P=4 rank=3 nrows_local=750000 ncols_global=3000000 nnz_local=1500000 n_ghost=885399 compute_avg_ms=0.104892 compute_min_ms=0.103424 compute_max_ms=0.106496 compute_var_ms=0.000000467 compute_gflops=28.600920 eff_bw_gbs=233.970778 pct_peak_bw=25.0740 comm_avg_ms=0.780973 comm_min_ms=0.759429 comm_max_ms=0.808928 comm_var_ms=0.000117611 total_avg_ms=0.885864 total_min_ms=0.863877 total_max_ms=0.914400 total_var_ms=0.000115024 effective_gflops=3.386523
[ERROR CHECKING] OK!

--- rep=3/10 driver=spmv_ghost_nccl_acc matrix=matrices_synthetic/weak_sparse_P4.mtx ---
Loaded matrices_synthetic/weak_sparse_P4.mtx: 3000000 x 3000000, 6000000 nnz
[kernel] acc -> LINE-ENHANCE (nnz=1500000, avg_nnz=2.00, imbalance=1.00, V=1)
[kernel] acc -> LINE-ENHANCE (nnz=1500000, avg_nnz=2.00, imbalance=1.00, V=1)
[kernel] acc -> LINE-ENHANCE (nnz=1500000, avg_nnz=2.00, imbalance=1.00, V=1)
[kernel] acc -> LINE-ENHANCE (nnz=1500000, avg_nnz=2.00, imbalance=1.00, V=1)
RESULT comm=ghost_nccl kernel=acc matrix=weak_sparse_P4.mtx P=4 rank=0 nrows_local=750000 ncols_global=3000000 nnz_local=1500000 n_ghost=885256 compute_avg_ms=0.079326 compute_min_ms=0.077824 compute_max_ms=0.079872 compute_var_ms=0.000000401 compute_gflops=37.818687 eff_bw_gbs=309.369818 pct_peak_bw=33.1543 comm_avg_ms=0.793396 comm_min_ms=0.762389 comm_max_ms=0.821252 comm_var_ms=0.000165524 total_avg_ms=0.872722 total_min_ms=0.841237 total_max_ms=0.901124 total_var_ms=0.000170528 effective_gflops=3.437520
RESULT comm=ghost_nccl kernel=acc matrix=weak_sparse_P4.mtx P=4 rank=1 nrows_local=750000 ncols_global=3000000 nnz_local=1500000 n_ghost=884919 compute_avg_ms=0.080282 compute_min_ms=0.079872 compute_max_ms=0.081920 compute_var_ms=0.000000322 compute_gflops=37.368464 eff_bw_gbs=305.670051 pct_peak_bw=32.7579 comm_avg_ms=0.820140 comm_min_ms=0.791569 comm_max_ms=0.836645 comm_var_ms=0.000136438 total_avg_ms=0.900421 total_min_ms=0.871441 total_max_ms=0.917541 total_var_ms=0.000135430 effective_gflops=3.331773
RESULT comm=ghost_nccl kernel=acc matrix=weak_sparse_P4.mtx P=4 rank=2 nrows_local=750000 ncols_global=3000000 nnz_local=1500000 n_ghost=885842 compute_avg_ms=0.078302 compute_min_ms=0.077824 compute_max_ms=0.078848 compute_var_ms=0.000000261 compute_gflops=38.313264 eff_bw_gbs=313.445567 pct_peak_bw=33.5911 comm_avg_ms=0.825434 comm_min_ms=0.800024 comm_max_ms=0.845473 comm_var_ms=0.000177974 total_avg_ms=0.903736 total_min_ms=0.878872 total_max_ms=0.924321 total_var_ms=0.000174411 effective_gflops=3.319554
RESULT comm=ghost_nccl kernel=acc matrix=weak_sparse_P4.mtx P=4 rank=3 nrows_local=750000 ncols_global=3000000 nnz_local=1500000 n_ghost=885276 compute_avg_ms=0.079701 compute_min_ms=0.078848 compute_max_ms=0.080896 compute_var_ms=0.000000355 compute_gflops=37.640526 eff_bw_gbs=307.913404 pct_peak_bw=32.9983 comm_avg_ms=0.771820 comm_min_ms=0.746616 comm_max_ms=0.795546 comm_var_ms=0.000121862 total_avg_ms=0.851522 total_min_ms=0.826488 total_max_ms=0.875418 total_var_ms=0.000120379 effective_gflops=3.523105
[ERROR CHECKING] OK!

--- rep=3/10 driver=spmv_ghost_nccl_cusparse matrix=matrices_synthetic/weak_sparse_P4.mtx ---
Loaded matrices_synthetic/weak_sparse_P4.mtx: 3000000 x 3000000, 6000000 nnz
RESULT comm=ghost_nccl kernel=cusparse matrix=weak_sparse_P4.mtx P=4 rank=0 nrows_local=750000 ncols_global=3000000 nnz_local=1500000 n_ghost=885256 compute_avg_ms=0.104550 compute_min_ms=0.103424 compute_max_ms=0.105472 compute_var_ms=0.000000444 compute_gflops=28.694295 eff_bw_gbs=234.729168 pct_peak_bw=25.1553 comm_avg_ms=0.793108 comm_min_ms=0.757342 comm_max_ms=0.810981 comm_var_ms=0.000146229 total_avg_ms=0.897658 total_min_ms=0.862814 total_max_ms=0.915429 total_var_ms=0.000142075 effective_gflops=3.342030
RESULT comm=ghost_nccl kernel=cusparse matrix=weak_sparse_P4.mtx P=4 rank=1 nrows_local=750000 ncols_global=3000000 nnz_local=1500000 n_ghost=884919 compute_avg_ms=0.105643 compute_min_ms=0.104448 compute_max_ms=0.106496 compute_var_ms=0.000000425 compute_gflops=28.397618 eff_bw_gbs=232.289482 pct_peak_bw=24.8938 comm_avg_ms=0.831700 comm_min_ms=0.814424 comm_max_ms=0.852481 comm_var_ms=0.000114646 total_avg_ms=0.937342 total_min_ms=0.919896 total_max_ms=0.957953 total_var_ms=0.000113512 effective_gflops=3.200538
RESULT comm=ghost_nccl kernel=cusparse matrix=weak_sparse_P4.mtx P=4 rank=2 nrows_local=750000 ncols_global=3000000 nnz_local=1500000 n_ghost=885842 compute_avg_ms=0.102673 compute_min_ms=0.101376 compute_max_ms=0.104448 compute_var_ms=0.000000485 compute_gflops=29.218958 eff_bw_gbs=239.043923 pct_peak_bw=25.6177 comm_avg_ms=0.822928 comm_min_ms=0.787061 comm_max_ms=0.846197 comm_var_ms=0.000167727 total_avg_ms=0.925601 total_min_ms=0.889461 total_max_ms=0.949082 total_var_ms=0.000172897 effective_gflops=3.241136
RESULT comm=ghost_nccl kernel=cusparse matrix=weak_sparse_P4.mtx P=4 rank=3 nrows_local=750000 ncols_global=3000000 nnz_local=1500000 n_ghost=885276 compute_avg_ms=0.105028 compute_min_ms=0.103424 compute_max_ms=0.106496 compute_var_ms=0.000000537 compute_gflops=28.563739 eff_bw_gbs=233.661939 pct_peak_bw=25.0409 comm_avg_ms=0.771542 comm_min_ms=0.753098 comm_max_ms=0.791436 comm_var_ms=0.000100796 total_avg_ms=0.876570 total_min_ms=0.857546 total_max_ms=0.896908 total_var_ms=0.000103168 effective_gflops=3.422431
[ERROR CHECKING] OK!

--- rep=3/10 driver=spmv_rcm_nccl_acc matrix=matrices_synthetic/weak_sparse_P4.mtx ---
Loaded matrices_synthetic/weak_sparse_P4.mtx: 3000000 x 3000000, 6000000 nnz
[kernel] acc -> LINE-ENHANCE (nnz=1500000, avg_nnz=2.00, imbalance=1.00, V=1)
[kernel] acc -> LINE-ENHANCE (nnz=1500000, avg_nnz=2.00, imbalance=1.00, V=1)
[kernel] acc -> LINE-ENHANCE (nnz=1500000, avg_nnz=2.00, imbalance=1.00, V=1)
[kernel] acc -> LINE-ENHANCE (nnz=1500000, avg_nnz=2.00, imbalance=1.00, V=1)
RESULT comm=rcm_nccl kernel=acc matrix=weak_sparse_P4.mtx P=4 rank=0 nrows_local=750000 ncols_global=3000000 nnz_local=1500000 n_ghost=642873 compute_avg_ms=0.063386 compute_min_ms=0.062464 compute_max_ms=0.064512 compute_var_ms=0.000000304 compute_gflops=47.329363 eff_bw_gbs=371.874627 pct_peak_bw=39.8528 comm_avg_ms=0.483628 comm_min_ms=0.460518 comm_max_ms=0.510195 comm_var_ms=0.000140794 total_avg_ms=0.547013 total_min_ms=0.524006 total_max_ms=0.573683 total_var_ms=0.000144896 effective_gflops=5.484328
RESULT comm=rcm_nccl kernel=acc matrix=weak_sparse_P4.mtx P=4 rank=1 nrows_local=750000 ncols_global=3000000 nnz_local=1500000 n_ghost=788856 compute_avg_ms=0.063249 compute_min_ms=0.062464 compute_max_ms=0.064512 compute_var_ms=0.000000327 compute_gflops=47.431531 eff_bw_gbs=381.909641 pct_peak_bw=40.9282 comm_avg_ms=0.658461 comm_min_ms=0.611819 comm_max_ms=1.526023 comm_var_ms=0.026056606 total_avg_ms=0.721710 total_min_ms=0.675307 total_max_ms=1.590535 total_var_ms=0.026130269 effective_gflops=4.156796
RESULT comm=rcm_nccl kernel=acc matrix=weak_sparse_P4.mtx P=4 rank=2 nrows_local=750000 ncols_global=3000000 nnz_local=1500000 n_ghost=814584 compute_avg_ms=0.057890 compute_min_ms=0.057344 compute_max_ms=0.059392 compute_var_ms=0.000000331 compute_gflops=51.822302 eff_bw_gbs=419.041004 pct_peak_bw=44.9075 comm_avg_ms=0.818798 comm_min_ms=0.794568 comm_max_ms=0.850057 comm_var_ms=0.000147077 total_avg_ms=0.876689 total_min_ms=0.851912 total_max_ms=0.907401 total_var_ms=0.000150937 effective_gflops=3.421968
RESULT comm=rcm_nccl kernel=acc matrix=weak_sparse_P4.mtx P=4 rank=3 nrows_local=750000 ncols_global=3000000 nnz_local=1500000 n_ghost=497113 compute_avg_ms=0.049220 compute_min_ms=0.048128 compute_max_ms=0.050176 compute_var_ms=0.000000345 compute_gflops=60.950502 eff_bw_gbs=467.052641 pct_peak_bw=50.0528 comm_avg_ms=0.514789 comm_min_ms=0.494209 comm_max_ms=0.534786 comm_var_ms=0.000119041 total_avg_ms=0.564009 total_min_ms=0.542337 total_max_ms=0.584179 total_var_ms=0.000121512 effective_gflops=5.319062
[ERROR CHECKING] OK!

--- rep=3/10 driver=spmv_rcm_nccl_cusparse matrix=matrices_synthetic/weak_sparse_P4.mtx ---
Loaded matrices_synthetic/weak_sparse_P4.mtx: 3000000 x 3000000, 6000000 nnz
RESULT comm=rcm_nccl kernel=cusparse matrix=weak_sparse_P4.mtx P=4 rank=0 nrows_local=750000 ncols_global=3000000 nnz_local=1500000 n_ghost=642873 compute_avg_ms=0.084480 compute_min_ms=0.082944 compute_max_ms=0.086016 compute_var_ms=0.000000472 compute_gflops=35.511364 eff_bw_gbs=279.018659 pct_peak_bw=29.9017 comm_avg_ms=0.483601 comm_min_ms=0.468854 comm_max_ms=0.507830 comm_var_ms=0.000098346 total_avg_ms=0.568081 total_min_ms=0.552822 total_max_ms=0.592822 total_var_ms=0.000099900 effective_gflops=5.280935
RESULT comm=rcm_nccl kernel=cusparse matrix=weak_sparse_P4.mtx P=4 rank=1 nrows_local=750000 ncols_global=3000000 nnz_local=1500000 n_ghost=788856 compute_avg_ms=0.085914 compute_min_ms=0.084992 compute_max_ms=0.088064 compute_var_ms=0.000000374 compute_gflops=34.918802 eff_bw_gbs=281.159539 pct_peak_bw=30.1311 comm_avg_ms=0.626821 comm_min_ms=0.613334 comm_max_ms=0.641300 comm_var_ms=0.000059736 total_avg_ms=0.712734 total_min_ms=0.699350 total_max_ms=0.727316 total_var_ms=0.000063253 effective_gflops=4.209143
RESULT comm=rcm_nccl kernel=cusparse matrix=weak_sparse_P4.mtx P=4 rank=2 nrows_local=750000 ncols_global=3000000 nnz_local=1500000 n_ghost=814584 compute_avg_ms=0.078336 compute_min_ms=0.076800 compute_max_ms=0.079872 compute_var_ms=0.000000612 compute_gflops=38.296570 eff_bw_gbs=309.670405 pct_peak_bw=33.1866 comm_avg_ms=0.812538 comm_min_ms=0.788476 comm_max_ms=0.838972 comm_var_ms=0.000130817 total_avg_ms=0.890874 total_min_ms=0.867324 total_max_ms=0.916796 total_var_ms=0.000128678 effective_gflops=3.367479
RESULT comm=rcm_nccl kernel=cusparse matrix=weak_sparse_P4.mtx P=4 rank=3 nrows_local=750000 ncols_global=3000000 nnz_local=1500000 n_ghost=497113 compute_avg_ms=0.063898 compute_min_ms=0.062464 compute_max_ms=0.064512 compute_var_ms=0.000000391 compute_gflops=46.950121 eff_bw_gbs=359.770261 pct_peak_bw=38.5556 comm_avg_ms=0.511736 comm_min_ms=0.497498 comm_max_ms=0.528760 comm_var_ms=0.000082633 total_avg_ms=0.575634 total_min_ms=0.561055 total_max_ms=0.593272 total_var_ms=0.000081340 effective_gflops=5.211645
[ERROR CHECKING] OK!

--- rep=3/10 driver=spmv_fennel_nccl_acc matrix=matrices_synthetic/weak_sparse_P4.mtx ---
Loaded matrices_synthetic/weak_sparse_P4.mtx: 3000000 x 3000000, 6000000 nnz
[kernel] acc -> LINE-ENHANCE (nnz=1500002, avg_nnz=2.00, imbalance=1.00, V=1)
[kernel] acc -> LINE-ENHANCE (nnz=1499996, avg_nnz=2.00, imbalance=1.00, V=1)
[kernel] acc -> LINE-ENHANCE (nnz=1499998, avg_nnz=2.00, imbalance=1.00, V=1)
[kernel] acc -> LINE-ENHANCE (nnz=1500004, avg_nnz=2.00, imbalance=1.00, V=1)
RESULT comm=fennel_nccl kernel=acc matrix=weak_sparse_P4.mtx P=4 rank=0 nrows_local=750002 ncols_global=3000000 nnz_local=1500004 n_ghost=512771 compute_avg_ms=0.078165 compute_min_ms=0.076800 compute_max_ms=0.078848 compute_var_ms=0.000000303 compute_gflops=38.380289 eff_bw_gbs=294.902407 pct_peak_bw=31.6039 comm_avg_ms=1.075944 comm_min_ms=0.451971 comm_max_ms=7.063122 comm_var_ms=1.911648884 total_avg_ms=1.154109 total_min_ms=0.529795 total_max_ms=7.140946 total_var_ms=1.911616934 effective_gflops=2.599414
RESULT comm=fennel_nccl kernel=acc matrix=weak_sparse_P4.mtx P=4 rank=1 nrows_local=750001 ncols_global=3000000 nnz_local=1500002 n_ghost=512352 compute_avg_ms=0.079360 compute_min_ms=0.077824 compute_max_ms=0.080896 compute_var_ms=0.000000402 compute_gflops=37.802471 eff_bw_gbs=290.441543 pct_peak_bw=31.1259 comm_avg_ms=1.182009 comm_min_ms=0.554360 comm_max_ms=7.203069 comm_var_ms=1.940174889 total_avg_ms=1.261369 total_min_ms=0.633785 total_max_ms=7.282941 total_var_ms=1.940139591 effective_gflops=2.378372
RESULT comm=fennel_nccl kernel=acc matrix=weak_sparse_P4.mtx P=4 rank=2 nrows_local=749998 ncols_global=3000000 nnz_local=1499996 n_ghost=512871 compute_avg_ms=0.077073 compute_min_ms=0.075776 compute_max_ms=0.078848 compute_var_ms=0.000000415 compute_gflops=38.923999 eff_bw_gbs=299.085433 pct_peak_bw=32.0522 comm_avg_ms=1.172918 comm_min_ms=0.540776 comm_max_ms=7.203653 comm_var_ms=1.951597035 total_avg_ms=1.249991 total_min_ms=0.618600 total_max_ms=7.281477 total_var_ms=1.951633460 effective_gflops=2.400012
RESULT comm=fennel_nccl kernel=acc matrix=weak_sparse_P4.mtx P=4 rank=3 nrows_local=749999 ncols_global=3000000 nnz_local=1499998 n_ghost=512606 compute_avg_ms=0.079087 compute_min_ms=0.077824 compute_max_ms=0.079872 compute_var_ms=0.000000327 compute_gflops=37.932892 eff_bw_gbs=291.456501 pct_peak_bw=31.2346 comm_avg_ms=1.193558 comm_min_ms=0.562694 comm_max_ms=7.221766 comm_var_ms=1.944675021 total_avg_ms=1.272645 total_min_ms=0.642566 total_max_ms=7.300614 total_var_ms=1.944550765 effective_gflops=2.357293
[ERROR CHECKING] OK!

--- rep=3/10 driver=spmv_fennel_nccl_cusparse matrix=matrices_synthetic/weak_sparse_P4.mtx ---
Loaded matrices_synthetic/weak_sparse_P4.mtx: 3000000 x 3000000, 6000000 nnz
RESULT comm=fennel_nccl kernel=cusparse matrix=weak_sparse_P4.mtx P=4 rank=0 nrows_local=750002 ncols_global=3000000 nnz_local=1500004 n_ghost=512771 compute_avg_ms=0.102298 compute_min_ms=0.101376 compute_max_ms=0.103424 compute_var_ms=0.000000444 compute_gflops=29.326280 eff_bw_gbs=225.334168 pct_peak_bw=24.1485 comm_avg_ms=0.859998 comm_min_ms=0.440526 comm_max_ms=5.477371 comm_var_ms=1.206892642 total_avg_ms=0.962296 total_min_ms=0.542926 total_max_ms=5.579771 total_var_ms=1.206973878 effective_gflops=3.117553
RESULT comm=fennel_nccl kernel=cusparse matrix=weak_sparse_P4.mtx P=4 rank=1 nrows_local=750001 ncols_global=3000000 nnz_local=1500002 n_ghost=512352 compute_avg_ms=0.103629 compute_min_ms=0.102400 compute_max_ms=0.105472 compute_var_ms=0.000000657 compute_gflops=28.949520 eff_bw_gbs=222.423115 pct_peak_bw=23.8365 comm_avg_ms=0.966029 comm_min_ms=0.553892 comm_max_ms=5.636611 comm_var_ms=1.226507241 total_avg_ms=1.069658 total_min_ms=0.657316 total_max_ms=5.740035 total_var_ms=1.226237007 effective_gflops=2.804639
RESULT comm=fennel_nccl kernel=cusparse matrix=weak_sparse_P4.mtx P=4 rank=2 nrows_local=749998 ncols_global=3000000 nnz_local=1499996 n_ghost=512871 compute_avg_ms=0.101001 compute_min_ms=0.100352 compute_max_ms=0.102400 compute_var_ms=0.000000453 compute_gflops=29.702735 eff_bw_gbs=228.230802 pct_peak_bw=24.4589 comm_avg_ms=0.949470 comm_min_ms=0.534854 comm_max_ms=5.614091 comm_var_ms=1.221700374 total_avg_ms=1.050470 total_min_ms=0.635206 total_max_ms=5.714443 total_var_ms=1.221203280 effective_gflops=2.855857
RESULT comm=fennel_nccl kernel=cusparse matrix=weak_sparse_P4.mtx P=4 rank=3 nrows_local=749999 ncols_global=3000000 nnz_local=1499998 n_ghost=512606 compute_avg_ms=0.103151 compute_min_ms=0.101376 compute_max_ms=0.104448 compute_var_ms=0.000000485 compute_gflops=29.083557 eff_bw_gbs=223.462840 pct_peak_bw=23.9479 comm_avg_ms=0.972419 comm_min_ms=0.560515 comm_max_ms=5.604746 comm_var_ms=1.207523342 total_avg_ms=1.075570 total_min_ms=0.663939 total_max_ms=5.707146 total_var_ms=1.207398432 effective_gflops=2.789215
[ERROR CHECKING] OK!

--- rep=3/10 driver=spmv_block_nccl_acc matrix=matrices_synthetic/weak_sparse_P4.mtx ---
Loaded matrices_synthetic/weak_sparse_P4.mtx: 3000000 x 3000000, 6000000 nnz
[kernel] acc -> LINE-ENHANCE (nnz=1500000, avg_nnz=2.00, imbalance=1.00, V=1)
[kernel] acc -> LINE-ENHANCE (nnz=1500000, avg_nnz=2.00, imbalance=1.00, V=1)
[kernel] acc -> LINE-ENHANCE (nnz=1500000, avg_nnz=2.00, imbalance=1.00, V=1)
[kernel] acc -> LINE-ENHANCE (nnz=1500000, avg_nnz=2.00, imbalance=1.00, V=1)
RESULT comm=block_nccl kernel=acc matrix=weak_sparse_P4.mtx P=4 rank=0 nrows_local=750000 ncols_global=3000000 nnz_local=1500000 n_ghost=884851 compute_avg_ms=0.078950 compute_min_ms=0.077824 compute_max_ms=0.079872 compute_var_ms=0.000000374 compute_gflops=37.998542 eff_bw_gbs=310.820578 pct_peak_bw=33.3098 comm_avg_ms=0.722129 comm_min_ms=0.697760 comm_max_ms=0.740258 comm_var_ms=0.000079838 total_avg_ms=0.801079 total_min_ms=0.776608 total_max_ms=0.820130 total_var_ms=0.000081338 effective_gflops=3.744947
RESULT comm=block_nccl kernel=acc matrix=weak_sparse_P4.mtx P=4 rank=2 nrows_local=750000 ncols_global=3000000 nnz_local=1500000 n_ghost=885373 compute_avg_ms=0.078097 compute_min_ms=0.077824 compute_max_ms=0.078848 compute_var_ms=0.000000205 compute_gflops=38.413736 eff_bw_gbs=314.243519 pct_peak_bw=33.6766 comm_avg_ms=0.814405 comm_min_ms=0.792494 comm_max_ms=0.883855 comm_var_ms=0.000241711 total_avg_ms=0.892503 total_min_ms=0.871342 total_max_ms=0.962703 total_var_ms=0.000244881 effective_gflops=3.361335
RESULT comm=block_nccl kernel=acc matrix=weak_sparse_P4.mtx P=4 rank=1 nrows_local=750000 ncols_global=3000000 nnz_local=1500000 n_ghost=885804 compute_avg_ms=0.080077 compute_min_ms=0.078848 compute_max_ms=0.081920 compute_var_ms=0.000000377 compute_gflops=37.464036 eff_bw_gbs=306.496024 pct_peak_bw=32.8464 comm_avg_ms=0.596916 comm_min_ms=0.528239 comm_max_ms=0.621121 comm_var_ms=0.000270358 total_avg_ms=0.676992 total_min_ms=0.609135 total_max_ms=0.700993 total_var_ms=0.000267580 effective_gflops=4.431364
RESULT comm=block_nccl kernel=acc matrix=weak_sparse_P4.mtx P=4 rank=3 nrows_local=750000 ncols_global=3000000 nnz_local=1500000 n_ghost=885399 compute_avg_ms=0.079804 compute_min_ms=0.078848 compute_max_ms=0.080896 compute_var_ms=0.000000275 compute_gflops=37.592228 eff_bw_gbs=307.524471 pct_peak_bw=32.9566 comm_avg_ms=0.769313 comm_min_ms=0.732439 comm_max_ms=0.797150 comm_var_ms=0.000168283 total_avg_ms=0.849117 total_min_ms=0.813335 total_max_ms=0.877022 total_var_ms=0.000167275 effective_gflops=3.533082
[ERROR CHECKING] OK!

--- rep=3/10 driver=spmv_block_nccl_cusparse matrix=matrices_synthetic/weak_sparse_P4.mtx ---
Loaded matrices_synthetic/weak_sparse_P4.mtx: 3000000 x 3000000, 6000000 nnz
RESULT comm=block_nccl kernel=cusparse matrix=weak_sparse_P4.mtx P=4 rank=0 nrows_local=750000 ncols_global=3000000 nnz_local=1500000 n_ghost=884851 compute_avg_ms=0.104414 compute_min_ms=0.102400 compute_max_ms=0.105472 compute_var_ms=0.000000523 compute_gflops=28.731816 eff_bw_gbs=235.020589 pct_peak_bw=25.1865 comm_avg_ms=0.712020 comm_min_ms=0.691344 comm_max_ms=0.728490 comm_var_ms=0.000091557 total_avg_ms=0.816433 total_min_ms=0.795792 total_max_ms=0.830890 total_var_ms=0.000089493 effective_gflops=3.674519
RESULT comm=block_nccl kernel=cusparse matrix=weak_sparse_P4.mtx P=4 rank=1 nrows_local=750000 ncols_global=3000000 nnz_local=1500000 n_ghost=885804 compute_avg_ms=0.105335 compute_min_ms=0.104448 compute_max_ms=0.106496 compute_var_ms=0.000000401 compute_gflops=28.480436 eff_bw_gbs=233.000538 pct_peak_bw=24.9701 comm_avg_ms=0.593220 comm_min_ms=0.516350 comm_max_ms=0.611010 comm_var_ms=0.000255222 total_avg_ms=0.698556 total_min_ms=0.621822 total_max_ms=0.717506 total_var_ms=0.000257537 effective_gflops=4.294575
RESULT comm=block_nccl kernel=cusparse matrix=weak_sparse_P4.mtx P=4 rank=2 nrows_local=750000 ncols_global=3000000 nnz_local=1500000 n_ghost=885373 compute_avg_ms=0.102741 compute_min_ms=0.101376 compute_max_ms=0.103424 compute_var_ms=0.000000303 compute_gflops=29.199544 eff_bw_gbs=238.866830 pct_peak_bw=25.5987 comm_avg_ms=0.799538 comm_min_ms=0.771991 comm_max_ms=0.823154 comm_var_ms=0.000093218 total_avg_ms=0.902279 total_min_ms=0.874391 total_max_ms=0.925554 total_var_ms=0.000097777 effective_gflops=3.324913
RESULT comm=block_nccl kernel=cusparse matrix=weak_sparse_P4.mtx P=4 rank=3 nrows_local=750000 ncols_global=3000000 nnz_local=1500000 n_ghost=885399 compute_avg_ms=0.105199 compute_min_ms=0.104448 compute_max_ms=0.106496 compute_var_ms=0.000000415 compute_gflops=28.517400 eff_bw_gbs=233.287540 pct_peak_bw=25.0008 comm_avg_ms=0.756346 comm_min_ms=0.724594 comm_max_ms=0.787709 comm_var_ms=0.000150043 total_avg_ms=0.861545 total_min_ms=0.831090 total_max_ms=0.892157 total_var_ms=0.000145192 effective_gflops=3.482117
[ERROR CHECKING] OK!

--- rep=4/10 driver=spmv_ghost_nccl_acc matrix=matrices_synthetic/weak_sparse_P4.mtx ---
Loaded matrices_synthetic/weak_sparse_P4.mtx: 3000000 x 3000000, 6000000 nnz
[kernel] acc -> LINE-ENHANCE (nnz=1500000, avg_nnz=2.00, imbalance=1.00, V=1)
[kernel] acc -> LINE-ENHANCE (nnz=1500000, avg_nnz=2.00, imbalance=1.00, V=1)
[kernel] acc -> LINE-ENHANCE (nnz=1500000, avg_nnz=2.00, imbalance=1.00, V=1)
[kernel] acc -> LINE-ENHANCE (nnz=1500000, avg_nnz=2.00, imbalance=1.00, V=1)
RESULT comm=ghost_nccl kernel=acc matrix=weak_sparse_P4.mtx P=4 rank=0 nrows_local=750000 ncols_global=3000000 nnz_local=1500000 n_ghost=885256 compute_avg_ms=0.079053 compute_min_ms=0.077824 compute_max_ms=0.079872 compute_var_ms=0.000000238 compute_gflops=37.949321 eff_bw_gbs=310.438453 pct_peak_bw=33.2689 comm_avg_ms=0.778438 comm_min_ms=0.758154 comm_max_ms=0.803587 comm_var_ms=0.000122422 total_avg_ms=0.857491 total_min_ms=0.837002 total_max_ms=0.883459 total_var_ms=0.000121402 effective_gflops=3.498580
RESULT comm=ghost_nccl kernel=acc matrix=weak_sparse_P4.mtx P=4 rank=1 nrows_local=750000 ncols_global=3000000 nnz_local=1500000 n_ghost=884919 compute_avg_ms=0.080077 compute_min_ms=0.078848 compute_max_ms=0.080896 compute_var_ms=0.000000377 compute_gflops=37.464036 eff_bw_gbs=306.451817 pct_peak_bw=32.8416 comm_avg_ms=0.824059 comm_min_ms=0.806377 comm_max_ms=0.873295 comm_var_ms=0.000242669 total_avg_ms=0.904135 total_min_ms=0.886249 total_max_ms=0.954191 total_var_ms=0.000247377 effective_gflops=3.318087
RESULT comm=ghost_nccl kernel=acc matrix=weak_sparse_P4.mtx P=4 rank=2 nrows_local=750000 ncols_global=3000000 nnz_local=1500000 n_ghost=885842 compute_avg_ms=0.078097 compute_min_ms=0.076800 compute_max_ms=0.078848 compute_var_ms=0.000000345 compute_gflops=38.413736 eff_bw_gbs=314.267538 pct_peak_bw=33.6792 comm_avg_ms=0.824979 comm_min_ms=0.805457 comm_max_ms=0.851033 comm_var_ms=0.000164065 total_avg_ms=0.903076 total_min_ms=0.883281 total_max_ms=0.928857 total_var_ms=0.000166540 effective_gflops=3.321978
RESULT comm=ghost_nccl kernel=acc matrix=weak_sparse_P4.mtx P=4 rank=3 nrows_local=750000 ncols_global=3000000 nnz_local=1500000 n_ghost=885276 compute_avg_ms=0.079701 compute_min_ms=0.078848 compute_max_ms=0.080896 compute_var_ms=0.000000355 compute_gflops=37.640526 eff_bw_gbs=307.913404 pct_peak_bw=32.9983 comm_avg_ms=0.762562 comm_min_ms=0.742341 comm_max_ms=0.813849 comm_var_ms=0.000231249 total_avg_ms=0.842263 total_min_ms=0.821189 total_max_ms=0.894745 total_var_ms=0.000231994 effective_gflops=3.561833
[ERROR CHECKING] OK!

--- rep=4/10 driver=spmv_ghost_nccl_cusparse matrix=matrices_synthetic/weak_sparse_P4.mtx ---
Loaded matrices_synthetic/weak_sparse_P4.mtx: 3000000 x 3000000, 6000000 nnz
RESULT comm=ghost_nccl kernel=cusparse matrix=weak_sparse_P4.mtx P=4 rank=0 nrows_local=750000 ncols_global=3000000 nnz_local=1500000 n_ghost=885256 compute_avg_ms=0.104380 compute_min_ms=0.103424 compute_max_ms=0.105472 compute_var_ms=0.000000345 compute_gflops=28.741212 eff_bw_gbs=235.112964 pct_peak_bw=25.1964 comm_avg_ms=0.785694 comm_min_ms=0.766258 comm_max_ms=0.815179 comm_var_ms=0.000119406 total_avg_ms=0.890074 total_min_ms=0.870706 total_max_ms=0.919627 total_var_ms=0.000116728 effective_gflops=3.370505
RESULT comm=ghost_nccl kernel=cusparse matrix=weak_sparse_P4.mtx P=4 rank=1 nrows_local=750000 ncols_global=3000000 nnz_local=1500000 n_ghost=884919 compute_avg_ms=0.105677 compute_min_ms=0.104448 compute_max_ms=0.107520 compute_var_ms=0.000000377 compute_gflops=28.388445 eff_bw_gbs=232.214453 pct_peak_bw=24.8858 comm_avg_ms=0.820168 comm_min_ms=0.789236 comm_max_ms=0.846359 comm_var_ms=0.000164776 total_avg_ms=0.925845 total_min_ms=0.894708 total_max_ms=0.951831 total_var_ms=0.000164971 effective_gflops=3.240284
RESULT comm=ghost_nccl kernel=cusparse matrix=weak_sparse_P4.mtx P=4 rank=2 nrows_local=750000 ncols_global=3000000 nnz_local=1500000 n_ghost=885842 compute_avg_ms=0.103117 compute_min_ms=0.102400 compute_max_ms=0.104448 compute_var_ms=0.000000360 compute_gflops=29.093223 eff_bw_gbs=238.015266 pct_peak_bw=25.5075 comm_avg_ms=0.820107 comm_min_ms=0.791725 comm_max_ms=0.844472 comm_var_ms=0.000172245 total_avg_ms=0.923224 total_min_ms=0.895149 total_max_ms=0.947896 total_var_ms=0.000171914 effective_gflops=3.249481
RESULT comm=ghost_nccl kernel=cusparse matrix=weak_sparse_P4.mtx P=4 rank=3 nrows_local=750000 ncols_global=3000000 nnz_local=1500000 n_ghost=885276 compute_avg_ms=0.105370 compute_min_ms=0.104448 compute_max_ms=0.106496 compute_var_ms=0.000000444 compute_gflops=28.471210 eff_bw_gbs=232.905016 pct_peak_bw=24.9598 comm_avg_ms=0.773802 comm_min_ms=0.751377 comm_max_ms=0.795894 comm_var_ms=0.000125577 total_avg_ms=0.879172 total_min_ms=0.856849 total_max_ms=0.900342 total_var_ms=0.000120708 effective_gflops=3.412302
[ERROR CHECKING] OK!

--- rep=4/10 driver=spmv_rcm_nccl_acc matrix=matrices_synthetic/weak_sparse_P4.mtx ---
Loaded matrices_synthetic/weak_sparse_P4.mtx: 3000000 x 3000000, 6000000 nnz
[kernel] acc -> LINE-ENHANCE (nnz=1500000, avg_nnz=2.00, imbalance=1.00, V=1)
[kernel] acc -> LINE-ENHANCE (nnz=1500000, avg_nnz=2.00, imbalance=1.00, V=1)
[kernel] acc -> LINE-ENHANCE (nnz=1500000, avg_nnz=2.00, imbalance=1.00, V=1)
[kernel] acc -> LINE-ENHANCE (nnz=1500000, avg_nnz=2.00, imbalance=1.00, V=1)
RESULT comm=rcm_nccl kernel=acc matrix=weak_sparse_P4.mtx P=4 rank=0 nrows_local=750000 ncols_global=3000000 nnz_local=1500000 n_ghost=642873 compute_avg_ms=0.063215 compute_min_ms=0.062464 compute_max_ms=0.063488 compute_var_ms=0.000000205 compute_gflops=47.457142 eff_bw_gbs=372.878608 pct_peak_bw=39.9604 comm_avg_ms=0.477240 comm_min_ms=0.462069 comm_max_ms=0.499127 comm_var_ms=0.000091862 total_avg_ms=0.540455 total_min_ms=0.524948 total_max_ms=0.561591 total_var_ms=0.000090153 effective_gflops=5.550875
RESULT comm=rcm_nccl kernel=acc matrix=weak_sparse_P4.mtx P=4 rank=1 nrows_local=750000 ncols_global=3000000 nnz_local=1500000 n_ghost=788856 compute_avg_ms=0.063181 compute_min_ms=0.062464 compute_max_ms=0.064512 compute_var_ms=0.000000290 compute_gflops=47.482780 eff_bw_gbs=382.322294 pct_peak_bw=40.9725 comm_avg_ms=0.626450 comm_min_ms=0.609881 comm_max_ms=0.647977 comm_var_ms=0.000093902 total_avg_ms=0.689631 total_min_ms=0.673369 total_max_ms=0.712489 total_var_ms=0.000094701 effective_gflops=4.350151
RESULT comm=rcm_nccl kernel=acc matrix=weak_sparse_P4.mtx P=4 rank=2 nrows_local=750000 ncols_global=3000000 nnz_local=1500000 n_ghost=814584 compute_avg_ms=0.057617 compute_min_ms=0.056320 compute_max_ms=0.060416 compute_var_ms=0.000000485 compute_gflops=52.067905 eff_bw_gbs=421.026981 pct_peak_bw=45.1203 comm_avg_ms=0.859383 comm_min_ms=0.795857 comm_max_ms=1.974709 comm_var_ms=0.043010431 total_avg_ms=0.917001 total_min_ms=0.854225 total_max_ms=2.035125 total_var_ms=0.043225284 effective_gflops=3.271536
RESULT comm=rcm_nccl kernel=acc matrix=weak_sparse_P4.mtx P=4 rank=3 nrows_local=750000 ncols_global=3000000 nnz_local=1500000 n_ghost=497113 compute_avg_ms=0.049050 compute_min_ms=0.048128 compute_max_ms=0.049152 compute_var_ms=0.000000094 compute_gflops=61.162576 eff_bw_gbs=468.677730 pct_peak_bw=50.2270 comm_avg_ms=0.522080 comm_min_ms=0.496394 comm_max_ms=0.577762 comm_var_ms=0.000251248 total_avg_ms=0.571129 total_min_ms=0.545546 total_max_ms=0.626914 total_var_ms=0.000252567 effective_gflops=5.252750
[ERROR CHECKING] OK!

--- rep=4/10 driver=spmv_rcm_nccl_cusparse matrix=matrices_synthetic/weak_sparse_P4.mtx ---
Loaded matrices_synthetic/weak_sparse_P4.mtx: 3000000 x 3000000, 6000000 nnz
RESULT comm=rcm_nccl kernel=cusparse matrix=weak_sparse_P4.mtx P=4 rank=0 nrows_local=750000 ncols_global=3000000 nnz_local=1500000 n_ghost=642873 compute_avg_ms=0.084207 compute_min_ms=0.082944 compute_max_ms=0.084992 compute_var_ms=0.000000257 compute_gflops=35.626521 eff_bw_gbs=279.923463 pct_peak_bw=29.9987 comm_avg_ms=0.470910 comm_min_ms=0.449656 comm_max_ms=0.484625 comm_var_ms=0.000073904 total_avg_ms=0.555117 total_min_ms=0.533624 total_max_ms=0.569617 total_var_ms=0.000073306 effective_gflops=5.404265
RESULT comm=rcm_nccl kernel=cusparse matrix=weak_sparse_P4.mtx P=4 rank=1 nrows_local=750000 ncols_global=3000000 nnz_local=1500000 n_ghost=788856 compute_avg_ms=0.085845 compute_min_ms=0.083968 compute_max_ms=0.087040 compute_var_ms=0.000000425 compute_gflops=34.946571 eff_bw_gbs=281.383126 pct_peak_bw=30.1551 comm_avg_ms=0.622968 comm_min_ms=0.611436 comm_max_ms=0.634619 comm_var_ms=0.000037986 total_avg_ms=0.708813 total_min_ms=0.697961 total_max_ms=0.720851 total_var_ms=0.000037050 effective_gflops=4.232427
RESULT comm=rcm_nccl kernel=cusparse matrix=weak_sparse_P4.mtx P=4 rank=2 nrows_local=750000 ncols_global=3000000 nnz_local=1500000 n_ghost=814584 compute_avg_ms=0.078370 compute_min_ms=0.076800 compute_max_ms=0.079872 compute_var_ms=0.000000401 compute_gflops=38.279890 eff_bw_gbs=309.535532 pct_peak_bw=33.1721 comm_avg_ms=0.820269 comm_min_ms=0.805153 comm_max_ms=0.849247 comm_var_ms=0.000107283 total_avg_ms=0.898639 total_min_ms=0.884001 total_max_ms=0.928095 total_var_ms=0.000108483 effective_gflops=3.338381
RESULT comm=rcm_nccl kernel=cusparse matrix=weak_sparse_P4.mtx P=4 rank=3 nrows_local=750000 ncols_global=3000000 nnz_local=1500000 n_ghost=497113 compute_avg_ms=0.063659 compute_min_ms=0.062464 compute_max_ms=0.064512 compute_var_ms=0.000000216 compute_gflops=47.126341 eff_bw_gbs=361.120606 pct_peak_bw=38.7003 comm_avg_ms=0.521267 comm_min_ms=0.506581 comm_max_ms=0.540875 comm_var_ms=0.000065069 total_avg_ms=0.584926 total_min_ms=0.570069 total_max_ms=0.604363 total_var_ms=0.000065454 effective_gflops=5.128857
[ERROR CHECKING] OK!

--- rep=4/10 driver=spmv_fennel_nccl_acc matrix=matrices_synthetic/weak_sparse_P4.mtx ---
Loaded matrices_synthetic/weak_sparse_P4.mtx: 3000000 x 3000000, 6000000 nnz
[kernel] acc -> LINE-ENHANCE (nnz=1500002, avg_nnz=2.00, imbalance=1.00, V=1)
[kernel] acc -> LINE-ENHANCE (nnz=1499996, avg_nnz=2.00, imbalance=1.00, V=1)
[kernel] acc -> LINE-ENHANCE (nnz=1500004, avg_nnz=2.00, imbalance=1.00, V=1)
[kernel] acc -> LINE-ENHANCE (nnz=1499998, avg_nnz=2.00, imbalance=1.00, V=1)
RESULT comm=fennel_nccl kernel=acc matrix=weak_sparse_P4.mtx P=4 rank=0 nrows_local=750002 ncols_global=3000000 nnz_local=1500004 n_ghost=512771 compute_avg_ms=0.078131 compute_min_ms=0.076800 compute_max_ms=0.078848 compute_var_ms=0.000000290 compute_gflops=38.397057 eff_bw_gbs=295.031241 pct_peak_bw=31.6177 comm_avg_ms=0.844192 comm_min_ms=0.447054 comm_max_ms=2.721960 comm_var_ms=0.623539851 total_avg_ms=0.922323 total_min_ms=0.525902 total_max_ms=2.800808 total_var_ms=0.623723588 effective_gflops=3.252664
RESULT comm=fennel_nccl kernel=acc matrix=weak_sparse_P4.mtx P=4 rank=2 nrows_local=749998 ncols_global=3000000 nnz_local=1499996 n_ghost=512871 compute_avg_ms=0.077073 compute_min_ms=0.076800 compute_max_ms=0.077824 compute_var_ms=0.000000205 compute_gflops=38.923999 eff_bw_gbs=299.085432 pct_peak_bw=32.0522 comm_avg_ms=0.948249 comm_min_ms=0.540098 comm_max_ms=2.829181 comm_var_ms=0.648108354 total_avg_ms=1.025322 total_min_ms=0.616898 total_max_ms=2.905981 total_var_ms=0.647891695 effective_gflops=2.925903
RESULT comm=fennel_nccl kernel=acc matrix=weak_sparse_P4.mtx P=4 rank=1 nrows_local=750001 ncols_global=3000000 nnz_local=1500002 n_ghost=512352 compute_avg_ms=0.079360 compute_min_ms=0.077824 compute_max_ms=0.079872 compute_var_ms=0.000000332 compute_gflops=37.802471 eff_bw_gbs=290.441543 pct_peak_bw=31.1259 comm_avg_ms=0.960450 comm_min_ms=0.553882 comm_max_ms=2.862585 comm_var_ms=0.642397172 total_avg_ms=1.039810 total_min_ms=0.633754 total_max_ms=2.941433 total_var_ms=0.642343714 effective_gflops=2.885147
RESULT comm=fennel_nccl kernel=acc matrix=weak_sparse_P4.mtx P=4 rank=3 nrows_local=749999 ncols_global=3000000 nnz_local=1499998 n_ghost=512606 compute_avg_ms=0.079121 compute_min_ms=0.077824 compute_max_ms=0.079872 compute_var_ms=0.000000275 compute_gflops=37.916528 eff_bw_gbs=291.330765 pct_peak_bw=31.2211 comm_avg_ms=0.969208 comm_min_ms=0.539501 comm_max_ms=2.826069 comm_var_ms=0.637818780 total_avg_ms=1.048329 total_min_ms=0.619373 total_max_ms=2.905941 total_var_ms=0.637986164 effective_gflops=2.861694
[ERROR CHECKING] OK!

--- rep=4/10 driver=spmv_fennel_nccl_cusparse matrix=matrices_synthetic/weak_sparse_P4.mtx ---
Loaded matrices_synthetic/weak_sparse_P4.mtx: 3000000 x 3000000, 6000000 nnz
RESULT comm=fennel_nccl kernel=cusparse matrix=weak_sparse_P4.mtx P=4 rank=0 nrows_local=750002 ncols_global=3000000 nnz_local=1500004 n_ghost=512771 compute_avg_ms=0.101956 compute_min_ms=0.101376 compute_max_ms=0.102400 compute_var_ms=0.000000257 compute_gflops=29.424460 eff_bw_gbs=226.088551 pct_peak_bw=24.2293 comm_avg_ms=0.613300 comm_min_ms=0.437611 comm_max_ms=2.942949 comm_var_ms=0.330727524 total_avg_ms=0.715256 total_min_ms=0.538987 total_max_ms=3.045349 total_var_ms=0.330709854 effective_gflops=4.194313
RESULT comm=fennel_nccl kernel=cusparse matrix=weak_sparse_P4.mtx P=4 rank=1 nrows_local=750001 ncols_global=3000000 nnz_local=1500002 n_ghost=512352 compute_avg_ms=0.103322 compute_min_ms=0.102400 compute_max_ms=0.105472 compute_var_ms=0.000000444 compute_gflops=29.035594 eff_bw_gbs=223.084433 pct_peak_bw=23.9074 comm_avg_ms=0.722662 comm_min_ms=0.547345 comm_max_ms=3.047644 comm_var_ms=0.330243431 total_avg_ms=0.825984 total_min_ms=0.650456 total_max_ms=3.151068 total_var_ms=0.330566355 effective_gflops=3.632037
RESULT comm=fennel_nccl kernel=cusparse matrix=weak_sparse_P4.mtx P=4 rank=2 nrows_local=749998 ncols_global=3000000 nnz_local=1499996 n_ghost=512871 compute_avg_ms=0.101274 compute_min_ms=0.100352 compute_max_ms=0.103424 compute_var_ms=0.000000724 compute_gflops=29.622647 eff_bw_gbs=227.615417 pct_peak_bw=24.3929 comm_avg_ms=0.719259 comm_min_ms=0.544700 comm_max_ms=3.038735 comm_var_ms=0.329044247 total_avg_ms=0.820533 total_min_ms=0.647100 total_max_ms=3.139087 total_var_ms=0.328748439 effective_gflops=3.656150
RESULT comm=fennel_nccl kernel=cusparse matrix=weak_sparse_P4.mtx P=4 rank=3 nrows_local=749999 ncols_global=3000000 nnz_local=1499998 n_ghost=512606 compute_avg_ms=0.103083 compute_min_ms=0.101376 compute_max_ms=0.104448 compute_var_ms=0.000000583 compute_gflops=29.102818 eff_bw_gbs=223.610829 pct_peak_bw=23.9638 comm_avg_ms=0.739434 comm_min_ms=0.562223 comm_max_ms=3.056102 comm_var_ms=0.328083406 total_avg_ms=0.842516 total_min_ms=0.665647 total_max_ms=3.158502 total_var_ms=0.328167923 effective_gflops=3.560756
[ERROR CHECKING] OK!

--- rep=4/10 driver=spmv_block_nccl_acc matrix=matrices_synthetic/weak_sparse_P4.mtx ---
Loaded matrices_synthetic/weak_sparse_P4.mtx: 3000000 x 3000000, 6000000 nnz
[kernel] acc -> LINE-ENHANCE (nnz=1500000, avg_nnz=2.00, imbalance=1.00, V=1)
[kernel] acc -> LINE-ENHANCE (nnz=1500000, avg_nnz=2.00, imbalance=1.00, V=1)
[kernel] acc -> LINE-ENHANCE (nnz=1500000, avg_nnz=2.00, imbalance=1.00, V=1)
[kernel] acc -> LINE-ENHANCE (nnz=1500000, avg_nnz=2.00, imbalance=1.00, V=1)
RESULT comm=block_nccl kernel=acc matrix=weak_sparse_P4.mtx P=4 rank=0 nrows_local=750000 ncols_global=3000000 nnz_local=1500000 n_ghost=884851 compute_avg_ms=0.079053 compute_min_ms=0.077824 compute_max_ms=0.079872 compute_var_ms=0.000000308 compute_gflops=37.949321 eff_bw_gbs=310.417960 pct_peak_bw=33.2667 comm_avg_ms=0.793353 comm_min_ms=0.699040 comm_max_ms=2.951342 comm_var_ms=0.160663663 total_avg_ms=0.872406 total_min_ms=0.777888 total_max_ms=3.031214 total_var_ms=0.160787231 effective_gflops=3.438767
RESULT comm=block_nccl kernel=acc matrix=weak_sparse_P4.mtx P=4 rank=1 nrows_local=750000 ncols_global=3000000 nnz_local=1500000 n_ghost=885804 compute_avg_ms=0.080145 compute_min_ms=0.078848 compute_max_ms=0.081920 compute_var_ms=0.000000485 compute_gflops=37.432124 eff_bw_gbs=306.234954 pct_peak_bw=32.8184 comm_avg_ms=0.670860 comm_min_ms=0.573324 comm_max_ms=2.909319 comm_var_ms=0.172866619 total_avg_ms=0.751005 total_min_ms=0.653196 total_max_ms=2.989191 total_var_ms=0.172828221 effective_gflops=3.994645
RESULT comm=block_nccl kernel=acc matrix=weak_sparse_P4.mtx P=4 rank=2 nrows_local=750000 ncols_global=3000000 nnz_local=1500000 n_ghost=885373 compute_avg_ms=0.077824 compute_min_ms=0.076800 compute_max_ms=0.078848 compute_var_ms=0.000000210 compute_gflops=38.548521 eff_bw_gbs=315.346125 pct_peak_bw=33.7948 comm_avg_ms=0.882873 comm_min_ms=0.786882 comm_max_ms=3.130819 comm_var_ms=0.174400297 total_avg_ms=0.960697 total_min_ms=0.864706 total_max_ms=3.208643 total_var_ms=0.174401125 effective_gflops=3.122732
RESULT comm=block_nccl kernel=acc matrix=weak_sparse_P4.mtx P=4 rank=3 nrows_local=750000 ncols_global=3000000 nnz_local=1500000 n_ghost=885399 compute_avg_ms=0.079735 compute_min_ms=0.078848 compute_max_ms=0.080896 compute_var_ms=0.000000401 compute_gflops=37.624413 eff_bw_gbs=307.787762 pct_peak_bw=32.9848 comm_avg_ms=0.836568 comm_min_ms=0.736431 comm_max_ms=3.093175 comm_var_ms=0.175742622 total_avg_ms=0.916304 total_min_ms=0.816303 total_max_ms=3.172023 total_var_ms=0.175600822 effective_gflops=3.274024
[ERROR CHECKING] OK!

--- rep=4/10 driver=spmv_block_nccl_cusparse matrix=matrices_synthetic/weak_sparse_P4.mtx ---
Loaded matrices_synthetic/weak_sparse_P4.mtx: 3000000 x 3000000, 6000000 nnz
RESULT comm=block_nccl kernel=cusparse matrix=weak_sparse_P4.mtx P=4 rank=0 nrows_local=750000 ncols_global=3000000 nnz_local=1500000 n_ghost=884851 compute_avg_ms=0.104346 compute_min_ms=0.102400 compute_max_ms=0.105472 compute_var_ms=0.000000863 compute_gflops=28.750614 eff_bw_gbs=235.174348 pct_peak_bw=25.2030 comm_avg_ms=0.720473 comm_min_ms=0.701692 comm_max_ms=0.737595 comm_var_ms=0.000074982 total_avg_ms=0.824819 total_min_ms=0.806140 total_max_ms=0.842043 total_var_ms=0.000077012 effective_gflops=3.637162
RESULT comm=block_nccl kernel=cusparse matrix=weak_sparse_P4.mtx P=4 rank=1 nrows_local=750000 ncols_global=3000000 nnz_local=1500000 n_ghost=885804 compute_avg_ms=0.105267 compute_min_ms=0.103424 compute_max_ms=0.106496 compute_var_ms=0.000000587 compute_gflops=28.498906 eff_bw_gbs=233.151641 pct_peak_bw=24.9862 comm_avg_ms=0.608660 comm_min_ms=0.580996 comm_max_ms=0.633687 comm_var_ms=0.000211050 total_avg_ms=0.713927 total_min_ms=0.685444 total_max_ms=0.739563 total_var_ms=0.000215974 effective_gflops=4.202111
RESULT comm=block_nccl kernel=cusparse matrix=weak_sparse_P4.mtx P=4 rank=2 nrows_local=750000 ncols_global=3000000 nnz_local=1500000 n_ghost=885373 compute_avg_ms=0.102741 compute_min_ms=0.101376 compute_max_ms=0.104448 compute_var_ms=0.000000652 compute_gflops=29.199544 eff_bw_gbs=238.866830 pct_peak_bw=25.5987 comm_avg_ms=0.814907 comm_min_ms=0.795598 comm_max_ms=0.838648 comm_var_ms=0.000102122 total_avg_ms=0.917649 total_min_ms=0.896974 total_max_ms=0.942072 total_var_ms=0.000106095 effective_gflops=3.269225
RESULT comm=block_nccl kernel=cusparse matrix=weak_sparse_P4.mtx P=4 rank=3 nrows_local=750000 ncols_global=3000000 nnz_local=1500000 n_ghost=885399 compute_avg_ms=0.105438 compute_min_ms=0.104448 compute_max_ms=0.107520 compute_var_ms=0.000000593 compute_gflops=28.452776 eff_bw_gbs=232.758886 pct_peak_bw=24.9442 comm_avg_ms=0.778371 comm_min_ms=0.756665 comm_max_ms=0.799710 comm_var_ms=0.000142431 total_avg_ms=0.883809 total_min_ms=0.861113 total_max_ms=0.905182 total_var_ms=0.000144480 effective_gflops=3.394398
[ERROR CHECKING] OK!

--- rep=5/10 driver=spmv_ghost_nccl_acc matrix=matrices_synthetic/weak_sparse_P4.mtx ---
Loaded matrices_synthetic/weak_sparse_P4.mtx: 3000000 x 3000000, 6000000 nnz
[kernel] acc -> LINE-ENHANCE (nnz=1500000, avg_nnz=2.00, imbalance=1.00, V=1)
[kernel] acc -> LINE-ENHANCE (nnz=1500000, avg_nnz=2.00, imbalance=1.00, V=1)
[kernel] acc -> LINE-ENHANCE (nnz=1500000, avg_nnz=2.00, imbalance=1.00, V=1)
[kernel] acc -> LINE-ENHANCE (nnz=1500000, avg_nnz=2.00, imbalance=1.00, V=1)
RESULT comm=ghost_nccl kernel=acc matrix=weak_sparse_P4.mtx P=4 rank=1 nrows_local=750000 ncols_global=3000000 nnz_local=1500000 n_ghost=884919 compute_avg_ms=0.080247 compute_min_ms=0.079872 compute_max_ms=0.080896 compute_var_ms=0.000000244 compute_gflops=37.384359 eff_bw_gbs=305.800069 pct_peak_bw=32.7718 comm_avg_ms=0.815293 comm_min_ms=0.795880 comm_max_ms=0.832998 comm_var_ms=0.000073753 total_avg_ms=0.895540 total_min_ms=0.876776 total_max_ms=0.912870 total_var_ms=0.000072556 effective_gflops=3.349933
RESULT comm=ghost_nccl kernel=acc matrix=weak_sparse_P4.mtx P=4 rank=0 nrows_local=750000 ncols_global=3000000 nnz_local=1500000 n_ghost=885256 compute_avg_ms=0.079121 compute_min_ms=0.077824 compute_max_ms=0.079872 compute_var_ms=0.000000345 compute_gflops=37.916578 eff_bw_gbs=310.170603 pct_peak_bw=33.2402 comm_avg_ms=0.785449 comm_min_ms=0.764210 comm_max_ms=0.842727 comm_var_ms=0.000223385 total_avg_ms=0.864570 total_min_ms=0.843058 total_max_ms=0.921575 total_var_ms=0.000224486 effective_gflops=3.469933
RESULT comm=ghost_nccl kernel=acc matrix=weak_sparse_P4.mtx P=4 rank=2 nrows_local=750000 ncols_global=3000000 nnz_local=1500000 n_ghost=885842 compute_avg_ms=0.078097 compute_min_ms=0.076800 compute_max_ms=0.078848 compute_var_ms=0.000000345 compute_gflops=38.413736 eff_bw_gbs=314.267538 pct_peak_bw=33.6792 comm_avg_ms=0.815064 comm_min_ms=0.793524 comm_max_ms=0.833869 comm_var_ms=0.000104479 total_avg_ms=0.893161 total_min_ms=0.871348 total_max_ms=0.911693 total_var_ms=0.000108459 effective_gflops=3.358858
RESULT comm=ghost_nccl kernel=acc matrix=weak_sparse_P4.mtx P=4 rank=3 nrows_local=750000 ncols_global=3000000 nnz_local=1500000 n_ghost=885276 compute_avg_ms=0.079872 compute_min_ms=0.078848 compute_max_ms=0.080896 compute_var_ms=0.000000210 compute_gflops=37.560097 eff_bw_gbs=307.255469 pct_peak_bw=32.9278 comm_avg_ms=0.762096 comm_min_ms=0.750457 comm_max_ms=0.783497 comm_var_ms=0.000060318 total_avg_ms=0.841968 total_min_ms=0.830329 total_max_ms=0.863369 total_var_ms=0.000060867 effective_gflops=3.563079
[ERROR CHECKING] OK!

--- rep=5/10 driver=spmv_ghost_nccl_cusparse matrix=matrices_synthetic/weak_sparse_P4.mtx ---
Loaded matrices_synthetic/weak_sparse_P4.mtx: 3000000 x 3000000, 6000000 nnz
RESULT comm=ghost_nccl kernel=cusparse matrix=weak_sparse_P4.mtx P=4 rank=0 nrows_local=750000 ncols_global=3000000 nnz_local=1500000 n_ghost=885256 compute_avg_ms=0.104209 compute_min_ms=0.103424 compute_max_ms=0.106496 compute_var_ms=0.000000607 compute_gflops=28.788283 eff_bw_gbs=235.498016 pct_peak_bw=25.2377 comm_avg_ms=0.792400 comm_min_ms=0.772964 comm_max_ms=0.812127 comm_var_ms=0.000094580 total_avg_ms=0.896609 total_min_ms=0.878436 total_max_ms=0.918623 total_var_ms=0.000096378 effective_gflops=3.345939
RESULT comm=ghost_nccl kernel=cusparse matrix=weak_sparse_P4.mtx P=4 rank=1 nrows_local=750000 ncols_global=3000000 nnz_local=1500000 n_ghost=884919 compute_avg_ms=0.105165 compute_min_ms=0.104448 compute_max_ms=0.106496 compute_var_ms=0.000000360 compute_gflops=28.526656 eff_bw_gbs=233.345001 pct_peak_bw=25.0070 comm_avg_ms=0.820167 comm_min_ms=0.805475 comm_max_ms=0.840252 comm_var_ms=0.000076671 total_avg_ms=0.925332 total_min_ms=0.909923 total_max_ms=0.945724 total_var_ms=0.000075460 effective_gflops=3.242080
RESULT comm=ghost_nccl kernel=cusparse matrix=weak_sparse_P4.mtx P=4 rank=2 nrows_local=750000 ncols_global=3000000 nnz_local=1500000 n_ghost=885842 compute_avg_ms=0.102878 compute_min_ms=0.102400 compute_max_ms=0.104448 compute_var_ms=0.000000331 compute_gflops=29.160792 eff_bw_gbs=238.568055 pct_peak_bw=25.5667 comm_avg_ms=0.820457 comm_min_ms=0.792085 comm_max_ms=0.841939 comm_var_ms=0.000106597 total_avg_ms=0.923335 total_min_ms=0.895509 total_max_ms=0.945363 total_var_ms=0.000108672 effective_gflops=3.249093
RESULT comm=ghost_nccl kernel=cusparse matrix=weak_sparse_P4.mtx P=4 rank=3 nrows_local=750000 ncols_global=3000000 nnz_local=1500000 n_ghost=885276 compute_avg_ms=0.105028 compute_min_ms=0.103424 compute_max_ms=0.106496 compute_var_ms=0.000000537 compute_gflops=28.563739 eff_bw_gbs=233.661939 pct_peak_bw=25.0409 comm_avg_ms=0.770576 comm_min_ms=0.750233 comm_max_ms=0.790186 comm_var_ms=0.000073596 total_avg_ms=0.875605 total_min_ms=0.855705 total_max_ms=0.895658 total_var_ms=0.000075442 effective_gflops=3.426204
[ERROR CHECKING] OK!

--- rep=5/10 driver=spmv_rcm_nccl_acc matrix=matrices_synthetic/weak_sparse_P4.mtx ---
Loaded matrices_synthetic/weak_sparse_P4.mtx: 3000000 x 3000000, 6000000 nnz
[kernel] acc -> LINE-ENHANCE (nnz=1500000, avg_nnz=2.00, imbalance=1.00, V=1)
[kernel] acc -> LINE-ENHANCE (nnz=1500000, avg_nnz=2.00, imbalance=1.00, V=1)
[kernel] acc -> LINE-ENHANCE (nnz=1500000, avg_nnz=2.00, imbalance=1.00, V=1)
[kernel] acc -> LINE-ENHANCE (nnz=1500000, avg_nnz=2.00, imbalance=1.00, V=1)
RESULT comm=rcm_nccl kernel=acc matrix=weak_sparse_P4.mtx P=4 rank=0 nrows_local=750000 ncols_global=3000000 nnz_local=1500000 n_ghost=642873 compute_avg_ms=0.063317 compute_min_ms=0.062464 compute_max_ms=0.064512 compute_var_ms=0.000000285 compute_gflops=47.380392 eff_bw_gbs=372.275570 pct_peak_bw=39.8958 comm_avg_ms=0.482246 comm_min_ms=0.454179 comm_max_ms=0.512735 comm_var_ms=0.000186640 total_avg_ms=0.545564 total_min_ms=0.518691 total_max_ms=0.575199 total_var_ms=0.000184716 effective_gflops=5.498899
RESULT comm=rcm_nccl kernel=acc matrix=weak_sparse_P4.mtx P=4 rank=1 nrows_local=750000 ncols_global=3000000 nnz_local=1500000 n_ghost=788856 compute_avg_ms=0.063044 compute_min_ms=0.062464 compute_max_ms=0.064512 compute_var_ms=0.000000327 compute_gflops=47.585613 eff_bw_gbs=383.150279 pct_peak_bw=41.0612 comm_avg_ms=0.627637 comm_min_ms=0.605211 comm_max_ms=0.654660 comm_var_ms=0.000119422 total_avg_ms=0.690682 total_min_ms=0.667675 total_max_ms=0.718148 total_var_ms=0.000120332 effective_gflops=4.343535
RESULT comm=rcm_nccl kernel=acc matrix=weak_sparse_P4.mtx P=4 rank=2 nrows_local=750000 ncols_global=3000000 nnz_local=1500000 n_ghost=814584 compute_avg_ms=0.057617 compute_min_ms=0.057344 compute_max_ms=0.058368 compute_var_ms=0.000000205 compute_gflops=52.067905 eff_bw_gbs=421.026981 pct_peak_bw=45.1203 comm_avg_ms=0.815078 comm_min_ms=0.792860 comm_max_ms=0.836978 comm_var_ms=0.000124457 total_avg_ms=0.872695 total_min_ms=0.850204 total_max_ms=0.894322 total_var_ms=0.000124042 effective_gflops=3.437628
RESULT comm=rcm_nccl kernel=acc matrix=weak_sparse_P4.mtx P=4 rank=3 nrows_local=750000 ncols_global=3000000 nnz_local=1500000 n_ghost=497113 compute_avg_ms=0.049186 compute_min_ms=0.048128 compute_max_ms=0.050176 compute_var_ms=0.000000174 compute_gflops=60.992798 eff_bw_gbs=467.376754 pct_peak_bw=50.0875 comm_avg_ms=0.517389 comm_min_ms=0.485090 comm_max_ms=0.547388 comm_var_ms=0.000155724 total_avg_ms=0.566576 total_min_ms=0.534242 total_max_ms=0.596540 total_var_ms=0.000155532 effective_gflops=5.294969
[ERROR CHECKING] OK!

--- rep=5/10 driver=spmv_rcm_nccl_cusparse matrix=matrices_synthetic/weak_sparse_P4.mtx ---
Loaded matrices_synthetic/weak_sparse_P4.mtx: 3000000 x 3000000, 6000000 nnz
RESULT comm=rcm_nccl kernel=cusparse matrix=weak_sparse_P4.mtx P=4 rank=0 nrows_local=750000 ncols_global=3000000 nnz_local=1500000 n_ghost=642873 compute_avg_ms=0.084309 compute_min_ms=0.082944 compute_max_ms=0.084992 compute_var_ms=0.000000373 compute_gflops=35.583250 eff_bw_gbs=279.583475 pct_peak_bw=29.9622 comm_avg_ms=0.474070 comm_min_ms=0.453231 comm_max_ms=0.496868 comm_var_ms=0.000127507 total_avg_ms=0.558379 total_min_ms=0.537199 total_max_ms=0.581860 total_var_ms=0.000130111 effective_gflops=5.372693
RESULT comm=rcm_nccl kernel=cusparse matrix=weak_sparse_P4.mtx P=4 rank=1 nrows_local=750000 ncols_global=3000000 nnz_local=1500000 n_ghost=788856 compute_avg_ms=0.086050 compute_min_ms=0.083968 compute_max_ms=0.087040 compute_var_ms=0.000000593 compute_gflops=34.863398 eff_bw_gbs=280.713431 pct_peak_bw=30.0833 comm_avg_ms=0.619644 comm_min_ms=0.596456 comm_max_ms=0.641283 comm_var_ms=0.000089127 total_avg_ms=0.705694 total_min_ms=0.682472 total_max_ms=0.726275 total_var_ms=0.000088299 effective_gflops=4.251134
RESULT comm=rcm_nccl kernel=cusparse matrix=weak_sparse_P4.mtx P=4 rank=2 nrows_local=750000 ncols_global=3000000 nnz_local=1500000 n_ghost=814584 compute_avg_ms=0.078404 compute_min_ms=0.076800 compute_max_ms=0.079872 compute_var_ms=0.000000607 compute_gflops=38.263225 eff_bw_gbs=309.400775 pct_peak_bw=33.1577 comm_avg_ms=0.814270 comm_min_ms=0.790877 comm_max_ms=0.843037 comm_var_ms=0.000141591 total_avg_ms=0.892674 total_min_ms=0.868701 total_max_ms=0.922909 total_var_ms=0.000144638 effective_gflops=3.360689
RESULT comm=rcm_nccl kernel=cusparse matrix=weak_sparse_P4.mtx P=4 rank=3 nrows_local=750000 ncols_global=3000000 nnz_local=1500000 n_ghost=497113 compute_avg_ms=0.064273 compute_min_ms=0.062464 compute_max_ms=0.078848 compute_var_ms=0.000007667 compute_gflops=46.675850 eff_bw_gbs=357.668577 pct_peak_bw=38.3304 comm_avg_ms=0.531717 comm_min_ms=0.497460 comm_max_ms=1.070765 comm_var_ms=0.010120799 total_avg_ms=0.595990 total_min_ms=0.560948 total_max_ms=1.149613 total_var_ms=0.010670630 effective_gflops=5.033639
[ERROR CHECKING] OK!

--- rep=5/10 driver=spmv_fennel_nccl_acc matrix=matrices_synthetic/weak_sparse_P4.mtx ---
Loaded matrices_synthetic/weak_sparse_P4.mtx: 3000000 x 3000000, 6000000 nnz
[kernel] acc -> LINE-ENHANCE (nnz=1500002, avg_nnz=2.00, imbalance=1.00, V=1)
[kernel] acc -> LINE-ENHANCE (nnz=1499996, avg_nnz=2.00, imbalance=1.00, V=1)
[kernel] acc -> LINE-ENHANCE (nnz=1499998, avg_nnz=2.00, imbalance=1.00, V=1)
[kernel] acc -> LINE-ENHANCE (nnz=1500004, avg_nnz=2.00, imbalance=1.00, V=1)
RESULT comm=fennel_nccl kernel=acc matrix=weak_sparse_P4.mtx P=4 rank=0 nrows_local=750002 ncols_global=3000000 nnz_local=1500004 n_ghost=512771 compute_avg_ms=0.078268 compute_min_ms=0.077824 compute_max_ms=0.078848 compute_var_ms=0.000000257 compute_gflops=38.330075 eff_bw_gbs=294.516578 pct_peak_bw=31.5626 comm_avg_ms=1.249897 comm_min_ms=0.455209 comm_max_ms=5.120382 comm_var_ms=1.739196835 total_avg_ms=1.328165 total_min_ms=0.534057 total_max_ms=5.199230 total_var_ms=1.739456860 effective_gflops=2.258762
RESULT comm=fennel_nccl kernel=acc matrix=weak_sparse_P4.mtx P=4 rank=1 nrows_local=750001 ncols_global=3000000 nnz_local=1500002 n_ghost=512352 compute_avg_ms=0.079428 compute_min_ms=0.078848 compute_max_ms=0.080896 compute_var_ms=0.000000327 compute_gflops=37.769981 eff_bw_gbs=290.191915 pct_peak_bw=31.0991 comm_avg_ms=1.367744 comm_min_ms=0.565300 comm_max_ms=5.271835 comm_var_ms=1.778683876 total_avg_ms=1.447172 total_min_ms=0.645172 total_max_ms=5.350683 total_var_ms=1.778627021 effective_gflops=2.073011
RESULT comm=fennel_nccl kernel=acc matrix=weak_sparse_P4.mtx P=4 rank=2 nrows_local=749998 ncols_global=3000000 nnz_local=1499996 n_ghost=512871 compute_avg_ms=0.077175 compute_min_ms=0.076800 compute_max_ms=0.077824 compute_var_ms=0.000000243 compute_gflops=38.872353 eff_bw_gbs=298.688595 pct_peak_bw=32.0097 comm_avg_ms=1.353839 comm_min_ms=0.551840 comm_max_ms=5.289243 comm_var_ms=1.792387187 total_avg_ms=1.431015 total_min_ms=0.628640 total_max_ms=5.367067 total_var_ms=1.792811128 effective_gflops=2.096409
RESULT comm=fennel_nccl kernel=acc matrix=weak_sparse_P4.mtx P=4 rank=3 nrows_local=749999 ncols_global=3000000 nnz_local=1499998 n_ghost=512606 compute_avg_ms=0.079189 compute_min_ms=0.077824 compute_max_ms=0.080896 compute_var_ms=0.000000443 compute_gflops=37.883841 eff_bw_gbs=291.079618 pct_peak_bw=31.1942 comm_avg_ms=1.365161 comm_min_ms=0.534182 comm_max_ms=5.300267 comm_var_ms=1.766131822 total_avg_ms=1.444351 total_min_ms=0.613030 total_max_ms=5.380139 total_var_ms=1.766667795 effective_gflops=2.077055
[ERROR CHECKING] OK!

--- rep=5/10 driver=spmv_fennel_nccl_cusparse matrix=matrices_synthetic/weak_sparse_P4.mtx ---
Loaded matrices_synthetic/weak_sparse_P4.mtx: 3000000 x 3000000, 6000000 nnz
RESULT comm=fennel_nccl kernel=cusparse matrix=weak_sparse_P4.mtx P=4 rank=0 nrows_local=750002 ncols_global=3000000 nnz_local=1500004 n_ghost=512771 compute_avg_ms=0.102025 compute_min_ms=0.100352 compute_max_ms=0.103424 compute_var_ms=0.000000523 compute_gflops=29.404771 eff_bw_gbs=225.937271 pct_peak_bw=24.2131 comm_avg_ms=1.181982 comm_min_ms=0.447139 comm_max_ms=7.562724 comm_var_ms=3.259213829 total_avg_ms=1.284006 total_min_ms=0.549953 total_max_ms=7.664100 total_var_ms=3.259017916 effective_gflops=2.336444
RESULT comm=fennel_nccl kernel=cusparse matrix=weak_sparse_P4.mtx P=4 rank=1 nrows_local=750001 ncols_global=3000000 nnz_local=1500002 n_ghost=512352 compute_avg_ms=0.103765 compute_min_ms=0.102400 compute_max_ms=0.105472 compute_var_ms=0.000000443 compute_gflops=28.911429 eff_bw_gbs=222.130453 pct_peak_bw=23.8051 comm_avg_ms=1.295448 comm_min_ms=0.552154 comm_max_ms=7.704638 comm_var_ms=3.277463902 total_avg_ms=1.399214 total_min_ms=0.655578 total_max_ms=7.808062 total_var_ms=3.277341865 effective_gflops=2.144064
RESULT comm=fennel_nccl kernel=cusparse matrix=weak_sparse_P4.mtx P=4 rank=2 nrows_local=749998 ncols_global=3000000 nnz_local=1499996 n_ghost=512871 compute_avg_ms=0.100693 compute_min_ms=0.099328 compute_max_ms=0.101376 compute_var_ms=0.000000443 compute_gflops=29.793354 eff_bw_gbs=228.927099 pct_peak_bw=24.5335 comm_avg_ms=1.280361 comm_min_ms=0.535084 comm_max_ms=7.682315 comm_var_ms=3.272492122 total_avg_ms=1.381054 total_min_ms=0.634412 total_max_ms=7.782667 total_var_ms=3.272749275 effective_gflops=2.172248
RESULT comm=fennel_nccl kernel=cusparse matrix=weak_sparse_P4.mtx P=4 rank=3 nrows_local=749999 ncols_global=3000000 nnz_local=1499998 n_ghost=512606 compute_avg_ms=0.103390 compute_min_ms=0.102400 compute_max_ms=0.105472 compute_var_ms=0.000000593 compute_gflops=29.016345 eff_bw_gbs=222.946419 pct_peak_bw=23.8926 comm_avg_ms=1.303809 comm_min_ms=0.562043 comm_max_ms=7.680009 comm_var_ms=3.259585568 total_avg_ms=1.407199 total_min_ms=0.664443 total_max_ms=7.783433 total_var_ms=3.259717136 effective_gflops=2.131891
[ERROR CHECKING] OK!

--- rep=5/10 driver=spmv_block_nccl_acc matrix=matrices_synthetic/weak_sparse_P4.mtx ---
Loaded matrices_synthetic/weak_sparse_P4.mtx: 3000000 x 3000000, 6000000 nnz
[kernel] acc -> LINE-ENHANCE (nnz=1500000, avg_nnz=2.00, imbalance=1.00, V=1)
[kernel] acc -> LINE-ENHANCE (nnz=1500000, avg_nnz=2.00, imbalance=1.00, V=1)
[kernel] acc -> LINE-ENHANCE (nnz=1500000, avg_nnz=2.00, imbalance=1.00, V=1)
[kernel] acc -> LINE-ENHANCE (nnz=1500000, avg_nnz=2.00, imbalance=1.00, V=1)
RESULT comm=block_nccl kernel=acc matrix=weak_sparse_P4.mtx P=4 rank=0 nrows_local=750000 ncols_global=3000000 nnz_local=1500000 n_ghost=884851 compute_avg_ms=0.079121 compute_min_ms=0.077824 compute_max_ms=0.079872 compute_var_ms=0.000000345 compute_gflops=37.916578 eff_bw_gbs=310.150128 pct_peak_bw=33.2380 comm_avg_ms=0.705195 comm_min_ms=0.685938 comm_max_ms=0.726305 comm_var_ms=0.000087208 total_avg_ms=0.784317 total_min_ms=0.764786 total_max_ms=0.805153 total_var_ms=0.000086666 effective_gflops=3.824986
RESULT comm=block_nccl kernel=acc matrix=weak_sparse_P4.mtx P=4 rank=2 nrows_local=750000 ncols_global=3000000 nnz_local=1500000 n_ghost=885373 compute_avg_ms=0.077926 compute_min_ms=0.076800 compute_max_ms=0.078848 compute_var_ms=0.000000374 compute_gflops=38.497866 eff_bw_gbs=314.931740 pct_peak_bw=33.7504 comm_avg_ms=0.793482 comm_min_ms=0.764827 comm_max_ms=0.809372 comm_var_ms=0.000099477 total_avg_ms=0.871408 total_min_ms=0.842651 total_max_ms=0.887196 total_var_ms=0.000100705 effective_gflops=3.442704
RESULT comm=block_nccl kernel=acc matrix=weak_sparse_P4.mtx P=4 rank=1 nrows_local=750000 ncols_global=3000000 nnz_local=1500000 n_ghost=885804 compute_avg_ms=0.080111 compute_min_ms=0.078848 compute_max_ms=0.080896 compute_var_ms=0.000000327 compute_gflops=37.448073 eff_bw_gbs=306.365434 pct_peak_bw=32.8324 comm_avg_ms=0.598670 comm_min_ms=0.568239 comm_max_ms=0.618650 comm_var_ms=0.000119735 total_avg_ms=0.678781 total_min_ms=0.648111 total_max_ms=0.699546 total_var_ms=0.000124240 effective_gflops=4.419685
RESULT comm=block_nccl kernel=acc matrix=weak_sparse_P4.mtx P=4 rank=3 nrows_local=750000 ncols_global=3000000 nnz_local=1500000 n_ghost=885399 compute_avg_ms=0.079735 compute_min_ms=0.078848 compute_max_ms=0.080896 compute_var_ms=0.000000331 compute_gflops=37.624413 eff_bw_gbs=307.787762 pct_peak_bw=32.9848 comm_avg_ms=0.741298 comm_min_ms=0.709509 comm_max_ms=0.764791 comm_var_ms=0.000187438 total_avg_ms=0.821034 total_min_ms=0.790405 total_max_ms=0.844663 total_var_ms=0.000188251 effective_gflops=3.653930
[ERROR CHECKING] OK!

--- rep=5/10 driver=spmv_block_nccl_cusparse matrix=matrices_synthetic/weak_sparse_P4.mtx ---
