=== D2_final intelligent-partitioning weak scaling ===
Node:     edu01
Date:     Fri Jul 24 10:51:27 AM CEST 2026
P:        3
Matrix:   matrices_synthetic/weak_P3.mtx
Reps:     3

--- P=3 rep=1/3 driver=spmv_rcm_nccl_acc matrix=matrices_synthetic/weak_P3.mtx ---
Loaded matrices_synthetic/weak_P3.mtx: 225000 x 225000, 4500000 nnz
[kernel] acc -> FLAT (nnz=1500000, avg_nnz=20.00, imbalance=1.00)
[kernel] acc -> FLAT (nnz=1500000, avg_nnz=20.00, imbalance=1.00)
[kernel] acc -> FLAT (nnz=1500000, avg_nnz=20.00, imbalance=1.00)
RESULT comm=rcm_nccl kernel=acc matrix=weak_P3.mtx P=3 rank=1 nrows_local=75000 ncols_global=225000 nnz_local=1500000 n_ghost=147495 compute_avg_ms=0.068335 compute_min_ms=0.067584 compute_max_ms=0.070656 compute_var_ms=0.000000974 compute_gflops=43.901411 eff_bw_gbs=197.495530 pct_peak_bw=21.1651 comm_avg_ms=0.134308 comm_min_ms=0.129050 comm_max_ms=0.150392 comm_var_ms=0.000021611 total_avg_ms=0.202643 total_min_ms=0.196634 total_max_ms=0.217976 total_var_ms=0.000026518 effective_gflops=14.804394
RESULT comm=rcm_nccl kernel=acc matrix=weak_P3.mtx P=3 rank=0 nrows_local=75000 ncols_global=225000 nnz_local=1500000 n_ghost=143639 compute_avg_ms=0.068164 compute_min_ms=0.065536 compute_max_ms=0.071680 compute_var_ms=0.000002355 compute_gflops=44.011329 eff_bw_gbs=197.763733 pct_peak_bw=21.1938 comm_avg_ms=0.103486 comm_min_ms=0.094946 comm_max_ms=0.128399 comm_var_ms=0.000053435 total_avg_ms=0.171650 total_min_ms=0.162530 total_max_ms=0.194959 total_var_ms=0.000067337 effective_gflops=17.477394
RESULT comm=rcm_nccl kernel=acc matrix=weak_P3.mtx P=3 rank=2 nrows_local=75000 ncols_global=225000 nnz_local=1500000 n_ghost=149711 compute_avg_ms=0.063625 compute_min_ms=0.061440 compute_max_ms=0.068608 compute_var_ms=0.000003057 compute_gflops=47.151623 eff_bw_gbs=212.256302 pct_peak_bw=22.7469 comm_avg_ms=0.177360 comm_min_ms=0.137724 comm_max_ms=1.065881 comm_var_ms=0.027243686 total_avg_ms=0.240984 total_min_ms=0.200188 total_max_ms=1.134489 total_var_ms=0.027561813 effective_gflops=12.448951
[ERROR CHECKING] OK!

--- P=3 rep=1/3 driver=spmv_rcm_nccl_cusparse matrix=matrices_synthetic/weak_P3.mtx ---
Loaded matrices_synthetic/weak_P3.mtx: 225000 x 225000, 4500000 nnz
RESULT comm=rcm_nccl kernel=cusparse matrix=weak_P3.mtx P=3 rank=1 nrows_local=75000 ncols_global=225000 nnz_local=1500000 n_ghost=147495 compute_avg_ms=0.082637 compute_min_ms=0.081920 compute_max_ms=0.082944 compute_var_ms=0.000000220 compute_gflops=36.303439 eff_bw_gbs=163.244273 pct_peak_bw=17.4945 comm_avg_ms=0.130163 comm_min_ms=0.124899 comm_max_ms=0.135597 comm_var_ms=0.000007581 total_avg_ms=0.212800 total_min_ms=0.206819 total_max_ms=0.218541 total_var_ms=0.000008655 effective_gflops=14.097727
RESULT comm=rcm_nccl kernel=cusparse matrix=weak_P3.mtx P=3 rank=0 nrows_local=75000 ncols_global=225000 nnz_local=1500000 n_ghost=143639 compute_avg_ms=0.081476 compute_min_ms=0.080896 compute_max_ms=0.082944 compute_var_ms=0.000000327 compute_gflops=36.820539 eff_bw_gbs=165.380189 pct_peak_bw=17.7234 comm_avg_ms=0.100071 comm_min_ms=0.095107 comm_max_ms=0.110670 comm_var_ms=0.000009259 total_avg_ms=0.181548 total_min_ms=0.177027 total_max_ms=0.191566 total_var_ms=0.000009342 effective_gflops=16.524580
RESULT comm=rcm_nccl kernel=cusparse matrix=weak_P3.mtx P=3 rank=2 nrows_local=75000 ncols_global=225000 nnz_local=1500000 n_ghost=149711 compute_avg_ms=0.076220 compute_min_ms=0.075776 compute_max_ms=0.076800 compute_var_ms=0.000000257 compute_gflops=39.359884 eff_bw_gbs=177.104364 pct_peak_bw=18.9798 comm_avg_ms=0.141933 comm_min_ms=0.139041 comm_max_ms=0.147671 comm_var_ms=0.000004317 total_avg_ms=0.218153 total_min_ms=0.214817 total_max_ms=0.223447 total_var_ms=0.000004275 effective_gflops=13.751839
[ERROR CHECKING] OK!

--- P=3 rep=1/3 driver=spmv_fennel_nccl_acc matrix=matrices_synthetic/weak_P3.mtx ---
Loaded matrices_synthetic/weak_P3.mtx: 225000 x 225000, 4500000 nnz
[kernel] acc -> FLAT (nnz=1500000, avg_nnz=20.00, imbalance=1.00)
[kernel] acc -> FLAT (nnz=1500020, avg_nnz=20.00, imbalance=1.00)
[kernel] acc -> FLAT (nnz=1499980, avg_nnz=20.00, imbalance=1.00)
RESULT comm=fennel_nccl kernel=acc matrix=weak_P3.mtx P=3 rank=1 nrows_local=75000 ncols_global=225000 nnz_local=1500000 n_ghost=149647 compute_avg_ms=0.069598 compute_min_ms=0.068608 compute_max_ms=0.072704 compute_var_ms=0.000001152 compute_gflops=43.104769 eff_bw_gbs=194.035427 pct_peak_bw=20.7943 comm_avg_ms=0.154653 comm_min_ms=0.147489 comm_max_ms=0.175858 comm_var_ms=0.000025650 total_avg_ms=0.224251 total_min_ms=0.217121 total_max_ms=0.245490 total_var_ms=0.000029742 effective_gflops=13.377893
RESULT comm=fennel_nccl kernel=acc matrix=weak_P3.mtx P=3 rank=0 nrows_local=75001 ncols_global=225000 nnz_local=1500020 n_ghost=149652 compute_avg_ms=0.069495 compute_min_ms=0.067584 compute_max_ms=0.071680 compute_var_ms=0.000002358 compute_gflops=43.168858 eff_bw_gbs=194.324097 pct_peak_bw=20.8252 comm_avg_ms=0.145420 comm_min_ms=0.131245 comm_max_ms=0.310246 comm_var_ms=0.000953293 total_avg_ms=0.214915 total_min_ms=0.199853 total_max_ms=0.381926 total_var_ms=0.000988436 effective_gflops=13.959180
RESULT comm=fennel_nccl kernel=acc matrix=weak_P3.mtx P=3 rank=2 nrows_local=74999 ncols_global=225000 nnz_local=1499980 n_ghost=149690 compute_avg_ms=0.068745 compute_min_ms=0.066560 compute_max_ms=0.071680 compute_var_ms=0.000002708 compute_gflops=43.639251 eff_bw_gbs=196.444010 pct_peak_bw=21.0524 comm_avg_ms=0.160842 comm_min_ms=0.151541 comm_max_ms=0.171051 comm_var_ms=0.000019806 total_avg_ms=0.229587 total_min_ms=0.219125 total_max_ms=0.241707 total_var_ms=0.000022911 effective_gflops=13.066779
[ERROR CHECKING] OK!

--- P=3 rep=1/3 driver=spmv_fennel_nccl_cusparse matrix=matrices_synthetic/weak_P3.mtx ---
Loaded matrices_synthetic/weak_P3.mtx: 225000 x 225000, 4500000 nnz
RESULT comm=fennel_nccl kernel=cusparse matrix=weak_P3.mtx P=3 rank=1 nrows_local=75000 ncols_global=225000 nnz_local=1500000 n_ghost=149647 compute_avg_ms=0.083115 compute_min_ms=0.081920 compute_max_ms=0.084992 compute_var_ms=0.000000355 compute_gflops=36.094713 eff_bw_gbs=162.409269 pct_peak_bw=17.4050 comm_avg_ms=0.154735 comm_min_ms=0.149645 comm_max_ms=0.175938 comm_var_ms=0.000025584 total_avg_ms=0.237850 total_min_ms=0.232589 total_max_ms=0.258882 total_var_ms=0.000025668 effective_gflops=12.612991
RESULT comm=fennel_nccl kernel=cusparse matrix=weak_P3.mtx P=3 rank=2 nrows_local=74999 ncols_global=225000 nnz_local=1499980 n_ghost=149690 compute_avg_ms=0.081067 compute_min_ms=0.079872 compute_max_ms=0.082944 compute_var_ms=0.000000355 compute_gflops=37.006087 eff_bw_gbs=166.512242 pct_peak_bw=17.8447 comm_avg_ms=0.156672 comm_min_ms=0.151949 comm_max_ms=0.162904 comm_var_ms=0.000006783 total_avg_ms=0.237738 total_min_ms=0.233321 total_max_ms=0.243800 total_var_ms=0.000006365 effective_gflops=12.618756
RESULT comm=fennel_nccl kernel=cusparse matrix=weak_P3.mtx P=3 rank=0 nrows_local=75001 ncols_global=225000 nnz_local=1500020 n_ghost=149652 compute_avg_ms=0.082227 compute_min_ms=0.080896 compute_max_ms=0.082944 compute_var_ms=0.000000290 compute_gflops=36.484765 eff_bw_gbs=164.164465 pct_peak_bw=17.5931 comm_avg_ms=0.136154 comm_min_ms=0.132287 comm_max_ms=0.140733 comm_var_ms=0.000004839 total_avg_ms=0.218381 total_min_ms=0.213183 total_max_ms=0.222875 total_var_ms=0.000005886 effective_gflops=13.737653
[ERROR CHECKING] OK!

--- P=3 rep=1/3 driver=spmv_block_nccl_acc matrix=matrices_synthetic/weak_P3.mtx ---
Loaded matrices_synthetic/weak_P3.mtx: 225000 x 225000, 4500000 nnz
[kernel] acc -> FLAT (nnz=1500000, avg_nnz=20.00, imbalance=1.00)
[kernel] acc -> FLAT (nnz=1500000, avg_nnz=20.00, imbalance=1.00)
[kernel] acc -> FLAT (nnz=1500000, avg_nnz=20.00, imbalance=1.00)
RESULT comm=block_nccl kernel=acc matrix=weak_P3.mtx P=3 rank=1 nrows_local=75000 ncols_global=225000 nnz_local=1500000 n_ghost=149814 compute_avg_ms=0.069598 compute_min_ms=0.068608 compute_max_ms=0.071680 compute_var_ms=0.000000803 compute_gflops=43.104769 eff_bw_gbs=194.045025 pct_peak_bw=20.7953 comm_avg_ms=0.137441 comm_min_ms=0.129437 comm_max_ms=0.146973 comm_var_ms=0.000024526 total_avg_ms=0.207039 total_min_ms=0.199069 total_max_ms=0.218653 total_var_ms=0.000029156 effective_gflops=14.490047
RESULT comm=block_nccl kernel=acc matrix=weak_P3.mtx P=3 rank=0 nrows_local=75000 ncols_global=225000 nnz_local=1500000 n_ghost=149847 compute_avg_ms=0.069837 compute_min_ms=0.067584 compute_max_ms=0.071680 compute_var_ms=0.000002195 compute_gflops=42.957294 eff_bw_gbs=193.383027 pct_peak_bw=20.7243 comm_avg_ms=0.105513 comm_min_ms=0.095917 comm_max_ms=0.116244 comm_var_ms=0.000036324 total_avg_ms=0.175350 total_min_ms=0.164525 total_max_ms=0.187924 total_var_ms=0.000052556 effective_gflops=17.108610
RESULT comm=block_nccl kernel=acc matrix=weak_P3.mtx P=3 rank=2 nrows_local=75000 ncols_global=225000 nnz_local=1500000 n_ghost=149800 compute_avg_ms=0.068574 compute_min_ms=0.066560 compute_max_ms=0.070656 compute_var_ms=0.000001502 compute_gflops=43.748444 eff_bw_gbs=196.941845 pct_peak_bw=21.1057 comm_avg_ms=0.126102 comm_min_ms=0.119216 comm_max_ms=0.135880 comm_var_ms=0.000021803 total_avg_ms=0.194676 total_min_ms=0.186178 total_max_ms=0.206536 total_var_ms=0.000033137 effective_gflops=15.410212
[ERROR CHECKING] OK!

--- P=3 rep=1/3 driver=spmv_block_nccl_cusparse matrix=matrices_synthetic/weak_P3.mtx ---
Loaded matrices_synthetic/weak_P3.mtx: 225000 x 225000, 4500000 nnz
RESULT comm=block_nccl kernel=cusparse matrix=weak_P3.mtx P=3 rank=0 nrows_local=75000 ncols_global=225000 nnz_local=1500000 n_ghost=149847 compute_avg_ms=0.082705 compute_min_ms=0.081920 compute_max_ms=0.084992 compute_var_ms=0.000000397 compute_gflops=36.273474 eff_bw_gbs=163.223280 pct_peak_bw=17.4922 comm_avg_ms=0.100884 comm_min_ms=0.096821 comm_max_ms=0.107993 comm_var_ms=0.000005860 total_avg_ms=0.183589 total_min_ms=0.178741 total_max_ms=0.190937 total_var_ms=0.000006673 effective_gflops=16.340804
RESULT comm=block_nccl kernel=cusparse matrix=weak_P3.mtx P=3 rank=1 nrows_local=75000 ncols_global=225000 nnz_local=1500000 n_ghost=149814 compute_avg_ms=0.083695 compute_min_ms=0.082944 compute_max_ms=0.084992 compute_var_ms=0.000000345 compute_gflops=35.844464 eff_bw_gbs=161.291248 pct_peak_bw=17.2852 comm_avg_ms=0.131651 comm_min_ms=0.127259 comm_max_ms=0.137621 comm_var_ms=0.000006961 total_avg_ms=0.215346 total_min_ms=0.210203 total_max_ms=0.221287 total_var_ms=0.000006961 effective_gflops=13.931069
RESULT comm=block_nccl kernel=cusparse matrix=weak_P3.mtx P=3 rank=2 nrows_local=75000 ncols_global=225000 nnz_local=1500000 n_ghost=149800 compute_avg_ms=0.081613 compute_min_ms=0.080896 compute_max_ms=0.082944 compute_var_ms=0.000000360 compute_gflops=36.758941 eff_bw_gbs=165.405480 pct_peak_bw=17.7261 comm_avg_ms=0.121027 comm_min_ms=0.117983 comm_max_ms=0.126258 comm_var_ms=0.000004030 total_avg_ms=0.202640 total_min_ms=0.199652 total_max_ms=0.208178 total_var_ms=0.000003906 effective_gflops=14.804572
[ERROR CHECKING] OK!

--- P=3 rep=2/3 driver=spmv_rcm_nccl_acc matrix=matrices_synthetic/weak_P3.mtx ---
Loaded matrices_synthetic/weak_P3.mtx: 225000 x 225000, 4500000 nnz
[kernel] acc -> FLAT (nnz=1500000, avg_nnz=20.00, imbalance=1.00)
[kernel] acc -> FLAT (nnz=1500000, avg_nnz=20.00, imbalance=1.00)
[kernel] acc -> FLAT (nnz=1500000, avg_nnz=20.00, imbalance=1.00)
RESULT comm=rcm_nccl kernel=acc matrix=weak_P3.mtx P=3 rank=1 nrows_local=75000 ncols_global=225000 nnz_local=1500000 n_ghost=147495 compute_avg_ms=0.068267 compute_min_ms=0.067584 compute_max_ms=0.070656 compute_var_ms=0.000000862 compute_gflops=43.945312 eff_bw_gbs=197.693025 pct_peak_bw=21.1862 comm_avg_ms=0.146945 comm_min_ms=0.124839 comm_max_ms=0.550065 comm_var_ms=0.005621369 total_avg_ms=0.215212 total_min_ms=0.192423 total_max_ms=0.618673 total_var_ms=0.005632946 effective_gflops=13.939752
RESULT comm=rcm_nccl kernel=acc matrix=weak_P3.mtx P=3 rank=0 nrows_local=75000 ncols_global=225000 nnz_local=1500000 n_ghost=143639 compute_avg_ms=0.068301 compute_min_ms=0.066560 compute_max_ms=0.070656 compute_var_ms=0.000001758 compute_gflops=43.923350 eff_bw_gbs=197.368403 pct_peak_bw=21.1514 comm_avg_ms=0.102990 comm_min_ms=0.094655 comm_max_ms=0.111335 comm_var_ms=0.000018622 total_avg_ms=0.171291 total_min_ms=0.161215 total_max_ms=0.180967 total_var_ms=0.000028693 effective_gflops=17.514028
RESULT comm=rcm_nccl kernel=acc matrix=weak_P3.mtx P=3 rank=2 nrows_local=75000 ncols_global=225000 nnz_local=1500000 n_ghost=149711 compute_avg_ms=0.064034 compute_min_ms=0.062464 compute_max_ms=0.066560 compute_var_ms=0.000002288 compute_gflops=46.850014 eff_bw_gbs=210.898585 pct_peak_bw=22.6014 comm_avg_ms=0.162338 comm_min_ms=0.141683 comm_max_ms=0.580255 comm_var_ms=0.006033059 total_avg_ms=0.226372 total_min_ms=0.204147 total_max_ms=0.642719 total_var_ms=0.005996052 effective_gflops=13.252520
[ERROR CHECKING] OK!

--- P=3 rep=2/3 driver=spmv_rcm_nccl_cusparse matrix=matrices_synthetic/weak_P3.mtx ---
Loaded matrices_synthetic/weak_P3.mtx: 225000 x 225000, 4500000 nnz
RESULT comm=rcm_nccl kernel=cusparse matrix=weak_P3.mtx P=3 rank=1 nrows_local=75000 ncols_global=225000 nnz_local=1500000 n_ghost=147495 compute_avg_ms=0.082125 compute_min_ms=0.080896 compute_max_ms=0.082944 compute_var_ms=0.000000238 compute_gflops=36.529770 eff_bw_gbs=164.262005 pct_peak_bw=17.6035 comm_avg_ms=0.157487 comm_min_ms=0.127703 comm_max_ms=0.905263 comm_var_ms=0.019289548 total_avg_ms=0.239611 total_min_ms=0.209623 total_max_ms=0.988207 total_var_ms=0.019332414 effective_gflops=12.520273
RESULT comm=rcm_nccl kernel=cusparse matrix=weak_P3.mtx P=3 rank=2 nrows_local=75000 ncols_global=225000 nnz_local=1500000 n_ghost=149711 compute_avg_ms=0.076527 compute_min_ms=0.075776 compute_max_ms=0.077824 compute_var_ms=0.000000345 compute_gflops=39.201883 eff_bw_gbs=176.393420 pct_peak_bw=18.9036 comm_avg_ms=0.169860 comm_min_ms=0.141182 comm_max_ms=0.903557 comm_var_ms=0.018567034 total_avg_ms=0.246387 total_min_ms=0.217044 total_max_ms=0.980357 total_var_ms=0.018581317 effective_gflops=12.175985
RESULT comm=rcm_nccl kernel=cusparse matrix=weak_P3.mtx P=3 rank=0 nrows_local=75000 ncols_global=225000 nnz_local=1500000 n_ghost=143639 compute_avg_ms=0.081203 compute_min_ms=0.079872 compute_max_ms=0.083968 compute_var_ms=0.000000500 compute_gflops=36.944358 eff_bw_gbs=165.936323 pct_peak_bw=17.7830 comm_avg_ms=0.124324 comm_min_ms=0.094069 comm_max_ms=0.889027 comm_var_ms=0.020172015 total_avg_ms=0.205527 total_min_ms=0.174965 total_max_ms=0.970947 total_var_ms=0.020210468 effective_gflops=14.596620
[ERROR CHECKING] OK!

--- P=3 rep=2/3 driver=spmv_fennel_nccl_acc matrix=matrices_synthetic/weak_P3.mtx ---
Loaded matrices_synthetic/weak_P3.mtx: 225000 x 225000, 4500000 nnz
[kernel] acc -> FLAT (nnz=1500000, avg_nnz=20.00, imbalance=1.00)
[kernel] acc -> FLAT (nnz=1500020, avg_nnz=20.00, imbalance=1.00)
[kernel] acc -> FLAT (nnz=1499980, avg_nnz=20.00, imbalance=1.00)
RESULT comm=fennel_nccl kernel=acc matrix=weak_P3.mtx P=3 rank=1 nrows_local=75000 ncols_global=225000 nnz_local=1500000 n_ghost=149647 compute_avg_ms=0.069427 compute_min_ms=0.068608 compute_max_ms=0.073728 compute_var_ms=0.000000867 compute_gflops=43.210729 eff_bw_gbs=194.512407 pct_peak_bw=20.8454 comm_avg_ms=0.153774 comm_min_ms=0.145416 comm_max_ms=0.174549 comm_var_ms=0.000026867 total_avg_ms=0.223201 total_min_ms=0.214957 total_max_ms=0.244181 total_var_ms=0.000028634 effective_gflops=13.440786
RESULT comm=fennel_nccl kernel=acc matrix=weak_P3.mtx P=3 rank=0 nrows_local=75001 ncols_global=225000 nnz_local=1500020 n_ghost=149652 compute_avg_ms=0.069120 compute_min_ms=0.067584 compute_max_ms=0.072704 compute_var_ms=0.000002639 compute_gflops=43.403356 eff_bw_gbs=195.379685 pct_peak_bw=20.9383 comm_avg_ms=0.138302 comm_min_ms=0.131591 comm_max_ms=0.146066 comm_var_ms=0.000014839 total_avg_ms=0.207422 total_min_ms=0.200199 total_max_ms=0.217746 total_var_ms=0.000027526 effective_gflops=14.463433
RESULT comm=fennel_nccl kernel=acc matrix=weak_P3.mtx P=3 rank=2 nrows_local=74999 ncols_global=225000 nnz_local=1499980 n_ghost=149690 compute_avg_ms=0.068267 compute_min_ms=0.066560 compute_max_ms=0.070656 compute_var_ms=0.000001911 compute_gflops=43.944726 eff_bw_gbs=197.819119 pct_peak_bw=21.1998 comm_avg_ms=0.160779 comm_min_ms=0.155830 comm_max_ms=0.167913 comm_var_ms=0.000006298 total_avg_ms=0.229046 total_min_ms=0.223414 total_max_ms=0.237545 total_var_ms=0.000010953 effective_gflops=13.097658
[ERROR CHECKING] OK!

--- P=3 rep=2/3 driver=spmv_fennel_nccl_cusparse matrix=matrices_synthetic/weak_P3.mtx ---
Loaded matrices_synthetic/weak_P3.mtx: 225000 x 225000, 4500000 nnz
RESULT comm=fennel_nccl kernel=cusparse matrix=weak_P3.mtx P=3 rank=1 nrows_local=75000 ncols_global=225000 nnz_local=1500000 n_ghost=149647 compute_avg_ms=0.083627 compute_min_ms=0.081920 compute_max_ms=0.091136 compute_var_ms=0.000002330 compute_gflops=35.873725 eff_bw_gbs=161.414926 pct_peak_bw=17.2984 comm_avg_ms=0.163830 comm_min_ms=0.144474 comm_max_ms=0.530399 comm_var_ms=0.004657918 total_avg_ms=0.247456 total_min_ms=0.227418 total_max_ms=0.621535 total_var_ms=0.004851515 effective_gflops=12.123351
RESULT comm=fennel_nccl kernel=cusparse matrix=weak_P3.mtx P=3 rank=2 nrows_local=74999 ncols_global=225000 nnz_local=1499980 n_ghost=149690 compute_avg_ms=0.081271 compute_min_ms=0.079872 compute_max_ms=0.082944 compute_var_ms=0.000000383 compute_gflops=36.912833 eff_bw_gbs=166.092639 pct_peak_bw=17.7997 comm_avg_ms=0.158527 comm_min_ms=0.154654 comm_max_ms=0.164717 comm_var_ms=0.000008309 total_avg_ms=0.239799 total_min_ms=0.235550 total_max_ms=0.247463 total_var_ms=0.000008182 effective_gflops=12.510326
RESULT comm=fennel_nccl kernel=cusparse matrix=weak_P3.mtx P=3 rank=0 nrows_local=75001 ncols_global=225000 nnz_local=1500020 n_ghost=149652 compute_avg_ms=0.082330 compute_min_ms=0.081920 compute_max_ms=0.084992 compute_var_ms=0.000000531 compute_gflops=36.439386 eff_bw_gbs=163.960281 pct_peak_bw=17.5712 comm_avg_ms=0.136521 comm_min_ms=0.132112 comm_max_ms=0.141105 comm_var_ms=0.000006440 total_avg_ms=0.218850 total_min_ms=0.214032 total_max_ms=0.224049 total_var_ms=0.000007203 effective_gflops=13.708190
[ERROR CHECKING] OK!

--- P=3 rep=2/3 driver=spmv_block_nccl_acc matrix=matrices_synthetic/weak_P3.mtx ---
Loaded matrices_synthetic/weak_P3.mtx: 225000 x 225000, 4500000 nnz
[kernel] acc -> FLAT (nnz=1500000, avg_nnz=20.00, imbalance=1.00)
[kernel] acc -> FLAT (nnz=1500000, avg_nnz=20.00, imbalance=1.00)
[kernel] acc -> FLAT (nnz=1500000, avg_nnz=20.00, imbalance=1.00)
RESULT comm=block_nccl kernel=acc matrix=weak_P3.mtx P=3 rank=2 nrows_local=75000 ncols_global=225000 nnz_local=1500000 n_ghost=149800 compute_avg_ms=0.069052 compute_min_ms=0.066560 compute_max_ms=0.071680 compute_var_ms=0.000002215 compute_gflops=43.445686 eff_bw_gbs=195.578925 pct_peak_bw=20.9597 comm_avg_ms=0.124626 comm_min_ms=0.117270 comm_max_ms=0.131669 comm_var_ms=0.000014151 total_avg_ms=0.193678 total_min_ms=0.184854 total_max_ms=0.202325 total_var_ms=0.000025813 effective_gflops=15.489651
RESULT comm=block_nccl kernel=acc matrix=weak_P3.mtx P=3 rank=1 nrows_local=75000 ncols_global=225000 nnz_local=1500000 n_ghost=149814 compute_avg_ms=0.069495 compute_min_ms=0.068608 compute_max_ms=0.071680 compute_var_ms=0.000000471 compute_gflops=43.168283 eff_bw_gbs=194.330946 pct_peak_bw=20.8259 comm_avg_ms=0.136458 comm_min_ms=0.129648 comm_max_ms=0.143040 comm_var_ms=0.000012363 total_avg_ms=0.205953 total_min_ms=0.198256 total_max_ms=0.212972 total_var_ms=0.000014156 effective_gflops=14.566407
RESULT comm=block_nccl kernel=acc matrix=weak_P3.mtx P=3 rank=0 nrows_local=75000 ncols_global=225000 nnz_local=1500000 n_ghost=149847 compute_avg_ms=0.069632 compute_min_ms=0.067584 compute_max_ms=0.071680 compute_var_ms=0.000001887 compute_gflops=43.083639 eff_bw_gbs=193.951800 pct_peak_bw=20.7853 comm_avg_ms=0.105269 comm_min_ms=0.098184 comm_max_ms=0.114527 comm_var_ms=0.000020496 total_avg_ms=0.174901 total_min_ms=0.165768 total_max_ms=0.186207 total_var_ms=0.000032769 effective_gflops=17.152557
[ERROR CHECKING] OK!

--- P=3 rep=2/3 driver=spmv_block_nccl_cusparse matrix=matrices_synthetic/weak_P3.mtx ---
Loaded matrices_synthetic/weak_P3.mtx: 225000 x 225000, 4500000 nnz
RESULT comm=block_nccl kernel=cusparse matrix=weak_P3.mtx P=3 rank=0 nrows_local=75000 ncols_global=225000 nnz_local=1500000 n_ghost=149847 compute_avg_ms=0.082842 compute_min_ms=0.081920 compute_max_ms=0.083968 compute_var_ms=0.000000514 compute_gflops=36.213691 eff_bw_gbs=162.954268 pct_peak_bw=17.4634 comm_avg_ms=0.098352 comm_min_ms=0.094865 comm_max_ms=0.104355 comm_var_ms=0.000003282 total_avg_ms=0.181193 total_min_ms=0.177809 total_max_ms=0.187299 total_var_ms=0.000003453 effective_gflops=16.556904
RESULT comm=block_nccl kernel=cusparse matrix=weak_P3.mtx P=3 rank=1 nrows_local=75000 ncols_global=225000 nnz_local=1500000 n_ghost=149814 compute_avg_ms=0.083558 compute_min_ms=0.082944 compute_max_ms=0.083968 compute_var_ms=0.000000252 compute_gflops=35.903034 eff_bw_gbs=161.554796 pct_peak_bw=17.3134 comm_avg_ms=0.131586 comm_min_ms=0.126758 comm_max_ms=0.137364 comm_var_ms=0.000007659 total_avg_ms=0.215144 total_min_ms=0.209702 total_max_ms=0.220972 total_var_ms=0.000008283 effective_gflops=13.944117
RESULT comm=block_nccl kernel=cusparse matrix=weak_P3.mtx P=3 rank=2 nrows_local=75000 ncols_global=225000 nnz_local=1500000 n_ghost=149800 compute_avg_ms=0.081818 compute_min_ms=0.080896 compute_max_ms=0.084992 compute_var_ms=0.000000654 compute_gflops=36.666928 eff_bw_gbs=164.991449 pct_peak_bw=17.6817 comm_avg_ms=0.138194 comm_min_ms=0.116471 comm_max_ms=0.639122 comm_var_ms=0.008658033 total_avg_ms=0.220011 total_min_ms=0.197367 total_max_ms=0.724114 total_var_ms=0.008768777 effective_gflops=13.635663
[ERROR CHECKING] OK!

--- P=3 rep=3/3 driver=spmv_rcm_nccl_acc matrix=matrices_synthetic/weak_P3.mtx ---
Loaded matrices_synthetic/weak_P3.mtx: 225000 x 225000, 4500000 nnz
[kernel] acc -> FLAT (nnz=1500000, avg_nnz=20.00, imbalance=1.00)
[kernel] acc -> FLAT (nnz=1500000, avg_nnz=20.00, imbalance=1.00)
[kernel] acc -> FLAT (nnz=1500000, avg_nnz=20.00, imbalance=1.00)
RESULT comm=rcm_nccl kernel=acc matrix=weak_P3.mtx P=3 rank=1 nrows_local=75000 ncols_global=225000 nnz_local=1500000 n_ghost=147495 compute_avg_ms=0.068710 compute_min_ms=0.066560 compute_max_ms=0.071680 compute_var_ms=0.000001912 compute_gflops=43.661512 eff_bw_gbs=196.416319 pct_peak_bw=21.0494 comm_avg_ms=0.132033 comm_min_ms=0.125103 comm_max_ms=0.147994 comm_var_ms=0.000030528 total_avg_ms=0.200743 total_min_ms=0.192687 total_max_ms=0.219674 total_var_ms=0.000041879 effective_gflops=14.944476
RESULT comm=rcm_nccl kernel=acc matrix=weak_P3.mtx P=3 rank=0 nrows_local=75000 ncols_global=225000 nnz_local=1500000 n_ghost=143639 compute_avg_ms=0.068198 compute_min_ms=0.066560 compute_max_ms=0.070656 compute_var_ms=0.000002279 compute_gflops=43.989301 eff_bw_gbs=197.664752 pct_peak_bw=21.1832 comm_avg_ms=0.104855 comm_min_ms=0.097264 comm_max_ms=0.114735 comm_var_ms=0.000036284 total_avg_ms=0.173053 total_min_ms=0.163824 total_max_ms=0.185391 total_var_ms=0.000054943 effective_gflops=17.335733
RESULT comm=rcm_nccl kernel=acc matrix=weak_P3.mtx P=3 rank=2 nrows_local=75000 ncols_global=225000 nnz_local=1500000 n_ghost=149711 compute_avg_ms=0.063863 compute_min_ms=0.062464 compute_max_ms=0.066560 compute_var_ms=0.000002201 compute_gflops=46.975214 eff_bw_gbs=211.462184 pct_peak_bw=22.6618 comm_avg_ms=0.156937 comm_min_ms=0.138719 comm_max_ms=0.481021 comm_var_ms=0.003638388 total_avg_ms=0.220800 total_min_ms=0.201183 total_max_ms=0.547581 total_var_ms=0.003709254 effective_gflops=13.586944
[ERROR CHECKING] OK!

--- P=3 rep=3/3 driver=spmv_rcm_nccl_cusparse matrix=matrices_synthetic/weak_P3.mtx ---
Loaded matrices_synthetic/weak_P3.mtx: 225000 x 225000, 4500000 nnz
RESULT comm=rcm_nccl kernel=cusparse matrix=weak_P3.mtx P=3 rank=0 nrows_local=75000 ncols_global=225000 nnz_local=1500000 n_ghost=143639 compute_avg_ms=0.081408 compute_min_ms=0.080896 compute_max_ms=0.082944 compute_var_ms=0.000000332 compute_gflops=36.851416 eff_bw_gbs=165.518872 pct_peak_bw=17.7382 comm_avg_ms=0.100089 comm_min_ms=0.095236 comm_max_ms=0.137428 comm_var_ms=0.000051054 total_avg_ms=0.181497 total_min_ms=0.176132 total_max_ms=0.219348 total_var_ms=0.000052719 effective_gflops=16.529242
RESULT comm=rcm_nccl kernel=cusparse matrix=weak_P3.mtx P=3 rank=1 nrows_local=75000 ncols_global=225000 nnz_local=1500000 n_ghost=147495 compute_avg_ms=0.081886 compute_min_ms=0.080896 compute_max_ms=0.082944 compute_var_ms=0.000000174 compute_gflops=36.636360 eff_bw_gbs=164.741303 pct_peak_bw=17.6549 comm_avg_ms=0.131106 comm_min_ms=0.126198 comm_max_ms=0.164357 comm_var_ms=0.000041197 total_avg_ms=0.212992 total_min_ms=0.208106 total_max_ms=0.246277 total_var_ms=0.000041696 effective_gflops=14.085032
RESULT comm=rcm_nccl kernel=cusparse matrix=weak_P3.mtx P=3 rank=2 nrows_local=75000 ncols_global=225000 nnz_local=1500000 n_ghost=149711 compute_avg_ms=0.076493 compute_min_ms=0.075776 compute_max_ms=0.077824 compute_var_ms=0.000000360 compute_gflops=39.219376 eff_bw_gbs=176.472132 pct_peak_bw=18.9121 comm_avg_ms=0.144596 comm_min_ms=0.132242 comm_max_ms=0.149215 comm_var_ms=0.000010091 total_avg_ms=0.221088 total_min_ms=0.209042 total_max_ms=0.225294 total_var_ms=0.000009600 effective_gflops=13.569229
[ERROR CHECKING] OK!

--- P=3 rep=3/3 driver=spmv_fennel_nccl_acc matrix=matrices_synthetic/weak_P3.mtx ---
Loaded matrices_synthetic/weak_P3.mtx: 225000 x 225000, 4500000 nnz
[kernel] acc -> FLAT (nnz=1500000, avg_nnz=20.00, imbalance=1.00)
[kernel] acc -> FLAT (nnz=1500020, avg_nnz=20.00, imbalance=1.00)
[kernel] acc -> FLAT (nnz=1499980, avg_nnz=20.00, imbalance=1.00)
RESULT comm=fennel_nccl kernel=acc matrix=weak_P3.mtx P=3 rank=1 nrows_local=75000 ncols_global=225000 nnz_local=1500000 n_ghost=149647 compute_avg_ms=0.069291 compute_min_ms=0.067584 compute_max_ms=0.071680 compute_var_ms=0.000000862 compute_gflops=43.295874 eff_bw_gbs=194.895683 pct_peak_bw=20.8865 comm_avg_ms=0.154644 comm_min_ms=0.147917 comm_max_ms=0.177210 comm_var_ms=0.000024924 total_avg_ms=0.223934 total_min_ms=0.216525 total_max_ms=0.245818 total_var_ms=0.000025791 effective_gflops=13.396784
RESULT comm=fennel_nccl kernel=acc matrix=weak_P3.mtx P=3 rank=0 nrows_local=75001 ncols_global=225000 nnz_local=1500020 n_ghost=149652 compute_avg_ms=0.069564 compute_min_ms=0.067584 compute_max_ms=0.071680 compute_var_ms=0.000001883 compute_gflops=43.126494 eff_bw_gbs=194.133396 pct_peak_bw=20.8048 comm_avg_ms=0.137996 comm_min_ms=0.131887 comm_max_ms=0.146705 comm_var_ms=0.000015854 total_avg_ms=0.207560 total_min_ms=0.200495 total_max_ms=0.218385 total_var_ms=0.000027142 effective_gflops=14.453831
RESULT comm=fennel_nccl kernel=acc matrix=weak_P3.mtx P=3 rank=2 nrows_local=74999 ncols_global=225000 nnz_local=1499980 n_ghost=149690 compute_avg_ms=0.068471 compute_min_ms=0.066560 compute_max_ms=0.071680 compute_var_ms=0.000002288 compute_gflops=43.813286 eff_bw_gbs=197.227436 pct_peak_bw=21.1363 comm_avg_ms=0.162189 comm_min_ms=0.156777 comm_max_ms=0.172597 comm_var_ms=0.000019102 total_avg_ms=0.230660 total_min_ms=0.223337 total_max_ms=0.244277 total_var_ms=0.000026177 effective_gflops=13.005973
[ERROR CHECKING] OK!

--- P=3 rep=3/3 driver=spmv_fennel_nccl_cusparse matrix=matrices_synthetic/weak_P3.mtx ---
Loaded matrices_synthetic/weak_P3.mtx: 225000 x 225000, 4500000 nnz
RESULT comm=fennel_nccl kernel=cusparse matrix=weak_P3.mtx P=3 rank=1 nrows_local=75000 ncols_global=225000 nnz_local=1500000 n_ghost=149647 compute_avg_ms=0.083354 compute_min_ms=0.082944 compute_max_ms=0.084992 compute_var_ms=0.000000322 compute_gflops=35.991248 eff_bw_gbs=161.943722 pct_peak_bw=17.3551 comm_avg_ms=0.153575 comm_min_ms=0.146284 comm_max_ms=0.175916 comm_var_ms=0.000034485 total_avg_ms=0.236929 total_min_ms=0.230252 total_max_ms=0.259884 total_var_ms=0.000034292 effective_gflops=12.662037
RESULT comm=fennel_nccl kernel=cusparse matrix=weak_P3.mtx P=3 rank=2 nrows_local=74999 ncols_global=225000 nnz_local=1499980 n_ghost=149690 compute_avg_ms=0.081135 compute_min_ms=0.079872 compute_max_ms=0.081920 compute_var_ms=0.000000467 compute_gflops=36.974950 eff_bw_gbs=166.372139 pct_peak_bw=17.8297 comm_avg_ms=0.157187 comm_min_ms=0.153348 comm_max_ms=0.170175 comm_var_ms=0.000012756 total_avg_ms=0.238322 total_min_ms=0.234404 total_max_ms=0.252095 total_var_ms=0.000012950 effective_gflops=12.587851
RESULT comm=fennel_nccl kernel=cusparse matrix=weak_P3.mtx P=3 rank=0 nrows_local=75001 ncols_global=225000 nnz_local=1500020 n_ghost=149652 compute_avg_ms=0.082330 compute_min_ms=0.081920 compute_max_ms=0.082944 compute_var_ms=0.000000252 compute_gflops=36.439386 eff_bw_gbs=163.960281 pct_peak_bw=17.5712 comm_avg_ms=0.138110 comm_min_ms=0.133489 comm_max_ms=0.141924 comm_var_ms=0.000003991 total_avg_ms=0.220440 total_min_ms=0.216433 total_max_ms=0.224868 total_var_ms=0.000004543 effective_gflops=13.609337
[ERROR CHECKING] OK!

--- P=3 rep=3/3 driver=spmv_block_nccl_acc matrix=matrices_synthetic/weak_P3.mtx ---
Loaded matrices_synthetic/weak_P3.mtx: 225000 x 225000, 4500000 nnz
[kernel] acc -> FLAT (nnz=1500000, avg_nnz=20.00, imbalance=1.00)
[kernel] acc -> FLAT (nnz=1500000, avg_nnz=20.00, imbalance=1.00)
[kernel] acc -> FLAT (nnz=1500000, avg_nnz=20.00, imbalance=1.00)
RESULT comm=block_nccl kernel=acc matrix=weak_P3.mtx P=3 rank=1 nrows_local=75000 ncols_global=225000 nnz_local=1500000 n_ghost=149814 compute_avg_ms=0.070281 compute_min_ms=0.068608 compute_max_ms=0.073728 compute_var_ms=0.000002131 compute_gflops=42.686072 eff_bw_gbs=192.160177 pct_peak_bw=20.5933 comm_avg_ms=0.133433 comm_min_ms=0.125277 comm_max_ms=0.143580 comm_var_ms=0.000023521 total_avg_ms=0.203714 total_min_ms=0.194864 total_max_ms=0.215260 total_var_ms=0.000034421 effective_gflops=14.726528
RESULT comm=block_nccl kernel=acc matrix=weak_P3.mtx P=3 rank=0 nrows_local=75000 ncols_global=225000 nnz_local=1500000 n_ghost=149847 compute_avg_ms=0.069803 compute_min_ms=0.067584 compute_max_ms=0.071680 compute_var_ms=0.000001614 compute_gflops=42.978300 eff_bw_gbs=193.477590 pct_peak_bw=20.7345 comm_avg_ms=0.110808 comm_min_ms=0.101419 comm_max_ms=0.119516 comm_var_ms=0.000033051 total_avg_ms=0.180610 total_min_ms=0.169003 total_max_ms=0.190172 total_var_ms=0.000046593 effective_gflops=16.610361
RESULT comm=block_nccl kernel=acc matrix=weak_P3.mtx P=3 rank=2 nrows_local=75000 ncols_global=225000 nnz_local=1500000 n_ghost=149800 compute_avg_ms=0.068779 compute_min_ms=0.066560 compute_max_ms=0.070656 compute_var_ms=0.000002173 compute_gflops=43.618176 eff_bw_gbs=196.355418 pct_peak_bw=21.0429 comm_avg_ms=0.121867 comm_min_ms=0.114319 comm_max_ms=0.129766 comm_var_ms=0.000018411 total_avg_ms=0.190646 total_min_ms=0.181903 total_max_ms=0.199398 total_var_ms=0.000030891 effective_gflops=15.736007
[ERROR CHECKING] OK!

--- P=3 rep=3/3 driver=spmv_block_nccl_cusparse matrix=matrices_synthetic/weak_P3.mtx ---
Loaded matrices_synthetic/weak_P3.mtx: 225000 x 225000, 4500000 nnz
RESULT comm=block_nccl kernel=cusparse matrix=weak_P3.mtx P=3 rank=0 nrows_local=75000 ncols_global=225000 nnz_local=1500000 n_ghost=149847 compute_avg_ms=0.082773 compute_min_ms=0.081920 compute_max_ms=0.084992 compute_var_ms=0.000000355 compute_gflops=36.243557 eff_bw_gbs=163.088663 pct_peak_bw=17.4778 comm_avg_ms=0.102433 comm_min_ms=0.096456 comm_max_ms=0.108035 comm_var_ms=0.000007028 total_avg_ms=0.185207 total_min_ms=0.179400 total_max_ms=0.190979 total_var_ms=0.000006169 effective_gflops=16.198121
RESULT comm=block_nccl kernel=cusparse matrix=weak_P3.mtx P=3 rank=1 nrows_local=75000 ncols_global=225000 nnz_local=1500000 n_ghost=149814 compute_avg_ms=0.083763 compute_min_ms=0.082944 compute_max_ms=0.083968 compute_var_ms=0.000000168 compute_gflops=35.815251 eff_bw_gbs=161.159796 pct_peak_bw=17.2711 comm_avg_ms=0.132757 comm_min_ms=0.126238 comm_max_ms=0.154297 comm_var_ms=0.000020754 total_avg_ms=0.216520 total_min_ms=0.209182 total_max_ms=0.238265 total_var_ms=0.000021572 effective_gflops=13.855539
RESULT comm=block_nccl kernel=cusparse matrix=weak_P3.mtx P=3 rank=2 nrows_local=75000 ncols_global=225000 nnz_local=1500000 n_ghost=149800 compute_avg_ms=0.081783 compute_min_ms=0.080896 compute_max_ms=0.082944 compute_var_ms=0.000000331 compute_gflops=36.682232 eff_bw_gbs=165.060310 pct_peak_bw=17.6891 comm_avg_ms=0.121039 comm_min_ms=0.116589 comm_max_ms=0.123619 comm_var_ms=0.000003021 total_avg_ms=0.202823 total_min_ms=0.197485 total_max_ms=0.205539 total_var_ms=0.000003515 effective_gflops=14.791237
[ERROR CHECKING] OK!

=== Job done ===
