=== D2_final intelligent-partitioning weak scaling ===
Node:     edu01
Date:     Fri Jul 24 10:58:57 AM CEST 2026
P:        3
Matrix:   matrices_synthetic/weak_sparse_P3.mtx
Reps:     3

--- P=3 rep=1/3 driver=spmv_rcm_nccl_acc matrix=matrices_synthetic/weak_sparse_P3.mtx ---
Loaded matrices_synthetic/weak_sparse_P3.mtx: 2250000 x 2250000, 4500000 nnz
[kernel] acc -> LINE-ENHANCE (nnz=1500000, avg_nnz=2.00, imbalance=1.00, V=1)
[kernel] acc -> LINE-ENHANCE (nnz=1500000, avg_nnz=2.00, imbalance=1.00, V=1)
[kernel] acc -> LINE-ENHANCE (nnz=1500000, avg_nnz=2.00, imbalance=1.00, V=1)
RESULT comm=rcm_nccl kernel=acc matrix=weak_sparse_P3.mtx P=3 rank=0 nrows_local=750000 ncols_global=2250000 nnz_local=1500000 n_ghost=518639 compute_avg_ms=0.063181 compute_min_ms=0.062464 compute_max_ms=0.063488 compute_var_ms=0.000000220 compute_gflops=47.482780 eff_bw_gbs=365.214754 pct_peak_bw=39.1391 comm_avg_ms=0.364003 comm_min_ms=0.325443 comm_max_ms=0.386052 comm_var_ms=0.000190417 total_avg_ms=0.427184 total_min_ms=0.387907 total_max_ms=0.449540 total_var_ms=0.000191731 effective_gflops=7.022735
RESULT comm=rcm_nccl kernel=acc matrix=weak_sparse_P3.mtx P=3 rank=1 nrows_local=750000 ncols_global=2250000 nnz_local=1500000 n_ghost=673088 compute_avg_ms=0.060689 compute_min_ms=0.060416 compute_max_ms=0.061440 compute_var_ms=0.000000205 compute_gflops=49.432297 eff_bw_gbs=390.389191 pct_peak_bw=41.8370 comm_avg_ms=0.513099 comm_min_ms=0.497056 comm_max_ms=0.526245 comm_var_ms=0.000047724 total_avg_ms=0.573788 total_min_ms=0.557472 total_max_ms=0.587685 total_var_ms=0.000047611 effective_gflops=5.228416
RESULT comm=rcm_nccl kernel=acc matrix=weak_sparse_P3.mtx P=3 rank=2 nrows_local=750000 ncols_global=2250000 nnz_local=1500000 n_ghost=423009 compute_avg_ms=0.050381 compute_min_ms=0.050176 compute_max_ms=0.051200 compute_var_ms=0.000000168 compute_gflops=59.546496 eff_bw_gbs=450.410488 pct_peak_bw=48.2693 comm_avg_ms=0.519266 comm_min_ms=0.505508 comm_max_ms=0.530518 comm_var_ms=0.000033160 total_avg_ms=0.569647 total_min_ms=0.555684 total_max_ms=0.581718 total_var_ms=0.000034217 effective_gflops=5.266421
[ERROR CHECKING] OK!

--- P=3 rep=1/3 driver=spmv_rcm_nccl_cusparse matrix=matrices_synthetic/weak_sparse_P3.mtx ---
Loaded matrices_synthetic/weak_sparse_P3.mtx: 2250000 x 2250000, 4500000 nnz
RESULT comm=rcm_nccl kernel=cusparse matrix=weak_sparse_P3.mtx P=3 rank=1 nrows_local=750000 ncols_global=2250000 nnz_local=1500000 n_ghost=673088 compute_avg_ms=0.082944 compute_min_ms=0.081920 compute_max_ms=0.084992 compute_var_ms=0.000000489 compute_gflops=36.168982 eff_bw_gbs=285.642801 pct_peak_bw=30.6116 comm_avg_ms=0.514951 comm_min_ms=0.503122 comm_max_ms=0.528297 comm_var_ms=0.000040444 total_avg_ms=0.597895 total_min_ms=0.586066 total_max_ms=0.611241 total_var_ms=0.000038743 effective_gflops=5.017606
RESULT comm=rcm_nccl kernel=cusparse matrix=weak_sparse_P3.mtx P=3 rank=2 nrows_local=750000 ncols_global=2250000 nnz_local=1500000 n_ghost=423009 compute_avg_ms=0.065058 compute_min_ms=0.063488 compute_max_ms=0.067584 compute_var_ms=0.000000611 compute_gflops=46.112605 eff_bw_gbs=348.796360 pct_peak_bw=37.3796 comm_avg_ms=0.509661 comm_min_ms=0.494782 comm_max_ms=0.525909 comm_var_ms=0.000042292 total_avg_ms=0.574719 total_min_ms=0.560318 total_max_ms=0.591445 total_var_ms=0.000042421 effective_gflops=5.219938
RESULT comm=rcm_nccl kernel=cusparse matrix=weak_sparse_P3.mtx P=3 rank=0 nrows_local=750000 ncols_global=2250000 nnz_local=1500000 n_ghost=518639 compute_avg_ms=0.083354 compute_min_ms=0.081920 compute_max_ms=0.084992 compute_var_ms=0.000000531 compute_gflops=35.991248 eff_bw_gbs=276.827401 pct_peak_bw=29.6669 comm_avg_ms=0.374191 comm_min_ms=0.333303 comm_max_ms=0.396586 comm_var_ms=0.000147463 total_avg_ms=0.457545 total_min_ms=0.416247 total_max_ms=0.479530 total_var_ms=0.000142523 effective_gflops=6.556736
[ERROR CHECKING] OK!

--- P=3 rep=1/3 driver=spmv_fennel_nccl_acc matrix=matrices_synthetic/weak_sparse_P3.mtx ---
Loaded matrices_synthetic/weak_sparse_P3.mtx: 2250000 x 2250000, 4500000 nnz
[kernel] acc -> LINE-ENHANCE (nnz=1500000, avg_nnz=2.00, imbalance=1.00, V=1)
[kernel] acc -> LINE-ENHANCE (nnz=1500000, avg_nnz=2.00, imbalance=1.00, V=1)
[kernel] acc -> LINE-ENHANCE (nnz=1500000, avg_nnz=2.00, imbalance=1.00, V=1)
RESULT comm=fennel_nccl kernel=acc matrix=weak_sparse_P3.mtx P=3 rank=1 nrows_local=750000 ncols_global=2250000 nnz_local=1500000 n_ghost=429765 compute_avg_ms=0.079394 compute_min_ms=0.078848 compute_max_ms=0.080896 compute_var_ms=0.000000331 compute_gflops=37.786169 eff_bw_gbs=286.155461 pct_peak_bw=30.6665 comm_avg_ms=0.340340 comm_min_ms=0.331796 comm_max_ms=0.351157 comm_var_ms=0.000018600 total_avg_ms=0.419734 total_min_ms=0.411668 total_max_ms=0.430005 total_var_ms=0.000018994 effective_gflops=7.147376
RESULT comm=fennel_nccl kernel=acc matrix=weak_sparse_P3.mtx P=3 rank=0 nrows_local=750000 ncols_global=2250000 nnz_local=1500000 n_ghost=429553 compute_avg_ms=0.078234 compute_min_ms=0.076800 compute_max_ms=0.080896 compute_var_ms=0.000000881 compute_gflops=38.346696 eff_bw_gbs=290.389511 pct_peak_bw=31.1203 comm_avg_ms=0.276407 comm_min_ms=0.268177 comm_max_ms=0.301049 comm_var_ms=0.000054572 total_avg_ms=0.354641 total_min_ms=0.346001 total_max_ms=0.380921 total_var_ms=0.000065670 effective_gflops=8.459263
RESULT comm=fennel_nccl kernel=acc matrix=weak_sparse_P3.mtx P=3 rank=2 nrows_local=750000 ncols_global=2250000 nnz_local=1500000 n_ghost=429474 compute_avg_ms=0.077141 compute_min_ms=0.075776 compute_max_ms=0.079872 compute_var_ms=0.000001002 compute_gflops=38.889656 eff_bw_gbs=294.497108 pct_peak_bw=31.5605 comm_avg_ms=0.331199 comm_min_ms=0.314620 comm_max_ms=0.466744 comm_var_ms=0.000669995 total_avg_ms=0.408341 total_min_ms=0.390396 total_max_ms=0.543544 total_var_ms=0.000675593 effective_gflops=7.346806
[ERROR CHECKING] OK!

--- P=3 rep=1/3 driver=spmv_fennel_nccl_cusparse matrix=matrices_synthetic/weak_sparse_P3.mtx ---
Loaded matrices_synthetic/weak_sparse_P3.mtx: 2250000 x 2250000, 4500000 nnz
RESULT comm=fennel_nccl kernel=cusparse matrix=weak_sparse_P3.mtx P=3 rank=1 nrows_local=750000 ncols_global=2250000 nnz_local=1500000 n_ghost=429765 compute_avg_ms=0.102195 compute_min_ms=0.100352 compute_max_ms=0.103424 compute_var_ms=0.000000447 compute_gflops=29.355587 eff_bw_gbs=222.310486 pct_peak_bw=23.8244 comm_avg_ms=0.334893 comm_min_ms=0.325923 comm_max_ms=0.341508 comm_var_ms=0.000016067 total_avg_ms=0.437088 total_min_ms=0.428323 total_max_ms=0.444932 total_var_ms=0.000016944 effective_gflops=6.863610
RESULT comm=fennel_nccl kernel=cusparse matrix=weak_sparse_P3.mtx P=3 rank=2 nrows_local=750000 ncols_global=2250000 nnz_local=1500000 n_ghost=429474 compute_avg_ms=0.099908 compute_min_ms=0.098304 compute_max_ms=0.101376 compute_var_ms=0.000000397 compute_gflops=30.027546 eff_bw_gbs=227.387597 pct_peak_bw=24.3685 comm_avg_ms=0.327041 comm_min_ms=0.319385 comm_max_ms=0.333016 comm_var_ms=0.000008491 total_avg_ms=0.426949 total_min_ms=0.418713 total_max_ms=0.432344 total_var_ms=0.000009566 effective_gflops=7.026598
RESULT comm=fennel_nccl kernel=cusparse matrix=weak_sparse_P3.mtx P=3 rank=0 nrows_local=750000 ncols_global=2250000 nnz_local=1500000 n_ghost=429553 compute_avg_ms=0.100932 compute_min_ms=0.099328 compute_max_ms=0.102400 compute_var_ms=0.000000607 compute_gflops=29.722904 eff_bw_gbs=225.083786 pct_peak_bw=24.1216 comm_avg_ms=0.270074 comm_min_ms=0.260297 comm_max_ms=0.277081 comm_var_ms=0.000013663 total_avg_ms=0.371007 total_min_ms=0.360649 total_max_ms=0.378457 total_var_ms=0.000014961 effective_gflops=8.086111
[ERROR CHECKING] OK!

--- P=3 rep=1/3 driver=spmv_block_nccl_acc matrix=matrices_synthetic/weak_sparse_P3.mtx ---
Loaded matrices_synthetic/weak_sparse_P3.mtx: 2250000 x 2250000, 4500000 nnz
[kernel] acc -> LINE-ENHANCE (nnz=1500000, avg_nnz=2.00, imbalance=1.00, V=1)
[kernel] acc -> LINE-ENHANCE (nnz=1500000, avg_nnz=2.00, imbalance=1.00, V=1)
[kernel] acc -> LINE-ENHANCE (nnz=1500000, avg_nnz=2.00, imbalance=1.00, V=1)
RESULT comm=block_nccl kernel=acc matrix=weak_sparse_P3.mtx P=3 rank=0 nrows_local=750000 ncols_global=2250000 nnz_local=1500000 n_ghost=730648 compute_avg_ms=0.078677 compute_min_ms=0.077824 compute_max_ms=0.079872 compute_var_ms=0.000000216 compute_gflops=38.130425 eff_bw_gbs=304.059580 pct_peak_bw=32.5853 comm_avg_ms=0.523866 comm_min_ms=0.515388 comm_max_ms=0.535846 comm_var_ms=0.000040259 total_avg_ms=0.602543 total_min_ms=0.593979 total_max_ms=0.613731 total_var_ms=0.000038958 effective_gflops=4.978895
RESULT comm=block_nccl kernel=acc matrix=weak_sparse_P3.mtx P=3 rank=1 nrows_local=750000 ncols_global=2250000 nnz_local=1500000 n_ghost=729844 compute_avg_ms=0.079599 compute_min_ms=0.078848 compute_max_ms=0.080896 compute_var_ms=0.000000275 compute_gflops=37.688949 eff_bw_gbs=300.498761 pct_peak_bw=32.2037 comm_avg_ms=0.447067 comm_min_ms=0.434351 comm_max_ms=0.457960 comm_var_ms=0.000028652 total_avg_ms=0.526666 total_min_ms=0.513199 total_max_ms=0.537832 total_var_ms=0.000030757 effective_gflops=5.696206
RESULT comm=block_nccl kernel=acc matrix=weak_sparse_P3.mtx P=3 rank=2 nrows_local=750000 ncols_global=2250000 nnz_local=1500000 n_ghost=728932 compute_avg_ms=0.077380 compute_min_ms=0.076800 compute_max_ms=0.077824 compute_var_ms=0.000000257 compute_gflops=38.769575 eff_bw_gbs=309.067585 pct_peak_bw=33.1220 comm_avg_ms=0.457516 comm_min_ms=0.446315 comm_max_ms=0.472626 comm_var_ms=0.000035773 total_avg_ms=0.534896 total_min_ms=0.523115 total_max_ms=0.550450 total_var_ms=0.000036553 effective_gflops=5.608563
[ERROR CHECKING] OK!

--- P=3 rep=1/3 driver=spmv_block_nccl_cusparse matrix=matrices_synthetic/weak_sparse_P3.mtx ---
Loaded matrices_synthetic/weak_sparse_P3.mtx: 2250000 x 2250000, 4500000 nnz
RESULT comm=block_nccl kernel=cusparse matrix=weak_sparse_P3.mtx P=3 rank=0 nrows_local=750000 ncols_global=2250000 nnz_local=1500000 n_ghost=730648 compute_avg_ms=0.103185 compute_min_ms=0.102400 compute_max_ms=0.104448 compute_var_ms=0.000000397 compute_gflops=29.073975 eff_bw_gbs=231.841654 pct_peak_bw=24.8459 comm_avg_ms=0.523073 comm_min_ms=0.511335 comm_max_ms=0.534875 comm_var_ms=0.000033597 total_avg_ms=0.626258 total_min_ms=0.613735 total_max_ms=0.638299 total_var_ms=0.000034391 effective_gflops=4.790361
RESULT comm=block_nccl kernel=cusparse matrix=weak_sparse_P3.mtx P=3 rank=1 nrows_local=750000 ncols_global=2250000 nnz_local=1500000 n_ghost=729844 compute_avg_ms=0.104721 compute_min_ms=0.103424 compute_max_ms=0.106496 compute_var_ms=0.000000485 compute_gflops=28.647531 eff_bw_gbs=228.410397 pct_peak_bw=24.4781 comm_avg_ms=0.438597 comm_min_ms=0.430768 comm_max_ms=0.445664 comm_var_ms=0.000013831 total_avg_ms=0.543318 total_min_ms=0.535216 total_max_ms=0.550112 total_var_ms=0.000014286 effective_gflops=5.521625
RESULT comm=block_nccl kernel=cusparse matrix=weak_sparse_P3.mtx P=3 rank=2 nrows_local=750000 ncols_global=2250000 nnz_local=1500000 n_ghost=728932 compute_avg_ms=0.101990 compute_min_ms=0.100352 compute_max_ms=0.103424 compute_var_ms=0.000000391 compute_gflops=29.414534 eff_bw_gbs=234.490037 pct_peak_bw=25.1297 comm_avg_ms=0.445409 comm_min_ms=0.435243 comm_max_ms=0.456148 comm_var_ms=0.000024822 total_avg_ms=0.547399 total_min_ms=0.537515 total_max_ms=0.558548 total_var_ms=0.000027121 effective_gflops=5.480464
[ERROR CHECKING] OK!

--- P=3 rep=2/3 driver=spmv_rcm_nccl_acc matrix=matrices_synthetic/weak_sparse_P3.mtx ---
Loaded matrices_synthetic/weak_sparse_P3.mtx: 2250000 x 2250000, 4500000 nnz
[kernel] acc -> LINE-ENHANCE (nnz=1500000, avg_nnz=2.00, imbalance=1.00, V=1)
[kernel] acc -> LINE-ENHANCE (nnz=1500000, avg_nnz=2.00, imbalance=1.00, V=1)
[kernel] acc -> LINE-ENHANCE (nnz=1500000, avg_nnz=2.00, imbalance=1.00, V=1)
RESULT comm=rcm_nccl kernel=acc matrix=weak_sparse_P3.mtx P=3 rank=0 nrows_local=750000 ncols_global=2250000 nnz_local=1500000 n_ghost=518639 compute_avg_ms=0.062874 compute_min_ms=0.061440 compute_max_ms=0.063488 compute_var_ms=0.000000322 compute_gflops=47.714781 eff_bw_gbs=366.999192 pct_peak_bw=39.3303 comm_avg_ms=0.378302 comm_min_ms=0.358857 comm_max_ms=0.392721 comm_var_ms=0.000077346 total_avg_ms=0.441175 total_min_ms=0.421321 total_max_ms=0.455185 total_var_ms=0.000078351 effective_gflops=6.800020
RESULT comm=rcm_nccl kernel=acc matrix=weak_sparse_P3.mtx P=3 rank=1 nrows_local=750000 ncols_global=2250000 nnz_local=1500000 n_ghost=673088 compute_avg_ms=0.060689 compute_min_ms=0.060416 compute_max_ms=0.061440 compute_var_ms=0.000000205 compute_gflops=49.432297 eff_bw_gbs=390.389191 pct_peak_bw=41.8370 comm_avg_ms=0.522767 comm_min_ms=0.511708 comm_max_ms=0.529806 comm_var_ms=0.000022762 total_avg_ms=0.583456 total_min_ms=0.572124 total_max_ms=0.591246 total_var_ms=0.000024414 effective_gflops=5.141778
RESULT comm=rcm_nccl kernel=acc matrix=weak_sparse_P3.mtx P=3 rank=2 nrows_local=750000 ncols_global=2250000 nnz_local=1500000 n_ghost=423009 compute_avg_ms=0.050313 compute_min_ms=0.049152 compute_max_ms=0.051200 compute_var_ms=0.000000191 compute_gflops=59.627291 eff_bw_gbs=451.021627 pct_peak_bw=48.3348 comm_avg_ms=0.512902 comm_min_ms=0.503373 comm_max_ms=0.529508 comm_var_ms=0.000031852 total_avg_ms=0.563214 total_min_ms=0.553549 total_max_ms=0.579684 total_var_ms=0.000031639 effective_gflops=5.326571
[ERROR CHECKING] OK!

--- P=3 rep=2/3 driver=spmv_rcm_nccl_cusparse matrix=matrices_synthetic/weak_sparse_P3.mtx ---
Loaded matrices_synthetic/weak_sparse_P3.mtx: 2250000 x 2250000, 4500000 nnz
RESULT comm=rcm_nccl kernel=cusparse matrix=weak_sparse_P3.mtx P=3 rank=0 nrows_local=750000 ncols_global=2250000 nnz_local=1500000 n_ghost=518639 compute_avg_ms=0.083354 compute_min_ms=0.081920 compute_max_ms=0.083968 compute_var_ms=0.000000391 compute_gflops=35.991248 eff_bw_gbs=276.827401 pct_peak_bw=29.6669 comm_avg_ms=0.365696 comm_min_ms=0.308753 comm_max_ms=0.386012 comm_var_ms=0.000192418 total_avg_ms=0.449049 total_min_ms=0.392721 total_max_ms=0.468956 total_var_ms=0.000190315 effective_gflops=6.680781
RESULT comm=rcm_nccl kernel=cusparse matrix=weak_sparse_P3.mtx P=3 rank=1 nrows_local=750000 ncols_global=2250000 nnz_local=1500000 n_ghost=673088 compute_avg_ms=0.083046 compute_min_ms=0.081920 compute_max_ms=0.083968 compute_var_ms=0.000000654 compute_gflops=36.124384 eff_bw_gbs=285.290590 pct_peak_bw=30.5738 comm_avg_ms=0.519704 comm_min_ms=0.509723 comm_max_ms=0.531048 comm_var_ms=0.000027548 total_avg_ms=0.602751 total_min_ms=0.593246 total_max_ms=0.613992 total_var_ms=0.000028776 effective_gflops=4.977181
RESULT comm=rcm_nccl kernel=cusparse matrix=weak_sparse_P3.mtx P=3 rank=2 nrows_local=750000 ncols_global=2250000 nnz_local=1500000 n_ghost=423009 compute_avg_ms=0.064478 compute_min_ms=0.063488 compute_max_ms=0.065536 compute_var_ms=0.000000383 compute_gflops=46.527594 eff_bw_gbs=351.935344 pct_peak_bw=37.7160 comm_avg_ms=0.512197 comm_min_ms=0.498251 comm_max_ms=0.522422 comm_var_ms=0.000038153 total_avg_ms=0.576675 total_min_ms=0.561739 total_max_ms=0.586934 total_var_ms=0.000041157 effective_gflops=5.202240
[ERROR CHECKING] OK!

--- P=3 rep=2/3 driver=spmv_fennel_nccl_acc matrix=matrices_synthetic/weak_sparse_P3.mtx ---
Loaded matrices_synthetic/weak_sparse_P3.mtx: 2250000 x 2250000, 4500000 nnz
[kernel] acc -> LINE-ENHANCE (nnz=1500000, avg_nnz=2.00, imbalance=1.00, V=1)
[kernel] acc -> LINE-ENHANCE (nnz=1500000, avg_nnz=2.00, imbalance=1.00, V=1)
[kernel] acc -> LINE-ENHANCE (nnz=1500000, avg_nnz=2.00, imbalance=1.00, V=1)
RESULT comm=fennel_nccl kernel=acc matrix=weak_sparse_P3.mtx P=3 rank=0 nrows_local=750000 ncols_global=2250000 nnz_local=1500000 n_ghost=429553 compute_avg_ms=0.078643 compute_min_ms=0.076800 compute_max_ms=0.080896 compute_var_ms=0.000000937 compute_gflops=38.146974 eff_bw_gbs=288.877066 pct_peak_bw=30.9582 comm_avg_ms=0.272142 comm_min_ms=0.260309 comm_max_ms=0.298667 comm_var_ms=0.000073232 total_avg_ms=0.350785 total_min_ms=0.338133 total_max_ms=0.379563 total_var_ms=0.000085164 effective_gflops=8.552247
RESULT comm=fennel_nccl kernel=acc matrix=weak_sparse_P3.mtx P=3 rank=1 nrows_local=750000 ncols_global=2250000 nnz_local=1500000 n_ghost=429765 compute_avg_ms=0.079087 compute_min_ms=0.078848 compute_max_ms=0.079872 compute_var_ms=0.000000188 compute_gflops=37.932943 eff_bw_gbs=287.266985 pct_peak_bw=30.7856 comm_avg_ms=0.336654 comm_min_ms=0.330022 comm_max_ms=0.347268 comm_var_ms=0.000016913 total_avg_ms=0.415741 total_min_ms=0.408870 total_max_ms=0.426116 total_var_ms=0.000016502 effective_gflops=7.216024
RESULT comm=fennel_nccl kernel=acc matrix=weak_sparse_P3.mtx P=3 rank=2 nrows_local=750000 ncols_global=2250000 nnz_local=1500000 n_ghost=429474 compute_avg_ms=0.077244 compute_min_ms=0.076800 compute_max_ms=0.079872 compute_var_ms=0.000000677 compute_gflops=38.838101 eff_bw_gbs=294.106700 pct_peak_bw=31.5186 comm_avg_ms=0.330077 comm_min_ms=0.322739 comm_max_ms=0.342266 comm_var_ms=0.000018191 total_avg_ms=0.407321 total_min_ms=0.399539 total_max_ms=0.422138 total_var_ms=0.000021845 effective_gflops=7.365196
[ERROR CHECKING] OK!

--- P=3 rep=2/3 driver=spmv_fennel_nccl_cusparse matrix=matrices_synthetic/weak_sparse_P3.mtx ---
Loaded matrices_synthetic/weak_sparse_P3.mtx: 2250000 x 2250000, 4500000 nnz
RESULT comm=fennel_nccl kernel=cusparse matrix=weak_sparse_P3.mtx P=3 rank=1 nrows_local=750000 ncols_global=2250000 nnz_local=1500000 n_ghost=429765 compute_avg_ms=0.102741 compute_min_ms=0.101376 compute_max_ms=0.104448 compute_var_ms=0.000000513 compute_gflops=29.199544 eff_bw_gbs=221.128769 pct_peak_bw=23.6978 comm_avg_ms=0.336820 comm_min_ms=0.328865 comm_max_ms=0.344969 comm_var_ms=0.000015841 total_avg_ms=0.439561 total_min_ms=0.431265 total_max_ms=0.447369 total_var_ms=0.000017562 effective_gflops=6.824989
RESULT comm=fennel_nccl kernel=cusparse matrix=weak_sparse_P3.mtx P=3 rank=2 nrows_local=750000 ncols_global=2250000 nnz_local=1500000 n_ghost=429474 compute_avg_ms=0.099874 compute_min_ms=0.098304 compute_max_ms=0.102400 compute_var_ms=0.000000611 compute_gflops=30.037809 eff_bw_gbs=227.465310 pct_peak_bw=24.3769 comm_avg_ms=0.326378 comm_min_ms=0.317999 comm_max_ms=0.344072 comm_var_ms=0.000033160 total_avg_ms=0.426252 total_min_ms=0.417327 total_max_ms=0.443400 total_var_ms=0.000033699 effective_gflops=7.038090
RESULT comm=fennel_nccl kernel=cusparse matrix=weak_sparse_P3.mtx P=3 rank=0 nrows_local=750000 ncols_global=2250000 nnz_local=1500000 n_ghost=429553 compute_avg_ms=0.101171 compute_min_ms=0.100352 compute_max_ms=0.102400 compute_var_ms=0.000000377 compute_gflops=29.652708 eff_bw_gbs=224.552211 pct_peak_bw=24.0647 comm_avg_ms=0.292141 comm_min_ms=0.265027 comm_max_ms=0.831318 comm_var_ms=0.010046452 total_avg_ms=0.393312 total_min_ms=0.366403 total_max_ms=0.931670 total_var_ms=0.010014677 effective_gflops=7.627531
[ERROR CHECKING] OK!

--- P=3 rep=2/3 driver=spmv_block_nccl_acc matrix=matrices_synthetic/weak_sparse_P3.mtx ---
Loaded matrices_synthetic/weak_sparse_P3.mtx: 2250000 x 2250000, 4500000 nnz
[kernel] acc -> LINE-ENHANCE (nnz=1500000, avg_nnz=2.00, imbalance=1.00, V=1)
[kernel] acc -> LINE-ENHANCE (nnz=1500000, avg_nnz=2.00, imbalance=1.00, V=1)
[kernel] acc -> LINE-ENHANCE (nnz=1500000, avg_nnz=2.00, imbalance=1.00, V=1)
RESULT comm=block_nccl kernel=acc matrix=weak_sparse_P3.mtx P=3 rank=0 nrows_local=750000 ncols_global=2250000 nnz_local=1500000 n_ghost=730648 compute_avg_ms=0.078404 compute_min_ms=0.077824 compute_max_ms=0.078848 compute_var_ms=0.000000257 compute_gflops=38.263225 eff_bw_gbs=305.118561 pct_peak_bw=32.6987 comm_avg_ms=0.526866 comm_min_ms=0.516016 comm_max_ms=0.543585 comm_var_ms=0.000044975 total_avg_ms=0.605270 total_min_ms=0.593840 total_max_ms=0.622433 total_var_ms=0.000046459 effective_gflops=4.956467
RESULT comm=block_nccl kernel=acc matrix=weak_sparse_P3.mtx P=3 rank=1 nrows_local=750000 ncols_global=2250000 nnz_local=1500000 n_ghost=729844 compute_avg_ms=0.079565 compute_min_ms=0.078848 compute_max_ms=0.080896 compute_var_ms=0.000000290 compute_gflops=37.705117 eff_bw_gbs=300.627675 pct_peak_bw=32.2175 comm_avg_ms=0.442336 comm_min_ms=0.429490 comm_max_ms=0.452414 comm_var_ms=0.000028775 total_avg_ms=0.521901 total_min_ms=0.509362 total_max_ms=0.532286 total_var_ms=0.000029136 effective_gflops=5.748219
RESULT comm=block_nccl kernel=acc matrix=weak_sparse_P3.mtx P=3 rank=2 nrows_local=750000 ncols_global=2250000 nnz_local=1500000 n_ghost=728932 compute_avg_ms=0.077517 compute_min_ms=0.076800 compute_max_ms=0.078848 compute_var_ms=0.000000290 compute_gflops=38.701289 eff_bw_gbs=308.523215 pct_peak_bw=33.0636 comm_avg_ms=0.453249 comm_min_ms=0.435207 comm_max_ms=0.463625 comm_var_ms=0.000036351 total_avg_ms=0.530766 total_min_ms=0.513031 total_max_ms=0.541449 total_var_ms=0.000035764 effective_gflops=5.652208
[ERROR CHECKING] OK!

--- P=3 rep=2/3 driver=spmv_block_nccl_cusparse matrix=matrices_synthetic/weak_sparse_P3.mtx ---
Loaded matrices_synthetic/weak_sparse_P3.mtx: 2250000 x 2250000, 4500000 nnz
RESULT comm=block_nccl kernel=cusparse matrix=weak_sparse_P3.mtx P=3 rank=0 nrows_local=750000 ncols_global=2250000 nnz_local=1500000 n_ghost=730648 compute_avg_ms=0.103049 compute_min_ms=0.101376 compute_max_ms=0.104448 compute_var_ms=0.000000383 compute_gflops=29.112497 eff_bw_gbs=232.148831 pct_peak_bw=24.8788 comm_avg_ms=0.533205 comm_min_ms=0.520676 comm_max_ms=0.542606 comm_var_ms=0.000036479 total_avg_ms=0.636254 total_min_ms=0.624100 total_max_ms=0.646030 total_var_ms=0.000037332 effective_gflops=4.715099
RESULT comm=block_nccl kernel=cusparse matrix=weak_sparse_P3.mtx P=3 rank=1 nrows_local=750000 ncols_global=2250000 nnz_local=1500000 n_ghost=729844 compute_avg_ms=0.104858 compute_min_ms=0.104448 compute_max_ms=0.106496 compute_var_ms=0.000000322 compute_gflops=28.610230 eff_bw_gbs=228.112988 pct_peak_bw=24.4463 comm_avg_ms=0.442456 comm_min_ms=0.432961 comm_max_ms=0.451974 comm_var_ms=0.000031385 total_avg_ms=0.547314 total_min_ms=0.537409 total_max_ms=0.557446 total_var_ms=0.000033357 effective_gflops=5.481318
RESULT comm=block_nccl kernel=cusparse matrix=weak_sparse_P3.mtx P=3 rank=2 nrows_local=750000 ncols_global=2250000 nnz_local=1500000 n_ghost=728932 compute_avg_ms=0.102366 compute_min_ms=0.101376 compute_max_ms=0.104448 compute_var_ms=0.000000663 compute_gflops=29.306645 eff_bw_gbs=233.629953 pct_peak_bw=25.0375 comm_avg_ms=0.453481 comm_min_ms=0.443251 comm_max_ms=0.462455 comm_var_ms=0.000030229 total_avg_ms=0.555847 total_min_ms=0.545651 total_max_ms=0.565382 total_var_ms=0.000030046 effective_gflops=5.397170
[ERROR CHECKING] OK!

--- P=3 rep=3/3 driver=spmv_rcm_nccl_acc matrix=matrices_synthetic/weak_sparse_P3.mtx ---
Loaded matrices_synthetic/weak_sparse_P3.mtx: 2250000 x 2250000, 4500000 nnz
[kernel] acc -> LINE-ENHANCE (nnz=1500000, avg_nnz=2.00, imbalance=1.00, V=1)
[kernel] acc -> LINE-ENHANCE (nnz=1500000, avg_nnz=2.00, imbalance=1.00, V=1)
[kernel] acc -> LINE-ENHANCE (nnz=1500000, avg_nnz=2.00, imbalance=1.00, V=1)
RESULT comm=rcm_nccl kernel=acc matrix=weak_sparse_P3.mtx P=3 rank=1 nrows_local=750000 ncols_global=2250000 nnz_local=1500000 n_ghost=673088 compute_avg_ms=0.060791 compute_min_ms=0.059392 compute_max_ms=0.061440 compute_var_ms=0.000000383 compute_gflops=49.349031 eff_bw_gbs=389.731605 pct_peak_bw=41.7665 comm_avg_ms=0.518862 comm_min_ms=0.512732 comm_max_ms=0.530351 comm_var_ms=0.000020210 total_avg_ms=0.579653 total_min_ms=0.573319 total_max_ms=0.590767 total_var_ms=0.000021036 effective_gflops=5.175508
RESULT comm=rcm_nccl kernel=acc matrix=weak_sparse_P3.mtx P=3 rank=0 nrows_local=750000 ncols_global=2250000 nnz_local=1500000 n_ghost=518639 compute_avg_ms=0.063010 compute_min_ms=0.062464 compute_max_ms=0.063488 compute_var_ms=0.000000261 compute_gflops=47.611390 eff_bw_gbs=366.203960 pct_peak_bw=39.2451 comm_avg_ms=0.373336 comm_min_ms=0.333734 comm_max_ms=0.382059 comm_var_ms=0.000074016 total_avg_ms=0.436346 total_min_ms=0.396198 total_max_ms=0.444715 total_var_ms=0.000076029 effective_gflops=6.875281
RESULT comm=rcm_nccl kernel=acc matrix=weak_sparse_P3.mtx P=3 rank=2 nrows_local=750000 ncols_global=2250000 nnz_local=1500000 n_ghost=423009 compute_avg_ms=0.050381 compute_min_ms=0.049152 compute_max_ms=0.051200 compute_var_ms=0.000000238 compute_gflops=59.546496 eff_bw_gbs=450.410487 pct_peak_bw=48.2693 comm_avg_ms=0.502993 comm_min_ms=0.491981 comm_max_ms=0.513184 comm_var_ms=0.000025799 total_avg_ms=0.553374 total_min_ms=0.542157 total_max_ms=0.563360 total_var_ms=0.000026307 effective_gflops=5.421292
[ERROR CHECKING] OK!

--- P=3 rep=3/3 driver=spmv_rcm_nccl_cusparse matrix=matrices_synthetic/weak_sparse_P3.mtx ---
Loaded matrices_synthetic/weak_sparse_P3.mtx: 2250000 x 2250000, 4500000 nnz
RESULT comm=rcm_nccl kernel=cusparse matrix=weak_sparse_P3.mtx P=3 rank=1 nrows_local=750000 ncols_global=2250000 nnz_local=1500000 n_ghost=673088 compute_avg_ms=0.083285 compute_min_ms=0.081920 compute_max_ms=0.084992 compute_var_ms=0.000000513 compute_gflops=36.020749 eff_bw_gbs=284.472133 pct_peak_bw=30.4861 comm_avg_ms=0.513934 comm_min_ms=0.504030 comm_max_ms=0.525208 comm_var_ms=0.000022799 total_avg_ms=0.597219 total_min_ms=0.586974 total_max_ms=0.608152 total_var_ms=0.000020595 effective_gflops=5.023280
RESULT comm=rcm_nccl kernel=cusparse matrix=weak_sparse_P3.mtx P=3 rank=2 nrows_local=750000 ncols_global=2250000 nnz_local=1500000 n_ghost=423009 compute_avg_ms=0.064683 compute_min_ms=0.063488 compute_max_ms=0.065536 compute_var_ms=0.000000425 compute_gflops=46.380277 eff_bw_gbs=350.821036 pct_peak_bw=37.5966 comm_avg_ms=0.505939 comm_min_ms=0.492853 comm_max_ms=0.525558 comm_var_ms=0.000051359 total_avg_ms=0.570621 total_min_ms=0.557365 total_max_ms=0.590070 total_var_ms=0.000052816 effective_gflops=5.257426
RESULT comm=rcm_nccl kernel=cusparse matrix=weak_sparse_P3.mtx P=3 rank=0 nrows_local=750000 ncols_global=2250000 nnz_local=1500000 n_ghost=518639 compute_avg_ms=0.083183 compute_min_ms=0.081920 compute_max_ms=0.084992 compute_var_ms=0.000000537 compute_gflops=36.065091 eff_bw_gbs=277.395369 pct_peak_bw=29.7277 comm_avg_ms=0.364052 comm_min_ms=0.325590 comm_max_ms=0.378427 comm_var_ms=0.000126295 total_avg_ms=0.447235 total_min_ms=0.408534 total_max_ms=0.461371 total_var_ms=0.000127872 effective_gflops=6.707888
[ERROR CHECKING] OK!

--- P=3 rep=3/3 driver=spmv_fennel_nccl_acc matrix=matrices_synthetic/weak_sparse_P3.mtx ---
Loaded matrices_synthetic/weak_sparse_P3.mtx: 2250000 x 2250000, 4500000 nnz
[kernel] acc -> LINE-ENHANCE (nnz=1500000, avg_nnz=2.00, imbalance=1.00, V=1)
[kernel] acc -> LINE-ENHANCE (nnz=1500000, avg_nnz=2.00, imbalance=1.00, V=1)
[kernel] acc -> LINE-ENHANCE (nnz=1500000, avg_nnz=2.00, imbalance=1.00, V=1)
RESULT comm=fennel_nccl kernel=acc matrix=weak_sparse_P3.mtx P=3 rank=0 nrows_local=750000 ncols_global=2250000 nnz_local=1500000 n_ghost=429553 compute_avg_ms=0.078370 compute_min_ms=0.077824 compute_max_ms=0.080896 compute_var_ms=0.000000541 compute_gflops=38.279891 eff_bw_gbs=289.883607 pct_peak_bw=31.0661 comm_avg_ms=0.274223 comm_min_ms=0.266513 comm_max_ms=0.288703 comm_var_ms=0.000035206 total_avg_ms=0.352594 total_min_ms=0.344800 total_max_ms=0.368575 total_var_ms=0.000039830 effective_gflops=8.508380
RESULT comm=fennel_nccl kernel=acc matrix=weak_sparse_P3.mtx P=3 rank=1 nrows_local=750000 ncols_global=2250000 nnz_local=1500000 n_ghost=429765 compute_avg_ms=0.079019 compute_min_ms=0.077824 compute_max_ms=0.079872 compute_var_ms=0.000000425 compute_gflops=37.965714 eff_bw_gbs=287.515164 pct_peak_bw=30.8122 comm_avg_ms=0.341451 comm_min_ms=0.333985 comm_max_ms=0.352134 comm_var_ms=0.000025102 total_avg_ms=0.420470 total_min_ms=0.411809 total_max_ms=0.432006 total_var_ms=0.000027279 effective_gflops=7.134873
RESULT comm=fennel_nccl kernel=acc matrix=weak_sparse_P3.mtx P=3 rank=2 nrows_local=750000 ncols_global=2250000 nnz_local=1500000 n_ghost=429474 compute_avg_ms=0.077039 compute_min_ms=0.075776 compute_max_ms=0.079872 compute_var_ms=0.000000747 compute_gflops=38.941348 eff_bw_gbs=294.888550 pct_peak_bw=31.6024 comm_avg_ms=0.337659 comm_min_ms=0.326934 comm_max_ms=0.353066 comm_var_ms=0.000032793 total_avg_ms=0.414698 total_min_ms=0.402710 total_max_ms=0.432938 total_var_ms=0.000038823 effective_gflops=7.234178
[ERROR CHECKING] OK!

--- P=3 rep=3/3 driver=spmv_fennel_nccl_cusparse matrix=matrices_synthetic/weak_sparse_P3.mtx ---
Loaded matrices_synthetic/weak_sparse_P3.mtx: 2250000 x 2250000, 4500000 nnz
RESULT comm=fennel_nccl kernel=cusparse matrix=weak_sparse_P3.mtx P=3 rank=0 nrows_local=750000 ncols_global=2250000 nnz_local=1500000 n_ghost=429553 compute_avg_ms=0.100796 compute_min_ms=0.099328 compute_max_ms=0.102400 compute_var_ms=0.000000397 compute_gflops=29.763166 eff_bw_gbs=225.388674 pct_peak_bw=24.1543 comm_avg_ms=0.272018 comm_min_ms=0.265988 comm_max_ms=0.276725 comm_var_ms=0.000009372 total_avg_ms=0.372814 total_min_ms=0.367193 total_max_ms=0.378101 total_var_ms=0.000009260 effective_gflops=8.046907
RESULT comm=fennel_nccl kernel=cusparse matrix=weak_sparse_P3.mtx P=3 rank=1 nrows_local=750000 ncols_global=2250000 nnz_local=1500000 n_ghost=429765 compute_avg_ms=0.101956 compute_min_ms=0.101376 compute_max_ms=0.102400 compute_var_ms=0.000000257 compute_gflops=29.424381 eff_bw_gbs=222.831468 pct_peak_bw=23.8803 comm_avg_ms=0.339839 comm_min_ms=0.333529 comm_max_ms=0.348367 comm_var_ms=0.000010768 total_avg_ms=0.441795 total_min_ms=0.435451 total_max_ms=0.450767 total_var_ms=0.000010953 effective_gflops=6.790475
RESULT comm=fennel_nccl kernel=cusparse matrix=weak_sparse_P3.mtx P=3 rank=2 nrows_local=750000 ncols_global=2250000 nnz_local=1500000 n_ghost=429474 compute_avg_ms=0.100011 compute_min_ms=0.098304 compute_max_ms=0.101376 compute_var_ms=0.000000652 compute_gflops=29.996801 eff_bw_gbs=227.154777 pct_peak_bw=24.3436 comm_avg_ms=0.327872 comm_min_ms=0.319871 comm_max_ms=0.334776 comm_var_ms=0.000013530 total_avg_ms=0.427883 total_min_ms=0.419199 total_max_ms=0.435128 total_var_ms=0.000015109 effective_gflops=7.011270
[ERROR CHECKING] OK!

--- P=3 rep=3/3 driver=spmv_block_nccl_acc matrix=matrices_synthetic/weak_sparse_P3.mtx ---
Loaded matrices_synthetic/weak_sparse_P3.mtx: 2250000 x 2250000, 4500000 nnz
[kernel] acc -> LINE-ENHANCE (nnz=1500000, avg_nnz=2.00, imbalance=1.00, V=1)
[kernel] acc -> LINE-ENHANCE (nnz=1500000, avg_nnz=2.00, imbalance=1.00, V=1)
[kernel] acc -> LINE-ENHANCE (nnz=1500000, avg_nnz=2.00, imbalance=1.00, V=1)
RESULT comm=block_nccl kernel=acc matrix=weak_sparse_P3.mtx P=3 rank=0 nrows_local=750000 ncols_global=2250000 nnz_local=1500000 n_ghost=730648 compute_avg_ms=0.078404 compute_min_ms=0.077824 compute_max_ms=0.078848 compute_var_ms=0.000000257 compute_gflops=38.263225 eff_bw_gbs=305.118561 pct_peak_bw=32.6987 comm_avg_ms=0.542598 comm_min_ms=0.512807 comm_max_ms=0.906394 comm_var_ms=0.004613734 total_avg_ms=0.621002 total_min_ms=0.590631 total_max_ms=0.985242 total_var_ms=0.004625589 effective_gflops=4.830901
RESULT comm=block_nccl kernel=acc matrix=weak_sparse_P3.mtx P=3 rank=1 nrows_local=750000 ncols_global=2250000 nnz_local=1500000 n_ghost=729844 compute_avg_ms=0.079565 compute_min_ms=0.078848 compute_max_ms=0.079872 compute_var_ms=0.000000220 compute_gflops=37.705117 eff_bw_gbs=300.627675 pct_peak_bw=32.2175 comm_avg_ms=0.437237 comm_min_ms=0.428673 comm_max_ms=0.449788 comm_var_ms=0.000032872 total_avg_ms=0.516802 total_min_ms=0.507559 total_max_ms=0.529660 total_var_ms=0.000032295 effective_gflops=5.804933
RESULT comm=block_nccl kernel=acc matrix=weak_sparse_P3.mtx P=3 rank=2 nrows_local=750000 ncols_global=2250000 nnz_local=1500000 n_ghost=728932 compute_avg_ms=0.077278 compute_min_ms=0.075776 compute_max_ms=0.078848 compute_var_ms=0.000000401 compute_gflops=38.820947 eff_bw_gbs=309.477124 pct_peak_bw=33.1658 comm_avg_ms=0.447722 comm_min_ms=0.439390 comm_max_ms=0.460910 comm_var_ms=0.000037182 total_avg_ms=0.525000 total_min_ms=0.516190 total_max_ms=0.537710 total_var_ms=0.000038347 effective_gflops=5.714283
[ERROR CHECKING] OK!

--- P=3 rep=3/3 driver=spmv_block_nccl_cusparse matrix=matrices_synthetic/weak_sparse_P3.mtx ---
Loaded matrices_synthetic/weak_sparse_P3.mtx: 2250000 x 2250000, 4500000 nnz
RESULT comm=block_nccl kernel=cusparse matrix=weak_sparse_P3.mtx P=3 rank=0 nrows_local=750000 ncols_global=2250000 nnz_local=1500000 n_ghost=730648 compute_avg_ms=0.103322 compute_min_ms=0.102400 compute_max_ms=0.104448 compute_var_ms=0.000000444 compute_gflops=29.035556 eff_bw_gbs=231.535289 pct_peak_bw=24.8130 comm_avg_ms=0.530640 comm_min_ms=0.521631 comm_max_ms=0.549900 comm_var_ms=0.000037475 total_avg_ms=0.633962 total_min_ms=0.625055 total_max_ms=0.654348 total_var_ms=0.000039987 effective_gflops=4.732148
RESULT comm=block_nccl kernel=cusparse matrix=weak_sparse_P3.mtx P=3 rank=1 nrows_local=750000 ncols_global=2250000 nnz_local=1500000 n_ghost=729844 compute_avg_ms=0.104516 compute_min_ms=0.103424 compute_max_ms=0.105472 compute_var_ms=0.000000415 compute_gflops=28.703666 eff_bw_gbs=228.857968 pct_peak_bw=24.5261 comm_avg_ms=0.450888 comm_min_ms=0.437723 comm_max_ms=0.463371 comm_var_ms=0.000026110 total_avg_ms=0.555404 total_min_ms=0.541147 total_max_ms=0.567819 total_var_ms=0.000027448 effective_gflops=5.401475
RESULT comm=block_nccl kernel=cusparse matrix=weak_sparse_P3.mtx P=3 rank=2 nrows_local=750000 ncols_global=2250000 nnz_local=1500000 n_ghost=728932 compute_avg_ms=0.102298 compute_min_ms=0.101376 compute_max_ms=0.103424 compute_var_ms=0.000000374 compute_gflops=29.326202 eff_bw_gbs=233.785862 pct_peak_bw=25.0542 comm_avg_ms=0.462425 comm_min_ms=0.449207 comm_max_ms=0.474977 comm_var_ms=0.000027167 total_avg_ms=0.564722 total_min_ms=0.551607 total_max_ms=0.576353 total_var_ms=0.000025851 effective_gflops=5.312344
[ERROR CHECKING] OK!

=== Job done ===
