=== D2_final MCA register-memory A/B check ===
Node:     edu01
Date:     Wed Jul 22 12:23:13 PM CEST 2026
Driver:   spmv_ghost_cusparse
Matrix:   ../matrices/cit-Patents.mtx
P:        4
Reps:     8

=== WITHOUT --mca mpi_common_cuda_register_memory 0 (default) ===
--- default rep=1/8 ---
Loaded ../matrices/cit-Patents.mtx: 3774768 x 3774768, 16518948 nnz
RESULT comm=ghost_mpi kernel=cusparse matrix=cit-Patents.mtx P=4 rank=0 nrows_local=943692 ncols_global=3774768 nnz_local=4130660 n_ghost=1415420 compute_avg_ms=0.206336 compute_min_ms=0.145408 compute_max_ms=0.217088 compute_var_ms=0.000557266 compute_gflops=40.038190 eff_bw_gbs=242.474737 pct_peak_bw=25.9854 comm_avg_ms=5.200066 comm_min_ms=3.323037 comm_max_ms=7.431566 comm_var_ms=1.402631400 total_avg_ms=5.406402 total_min_ms=3.539101 total_max_ms=7.646606 total_var_ms=1.411078110 effective_gflops=1.528063
RESULT comm=ghost_mpi kernel=cusparse matrix=cit-Patents.mtx P=4 rank=1 nrows_local=943692 ncols_global=3774768 nnz_local=4129263 n_ghost=1415861 compute_avg_ms=0.187119 compute_min_ms=0.145408 compute_max_ms=0.219136 compute_var_ms=0.001271289 compute_gflops=44.135169 eff_bw_gbs=267.326529 pct_peak_bw=28.6487 comm_avg_ms=5.781324 comm_min_ms=2.832202 comm_max_ms=8.122080 comm_var_ms=2.741355051 total_avg_ms=5.968443 total_min_ms=2.977610 total_max_ms=8.269536 total_var_ms=2.790649586 effective_gflops=1.383699
RESULT comm=ghost_mpi kernel=cusparse matrix=cit-Patents.mtx P=4 rank=2 nrows_local=943692 ncols_global=3774768 nnz_local=4126579 n_ghost=1416747 compute_avg_ms=0.190737 compute_min_ms=0.145408 compute_max_ms=0.214016 compute_var_ms=0.000964196 compute_gflops=43.269817 eff_bw_gbs=262.161564 pct_peak_bw=28.0952 comm_avg_ms=6.093776 comm_min_ms=3.257939 comm_max_ms=8.237163 comm_var_ms=1.947964153 total_avg_ms=6.284514 total_min_ms=3.404371 total_max_ms=8.384619 total_var_ms=1.972924481 effective_gflops=1.313253
RESULT comm=ghost_mpi kernel=cusparse matrix=cit-Patents.mtx P=4 rank=3 nrows_local=943692 ncols_global=3774768 nnz_local=4132446 n_ghost=1415810 compute_avg_ms=0.173193 compute_min_ms=0.149504 compute_max_ms=0.219136 compute_var_ms=0.001018428 compute_gflops=47.720833 eff_bw_gbs=288.968091 pct_peak_bw=30.9679 comm_avg_ms=5.583658 comm_min_ms=2.872450 comm_max_ms=8.238008 comm_var_ms=2.420001799 total_avg_ms=5.756851 total_min_ms=3.024002 total_max_ms=8.388536 total_var_ms=2.476982028 effective_gflops=1.435662
[ERROR CHECKING] OK!

--- default rep=2/8 ---
Loaded ../matrices/cit-Patents.mtx: 3774768 x 3774768, 16518948 nnz
RESULT comm=ghost_mpi kernel=cusparse matrix=cit-Patents.mtx P=4 rank=1 nrows_local=943692 ncols_global=3774768 nnz_local=4129263 n_ghost=1415861 compute_avg_ms=0.216030 compute_min_ms=0.150528 compute_max_ms=0.219136 compute_var_ms=0.000148302 compute_gflops=38.228630 eff_bw_gbs=231.550646 pct_peak_bw=24.8147 comm_avg_ms=6.151835 comm_min_ms=3.656793 comm_max_ms=7.927153 comm_var_ms=1.210852746 total_avg_ms=6.367864 total_min_ms=3.874905 total_max_ms=8.145265 total_var_ms=1.208126617 effective_gflops=1.296907
RESULT comm=ghost_mpi kernel=cusparse matrix=cit-Patents.mtx P=4 rank=2 nrows_local=943692 ncols_global=3774768 nnz_local=4126579 n_ghost=1416747 compute_avg_ms=0.213060 compute_min_ms=0.211968 compute_max_ms=0.214016 compute_var_ms=0.000000485 compute_gflops=38.736260 eff_bw_gbs=234.693819 pct_peak_bw=25.1515 comm_avg_ms=6.053857 comm_min_ms=3.457051 comm_max_ms=7.623132 comm_var_ms=1.256518127 total_avg_ms=6.266917 total_min_ms=3.669019 total_max_ms=7.836124 total_var_ms=1.256790955 effective_gflops=1.316941
RESULT comm=ghost_mpi kernel=cusparse matrix=cit-Patents.mtx P=4 rank=0 nrows_local=943692 ncols_global=3774768 nnz_local=4130660 n_ghost=1415420 compute_avg_ms=0.215586 compute_min_ms=0.214016 compute_max_ms=0.217088 compute_var_ms=0.000000541 compute_gflops=38.320275 eff_bw_gbs=232.070898 pct_peak_bw=24.8704 comm_avg_ms=5.202131 comm_min_ms=4.003334 comm_max_ms=7.258848 comm_var_ms=1.002901993 total_avg_ms=5.417718 total_min_ms=4.218374 total_max_ms=7.474912 total_var_ms=1.002768582 effective_gflops=1.524871
RESULT comm=ghost_mpi kernel=cusparse matrix=cit-Patents.mtx P=4 rank=3 nrows_local=943692 ncols_global=3774768 nnz_local=4132446 n_ghost=1415810 compute_avg_ms=0.201591 compute_min_ms=0.145408 compute_max_ms=0.220160 compute_var_ms=0.000926573 compute_gflops=40.998223 eff_bw_gbs=248.260088 pct_peak_bw=26.6054 comm_avg_ms=5.627951 comm_min_ms=4.111928 comm_max_ms=7.927034 comm_var_ms=1.210068764 total_avg_ms=5.829542 total_min_ms=4.258360 total_max_ms=8.072442 total_var_ms=1.234690487 effective_gflops=1.417760
[ERROR CHECKING] OK!

--- default rep=3/8 ---
Loaded ../matrices/cit-Patents.mtx: 3774768 x 3774768, 16518948 nnz
RESULT comm=ghost_mpi kernel=cusparse matrix=cit-Patents.mtx P=4 rank=0 nrows_local=943692 ncols_global=3774768 nnz_local=4130660 n_ghost=1415420 compute_avg_ms=0.215757 compute_min_ms=0.214016 compute_max_ms=0.217088 compute_var_ms=0.000000570 compute_gflops=38.289963 eff_bw_gbs=231.887326 pct_peak_bw=24.8508 comm_avg_ms=5.258300 comm_min_ms=3.890393 comm_max_ms=7.307142 comm_var_ms=1.240675006 total_avg_ms=5.474057 total_min_ms=4.106457 total_max_ms=7.523206 total_var_ms=1.240295395 effective_gflops=1.509177
RESULT comm=ghost_mpi kernel=cusparse matrix=cit-Patents.mtx P=4 rank=1 nrows_local=943692 ncols_global=3774768 nnz_local=4129263 n_ghost=1415861 compute_avg_ms=0.209067 compute_min_ms=0.146432 compute_max_ms=0.219136 compute_var_ms=0.000584482 compute_gflops=39.501878 eff_bw_gbs=239.262702 pct_peak_bw=25.6412 comm_avg_ms=6.470329 comm_min_ms=3.799811 comm_max_ms=8.156412 comm_var_ms=1.455187036 total_avg_ms=6.679396 total_min_ms=3.946243 total_max_ms=8.374524 total_var_ms=1.481353787 effective_gflops=1.236418
RESULT comm=ghost_mpi kernel=cusparse matrix=cit-Patents.mtx P=4 rank=2 nrows_local=943692 ncols_global=3774768 nnz_local=4126579 n_ghost=1416747 compute_avg_ms=0.212753 compute_min_ms=0.211968 compute_max_ms=0.214016 compute_var_ms=0.000000677 compute_gflops=38.792192 eff_bw_gbs=235.032698 pct_peak_bw=25.1878 comm_avg_ms=6.500117 comm_min_ms=3.848025 comm_max_ms=8.157105 comm_var_ms=1.217402375 total_avg_ms=6.712870 total_min_ms=4.059993 total_max_ms=8.370097 total_var_ms=1.217870886 effective_gflops=1.229453
RESULT comm=ghost_mpi kernel=cusparse matrix=cit-Patents.mtx P=4 rank=3 nrows_local=943692 ncols_global=3774768 nnz_local=4132446 n_ghost=1415810 compute_avg_ms=0.191863 compute_min_ms=0.145408 compute_max_ms=0.219136 compute_var_ms=0.001195480 compute_gflops=43.076944 eff_bw_gbs=260.847551 pct_peak_bw=27.9543 comm_avg_ms=5.878862 comm_min_ms=3.834727 comm_max_ms=8.059522 comm_var_ms=2.028829913 total_avg_ms=6.070725 total_min_ms=3.981159 total_max_ms=8.277634 total_var_ms=2.107275485 effective_gflops=1.361434
[ERROR CHECKING] OK!

--- default rep=4/8 ---
Loaded ../matrices/cit-Patents.mtx: 3774768 x 3774768, 16518948 nnz
RESULT comm=ghost_mpi kernel=cusparse matrix=cit-Patents.mtx P=4 rank=0 nrows_local=943692 ncols_global=3774768 nnz_local=4130660 n_ghost=1415420 compute_avg_ms=0.215927 compute_min_ms=0.215040 compute_max_ms=0.217088 compute_var_ms=0.000000541 compute_gflops=38.259699 eff_bw_gbs=231.704045 pct_peak_bw=24.8311 comm_avg_ms=5.323933 comm_min_ms=2.857045 comm_max_ms=7.509523 comm_var_ms=1.390154171 total_avg_ms=5.539861 total_min_ms=3.072085 total_max_ms=7.724563 total_var_ms=1.390753472 effective_gflops=1.491251
RESULT comm=ghost_mpi kernel=cusparse matrix=cit-Patents.mtx P=4 rank=1 nrows_local=943692 ncols_global=3774768 nnz_local=4129263 n_ghost=1415861 compute_avg_ms=0.206234 compute_min_ms=0.145408 compute_max_ms=0.219136 compute_var_ms=0.000710907 compute_gflops=40.044522 eff_bw_gbs=242.549494 pct_peak_bw=25.9934 comm_avg_ms=6.057602 comm_min_ms=3.632996 comm_max_ms=7.783800 comm_var_ms=1.721051730 total_avg_ms=6.263836 total_min_ms=3.852132 total_max_ms=8.001912 total_var_ms=1.745377061 effective_gflops=1.318445
RESULT comm=ghost_mpi kernel=cusparse matrix=cit-Patents.mtx P=4 rank=2 nrows_local=943692 ncols_global=3774768 nnz_local=4126579 n_ghost=1416747 compute_avg_ms=0.210364 compute_min_ms=0.146432 compute_max_ms=0.214016 compute_var_ms=0.000141536 compute_gflops=39.232798 eff_bw_gbs=237.702225 pct_peak_bw=25.4739 comm_avg_ms=6.218420 comm_min_ms=3.888399 comm_max_ms=7.761499 comm_var_ms=1.315482392 total_avg_ms=6.428783 total_min_ms=4.100367 total_max_ms=7.973467 total_var_ms=1.323921268 effective_gflops=1.283782
RESULT comm=ghost_mpi kernel=cusparse matrix=cit-Patents.mtx P=4 rank=3 nrows_local=943692 ncols_global=3774768 nnz_local=4132446 n_ghost=1415810 compute_avg_ms=0.189577 compute_min_ms=0.145408 compute_max_ms=0.219136 compute_var_ms=0.001236532 compute_gflops=43.596598 eff_bw_gbs=263.994254 pct_peak_bw=28.2916 comm_avg_ms=5.598334 comm_min_ms=3.869163 comm_max_ms=7.782805 comm_var_ms=1.799655477 total_avg_ms=5.787911 total_min_ms=4.016619 total_max_ms=8.000917 total_var_ms=1.870993679 effective_gflops=1.427958
[ERROR CHECKING] OK!

--- default rep=5/8 ---
Loaded ../matrices/cit-Patents.mtx: 3774768 x 3774768, 16518948 nnz
RESULT comm=ghost_mpi kernel=cusparse matrix=cit-Patents.mtx P=4 rank=0 nrows_local=943692 ncols_global=3774768 nnz_local=4130660 n_ghost=1415420 compute_avg_ms=0.216030 compute_min_ms=0.215040 compute_max_ms=0.217088 compute_var_ms=0.000000593 compute_gflops=38.241564 eff_bw_gbs=231.594216 pct_peak_bw=24.8193 comm_avg_ms=5.327518 comm_min_ms=4.146708 comm_max_ms=7.458648 comm_var_ms=1.223529726 total_avg_ms=5.543548 total_min_ms=4.362772 total_max_ms=7.674712 total_var_ms=1.222861312 effective_gflops=1.490259
RESULT comm=ghost_mpi kernel=cusparse matrix=cit-Patents.mtx P=4 rank=1 nrows_local=943692 ncols_global=3774768 nnz_local=4129263 n_ghost=1415861 compute_avg_ms=0.203947 compute_min_ms=0.146432 compute_max_ms=0.220160 compute_var_ms=0.000822719 compute_gflops=40.493557 eff_bw_gbs=245.269297 pct_peak_bw=26.2849 comm_avg_ms=6.139955 comm_min_ms=3.343876 comm_max_ms=8.019646 comm_var_ms=2.090579136 total_avg_ms=6.343902 total_min_ms=3.560964 total_max_ms=8.237758 total_var_ms=2.134770741 effective_gflops=1.301805
RESULT comm=ghost_mpi kernel=cusparse matrix=cit-Patents.mtx P=4 rank=2 nrows_local=943692 ncols_global=3774768 nnz_local=4126579 n_ghost=1416747 compute_avg_ms=0.210739 compute_min_ms=0.146432 compute_max_ms=0.214016 compute_var_ms=0.000142984 compute_gflops=39.162899 eff_bw_gbs=237.278721 pct_peak_bw=25.4285 comm_avg_ms=6.456903 comm_min_ms=4.155448 comm_max_ms=7.829629 comm_var_ms=1.270417998 total_avg_ms=6.667642 total_min_ms=4.301880 total_max_ms=8.041597 total_var_ms=1.280926907 effective_gflops=1.237793
RESULT comm=ghost_mpi kernel=cusparse matrix=cit-Patents.mtx P=4 rank=3 nrows_local=943692 ncols_global=3774768 nnz_local=4132446 n_ghost=1415810 compute_avg_ms=0.187051 compute_min_ms=0.145408 compute_max_ms=0.219136 compute_var_ms=0.001271946 compute_gflops=44.185311 eff_bw_gbs=267.559139 pct_peak_bw=28.6736 comm_avg_ms=5.876091 comm_min_ms=3.888562 comm_max_ms=8.019466 comm_var_ms=2.044437975 total_avg_ms=6.063142 total_min_ms=4.033970 total_max_ms=8.238602 total_var_ms=2.122535222 effective_gflops=1.363137
[ERROR CHECKING] OK!

--- default rep=6/8 ---
Loaded ../matrices/cit-Patents.mtx: 3774768 x 3774768, 16518948 nnz
RESULT comm=ghost_mpi kernel=cusparse matrix=cit-Patents.mtx P=4 rank=1 nrows_local=943692 ncols_global=3774768 nnz_local=4129263 n_ghost=1415861 compute_avg_ms=0.209169 compute_min_ms=0.146432 compute_max_ms=0.220160 compute_var_ms=0.000586359 compute_gflops=39.482539 eff_bw_gbs=239.145569 pct_peak_bw=25.6286 comm_avg_ms=6.621446 comm_min_ms=3.749236 comm_max_ms=7.916424 comm_var_ms=1.334375372 total_avg_ms=6.830615 total_min_ms=3.896692 total_max_ms=8.135560 total_var_ms=1.366403055 effective_gflops=1.209046
RESULT comm=ghost_mpi kernel=cusparse matrix=cit-Patents.mtx P=4 rank=2 nrows_local=943692 ncols_global=3774768 nnz_local=4126579 n_ghost=1416747 compute_avg_ms=0.212787 compute_min_ms=0.210944 compute_max_ms=0.214016 compute_var_ms=0.000000447 compute_gflops=38.785970 eff_bw_gbs=234.995000 pct_peak_bw=25.1838 comm_avg_ms=6.546343 comm_min_ms=3.629774 comm_max_ms=7.682740 comm_var_ms=1.373136066 total_avg_ms=6.759130 total_min_ms=3.842766 total_max_ms=7.895732 total_var_ms=1.373204558 effective_gflops=1.221039
RESULT comm=ghost_mpi kernel=cusparse matrix=cit-Patents.mtx P=4 rank=3 nrows_local=943692 ncols_global=3774768 nnz_local=4132446 n_ghost=1415810 compute_avg_ms=0.194389 compute_min_ms=0.145408 compute_max_ms=0.220160 compute_var_ms=0.001150434 compute_gflops=42.517209 eff_bw_gbs=257.458136 pct_peak_bw=27.5911 comm_avg_ms=6.060151 comm_min_ms=3.813366 comm_max_ms=7.915338 comm_var_ms=2.018924341 total_avg_ms=6.254540 total_min_ms=3.959798 total_max_ms=8.133450 total_var_ms=2.090950343 effective_gflops=1.321423
RESULT comm=ghost_mpi kernel=cusparse matrix=cit-Patents.mtx P=4 rank=0 nrows_local=943692 ncols_global=3774768 nnz_local=4130660 n_ghost=1415420 compute_avg_ms=0.215996 compute_min_ms=0.215040 compute_max_ms=0.217088 compute_var_ms=0.000000345 compute_gflops=38.247607 eff_bw_gbs=231.630812 pct_peak_bw=24.8233 comm_avg_ms=4.800657 comm_min_ms=3.415693 comm_max_ms=7.352119 comm_var_ms=1.239032263 total_avg_ms=5.016652 total_min_ms=3.632781 total_max_ms=7.568183 total_var_ms=1.238822366 effective_gflops=1.646779
[ERROR CHECKING] OK!

--- default rep=7/8 ---
Loaded ../matrices/cit-Patents.mtx: 3774768 x 3774768, 16518948 nnz
RESULT comm=ghost_mpi kernel=cusparse matrix=cit-Patents.mtx P=4 rank=0 nrows_local=943692 ncols_global=3774768 nnz_local=4130660 n_ghost=1415420 compute_avg_ms=0.201830 compute_min_ms=0.193536 compute_max_ms=0.217088 compute_var_ms=0.000103554 compute_gflops=40.931990 eff_bw_gbs=247.887668 pct_peak_bw=26.5655 comm_avg_ms=5.450563 comm_min_ms=4.023390 comm_max_ms=6.432242 comm_var_ms=0.526899779 total_avg_ms=5.652393 total_min_ms=4.216926 total_max_ms=6.626802 total_var_ms=0.517403401 effective_gflops=1.461561
RESULT comm=ghost_mpi kernel=cusparse matrix=cit-Patents.mtx P=4 rank=1 nrows_local=943692 ncols_global=3774768 nnz_local=4129263 n_ghost=1415861 compute_avg_ms=0.218044 compute_min_ms=0.217088 compute_max_ms=0.219136 compute_var_ms=0.000000415 compute_gflops=37.875548 eff_bw_gbs=229.412028 pct_peak_bw=24.5855 comm_avg_ms=6.069443 comm_min_ms=3.548636 comm_max_ms=7.814520 comm_var_ms=1.023473105 total_avg_ms=6.287487 total_min_ms=3.765724 total_max_ms=8.033656 total_var_ms=1.023877470 effective_gflops=1.313486
RESULT comm=ghost_mpi kernel=cusparse matrix=cit-Patents.mtx P=4 rank=2 nrows_local=943692 ncols_global=3774768 nnz_local=4126579 n_ghost=1416747 compute_avg_ms=0.174285 compute_min_ms=0.153600 compute_max_ms=0.212992 compute_var_ms=0.000733682 compute_gflops=47.354434 eff_bw_gbs=286.909292 pct_peak_bw=30.7473 comm_avg_ms=5.070743 comm_min_ms=3.954979 comm_max_ms=7.815282 comm_var_ms=1.535424679 total_avg_ms=5.245028 total_min_ms=4.109603 total_max_ms=8.028274 total_var_ms=1.579183432 effective_gflops=1.573520
RESULT comm=ghost_mpi kernel=cusparse matrix=cit-Patents.mtx P=4 rank=3 nrows_local=943692 ncols_global=3774768 nnz_local=4132446 n_ghost=1415810 compute_avg_ms=0.210944 compute_min_ms=0.146432 compute_max_ms=0.220160 compute_var_ms=0.000462842 compute_gflops=39.180502 eff_bw_gbs=237.253087 pct_peak_bw=25.4258 comm_avg_ms=6.016277 comm_min_ms=2.971755 comm_max_ms=7.759863 comm_var_ms=1.116778589 total_avg_ms=6.227221 total_min_ms=3.118187 total_max_ms=7.977975 total_var_ms=1.141814641 effective_gflops=1.327220
[ERROR CHECKING] OK!

--- default rep=8/8 ---
Loaded ../matrices/cit-Patents.mtx: 3774768 x 3774768, 16518948 nnz
RESULT comm=ghost_mpi kernel=cusparse matrix=cit-Patents.mtx P=4 rank=0 nrows_local=943692 ncols_global=3774768 nnz_local=4130660 n_ghost=1415420 compute_avg_ms=0.184559 compute_min_ms=0.148480 compute_max_ms=0.216064 compute_var_ms=0.001089099 compute_gflops=44.762503 eff_bw_gbs=271.085590 pct_peak_bw=29.0515 comm_avg_ms=4.958265 comm_min_ms=3.007480 comm_max_ms=7.968821 comm_var_ms=2.195279543 total_avg_ms=5.142824 total_min_ms=3.156984 total_max_ms=8.184885 total_var_ms=2.241454159 effective_gflops=1.606378
RESULT comm=ghost_mpi kernel=cusparse matrix=cit-Patents.mtx P=4 rank=1 nrows_local=943692 ncols_global=3774768 nnz_local=4129263 n_ghost=1415861 compute_avg_ms=0.173670 compute_min_ms=0.146432 compute_max_ms=0.219136 compute_var_ms=0.001167946 compute_gflops=47.552870 eff_bw_gbs=288.027524 pct_peak_bw=30.8671 comm_avg_ms=5.642726 comm_min_ms=3.725515 comm_max_ms=7.827149 comm_var_ms=1.362820656 total_avg_ms=5.816396 total_min_ms=3.872971 total_max_ms=8.046285 total_var_ms=1.415632504 effective_gflops=1.419870
RESULT comm=ghost_mpi kernel=cusparse matrix=cit-Patents.mtx P=4 rank=2 nrows_local=943692 ncols_global=3774768 nnz_local=4126579 n_ghost=1416747 compute_avg_ms=0.180599 compute_min_ms=0.145408 compute_max_ms=0.212992 compute_var_ms=0.001047631 compute_gflops=45.698684 eff_bw_gbs=276.877495 pct_peak_bw=29.6722 comm_avg_ms=6.067446 comm_min_ms=4.374407 comm_max_ms=8.114275 comm_var_ms=1.477722313 total_avg_ms=6.248046 total_min_ms=4.519815 total_max_ms=8.327267 total_var_ms=1.538514135 effective_gflops=1.320918
RESULT comm=ghost_mpi kernel=cusparse matrix=cit-Patents.mtx P=4 rank=3 nrows_local=943692 ncols_global=3774768 nnz_local=4132446 n_ghost=1415810 compute_avg_ms=0.218146 compute_min_ms=0.216064 compute_max_ms=0.219136 compute_var_ms=0.000000593 compute_gflops=37.886951 eff_bw_gbs=229.420134 pct_peak_bw=24.5863 comm_avg_ms=6.130174 comm_min_ms=4.314994 comm_max_ms=8.108021 comm_var_ms=1.529617059 total_avg_ms=6.348320 total_min_ms=4.533106 total_max_ms=8.326133 total_var_ms=1.528965811 effective_gflops=1.301902
[ERROR CHECKING] OK!

=== WITH --mca mpi_common_cuda_register_memory 0 ===
--- register_memory=0 rep=1/8 ---
Loaded ../matrices/cit-Patents.mtx: 3774768 x 3774768, 16518948 nnz
RESULT comm=ghost_mpi kernel=cusparse matrix=cit-Patents.mtx P=4 rank=0 nrows_local=943692 ncols_global=3774768 nnz_local=4130660 n_ghost=1415420 compute_avg_ms=0.203708 compute_min_ms=0.145408 compute_max_ms=0.217088 compute_var_ms=0.000667379 compute_gflops=40.554768 eff_bw_gbs=245.603183 pct_peak_bw=26.3206 comm_avg_ms=5.556474 comm_min_ms=3.755915 comm_max_ms=7.291657 comm_var_ms=1.004036205 total_avg_ms=5.760181 total_min_ms=3.970955 total_max_ms=7.507721 total_var_ms=1.022429627 effective_gflops=1.434212
RESULT comm=ghost_mpi kernel=cusparse matrix=cit-Patents.mtx P=4 rank=1 nrows_local=943692 ncols_global=3774768 nnz_local=4129263 n_ghost=1415861 compute_avg_ms=0.184627 compute_min_ms=0.145408 compute_max_ms=0.219136 compute_var_ms=0.001267250 compute_gflops=44.730819 eff_bw_gbs=270.934378 pct_peak_bw=29.0353 comm_avg_ms=5.577333 comm_min_ms=3.340171 comm_max_ms=7.900090 comm_var_ms=1.894124337 total_avg_ms=5.761960 total_min_ms=3.486603 total_max_ms=8.046522 total_var_ms=1.925559225 effective_gflops=1.433284
RESULT comm=ghost_mpi kernel=cusparse matrix=cit-Patents.mtx P=4 rank=2 nrows_local=943692 ncols_global=3774768 nnz_local=4126579 n_ghost=1416747 compute_avg_ms=0.195038 compute_min_ms=0.145408 compute_max_ms=0.215040 compute_var_ms=0.000859674 compute_gflops=42.315670 eff_bw_gbs=256.380614 pct_peak_bw=27.4756 comm_avg_ms=6.097464 comm_min_ms=3.125218 comm_max_ms=8.247983 comm_var_ms=1.429593415 total_avg_ms=6.292502 total_min_ms=3.271650 total_max_ms=8.393391 total_var_ms=1.449122711 effective_gflops=1.311586
RESULT comm=ghost_mpi kernel=cusparse matrix=cit-Patents.mtx P=4 rank=3 nrows_local=943692 ncols_global=3774768 nnz_local=4132446 n_ghost=1415810 compute_avg_ms=0.177664 compute_min_ms=0.158720 compute_max_ms=0.219136 compute_var_ms=0.000719026 compute_gflops=46.519790 eff_bw_gbs=281.695314 pct_peak_bw=30.1885 comm_avg_ms=5.626089 comm_min_ms=3.340869 comm_max_ms=8.247747 comm_var_ms=1.481151489 total_avg_ms=5.803753 total_min_ms=3.501637 total_max_ms=8.409539 total_var_ms=1.500435330 effective_gflops=1.424060
[ERROR CHECKING] OK!

--- register_memory=0 rep=2/8 ---
Loaded ../matrices/cit-Patents.mtx: 3774768 x 3774768, 16518948 nnz
RESULT comm=ghost_mpi kernel=cusparse matrix=cit-Patents.mtx P=4 rank=1 nrows_local=943692 ncols_global=3774768 nnz_local=4129263 n_ghost=1415861 compute_avg_ms=0.218487 compute_min_ms=0.217088 compute_max_ms=0.219136 compute_var_ms=0.000000313 compute_gflops=37.798625 eff_bw_gbs=228.946108 pct_peak_bw=24.5355 comm_avg_ms=6.226993 comm_min_ms=4.867681 comm_max_ms=7.929470 comm_var_ms=0.636870858 total_avg_ms=6.445480 total_min_ms=5.086817 total_max_ms=8.148606 total_var_ms=0.637052899 effective_gflops=1.281290
RESULT comm=ghost_mpi kernel=cusparse matrix=cit-Patents.mtx P=4 rank=2 nrows_local=943692 ncols_global=3774768 nnz_local=4126579 n_ghost=1416747 compute_avg_ms=0.171110 compute_min_ms=0.151552 compute_max_ms=0.214016 compute_var_ms=0.000744444 compute_gflops=48.232941 eff_bw_gbs=292.231958 pct_peak_bw=31.3177 comm_avg_ms=4.994798 comm_min_ms=3.169703 comm_max_ms=7.682469 comm_var_ms=1.646501699 total_avg_ms=5.165909 total_min_ms=3.322279 total_max_ms=7.895461 total_var_ms=1.699594016 effective_gflops=1.597620
RESULT comm=ghost_mpi kernel=cusparse matrix=cit-Patents.mtx P=4 rank=0 nrows_local=943692 ncols_global=3774768 nnz_local=4130660 n_ghost=1415420 compute_avg_ms=0.201045 compute_min_ms=0.193536 compute_max_ms=0.217088 compute_var_ms=0.000101246 compute_gflops=41.091826 eff_bw_gbs=248.855653 pct_peak_bw=26.6692 comm_avg_ms=5.524771 comm_min_ms=3.828355 comm_max_ms=7.023292 comm_var_ms=0.576526603 total_avg_ms=5.725816 total_min_ms=4.044419 total_max_ms=7.217852 total_var_ms=0.564030111 effective_gflops=1.442820
RESULT comm=ghost_mpi kernel=cusparse matrix=cit-Patents.mtx P=4 rank=3 nrows_local=943692 ncols_global=3774768 nnz_local=4132446 n_ghost=1415810 compute_avg_ms=0.210705 compute_min_ms=0.146432 compute_max_ms=0.219136 compute_var_ms=0.000459394 compute_gflops=39.224932 eff_bw_gbs=237.522126 pct_peak_bw=25.4546 comm_avg_ms=6.044960 comm_min_ms=2.923216 comm_max_ms=7.928493 comm_var_ms=1.296364835 total_avg_ms=6.255665 total_min_ms=3.069648 total_max_ms=8.146605 total_var_ms=1.324046163 effective_gflops=1.321185
[ERROR CHECKING] OK!

--- register_memory=0 rep=3/8 ---
Loaded ../matrices/cit-Patents.mtx: 3774768 x 3774768, 16518948 nnz
RESULT comm=ghost_mpi kernel=cusparse matrix=cit-Patents.mtx P=4 rank=1 nrows_local=943692 ncols_global=3774768 nnz_local=4129263 n_ghost=1415861 compute_avg_ms=0.218146 compute_min_ms=0.216064 compute_max_ms=0.219136 compute_var_ms=0.000000593 compute_gflops=37.857769 eff_bw_gbs=229.304340 pct_peak_bw=24.5739 comm_avg_ms=6.135627 comm_min_ms=4.388973 comm_max_ms=7.776616 comm_var_ms=0.545538737 total_avg_ms=6.353773 total_min_ms=4.607085 total_max_ms=7.994728 total_var_ms=0.545337731 effective_gflops=1.299783
RESULT comm=ghost_mpi kernel=cusparse matrix=cit-Patents.mtx P=4 rank=2 nrows_local=943692 ncols_global=3774768 nnz_local=4126579 n_ghost=1416747 compute_avg_ms=0.173397 compute_min_ms=0.146432 compute_max_ms=0.212992 compute_var_ms=0.001027488 compute_gflops=47.596798 eff_bw_gbs=288.377719 pct_peak_bw=30.9047 comm_avg_ms=5.144727 comm_min_ms=3.737401 comm_max_ms=7.684227 comm_var_ms=1.696310844 total_avg_ms=5.318124 total_min_ms=3.885881 total_max_ms=7.897219 total_var_ms=1.760417198 effective_gflops=1.551893
RESULT comm=ghost_mpi kernel=cusparse matrix=cit-Patents.mtx P=4 rank=0 nrows_local=943692 ncols_global=3774768 nnz_local=4130660 n_ghost=1415420 compute_avg_ms=0.203981 compute_min_ms=0.195584 compute_max_ms=0.217088 compute_var_ms=0.000083634 compute_gflops=40.500478 eff_bw_gbs=245.274395 pct_peak_bw=26.2854 comm_avg_ms=5.340432 comm_min_ms=3.640127 comm_max_ms=7.551207 comm_var_ms=0.830176114 total_avg_ms=5.544413 total_min_ms=3.856191 total_max_ms=7.768295 total_var_ms=0.820447046 effective_gflops=1.490026
RESULT comm=ghost_mpi kernel=cusparse matrix=cit-Patents.mtx P=4 rank=3 nrows_local=943692 ncols_global=3774768 nnz_local=4132446 n_ghost=1415810 compute_avg_ms=0.213504 compute_min_ms=0.146432 compute_max_ms=0.219136 compute_var_ms=0.000321616 compute_gflops=38.710712 eff_bw_gbs=234.408325 pct_peak_bw=25.1209 comm_avg_ms=6.156076 comm_min_ms=2.933277 comm_max_ms=7.776688 comm_var_ms=0.833387577 total_avg_ms=6.369580 total_min_ms=3.079709 total_max_ms=7.994800 total_var_ms=0.847059327 effective_gflops=1.297557
[ERROR CHECKING] OK!

--- register_memory=0 rep=4/8 ---
Loaded ../matrices/cit-Patents.mtx: 3774768 x 3774768, 16518948 nnz
RESULT comm=ghost_mpi kernel=cusparse matrix=cit-Patents.mtx P=4 rank=1 nrows_local=943692 ncols_global=3774768 nnz_local=4129263 n_ghost=1415861 compute_avg_ms=0.213367 compute_min_ms=0.211968 compute_max_ms=0.219136 compute_var_ms=0.000004158 compute_gflops=38.705648 eff_bw_gbs=234.439939 pct_peak_bw=25.1243 comm_avg_ms=6.662388 comm_min_ms=4.208545 comm_max_ms=7.660091 comm_var_ms=0.875563926 total_avg_ms=6.875756 total_min_ms=4.427681 total_max_ms=7.879227 total_var_ms=0.875252468 effective_gflops=1.201108
RESULT comm=ghost_mpi kernel=cusparse matrix=cit-Patents.mtx P=4 rank=2 nrows_local=943692 ncols_global=3774768 nnz_local=4126579 n_ghost=1416747 compute_avg_ms=0.170940 compute_min_ms=0.146432 compute_max_ms=0.214016 compute_var_ms=0.001006209 compute_gflops=48.281098 eff_bw_gbs=292.523726 pct_peak_bw=31.3490 comm_avg_ms=5.253236 comm_min_ms=4.013466 comm_max_ms=7.769941 comm_var_ms=1.590625431 total_avg_ms=5.424176 total_min_ms=4.159898 total_max_ms=7.983957 total_var_ms=1.655954068 effective_gflops=1.521551
RESULT comm=ghost_mpi kernel=cusparse matrix=cit-Patents.mtx P=4 rank=3 nrows_local=943692 ncols_global=3774768 nnz_local=4132446 n_ghost=1415810 compute_avg_ms=0.206302 compute_min_ms=0.145408 compute_max_ms=0.220160 compute_var_ms=0.000717557 compute_gflops=40.062129 eff_bw_gbs=242.591675 pct_peak_bw=25.9979 comm_avg_ms=6.565297 comm_min_ms=4.218576 comm_max_ms=7.769828 comm_var_ms=1.128833499 total_avg_ms=6.771599 total_min_ms=4.363984 total_max_ms=7.987940 total_var_ms=1.159513765 effective_gflops=1.220523
RESULT comm=ghost_mpi kernel=cusparse matrix=cit-Patents.mtx P=4 rank=0 nrows_local=943692 ncols_global=3774768 nnz_local=4130660 n_ghost=1415420 compute_avg_ms=0.214938 compute_min_ms=0.214016 compute_max_ms=0.217088 compute_var_ms=0.000000654 compute_gflops=38.435899 eff_bw_gbs=232.771128 pct_peak_bw=24.9455 comm_avg_ms=5.858542 comm_min_ms=2.786804 comm_max_ms=7.438441 comm_var_ms=1.649316133 total_avg_ms=6.073480 total_min_ms=3.001844 total_max_ms=7.653481 total_var_ms=1.648200819 effective_gflops=1.360228
[ERROR CHECKING] OK!

--- register_memory=0 rep=5/8 ---
Loaded ../matrices/cit-Patents.mtx: 3774768 x 3774768, 16518948 nnz
RESULT comm=ghost_mpi kernel=cusparse matrix=cit-Patents.mtx P=4 rank=0 nrows_local=943692 ncols_global=3774768 nnz_local=4130660 n_ghost=1415420 compute_avg_ms=0.204390 compute_min_ms=0.145408 compute_max_ms=0.217088 compute_var_ms=0.000667705 compute_gflops=40.419315 eff_bw_gbs=244.782865 pct_peak_bw=26.2327 comm_avg_ms=5.119611 comm_min_ms=3.332272 comm_max_ms=6.954329 comm_var_ms=1.116682288 total_avg_ms=5.324002 total_min_ms=3.478704 total_max_ms=7.169369 total_var_ms=1.138883285 effective_gflops=1.551713
RESULT comm=ghost_mpi kernel=cusparse matrix=cit-Patents.mtx P=4 rank=1 nrows_local=943692 ncols_global=3774768 nnz_local=4129263 n_ghost=1415861 compute_avg_ms=0.184900 compute_min_ms=0.145408 compute_max_ms=0.219136 compute_var_ms=0.001270782 compute_gflops=44.664759 eff_bw_gbs=270.534252 pct_peak_bw=28.9924 comm_avg_ms=5.621819 comm_min_ms=3.763860 comm_max_ms=7.785824 comm_var_ms=1.502634520 total_avg_ms=5.806719 total_min_ms=3.910292 total_max_ms=8.003936 total_var_ms=1.557749678 effective_gflops=1.422236
RESULT comm=ghost_mpi kernel=cusparse matrix=cit-Patents.mtx P=4 rank=2 nrows_local=943692 ncols_global=3774768 nnz_local=4126579 n_ghost=1416747 compute_avg_ms=0.203605 compute_min_ms=0.146432 compute_max_ms=0.214016 compute_var_ms=0.000480673 compute_gflops=40.535078 eff_bw_gbs=245.592426 pct_peak_bw=26.3195 comm_avg_ms=5.954558 comm_min_ms=4.199844 comm_max_ms=7.605947 comm_var_ms=0.825924631 total_avg_ms=6.158163 total_min_ms=4.362428 total_max_ms=7.817915 total_var_ms=0.829209161 effective_gflops=1.340198
RESULT comm=ghost_mpi kernel=cusparse matrix=cit-Patents.mtx P=4 rank=3 nrows_local=943692 ncols_global=3774768 nnz_local=4132446 n_ghost=1415810 compute_avg_ms=0.173807 compute_min_ms=0.152576 compute_max_ms=0.219136 compute_var_ms=0.000838087 compute_gflops=47.552142 eff_bw_gbs=287.946602 pct_peak_bw=30.8585 comm_avg_ms=5.405157 comm_min_ms=3.858016 comm_max_ms=7.784931 comm_var_ms=1.209588100 total_avg_ms=5.578964 total_min_ms=4.013664 total_max_ms=8.004067 total_var_ms=1.233965619 effective_gflops=1.481438
[ERROR CHECKING] OK!

--- register_memory=0 rep=6/8 ---
Loaded ../matrices/cit-Patents.mtx: 3774768 x 3774768, 16518948 nnz
RESULT comm=ghost_mpi kernel=cusparse matrix=cit-Patents.mtx P=4 rank=1 nrows_local=943692 ncols_global=3774768 nnz_local=4129263 n_ghost=1415861 compute_avg_ms=0.192444 compute_min_ms=0.146432 compute_max_ms=0.220160 compute_var_ms=0.001186774 compute_gflops=42.913977 eff_bw_gbs=259.929770 pct_peak_bw=27.8560 comm_avg_ms=5.986746 comm_min_ms=3.852346 comm_max_ms=7.729174 comm_var_ms=1.781224495 total_avg_ms=6.179190 total_min_ms=3.999802 total_max_ms=7.947286 total_var_ms=1.853923267 effective_gflops=1.336506
RESULT comm=ghost_mpi kernel=cusparse matrix=cit-Patents.mtx P=4 rank=2 nrows_local=943692 ncols_global=3774768 nnz_local=4126579 n_ghost=1416747 compute_avg_ms=0.212890 compute_min_ms=0.211968 compute_max_ms=0.214016 compute_var_ms=0.000000374 compute_gflops=38.767314 eff_bw_gbs=234.881967 pct_peak_bw=25.1717 comm_avg_ms=6.177644 comm_min_ms=3.952195 comm_max_ms=7.546624 comm_var_ms=1.200718815 total_avg_ms=6.390533 total_min_ms=4.165187 total_max_ms=7.760640 total_var_ms=1.200702502 effective_gflops=1.291466
RESULT comm=ghost_mpi kernel=cusparse matrix=cit-Patents.mtx P=4 rank=0 nrows_local=943692 ncols_global=3774768 nnz_local=4130660 n_ghost=1415420 compute_avg_ms=0.213163 compute_min_ms=0.146432 compute_max_ms=0.217088 compute_var_ms=0.000154216 compute_gflops=38.755942 eff_bw_gbs=234.709334 pct_peak_bw=25.1532 comm_avg_ms=5.028031 comm_min_ms=3.863608 comm_max_ms=7.301423 comm_var_ms=1.034459664 total_avg_ms=5.241194 total_min_ms=4.079672 total_max_ms=7.516463 total_var_ms=1.029629661 effective_gflops=1.576229
RESULT comm=ghost_mpi kernel=cusparse matrix=cit-Patents.mtx P=4 rank=3 nrows_local=943692 ncols_global=3774768 nnz_local=4132446 n_ghost=1415810 compute_avg_ms=0.177869 compute_min_ms=0.146432 compute_max_ms=0.219136 compute_var_ms=0.001253688 compute_gflops=46.466226 eff_bw_gbs=281.370963 pct_peak_bw=30.1538 comm_avg_ms=5.579324 comm_min_ms=3.958630 comm_max_ms=7.728464 comm_var_ms=1.880516316 total_avg_ms=5.757192 total_min_ms=4.105062 total_max_ms=7.946576 total_var_ms=1.955680885 effective_gflops=1.435577
[ERROR CHECKING] OK!

--- register_memory=0 rep=7/8 ---
Loaded ../matrices/cit-Patents.mtx: 3774768 x 3774768, 16518948 nnz
RESULT comm=ghost_mpi kernel=cusparse matrix=cit-Patents.mtx P=4 rank=1 nrows_local=943692 ncols_global=3774768 nnz_local=4129263 n_ghost=1415861 compute_avg_ms=0.217975 compute_min_ms=0.217088 compute_max_ms=0.219136 compute_var_ms=0.000000401 compute_gflops=37.887410 eff_bw_gbs=229.483877 pct_peak_bw=24.5932 comm_avg_ms=6.524950 comm_min_ms=3.648132 comm_max_ms=7.731086 comm_var_ms=1.004684151 total_avg_ms=6.742926 total_min_ms=3.866244 total_max_ms=7.949198 total_var_ms=1.004800463 effective_gflops=1.224769
RESULT comm=ghost_mpi kernel=cusparse matrix=cit-Patents.mtx P=4 rank=2 nrows_local=943692 ncols_global=3774768 nnz_local=4126579 n_ghost=1416747 compute_avg_ms=0.172954 compute_min_ms=0.152576 compute_max_ms=0.212992 compute_var_ms=0.000781423 compute_gflops=47.718913 eff_bw_gbs=289.117585 pct_peak_bw=30.9840 comm_avg_ms=5.250970 comm_min_ms=3.923844 comm_max_ms=7.551638 comm_var_ms=1.519645633 total_avg_ms=5.423924 total_min_ms=4.077444 total_max_ms=7.764630 total_var_ms=1.566964596 effective_gflops=1.521621
RESULT comm=ghost_mpi kernel=cusparse matrix=cit-Patents.mtx P=4 rank=3 nrows_local=943692 ncols_global=3774768 nnz_local=4132446 n_ghost=1415810 compute_avg_ms=0.201626 compute_min_ms=0.145408 compute_max_ms=0.220160 compute_var_ms=0.000927805 compute_gflops=40.991282 eff_bw_gbs=248.218061 pct_peak_bw=26.6009 comm_avg_ms=6.181003 comm_min_ms=4.203377 comm_max_ms=7.730147 comm_var_ms=1.594922326 total_avg_ms=6.382629 total_min_ms=4.350833 total_max_ms=7.948259 total_var_ms=1.638022982 effective_gflops=1.294904
RESULT comm=ghost_mpi kernel=cusparse matrix=cit-Patents.mtx P=4 rank=0 nrows_local=943692 ncols_global=3774768 nnz_local=4130660 n_ghost=1415420 compute_avg_ms=0.215552 compute_min_ms=0.214016 compute_max_ms=0.218112 compute_var_ms=0.000000821 compute_gflops=38.326343 eff_bw_gbs=232.107646 pct_peak_bw=24.8744 comm_avg_ms=5.904886 comm_min_ms=2.883074 comm_max_ms=7.383378 comm_var_ms=1.383289595 total_avg_ms=6.120438 total_min_ms=3.099138 total_max_ms=7.598418 total_var_ms=1.383091243 effective_gflops=1.349792
[ERROR CHECKING] OK!

--- register_memory=0 rep=8/8 ---
Loaded ../matrices/cit-Patents.mtx: 3774768 x 3774768, 16518948 nnz
RESULT comm=ghost_mpi kernel=cusparse matrix=cit-Patents.mtx P=4 rank=1 nrows_local=943692 ncols_global=3774768 nnz_local=4129263 n_ghost=1415861 compute_avg_ms=0.211251 compute_min_ms=0.146432 compute_max_ms=0.220160 compute_var_ms=0.000467256 compute_gflops=39.093392 eff_bw_gbs=236.788503 pct_peak_bw=25.3760 comm_avg_ms=6.449405 comm_min_ms=3.281379 comm_max_ms=7.904217 comm_var_ms=1.029018273 total_avg_ms=6.660656 total_min_ms=3.427811 total_max_ms=8.121305 total_var_ms=1.051805381 effective_gflops=1.239897
RESULT comm=ghost_mpi kernel=cusparse matrix=cit-Patents.mtx P=4 rank=0 nrows_local=943692 ncols_global=3774768 nnz_local=4130660 n_ghost=1415420 compute_avg_ms=0.216064 compute_min_ms=0.215040 compute_max_ms=0.218112 compute_var_ms=0.000000559 compute_gflops=38.235522 eff_bw_gbs=231.557628 pct_peak_bw=24.8154 comm_avg_ms=6.041578 comm_min_ms=4.054584 comm_max_ms=7.264580 comm_var_ms=1.042355532 total_avg_ms=6.257642 total_min_ms=4.271672 total_max_ms=7.480644 total_var_ms=1.042360195 effective_gflops=1.320197
RESULT comm=ghost_mpi kernel=cusparse matrix=cit-Patents.mtx P=4 rank=2 nrows_local=943692 ncols_global=3774768 nnz_local=4126579 n_ghost=1416747 compute_avg_ms=0.176230 compute_min_ms=0.163840 compute_max_ms=0.212992 compute_var_ms=0.000398693 compute_gflops=46.831636 eff_bw_gbs=283.741783 pct_peak_bw=30.4079 comm_avg_ms=5.343701 comm_min_ms=3.293890 comm_max_ms=7.674124 comm_var_ms=1.661996104 total_avg_ms=5.519931 total_min_ms=3.458754 total_max_ms=7.886092 total_var_ms=1.688503354 effective_gflops=1.495156
RESULT comm=ghost_mpi kernel=cusparse matrix=cit-Patents.mtx P=4 rank=3 nrows_local=943692 ncols_global=3774768 nnz_local=4132446 n_ghost=1415810 compute_avg_ms=0.194423 compute_min_ms=0.145408 compute_max_ms=0.220160 compute_var_ms=0.001147473 compute_gflops=42.509745 eff_bw_gbs=257.412937 pct_peak_bw=27.5863 comm_avg_ms=6.058073 comm_min_ms=3.356554 comm_max_ms=7.904219 comm_var_ms=1.835944357 total_avg_ms=6.252496 total_min_ms=3.501962 total_max_ms=8.120283 total_var_ms=1.912443474 effective_gflops=1.321855
[ERROR CHECKING] OK!

=== Job done ===

Compare stderr fallback counts:
  grep -c cuMemHostRegister outputs/mca_check-1517246.err || true
Compare timings (RESULT lines) between the two blocks above in:
  outputs/mca_check-1517246.out
