=== D2_final strong scaling (large matrix, full P sweep, single driver) ===
Node:     edu01
Date:     Thu Jul 23 10:23:30 AM CEST 2026
Matrix:   ../big_matrices/kmer_V1r.mtx
Reps:     1
Driver:   spmv_ghost_nccl_cusparse

--- P=1 rep=1/1 driver=spmv_ghost_nccl_cusparse ---
Loaded ../big_matrices/kmer_V1r.mtx: 214005017 x 214005017, 465410904 nnz
RESULT comm=ghost_nccl kernel=cusparse matrix=kmer_V1r.mtx P=1 rank=0 nrows_local=214005017 ncols_global=214005017 nnz_local=465410904 n_ghost=0 compute_avg_ms=14.976751 compute_min_ms=14.934016 compute_max_ms=14.988288 compute_var_ms=0.000086817 compute_gflops=62.151118 eff_bw_gbs=420.074251 pct_peak_bw=45.0182 comm_avg_ms=0.001153 comm_min_ms=0.001000 comm_max_ms=0.001885 comm_var_ms=0.000000032 total_avg_ms=14.977903 total_min_ms=14.935068 total_max_ms=14.989324 total_var_ms=0.000087443 effective_gflops=62.146335
[ERROR CHECKING] OK!

--- P=2 rep=1/1 driver=spmv_ghost_nccl_cusparse ---
Loaded ../big_matrices/kmer_V1r.mtx: 214005017 x 214005017, 465410904 nnz
RESULT comm=ghost_nccl kernel=cusparse matrix=kmer_V1r.mtx P=2 rank=0 nrows_local=107002509 ncols_global=214005017 nnz_local=232709697 n_ghost=82603127 compute_avg_ms=9.583479 compute_min_ms=9.577472 compute_max_ms=9.587712 compute_var_ms=0.000005434 compute_gflops=48.564762 eff_bw_gbs=362.720056 pct_peak_bw=38.8717 comm_avg_ms=42.398054 comm_min_ms=42.167537 comm_max_ms=42.599159 comm_var_ms=0.012531972 total_avg_ms=51.981533 total_min_ms=51.748081 total_max_ms=52.182775 total_var_ms=0.012630696 effective_gflops=8.953553
RESULT comm=ghost_nccl kernel=cusparse matrix=kmer_V1r.mtx P=2 rank=1 nrows_local=107002508 ncols_global=214005017 nnz_local=232701207 n_ghost=82607877 compute_avg_ms=9.583650 compute_min_ms=9.580544 compute_max_ms=9.587712 compute_var_ms=0.000004717 compute_gflops=48.562125 eff_bw_gbs=362.708489 pct_peak_bw=38.8705 comm_avg_ms=42.252911 comm_min_ms=42.023473 comm_max_ms=42.450116 comm_var_ms=0.012094259 total_avg_ms=51.836561 total_min_ms=51.610161 total_max_ms=52.033732 total_var_ms=0.012006814 effective_gflops=8.978266
[ERROR CHECKING] OK!

--- P=3 rep=1/1 driver=spmv_ghost_nccl_cusparse ---
Loaded ../big_matrices/kmer_V1r.mtx: 214005017 x 214005017, 465410904 nnz
RESULT comm=ghost_nccl kernel=cusparse matrix=kmer_V1r.mtx P=3 rank=0 nrows_local=71335006 ncols_global=214005017 nnz_local=155137572 n_ghost=83069167 compute_avg_ms=6.967945 compute_min_ms=6.961152 compute_max_ms=6.972416 compute_var_ms=0.000005277 compute_gflops=44.528934 eff_bw_gbs=348.653368 pct_peak_bw=37.3643 comm_avg_ms=53.175894 comm_min_ms=52.811753 comm_max_ms=53.483089 comm_var_ms=0.021979644 total_avg_ms=60.143839 total_min_ms=59.778025 total_max_ms=60.453457 total_var_ms=0.021910923 effective_gflops=5.158885
RESULT comm=ghost_nccl kernel=cusparse matrix=kmer_V1r.mtx P=3 rank=1 nrows_local=71335006 ncols_global=214005017 nnz_local=155137944 n_ghost=83061838 compute_avg_ms=6.966135 compute_min_ms=6.962176 compute_max_ms=6.972416 compute_var_ms=0.000006343 compute_gflops=44.540605 eff_bw_gbs=348.740129 pct_peak_bw=37.3736 comm_avg_ms=53.453952 comm_min_ms=53.099339 comm_max_ms=53.753954 comm_var_ms=0.021775646 total_avg_ms=60.420087 total_min_ms=60.062539 total_max_ms=60.721250 total_var_ms=0.021903943 effective_gflops=5.135310
RESULT comm=ghost_nccl kernel=cusparse matrix=kmer_V1r.mtx P=3 rank=2 nrows_local=71335005 ncols_global=214005017 nnz_local=155135388 n_ghost=83066277 compute_avg_ms=6.967057 compute_min_ms=6.963200 compute_max_ms=6.970368 compute_var_ms=0.000004312 compute_gflops=44.533980 eff_bw_gbs=348.693610 pct_peak_bw=37.3686 comm_avg_ms=52.677775 comm_min_ms=52.237222 comm_max_ms=53.080201 comm_var_ms=0.035896662 total_avg_ms=59.644832 total_min_ms=59.207590 total_max_ms=60.050569 total_var_ms=0.035905858 effective_gflops=5.201972
[ERROR CHECKING] OK!

--- P=4 rep=1/1 driver=spmv_ghost_nccl_cusparse ---
Loaded ../big_matrices/kmer_V1r.mtx: 214005017 x 214005017, 465410904 nnz
RESULT comm=ghost_nccl kernel=cusparse matrix=kmer_V1r.mtx P=4 rank=0 nrows_local=53501255 ncols_global=214005017 nnz_local=116359721 n_ghost=74271176 compute_avg_ms=5.432047 compute_min_ms=5.430272 compute_max_ms=5.434368 compute_var_ms=0.000000974 compute_gflops=42.841942 eff_bw_gbs=344.249149 pct_peak_bw=36.8923 comm_avg_ms=55.529079 comm_min_ms=51.261643 comm_max_ms=68.783675 comm_var_ms=26.884258627 total_avg_ms=60.961126 total_min_ms=56.691915 total_max_ms=74.214971 total_var_ms=26.882565487 effective_gflops=3.817506
RESULT comm=ghost_nccl kernel=cusparse matrix=kmer_V1r.mtx P=4 rank=1 nrows_local=53501254 ncols_global=214005017 nnz_local=116350696 n_ghost=74271918 compute_avg_ms=5.430716 compute_min_ms=5.428224 compute_max_ms=5.433344 compute_var_ms=0.000002075 compute_gflops=42.849120 eff_bw_gbs=344.320783 pct_peak_bw=36.8999 comm_avg_ms=54.998151 comm_min_ms=50.816526 comm_max_ms=67.770032 comm_var_ms=25.945333598 total_avg_ms=60.428867 total_min_ms=56.246798 total_max_ms=73.202352 total_var_ms=25.946530565 effective_gflops=3.850832
RESULT comm=ghost_nccl kernel=cusparse matrix=kmer_V1r.mtx P=4 rank=2 nrows_local=53501254 ncols_global=214005017 nnz_local=116349976 n_ghost=74266182 compute_avg_ms=5.431125 compute_min_ms=5.429248 compute_max_ms=5.434368 compute_var_ms=0.000001544 compute_gflops=42.845624 eff_bw_gbs=344.289532 pct_peak_bw=36.8966 comm_avg_ms=56.135347 comm_min_ms=51.889561 comm_max_ms=69.384764 comm_var_ms=26.679439265 total_avg_ms=61.566472 total_min_ms=57.318809 total_max_ms=74.815036 total_var_ms=26.679806065 effective_gflops=3.779654
RESULT comm=ghost_nccl kernel=cusparse matrix=kmer_V1r.mtx P=4 rank=3 nrows_local=53501254 ncols_global=214005017 nnz_local=116350511 n_ghost=74268337 compute_avg_ms=5.429828 compute_min_ms=5.427200 compute_max_ms=5.432320 compute_var_ms=0.000001586 compute_gflops=42.856056 eff_bw_gbs=344.374150 pct_peak_bw=36.9057 comm_avg_ms=55.798611 comm_min_ms=51.569210 comm_max_ms=69.032962 comm_var_ms=26.060307109 total_avg_ms=61.228439 total_min_ms=56.999482 total_max_ms=74.462210 total_var_ms=26.059374955 effective_gflops=3.800538
[ERROR CHECKING] OK!

=== Job done ===
