=== D2_final strong scaling (large matrix, full P sweep, single driver) ===
Node:     edu01
Date:     Thu Jul 23 04:22:32 PM CEST 2026
Matrix:   ../big_matrices/webbase-2001.mtx
Reps:     1
Driver:   spmv_ghost_nccl_cusparse

--- P=1 rep=1/1 driver=spmv_ghost_nccl_cusparse ---
Loaded ../big_matrices/webbase-2001.mtx: 118142155 x 118142155, 1019903190 nnz
RESULT comm=ghost_nccl kernel=cusparse matrix=webbase-2001.mtx P=1 rank=0 nrows_local=118142155 ncols_global=118142155 nnz_local=1019903190 n_ghost=0 compute_avg_ms=14.366003 compute_min_ms=14.354432 compute_max_ms=14.379008 compute_var_ms=0.000024058 compute_gflops=141.988439 eff_bw_gbs=666.638536 pct_peak_bw=71.4419 comm_avg_ms=0.001318 comm_min_ms=0.001020 comm_max_ms=0.004988 comm_var_ms=0.000000477 total_avg_ms=14.367321 total_min_ms=14.355625 total_max_ms=14.380115 total_var_ms=0.000023986 effective_gflops=141.975416
[ERROR CHECKING] OK!

--- P=2 rep=1/1 driver=spmv_ghost_nccl_cusparse ---
Loaded ../big_matrices/webbase-2001.mtx: 118142155 x 118142155, 1019903190 nnz
RESULT comm=ghost_nccl kernel=cusparse matrix=webbase-2001.mtx P=2 rank=0 nrows_local=59071078 ncols_global=118142155 nnz_local=510046146 n_ghost=42536627 compute_avg_ms=7.371332 compute_min_ms=7.363584 compute_max_ms=7.377920 compute_var_ms=0.000014378 compute_gflops=138.386421 eff_bw_gbs=672.791354 pct_peak_bw=72.1013 comm_avg_ms=24.255912 comm_min_ms=24.158780 comm_max_ms=24.310701 comm_var_ms=0.001866318 total_avg_ms=31.627244 total_min_ms=31.532604 total_max_ms=31.675368 total_var_ms=0.001774421 effective_gflops=32.253594
RESULT comm=ghost_nccl kernel=cusparse matrix=webbase-2001.mtx P=2 rank=1 nrows_local=59071077 ncols_global=118142155 nnz_local=509857044 n_ghost=42525270 compute_avg_ms=7.374609 compute_min_ms=7.365632 compute_max_ms=7.380992 compute_var_ms=0.000011442 compute_gflops=138.273647 eff_bw_gbs=672.281110 pct_peak_bw=72.0466 comm_avg_ms=24.251214 comm_min_ms=24.152598 comm_max_ms=24.304972 comm_var_ms=0.001897861 total_avg_ms=31.625823 total_min_ms=31.523350 total_max_ms=31.679977 total_var_ms=0.001885853 effective_gflops=32.243085
[ERROR CHECKING] OK!

--- P=3 rep=1/1 driver=spmv_ghost_nccl_cusparse ---
Loaded ../big_matrices/webbase-2001.mtx: 118142155 x 118142155, 1019903190 nnz
RESULT comm=ghost_nccl kernel=cusparse matrix=webbase-2001.mtx P=3 rank=0 nrows_local=39380719 ncols_global=118142155 nnz_local=339951240 n_ghost=45729117 compute_avg_ms=5.065694 compute_min_ms=5.060608 compute_max_ms=5.070848 compute_var_ms=0.000006046 compute_gflops=134.217046 eff_bw_gbs=666.265087 pct_peak_bw=71.4019 comm_avg_ms=29.992189 comm_min_ms=29.743452 comm_max_ms=30.183634 comm_var_ms=0.010411426 total_avg_ms=35.057883 total_min_ms=34.806108 total_max_ms=35.249362 total_var_ms=0.010569970 effective_gflops=19.393712
RESULT comm=ghost_nccl kernel=cusparse matrix=webbase-2001.mtx P=3 rank=1 nrows_local=39380718 ncols_global=118142155 nnz_local=339938692 n_ghost=45666430 compute_avg_ms=5.070746 compute_min_ms=5.058560 compute_max_ms=5.276672 compute_var_ms=0.001468937 compute_gflops=134.078384 eff_bw_gbs=665.532076 pct_peak_bw=71.3233 comm_avg_ms=29.613803 comm_min_ms=29.394951 comm_max_ms=29.806913 comm_var_ms=0.008539974 total_avg_ms=34.684549 total_min_ms=34.461703 total_max_ms=34.901562 total_var_ms=0.010078919 effective_gflops=19.601736
RESULT comm=ghost_nccl kernel=cusparse matrix=webbase-2001.mtx P=3 rank=2 nrows_local=39380718 ncols_global=118142155 nnz_local=340013258 n_ghost=45709820 compute_avg_ms=5.065592 compute_min_ms=5.061632 compute_max_ms=5.069824 compute_var_ms=0.000003616 compute_gflops=134.244246 eff_bw_gbs=666.361262 pct_peak_bw=71.4122 comm_avg_ms=30.251904 comm_min_ms=30.007016 comm_max_ms=30.435979 comm_var_ms=0.009813018 total_avg_ms=35.317495 total_min_ms=35.070696 total_max_ms=35.501707 total_var_ms=0.009835572 effective_gflops=19.254664
[ERROR CHECKING] OK!

--- P=4 rep=1/1 driver=spmv_ghost_nccl_cusparse ---
Loaded ../big_matrices/webbase-2001.mtx: 118142155 x 118142155, 1019903190 nnz
RESULT comm=ghost_nccl kernel=cusparse matrix=webbase-2001.mtx P=4 rank=0 nrows_local=29535539 ncols_global=118142155 nnz_local=255033794 n_ghost=43621823 compute_avg_ms=3.887753 compute_min_ms=3.885056 compute_max_ms=3.892224 compute_var_ms=0.000003879 compute_gflops=131.198573 eff_bw_gbs=660.840439 pct_peak_bw=70.8205 comm_avg_ms=29.051514 comm_min_ms=28.900427 comm_max_ms=29.324183 comm_var_ms=0.010874822 total_avg_ms=32.939266 total_min_ms=32.785483 total_max_ms=33.209239 total_var_ms=0.010882050 effective_gflops=15.485093
RESULT comm=ghost_nccl kernel=cusparse matrix=webbase-2001.mtx P=4 rank=1 nrows_local=29535539 ncols_global=118142155 nnz_local=255024752 n_ghost=43625530 compute_avg_ms=3.888606 compute_min_ms=3.884032 compute_max_ms=3.892224 compute_var_ms=0.000004036 compute_gflops=131.165131 eff_bw_gbs=660.680631 pct_peak_bw=70.8034 comm_avg_ms=30.878736 comm_min_ms=30.733388 comm_max_ms=31.048745 comm_var_ms=0.006775258 total_avg_ms=34.767342 total_min_ms=34.617420 total_max_ms=34.935849 total_var_ms=0.006737225 effective_gflops=14.670362
RESULT comm=ghost_nccl kernel=cusparse matrix=webbase-2001.mtx P=4 rank=2 nrows_local=29535539 ncols_global=118142155 nnz_local=255012352 n_ghost=43602863 compute_avg_ms=3.886455 compute_min_ms=3.883008 compute_max_ms=3.889152 compute_var_ms=0.000002131 compute_gflops=131.231325 eff_bw_gbs=660.997339 pct_peak_bw=70.8373 comm_avg_ms=31.762297 comm_min_ms=31.592823 comm_max_ms=31.879869 comm_var_ms=0.004709368 total_avg_ms=35.648752 total_min_ms=35.478903 total_max_ms=35.766973 total_var_ms=0.004770850 effective_gflops=14.306944
RESULT comm=ghost_nccl kernel=cusparse matrix=webbase-2001.mtx P=4 rank=3 nrows_local=29535538 ncols_global=118142155 nnz_local=254832292 n_ghost=43561138 compute_avg_ms=3.884715 compute_min_ms=3.878912 compute_max_ms=3.890176 compute_var_ms=0.000004218 compute_gflops=131.197430 eff_bw_gbs=660.879770 pct_peak_bw=70.8247 comm_avg_ms=31.270248 comm_min_ms=31.092471 comm_max_ms=31.396591 comm_var_ms=0.005096289 total_avg_ms=35.154962 total_min_ms=34.977527 total_max_ms=35.281647 total_var_ms=0.005064031 effective_gflops=14.497657
[ERROR CHECKING] OK!

=== Job done ===
