=== D2_final strong scaling (large matrix, full P sweep, single driver) ===
Node:     edu01
Date:     Wed Jul 22 01:12:59 AM CEST 2026
Matrix:   ../big_matrices/webbase-2001.mtx
Reps:     1
Driver:   spmv_ghost_nccl_acc

--- P=1 rep=1/1 driver=spmv_ghost_nccl_acc ---
Loaded ../big_matrices/webbase-2001.mtx: 118142155 x 118142155, 1019903190 nnz
[kernel] acc -> FLAT (nnz=1019903190, avg_nnz=8.63, imbalance=444.93)
RESULT comm=ghost_nccl kernel=acc matrix=webbase-2001.mtx P=1 rank=0 nrows_local=118142155 ncols_global=118142155 nnz_local=1019903190 n_ghost=0 compute_avg_ms=14.191343 compute_min_ms=14.156800 compute_max_ms=14.218240 compute_var_ms=0.000233547 compute_gflops=143.735966 eff_bw_gbs=675.123944 pct_peak_bw=72.3512 comm_avg_ms=0.001004 comm_min_ms=0.000909 comm_max_ms=0.001458 comm_var_ms=0.000000011 total_avg_ms=14.192347 total_min_ms=14.157894 total_max_ms=14.219182 total_var_ms=0.000232353 effective_gflops=143.725798
[ERROR CHECKING] OK!

--- P=2 rep=1/1 driver=spmv_ghost_nccl_acc ---
Loaded ../big_matrices/webbase-2001.mtx: 118142155 x 118142155, 1019903190 nnz
[kernel] acc -> FLAT (nnz=510046146, avg_nnz=8.63, imbalance=444.85)
[kernel] acc -> FLAT (nnz=509857044, avg_nnz=8.63, imbalance=347.81)
RESULT comm=ghost_nccl kernel=acc matrix=webbase-2001.mtx P=2 rank=0 nrows_local=59071078 ncols_global=118142155 nnz_local=510046146 n_ghost=42536627 compute_avg_ms=7.386249 compute_min_ms=7.374848 compute_max_ms=7.400448 compute_var_ms=0.000033815 compute_gflops=138.106954 eff_bw_gbs=671.702414 pct_peak_bw=71.9846 comm_avg_ms=23.393191 comm_min_ms=23.321747 comm_max_ms=23.469645 comm_var_ms=0.001434657 total_avg_ms=30.779440 total_min_ms=30.707043 total_max_ms=30.858829 total_var_ms=0.001492516 effective_gflops=33.142003
RESULT comm=ghost_nccl kernel=acc matrix=webbase-2001.mtx P=2 rank=1 nrows_local=59071077 ncols_global=118142155 nnz_local=509857044 n_ghost=42525270 compute_avg_ms=7.389252 compute_min_ms=7.377920 compute_max_ms=7.402496 compute_var_ms=0.000051026 compute_gflops=137.999631 eff_bw_gbs=671.218388 pct_peak_bw=71.9327 comm_avg_ms=23.389770 comm_min_ms=23.303797 comm_max_ms=23.465730 comm_var_ms=0.001429539 total_avg_ms=30.779022 total_min_ms=30.705269 total_max_ms=30.846017 total_var_ms=0.001399465 effective_gflops=33.130165
[ERROR CHECKING] Mismatch at index 83885986: CPU = 17.598265, GPU = 17.103889
[ERROR CHECKING] Total mismatches: 1

--- P=3 rep=1/1 driver=spmv_ghost_nccl_acc ---
Loaded ../big_matrices/webbase-2001.mtx: 118142155 x 118142155, 1019903190 nnz
[kernel] acc -> FLAT (nnz=339938692, avg_nnz=8.63, imbalance=347.66)
[kernel] acc -> FLAT (nnz=339951240, avg_nnz=8.63, imbalance=444.95)
[kernel] acc -> FLAT (nnz=340013258, avg_nnz=8.63, imbalance=433.17)
RESULT comm=ghost_nccl kernel=acc matrix=webbase-2001.mtx P=3 rank=1 nrows_local=39380718 ncols_global=118142155 nnz_local=339938692 n_ghost=45666430 compute_avg_ms=5.043337 compute_min_ms=5.028864 compute_max_ms=5.186560 compute_var_ms=0.000734754 compute_gflops=134.807062 eff_bw_gbs=669.412348 pct_peak_bw=71.7391 comm_avg_ms=29.241874 comm_min_ms=29.112387 comm_max_ms=29.410803 comm_var_ms=0.004752330 total_avg_ms=34.285210 total_min_ms=34.146797 total_max_ms=34.473720 total_var_ms=0.005852237 effective_gflops=19.830049
RESULT comm=ghost_nccl kernel=acc matrix=webbase-2001.mtx P=3 rank=0 nrows_local=39380719 ncols_global=118142155 nnz_local=339951240 n_ghost=45729117 compute_avg_ms=5.040742 compute_min_ms=5.030912 compute_max_ms=5.053440 compute_var_ms=0.000027304 compute_gflops=134.881417 eff_bw_gbs=669.826519 pct_peak_bw=71.7835 comm_avg_ms=29.700063 comm_min_ms=29.519738 comm_max_ms=29.862214 comm_var_ms=0.008180814 total_avg_ms=34.740805 total_min_ms=34.573178 total_max_ms=34.903366 total_var_ms=0.008114728 effective_gflops=19.570717
RESULT comm=ghost_nccl kernel=acc matrix=webbase-2001.mtx P=3 rank=2 nrows_local=39380718 ncols_global=118142155 nnz_local=340013258 n_ghost=45709820 compute_avg_ms=5.047774 compute_min_ms=5.035008 compute_max_ms=5.186560 compute_var_ms=0.000689177 compute_gflops=134.718103 eff_bw_gbs=668.976516 pct_peak_bw=71.6924 comm_avg_ms=29.977646 comm_min_ms=29.808939 comm_max_ms=30.125798 comm_var_ms=0.006945557 total_avg_ms=35.025420 total_min_ms=34.859307 total_max_ms=35.170022 total_var_ms=0.006463613 effective_gflops=19.415228
[ERROR CHECKING] Mismatch at index 107245513: CPU = 26.026405, GPU = 21.040329
[ERROR CHECKING] Mismatch at index 110689232: CPU = -24.581062, GPU = -7.002833
[ERROR CHECKING] Total mismatches: 2

--- P=4 rep=1/1 driver=spmv_ghost_nccl_acc ---
Loaded ../big_matrices/webbase-2001.mtx: 118142155 x 118142155, 1019903190 nnz
[kernel] acc -> FLAT (nnz=255024752, avg_nnz=8.63, imbalance=347.56)
[kernel] acc -> FLAT (nnz=255012352, avg_nnz=8.63, imbalance=444.86)
[kernel] acc -> FLAT (nnz=254832292, avg_nnz=8.63, imbalance=347.94)
[kernel] acc -> FLAT (nnz=255033794, avg_nnz=8.63, imbalance=433.13)
RESULT comm=ghost_nccl kernel=acc matrix=webbase-2001.mtx P=4 rank=0 nrows_local=29535539 ncols_global=118142155 nnz_local=255033794 n_ghost=43621823 compute_avg_ms=3.843277 compute_min_ms=3.833856 compute_max_ms=3.852288 compute_var_ms=0.000022468 compute_gflops=132.716851 eff_bw_gbs=668.747142 pct_peak_bw=71.6679 comm_avg_ms=29.475990 comm_min_ms=29.184603 comm_max_ms=29.659402 comm_var_ms=0.012504029 total_avg_ms=33.319267 total_min_ms=33.036891 total_max_ms=33.502474 total_var_ms=0.012389144 effective_gflops=15.308488
RESULT comm=ghost_nccl kernel=acc matrix=webbase-2001.mtx P=4 rank=1 nrows_local=29535539 ncols_global=118142155 nnz_local=255024752 n_ghost=43625530 compute_avg_ms=3.848260 compute_min_ms=3.836928 compute_max_ms=3.931136 compute_var_ms=0.000251024 compute_gflops=132.540284 eff_bw_gbs=667.866166 pct_peak_bw=71.5734 comm_avg_ms=31.342933 comm_min_ms=31.146625 comm_max_ms=31.554943 comm_var_ms=0.007790615 total_avg_ms=35.191193 total_min_ms=34.989697 total_max_ms=35.401087 total_var_ms=0.007737895 effective_gflops=14.493669
RESULT comm=ghost_nccl kernel=acc matrix=webbase-2001.mtx P=4 rank=2 nrows_local=29535539 ncols_global=118142155 nnz_local=255012352 n_ghost=43602863 compute_avg_ms=3.843652 compute_min_ms=3.832832 compute_max_ms=3.855360 compute_var_ms=0.000024165 compute_gflops=132.692730 eff_bw_gbs=668.617434 pct_peak_bw=71.6540 comm_avg_ms=32.237097 comm_min_ms=32.043894 comm_max_ms=32.410466 comm_var_ms=0.006554295 total_avg_ms=36.080749 total_min_ms=35.887990 total_max_ms=36.256610 total_var_ms=0.006420365 effective_gflops=14.135646
RESULT comm=ghost_nccl kernel=acc matrix=webbase-2001.mtx P=4 rank=3 nrows_local=29535538 ncols_global=118142155 nnz_local=254832292 n_ghost=43561138 compute_avg_ms=3.838908 compute_min_ms=3.831808 compute_max_ms=3.846144 compute_var_ms=0.000010062 compute_gflops=132.762918 eff_bw_gbs=669.024894 pct_peak_bw=71.6976 comm_avg_ms=31.718301 comm_min_ms=31.527355 comm_max_ms=31.902981 comm_var_ms=0.006878557 total_avg_ms=35.557208 total_min_ms=35.359163 total_max_ms=35.735813 total_var_ms=0.006895910 effective_gflops=14.333650
[ERROR CHECKING] OK!

=== Job done ===
