=== D2_final strong scaling (large matrix, full P sweep, single driver) ===
Node:     edu01
Date:     Fri Jul 24 10:23:13 PM CEST 2026
Matrix:   ../big_matrices/mycielskian19.mtx
Reps:     1
Driver:   spmv_ghost_cusparse

--- P=1 rep=1/1 driver=spmv_ghost_cusparse ---
Loaded ../big_matrices/mycielskian19.mtx: 393215 x 393215, 903194710 nnz
RESULT comm=ghost_mpi kernel=cusparse matrix=mycielskian19.mtx P=1 rank=0 nrows_local=393215 ncols_global=393215 nnz_local=903194710 n_ghost=0 compute_avg_ms=9.460360 compute_min_ms=9.454592 compute_max_ms=9.467904 compute_var_ms=0.000009821 compute_gflops=190.942981 eff_bw_gbs=764.270697 pct_peak_bw=81.9049 comm_avg_ms=0.000644 comm_min_ms=0.000498 comm_max_ms=0.003048 comm_var_ms=0.000000202 total_avg_ms=9.461004 total_min_ms=9.455154 total_max_ms=9.468462 total_var_ms=0.000009514 effective_gflops=190.929992
[ERROR CHECKING] OK!

--- P=2 rep=1/1 driver=spmv_ghost_cusparse ---
Loaded ../big_matrices/mycielskian19.mtx: 393215 x 393215, 903194710 nnz
RESULT comm=ghost_mpi kernel=cusparse matrix=mycielskian19.mtx P=2 rank=0 nrows_local=196608 ncols_global=393215 nnz_local=451793945 n_ghost=196607 compute_avg_ms=5.632410 compute_min_ms=5.082112 compute_max_ms=5.655552 compute_var_ms=0.010454490 compute_gflops=160.426524 eff_bw_gbs=642.264599 pct_peak_bw=68.8298 comm_avg_ms=0.156644 comm_min_ms=0.073731 comm_max_ms=0.274811 comm_var_ms=0.002732685 total_avg_ms=5.789053 total_min_ms=5.232896 total_max_ms=5.926267 total_var_ms=0.013409874 effective_gflops=156.085607
RESULT comm=ghost_mpi kernel=cusparse matrix=mycielskian19.mtx P=2 rank=1 nrows_local=196607 ncols_global=393215 nnz_local=451400765 n_ghost=196608 compute_avg_ms=4.950323 compute_min_ms=4.886528 compute_max_ms=5.369856 compute_var_ms=0.012295758 compute_gflops=182.372242 eff_bw_gbs=730.124424 pct_peak_bw=78.2455 comm_avg_ms=0.156490 comm_min_ms=0.073318 comm_max_ms=0.274208 comm_var_ms=0.002723556 total_avg_ms=5.106813 total_min_ms=4.962821 total_max_ms=5.574707 total_var_ms=0.014173501 effective_gflops=176.783731
[ERROR CHECKING] OK!

--- P=3 rep=1/1 driver=spmv_ghost_cusparse ---
Loaded ../big_matrices/mycielskian19.mtx: 393215 x 393215, 903194710 nnz
RESULT comm=ghost_mpi kernel=cusparse matrix=mycielskian19.mtx P=3 rank=0 nrows_local=131072 ncols_global=393215 nnz_local=301182852 n_ghost=262142 compute_avg_ms=4.380604 compute_min_ms=3.358720 compute_max_ms=4.970496 compute_var_ms=0.562457974 compute_gflops=137.507462 eff_bw_gbs=550.628268 pct_peak_bw=59.0094 comm_avg_ms=0.700765 comm_min_ms=0.477811 comm_max_ms=0.863959 comm_var_ms=0.010436490 total_avg_ms=5.081369 total_min_ms=3.936284 total_max_ms=5.779551 total_var_ms=0.524710829 effective_gflops=118.543984
RESULT comm=ghost_mpi kernel=cusparse matrix=mycielskian19.mtx P=3 rank=1 nrows_local=131072 ncols_global=393215 nnz_local=301209098 n_ghost=262143 compute_avg_ms=3.735927 compute_min_ms=3.329024 compute_max_ms=3.790848 compute_var_ms=0.017155011 compute_gflops=161.249972 eff_bw_gbs=645.701570 pct_peak_bw=69.1981 comm_avg_ms=0.635166 comm_min_ms=0.434281 comm_max_ms=0.783891 comm_var_ms=0.008071597 total_avg_ms=4.371094 total_min_ms=4.023191 total_max_ms=4.554406 total_var_ms=0.014572459 effective_gflops=137.818639
RESULT comm=ghost_mpi kernel=cusparse matrix=mycielskian19.mtx P=3 rank=2 nrows_local=131071 ncols_global=393215 nnz_local=300802760 n_ghost=262143 compute_avg_ms=4.005716 compute_min_ms=3.365888 compute_max_ms=4.987904 compute_var_ms=0.583208343 compute_gflops=150.186754 eff_bw_gbs=601.401436 pct_peak_bw=64.4506 comm_avg_ms=0.700847 comm_min_ms=0.478050 comm_max_ms=0.863960 comm_var_ms=0.010433924 total_avg_ms=4.706564 total_min_ms=3.872800 total_max_ms=5.802080 total_var_ms=0.594316406 effective_gflops=127.822665
[ERROR CHECKING] OK!

--- P=4 rep=1/1 driver=spmv_ghost_cusparse ---
Loaded ../big_matrices/mycielskian19.mtx: 393215 x 393215, 903194710 nnz
RESULT comm=ghost_mpi kernel=cusparse matrix=mycielskian19.mtx P=4 rank=0 nrows_local=98304 ncols_global=393215 nnz_local=225462208 n_ghost=294894 compute_avg_ms=3.376947 compute_min_ms=3.084288 compute_max_ms=3.880960 compute_var_ms=0.145824541 compute_gflops=133.530197 eff_bw_gbs=534.819417 pct_peak_bw=57.3152 comm_avg_ms=1.094853 comm_min_ms=0.506387 comm_max_ms=1.604465 comm_var_ms=0.064071941 total_avg_ms=4.471801 total_min_ms=3.593747 total_max_ms=5.483377 total_var_ms=0.274732572 effective_gflops=100.837326
RESULT comm=ghost_mpi kernel=cusparse matrix=mycielskian19.mtx P=4 rank=1 nrows_local=98304 ncols_global=393215 nnz_local=225349942 n_ghost=294909 compute_avg_ms=3.674863 compute_min_ms=2.579456 compute_max_ms=3.908608 compute_var_ms=0.241074960 compute_gflops=122.644000 eff_bw_gbs=491.218008 pct_peak_bw=52.6425 comm_avg_ms=1.358083 comm_min_ms=0.850910 comm_max_ms=1.704047 comm_var_ms=0.067490580 total_avg_ms=5.032946 total_min_ms=3.432414 total_max_ms=5.608559 total_var_ms=0.462114511 effective_gflops=89.549922
RESULT comm=ghost_mpi kernel=cusparse matrix=mycielskian19.mtx P=4 rank=2 nrows_local=98304 ncols_global=393215 nnz_local=226331737 n_ghost=294911 compute_avg_ms=3.857647 compute_min_ms=3.854336 compute_max_ms=3.861504 compute_var_ms=0.000002634 compute_gflops=117.341860 eff_bw_gbs=469.979031 pct_peak_bw=50.3664 comm_avg_ms=1.471006 comm_min_ms=0.924742 comm_max_ms=1.726794 comm_var_ms=0.031444092 total_avg_ms=5.328653 total_min_ms=4.782150 total_max_ms=5.583178 total_var_ms=0.031467522 effective_gflops=84.948955
RESULT comm=ghost_mpi kernel=cusparse matrix=mycielskian19.mtx P=4 rank=3 nrows_local=98303 ncols_global=393215 nnz_local=226050823 n_ghost=294909 compute_avg_ms=3.343360 compute_min_ms=3.241984 compute_max_ms=3.734528 compute_var_ms=0.037889615 compute_gflops=135.223743 eff_bw_gbs=541.600632 pct_peak_bw=58.0419 comm_avg_ms=1.455094 comm_min_ms=0.891993 comm_max_ms=1.726201 comm_var_ms=0.030970317 total_avg_ms=4.798454 total_min_ms=4.138073 total_max_ms=5.350787 total_var_ms=0.087546107 effective_gflops=94.218187
[ERROR CHECKING] OK!

=== Job done ===
