=== D2_final strong scaling (large matrix, full P sweep, single driver) ===
Node:     edu01
Date:     Wed Jul 22 02:31:31 AM CEST 2026
Matrix:   ../big_matrices/kmer_V1r.mtx
Reps:     1
Driver:   spmv_bcast

--- P=1 rep=1/1 driver=spmv_bcast ---
Loaded ../big_matrices/kmer_V1r.mtx: 214005017 x 214005017, 465410904 nnz
RESULT comm=bcast kernel=cusparse matrix=kmer_V1r.mtx P=1 rank=0 nrows_local=214005017 ncols_global=214005017 nnz_local=465410904 n_ghost=-1 compute_avg_ms=14.959002 compute_min_ms=14.951424 compute_max_ms=14.965760 compute_var_ms=0.000015072 compute_gflops=62.224862 eff_bw_gbs=420.572682 pct_peak_bw=45.0717 comm_avg_ms=73.713269 comm_min_ms=73.623480 comm_max_ms=74.049641 comm_var_ms=0.006243189 total_avg_ms=88.672271 total_min_ms=88.584120 total_max_ms=89.011305 total_var_ms=0.006236224 effective_gflops=10.497327
[ERROR CHECKING] OK!

--- P=2 rep=1/1 driver=spmv_bcast ---
Loaded ../big_matrices/kmer_V1r.mtx: 214005017 x 214005017, 465410904 nnz
RESULT comm=bcast kernel=cusparse matrix=kmer_V1r.mtx P=2 rank=0 nrows_local=107002509 ncols_global=214005017 nnz_local=232709697 n_ghost=-1 compute_avg_ms=10.544674 compute_min_ms=10.537984 compute_max_ms=10.550272 compute_var_ms=0.000008440 compute_gflops=44.137864 eff_bw_gbs=338.912104 pct_peak_bw=36.3203 comm_avg_ms=201.972688 comm_min_ms=201.732750 comm_max_ms=202.962140 comm_var_ms=0.113263435 total_avg_ms=212.517363 total_min_ms=212.276878 total_max_ms=213.502172 total_var_ms=0.113013560 effective_gflops=2.190030
RESULT comm=bcast kernel=cusparse matrix=kmer_V1r.mtx P=2 rank=1 nrows_local=107002508 ncols_global=214005017 nnz_local=232701207 n_ghost=-1 compute_avg_ms=10.562253 compute_min_ms=10.556416 compute_max_ms=10.570752 compute_var_ms=0.000012664 compute_gflops=44.062798 eff_bw_gbs=338.341627 pct_peak_bw=36.2592 comm_avg_ms=204.496676 comm_min_ms=203.420420 comm_max_ms=208.415394 comm_var_ms=3.521136151 total_avg_ms=215.058929 total_min_ms=213.979908 total_max_ms=218.974882 total_var_ms=3.520570857 effective_gflops=2.164069
[ERROR CHECKING] OK!

--- P=3 rep=1/1 driver=spmv_bcast ---
Loaded ../big_matrices/kmer_V1r.mtx: 214005017 x 214005017, 465410904 nnz
RESULT comm=bcast kernel=cusparse matrix=kmer_V1r.mtx P=3 rank=0 nrows_local=71335006 ncols_global=214005017 nnz_local=155137572 n_ghost=-1 compute_avg_ms=8.411204 compute_min_ms=8.403968 compute_max_ms=8.418304 compute_var_ms=0.000012788 compute_gflops=36.888314 eff_bw_gbs=317.172260 pct_peak_bw=33.9905 comm_avg_ms=357.697695 comm_min_ms=350.893918 comm_max_ms=363.576706 comm_var_ms=12.312320270 total_avg_ms=366.108899 total_min_ms=359.308126 total_max_ms=371.986818 total_var_ms=12.309324616 effective_gflops=0.847494
RESULT comm=bcast kernel=cusparse matrix=kmer_V1r.mtx P=3 rank=1 nrows_local=71335006 ncols_global=214005017 nnz_local=155137944 n_ghost=-1 compute_avg_ms=8.418065 compute_min_ms=8.412160 compute_max_ms=8.424448 compute_var_ms=0.000008297 compute_gflops=36.858338 eff_bw_gbs=316.914116 pct_peak_bw=33.9628 comm_avg_ms=301.508721 comm_min_ms=294.905092 comm_max_ms=307.268095 comm_var_ms=12.156171938 total_avg_ms=309.926786 total_min_ms=303.323396 total_max_ms=315.686399 total_var_ms=12.162132020 effective_gflops=1.001126
RESULT comm=bcast kernel=cusparse matrix=kmer_V1r.mtx P=3 rank=2 nrows_local=71335005 ncols_global=214005017 nnz_local=155135388 n_ghost=-1 compute_avg_ms=8.400964 compute_min_ms=8.395776 compute_max_ms=8.404992 compute_var_ms=0.000005378 compute_gflops=36.932758 eff_bw_gbs=317.556788 pct_peak_bw=34.0317 comm_avg_ms=357.785771 comm_min_ms=351.080321 comm_max_ms=363.614665 comm_var_ms=12.279430008 total_avg_ms=366.186735 total_min_ms=359.482241 total_max_ms=372.012489 total_var_ms=12.274984438 effective_gflops=0.847302
[ERROR CHECKING] OK!

--- P=4 rep=1/1 driver=spmv_bcast ---
Loaded ../big_matrices/kmer_V1r.mtx: 214005017 x 214005017, 465410904 nnz
RESULT comm=bcast kernel=cusparse matrix=kmer_V1r.mtx P=4 rank=0 nrows_local=53501255 ncols_global=214005017 nnz_local=116359721 n_ghost=-1 compute_avg_ms=7.109325 compute_min_ms=7.104512 compute_max_ms=7.114752 compute_var_ms=0.000007350 compute_gflops=32.734395 eff_bw_gbs=311.549684 pct_peak_bw=33.3880 comm_avg_ms=352.785102 comm_min_ms=352.188681 comm_max_ms=353.613614 comm_var_ms=0.073791492 total_avg_ms=359.894427 total_min_ms=359.299337 total_max_ms=360.721198 total_var_ms=0.073848360 effective_gflops=0.646633
RESULT comm=bcast kernel=cusparse matrix=kmer_V1r.mtx P=4 rank=1 nrows_local=53501254 ncols_global=214005017 nnz_local=116350696 n_ghost=-1 compute_avg_ms=7.113796 compute_min_ms=7.108608 compute_max_ms=7.118848 compute_var_ms=0.000006636 compute_gflops=32.711282 eff_bw_gbs=311.343706 pct_peak_bw=33.3659 comm_avg_ms=491.120013 comm_min_ms=486.599337 comm_max_ms=491.676710 comm_var_ms=0.755357690 total_avg_ms=498.233810 total_min_ms=493.707945 total_max_ms=498.790438 total_var_ms=0.757060291 effective_gflops=0.467053
RESULT comm=bcast kernel=cusparse matrix=kmer_V1r.mtx P=4 rank=2 nrows_local=53501254 ncols_global=214005017 nnz_local=116349976 n_ghost=-1 compute_avg_ms=7.103795 compute_min_ms=7.099392 compute_max_ms=7.112704 compute_var_ms=0.000007980 compute_gflops=32.757131 eff_bw_gbs=311.781215 pct_peak_bw=33.4128 comm_avg_ms=543.433652 comm_min_ms=542.697359 comm_max_ms=556.375286 comm_var_ms=5.806092973 total_avg_ms=550.537447 total_min_ms=549.796751 total_max_ms=563.479798 total_var_ms=5.806739560 effective_gflops=0.422678
RESULT comm=bcast kernel=cusparse matrix=kmer_V1r.mtx P=4 rank=3 nrows_local=53501254 ncols_global=214005017 nnz_local=116350511 n_ghost=-1 compute_avg_ms=7.112670 compute_min_ms=7.107584 compute_max_ms=7.119872 compute_var_ms=0.000007863 compute_gflops=32.716410 eff_bw_gbs=311.392805 pct_peak_bw=33.3711 comm_avg_ms=552.858283 comm_min_ms=551.236470 comm_max_ms=589.461586 comm_var_ms=46.249588778 total_avg_ms=559.970952 total_min_ms=558.351222 total_max_ms=596.575314 total_var_ms=46.251859895 effective_gflops=0.415559
[ERROR CHECKING] OK!

=== Job done ===
