=== D2_final strong scaling (large matrix, full P sweep, single driver) ===
Node:     edu01
Date:     Sat Jul 25 01:12:45 AM CEST 2026
Matrix:   ../big_matrices/kmer_V1r.mtx
Reps:     1
Driver:   spmv_ghost_acc

--- P=1 rep=1/1 driver=spmv_ghost_acc ---
Loaded ../big_matrices/kmer_V1r.mtx: 214005017 x 214005017, 465410904 nnz
[kernel] acc -> LINE-ENHANCE (nnz=465410904, avg_nnz=2.17, imbalance=3.68, V=1)
RESULT comm=ghost_mpi kernel=acc matrix=kmer_V1r.mtx P=1 rank=0 nrows_local=214005017 ncols_global=214005017 nnz_local=465410904 n_ghost=0 compute_avg_ms=14.693820 compute_min_ms=14.687232 compute_max_ms=14.704640 compute_var_ms=0.000017874 compute_gflops=63.347845 eff_bw_gbs=428.162831 pct_peak_bw=45.8851 comm_avg_ms=0.000616 comm_min_ms=0.000562 comm_max_ms=0.000857 comm_var_ms=0.000000003 total_avg_ms=14.694436 total_min_ms=14.687802 total_max_ms=14.705208 total_var_ms=0.000017750 effective_gflops=63.345189
[ERROR CHECKING] OK!

--- P=2 rep=1/1 driver=spmv_ghost_acc ---
Loaded ../big_matrices/kmer_V1r.mtx: 214005017 x 214005017, 465410904 nnz
[kernel] acc -> LINE-ENHANCE (nnz=232701207, avg_nnz=2.17, imbalance=3.68, V=1)
[kernel] acc -> LINE-ENHANCE (nnz=232709697, avg_nnz=2.17, imbalance=3.68, V=1)
RESULT comm=ghost_mpi kernel=acc matrix=kmer_V1r.mtx P=2 rank=1 nrows_local=107002508 ncols_global=214005017 nnz_local=232701207 n_ghost=82607877 compute_avg_ms=9.167223 compute_min_ms=9.158656 compute_max_ms=9.176064 compute_var_ms=0.000015063 compute_gflops=50.768089 eff_bw_gbs=379.184744 pct_peak_bw=40.6362 comm_avg_ms=180.023394 comm_min_ms=175.319865 comm_max_ms=183.650622 comm_var_ms=4.046711328 total_avg_ms=189.190618 total_min_ms=184.484665 total_max_ms=192.811326 total_var_ms=4.045364351 effective_gflops=2.459966
RESULT comm=ghost_mpi kernel=acc matrix=kmer_V1r.mtx P=2 rank=0 nrows_local=107002509 ncols_global=214005017 nnz_local=232709697 n_ghost=82603127 compute_avg_ms=9.166507 compute_min_ms=9.159680 compute_max_ms=9.175040 compute_var_ms=0.000018199 compute_gflops=50.773911 eff_bw_gbs=379.219730 pct_peak_bw=40.6400 comm_avg_ms=180.023014 comm_min_ms=175.321004 comm_max_ms=183.650163 comm_var_ms=4.046139369 total_avg_ms=189.189521 total_min_ms=184.481708 total_max_ms=192.820083 total_var_ms=4.045304818 effective_gflops=2.460070
[ERROR CHECKING] OK!

--- P=3 rep=1/1 driver=spmv_ghost_acc ---
Loaded ../big_matrices/kmer_V1r.mtx: 214005017 x 214005017, 465410904 nnz
[kernel] acc -> LINE-ENHANCE (nnz=155137944, avg_nnz=2.17, imbalance=3.68, V=1)
[kernel] acc -> LINE-ENHANCE (nnz=155135388, avg_nnz=2.17, imbalance=3.68, V=1)
[kernel] acc -> LINE-ENHANCE (nnz=155137572, avg_nnz=2.17, imbalance=3.68, V=1)
RESULT comm=ghost_mpi kernel=acc matrix=kmer_V1r.mtx P=3 rank=0 nrows_local=71335006 ncols_global=214005017 nnz_local=155137572 n_ghost=83069167 compute_avg_ms=6.630878 compute_min_ms=6.623232 compute_max_ms=6.636544 compute_var_ms=0.000009908 compute_gflops=46.792468 eff_bw_gbs=366.376420 pct_peak_bw=39.2636 comm_avg_ms=316.327572 comm_min_ms=310.171551 comm_max_ms=322.942196 comm_var_ms=17.052380036 total_avg_ms=322.958450 total_min_ms=316.805023 total_max_ms=329.572596 total_var_ms=17.050877748 effective_gflops=0.960728
RESULT comm=ghost_mpi kernel=acc matrix=kmer_V1r.mtx P=3 rank=2 nrows_local=71335005 ncols_global=214005017 nnz_local=155135388 n_ghost=83066277 compute_avg_ms=6.633335 compute_min_ms=6.625280 compute_max_ms=6.641664 compute_var_ms=0.000018366 compute_gflops=46.774474 eff_bw_gbs=366.236304 pct_peak_bw=39.2486 comm_avg_ms=316.327513 comm_min_ms=310.171643 comm_max_ms=322.942123 comm_var_ms=17.050964762 total_avg_ms=322.960849 total_min_ms=316.809211 total_max_ms=329.582763 total_var_ms=17.053924137 effective_gflops=0.960707
RESULT comm=ghost_mpi kernel=acc matrix=kmer_V1r.mtx P=3 rank=1 nrows_local=71335006 ncols_global=214005017 nnz_local=155137944 n_ghost=83061838 compute_avg_ms=6.633233 compute_min_ms=6.626304 compute_max_ms=6.638592 compute_var_ms=0.000010603 compute_gflops=46.775966 eff_bw_gbs=366.242365 pct_peak_bw=39.2492 comm_avg_ms=268.103367 comm_min_ms=262.304861 comm_max_ms=274.555153 comm_var_ms=16.636697358 total_avg_ms=274.736600 total_min_ms=268.942429 total_max_ms=281.186577 total_var_ms=16.628787387 effective_gflops=1.129358
[ERROR CHECKING] OK!

--- P=4 rep=1/1 driver=spmv_ghost_acc ---
Loaded ../big_matrices/kmer_V1r.mtx: 214005017 x 214005017, 465410904 nnz
[kernel] acc -> LINE-ENHANCE (nnz=116350696, avg_nnz=2.17, imbalance=3.68, V=1)
[kernel] acc -> LINE-ENHANCE (nnz=116349976, avg_nnz=2.17, imbalance=3.68, V=1)
[kernel] acc -> LINE-ENHANCE (nnz=116350511, avg_nnz=2.17, imbalance=3.68, V=1)
[kernel] acc -> LINE-ENHANCE (nnz=116359721, avg_nnz=2.17, imbalance=3.68, V=1)
RESULT comm=ghost_mpi kernel=acc matrix=kmer_V1r.mtx P=4 rank=0 nrows_local=53501255 ncols_global=214005017 nnz_local=116359721 n_ghost=74271176 compute_avg_ms=5.143176 compute_min_ms=5.136384 compute_max_ms=5.148672 compute_var_ms=0.000006954 compute_gflops=45.248193 eff_bw_gbs=363.584167 pct_peak_bw=38.9644 comm_avg_ms=299.329881 comm_min_ms=214.287532 comm_max_ms=394.581458 comm_var_ms=4741.030442767 total_avg_ms=304.473057 total_min_ms=219.430060 total_max_ms=399.726034 total_var_ms=4741.122942640 effective_gflops=0.764335
RESULT comm=ghost_mpi kernel=acc matrix=kmer_V1r.mtx P=4 rank=1 nrows_local=53501254 ncols_global=214005017 nnz_local=116350696 n_ghost=74271918 compute_avg_ms=5.143245 compute_min_ms=5.138432 compute_max_ms=5.147648 compute_var_ms=0.000007490 compute_gflops=45.244083 eff_bw_gbs=363.565877 pct_peak_bw=38.9624 comm_avg_ms=329.006780 comm_min_ms=239.079820 comm_max_ms=420.914677 comm_var_ms=4628.721102919 total_avg_ms=334.150025 total_min_ms=244.223372 total_max_ms=426.053109 total_var_ms=4628.604238799 effective_gflops=0.696398
RESULT comm=ghost_mpi kernel=acc matrix=kmer_V1r.mtx P=4 rank=2 nrows_local=53501254 ncols_global=214005017 nnz_local=116349976 n_ghost=74266182 compute_avg_ms=5.143347 compute_min_ms=5.135360 compute_max_ms=5.152768 compute_var_ms=0.000008976 compute_gflops=45.242902 eff_bw_gbs=363.553057 pct_peak_bw=38.9610 comm_avg_ms=381.174418 comm_min_ms=226.556390 comm_max_ms=420.913942 comm_var_ms=2040.953155468 total_avg_ms=386.317766 total_min_ms=231.699942 total_max_ms=426.058518 total_var_ms=2040.900914847 effective_gflops=0.602354
RESULT comm=ghost_mpi kernel=acc matrix=kmer_V1r.mtx P=4 rank=3 nrows_local=53501254 ncols_global=214005017 nnz_local=116350511 n_ghost=74268337 compute_avg_ms=5.140446 compute_min_ms=5.135360 compute_max_ms=5.146624 compute_var_ms=0.000007654 compute_gflops=45.268647 eff_bw_gbs=363.760766 pct_peak_bw=38.9833 comm_avg_ms=379.636147 comm_min_ms=241.234804 comm_max_ms=415.239705 comm_var_ms=1680.531767245 total_avg_ms=384.776593 total_min_ms=246.370164 total_max_ms=420.379161 total_var_ms=1680.561127650 effective_gflops=0.604769
[ERROR CHECKING] OK!

=== Job done ===
