=== D2_final intelligent-partitioning (Fennel/LDG, cuSPARSE) small-matrix check ===
Node:     edu01
Date:     Thu Jul 23 02:09:28 PM CEST 2026
Matrix:   ../matrices/parabolic_fem.mtx
Reps:     3

--- P=1 rep=1/3 driver=spmv_fennel_nccl_cusparse ---
Loaded ../matrices/parabolic_fem.mtx: 525825 x 525825, 3674625 nnz
RESULT comm=fennel_nccl kernel=cusparse matrix=parabolic_fem.mtx P=1 rank=0 nrows_local=525825 ncols_global=525825 nnz_local=3674625 n_ghost=0 compute_avg_ms=0.078746 compute_min_ms=0.077824 compute_max_ms=0.079872 compute_var_ms=0.000000164 compute_gflops=93.329028 eff_bw_gbs=453.446357 pct_peak_bw=48.5946 comm_avg_ms=0.001001 comm_min_ms=0.000957 comm_max_ms=0.001075 comm_var_ms=0.000000001 total_avg_ms=0.079747 total_min_ms=0.078793 total_max_ms=0.080875 total_var_ms=0.000000169 effective_gflops=92.157152
[ERROR CHECKING] OK!

--- P=2 rep=1/3 driver=spmv_fennel_nccl_cusparse ---
Loaded ../matrices/parabolic_fem.mtx: 525825 x 525825, 3674625 nnz
RESULT comm=fennel_nccl kernel=cusparse matrix=parabolic_fem.mtx P=2 rank=1 nrows_local=262922 ncols_global=525825 nnz_local=1837359 n_ghost=158394 compute_avg_ms=0.054545 compute_min_ms=0.053248 compute_max_ms=0.056320 compute_var_ms=0.000000415 compute_gflops=67.370309 eff_bw_gbs=338.940205 pct_peak_bw=36.3233 comm_avg_ms=0.217377 comm_min_ms=0.207381 comm_max_ms=0.369434 comm_var_ms=0.000804115 total_avg_ms=0.271922 total_min_ms=0.261653 total_max_ms=0.423706 total_var_ms=0.000801629 effective_gflops=13.513863
RESULT comm=fennel_nccl kernel=cusparse matrix=parabolic_fem.mtx P=2 rank=0 nrows_local=262903 ncols_global=525825 nnz_local=1837266 n_ghost=159095 compute_avg_ms=0.054170 compute_min_ms=0.053248 compute_max_ms=0.055296 compute_var_ms=0.000000304 compute_gflops=67.833841 eff_bw_gbs=341.323327 pct_peak_bw=36.5787 comm_avg_ms=0.215034 comm_min_ms=0.208590 comm_max_ms=0.219145 comm_var_ms=0.000006474 total_avg_ms=0.269204 total_min_ms=0.262862 total_max_ms=0.273417 total_var_ms=0.000007217 effective_gflops=13.649622
[ERROR CHECKING] OK!

--- P=3 rep=1/3 driver=spmv_fennel_nccl_cusparse ---
Loaded ../matrices/parabolic_fem.mtx: 525825 x 525825, 3674625 nnz
RESULT comm=fennel_nccl kernel=cusparse matrix=parabolic_fem.mtx P=3 rank=0 nrows_local=175289 ncols_global=525825 nnz_local=1224943 n_ghost=163204 compute_avg_ms=0.043247 compute_min_ms=0.043008 compute_max_ms=0.044032 compute_var_ms=0.000000188 compute_gflops=56.648780 eff_bw_gbs=290.328842 pct_peak_bw=31.1138 comm_avg_ms=0.143808 comm_min_ms=0.139875 comm_max_ms=0.150580 comm_var_ms=0.000006197 total_avg_ms=0.187055 total_min_ms=0.182883 total_max_ms=0.193588 total_var_ms=0.000006366 effective_gflops=13.097173
RESULT comm=fennel_nccl kernel=cusparse matrix=parabolic_fem.mtx P=3 rank=1 nrows_local=175281 ncols_global=525825 nnz_local=1224907 n_ghost=164488 compute_avg_ms=0.043520 compute_min_ms=0.043008 compute_max_ms=0.045056 compute_var_ms=0.000000402 compute_gflops=56.291682 eff_bw_gbs=288.616361 pct_peak_bw=30.9303 comm_avg_ms=0.177738 comm_min_ms=0.169776 comm_max_ms=0.204994 comm_var_ms=0.000032451 total_avg_ms=0.221258 total_min_ms=0.213808 total_max_ms=0.249026 total_var_ms=0.000032872 effective_gflops=11.072222
RESULT comm=fennel_nccl kernel=cusparse matrix=parabolic_fem.mtx P=3 rank=2 nrows_local=175255 ncols_global=525825 nnz_local=1224775 n_ghost=163043 compute_avg_ms=0.042633 compute_min_ms=0.041984 compute_max_ms=0.044032 compute_var_ms=0.000000383 compute_gflops=57.457295 eff_bw_gbs=294.456725 pct_peak_bw=31.5561 comm_avg_ms=0.179254 comm_min_ms=0.174203 comm_max_ms=0.186341 comm_var_ms=0.000009958 total_avg_ms=0.221886 total_min_ms=0.217136 total_max_ms=0.228325 total_var_ms=0.000009064 effective_gflops=11.039673
[ERROR CHECKING] OK!

--- P=4 rep=1/3 driver=spmv_fennel_nccl_cusparse ---
Loaded ../matrices/parabolic_fem.mtx: 525825 x 525825, 3674625 nnz
RESULT comm=fennel_nccl kernel=cusparse matrix=parabolic_fem.mtx P=4 rank=0 nrows_local=131448 ncols_global=525825 nnz_local=918616 n_ghost=142222 compute_avg_ms=0.038673 compute_min_ms=0.037888 compute_max_ms=0.039936 compute_var_ms=0.000000327 compute_gflops=47.506758 eff_bw_gbs=245.524780 pct_peak_bw=26.3122 comm_avg_ms=0.236892 comm_min_ms=0.160923 comm_max_ms=2.271598 comm_var_ms=0.142771979 total_avg_ms=0.275566 total_min_ms=0.198811 total_max_ms=2.310510 total_var_ms=0.142806206 effective_gflops=6.667132
RESULT comm=fennel_nccl kernel=cusparse matrix=parabolic_fem.mtx P=4 rank=1 nrows_local=131445 ncols_global=525825 nnz_local=918596 n_ghost=142221 compute_avg_ms=0.039253 compute_min_ms=0.038912 compute_max_ms=0.039936 compute_var_ms=0.000000233 compute_gflops=46.803467 eff_bw_gbs=241.890193 pct_peak_bw=25.9227 comm_avg_ms=0.238450 comm_min_ms=0.163428 comm_max_ms=2.276232 comm_var_ms=0.143196396 total_avg_ms=0.277703 total_min_ms=0.202340 total_max_ms=2.315144 total_var_ms=0.143148939 effective_gflops=6.615674
RESULT comm=fennel_nccl kernel=cusparse matrix=parabolic_fem.mtx P=4 rank=2 nrows_local=131455 ncols_global=525825 nnz_local=918657 n_ghost=142505 compute_avg_ms=0.038775 compute_min_ms=0.037888 compute_max_ms=0.039936 compute_var_ms=0.000000401 compute_gflops=47.383415 eff_bw_gbs=244.916206 pct_peak_bw=26.2470 comm_avg_ms=0.272711 comm_min_ms=0.196417 comm_max_ms=2.306453 comm_var_ms=0.142637391 total_avg_ms=0.311487 total_min_ms=0.234305 total_max_ms=2.346389 total_var_ms=0.142800981 effective_gflops=5.898530
RESULT comm=fennel_nccl kernel=cusparse matrix=parabolic_fem.mtx P=4 rank=3 nrows_local=131477 ncols_global=525825 nnz_local=918756 n_ghost=140484 compute_avg_ms=0.039117 compute_min_ms=0.037888 compute_max_ms=0.039936 compute_var_ms=0.000000238 compute_gflops=46.975010 eff_bw_gbs=242.599404 pct_peak_bw=25.9987 comm_avg_ms=0.275973 comm_min_ms=0.199213 comm_max_ms=2.315452 comm_var_ms=0.143440416 total_avg_ms=0.315090 total_min_ms=0.238125 total_max_ms=2.354364 total_var_ms=0.143412026 effective_gflops=5.831704
[ERROR CHECKING] OK!

--- P=1 rep=2/3 driver=spmv_fennel_nccl_cusparse ---
Loaded ../matrices/parabolic_fem.mtx: 525825 x 525825, 3674625 nnz
RESULT comm=fennel_nccl kernel=cusparse matrix=parabolic_fem.mtx P=1 rank=0 nrows_local=525825 ncols_global=525825 nnz_local=3674625 n_ghost=0 compute_avg_ms=0.078780 compute_min_ms=0.077824 compute_max_ms=0.079872 compute_var_ms=0.000000345 compute_gflops=93.288591 eff_bw_gbs=453.249889 pct_peak_bw=48.5736 comm_avg_ms=0.000995 comm_min_ms=0.000962 comm_max_ms=0.001093 comm_var_ms=0.000000001 total_avg_ms=0.079775 total_min_ms=0.078791 total_max_ms=0.080934 total_var_ms=0.000000356 effective_gflops=92.125268
[ERROR CHECKING] OK!

--- P=2 rep=2/3 driver=spmv_fennel_nccl_cusparse ---
Loaded ../matrices/parabolic_fem.mtx: 525825 x 525825, 3674625 nnz
RESULT comm=fennel_nccl kernel=cusparse matrix=parabolic_fem.mtx P=2 rank=1 nrows_local=262922 ncols_global=525825 nnz_local=1837359 n_ghost=158394 compute_avg_ms=0.054101 compute_min_ms=0.053248 compute_max_ms=0.055296 compute_var_ms=0.000000216 compute_gflops=67.922874 eff_bw_gbs=341.720157 pct_peak_bw=36.6212 comm_avg_ms=0.210375 comm_min_ms=0.206514 comm_max_ms=0.213769 comm_var_ms=0.000004747 total_avg_ms=0.264476 total_min_ms=0.259762 total_max_ms=0.267450 total_var_ms=0.000005067 effective_gflops=13.894334
RESULT comm=fennel_nccl kernel=cusparse matrix=parabolic_fem.mtx P=2 rank=0 nrows_local=262903 ncols_global=525825 nnz_local=1837266 n_ghost=159095 compute_avg_ms=0.054340 compute_min_ms=0.053248 compute_max_ms=0.055296 compute_var_ms=0.000000275 compute_gflops=67.620795 eff_bw_gbs=340.251331 pct_peak_bw=36.4638 comm_avg_ms=0.210867 comm_min_ms=0.207464 comm_max_ms=0.215972 comm_var_ms=0.000004635 total_avg_ms=0.265207 total_min_ms=0.261736 total_max_ms=0.270545 total_var_ms=0.000004947 effective_gflops=13.855329
[ERROR CHECKING] OK!

--- P=3 rep=2/3 driver=spmv_fennel_nccl_cusparse ---
Loaded ../matrices/parabolic_fem.mtx: 525825 x 525825, 3674625 nnz
RESULT comm=fennel_nccl kernel=cusparse matrix=parabolic_fem.mtx P=3 rank=0 nrows_local=175289 ncols_global=525825 nnz_local=1224943 n_ghost=163204 compute_avg_ms=0.043281 compute_min_ms=0.041984 compute_max_ms=0.045056 compute_var_ms=0.000000345 compute_gflops=56.604104 eff_bw_gbs=290.099876 pct_peak_bw=31.0892 comm_avg_ms=0.143668 comm_min_ms=0.139377 comm_max_ms=0.150987 comm_var_ms=0.000006223 total_avg_ms=0.186949 total_min_ms=0.182385 total_max_ms=0.193995 total_var_ms=0.000006270 effective_gflops=13.104566
RESULT comm=fennel_nccl kernel=cusparse matrix=parabolic_fem.mtx P=3 rank=1 nrows_local=175281 ncols_global=525825 nnz_local=1224907 n_ghost=164488 compute_avg_ms=0.043622 compute_min_ms=0.041984 compute_max_ms=0.045056 compute_var_ms=0.000000391 compute_gflops=56.159542 eff_bw_gbs=287.938858 pct_peak_bw=30.8576 comm_avg_ms=0.184265 comm_min_ms=0.175357 comm_max_ms=0.240980 comm_var_ms=0.000174795 total_avg_ms=0.227887 total_min_ms=0.219389 total_max_ms=0.285012 total_var_ms=0.000177996 effective_gflops=10.750129
RESULT comm=fennel_nccl kernel=cusparse matrix=parabolic_fem.mtx P=3 rank=2 nrows_local=175255 ncols_global=525825 nnz_local=1224775 n_ghost=163043 compute_avg_ms=0.043349 compute_min_ms=0.041984 compute_max_ms=0.065536 compute_var_ms=0.000017220 compute_gflops=56.507213 eff_bw_gbs=289.587755 pct_peak_bw=31.0344 comm_avg_ms=0.191031 comm_min_ms=0.165968 comm_max_ms=0.692225 comm_var_ms=0.008735361 total_avg_ms=0.234380 total_min_ms=0.208976 total_max_ms=0.757761 total_var_ms=0.009520015 effective_gflops=10.451186
[ERROR CHECKING] OK!

--- P=4 rep=2/3 driver=spmv_fennel_nccl_cusparse ---
Loaded ../matrices/parabolic_fem.mtx: 525825 x 525825, 3674625 nnz
RESULT comm=fennel_nccl kernel=cusparse matrix=parabolic_fem.mtx P=4 rank=0 nrows_local=131448 ncols_global=525825 nnz_local=918616 n_ghost=142222 compute_avg_ms=0.038707 compute_min_ms=0.037888 compute_max_ms=0.039936 compute_var_ms=0.000000377 compute_gflops=47.464865 eff_bw_gbs=245.308267 pct_peak_bw=26.2890 comm_avg_ms=0.164630 comm_min_ms=0.159178 comm_max_ms=0.173004 comm_var_ms=0.000010156 total_avg_ms=0.203337 total_min_ms=0.197185 total_max_ms=0.211916 total_var_ms=0.000010043 effective_gflops=9.035407
RESULT comm=fennel_nccl kernel=cusparse matrix=parabolic_fem.mtx P=4 rank=1 nrows_local=131445 ncols_global=525825 nnz_local=918596 n_ghost=142221 compute_avg_ms=0.039083 compute_min_ms=0.037888 compute_max_ms=0.039936 compute_var_ms=0.000000216 compute_gflops=47.007848 eff_bw_gbs=242.946482 pct_peak_bw=26.0359 comm_avg_ms=0.174134 comm_min_ms=0.168443 comm_max_ms=0.184331 comm_var_ms=0.000010181 total_avg_ms=0.213217 total_min_ms=0.208379 total_max_ms=0.223243 total_var_ms=0.000009769 effective_gflops=8.616532
RESULT comm=fennel_nccl kernel=cusparse matrix=parabolic_fem.mtx P=4 rank=2 nrows_local=131455 ncols_global=525825 nnz_local=918657 n_ghost=142505 compute_avg_ms=0.039049 compute_min_ms=0.037888 compute_max_ms=0.039936 compute_var_ms=0.000000191 compute_gflops=47.052064 eff_bw_gbs=243.203510 pct_peak_bw=26.0635 comm_avg_ms=0.204109 comm_min_ms=0.200836 comm_max_ms=0.210868 comm_var_ms=0.000006267 total_avg_ms=0.243157 total_min_ms=0.239377 total_max_ms=0.249780 total_var_ms=0.000006336 effective_gflops=7.556075
RESULT comm=fennel_nccl kernel=cusparse matrix=parabolic_fem.mtx P=4 rank=3 nrows_local=131477 ncols_global=525825 nnz_local=918756 n_ghost=140484 compute_avg_ms=0.039287 compute_min_ms=0.038912 compute_max_ms=0.039936 compute_var_ms=0.000000244 compute_gflops=46.770948 eff_bw_gbs=241.545541 pct_peak_bw=25.8858 comm_avg_ms=0.207272 comm_min_ms=0.197270 comm_max_ms=0.216218 comm_var_ms=0.000011063 total_avg_ms=0.246559 total_min_ms=0.236182 total_max_ms=0.256154 total_var_ms=0.000011161 effective_gflops=7.452614
[ERROR CHECKING] OK!

--- P=1 rep=3/3 driver=spmv_fennel_nccl_cusparse ---
Loaded ../matrices/parabolic_fem.mtx: 525825 x 525825, 3674625 nnz
RESULT comm=fennel_nccl kernel=cusparse matrix=parabolic_fem.mtx P=1 rank=0 nrows_local=525825 ncols_global=525825 nnz_local=3674625 n_ghost=0 compute_avg_ms=0.078780 compute_min_ms=0.077824 compute_max_ms=0.079872 compute_var_ms=0.000000275 compute_gflops=93.288591 eff_bw_gbs=453.249889 pct_peak_bw=48.5736 comm_avg_ms=0.000992 comm_min_ms=0.000941 comm_max_ms=0.001211 comm_var_ms=0.000000004 total_avg_ms=0.079772 total_min_ms=0.078783 total_max_ms=0.080864 total_var_ms=0.000000263 effective_gflops=92.128617
[ERROR CHECKING] OK!

--- P=2 rep=3/3 driver=spmv_fennel_nccl_cusparse ---
Loaded ../matrices/parabolic_fem.mtx: 525825 x 525825, 3674625 nnz
RESULT comm=fennel_nccl kernel=cusparse matrix=parabolic_fem.mtx P=2 rank=1 nrows_local=262922 ncols_global=525825 nnz_local=1837359 n_ghost=158394 compute_avg_ms=0.054682 compute_min_ms=0.053248 compute_max_ms=0.055296 compute_var_ms=0.000000391 compute_gflops=67.202094 eff_bw_gbs=338.093912 pct_peak_bw=36.2326 comm_avg_ms=0.210449 comm_min_ms=0.205298 comm_max_ms=0.225482 comm_var_ms=0.000012197 total_avg_ms=0.265131 total_min_ms=0.260594 total_max_ms=0.280778 total_var_ms=0.000012891 effective_gflops=13.860025
RESULT comm=fennel_nccl kernel=cusparse matrix=parabolic_fem.mtx P=2 rank=0 nrows_local=262903 ncols_global=525825 nnz_local=1837266 n_ghost=159095 compute_avg_ms=0.054170 compute_min_ms=0.053248 compute_max_ms=0.055296 compute_var_ms=0.000000374 compute_gflops=67.833841 eff_bw_gbs=341.323327 pct_peak_bw=36.5787 comm_avg_ms=0.212449 comm_min_ms=0.208417 comm_max_ms=0.220549 comm_var_ms=0.000008679 total_avg_ms=0.266618 total_min_ms=0.261665 total_max_ms=0.274821 total_var_ms=0.000009706 effective_gflops=13.782005
[ERROR CHECKING] OK!

--- P=3 rep=3/3 driver=spmv_fennel_nccl_cusparse ---
Loaded ../matrices/parabolic_fem.mtx: 525825 x 525825, 3674625 nnz
RESULT comm=fennel_nccl kernel=cusparse matrix=parabolic_fem.mtx P=3 rank=0 nrows_local=175289 ncols_global=525825 nnz_local=1224943 n_ghost=163204 compute_avg_ms=0.043452 compute_min_ms=0.041984 compute_max_ms=0.045056 compute_var_ms=0.000000537 compute_gflops=56.381779 eff_bw_gbs=288.960442 pct_peak_bw=30.9671 comm_avg_ms=0.145538 comm_min_ms=0.141616 comm_max_ms=0.150768 comm_var_ms=0.000004607 total_avg_ms=0.188990 total_min_ms=0.183600 total_max_ms=0.194425 total_var_ms=0.000005270 effective_gflops=12.963069
RESULT comm=fennel_nccl kernel=cusparse matrix=parabolic_fem.mtx P=3 rank=1 nrows_local=175281 ncols_global=525825 nnz_local=1224907 n_ghost=164488 compute_avg_ms=0.043349 compute_min_ms=0.041984 compute_max_ms=0.044032 compute_var_ms=0.000000303 compute_gflops=56.513303 eff_bw_gbs=289.752647 pct_peak_bw=31.0520 comm_avg_ms=0.182290 comm_min_ms=0.174380 comm_max_ms=0.234570 comm_var_ms=0.000104164 total_avg_ms=0.225640 total_min_ms=0.218229 total_max_ms=0.276554 total_var_ms=0.000100891 effective_gflops=10.857200
RESULT comm=fennel_nccl kernel=cusparse matrix=parabolic_fem.mtx P=3 rank=2 nrows_local=175255 ncols_global=525825 nnz_local=1224775 n_ghost=163043 compute_avg_ms=0.042667 compute_min_ms=0.041984 compute_max_ms=0.043008 compute_var_ms=0.000000233 compute_gflops=57.411329 eff_bw_gbs=294.221159 pct_peak_bw=31.5309 comm_avg_ms=0.176234 comm_min_ms=0.172168 comm_max_ms=0.180082 comm_var_ms=0.000004061 total_avg_ms=0.218901 total_min_ms=0.214152 total_max_ms=0.223090 total_var_ms=0.000004341 effective_gflops=11.190217
[ERROR CHECKING] OK!

--- P=4 rep=3/3 driver=spmv_fennel_nccl_cusparse ---
Loaded ../matrices/parabolic_fem.mtx: 525825 x 525825, 3674625 nnz
RESULT comm=fennel_nccl kernel=cusparse matrix=parabolic_fem.mtx P=4 rank=0 nrows_local=131448 ncols_global=525825 nnz_local=918616 n_ghost=142222 compute_avg_ms=0.038707 compute_min_ms=0.037888 compute_max_ms=0.039936 compute_var_ms=0.000000308 compute_gflops=47.464865 eff_bw_gbs=245.308268 pct_peak_bw=26.2890 comm_avg_ms=0.164897 comm_min_ms=0.159662 comm_max_ms=0.169316 comm_var_ms=0.000005711 total_avg_ms=0.203604 total_min_ms=0.197550 total_max_ms=0.208228 total_var_ms=0.000005917 effective_gflops=9.023556
RESULT comm=fennel_nccl kernel=cusparse matrix=parabolic_fem.mtx P=4 rank=1 nrows_local=131445 ncols_global=525825 nnz_local=918596 n_ghost=142221 compute_avg_ms=0.039219 compute_min_ms=0.037888 compute_max_ms=0.039936 compute_var_ms=0.000000360 compute_gflops=46.844200 eff_bw_gbs=242.100714 pct_peak_bw=25.9453 comm_avg_ms=0.172444 comm_min_ms=0.166280 comm_max_ms=0.177731 comm_var_ms=0.000006148 total_avg_ms=0.211663 total_min_ms=0.206216 total_max_ms=0.216643 total_var_ms=0.000005523 effective_gflops=8.679802
RESULT comm=fennel_nccl kernel=cusparse matrix=parabolic_fem.mtx P=4 rank=2 nrows_local=131455 ncols_global=525825 nnz_local=918657 n_ghost=142505 compute_avg_ms=0.038810 compute_min_ms=0.037888 compute_max_ms=0.039936 compute_var_ms=0.000000164 compute_gflops=47.341742 eff_bw_gbs=244.700804 pct_peak_bw=26.2239 comm_avg_ms=0.203555 comm_min_ms=0.195736 comm_max_ms=0.209820 comm_var_ms=0.000014436 total_avg_ms=0.242365 total_min_ms=0.234648 total_max_ms=0.248732 total_var_ms=0.000014085 effective_gflops=7.580787
RESULT comm=fennel_nccl kernel=cusparse matrix=parabolic_fem.mtx P=4 rank=3 nrows_local=131477 ncols_global=525825 nnz_local=918756 n_ghost=140484 compute_avg_ms=0.039287 compute_min_ms=0.037888 compute_max_ms=0.039936 compute_var_ms=0.000000313 compute_gflops=46.770948 eff_bw_gbs=241.545540 pct_peak_bw=25.8858 comm_avg_ms=0.205570 comm_min_ms=0.199593 comm_max_ms=0.212483 comm_var_ms=0.000012164 total_avg_ms=0.244857 total_min_ms=0.238505 total_max_ms=0.252419 total_var_ms=0.000012981 effective_gflops=7.504429
[ERROR CHECKING] OK!

=== Job done ===
