=== D2_final intelligent-partitioning (Fennel/LDG, cuSPARSE) small-matrix check ===
Node:     edu01
Date:     Thu Jul 23 01:59:57 PM CEST 2026
Matrix:   ../matrices/amazon0302.mtx
Reps:     3

--- P=1 rep=1/3 driver=spmv_fennel_nccl_cusparse ---
Loaded ../matrices/amazon0302.mtx: 262111 x 262111, 1234877 nnz
RESULT comm=fennel_nccl kernel=cusparse matrix=amazon0302.mtx P=1 rank=0 nrows_local=262111 ncols_global=262111 nnz_local=1234877 n_ghost=0 compute_avg_ms=0.076800 compute_min_ms=0.074752 compute_max_ms=0.079872 compute_var_ms=0.000002237 compute_gflops=32.158255 eff_bw_gbs=169.587914 pct_peak_bw=18.1743 comm_avg_ms=0.001007 comm_min_ms=0.000951 comm_max_ms=0.001268 comm_var_ms=0.000000003 total_avg_ms=0.077807 total_min_ms=0.075709 total_max_ms=0.080850 total_var_ms=0.000002213 effective_gflops=31.741890
[ERROR CHECKING] OK!

--- P=2 rep=1/3 driver=spmv_fennel_nccl_cusparse ---
Loaded ../matrices/amazon0302.mtx: 262111 x 262111, 1234877 nnz
RESULT comm=fennel_nccl kernel=cusparse matrix=amazon0302.mtx P=2 rank=0 nrows_local=130999 ncols_global=262111 nnz_local=617423 n_ghost=35698 compute_avg_ms=0.048094 compute_min_ms=0.047104 compute_max_ms=0.049152 compute_var_ms=0.000000313 compute_gflops=25.675747 eff_bw_gbs=138.357929 pct_peak_bw=14.8275 comm_avg_ms=0.089744 comm_min_ms=0.087438 comm_max_ms=0.093756 comm_var_ms=0.000001771 total_avg_ms=0.137838 total_min_ms=0.134542 total_max_ms=0.141884 total_var_ms=0.000002714 effective_gflops=8.958687
RESULT comm=fennel_nccl kernel=cusparse matrix=amazon0302.mtx P=2 rank=1 nrows_local=131112 ncols_global=262111 nnz_local=617454 n_ghost=35782 compute_avg_ms=0.049152 compute_min_ms=0.048128 compute_max_ms=0.050176 compute_var_ms=0.000000350 compute_gflops=25.124267 eff_bw_gbs=135.418861 pct_peak_bw=14.5125 comm_avg_ms=0.066635 comm_min_ms=0.064618 comm_max_ms=0.069068 comm_var_ms=0.000001009 total_avg_ms=0.115787 total_min_ms=0.113770 total_max_ms=0.118220 total_var_ms=0.000000982 effective_gflops=10.665373
[ERROR CHECKING] OK!

--- P=3 rep=1/3 driver=spmv_fennel_nccl_cusparse ---
Loaded ../matrices/amazon0302.mtx: 262111 x 262111, 1234877 nnz
RESULT comm=fennel_nccl kernel=cusparse matrix=amazon0302.mtx P=3 rank=0 nrows_local=87311 ncols_global=262111 nnz_local=411626 n_ghost=35100 compute_avg_ms=0.039424 compute_min_ms=0.037888 compute_max_ms=0.040960 compute_var_ms=0.000000402 compute_gflops=20.882002 eff_bw_gbs=113.665386 pct_peak_bw=12.1812 comm_avg_ms=0.071987 comm_min_ms=0.067718 comm_max_ms=0.080956 comm_var_ms=0.000006763 total_avg_ms=0.111411 total_min_ms=0.106829 total_max_ms=0.119868 total_var_ms=0.000006908 effective_gflops=7.389329
RESULT comm=fennel_nccl kernel=cusparse matrix=amazon0302.mtx P=3 rank=1 nrows_local=87424 ncols_global=262111 nnz_local=411618 n_ghost=34449 compute_avg_ms=0.040073 compute_min_ms=0.038912 compute_max_ms=0.040960 compute_var_ms=0.000000261 compute_gflops=20.543648 eff_bw_gbs=111.793086 pct_peak_bw=11.9806 comm_avg_ms=0.085532 comm_min_ms=0.082813 comm_max_ms=0.090527 comm_var_ms=0.000002633 total_avg_ms=0.125605 total_min_ms=0.122749 total_max_ms=0.130463 total_var_ms=0.000002970 effective_gflops=6.554185
RESULT comm=fennel_nccl kernel=cusparse matrix=amazon0302.mtx P=3 rank=2 nrows_local=87376 ncols_global=262111 nnz_local=411633 n_ghost=34584 compute_avg_ms=0.038912 compute_min_ms=0.037888 compute_max_ms=0.039936 compute_var_ms=0.000000210 compute_gflops=21.157125 eff_bw_gbs=115.129424 pct_peak_bw=12.3381 comm_avg_ms=0.085972 comm_min_ms=0.072224 comm_max_ms=0.395539 comm_var_ms=0.003307595 total_avg_ms=0.124884 total_min_ms=0.110606 total_max_ms=0.434451 total_var_ms=0.003308174 effective_gflops=6.592258
[ERROR CHECKING] OK!

--- P=4 rep=1/3 driver=spmv_fennel_nccl_cusparse ---
Loaded ../matrices/amazon0302.mtx: 262111 x 262111, 1234877 nnz
RESULT comm=fennel_nccl kernel=cusparse matrix=amazon0302.mtx P=4 rank=0 nrows_local=65384 ncols_global=262111 nnz_local=308652 n_ghost=30574 compute_avg_ms=0.031539 compute_min_ms=0.030720 compute_max_ms=0.032768 compute_var_ms=0.000000517 compute_gflops=19.572596 eff_bw_gbs=107.045329 pct_peak_bw=11.4718 comm_avg_ms=0.075059 comm_min_ms=0.072049 comm_max_ms=0.080029 comm_var_ms=0.000003394 total_avg_ms=0.106598 total_min_ms=0.104111 total_max_ms=0.111773 total_var_ms=0.000002684 effective_gflops=5.790940
RESULT comm=fennel_nccl kernel=cusparse matrix=amazon0302.mtx P=4 rank=1 nrows_local=65569 ncols_global=262111 nnz_local=308709 n_ghost=30493 compute_avg_ms=0.033212 compute_min_ms=0.031744 compute_max_ms=0.034816 compute_var_ms=0.000000397 compute_gflops=18.590358 eff_bw_gbs=101.725374 pct_peak_bw=10.9016 comm_avg_ms=0.085535 comm_min_ms=0.081251 comm_max_ms=0.088289 comm_var_ms=0.000002863 total_avg_ms=0.118746 total_min_ms=0.114019 total_max_ms=0.122348 total_var_ms=0.000003981 effective_gflops=5.199470
RESULT comm=fennel_nccl kernel=cusparse matrix=amazon0302.mtx P=4 rank=2 nrows_local=65578 ncols_global=262111 nnz_local=308729 n_ghost=30486 compute_avg_ms=0.032597 compute_min_ms=0.031744 compute_max_ms=0.035840 compute_var_ms=0.000000635 compute_gflops=18.941979 eff_bw_gbs=103.650074 pct_peak_bw=11.1079 comm_avg_ms=0.093288 comm_min_ms=0.087293 comm_max_ms=0.098281 comm_var_ms=0.000007695 total_avg_ms=0.125886 total_min_ms=0.120061 total_max_ms=0.130924 total_var_ms=0.000006306 effective_gflops=4.904912
RESULT comm=fennel_nccl kernel=cusparse matrix=amazon0302.mtx P=4 rank=3 nrows_local=65580 ncols_global=262111 nnz_local=308787 n_ghost=31145 compute_avg_ms=0.032631 compute_min_ms=0.031744 compute_max_ms=0.033792 compute_var_ms=0.000000541 compute_gflops=18.925720 eff_bw_gbs=103.637389 pct_peak_bw=11.1065 comm_avg_ms=0.077602 comm_min_ms=0.074495 comm_max_ms=0.082986 comm_var_ms=0.000003087 total_avg_ms=0.110233 total_min_ms=0.107263 total_max_ms=0.115754 total_var_ms=0.000002972 effective_gflops=5.602434
[ERROR CHECKING] OK!

--- P=1 rep=2/3 driver=spmv_fennel_nccl_cusparse ---
Loaded ../matrices/amazon0302.mtx: 262111 x 262111, 1234877 nnz
RESULT comm=fennel_nccl kernel=cusparse matrix=amazon0302.mtx P=1 rank=0 nrows_local=262111 ncols_global=262111 nnz_local=1234877 n_ghost=0 compute_avg_ms=0.077346 compute_min_ms=0.074752 compute_max_ms=0.080896 compute_var_ms=0.000002638 compute_gflops=31.931189 eff_bw_gbs=168.390473 pct_peak_bw=18.0460 comm_avg_ms=0.001025 comm_min_ms=0.000983 comm_max_ms=0.001106 comm_var_ms=0.000000001 total_avg_ms=0.078371 total_min_ms=0.075744 total_max_ms=0.081917 total_var_ms=0.000002655 effective_gflops=31.513648
[ERROR CHECKING] OK!

--- P=2 rep=2/3 driver=spmv_fennel_nccl_cusparse ---
Loaded ../matrices/amazon0302.mtx: 262111 x 262111, 1234877 nnz
RESULT comm=fennel_nccl kernel=cusparse matrix=amazon0302.mtx P=2 rank=0 nrows_local=130999 ncols_global=262111 nnz_local=617423 n_ghost=35698 compute_avg_ms=0.048606 compute_min_ms=0.047104 compute_max_ms=0.049152 compute_var_ms=0.000000331 compute_gflops=25.405286 eff_bw_gbs=136.900507 pct_peak_bw=14.6713 comm_avg_ms=0.087606 comm_min_ms=0.085986 comm_max_ms=0.089873 comm_var_ms=0.000000675 total_avg_ms=0.136212 total_min_ms=0.134114 total_max_ms=0.138001 total_var_ms=0.000001153 effective_gflops=9.065596
RESULT comm=fennel_nccl kernel=cusparse matrix=amazon0302.mtx P=2 rank=1 nrows_local=131112 ncols_global=262111 nnz_local=617454 n_ghost=35782 compute_avg_ms=0.049084 compute_min_ms=0.048128 compute_max_ms=0.051200 compute_var_ms=0.000000415 compute_gflops=25.159210 eff_bw_gbs=135.607204 pct_peak_bw=14.5327 comm_avg_ms=0.065756 comm_min_ms=0.064638 comm_max_ms=0.068044 comm_var_ms=0.000000603 total_avg_ms=0.114839 total_min_ms=0.112815 total_max_ms=0.118220 total_var_ms=0.000000916 effective_gflops=10.753351
[ERROR CHECKING] OK!

--- P=3 rep=2/3 driver=spmv_fennel_nccl_cusparse ---
Loaded ../matrices/amazon0302.mtx: 262111 x 262111, 1234877 nnz
RESULT comm=fennel_nccl kernel=cusparse matrix=amazon0302.mtx P=3 rank=0 nrows_local=87311 ncols_global=262111 nnz_local=411626 n_ghost=35100 compute_avg_ms=0.039526 compute_min_ms=0.037888 compute_max_ms=0.040960 compute_var_ms=0.000000391 compute_gflops=20.827903 eff_bw_gbs=113.370916 pct_peak_bw=12.1497 comm_avg_ms=0.070864 comm_min_ms=0.068737 comm_max_ms=0.073547 comm_var_ms=0.000001374 total_avg_ms=0.110390 total_min_ms=0.107560 total_max_ms=0.113483 total_var_ms=0.000001742 effective_gflops=7.457664
RESULT comm=fennel_nccl kernel=cusparse matrix=amazon0302.mtx P=3 rank=1 nrows_local=87424 ncols_global=262111 nnz_local=411618 n_ghost=34449 compute_avg_ms=0.039868 compute_min_ms=0.038912 compute_max_ms=0.040960 compute_var_ms=0.000000205 compute_gflops=20.649181 eff_bw_gbs=112.367365 pct_peak_bw=12.0421 comm_avg_ms=0.085466 comm_min_ms=0.081803 comm_max_ms=0.088119 comm_var_ms=0.000001796 total_avg_ms=0.125334 total_min_ms=0.120715 total_max_ms=0.128055 total_var_ms=0.000002230 effective_gflops=6.568351
RESULT comm=fennel_nccl kernel=cusparse matrix=amazon0302.mtx P=3 rank=2 nrows_local=87376 ncols_global=262111 nnz_local=411633 n_ghost=34584 compute_avg_ms=0.039219 compute_min_ms=0.037888 compute_max_ms=0.049152 compute_var_ms=0.000003715 compute_gflops=20.991403 eff_bw_gbs=114.227626 pct_peak_bw=12.2415 comm_avg_ms=0.075227 comm_min_ms=0.072438 comm_max_ms=0.080402 comm_var_ms=0.000003547 total_avg_ms=0.114446 total_min_ms=0.111350 total_max_ms=0.124427 total_var_ms=0.000007148 effective_gflops=7.193487
[ERROR CHECKING] OK!

--- P=4 rep=2/3 driver=spmv_fennel_nccl_cusparse ---
Loaded ../matrices/amazon0302.mtx: 262111 x 262111, 1234877 nnz
RESULT comm=fennel_nccl kernel=cusparse matrix=amazon0302.mtx P=4 rank=0 nrows_local=65384 ncols_global=262111 nnz_local=308652 n_ghost=30574 compute_avg_ms=0.031539 compute_min_ms=0.030720 compute_max_ms=0.032768 compute_var_ms=0.000000447 compute_gflops=19.572596 eff_bw_gbs=107.045329 pct_peak_bw=11.4718 comm_avg_ms=0.075177 comm_min_ms=0.073269 comm_max_ms=0.077830 comm_var_ms=0.000001273 total_avg_ms=0.106716 total_min_ms=0.103989 total_max_ms=0.109574 total_var_ms=0.000002015 effective_gflops=5.784530
RESULT comm=fennel_nccl kernel=cusparse matrix=amazon0302.mtx P=4 rank=1 nrows_local=65569 ncols_global=262111 nnz_local=308709 n_ghost=30493 compute_avg_ms=0.033417 compute_min_ms=0.032768 compute_max_ms=0.038912 compute_var_ms=0.000001292 compute_gflops=18.476423 eff_bw_gbs=101.101930 pct_peak_bw=10.8348 comm_avg_ms=0.088860 comm_min_ms=0.083826 comm_max_ms=0.091432 comm_var_ms=0.000002681 total_avg_ms=0.122277 total_min_ms=0.116594 total_max_ms=0.129623 total_var_ms=0.000004580 effective_gflops=5.049358
RESULT comm=fennel_nccl kernel=cusparse matrix=amazon0302.mtx P=4 rank=2 nrows_local=65578 ncols_global=262111 nnz_local=308729 n_ghost=30486 compute_avg_ms=0.032905 compute_min_ms=0.031744 compute_max_ms=0.036864 compute_var_ms=0.000000890 compute_gflops=18.765135 eff_bw_gbs=102.682386 pct_peak_bw=11.0042 comm_avg_ms=0.090303 comm_min_ms=0.086049 comm_max_ms=0.095037 comm_var_ms=0.000004601 total_avg_ms=0.123208 total_min_ms=0.118817 total_max_ms=0.128265 total_var_ms=0.000005242 effective_gflops=5.011514
RESULT comm=fennel_nccl kernel=cusparse matrix=amazon0302.mtx P=4 rank=3 nrows_local=65580 ncols_global=262111 nnz_local=308787 n_ghost=31145 compute_avg_ms=0.033143 compute_min_ms=0.031744 compute_max_ms=0.033792 compute_var_ms=0.000000383 compute_gflops=18.633356 eff_bw_gbs=102.036399 pct_peak_bw=10.9350 comm_avg_ms=0.079020 comm_min_ms=0.072935 comm_max_ms=0.082853 comm_var_ms=0.000006335 total_avg_ms=0.112163 total_min_ms=0.105703 total_max_ms=0.115621 total_var_ms=0.000007600 effective_gflops=5.506017
[ERROR CHECKING] OK!

--- P=1 rep=3/3 driver=spmv_fennel_nccl_cusparse ---
Loaded ../matrices/amazon0302.mtx: 262111 x 262111, 1234877 nnz
RESULT comm=fennel_nccl kernel=cusparse matrix=amazon0302.mtx P=1 rank=0 nrows_local=262111 ncols_global=262111 nnz_local=1234877 n_ghost=0 compute_avg_ms=0.076937 compute_min_ms=0.074752 compute_max_ms=0.079872 compute_var_ms=0.000002009 compute_gflops=32.101186 eff_bw_gbs=169.286962 pct_peak_bw=18.1420 comm_avg_ms=0.001002 comm_min_ms=0.000952 comm_max_ms=0.001049 comm_var_ms=0.000000000 total_avg_ms=0.077938 total_min_ms=0.075737 total_max_ms=0.080871 total_var_ms=0.000002014 effective_gflops=31.688606
[ERROR CHECKING] OK!

--- P=2 rep=3/3 driver=spmv_fennel_nccl_cusparse ---
Loaded ../matrices/amazon0302.mtx: 262111 x 262111, 1234877 nnz
RESULT comm=fennel_nccl kernel=cusparse matrix=amazon0302.mtx P=2 rank=0 nrows_local=130999 ncols_global=262111 nnz_local=617423 n_ghost=35698 compute_avg_ms=0.048674 compute_min_ms=0.048128 compute_max_ms=0.049152 compute_var_ms=0.000000261 compute_gflops=25.369655 eff_bw_gbs=136.708501 pct_peak_bw=14.6507 comm_avg_ms=0.088858 comm_min_ms=0.086580 comm_max_ms=0.095959 comm_var_ms=0.000002500 total_avg_ms=0.137532 total_min_ms=0.135732 total_max_ms=0.144087 total_var_ms=0.000002300 effective_gflops=8.978613
RESULT comm=fennel_nccl kernel=cusparse matrix=amazon0302.mtx P=2 rank=1 nrows_local=131112 ncols_global=262111 nnz_local=617454 n_ghost=35782 compute_avg_ms=0.048742 compute_min_ms=0.047104 compute_max_ms=0.051200 compute_var_ms=0.000000741 compute_gflops=25.335395 eff_bw_gbs=136.556834 pct_peak_bw=14.6344 comm_avg_ms=0.066651 comm_min_ms=0.064972 comm_max_ms=0.068242 comm_var_ms=0.000000646 total_avg_ms=0.115393 total_min_ms=0.113100 total_max_ms=0.118467 total_var_ms=0.000001670 effective_gflops=10.701740
[ERROR CHECKING] OK!

--- P=3 rep=3/3 driver=spmv_fennel_nccl_cusparse ---
Loaded ../matrices/amazon0302.mtx: 262111 x 262111, 1234877 nnz
RESULT comm=fennel_nccl kernel=cusparse matrix=amazon0302.mtx P=3 rank=0 nrows_local=87311 ncols_global=262111 nnz_local=411626 n_ghost=35100 compute_avg_ms=0.039424 compute_min_ms=0.038912 compute_max_ms=0.040960 compute_var_ms=0.000000332 compute_gflops=20.882002 eff_bw_gbs=113.665386 pct_peak_bw=12.1812 comm_avg_ms=0.073040 comm_min_ms=0.070061 comm_max_ms=0.080668 comm_var_ms=0.000003144 total_avg_ms=0.112464 total_min_ms=0.109746 total_max_ms=0.121628 total_var_ms=0.000004578 effective_gflops=7.320136
RESULT comm=fennel_nccl kernel=cusparse matrix=amazon0302.mtx P=3 rank=1 nrows_local=87424 ncols_global=262111 nnz_local=411618 n_ghost=34449 compute_avg_ms=0.039902 compute_min_ms=0.038912 compute_max_ms=0.043008 compute_var_ms=0.000000523 compute_gflops=20.631517 eff_bw_gbs=112.271243 pct_peak_bw=12.0318 comm_avg_ms=0.086152 comm_min_ms=0.083226 comm_max_ms=0.089863 comm_var_ms=0.000001865 total_avg_ms=0.126054 total_min_ms=0.123162 total_max_ms=0.130252 total_var_ms=0.000002427 effective_gflops=6.530839
RESULT comm=fennel_nccl kernel=cusparse matrix=amazon0302.mtx P=3 rank=2 nrows_local=87376 ncols_global=262111 nnz_local=411633 n_ghost=34584 compute_avg_ms=0.039049 compute_min_ms=0.037888 compute_max_ms=0.039936 compute_var_ms=0.000000261 compute_gflops=21.083149 eff_bw_gbs=114.726874 pct_peak_bw=12.2950 comm_avg_ms=0.075998 comm_min_ms=0.072905 comm_max_ms=0.080309 comm_var_ms=0.000002895 total_avg_ms=0.115046 total_min_ms=0.111817 total_max_ms=0.120245 total_var_ms=0.000003921 effective_gflops=7.155950
[ERROR CHECKING] OK!

--- P=4 rep=3/3 driver=spmv_fennel_nccl_cusparse ---
Loaded ../matrices/amazon0302.mtx: 262111 x 262111, 1234877 nnz
RESULT comm=fennel_nccl kernel=cusparse matrix=amazon0302.mtx P=4 rank=0 nrows_local=65384 ncols_global=262111 nnz_local=308652 n_ghost=30574 compute_avg_ms=0.031812 compute_min_ms=0.030720 compute_max_ms=0.032768 compute_var_ms=0.000000485 compute_gflops=19.404591 eff_bw_gbs=106.126485 pct_peak_bw=11.3733 comm_avg_ms=0.074382 comm_min_ms=0.070350 comm_max_ms=0.086228 comm_var_ms=0.000007328 total_avg_ms=0.106195 total_min_ms=0.103083 total_max_ms=0.117972 total_var_ms=0.000006935 effective_gflops=5.812951
RESULT comm=fennel_nccl kernel=cusparse matrix=amazon0302.mtx P=4 rank=1 nrows_local=65569 ncols_global=262111 nnz_local=308709 n_ghost=30493 compute_avg_ms=0.033621 compute_min_ms=0.032768 compute_max_ms=0.034816 compute_var_ms=0.000000355 compute_gflops=18.363876 eff_bw_gbs=100.486080 pct_peak_bw=10.7688 comm_avg_ms=0.085727 comm_min_ms=0.081792 comm_max_ms=0.111660 comm_var_ms=0.000026848 total_avg_ms=0.119349 total_min_ms=0.115584 total_max_ms=0.146476 total_var_ms=0.000029231 effective_gflops=5.173226
RESULT comm=fennel_nccl kernel=cusparse matrix=amazon0302.mtx P=4 rank=2 nrows_local=65578 ncols_global=262111 nnz_local=308729 n_ghost=30486 compute_avg_ms=0.032768 compute_min_ms=0.031744 compute_max_ms=0.033792 compute_var_ms=0.000000419 compute_gflops=18.843323 eff_bw_gbs=103.110230 pct_peak_bw=11.0501 comm_avg_ms=0.090617 comm_min_ms=0.085357 comm_max_ms=0.101314 comm_var_ms=0.000011319 total_avg_ms=0.123385 total_min_ms=0.118125 total_max_ms=0.134082 total_var_ms=0.000011149 effective_gflops=5.004302
RESULT comm=fennel_nccl kernel=cusparse matrix=amazon0302.mtx P=4 rank=3 nrows_local=65580 ncols_global=262111 nnz_local=308787 n_ghost=31145 compute_avg_ms=0.033007 compute_min_ms=0.031744 compute_max_ms=0.034816 compute_var_ms=0.000000537 compute_gflops=18.710433 eff_bw_gbs=102.458473 pct_peak_bw=10.9802 comm_avg_ms=0.075939 comm_min_ms=0.072054 comm_max_ms=0.106203 comm_var_ms=0.000033719 total_avg_ms=0.108946 total_min_ms=0.104822 total_max_ms=0.139995 total_var_ms=0.000035867 effective_gflops=5.668625
[ERROR CHECKING] OK!

=== Job done ===
