=== D2_final intelligent-partitioning (Fennel/LDG, cuSPARSE) small-matrix check ===
Node:     edu01
Date:     Thu Jul 23 02:04:27 PM CEST 2026
Matrix:   ../matrices/cit-Patents.mtx
Reps:     3

--- P=1 rep=1/3 driver=spmv_fennel_nccl_cusparse ---
Loaded ../matrices/cit-Patents.mtx: 3774768 x 3774768, 16518948 nnz
RESULT comm=fennel_nccl kernel=cusparse matrix=cit-Patents.mtx P=1 rank=0 nrows_local=3774768 ncols_global=3774768 nnz_local=16518948 n_ghost=0 compute_avg_ms=0.936073 compute_min_ms=0.927744 compute_max_ms=0.941056 compute_var_ms=0.000008230 compute_gflops=35.294162 eff_bw_gbs=189.567366 pct_peak_bw=20.3154 comm_avg_ms=0.001042 comm_min_ms=0.000992 comm_max_ms=0.001322 comm_var_ms=0.000000004 total_avg_ms=0.937115 total_min_ms=0.928744 total_max_ms=0.942378 total_var_ms=0.000008397 effective_gflops=35.254907
[ERROR CHECKING] OK!

--- P=2 rep=1/3 driver=spmv_fennel_nccl_cusparse ---
Loaded ../matrices/cit-Patents.mtx: 3774768 x 3774768, 16518948 nnz
RESULT comm=fennel_nccl kernel=cusparse matrix=cit-Patents.mtx P=2 rank=1 nrows_local=1868580 ncols_global=3774768 nnz_local=8259475 n_ghost=751040 compute_avg_ms=0.563166 compute_min_ms=0.555008 compute_max_ms=0.573440 compute_var_ms=0.000029813 compute_gflops=29.332299 eff_bw_gbs=162.479526 pct_peak_bw=17.4125 comm_avg_ms=0.461323 comm_min_ms=0.454376 comm_max_ms=0.469356 comm_var_ms=0.000012847 total_avg_ms=1.024489 total_min_ms=1.010408 total_max_ms=1.034182 total_var_ms=0.000041434 effective_gflops=16.124082
RESULT comm=fennel_nccl kernel=cusparse matrix=cit-Patents.mtx P=2 rank=0 nrows_local=1906188 ncols_global=3774768 nnz_local=8259473 n_ghost=745506 compute_avg_ms=0.567876 compute_min_ms=0.556032 compute_max_ms=0.579584 compute_var_ms=0.000037028 compute_gflops=29.088988 eff_bw_gbs=161.887498 pct_peak_bw=17.3491 comm_avg_ms=0.456146 comm_min_ms=0.447655 comm_max_ms=0.471984 comm_var_ms=0.000026570 total_avg_ms=1.024023 total_min_ms=1.010023 total_max_ms=1.048496 total_var_ms=0.000076329 effective_gflops=16.131426
[ERROR CHECKING] OK!

--- P=3 rep=1/3 driver=spmv_fennel_nccl_cusparse ---
Loaded ../matrices/cit-Patents.mtx: 3774768 x 3774768, 16518948 nnz
RESULT comm=fennel_nccl kernel=cusparse matrix=cit-Patents.mtx P=3 rank=0 nrows_local=1253679 ncols_global=3774768 nnz_local=5506217 n_ghost=788108 compute_avg_ms=0.425609 compute_min_ms=0.419840 compute_max_ms=0.433152 compute_var_ms=0.000012547 compute_gflops=25.874561 eff_bw_gbs=146.252520 pct_peak_bw=15.6735 comm_avg_ms=0.659975 comm_min_ms=0.626043 comm_max_ms=0.699432 comm_var_ms=0.000330399 total_avg_ms=1.085583 total_min_ms=1.046907 total_max_ms=1.122344 total_var_ms=0.000298544 effective_gflops=10.144253
RESULT comm=fennel_nccl kernel=cusparse matrix=cit-Patents.mtx P=3 rank=1 nrows_local=1260720 ncols_global=3774768 nnz_local=5506447 n_ghost=779045 compute_avg_ms=0.422229 compute_min_ms=0.414720 compute_max_ms=0.430080 compute_var_ms=0.000012187 compute_gflops=26.082731 eff_bw_gbs=147.541621 pct_peak_bw=15.8116 comm_avg_ms=0.561926 comm_min_ms=0.548375 comm_max_ms=0.580199 comm_var_ms=0.000062972 total_avg_ms=0.984155 total_min_ms=0.972311 total_max_ms=1.002087 total_var_ms=0.000072827 effective_gflops=11.190197
RESULT comm=fennel_nccl kernel=cusparse matrix=cit-Patents.mtx P=3 rank=2 nrows_local=1260369 ncols_global=3774768 nnz_local=5506284 n_ghost=782320 compute_avg_ms=0.413935 compute_min_ms=0.406528 compute_max_ms=0.427008 compute_var_ms=0.000025843 compute_gflops=26.604587 eff_bw_gbs=150.516370 pct_peak_bw=16.1304 comm_avg_ms=0.686225 comm_min_ms=0.649177 comm_max_ms=0.725688 comm_var_ms=0.000329145 total_avg_ms=1.100160 total_min_ms=1.056729 total_max_ms=1.135288 total_var_ms=0.000344488 effective_gflops=10.009972
[ERROR CHECKING] OK!

--- P=4 rep=1/3 driver=spmv_fennel_nccl_cusparse ---
Loaded ../matrices/cit-Patents.mtx: 3774768 x 3774768, 16518948 nnz
RESULT comm=fennel_nccl kernel=cusparse matrix=cit-Patents.mtx P=4 rank=0 nrows_local=930215 ncols_global=3774768 nnz_local=4129712 n_ghost=724892 compute_avg_ms=0.353417 compute_min_ms=0.267264 compute_max_ms=0.388096 compute_var_ms=0.002188709 compute_gflops=23.370225 eff_bw_gbs=133.270076 pct_peak_bw=14.2822 comm_avg_ms=4.268297 comm_min_ms=0.536244 comm_max_ms=12.456695 comm_var_ms=9.760182906 total_avg_ms=4.621713 total_min_ms=0.806580 total_max_ms=12.723959 total_var_ms=9.714339835 effective_gflops=1.787091
RESULT comm=fennel_nccl kernel=cusparse matrix=cit-Patents.mtx P=4 rank=1 nrows_local=959556 ncols_global=3774768 nnz_local=4130082 n_ghost=734717 compute_avg_ms=0.362598 compute_min_ms=0.354304 compute_max_ms=0.370688 compute_var_ms=0.000021765 compute_gflops=22.780476 eff_bw_gbs=130.982928 pct_peak_bw=14.0371 comm_avg_ms=4.402459 comm_min_ms=0.683149 comm_max_ms=12.635400 comm_var_ms=9.859570122 total_avg_ms=4.765057 total_min_ms=1.041549 total_max_ms=12.989704 total_var_ms=9.853957464 effective_gflops=1.733487
RESULT comm=fennel_nccl kernel=cusparse matrix=cit-Patents.mtx P=4 rank=2 nrows_local=943968 ncols_global=3774768 nnz_local=4129575 n_ghost=724204 compute_avg_ms=0.314095 compute_min_ms=0.258048 compute_max_ms=0.364544 compute_var_ms=0.002371455 compute_gflops=26.295076 eff_bw_gbs=150.467362 pct_peak_bw=16.1252 comm_avg_ms=4.436070 comm_min_ms=0.727601 comm_max_ms=12.659287 comm_var_ms=9.846542723 total_avg_ms=4.750165 total_min_ms=0.987948 total_max_ms=12.918359 total_var_ms=9.828323142 effective_gflops=1.738708
RESULT comm=fennel_nccl kernel=cusparse matrix=cit-Patents.mtx P=4 rank=3 nrows_local=941029 ncols_global=3774768 nnz_local=4129579 n_ghost=726353 compute_avg_ms=0.334643 compute_min_ms=0.243712 compute_max_ms=0.369664 compute_var_ms=0.002340939 compute_gflops=24.680489 eff_bw_gbs=141.148530 pct_peak_bw=15.1265 comm_avg_ms=4.415488 comm_min_ms=0.694046 comm_max_ms=12.621294 comm_var_ms=9.811796571 total_avg_ms=4.750131 total_min_ms=0.944926 total_max_ms=12.873198 total_var_ms=9.767437084 effective_gflops=1.738722
[ERROR CHECKING] OK!

--- P=1 rep=2/3 driver=spmv_fennel_nccl_cusparse ---
Loaded ../matrices/cit-Patents.mtx: 3774768 x 3774768, 16518948 nnz
RESULT comm=fennel_nccl kernel=cusparse matrix=cit-Patents.mtx P=1 rank=0 nrows_local=3774768 ncols_global=3774768 nnz_local=16518948 n_ghost=0 compute_avg_ms=0.936209 compute_min_ms=0.929792 compute_max_ms=0.945152 compute_var_ms=0.000011250 compute_gflops=35.289015 eff_bw_gbs=189.539720 pct_peak_bw=20.3125 comm_avg_ms=0.001047 comm_min_ms=0.000940 comm_max_ms=0.002575 comm_var_ms=0.000000084 total_avg_ms=0.937256 total_min_ms=0.930732 total_max_ms=0.946126 total_var_ms=0.000011091 effective_gflops=35.249582
[ERROR CHECKING] OK!

--- P=2 rep=2/3 driver=spmv_fennel_nccl_cusparse ---
Loaded ../matrices/cit-Patents.mtx: 3774768 x 3774768, 16518948 nnz
RESULT comm=fennel_nccl kernel=cusparse matrix=cit-Patents.mtx P=2 rank=1 nrows_local=1868580 ncols_global=3774768 nnz_local=8259475 n_ghost=751040 compute_avg_ms=0.561937 compute_min_ms=0.553984 compute_max_ms=0.569344 compute_var_ms=0.000023746 compute_gflops=29.396441 eff_bw_gbs=162.834824 pct_peak_bw=17.4506 comm_avg_ms=0.460302 comm_min_ms=0.451406 comm_max_ms=0.472060 comm_var_ms=0.000020957 total_avg_ms=1.022239 total_min_ms=1.008462 total_max_ms=1.031533 total_var_ms=0.000031010 effective_gflops=16.159582
RESULT comm=fennel_nccl kernel=cusparse matrix=cit-Patents.mtx P=2 rank=0 nrows_local=1906188 ncols_global=3774768 nnz_local=8259473 n_ghost=745506 compute_avg_ms=0.567228 compute_min_ms=0.557056 compute_max_ms=0.574464 compute_var_ms=0.000024532 compute_gflops=29.122247 eff_bw_gbs=162.072590 pct_peak_bw=17.3689 comm_avg_ms=0.457874 comm_min_ms=0.446115 comm_max_ms=0.469300 comm_var_ms=0.000044910 total_avg_ms=1.025102 total_min_ms=1.008291 total_max_ms=1.040692 total_var_ms=0.000069654 effective_gflops=16.114447
[ERROR CHECKING] OK!

--- P=3 rep=2/3 driver=spmv_fennel_nccl_cusparse ---
Loaded ../matrices/cit-Patents.mtx: 3774768 x 3774768, 16518948 nnz
RESULT comm=fennel_nccl kernel=cusparse matrix=cit-Patents.mtx P=3 rank=0 nrows_local=1253679 ncols_global=3774768 nnz_local=5506217 n_ghost=788108 compute_avg_ms=0.426940 compute_min_ms=0.418816 compute_max_ms=0.435200 compute_var_ms=0.000019569 compute_gflops=25.793884 eff_bw_gbs=145.796503 pct_peak_bw=15.6246 comm_avg_ms=0.670552 comm_min_ms=0.627231 comm_max_ms=0.694062 comm_var_ms=0.000215009 total_avg_ms=1.097492 total_min_ms=1.055263 total_max_ms=1.128238 total_var_ms=0.000265285 effective_gflops=10.034181
RESULT comm=fennel_nccl kernel=cusparse matrix=cit-Patents.mtx P=3 rank=1 nrows_local=1260720 ncols_global=3774768 nnz_local=5506447 n_ghost=779045 compute_avg_ms=0.421683 compute_min_ms=0.414720 compute_max_ms=0.427008 compute_var_ms=0.000014009 compute_gflops=26.116511 eff_bw_gbs=147.732705 pct_peak_bw=15.8321 comm_avg_ms=0.562764 comm_min_ms=0.553598 comm_max_ms=0.573267 comm_var_ms=0.000030010 total_avg_ms=0.984447 total_min_ms=0.971217 total_max_ms=0.997332 total_var_ms=0.000050259 effective_gflops=11.186887
RESULT comm=fennel_nccl kernel=cusparse matrix=cit-Patents.mtx P=3 rank=2 nrows_local=1260369 ncols_global=3774768 nnz_local=5506284 n_ghost=782320 compute_avg_ms=0.413218 compute_min_ms=0.406528 compute_max_ms=0.422912 compute_var_ms=0.000019625 compute_gflops=26.650737 eff_bw_gbs=150.777468 pct_peak_bw=16.1584 comm_avg_ms=0.698651 comm_min_ms=0.646250 comm_max_ms=0.723503 comm_var_ms=0.000263119 total_avg_ms=1.111870 total_min_ms=1.063018 total_max_ms=1.143343 total_var_ms=0.000240068 effective_gflops=9.904551
[ERROR CHECKING] OK!

--- P=4 rep=2/3 driver=spmv_fennel_nccl_cusparse ---
Loaded ../matrices/cit-Patents.mtx: 3774768 x 3774768, 16518948 nnz
RESULT comm=fennel_nccl kernel=cusparse matrix=cit-Patents.mtx P=4 rank=0 nrows_local=930215 ncols_global=3774768 nnz_local=4129712 n_ghost=724892 compute_avg_ms=0.378743 compute_min_ms=0.369664 compute_max_ms=0.389120 compute_var_ms=0.000028782 compute_gflops=21.807436 eff_bw_gbs=124.358178 pct_peak_bw=13.3271 comm_avg_ms=3.937932 comm_min_ms=0.647697 comm_max_ms=15.532435 comm_var_ms=11.123346867 total_avg_ms=4.316675 total_min_ms=1.023307 total_max_ms=15.918483 total_var_ms=11.124851362 effective_gflops=1.913376
RESULT comm=fennel_nccl kernel=cusparse matrix=cit-Patents.mtx P=4 rank=1 nrows_local=959556 ncols_global=3774768 nnz_local=4130082 n_ghost=734717 compute_avg_ms=0.335906 compute_min_ms=0.283648 compute_max_ms=0.372736 compute_var_ms=0.001382267 compute_gflops=24.590691 eff_bw_gbs=141.391286 pct_peak_bw=15.1525 comm_avg_ms=4.103986 comm_min_ms=0.794933 comm_max_ms=15.752358 comm_var_ms=11.175657211 total_avg_ms=4.439892 total_min_ms=1.094587 total_max_ms=16.118950 total_var_ms=11.140657990 effective_gflops=1.860443
RESULT comm=fennel_nccl kernel=cusparse matrix=cit-Patents.mtx P=4 rank=2 nrows_local=943968 ncols_global=3774768 nnz_local=4129575 n_ghost=724204 compute_avg_ms=0.360038 compute_min_ms=0.351232 compute_max_ms=0.367616 compute_var_ms=0.000016889 compute_gflops=22.939636 eff_bw_gbs=131.266654 pct_peak_bw=14.0675 comm_avg_ms=4.147955 comm_min_ms=0.839910 comm_max_ms=15.801799 comm_var_ms=11.178750785 total_avg_ms=4.507994 total_min_ms=1.202406 total_max_ms=16.164295 total_var_ms=11.179850288 effective_gflops=1.832112
RESULT comm=fennel_nccl kernel=cusparse matrix=cit-Patents.mtx P=4 rank=3 nrows_local=941029 ncols_global=3774768 nnz_local=4129579 n_ghost=726353 compute_avg_ms=0.338637 compute_min_ms=0.280576 compute_max_ms=0.370688 compute_var_ms=0.001274100 compute_gflops=24.389428 eff_bw_gbs=139.483943 pct_peak_bw=14.9481 comm_avg_ms=4.113096 comm_min_ms=0.807845 comm_max_ms=15.769816 comm_var_ms=11.172208091 total_avg_ms=4.451733 total_min_ms=1.166245 total_max_ms=16.123096 total_var_ms=11.099460445 effective_gflops=1.855268
[ERROR CHECKING] OK!

--- P=1 rep=3/3 driver=spmv_fennel_nccl_cusparse ---
Loaded ../matrices/cit-Patents.mtx: 3774768 x 3774768, 16518948 nnz
RESULT comm=fennel_nccl kernel=cusparse matrix=cit-Patents.mtx P=1 rank=0 nrows_local=3774768 ncols_global=3774768 nnz_local=16518948 n_ghost=0 compute_avg_ms=0.937643 compute_min_ms=0.932864 compute_max_ms=0.943104 compute_var_ms=0.000006455 compute_gflops=35.235060 eff_bw_gbs=189.249924 pct_peak_bw=20.2814 comm_avg_ms=0.001089 comm_min_ms=0.001029 comm_max_ms=0.001326 comm_var_ms=0.000000003 total_avg_ms=0.938731 total_min_ms=0.933928 total_max_ms=0.944161 total_var_ms=0.000006429 effective_gflops=35.194201
[ERROR CHECKING] OK!

--- P=2 rep=3/3 driver=spmv_fennel_nccl_cusparse ---
Loaded ../matrices/cit-Patents.mtx: 3774768 x 3774768, 16518948 nnz
RESULT comm=fennel_nccl kernel=cusparse matrix=cit-Patents.mtx P=2 rank=1 nrows_local=1868580 ncols_global=3774768 nnz_local=8259475 n_ghost=751040 compute_avg_ms=0.562893 compute_min_ms=0.556032 compute_max_ms=0.571392 compute_var_ms=0.000024128 compute_gflops=29.346529 eff_bw_gbs=162.558348 pct_peak_bw=17.4209 comm_avg_ms=0.466363 comm_min_ms=0.453853 comm_max_ms=0.477418 comm_var_ms=0.000019869 total_avg_ms=1.029255 total_min_ms=1.016455 total_max_ms=1.041642 total_var_ms=0.000045284 effective_gflops=16.049418
RESULT comm=fennel_nccl kernel=cusparse matrix=cit-Patents.mtx P=2 rank=0 nrows_local=1906188 ncols_global=3774768 nnz_local=8259473 n_ghost=745506 compute_avg_ms=0.567979 compute_min_ms=0.560128 compute_max_ms=0.575488 compute_var_ms=0.000023302 compute_gflops=29.083744 eff_bw_gbs=161.858312 pct_peak_bw=17.3459 comm_avg_ms=0.464697 comm_min_ms=0.450426 comm_max_ms=0.476533 comm_var_ms=0.000046098 total_avg_ms=1.032676 total_min_ms=1.011578 total_max_ms=1.046611 total_var_ms=0.000073568 effective_gflops=15.996251
[ERROR CHECKING] OK!

--- P=3 rep=3/3 driver=spmv_fennel_nccl_cusparse ---
Loaded ../matrices/cit-Patents.mtx: 3774768 x 3774768, 16518948 nnz
RESULT comm=fennel_nccl kernel=cusparse matrix=cit-Patents.mtx P=3 rank=0 nrows_local=1253679 ncols_global=3774768 nnz_local=5506217 n_ghost=788108 compute_avg_ms=0.424619 compute_min_ms=0.414720 compute_max_ms=0.432128 compute_var_ms=0.000020086 compute_gflops=25.934880 eff_bw_gbs=146.593462 pct_peak_bw=15.7100 comm_avg_ms=0.660507 comm_min_ms=0.626061 comm_max_ms=0.688388 comm_var_ms=0.000373958 total_avg_ms=1.085125 total_min_ms=1.046925 total_max_ms=1.116825 total_var_ms=0.000363176 effective_gflops=10.148536
RESULT comm=fennel_nccl kernel=cusparse matrix=cit-Patents.mtx P=3 rank=1 nrows_local=1260720 ncols_global=3774768 nnz_local=5506447 n_ghost=779045 compute_avg_ms=0.421171 compute_min_ms=0.414720 compute_max_ms=0.429056 compute_var_ms=0.000017696 compute_gflops=26.148260 eff_bw_gbs=147.912298 pct_peak_bw=15.8514 comm_avg_ms=0.563685 comm_min_ms=0.553635 comm_max_ms=0.572847 comm_var_ms=0.000028551 total_avg_ms=0.984856 total_min_ms=0.971396 total_max_ms=0.997132 total_var_ms=0.000036664 effective_gflops=11.182234
RESULT comm=fennel_nccl kernel=cusparse matrix=cit-Patents.mtx P=3 rank=2 nrows_local=1260369 ncols_global=3774768 nnz_local=5506284 n_ghost=782320 compute_avg_ms=0.415061 compute_min_ms=0.407552 compute_max_ms=0.423936 compute_var_ms=0.000019737 compute_gflops=26.532387 eff_bw_gbs=150.107897 pct_peak_bw=16.0867 comm_avg_ms=0.686964 comm_min_ms=0.641297 comm_max_ms=0.718175 comm_var_ms=0.000437341 total_avg_ms=1.102026 total_min_ms=1.053969 total_max_ms=1.135967 total_var_ms=0.000446587 effective_gflops=9.993023
[ERROR CHECKING] OK!

--- P=4 rep=3/3 driver=spmv_fennel_nccl_cusparse ---
Loaded ../matrices/cit-Patents.mtx: 3774768 x 3774768, 16518948 nnz
RESULT comm=fennel_nccl kernel=cusparse matrix=cit-Patents.mtx P=4 rank=0 nrows_local=930215 ncols_global=3774768 nnz_local=4129712 n_ghost=724892 compute_avg_ms=0.378641 compute_min_ms=0.370688 compute_max_ms=0.390144 compute_var_ms=0.000030177 compute_gflops=21.813334 eff_bw_gbs=124.391811 pct_peak_bw=13.3307 comm_avg_ms=2.533762 comm_min_ms=0.654029 comm_max_ms=6.203220 comm_var_ms=3.746760447 total_avg_ms=2.912403 total_min_ms=1.029644 total_max_ms=6.576980 total_var_ms=3.744981023 effective_gflops=2.835948
RESULT comm=fennel_nccl kernel=cusparse matrix=cit-Patents.mtx P=4 rank=1 nrows_local=959556 ncols_global=3774768 nnz_local=4130082 n_ghost=734717 compute_avg_ms=0.364646 compute_min_ms=0.356352 compute_max_ms=0.373760 compute_var_ms=0.000023583 compute_gflops=22.652531 eff_bw_gbs=130.247275 pct_peak_bw=13.9583 comm_avg_ms=2.646045 comm_min_ms=0.759354 comm_max_ms=6.406274 comm_var_ms=3.752456795 total_avg_ms=3.010692 total_min_ms=1.122737 total_max_ms=6.769794 total_var_ms=3.749941577 effective_gflops=2.743610
RESULT comm=fennel_nccl kernel=cusparse matrix=cit-Patents.mtx P=4 rank=2 nrows_local=943968 ncols_global=3774768 nnz_local=4129575 n_ghost=724204 compute_avg_ms=0.359049 compute_min_ms=0.350208 compute_max_ms=0.365568 compute_var_ms=0.000019747 compute_gflops=23.002879 eff_bw_gbs=131.628545 pct_peak_bw=14.1063 comm_avg_ms=2.697041 comm_min_ms=0.803464 comm_max_ms=6.449080 comm_var_ms=3.766058714 total_avg_ms=3.056090 total_min_ms=1.159949 total_max_ms=6.812600 total_var_ms=3.770641999 effective_gflops=2.702522
RESULT comm=fennel_nccl kernel=cusparse matrix=cit-Patents.mtx P=4 rank=3 nrows_local=941029 ncols_global=3774768 nnz_local=4129579 n_ghost=726353 compute_avg_ms=0.361301 compute_min_ms=0.350208 compute_max_ms=0.368640 compute_var_ms=0.000023913 compute_gflops=22.859473 eff_bw_gbs=130.734076 pct_peak_bw=14.0104 comm_avg_ms=2.655787 comm_min_ms=0.762923 comm_max_ms=6.432778 comm_var_ms=3.759914481 total_avg_ms=3.017088 total_min_ms=1.121072 total_max_ms=6.798346 total_var_ms=3.765846195 effective_gflops=2.737460
[ERROR CHECKING] OK!

=== Job done ===
