=== D2_final intelligent-partitioning (Fennel/LDG, cuSPARSE) small-matrix check ===
Node:     edu01
Date:     Thu Jul 23 02:11:58 PM CEST 2026
Matrix:   ../matrices/thermal2.mtx
Reps:     3

--- P=1 rep=1/3 driver=spmv_fennel_nccl_cusparse ---
Loaded ../matrices/thermal2.mtx: 1228045 x 1228045, 8580313 nnz
RESULT comm=fennel_nccl kernel=cusparse matrix=thermal2.mtx P=1 rank=0 nrows_local=1228045 ncols_global=1228045 nnz_local=8580313 n_ghost=0 compute_avg_ms=0.248525 compute_min_ms=0.246784 compute_max_ms=0.249856 compute_var_ms=0.000000710 compute_gflops=69.049954 eff_bw_gbs=335.495888 pct_peak_bw=35.9542 comm_avg_ms=0.000981 comm_min_ms=0.000957 comm_max_ms=0.001009 comm_var_ms=0.000000000 total_avg_ms=0.249506 total_min_ms=0.247754 total_max_ms=0.250865 total_var_ms=0.000000713 effective_gflops=68.778429
[ERROR CHECKING] OK!

--- P=2 rep=1/3 driver=spmv_fennel_nccl_cusparse ---
Loaded ../matrices/thermal2.mtx: 1228045 x 1228045, 8580313 nnz
RESULT comm=fennel_nccl kernel=cusparse matrix=thermal2.mtx P=2 rank=1 nrows_local=614006 ncols_global=1228045 nnz_local=4290156 n_ghost=355684 compute_avg_ms=0.141995 compute_min_ms=0.140288 compute_max_ms=0.143360 compute_var_ms=0.000000583 compute_gflops=60.427002 eff_bw_gbs=303.617460 pct_peak_bw=32.5379 comm_avg_ms=0.421881 comm_min_ms=0.417172 comm_max_ms=0.430027 comm_var_ms=0.000012311 total_avg_ms=0.563876 total_min_ms=0.559583 total_max_ms=0.572363 total_var_ms=0.000011782 effective_gflops=15.216674
RESULT comm=fennel_nccl kernel=cusparse matrix=thermal2.mtx P=2 rank=0 nrows_local=614039 ncols_global=1228045 nnz_local=4290157 n_ghost=355961 compute_avg_ms=0.140527 compute_min_ms=0.139264 compute_max_ms=0.141312 compute_var_ms=0.000000327 compute_gflops=61.058147 eff_bw_gbs=306.799355 pct_peak_bw=32.8789 comm_avg_ms=0.413493 comm_min_ms=0.406402 comm_max_ms=0.420899 comm_var_ms=0.000012011 total_avg_ms=0.554020 total_min_ms=0.546690 total_max_ms=0.561187 total_var_ms=0.000012916 effective_gflops=15.487374
[ERROR CHECKING] OK!

--- P=3 rep=1/3 driver=spmv_fennel_nccl_cusparse ---
Loaded ../matrices/thermal2.mtx: 1228045 x 1228045, 8580313 nnz
RESULT comm=fennel_nccl kernel=cusparse matrix=thermal2.mtx P=3 rank=1 nrows_local=409348 ncols_global=1228045 nnz_local=2860104 n_ghost=357744 compute_avg_ms=0.100625 compute_min_ms=0.099328 compute_max_ms=0.102400 compute_var_ms=0.000000694 compute_gflops=56.846752 eff_bw_gbs=290.424542 pct_peak_bw=31.1240 comm_avg_ms=0.297281 comm_min_ms=0.288359 comm_max_ms=0.313937 comm_var_ms=0.000034678 total_avg_ms=0.397906 total_min_ms=0.388711 total_max_ms=0.414289 total_var_ms=0.000034181 effective_gflops=14.375791
RESULT comm=fennel_nccl kernel=cusparse matrix=thermal2.mtx P=3 rank=2 nrows_local=409330 ncols_global=1228045 nnz_local=2860104 n_ghost=357537 compute_avg_ms=0.098884 compute_min_ms=0.098304 compute_max_ms=0.100352 compute_var_ms=0.000000397 compute_gflops=57.847504 eff_bw_gbs=295.526730 pct_peak_bw=31.6708 comm_avg_ms=0.340238 comm_min_ms=0.313976 comm_max_ms=0.358306 comm_var_ms=0.000112379 total_avg_ms=0.439122 total_min_ms=0.413304 total_max_ms=0.456610 total_var_ms=0.000109130 effective_gflops=13.026458
RESULT comm=fennel_nccl kernel=cusparse matrix=thermal2.mtx P=3 rank=0 nrows_local=409367 ncols_global=1228045 nnz_local=2860105 n_ghost=356703 compute_avg_ms=0.099942 compute_min_ms=0.099328 compute_max_ms=0.101376 compute_var_ms=0.000000391 compute_gflops=57.235069 eff_bw_gbs=292.369015 pct_peak_bw=31.3324 comm_avg_ms=0.319056 comm_min_ms=0.304499 comm_max_ms=0.333879 comm_var_ms=0.000067774 total_avg_ms=0.418998 total_min_ms=0.404676 total_max_ms=0.433207 total_var_ms=0.000067759 effective_gflops=13.652111
[ERROR CHECKING] OK!

--- P=4 rep=1/3 driver=spmv_fennel_nccl_cusparse ---
Loaded ../matrices/thermal2.mtx: 1228045 x 1228045, 8580313 nnz
RESULT comm=fennel_nccl kernel=cusparse matrix=thermal2.mtx P=4 rank=1 nrows_local=306997 ncols_global=1228045 nnz_local=2145078 n_ghost=321633 compute_avg_ms=0.081510 compute_min_ms=0.080896 compute_max_ms=0.082944 compute_var_ms=0.000000461 compute_gflops=52.633236 eff_bw_gbs=271.512894 pct_peak_bw=29.0973 comm_avg_ms=0.981255 comm_min_ms=0.379886 comm_max_ms=2.991702 comm_var_ms=0.973784419 total_avg_ms=1.062765 total_min_ms=0.461806 total_max_ms=3.072598 total_var_ms=0.973906693 effective_gflops=4.036787
RESULT comm=fennel_nccl kernel=cusparse matrix=thermal2.mtx P=4 rank=2 nrows_local=307043 ncols_global=1228045 nnz_local=2145078 n_ghost=321763 compute_avg_ms=0.079394 compute_min_ms=0.077824 compute_max_ms=0.080896 compute_var_ms=0.000000541 compute_gflops=54.036186 eff_bw_gbs=278.763630 pct_peak_bw=29.8744 comm_avg_ms=0.973752 comm_min_ms=0.368350 comm_max_ms=2.978915 comm_var_ms=0.970540124 total_avg_ms=1.053147 total_min_ms=0.448222 total_max_ms=3.056739 total_var_ms=0.970452365 effective_gflops=4.073655
RESULT comm=fennel_nccl kernel=cusparse matrix=thermal2.mtx P=4 rank=0 nrows_local=306984 ncols_global=1228045 nnz_local=2145079 n_ghost=321388 compute_avg_ms=0.080316 compute_min_ms=0.078848 compute_max_ms=0.081920 compute_var_ms=0.000000467 compute_gflops=53.416161 eff_bw_gbs=275.537504 pct_peak_bw=29.5286 comm_avg_ms=0.877383 comm_min_ms=0.272910 comm_max_ms=2.897336 comm_var_ms=0.978140590 total_avg_ms=0.957698 total_min_ms=0.353806 total_max_ms=2.978232 total_var_ms=0.978111874 effective_gflops=4.479654
RESULT comm=fennel_nccl kernel=cusparse matrix=thermal2.mtx P=4 rank=3 nrows_local=307021 ncols_global=1228045 nnz_local=2145078 n_ghost=321579 compute_avg_ms=0.080964 compute_min_ms=0.079872 compute_max_ms=0.082944 compute_var_ms=0.000000555 compute_gflops=52.988266 eff_bw_gbs=273.345237 pct_peak_bw=29.2937 comm_avg_ms=0.929937 comm_min_ms=0.330340 comm_max_ms=2.925856 comm_var_ms=0.960615692 total_avg_ms=1.010902 total_min_ms=0.411236 total_max_ms=3.006752 total_var_ms=0.960729017 effective_gflops=4.243891
[ERROR CHECKING] OK!

--- P=1 rep=2/3 driver=spmv_fennel_nccl_cusparse ---
Loaded ../matrices/thermal2.mtx: 1228045 x 1228045, 8580313 nnz
RESULT comm=fennel_nccl kernel=cusparse matrix=thermal2.mtx P=1 rank=0 nrows_local=1228045 ncols_global=1228045 nnz_local=8580313 n_ghost=0 compute_avg_ms=0.248252 compute_min_ms=0.246784 compute_max_ms=0.250880 compute_var_ms=0.000000957 compute_gflops=69.125906 eff_bw_gbs=335.864918 pct_peak_bw=35.9938 comm_avg_ms=0.001048 comm_min_ms=0.000993 comm_max_ms=0.001561 comm_var_ms=0.000000010 total_avg_ms=0.249300 total_min_ms=0.247783 total_max_ms=0.251902 total_var_ms=0.000000992 effective_gflops=68.835307
[ERROR CHECKING] OK!

--- P=2 rep=2/3 driver=spmv_fennel_nccl_cusparse ---
Loaded ../matrices/thermal2.mtx: 1228045 x 1228045, 8580313 nnz
RESULT comm=fennel_nccl kernel=cusparse matrix=thermal2.mtx P=2 rank=1 nrows_local=614006 ncols_global=1228045 nnz_local=4290156 n_ghost=355684 compute_avg_ms=0.142336 compute_min_ms=0.141312 compute_max_ms=0.143360 compute_var_ms=0.000000559 compute_gflops=60.282093 eff_bw_gbs=302.889360 pct_peak_bw=32.4599 comm_avg_ms=0.425461 comm_min_ms=0.418431 comm_max_ms=0.430437 comm_var_ms=0.000006678 total_avg_ms=0.567797 total_min_ms=0.561791 total_max_ms=0.571749 total_var_ms=0.000006961 effective_gflops=15.111582
RESULT comm=fennel_nccl kernel=cusparse matrix=thermal2.mtx P=2 rank=0 nrows_local=614039 ncols_global=1228045 nnz_local=4290157 n_ghost=355961 compute_avg_ms=0.140561 compute_min_ms=0.139264 compute_max_ms=0.142336 compute_var_ms=0.000000555 compute_gflops=61.043319 eff_bw_gbs=306.724852 pct_peak_bw=32.8709 comm_avg_ms=0.416316 comm_min_ms=0.410270 comm_max_ms=0.422909 comm_var_ms=0.000009633 total_avg_ms=0.556877 total_min_ms=0.550558 total_max_ms=0.564221 total_var_ms=0.000010352 effective_gflops=15.407920
[ERROR CHECKING] OK!

--- P=3 rep=2/3 driver=spmv_fennel_nccl_cusparse ---
Loaded ../matrices/thermal2.mtx: 1228045 x 1228045, 8580313 nnz
RESULT comm=fennel_nccl kernel=cusparse matrix=thermal2.mtx P=3 rank=1 nrows_local=409348 ncols_global=1228045 nnz_local=2860104 n_ghost=357744 compute_avg_ms=0.100693 compute_min_ms=0.099328 compute_max_ms=0.102400 compute_var_ms=0.000000652 compute_gflops=56.808212 eff_bw_gbs=290.227644 pct_peak_bw=31.1029 comm_avg_ms=0.307941 comm_min_ms=0.294117 comm_max_ms=0.333929 comm_var_ms=0.000126882 total_avg_ms=0.408634 total_min_ms=0.393926 total_max_ms=0.435305 total_var_ms=0.000131273 effective_gflops=13.998360
RESULT comm=fennel_nccl kernel=cusparse matrix=thermal2.mtx P=3 rank=2 nrows_local=409330 ncols_global=1228045 nnz_local=2860104 n_ghost=357537 compute_avg_ms=0.099089 compute_min_ms=0.098304 compute_max_ms=0.101376 compute_var_ms=0.000000397 compute_gflops=57.727944 eff_bw_gbs=294.915932 pct_peak_bw=31.6054 comm_avg_ms=0.341607 comm_min_ms=0.329022 comm_max_ms=0.356379 comm_var_ms=0.000044566 total_avg_ms=0.440696 total_min_ms=0.427326 total_max_ms=0.457755 total_var_ms=0.000045910 effective_gflops=12.979954
RESULT comm=fennel_nccl kernel=cusparse matrix=thermal2.mtx P=3 rank=0 nrows_local=409367 ncols_global=1228045 nnz_local=2860105 n_ghost=356703 compute_avg_ms=0.099942 compute_min_ms=0.098304 compute_max_ms=0.101376 compute_var_ms=0.000000461 compute_gflops=57.235069 eff_bw_gbs=292.369014 pct_peak_bw=31.3324 comm_avg_ms=0.317347 comm_min_ms=0.304917 comm_max_ms=0.343702 comm_var_ms=0.000065590 total_avg_ms=0.417290 total_min_ms=0.404334 total_max_ms=0.443030 total_var_ms=0.000066859 effective_gflops=13.708004
[ERROR CHECKING] OK!

--- P=4 rep=2/3 driver=spmv_fennel_nccl_cusparse ---
Loaded ../matrices/thermal2.mtx: 1228045 x 1228045, 8580313 nnz
RESULT comm=fennel_nccl kernel=cusparse matrix=thermal2.mtx P=4 rank=0 nrows_local=306984 ncols_global=1228045 nnz_local=2145079 n_ghost=321388 compute_avg_ms=0.080282 compute_min_ms=0.078848 compute_max_ms=0.081920 compute_var_ms=0.000000671 compute_gflops=53.438872 eff_bw_gbs=275.654655 pct_peak_bw=29.5412 comm_avg_ms=0.437500 comm_min_ms=0.272846 comm_max_ms=2.703016 comm_var_ms=0.299245557 total_avg_ms=0.517781 total_min_ms=0.353742 total_max_ms=2.781864 total_var_ms=0.298971122 effective_gflops=8.285654
RESULT comm=fennel_nccl kernel=cusparse matrix=thermal2.mtx P=4 rank=1 nrows_local=306997 ncols_global=1228045 nnz_local=2145078 n_ghost=321633 compute_avg_ms=0.081374 compute_min_ms=0.079872 compute_max_ms=0.083968 compute_var_ms=0.000000750 compute_gflops=52.721547 eff_bw_gbs=271.968453 pct_peak_bw=29.1461 comm_avg_ms=0.536489 comm_min_ms=0.366601 comm_max_ms=2.798378 comm_var_ms=0.302680489 total_avg_ms=0.617863 total_min_ms=0.448521 total_max_ms=2.880298 total_var_ms=0.302836199 effective_gflops=6.943542
RESULT comm=fennel_nccl kernel=cusparse matrix=thermal2.mtx P=4 rank=2 nrows_local=307043 ncols_global=1228045 nnz_local=2145078 n_ghost=321763 compute_avg_ms=0.079223 compute_min_ms=0.077824 compute_max_ms=0.080896 compute_var_ms=0.000000453 compute_gflops=54.152593 eff_bw_gbs=279.364155 pct_peak_bw=29.9387 comm_avg_ms=0.530247 comm_min_ms=0.365253 comm_max_ms=2.794048 comm_var_ms=0.303509949 total_avg_ms=0.609471 total_min_ms=0.445043 total_max_ms=2.872896 total_var_ms=0.303393977 effective_gflops=7.039148
RESULT comm=fennel_nccl kernel=cusparse matrix=thermal2.mtx P=4 rank=3 nrows_local=307021 ncols_global=1228045 nnz_local=2145078 n_ghost=321579 compute_avg_ms=0.080725 compute_min_ms=0.079872 compute_max_ms=0.081920 compute_var_ms=0.000000425 compute_gflops=53.145103 eff_bw_gbs=274.154293 pct_peak_bw=29.3804 comm_avg_ms=0.492113 comm_min_ms=0.322374 comm_max_ms=2.756551 comm_var_ms=0.301249214 total_avg_ms=0.572838 total_min_ms=0.402246 total_max_ms=2.836423 total_var_ms=0.301137646 effective_gflops=7.489302
[ERROR CHECKING] OK!

--- P=1 rep=3/3 driver=spmv_fennel_nccl_cusparse ---
Loaded ../matrices/thermal2.mtx: 1228045 x 1228045, 8580313 nnz
RESULT comm=fennel_nccl kernel=cusparse matrix=thermal2.mtx P=1 rank=0 nrows_local=1228045 ncols_global=1228045 nnz_local=8580313 n_ghost=0 compute_avg_ms=0.248627 compute_min_ms=0.246784 compute_max_ms=0.250880 compute_var_ms=0.000001007 compute_gflops=69.021515 eff_bw_gbs=335.357710 pct_peak_bw=35.9394 comm_avg_ms=0.001019 comm_min_ms=0.000956 comm_max_ms=0.001460 comm_var_ms=0.000000008 total_avg_ms=0.249646 total_min_ms=0.247757 total_max_ms=0.251850 total_var_ms=0.000000980 effective_gflops=68.739767
[ERROR CHECKING] OK!

--- P=2 rep=3/3 driver=spmv_fennel_nccl_cusparse ---
Loaded ../matrices/thermal2.mtx: 1228045 x 1228045, 8580313 nnz
RESULT comm=fennel_nccl kernel=cusparse matrix=thermal2.mtx P=2 rank=1 nrows_local=614006 ncols_global=1228045 nnz_local=4290156 n_ghost=355684 compute_avg_ms=0.142063 compute_min_ms=0.141312 compute_max_ms=0.144384 compute_var_ms=0.000000694 compute_gflops=60.397964 eff_bw_gbs=303.471559 pct_peak_bw=32.5222 comm_avg_ms=0.423845 comm_min_ms=0.413903 comm_max_ms=0.429617 comm_var_ms=0.000014641 total_avg_ms=0.565908 total_min_ms=0.555215 total_max_ms=0.571329 total_var_ms=0.000016465 effective_gflops=15.162025
RESULT comm=fennel_nccl kernel=cusparse matrix=thermal2.mtx P=2 rank=0 nrows_local=614039 ncols_global=1228045 nnz_local=4290157 n_ghost=355961 compute_avg_ms=0.140493 compute_min_ms=0.139264 compute_max_ms=0.142336 compute_var_ms=0.000000797 compute_gflops=61.072981 eff_bw_gbs=306.873891 pct_peak_bw=32.8869 comm_avg_ms=0.417194 comm_min_ms=0.408437 comm_max_ms=0.423409 comm_var_ms=0.000011234 total_avg_ms=0.557687 total_min_ms=0.548725 total_max_ms=0.565012 total_var_ms=0.000013787 effective_gflops=15.385544
[ERROR CHECKING] OK!

--- P=3 rep=3/3 driver=spmv_fennel_nccl_cusparse ---
Loaded ../matrices/thermal2.mtx: 1228045 x 1228045, 8580313 nnz
RESULT comm=fennel_nccl kernel=cusparse matrix=thermal2.mtx P=3 rank=0 nrows_local=409367 ncols_global=1228045 nnz_local=2860105 n_ghost=356703 compute_avg_ms=0.100045 compute_min_ms=0.099328 compute_max_ms=0.101376 compute_var_ms=0.000000430 compute_gflops=57.176487 eff_bw_gbs=292.069763 pct_peak_bw=31.3003 comm_avg_ms=0.323665 comm_min_ms=0.310818 comm_max_ms=0.338910 comm_var_ms=0.000046568 total_avg_ms=0.423710 total_min_ms=0.412194 total_max_ms=0.439262 total_var_ms=0.000046104 effective_gflops=13.500306
RESULT comm=fennel_nccl kernel=cusparse matrix=thermal2.mtx P=3 rank=1 nrows_local=409348 ncols_global=1228045 nnz_local=2860104 n_ghost=357744 compute_avg_ms=0.100659 compute_min_ms=0.099328 compute_max_ms=0.102400 compute_var_ms=0.000000430 compute_gflops=56.827475 eff_bw_gbs=290.326060 pct_peak_bw=31.1135 comm_avg_ms=0.299110 comm_min_ms=0.291619 comm_max_ms=0.306377 comm_var_ms=0.000014723 total_avg_ms=0.399770 total_min_ms=0.392549 total_max_ms=0.406729 total_var_ms=0.000014781 effective_gflops=14.308763
RESULT comm=fennel_nccl kernel=cusparse matrix=thermal2.mtx P=3 rank=2 nrows_local=409330 ncols_global=1228045 nnz_local=2860104 n_ghost=357537 compute_avg_ms=0.099157 compute_min_ms=0.098304 compute_max_ms=0.100352 compute_var_ms=0.000000495 compute_gflops=57.688200 eff_bw_gbs=294.712891 pct_peak_bw=31.5836 comm_avg_ms=0.346174 comm_min_ms=0.325793 comm_max_ms=0.364079 comm_var_ms=0.000067025 total_avg_ms=0.445331 total_min_ms=0.424097 total_max_ms=0.463407 total_var_ms=0.000071428 effective_gflops=12.844842
[ERROR CHECKING] OK!

--- P=4 rep=3/3 driver=spmv_fennel_nccl_cusparse ---
Loaded ../matrices/thermal2.mtx: 1228045 x 1228045, 8580313 nnz
RESULT comm=fennel_nccl kernel=cusparse matrix=thermal2.mtx P=4 rank=0 nrows_local=306984 ncols_global=1228045 nnz_local=2145079 n_ghost=321388 compute_avg_ms=0.080418 compute_min_ms=0.078848 compute_max_ms=0.081920 compute_var_ms=0.000000750 compute_gflops=53.348144 eff_bw_gbs=275.186650 pct_peak_bw=29.4910 comm_avg_ms=0.286862 comm_min_ms=0.279454 comm_max_ms=0.296926 comm_var_ms=0.000017138 total_avg_ms=0.367280 total_min_ms=0.360350 total_max_ms=0.378846 total_var_ms=0.000019090 effective_gflops=11.680899
RESULT comm=fennel_nccl kernel=cusparse matrix=thermal2.mtx P=4 rank=1 nrows_local=306997 ncols_global=1228045 nnz_local=2145078 n_ghost=321633 compute_avg_ms=0.081306 compute_min_ms=0.079872 compute_max_ms=0.082944 compute_var_ms=0.000000461 compute_gflops=52.765813 eff_bw_gbs=272.196806 pct_peak_bw=29.1706 comm_avg_ms=0.383438 comm_min_ms=0.374644 comm_max_ms=0.398481 comm_var_ms=0.000028993 total_avg_ms=0.464744 total_min_ms=0.455540 total_max_ms=0.480401 total_var_ms=0.000030035 effective_gflops=9.231232
RESULT comm=fennel_nccl kernel=cusparse matrix=thermal2.mtx P=4 rank=2 nrows_local=307043 ncols_global=1228045 nnz_local=2145078 n_ghost=321763 compute_avg_ms=0.079804 compute_min_ms=0.078848 compute_max_ms=0.080896 compute_var_ms=0.000000275 compute_gflops=53.758840 eff_bw_gbs=277.332850 pct_peak_bw=29.7210 comm_avg_ms=0.372136 comm_min_ms=0.357731 comm_max_ms=0.389827 comm_var_ms=0.000055716 total_avg_ms=0.451940 total_min_ms=0.437603 total_max_ms=0.470723 total_var_ms=0.000056611 effective_gflops=9.492764
RESULT comm=fennel_nccl kernel=cusparse matrix=thermal2.mtx P=4 rank=3 nrows_local=307021 ncols_global=1228045 nnz_local=2145078 n_ghost=321579 compute_avg_ms=0.081033 compute_min_ms=0.079872 compute_max_ms=0.082944 compute_var_ms=0.000000541 compute_gflops=52.943626 eff_bw_gbs=273.114954 pct_peak_bw=29.2690 comm_avg_ms=0.342642 comm_min_ms=0.334081 comm_max_ms=0.353301 comm_var_ms=0.000028157 total_avg_ms=0.423675 total_min_ms=0.414977 total_max_ms=0.434197 total_var_ms=0.000028160 effective_gflops=10.126059
[ERROR CHECKING] OK!

=== Job done ===
