=== D2_final intelligent-partitioning (Fennel/LDG) small-matrix check ===
Node:     edu01
Date:     Thu Jul 23 12:45:22 PM CEST 2026
Matrix:   ../matrices/cit-Patents.mtx
Reps:     3

--- P=1 rep=1/3 driver=spmv_fennel_nccl_acc ---
Loaded ../matrices/cit-Patents.mtx: 3774768 x 3774768, 16518948 nnz
[kernel] acc -> FLAT (nnz=16518948, avg_nnz=4.38, imbalance=175.95)
RESULT comm=fennel_nccl kernel=acc matrix=cit-Patents.mtx P=1 rank=0 nrows_local=3774768 ncols_global=3774768 nnz_local=16518948 n_ghost=0 compute_avg_ms=0.812203 compute_min_ms=0.806912 compute_max_ms=0.817152 compute_var_ms=0.000006227 compute_gflops=40.676912 eff_bw_gbs=218.557929 pct_peak_bw=23.4223 comm_avg_ms=0.001036 comm_min_ms=0.000978 comm_max_ms=0.001238 comm_var_ms=0.000000002 total_avg_ms=0.813239 total_min_ms=0.807954 total_max_ms=0.818165 total_var_ms=0.000006204 effective_gflops=40.625099
[ERROR CHECKING] OK!

--- P=2 rep=1/3 driver=spmv_fennel_nccl_acc ---
Loaded ../matrices/cit-Patents.mtx: 3774768 x 3774768, 16518948 nnz
[kernel] acc -> FLAT (nnz=8259475, avg_nnz=4.42, imbalance=174.20)
[kernel] acc -> FLAT (nnz=8259473, avg_nnz=4.33, imbalance=171.94)
RESULT comm=fennel_nccl kernel=acc matrix=cit-Patents.mtx P=2 rank=0 nrows_local=1906188 ncols_global=3774768 nnz_local=8259473 n_ghost=745506 compute_avg_ms=0.453598 compute_min_ms=0.449536 compute_max_ms=0.458752 compute_var_ms=0.000006535 compute_gflops=36.417601 eff_bw_gbs=202.744189 pct_peak_bw=21.7276 comm_avg_ms=0.456335 comm_min_ms=0.450606 comm_max_ms=0.464206 comm_var_ms=0.000010651 total_avg_ms=0.909933 total_min_ms=0.901166 total_max_ms=0.918790 total_var_ms=0.000017513 effective_gflops=18.154032
RESULT comm=fennel_nccl kernel=acc matrix=cit-Patents.mtx P=2 rank=1 nrows_local=1868580 ncols_global=3774768 nnz_local=8259475 n_ghost=751040 compute_avg_ms=0.451755 compute_min_ms=0.447488 compute_max_ms=0.456704 compute_var_ms=0.000005389 compute_gflops=36.566197 eff_bw_gbs=202.621455 pct_peak_bw=21.7144 comm_avg_ms=0.457973 comm_min_ms=0.451945 comm_max_ms=0.465793 comm_var_ms=0.000014103 total_avg_ms=0.909728 total_min_ms=0.902587 total_max_ms=0.918421 total_var_ms=0.000020084 effective_gflops=18.158129
[ERROR CHECKING] OK!

--- P=3 rep=1/3 driver=spmv_fennel_nccl_acc ---
Loaded ../matrices/cit-Patents.mtx: 3774768 x 3774768, 16518948 nnz
[kernel] acc -> FLAT (nnz=5506447, avg_nnz=4.37, imbalance=176.29)
[kernel] acc -> FLAT (nnz=5506217, avg_nnz=4.39, imbalance=167.80)
[kernel] acc -> FLAT (nnz=5506284, avg_nnz=4.37, imbalance=170.53)
RESULT comm=fennel_nccl kernel=acc matrix=cit-Patents.mtx P=3 rank=0 nrows_local=1253679 ncols_global=3774768 nnz_local=5506217 n_ghost=788108 compute_avg_ms=0.331366 compute_min_ms=0.325632 compute_max_ms=0.337920 compute_var_ms=0.000005005 compute_gflops=33.233406 eff_bw_gbs=187.912331 pct_peak_bw=20.1381 comm_avg_ms=0.670882 comm_min_ms=0.638050 comm_max_ms=0.719007 comm_var_ms=0.000483081 total_avg_ms=1.002249 total_min_ms=0.969826 total_max_ms=1.049759 total_var_ms=0.000479803 effective_gflops=10.987726
RESULT comm=fennel_nccl kernel=acc matrix=cit-Patents.mtx P=3 rank=1 nrows_local=1260720 ncols_global=3774768 nnz_local=5506447 n_ghost=779045 compute_avg_ms=0.335872 compute_min_ms=0.330752 compute_max_ms=0.340992 compute_var_ms=0.000008389 compute_gflops=32.788961 eff_bw_gbs=185.540658 pct_peak_bw=19.8839 comm_avg_ms=0.563090 comm_min_ms=0.551218 comm_max_ms=0.579797 comm_var_ms=0.000062366 total_avg_ms=0.898962 total_min_ms=0.887048 total_max_ms=0.916693 total_var_ms=0.000069966 effective_gflops=12.250679
RESULT comm=fennel_nccl kernel=acc matrix=cit-Patents.mtx P=3 rank=2 nrows_local=1260369 ncols_global=3774768 nnz_local=5506284 n_ghost=782320 compute_avg_ms=0.325325 compute_min_ms=0.322560 compute_max_ms=0.329728 compute_var_ms=0.000003715 compute_gflops=33.850994 eff_bw_gbs=191.579296 pct_peak_bw=20.5310 comm_avg_ms=0.693080 comm_min_ms=0.657150 comm_max_ms=0.725401 comm_var_ms=0.000292766 total_avg_ms=1.018405 total_min_ms=0.984830 total_max_ms=1.050009 total_var_ms=0.000299676 effective_gflops=10.813547
[ERROR CHECKING] OK!

--- P=4 rep=1/3 driver=spmv_fennel_nccl_acc ---
Loaded ../matrices/cit-Patents.mtx: 3774768 x 3774768, 16518948 nnz
[kernel] acc -> FLAT (nnz=4130082, avg_nnz=4.30, imbalance=178.90)
[kernel] acc -> FLAT (nnz=4129575, avg_nnz=4.37, imbalance=170.30)
[kernel] acc -> FLAT (nnz=4129712, avg_nnz=4.44, imbalance=141.01)
[kernel] acc -> FLAT (nnz=4129579, avg_nnz=4.39, imbalance=167.94)
RESULT comm=fennel_nccl kernel=acc matrix=cit-Patents.mtx P=4 rank=0 nrows_local=930215 ncols_global=3774768 nnz_local=4129712 n_ghost=724892 compute_avg_ms=0.271633 compute_min_ms=0.266240 compute_max_ms=0.277504 compute_var_ms=0.000010691 compute_gflops=30.406549 eff_bw_gbs=173.454509 pct_peak_bw=18.5887 comm_avg_ms=1.736436 comm_min_ms=0.634732 comm_max_ms=7.795519 comm_var_ms=4.637071294 total_avg_ms=2.008069 total_min_ms=0.908746 total_max_ms=8.068927 total_var_ms=4.633012837 effective_gflops=4.113117
RESULT comm=fennel_nccl kernel=acc matrix=cit-Patents.mtx P=4 rank=2 nrows_local=943968 ncols_global=3774768 nnz_local=4129575 n_ghost=724204 compute_avg_ms=0.272930 compute_min_ms=0.268288 compute_max_ms=0.277504 compute_var_ms=0.000008720 compute_gflops=30.261041 eff_bw_gbs=173.220772 pct_peak_bw=18.5636 comm_avg_ms=1.928035 comm_min_ms=0.820156 comm_max_ms=8.061644 comm_var_ms=4.728233866 total_avg_ms=2.200965 total_min_ms=1.090727 total_max_ms=8.330956 total_var_ms=4.728224472 effective_gflops=3.752513
RESULT comm=fennel_nccl kernel=acc matrix=cit-Patents.mtx P=4 rank=1 nrows_local=959556 ncols_global=3774768 nnz_local=4130082 n_ghost=734717 compute_avg_ms=0.269380 compute_min_ms=0.263168 compute_max_ms=0.273408 compute_var_ms=0.000005658 compute_gflops=30.663582 eff_bw_gbs=176.369029 pct_peak_bw=18.9010 comm_avg_ms=1.879980 comm_min_ms=0.770708 comm_max_ms=8.006492 comm_var_ms=4.723965446 total_avg_ms=2.149361 total_min_ms=1.038870 total_max_ms=8.277852 total_var_ms=4.726660046 effective_gflops=3.843080
RESULT comm=fennel_nccl kernel=acc matrix=cit-Patents.mtx P=4 rank=3 nrows_local=941029 ncols_global=3774768 nnz_local=4129579 n_ghost=726353 compute_avg_ms=0.273545 compute_min_ms=0.268288 compute_max_ms=0.278528 compute_var_ms=0.000012424 compute_gflops=30.193102 eff_bw_gbs=172.734318 pct_peak_bw=18.5115 comm_avg_ms=1.888196 comm_min_ms=0.779502 comm_max_ms=8.010123 comm_var_ms=4.712224807 total_avg_ms=2.161740 total_min_ms=1.051522 total_max_ms=8.280459 total_var_ms=4.711023447 effective_gflops=3.820606
[ERROR CHECKING] OK!

--- P=1 rep=2/3 driver=spmv_fennel_nccl_acc ---
Loaded ../matrices/cit-Patents.mtx: 3774768 x 3774768, 16518948 nnz
[kernel] acc -> FLAT (nnz=16518948, avg_nnz=4.38, imbalance=175.95)
RESULT comm=fennel_nccl kernel=acc matrix=cit-Patents.mtx P=1 rank=0 nrows_local=3774768 ncols_global=3774768 nnz_local=16518948 n_ghost=0 compute_avg_ms=0.811691 compute_min_ms=0.806912 compute_max_ms=0.815104 compute_var_ms=0.000005266 compute_gflops=40.702570 eff_bw_gbs=218.695790 pct_peak_bw=23.4370 comm_avg_ms=0.001078 comm_min_ms=0.000993 comm_max_ms=0.001403 comm_var_ms=0.000000006 total_avg_ms=0.812769 total_min_ms=0.808061 total_max_ms=0.816219 total_var_ms=0.000005295 effective_gflops=40.648578
[ERROR CHECKING] OK!

--- P=2 rep=2/3 driver=spmv_fennel_nccl_acc ---
Loaded ../matrices/cit-Patents.mtx: 3774768 x 3774768, 16518948 nnz
[kernel] acc -> FLAT (nnz=8259475, avg_nnz=4.42, imbalance=174.20)
[kernel] acc -> FLAT (nnz=8259473, avg_nnz=4.33, imbalance=171.94)
RESULT comm=fennel_nccl kernel=acc matrix=cit-Patents.mtx P=2 rank=0 nrows_local=1906188 ncols_global=3774768 nnz_local=8259473 n_ghost=745506 compute_avg_ms=0.453427 compute_min_ms=0.449536 compute_max_ms=0.458752 compute_var_ms=0.000005620 compute_gflops=36.431308 eff_bw_gbs=202.820501 pct_peak_bw=21.7357 comm_avg_ms=0.449790 comm_min_ms=0.443860 comm_max_ms=0.460360 comm_var_ms=0.000015094 total_avg_ms=0.903217 total_min_ms=0.894181 total_max_ms=0.917064 total_var_ms=0.000024151 effective_gflops=18.289004
RESULT comm=fennel_nccl kernel=acc matrix=cit-Patents.mtx P=2 rank=1 nrows_local=1868580 ncols_global=3774768 nnz_local=8259475 n_ghost=751040 compute_avg_ms=0.452779 compute_min_ms=0.446464 compute_max_ms=0.459776 compute_var_ms=0.000007416 compute_gflops=36.483499 eff_bw_gbs=202.163208 pct_peak_bw=21.6653 comm_avg_ms=0.453192 comm_min_ms=0.445908 comm_max_ms=0.459909 comm_var_ms=0.000011085 total_avg_ms=0.905971 total_min_ms=0.895701 total_max_ms=0.919649 total_var_ms=0.000024842 effective_gflops=18.233419
[ERROR CHECKING] OK!

--- P=3 rep=2/3 driver=spmv_fennel_nccl_acc ---
Loaded ../matrices/cit-Patents.mtx: 3774768 x 3774768, 16518948 nnz
[kernel] acc -> FLAT (nnz=5506447, avg_nnz=4.37, imbalance=176.29)
[kernel] acc -> FLAT (nnz=5506217, avg_nnz=4.39, imbalance=167.80)
[kernel] acc -> FLAT (nnz=5506284, avg_nnz=4.37, imbalance=170.53)
RESULT comm=fennel_nccl kernel=acc matrix=cit-Patents.mtx P=3 rank=0 nrows_local=1253679 ncols_global=3774768 nnz_local=5506217 n_ghost=788108 compute_avg_ms=0.330172 compute_min_ms=0.325632 compute_max_ms=0.334848 compute_var_ms=0.000005361 compute_gflops=33.353655 eff_bw_gbs=188.592257 pct_peak_bw=20.2109 comm_avg_ms=0.653452 comm_min_ms=0.624588 comm_max_ms=0.688433 comm_var_ms=0.000259497 total_avg_ms=0.983623 total_min_ms=0.953292 total_max_ms=1.017137 total_var_ms=0.000266086 effective_gflops=11.195785
RESULT comm=fennel_nccl kernel=acc matrix=cit-Patents.mtx P=3 rank=1 nrows_local=1260720 ncols_global=3774768 nnz_local=5506447 n_ghost=779045 compute_avg_ms=0.336316 compute_min_ms=0.329728 compute_max_ms=0.343040 compute_var_ms=0.000008436 compute_gflops=32.745700 eff_bw_gbs=185.295858 pct_peak_bw=19.8577 comm_avg_ms=0.553269 comm_min_ms=0.543919 comm_max_ms=0.565529 comm_var_ms=0.000034543 total_avg_ms=0.889585 total_min_ms=0.876634 total_max_ms=0.902425 total_var_ms=0.000044382 effective_gflops=12.379808
RESULT comm=fennel_nccl kernel=acc matrix=cit-Patents.mtx P=3 rank=2 nrows_local=1260369 ncols_global=3774768 nnz_local=5506284 n_ghost=782320 compute_avg_ms=0.325700 compute_min_ms=0.321536 compute_max_ms=0.336896 compute_var_ms=0.000009782 compute_gflops=33.811971 eff_bw_gbs=191.358442 pct_peak_bw=20.5074 comm_avg_ms=0.680911 comm_min_ms=0.645968 comm_max_ms=0.717665 comm_var_ms=0.000325010 total_avg_ms=1.006611 total_min_ms=0.972273 total_max_ms=1.054039 total_var_ms=0.000362420 effective_gflops=10.940244
[ERROR CHECKING] OK!

--- P=4 rep=2/3 driver=spmv_fennel_nccl_acc ---
Loaded ../matrices/cit-Patents.mtx: 3774768 x 3774768, 16518948 nnz
[kernel] acc -> FLAT (nnz=4130082, avg_nnz=4.30, imbalance=178.90)
[kernel] acc -> FLAT (nnz=4129575, avg_nnz=4.37, imbalance=170.30)
[kernel] acc -> FLAT (nnz=4129712, avg_nnz=4.44, imbalance=141.01)
[kernel] acc -> FLAT (nnz=4129579, avg_nnz=4.39, imbalance=167.94)
RESULT comm=fennel_nccl kernel=acc matrix=cit-Patents.mtx P=4 rank=0 nrows_local=930215 ncols_global=3774768 nnz_local=4129712 n_ghost=724892 compute_avg_ms=0.271462 compute_min_ms=0.265216 compute_max_ms=0.276480 compute_var_ms=0.000012747 compute_gflops=30.425665 eff_bw_gbs=173.563559 pct_peak_bw=18.6003 comm_avg_ms=1.359383 comm_min_ms=0.628147 comm_max_ms=7.789000 comm_var_ms=2.348782027 total_avg_ms=1.630846 total_min_ms=0.894387 total_max_ms=8.056264 total_var_ms=2.344475800 effective_gflops=5.064504
RESULT comm=fennel_nccl kernel=acc matrix=cit-Patents.mtx P=4 rank=2 nrows_local=943968 ncols_global=3774768 nnz_local=4129575 n_ghost=724204 compute_avg_ms=0.271770 compute_min_ms=0.266240 compute_max_ms=0.277504 compute_var_ms=0.000010178 compute_gflops=30.390264 eff_bw_gbs=173.960471 pct_peak_bw=18.6429 comm_avg_ms=1.530836 comm_min_ms=0.806938 comm_max_ms=7.947499 comm_var_ms=2.336347007 total_avg_ms=1.802606 total_min_ms=1.074202 total_max_ms=8.221931 total_var_ms=2.337165246 effective_gflops=4.581784
RESULT comm=fennel_nccl kernel=acc matrix=cit-Patents.mtx P=4 rank=1 nrows_local=959556 ncols_global=3774768 nnz_local=4130082 n_ghost=734717 compute_avg_ms=0.269073 compute_min_ms=0.261120 compute_max_ms=0.274432 compute_var_ms=0.000009904 compute_gflops=30.698591 eff_bw_gbs=176.570390 pct_peak_bw=18.9226 comm_avg_ms=1.483543 comm_min_ms=0.763727 comm_max_ms=7.897398 comm_var_ms=2.329368499 total_avg_ms=1.752616 total_min_ms=1.030991 total_max_ms=8.161590 total_var_ms=2.328195277 effective_gflops=4.713048
RESULT comm=fennel_nccl kernel=acc matrix=cit-Patents.mtx P=4 rank=3 nrows_local=941029 ncols_global=3774768 nnz_local=4129579 n_ghost=726353 compute_avg_ms=0.273613 compute_min_ms=0.267264 compute_max_ms=0.280576 compute_var_ms=0.000015687 compute_gflops=30.185569 eff_bw_gbs=172.691220 pct_peak_bw=18.5069 comm_avg_ms=1.490930 comm_min_ms=0.766118 comm_max_ms=7.908636 comm_var_ms=2.330169199 total_avg_ms=1.764542 total_min_ms=1.037478 total_max_ms=8.186140 total_var_ms=2.330189048 effective_gflops=4.680623
[ERROR CHECKING] OK!

--- P=1 rep=3/3 driver=spmv_fennel_nccl_acc ---
Loaded ../matrices/cit-Patents.mtx: 3774768 x 3774768, 16518948 nnz
[kernel] acc -> FLAT (nnz=16518948, avg_nnz=4.38, imbalance=175.95)
RESULT comm=fennel_nccl kernel=acc matrix=cit-Patents.mtx P=1 rank=0 nrows_local=3774768 ncols_global=3774768 nnz_local=16518948 n_ghost=0 compute_avg_ms=0.811827 compute_min_ms=0.804864 compute_max_ms=0.817152 compute_var_ms=0.000009186 compute_gflops=40.695724 eff_bw_gbs=218.659010 pct_peak_bw=23.4331 comm_avg_ms=0.000993 comm_min_ms=0.000932 comm_max_ms=0.001086 comm_var_ms=0.000000001 total_avg_ms=0.812820 total_min_ms=0.805845 total_max_ms=0.818148 total_var_ms=0.000009198 effective_gflops=40.646023
[ERROR CHECKING] OK!

--- P=2 rep=3/3 driver=spmv_fennel_nccl_acc ---
Loaded ../matrices/cit-Patents.mtx: 3774768 x 3774768, 16518948 nnz
[kernel] acc -> FLAT (nnz=8259473, avg_nnz=4.33, imbalance=171.94)
[kernel] acc -> FLAT (nnz=8259475, avg_nnz=4.42, imbalance=174.20)
RESULT comm=fennel_nccl kernel=acc matrix=cit-Patents.mtx P=2 rank=0 nrows_local=1906188 ncols_global=3774768 nnz_local=8259473 n_ghost=745506 compute_avg_ms=0.454042 compute_min_ms=0.449536 compute_max_ms=0.461824 compute_var_ms=0.000006613 compute_gflops=36.382010 eff_bw_gbs=202.546049 pct_peak_bw=21.7063 comm_avg_ms=0.453338 comm_min_ms=0.444804 comm_max_ms=0.461645 comm_var_ms=0.000013855 total_avg_ms=0.907379 total_min_ms=0.896388 total_max_ms=0.916217 total_var_ms=0.000018436 effective_gflops=18.205117
RESULT comm=fennel_nccl kernel=acc matrix=cit-Patents.mtx P=2 rank=1 nrows_local=1868580 ncols_global=3774768 nnz_local=8259475 n_ghost=751040 compute_avg_ms=0.451652 compute_min_ms=0.446464 compute_max_ms=0.457728 compute_var_ms=0.000005797 compute_gflops=36.574487 eff_bw_gbs=202.667396 pct_peak_bw=21.7193 comm_avg_ms=0.458677 comm_min_ms=0.451879 comm_max_ms=0.466342 comm_var_ms=0.000010907 total_avg_ms=0.910329 total_min_ms=0.903463 total_max_ms=0.918956 total_var_ms=0.000016747 effective_gflops=18.146129
[ERROR CHECKING] OK!

--- P=3 rep=3/3 driver=spmv_fennel_nccl_acc ---
Loaded ../matrices/cit-Patents.mtx: 3774768 x 3774768, 16518948 nnz
[kernel] acc -> FLAT (nnz=5506447, avg_nnz=4.37, imbalance=176.29)
[kernel] acc -> FLAT (nnz=5506217, avg_nnz=4.39, imbalance=167.80)
[kernel] acc -> FLAT (nnz=5506284, avg_nnz=4.37, imbalance=170.53)
RESULT comm=fennel_nccl kernel=acc matrix=cit-Patents.mtx P=3 rank=0 nrows_local=1253679 ncols_global=3774768 nnz_local=5506217 n_ghost=788108 compute_avg_ms=0.331332 compute_min_ms=0.325632 compute_max_ms=0.337920 compute_var_ms=0.000008297 compute_gflops=33.236829 eff_bw_gbs=187.931688 pct_peak_bw=20.1401 comm_avg_ms=0.663374 comm_min_ms=0.629560 comm_max_ms=0.691258 comm_var_ms=0.000310237 total_avg_ms=0.994707 total_min_ms=0.963384 total_max_ms=1.025279 total_var_ms=0.000313000 effective_gflops=11.071037
RESULT comm=fennel_nccl kernel=acc matrix=cit-Patents.mtx P=3 rank=1 nrows_local=1260720 ncols_global=3774768 nnz_local=5506447 n_ghost=779045 compute_avg_ms=0.336213 compute_min_ms=0.330752 compute_max_ms=0.340992 compute_var_ms=0.000006315 compute_gflops=32.755673 eff_bw_gbs=185.352293 pct_peak_bw=19.8637 comm_avg_ms=0.564548 comm_min_ms=0.543069 comm_max_ms=0.579595 comm_var_ms=0.000066419 total_avg_ms=0.900761 total_min_ms=0.876893 total_max_ms=0.917515 total_var_ms=0.000074997 effective_gflops=12.226211
RESULT comm=fennel_nccl kernel=acc matrix=cit-Patents.mtx P=3 rank=2 nrows_local=1260369 ncols_global=3774768 nnz_local=5506284 n_ghost=782320 compute_avg_ms=0.325393 compute_min_ms=0.321536 compute_max_ms=0.329728 compute_var_ms=0.000003683 compute_gflops=33.843892 eff_bw_gbs=191.539100 pct_peak_bw=20.5267 comm_avg_ms=0.685545 comm_min_ms=0.654110 comm_max_ms=0.718056 comm_var_ms=0.000298776 total_avg_ms=1.010938 total_min_ms=0.979742 total_max_ms=1.041640 total_var_ms=0.000302958 effective_gflops=10.893419
[ERROR CHECKING] OK!

--- P=4 rep=3/3 driver=spmv_fennel_nccl_acc ---
Loaded ../matrices/cit-Patents.mtx: 3774768 x 3774768, 16518948 nnz
[kernel] acc -> FLAT (nnz=4130082, avg_nnz=4.30, imbalance=178.90)
[kernel] acc -> FLAT (nnz=4129575, avg_nnz=4.37, imbalance=170.30)
[kernel] acc -> FLAT (nnz=4129579, avg_nnz=4.39, imbalance=167.94)
[kernel] acc -> FLAT (nnz=4129712, avg_nnz=4.44, imbalance=141.01)
RESULT comm=fennel_nccl kernel=acc matrix=cit-Patents.mtx P=4 rank=0 nrows_local=930215 ncols_global=3774768 nnz_local=4129712 n_ghost=724892 compute_avg_ms=0.271121 compute_min_ms=0.265216 compute_max_ms=0.275456 compute_var_ms=0.000009904 compute_gflops=30.463970 eff_bw_gbs=173.782069 pct_peak_bw=18.6238 comm_avg_ms=2.087832 comm_min_ms=0.628473 comm_max_ms=10.061510 comm_var_ms=4.911862519 total_avg_ms=2.358953 total_min_ms=0.893689 total_max_ms=10.336966 total_var_ms=4.916634312 effective_gflops=3.501309
RESULT comm=fennel_nccl kernel=acc matrix=cit-Patents.mtx P=4 rank=1 nrows_local=959556 ncols_global=3774768 nnz_local=4130082 n_ghost=734717 compute_avg_ms=0.268083 compute_min_ms=0.228352 compute_max_ms=0.272384 compute_var_ms=0.000059937 compute_gflops=30.811942 eff_bw_gbs=177.222355 pct_peak_bw=18.9925 comm_avg_ms=2.238639 comm_min_ms=0.784061 comm_max_ms=10.194124 comm_var_ms=4.916932533 total_avg_ms=2.506722 total_min_ms=1.053373 total_max_ms=10.422476 total_var_ms=4.893723939 effective_gflops=3.295205
RESULT comm=fennel_nccl kernel=acc matrix=cit-Patents.mtx P=4 rank=2 nrows_local=943968 ncols_global=3774768 nnz_local=4129575 n_ghost=724204 compute_avg_ms=0.272486 compute_min_ms=0.267264 compute_max_ms=0.281600 compute_var_ms=0.000011419 compute_gflops=30.310320 eff_bw_gbs=173.502853 pct_peak_bw=18.5938 comm_avg_ms=2.288426 comm_min_ms=0.833720 comm_max_ms=10.260220 comm_var_ms=4.927597947 total_avg_ms=2.560913 total_min_ms=1.105080 total_max_ms=10.529532 total_var_ms=4.924659453 effective_gflops=3.225081
RESULT comm=fennel_nccl kernel=acc matrix=cit-Patents.mtx P=4 rank=3 nrows_local=941029 ncols_global=3774768 nnz_local=4129579 n_ghost=726353 compute_avg_ms=0.271701 compute_min_ms=0.256000 compute_max_ms=0.278528 compute_var_ms=0.000034836 compute_gflops=30.397929 eff_bw_gbs=173.906131 pct_peak_bw=18.6371 comm_avg_ms=2.250446 comm_min_ms=0.797818 comm_max_ms=10.217843 comm_var_ms=4.917269186 total_avg_ms=2.522147 total_min_ms=1.060986 total_max_ms=10.479987 total_var_ms=4.908151701 effective_gflops=3.274654
[ERROR CHECKING] OK!

=== Job done ===
