=== D2_final intelligent-partitioning (Fennel/LDG, cuSPARSE) small-matrix check ===
Node:     edu01
Date:     Thu Jul 23 02:02:27 PM CEST 2026
Matrix:   ../matrices/cage13.mtx
Reps:     3

--- P=1 rep=1/3 driver=spmv_fennel_nccl_cusparse ---
Loaded ../matrices/cage13.mtx: 445315 x 445315, 7479343 nnz
RESULT comm=fennel_nccl kernel=cusparse matrix=cage13.mtx P=1 rank=0 nrows_local=445315 ncols_global=445315 nnz_local=7479343 n_ghost=0 compute_avg_ms=0.156331 compute_min_ms=0.155648 compute_max_ms=0.157696 compute_var_ms=0.000000303 compute_gflops=95.686192 eff_bw_gbs=416.927339 pct_peak_bw=44.6810 comm_avg_ms=0.000993 comm_min_ms=0.000951 comm_max_ms=0.001072 comm_var_ms=0.000000001 total_avg_ms=0.157324 total_min_ms=0.156602 total_max_ms=0.158659 total_var_ms=0.000000297 effective_gflops=95.082278
[ERROR CHECKING] OK!

--- P=2 rep=1/3 driver=spmv_fennel_nccl_cusparse ---
Loaded ../matrices/cage13.mtx: 445315 x 445315, 7479343 nnz
RESULT comm=fennel_nccl kernel=cusparse matrix=cage13.mtx P=2 rank=1 nrows_local=249401 ncols_global=445315 nnz_local=4108034 n_ghost=120949 compute_avg_ms=0.094618 compute_min_ms=0.093184 compute_max_ms=0.098304 compute_var_ms=0.000000741 compute_gflops=86.834456 eff_bw_gbs=384.081642 pct_peak_bw=41.1610 comm_avg_ms=0.178670 comm_min_ms=0.165282 comm_max_ms=0.408174 comm_var_ms=0.001823358 total_avg_ms=0.273287 total_min_ms=0.260514 total_max_ms=0.502382 total_var_ms=0.001817627 effective_gflops=30.063834
RESULT comm=fennel_nccl kernel=cusparse matrix=cage13.mtx P=2 rank=0 nrows_local=195914 ncols_global=445315 nnz_local=3371309 n_ghost=97654 compute_avg_ms=0.081954 compute_min_ms=0.080896 compute_max_ms=0.082944 compute_var_ms=0.000000313 compute_gflops=82.273070 eff_bw_gbs=362.544994 pct_peak_bw=38.8530 comm_avg_ms=0.154894 comm_min_ms=0.148535 comm_max_ms=0.160133 comm_var_ms=0.000009327 total_avg_ms=0.236848 total_min_ms=0.230455 total_max_ms=0.243077 total_var_ms=0.000010018 effective_gflops=28.468067
[ERROR CHECKING] OK!

--- P=3 rep=1/3 driver=spmv_fennel_nccl_cusparse ---
Loaded ../matrices/cage13.mtx: 445315 x 445315, 7479343 nnz
RESULT comm=fennel_nccl kernel=cusparse matrix=cage13.mtx P=3 rank=0 nrows_local=128208 ncols_global=445315 nnz_local=2080939 n_ghost=90495 compute_avg_ms=0.057276 compute_min_ms=0.056320 compute_max_ms=0.058368 compute_var_ms=0.000000415 compute_gflops=72.663896 eff_bw_gbs=323.836827 pct_peak_bw=34.7047 comm_avg_ms=0.119754 comm_min_ms=0.115580 comm_max_ms=0.124460 comm_var_ms=0.000004425 total_avg_ms=0.177029 total_min_ms=0.172924 total_max_ms=0.181308 total_var_ms=0.000003934 effective_gflops=23.509552
RESULT comm=fennel_nccl kernel=cusparse matrix=cage13.mtx P=3 rank=1 nrows_local=152719 ncols_global=445315 nnz_local=2655973 n_ghost=120059 compute_avg_ms=0.068881 compute_min_ms=0.067584 compute_max_ms=0.069632 compute_var_ms=0.000000275 compute_gflops=77.117649 eff_bw_gbs=342.048299 pct_peak_bw=36.6564 comm_avg_ms=0.150912 comm_min_ms=0.145980 comm_max_ms=0.181783 comm_var_ms=0.000041620 total_avg_ms=0.219793 total_min_ms=0.213626 total_max_ms=0.250391 total_var_ms=0.000041692 effective_gflops=24.167909
RESULT comm=fennel_nccl kernel=cusparse matrix=cage13.mtx P=3 rank=2 nrows_local=164388 ncols_global=445315 nnz_local=2742431 n_ghost=118007 compute_avg_ms=0.066935 compute_min_ms=0.065536 compute_max_ms=0.067584 compute_var_ms=0.000000313 compute_gflops=81.942537 eff_bw_gbs=364.293208 pct_peak_bw=39.0403 comm_avg_ms=0.137428 comm_min_ms=0.114786 comm_max_ms=0.683995 comm_var_ms=0.010306288 total_avg_ms=0.204364 total_min_ms=0.181346 total_max_ms=0.751579 total_var_ms=0.010331121 effective_gflops=26.838729
[ERROR CHECKING] OK!

--- P=4 rep=1/3 driver=spmv_fennel_nccl_cusparse ---
Loaded ../matrices/cage13.mtx: 445315 x 445315, 7479343 nnz
RESULT comm=fennel_nccl kernel=cusparse matrix=cage13.mtx P=4 rank=0 nrows_local=102966 ncols_global=445315 nnz_local=1666038 n_ghost=110741 compute_avg_ms=0.048469 compute_min_ms=0.047104 compute_max_ms=0.049152 compute_var_ms=0.000000373 compute_gflops=68.746064 eff_bw_gbs=309.615637 pct_peak_bw=33.1807 comm_avg_ms=0.156323 comm_min_ms=0.152278 comm_max_ms=0.159912 comm_var_ms=0.000004629 total_avg_ms=0.204792 total_min_ms=0.200406 total_max_ms=0.208608 total_var_ms=0.000004367 effective_gflops=16.270525
RESULT comm=fennel_nccl kernel=cusparse matrix=cage13.mtx P=4 rank=1 nrows_local=118047 ncols_global=445315 nnz_local=2056820 n_ghost=120976 compute_avg_ms=0.055637 compute_min_ms=0.054272 compute_max_ms=0.057344 compute_var_ms=0.000000373 compute_gflops=73.936685 eff_bw_gbs=329.904955 pct_peak_bw=35.3550 comm_avg_ms=0.181017 comm_min_ms=0.173928 comm_max_ms=0.189816 comm_var_ms=0.000011667 total_avg_ms=0.236654 total_min_ms=0.230468 total_max_ms=0.245112 total_var_ms=0.000011006 effective_gflops=17.382474
RESULT comm=fennel_nccl kernel=cusparse matrix=cage13.mtx P=4 rank=2 nrows_local=118696 ncols_global=445315 nnz_local=1887960 n_ghost=89680 compute_avg_ms=0.051405 compute_min_ms=0.050176 compute_max_ms=0.052224 compute_var_ms=0.000000308 compute_gflops=73.454621 eff_bw_gbs=328.505439 pct_peak_bw=35.2051 comm_avg_ms=0.147695 comm_min_ms=0.144528 comm_max_ms=0.152163 comm_var_ms=0.000003741 total_avg_ms=0.199100 total_min_ms=0.195728 total_max_ms=0.203363 total_var_ms=0.000003556 effective_gflops=18.964958
RESULT comm=fennel_nccl kernel=cusparse matrix=cage13.mtx P=4 rank=3 nrows_local=105606 ncols_global=445315 nnz_local=1868525 n_ghost=111077 compute_avg_ms=0.052941 compute_min_ms=0.052224 compute_max_ms=0.054272 compute_var_ms=0.000000290 compute_gflops=70.589225 eff_bw_gbs=314.687051 pct_peak_bw=33.7242 comm_avg_ms=0.152715 comm_min_ms=0.147095 comm_max_ms=0.158393 comm_var_ms=0.000007271 total_avg_ms=0.205656 total_min_ms=0.200096 total_max_ms=0.211641 total_var_ms=0.000007522 effective_gflops=18.171346
[ERROR CHECKING] OK!

--- P=1 rep=2/3 driver=spmv_fennel_nccl_cusparse ---
Loaded ../matrices/cage13.mtx: 445315 x 445315, 7479343 nnz
RESULT comm=fennel_nccl kernel=cusparse matrix=cage13.mtx P=1 rank=0 nrows_local=445315 ncols_global=445315 nnz_local=7479343 n_ghost=0 compute_avg_ms=0.156535 compute_min_ms=0.155648 compute_max_ms=0.157696 compute_var_ms=0.000000401 compute_gflops=95.561003 eff_bw_gbs=416.381861 pct_peak_bw=44.6225 comm_avg_ms=0.000950 comm_min_ms=0.000916 comm_max_ms=0.001004 comm_var_ms=0.000000001 total_avg_ms=0.157486 total_min_ms=0.156568 total_max_ms=0.158632 total_var_ms=0.000000396 effective_gflops=94.984269
[ERROR CHECKING] OK!

--- P=2 rep=2/3 driver=spmv_fennel_nccl_cusparse ---
Loaded ../matrices/cage13.mtx: 445315 x 445315, 7479343 nnz
RESULT comm=fennel_nccl kernel=cusparse matrix=cage13.mtx P=2 rank=0 nrows_local=195914 ncols_global=445315 nnz_local=3371309 n_ghost=97654 compute_avg_ms=0.082091 compute_min_ms=0.080896 compute_max_ms=0.082944 compute_var_ms=0.000000425 compute_gflops=82.136233 eff_bw_gbs=361.942008 pct_peak_bw=38.7884 comm_avg_ms=0.153110 comm_min_ms=0.147672 comm_max_ms=0.157721 comm_var_ms=0.000004386 total_avg_ms=0.235200 total_min_ms=0.230616 total_max_ms=0.239641 total_var_ms=0.000004254 effective_gflops=28.667545
RESULT comm=fennel_nccl kernel=cusparse matrix=cage13.mtx P=2 rank=1 nrows_local=249401 ncols_global=445315 nnz_local=4108034 n_ghost=120949 compute_avg_ms=0.094754 compute_min_ms=0.093184 compute_max_ms=0.097280 compute_var_ms=0.000000750 compute_gflops=86.709334 eff_bw_gbs=383.528210 pct_peak_bw=41.1017 comm_avg_ms=0.166582 comm_min_ms=0.162796 comm_max_ms=0.181808 comm_var_ms=0.000012003 total_avg_ms=0.261336 total_min_ms=0.257004 total_max_ms=0.277040 total_var_ms=0.000012545 effective_gflops=31.438671
[ERROR CHECKING] OK!

--- P=3 rep=2/3 driver=spmv_fennel_nccl_cusparse ---
Loaded ../matrices/cage13.mtx: 445315 x 445315, 7479343 nnz
RESULT comm=fennel_nccl kernel=cusparse matrix=cage13.mtx P=3 rank=0 nrows_local=128208 ncols_global=445315 nnz_local=2080939 n_ghost=90495 compute_avg_ms=0.057310 compute_min_ms=0.056320 compute_max_ms=0.058368 compute_var_ms=0.000000244 compute_gflops=72.620618 eff_bw_gbs=323.643952 pct_peak_bw=34.6841 comm_avg_ms=0.120013 comm_min_ms=0.114593 comm_max_ms=0.124215 comm_var_ms=0.000004304 total_avg_ms=0.177323 total_min_ms=0.171937 total_max_ms=0.181559 total_var_ms=0.000003986 effective_gflops=23.470596
RESULT comm=fennel_nccl kernel=cusparse matrix=cage13.mtx P=3 rank=1 nrows_local=152719 ncols_global=445315 nnz_local=2655973 n_ghost=120059 compute_avg_ms=0.069086 compute_min_ms=0.067584 compute_max_ms=0.070656 compute_var_ms=0.000000401 compute_gflops=76.889039 eff_bw_gbs=341.034321 pct_peak_bw=36.5477 comm_avg_ms=0.149467 comm_min_ms=0.144320 comm_max_ms=0.156414 comm_var_ms=0.000008503 total_avg_ms=0.218553 total_min_ms=0.213372 total_max_ms=0.226046 total_var_ms=0.000008966 effective_gflops=24.305107
RESULT comm=fennel_nccl kernel=cusparse matrix=cage13.mtx P=3 rank=2 nrows_local=164388 ncols_global=445315 nnz_local=2742431 n_ghost=118007 compute_avg_ms=0.067038 compute_min_ms=0.066560 compute_max_ms=0.067584 compute_var_ms=0.000000261 compute_gflops=81.817370 eff_bw_gbs=363.736752 pct_peak_bw=38.9807 comm_avg_ms=0.117783 comm_min_ms=0.115272 comm_max_ms=0.120569 comm_var_ms=0.000002030 total_avg_ms=0.184821 total_min_ms=0.181832 total_max_ms=0.188153 total_var_ms=0.000002558 effective_gflops=29.676665
[ERROR CHECKING] OK!

--- P=4 rep=2/3 driver=spmv_fennel_nccl_cusparse ---
Loaded ../matrices/cage13.mtx: 445315 x 445315, 7479343 nnz
RESULT comm=fennel_nccl kernel=cusparse matrix=cage13.mtx P=4 rank=0 nrows_local=102966 ncols_global=445315 nnz_local=1666038 n_ghost=110741 compute_avg_ms=0.048026 compute_min_ms=0.047104 compute_max_ms=0.049152 compute_var_ms=0.000000374 compute_gflops=69.381245 eff_bw_gbs=312.476337 pct_peak_bw=33.4873 comm_avg_ms=0.158058 comm_min_ms=0.154684 comm_max_ms=0.161790 comm_var_ms=0.000002977 total_avg_ms=0.206083 total_min_ms=0.202812 total_max_ms=0.209918 total_var_ms=0.000003237 effective_gflops=16.168575
RESULT comm=fennel_nccl kernel=cusparse matrix=cage13.mtx P=4 rank=1 nrows_local=118047 ncols_global=445315 nnz_local=2056820 n_ghost=120976 compute_avg_ms=0.055808 compute_min_ms=0.055296 compute_max_ms=0.056320 compute_var_ms=0.000000262 compute_gflops=73.710579 eff_bw_gbs=328.896071 pct_peak_bw=35.2469 comm_avg_ms=0.176222 comm_min_ms=0.172043 comm_max_ms=0.184274 comm_var_ms=0.000010689 total_avg_ms=0.232030 total_min_ms=0.227339 total_max_ms=0.239570 total_var_ms=0.000011063 effective_gflops=17.728950
RESULT comm=fennel_nccl kernel=cusparse matrix=cage13.mtx P=4 rank=2 nrows_local=118696 ncols_global=445315 nnz_local=1887960 n_ghost=89680 compute_avg_ms=0.051575 compute_min_ms=0.050176 compute_max_ms=0.052224 compute_var_ms=0.000000313 compute_gflops=73.211554 eff_bw_gbs=327.418392 pct_peak_bw=35.0886 comm_avg_ms=0.141601 comm_min_ms=0.137770 comm_max_ms=0.147401 comm_var_ms=0.000006659 total_avg_ms=0.193176 total_min_ms=0.188970 total_max_ms=0.199380 total_var_ms=0.000006813 effective_gflops=19.546514
RESULT comm=fennel_nccl kernel=cusparse matrix=cage13.mtx P=4 rank=3 nrows_local=105606 ncols_global=445315 nnz_local=1868525 n_ghost=111077 compute_avg_ms=0.053077 compute_min_ms=0.052224 compute_max_ms=0.054272 compute_var_ms=0.000000355 compute_gflops=70.407645 eff_bw_gbs=313.877566 pct_peak_bw=33.6374 comm_avg_ms=0.163367 comm_min_ms=0.157794 comm_max_ms=0.168621 comm_var_ms=0.000003876 total_avg_ms=0.216444 total_min_ms=0.211042 total_max_ms=0.222893 total_var_ms=0.000004365 effective_gflops=17.265675
[ERROR CHECKING] OK!

--- P=1 rep=3/3 driver=spmv_fennel_nccl_cusparse ---
Loaded ../matrices/cage13.mtx: 445315 x 445315, 7479343 nnz
RESULT comm=fennel_nccl kernel=cusparse matrix=cage13.mtx P=1 rank=0 nrows_local=445315 ncols_global=445315 nnz_local=7479343 n_ghost=0 compute_avg_ms=0.156467 compute_min_ms=0.155648 compute_max_ms=0.157696 compute_var_ms=0.000000238 compute_gflops=95.602696 eff_bw_gbs=416.563526 pct_peak_bw=44.6420 comm_avg_ms=0.001010 comm_min_ms=0.000976 comm_max_ms=0.001045 comm_var_ms=0.000000000 total_avg_ms=0.157478 total_min_ms=0.156638 total_max_ms=0.158728 total_var_ms=0.000000238 effective_gflops=94.989254
[ERROR CHECKING] OK!

--- P=2 rep=3/3 driver=spmv_fennel_nccl_cusparse ---
Loaded ../matrices/cage13.mtx: 445315 x 445315, 7479343 nnz
RESULT comm=fennel_nccl kernel=cusparse matrix=cage13.mtx P=2 rank=1 nrows_local=249401 ncols_global=445315 nnz_local=4108034 n_ghost=120949 compute_avg_ms=0.094276 compute_min_ms=0.093184 compute_max_ms=0.096256 compute_var_ms=0.000000415 compute_gflops=87.148846 eff_bw_gbs=385.472235 pct_peak_bw=41.3100 comm_avg_ms=0.175252 comm_min_ms=0.161624 comm_max_ms=0.352599 comm_var_ms=0.001110251 total_avg_ms=0.269529 total_min_ms=0.254808 total_max_ms=0.446807 total_var_ms=0.001112618 effective_gflops=30.483106
RESULT comm=fennel_nccl kernel=cusparse matrix=cage13.mtx P=2 rank=0 nrows_local=195914 ncols_global=445315 nnz_local=3371309 n_ghost=97654 compute_avg_ms=0.082569 compute_min_ms=0.081920 compute_max_ms=0.083968 compute_var_ms=0.000000313 compute_gflops=81.660869 eff_bw_gbs=359.847262 pct_peak_bw=38.5639 comm_avg_ms=0.152593 comm_min_ms=0.144218 comm_max_ms=0.168097 comm_var_ms=0.000014265 total_avg_ms=0.235161 total_min_ms=0.227162 total_max_ms=0.250017 total_var_ms=0.000013591 effective_gflops=28.672291
[ERROR CHECKING] OK!

--- P=3 rep=3/3 driver=spmv_fennel_nccl_cusparse ---
Loaded ../matrices/cage13.mtx: 445315 x 445315, 7479343 nnz
RESULT comm=fennel_nccl kernel=cusparse matrix=cage13.mtx P=3 rank=0 nrows_local=128208 ncols_global=445315 nnz_local=2080939 n_ghost=90495 compute_avg_ms=0.057378 compute_min_ms=0.056320 compute_max_ms=0.059392 compute_var_ms=0.000000453 compute_gflops=72.534216 eff_bw_gbs=323.258891 pct_peak_bw=34.6428 comm_avg_ms=0.121573 comm_min_ms=0.115976 comm_max_ms=0.125876 comm_var_ms=0.000006167 total_avg_ms=0.178952 total_min_ms=0.173320 total_max_ms=0.183928 total_var_ms=0.000007766 effective_gflops=23.257008
RESULT comm=fennel_nccl kernel=cusparse matrix=cage13.mtx P=3 rank=1 nrows_local=152719 ncols_global=445315 nnz_local=2655973 n_ghost=120059 compute_avg_ms=0.069052 compute_min_ms=0.067584 compute_max_ms=0.070656 compute_var_ms=0.000000467 compute_gflops=76.927047 eff_bw_gbs=341.202900 pct_peak_bw=36.5658 comm_avg_ms=0.146751 comm_min_ms=0.141905 comm_max_ms=0.152979 comm_var_ms=0.000006057 total_avg_ms=0.215803 total_min_ms=0.211537 total_max_ms=0.222611 total_var_ms=0.000006978 effective_gflops=24.614803
RESULT comm=fennel_nccl kernel=cusparse matrix=cage13.mtx P=3 rank=2 nrows_local=164388 ncols_global=445315 nnz_local=2742431 n_ghost=118007 compute_avg_ms=0.066697 compute_min_ms=0.065536 compute_max_ms=0.068608 compute_var_ms=0.000000401 compute_gflops=82.236088 eff_bw_gbs=365.598251 pct_peak_bw=39.1802 comm_avg_ms=0.119589 comm_min_ms=0.116262 comm_max_ms=0.123512 comm_var_ms=0.000003439 total_avg_ms=0.186286 total_min_ms=0.181798 total_max_ms=0.190072 total_var_ms=0.000004238 effective_gflops=29.443306
[ERROR CHECKING] OK!

--- P=4 rep=3/3 driver=spmv_fennel_nccl_cusparse ---
Loaded ../matrices/cage13.mtx: 445315 x 445315, 7479343 nnz
RESULT comm=fennel_nccl kernel=cusparse matrix=cage13.mtx P=4 rank=0 nrows_local=102966 ncols_global=445315 nnz_local=1666038 n_ghost=110741 compute_avg_ms=0.048435 compute_min_ms=0.048128 compute_max_ms=0.049152 compute_var_ms=0.000000220 compute_gflops=68.794511 eff_bw_gbs=309.833830 pct_peak_bw=33.2041 comm_avg_ms=0.159360 comm_min_ms=0.154769 comm_max_ms=0.164220 comm_var_ms=0.000004742 total_avg_ms=0.207795 total_min_ms=0.202897 total_max_ms=0.212348 total_var_ms=0.000005349 effective_gflops=16.035364
RESULT comm=fennel_nccl kernel=cusparse matrix=cage13.mtx P=4 rank=1 nrows_local=118047 ncols_global=445315 nnz_local=2056820 n_ghost=120976 compute_avg_ms=0.055740 compute_min_ms=0.055296 compute_max_ms=0.056320 compute_var_ms=0.000000257 compute_gflops=73.800855 eff_bw_gbs=329.298883 pct_peak_bw=35.2901 comm_avg_ms=0.177347 comm_min_ms=0.171637 comm_max_ms=0.186588 comm_var_ms=0.000008604 total_avg_ms=0.233087 total_min_ms=0.226933 total_max_ms=0.242908 total_var_ms=0.000009198 effective_gflops=17.648525
RESULT comm=fennel_nccl kernel=cusparse matrix=cage13.mtx P=4 rank=2 nrows_local=118696 ncols_global=445315 nnz_local=1887960 n_ghost=89680 compute_avg_ms=0.051746 compute_min_ms=0.051200 compute_max_ms=0.052224 compute_var_ms=0.000000261 compute_gflops=72.970091 eff_bw_gbs=326.338516 pct_peak_bw=34.9728 comm_avg_ms=0.136953 comm_min_ms=0.132743 comm_max_ms=0.142184 comm_var_ms=0.000006784 total_avg_ms=0.188699 total_min_ms=0.183943 total_max_ms=0.194408 total_var_ms=0.000007543 effective_gflops=20.010235
RESULT comm=fennel_nccl kernel=cusparse matrix=cage13.mtx P=4 rank=3 nrows_local=105606 ncols_global=445315 nnz_local=1868525 n_ghost=111077 compute_avg_ms=0.052873 compute_min_ms=0.052224 compute_max_ms=0.054272 compute_var_ms=0.000000383 compute_gflops=70.680367 eff_bw_gbs=315.093361 pct_peak_bw=33.7677 comm_avg_ms=0.166979 comm_min_ms=0.160323 comm_max_ms=0.175038 comm_var_ms=0.000008125 total_avg_ms=0.219851 total_min_ms=0.213571 total_max_ms=0.228286 total_var_ms=0.000008071 effective_gflops=16.998070
[ERROR CHECKING] OK!

=== Job done ===
