=== D2_final intelligent-partitioning (Fennel/LDG, cuSPARSE) small-matrix check ===
Node:     edu01
Date:     Thu Jul 23 02:13:58 PM CEST 2026
Matrix:   ../matrices/webbase-1M.mtx
Reps:     3

--- P=1 rep=1/3 driver=spmv_fennel_nccl_cusparse ---
Loaded ../matrices/webbase-1M.mtx: 1000005 x 1000005, 3105536 nnz
RESULT comm=fennel_nccl kernel=cusparse matrix=webbase-1M.mtx P=1 rank=0 nrows_local=1000005 ncols_global=1000005 nnz_local=3105536 n_ghost=0 compute_avg_ms=0.083149 compute_min_ms=0.081920 compute_max_ms=0.084992 compute_var_ms=0.000000587 compute_gflops=74.698277 eff_bw_gbs=443.113463 pct_peak_bw=47.4873 comm_avg_ms=0.001028 comm_min_ms=0.000995 comm_max_ms=0.001097 comm_var_ms=0.000000001 total_avg_ms=0.084176 total_min_ms=0.082918 total_max_ms=0.086028 total_var_ms=0.000000588 effective_gflops=73.786325
[ERROR CHECKING] OK!

--- P=2 rep=1/3 driver=spmv_fennel_nccl_cusparse ---
Loaded ../matrices/webbase-1M.mtx: 1000005 x 1000005, 3105536 nnz
RESULT comm=fennel_nccl kernel=cusparse matrix=webbase-1M.mtx P=2 rank=1 nrows_local=453050 ncols_global=1000005 nnz_local=1397491 n_ghost=8910 compute_avg_ms=0.046763 compute_min_ms=0.046080 compute_max_ms=0.048128 compute_var_ms=0.000000373 compute_gflops=59.769516 eff_bw_gbs=356.099702 pct_peak_bw=38.1623 comm_avg_ms=0.058656 comm_min_ms=0.056693 comm_max_ms=0.061088 comm_var_ms=0.000001064 total_avg_ms=0.105419 total_min_ms=0.103797 total_max_ms=0.107168 total_var_ms=0.000000584 effective_gflops=26.513051
RESULT comm=fennel_nccl kernel=cusparse matrix=webbase-1M.mtx P=2 rank=0 nrows_local=546955 ncols_global=1000005 nnz_local=1708045 n_ghost=9342 compute_avg_ms=0.053214 compute_min_ms=0.052224 compute_max_ms=0.054272 compute_var_ms=0.000000383 compute_gflops=64.195486 eff_bw_gbs=380.825403 pct_peak_bw=40.8121 comm_avg_ms=0.059048 comm_min_ms=0.057050 comm_max_ms=0.062137 comm_var_ms=0.000001513 total_avg_ms=0.112262 total_min_ms=0.109790 total_max_ms=0.115385 total_var_ms=0.000001763 effective_gflops=30.429629
[ERROR CHECKING] OK!

--- P=3 rep=1/3 driver=spmv_fennel_nccl_cusparse ---
Loaded ../matrices/webbase-1M.mtx: 1000005 x 1000005, 3105536 nnz
RESULT comm=fennel_nccl kernel=cusparse matrix=webbase-1M.mtx P=3 rank=0 nrows_local=389445 ncols_global=1000005 nnz_local=1138697 n_ghost=11791 compute_avg_ms=0.041882 compute_min_ms=0.040960 compute_max_ms=0.043008 compute_var_ms=0.000000304 compute_gflops=54.376959 eff_bw_gbs=330.218622 pct_peak_bw=35.3887 comm_avg_ms=0.061291 comm_min_ms=0.059651 comm_max_ms=0.064088 comm_var_ms=0.000001081 total_avg_ms=0.103173 total_min_ms=0.100821 total_max_ms=0.106072 total_var_ms=0.000001715 effective_gflops=22.073625
RESULT comm=fennel_nccl kernel=cusparse matrix=webbase-1M.mtx P=3 rank=1 nrows_local=278103 ncols_global=1000005 nnz_local=896048 n_ghost=10191 compute_avg_ms=0.037444 compute_min_ms=0.036864 compute_max_ms=0.038912 compute_var_ms=0.000000327 compute_gflops=47.860356 eff_bw_gbs=281.655606 pct_peak_bw=30.1843 comm_avg_ms=0.060031 comm_min_ms=0.058004 comm_max_ms=0.062425 comm_var_ms=0.000001384 total_avg_ms=0.097475 total_min_ms=0.095140 total_max_ms=0.100313 total_var_ms=0.000001884 effective_gflops=18.385154
RESULT comm=fennel_nccl kernel=cusparse matrix=webbase-1M.mtx P=3 rank=2 nrows_local=332457 ncols_global=1000005 nnz_local=1070791 n_ghost=11673 compute_avg_ms=0.040721 compute_min_ms=0.039936 compute_max_ms=0.041984 compute_var_ms=0.000000397 compute_gflops=52.591502 eff_bw_gbs=309.483748 pct_peak_bw=33.1666 comm_avg_ms=0.070445 comm_min_ms=0.067996 comm_max_ms=0.074023 comm_var_ms=0.000001647 total_avg_ms=0.111166 total_min_ms=0.107932 total_max_ms=0.114983 total_var_ms=0.000002651 effective_gflops=19.264739
[ERROR CHECKING] OK!

--- P=4 rep=1/3 driver=spmv_fennel_nccl_cusparse ---
Loaded ../matrices/webbase-1M.mtx: 1000005 x 1000005, 3105536 nnz
RESULT comm=fennel_nccl kernel=cusparse matrix=webbase-1M.mtx P=4 rank=0 nrows_local=224468 ncols_global=1000005 nnz_local=678762 n_ghost=10639 compute_avg_ms=0.032256 compute_min_ms=0.030720 compute_max_ms=0.033792 compute_var_ms=0.000000402 compute_gflops=42.085938 eff_bw_gbs=253.170637 pct_peak_bw=27.1316 comm_avg_ms=0.057495 comm_min_ms=0.054423 comm_max_ms=0.059411 comm_var_ms=0.000001911 total_avg_ms=0.089751 total_min_ms=0.086167 total_max_ms=0.091934 total_var_ms=0.000001840 effective_gflops=15.125515
RESULT comm=fennel_nccl kernel=cusparse matrix=webbase-1M.mtx P=4 rank=1 nrows_local=283653 ncols_global=1000005 nnz_local=854024 n_ghost=7954 compute_avg_ms=0.037171 compute_min_ms=0.035840 compute_max_ms=0.037888 compute_var_ms=0.000000290 compute_gflops=45.950842 eff_bw_gbs=276.231265 pct_peak_bw=29.6030 comm_avg_ms=0.060830 comm_min_ms=0.058975 comm_max_ms=0.062744 comm_var_ms=0.000001236 total_avg_ms=0.098001 total_min_ms=0.095085 total_max_ms=0.100281 total_var_ms=0.000001385 effective_gflops=17.428931
RESULT comm=fennel_nccl kernel=cusparse matrix=webbase-1M.mtx P=4 rank=2 nrows_local=287338 ncols_global=1000005 nnz_local=847931 n_ghost=13771 compute_avg_ms=0.035942 compute_min_ms=0.034816 compute_max_ms=0.036864 compute_var_ms=0.000000304 compute_gflops=47.182769 eff_bw_gbs=286.196573 pct_peak_bw=30.6709 comm_avg_ms=0.080858 comm_min_ms=0.078585 comm_max_ms=0.083304 comm_var_ms=0.000001620 total_avg_ms=0.116801 total_min_ms=0.114861 total_max_ms=0.119297 total_var_ms=0.000001552 effective_gflops=14.519283
RESULT comm=fennel_nccl kernel=cusparse matrix=webbase-1M.mtx P=4 rank=3 nrows_local=204546 ncols_global=1000005 nnz_local=724819 n_ghost=9489 compute_avg_ms=0.034884 compute_min_ms=0.033792 compute_max_ms=0.035840 compute_var_ms=0.000000205 compute_gflops=41.555638 eff_bw_gbs=237.673445 pct_peak_bw=25.4708 comm_avg_ms=0.059018 comm_min_ms=0.057360 comm_max_ms=0.061391 comm_var_ms=0.000001102 total_avg_ms=0.093902 total_min_ms=0.092176 total_max_ms=0.096207 total_var_ms=0.000001160 effective_gflops=15.437721
[ERROR CHECKING] OK!

--- P=1 rep=2/3 driver=spmv_fennel_nccl_cusparse ---
Loaded ../matrices/webbase-1M.mtx: 1000005 x 1000005, 3105536 nnz
RESULT comm=fennel_nccl kernel=cusparse matrix=webbase-1M.mtx P=1 rank=0 nrows_local=1000005 ncols_global=1000005 nnz_local=3105536 n_ghost=0 compute_avg_ms=0.083081 compute_min_ms=0.081920 compute_max_ms=0.083968 compute_var_ms=0.000000401 compute_gflops=74.759656 eff_bw_gbs=443.477566 pct_peak_bw=47.5263 comm_avg_ms=0.000969 comm_min_ms=0.000928 comm_max_ms=0.001041 comm_var_ms=0.000000001 total_avg_ms=0.084050 total_min_ms=0.082859 total_max_ms=0.085004 total_var_ms=0.000000410 effective_gflops=73.897524
[ERROR CHECKING] OK!

--- P=2 rep=2/3 driver=spmv_fennel_nccl_cusparse ---
Loaded ../matrices/webbase-1M.mtx: 1000005 x 1000005, 3105536 nnz
RESULT comm=fennel_nccl kernel=cusparse matrix=webbase-1M.mtx P=2 rank=0 nrows_local=546955 ncols_global=1000005 nnz_local=1708045 n_ghost=9342 compute_avg_ms=0.053248 compute_min_ms=0.052224 compute_max_ms=0.054272 compute_var_ms=0.000000350 compute_gflops=64.154335 eff_bw_gbs=380.581284 pct_peak_bw=40.7859 comm_avg_ms=0.059443 comm_min_ms=0.057398 comm_max_ms=0.063933 comm_var_ms=0.000001672 total_avg_ms=0.112691 total_min_ms=0.110000 total_max_ms=0.117181 total_var_ms=0.000002186 effective_gflops=30.313662
RESULT comm=fennel_nccl kernel=cusparse matrix=webbase-1M.mtx P=2 rank=1 nrows_local=453050 ncols_global=1000005 nnz_local=1397491 n_ghost=8910 compute_avg_ms=0.046763 compute_min_ms=0.046080 compute_max_ms=0.048128 compute_var_ms=0.000000373 compute_gflops=59.769516 eff_bw_gbs=356.099702 pct_peak_bw=38.1623 comm_avg_ms=0.058356 comm_min_ms=0.056095 comm_max_ms=0.060847 comm_var_ms=0.000001580 total_avg_ms=0.105119 total_min_ms=0.102175 total_max_ms=0.107509 total_var_ms=0.000002154 effective_gflops=26.588784
[ERROR CHECKING] OK!

--- P=3 rep=2/3 driver=spmv_fennel_nccl_cusparse ---
Loaded ../matrices/webbase-1M.mtx: 1000005 x 1000005, 3105536 nnz
RESULT comm=fennel_nccl kernel=cusparse matrix=webbase-1M.mtx P=3 rank=0 nrows_local=389445 ncols_global=1000005 nnz_local=1138697 n_ghost=11791 compute_avg_ms=0.042428 compute_min_ms=0.041984 compute_max_ms=0.044032 compute_var_ms=0.000000327 compute_gflops=53.677014 eff_bw_gbs=325.968019 pct_peak_bw=34.9331 comm_avg_ms=0.060649 comm_min_ms=0.059075 comm_max_ms=0.062295 comm_var_ms=0.000000586 total_avg_ms=0.103076 total_min_ms=0.101059 total_max_ms=0.105303 total_var_ms=0.000000969 effective_gflops=22.094212
RESULT comm=fennel_nccl kernel=cusparse matrix=webbase-1M.mtx P=3 rank=1 nrows_local=278103 ncols_global=1000005 nnz_local=896048 n_ghost=10191 compute_avg_ms=0.037376 compute_min_ms=0.036864 compute_max_ms=0.037888 compute_var_ms=0.000000262 compute_gflops=47.947772 eff_bw_gbs=282.170044 pct_peak_bw=30.2394 comm_avg_ms=0.059082 comm_min_ms=0.056044 comm_max_ms=0.062380 comm_var_ms=0.000002788 total_avg_ms=0.096458 total_min_ms=0.093008 total_max_ms=0.100268 total_var_ms=0.000002929 effective_gflops=18.579061
RESULT comm=fennel_nccl kernel=cusparse matrix=webbase-1M.mtx P=3 rank=2 nrows_local=332457 ncols_global=1000005 nnz_local=1070791 n_ghost=11673 compute_avg_ms=0.040960 compute_min_ms=0.039936 compute_max_ms=0.041984 compute_var_ms=0.000000350 compute_gflops=52.284718 eff_bw_gbs=307.678426 pct_peak_bw=32.9731 comm_avg_ms=0.069628 comm_min_ms=0.067440 comm_max_ms=0.071253 comm_var_ms=0.000000779 total_avg_ms=0.110588 total_min_ms=0.108400 total_max_ms=0.112418 total_var_ms=0.000001227 effective_gflops=19.365352
[ERROR CHECKING] OK!

--- P=4 rep=2/3 driver=spmv_fennel_nccl_cusparse ---
Loaded ../matrices/webbase-1M.mtx: 1000005 x 1000005, 3105536 nnz
RESULT comm=fennel_nccl kernel=cusparse matrix=webbase-1M.mtx P=4 rank=0 nrows_local=224468 ncols_global=1000005 nnz_local=678762 n_ghost=10639 compute_avg_ms=0.032324 compute_min_ms=0.031744 compute_max_ms=0.033792 compute_var_ms=0.000000327 compute_gflops=41.997055 eff_bw_gbs=252.635957 pct_peak_bw=27.0743 comm_avg_ms=0.058800 comm_min_ms=0.055409 comm_max_ms=0.079606 comm_var_ms=0.000016843 total_avg_ms=0.091124 total_min_ms=0.087153 total_max_ms=0.111350 total_var_ms=0.000016496 effective_gflops=14.897541
RESULT comm=fennel_nccl kernel=cusparse matrix=webbase-1M.mtx P=4 rank=1 nrows_local=283653 ncols_global=1000005 nnz_local=854024 n_ghost=7954 compute_avg_ms=0.036864 compute_min_ms=0.035840 compute_max_ms=0.037888 compute_var_ms=0.000000280 compute_gflops=46.333766 eff_bw_gbs=278.533193 pct_peak_bw=29.8497 comm_avg_ms=0.061422 comm_min_ms=0.058120 comm_max_ms=0.067118 comm_var_ms=0.000003189 total_avg_ms=0.098286 total_min_ms=0.094984 total_max_ms=0.103982 total_var_ms=0.000003221 effective_gflops=17.378350
RESULT comm=fennel_nccl kernel=cusparse matrix=webbase-1M.mtx P=4 rank=2 nrows_local=287338 ncols_global=1000005 nnz_local=847931 n_ghost=13771 compute_avg_ms=0.036352 compute_min_ms=0.035840 compute_max_ms=0.037888 compute_var_ms=0.000000402 compute_gflops=46.651132 eff_bw_gbs=282.971822 pct_peak_bw=30.3253 comm_avg_ms=0.081160 comm_min_ms=0.076586 comm_max_ms=0.102238 comm_var_ms=0.000017848 total_avg_ms=0.117512 total_min_ms=0.113450 total_max_ms=0.138078 total_var_ms=0.000017525 effective_gflops=14.431370
RESULT comm=fennel_nccl kernel=cusparse matrix=webbase-1M.mtx P=4 rank=3 nrows_local=204546 ncols_global=1000005 nnz_local=724819 n_ghost=9489 compute_avg_ms=0.034918 compute_min_ms=0.033792 compute_max_ms=0.035840 compute_var_ms=0.000000164 compute_gflops=41.515017 eff_bw_gbs=237.441115 pct_peak_bw=25.4459 comm_avg_ms=0.059389 comm_min_ms=0.055639 comm_max_ms=0.064942 comm_var_ms=0.000002900 total_avg_ms=0.094308 total_min_ms=0.090455 total_max_ms=0.099758 total_var_ms=0.000003130 effective_gflops=15.371348
[ERROR CHECKING] OK!

--- P=1 rep=3/3 driver=spmv_fennel_nccl_cusparse ---
Loaded ../matrices/webbase-1M.mtx: 1000005 x 1000005, 3105536 nnz
RESULT comm=fennel_nccl kernel=cusparse matrix=webbase-1M.mtx P=1 rank=0 nrows_local=1000005 ncols_global=1000005 nnz_local=3105536 n_ghost=0 compute_avg_ms=0.083012 compute_min_ms=0.081920 compute_max_ms=0.083968 compute_var_ms=0.000000345 compute_gflops=74.821136 eff_bw_gbs=443.842269 pct_peak_bw=47.5654 comm_avg_ms=0.000947 comm_min_ms=0.000920 comm_max_ms=0.001016 comm_var_ms=0.000000000 total_avg_ms=0.083959 total_min_ms=0.082840 total_max_ms=0.084915 total_var_ms=0.000000345 effective_gflops=73.977237
[ERROR CHECKING] OK!

--- P=2 rep=3/3 driver=spmv_fennel_nccl_cusparse ---
Loaded ../matrices/webbase-1M.mtx: 1000005 x 1000005, 3105536 nnz
RESULT comm=fennel_nccl kernel=cusparse matrix=webbase-1M.mtx P=2 rank=1 nrows_local=453050 ncols_global=1000005 nnz_local=1397491 n_ghost=8910 compute_avg_ms=0.046558 compute_min_ms=0.045056 compute_max_ms=0.048128 compute_var_ms=0.000000471 compute_gflops=60.032432 eff_bw_gbs=357.666124 pct_peak_bw=38.3301 comm_avg_ms=0.059404 comm_min_ms=0.056494 comm_max_ms=0.064425 comm_var_ms=0.000002015 total_avg_ms=0.105962 total_min_ms=0.102574 total_max_ms=0.111529 total_var_ms=0.000003113 effective_gflops=26.377269
RESULT comm=fennel_nccl kernel=cusparse matrix=webbase-1M.mtx P=2 rank=0 nrows_local=546955 ncols_global=1000005 nnz_local=1708045 n_ghost=9342 compute_avg_ms=0.053043 compute_min_ms=0.052224 compute_max_ms=0.054272 compute_var_ms=0.000000238 compute_gflops=64.402035 eff_bw_gbs=382.050711 pct_peak_bw=40.9434 comm_avg_ms=0.059486 comm_min_ms=0.057554 comm_max_ms=0.069868 comm_var_ms=0.000004965 total_avg_ms=0.112529 total_min_ms=0.110578 total_max_ms=0.123116 total_var_ms=0.000005254 effective_gflops=30.357473
[ERROR CHECKING] OK!

--- P=3 rep=3/3 driver=spmv_fennel_nccl_cusparse ---
Loaded ../matrices/webbase-1M.mtx: 1000005 x 1000005, 3105536 nnz
RESULT comm=fennel_nccl kernel=cusparse matrix=webbase-1M.mtx P=3 rank=0 nrows_local=389445 ncols_global=1000005 nnz_local=1138697 n_ghost=11791 compute_avg_ms=0.042018 compute_min_ms=0.040960 compute_max_ms=0.043008 compute_var_ms=0.000000244 compute_gflops=54.200267 eff_bw_gbs=329.145612 pct_peak_bw=35.2737 comm_avg_ms=0.060734 comm_min_ms=0.059388 comm_max_ms=0.062485 comm_var_ms=0.000000957 total_avg_ms=0.102752 total_min_ms=0.101372 total_max_ms=0.104469 total_var_ms=0.000000853 effective_gflops=22.163879
RESULT comm=fennel_nccl kernel=cusparse matrix=webbase-1M.mtx P=3 rank=1 nrows_local=278103 ncols_global=1000005 nnz_local=896048 n_ghost=10191 compute_avg_ms=0.037649 compute_min_ms=0.036864 compute_max_ms=0.037888 compute_var_ms=0.000000188 compute_gflops=47.600009 eff_bw_gbs=280.123480 pct_peak_bw=30.0201 comm_avg_ms=0.059198 comm_min_ms=0.056737 comm_max_ms=0.062074 comm_var_ms=0.000001332 total_avg_ms=0.096847 total_min_ms=0.094299 total_max_ms=0.098938 total_var_ms=0.000001453 effective_gflops=18.504378
RESULT comm=fennel_nccl kernel=cusparse matrix=webbase-1M.mtx P=3 rank=2 nrows_local=332457 ncols_global=1000005 nnz_local=1070791 n_ghost=11673 compute_avg_ms=0.041062 compute_min_ms=0.039936 compute_max_ms=0.041984 compute_var_ms=0.000000234 compute_gflops=52.154332 eff_bw_gbs=306.911148 pct_peak_bw=32.8909 comm_avg_ms=0.069929 comm_min_ms=0.067917 comm_max_ms=0.071526 comm_var_ms=0.000000953 total_avg_ms=0.110992 total_min_ms=0.109110 total_max_ms=0.112800 total_var_ms=0.000001031 effective_gflops=19.294974
[ERROR CHECKING] OK!

--- P=4 rep=3/3 driver=spmv_fennel_nccl_cusparse ---
Loaded ../matrices/webbase-1M.mtx: 1000005 x 1000005, 3105536 nnz
RESULT comm=fennel_nccl kernel=cusparse matrix=webbase-1M.mtx P=4 rank=0 nrows_local=224468 ncols_global=1000005 nnz_local=678762 n_ghost=10639 compute_avg_ms=0.032495 compute_min_ms=0.031744 compute_max_ms=0.033792 compute_var_ms=0.000000415 compute_gflops=41.776482 eff_bw_gbs=251.309087 pct_peak_bw=26.9321 comm_avg_ms=0.057588 comm_min_ms=0.054944 comm_max_ms=0.060648 comm_var_ms=0.000001952 total_avg_ms=0.090083 total_min_ms=0.087712 total_max_ms=0.093416 total_var_ms=0.000002288 effective_gflops=15.069747
RESULT comm=fennel_nccl kernel=cusparse matrix=webbase-1M.mtx P=4 rank=1 nrows_local=283653 ncols_global=1000005 nnz_local=854024 n_ghost=7954 compute_avg_ms=0.037103 compute_min_ms=0.035840 compute_max_ms=0.037888 compute_var_ms=0.000000257 compute_gflops=46.035388 eff_bw_gbs=276.739511 pct_peak_bw=29.6574 comm_avg_ms=0.061069 comm_min_ms=0.058158 comm_max_ms=0.068295 comm_var_ms=0.000004933 total_avg_ms=0.098172 total_min_ms=0.095776 total_max_ms=0.106183 total_var_ms=0.000005701 effective_gflops=17.398472
RESULT comm=fennel_nccl kernel=cusparse matrix=webbase-1M.mtx P=4 rank=2 nrows_local=287338 ncols_global=1000005 nnz_local=847931 n_ghost=13771 compute_avg_ms=0.036045 compute_min_ms=0.034816 compute_max_ms=0.036864 compute_var_ms=0.000000447 compute_gflops=47.048727 eff_bw_gbs=285.383515 pct_peak_bw=30.5838 comm_avg_ms=0.079650 comm_min_ms=0.077847 comm_max_ms=0.084128 comm_var_ms=0.000002423 total_avg_ms=0.115695 total_min_ms=0.113125 total_max_ms=0.119968 total_var_ms=0.000002745 effective_gflops=14.658045
RESULT comm=fennel_nccl kernel=cusparse matrix=webbase-1M.mtx P=4 rank=3 nrows_local=204546 ncols_global=1000005 nnz_local=724819 n_ghost=9489 compute_avg_ms=0.034714 compute_min_ms=0.033792 compute_max_ms=0.035840 compute_var_ms=0.000000374 compute_gflops=41.759944 eff_bw_gbs=238.841948 pct_peak_bw=25.5961 comm_avg_ms=0.058888 comm_min_ms=0.055650 comm_max_ms=0.062274 comm_var_ms=0.000001767 total_avg_ms=0.093602 total_min_ms=0.090466 total_max_ms=0.096066 total_var_ms=0.000001675 effective_gflops=15.487277
[ERROR CHECKING] OK!

=== Job done ===
