=== D2_final intelligent-partitioning (Fennel/LDG, cuSPARSE) small-matrix check ===
Node:     edu01
Date:     Thu Jul 23 02:10:58 PM CEST 2026
Matrix:   ../matrices/roadNet-CA.mtx
Reps:     3

--- P=1 rep=1/3 driver=spmv_fennel_nccl_cusparse ---
Loaded ../matrices/roadNet-CA.mtx: 1971281 x 1971281, 5533214 nnz
RESULT comm=fennel_nccl kernel=cusparse matrix=roadNet-CA.mtx P=1 rank=0 nrows_local=1971281 ncols_global=1971281 nnz_local=5533214 n_ghost=0 compute_avg_ms=0.179132 compute_min_ms=0.178176 compute_max_ms=0.181248 compute_var_ms=0.000000764 compute_gflops=61.778156 eff_bw_gbs=379.168380 pct_peak_bw=40.6345 comm_avg_ms=0.001017 comm_min_ms=0.000958 comm_max_ms=0.001495 comm_var_ms=0.000000009 total_avg_ms=0.180148 total_min_ms=0.179154 total_max_ms=0.182291 total_var_ms=0.000000807 effective_gflops=61.429523
[ERROR CHECKING] OK!

--- P=2 rep=1/3 driver=spmv_fennel_nccl_cusparse ---
Loaded ../matrices/roadNet-CA.mtx: 1971281 x 1971281, 5533214 nnz
RESULT comm=fennel_nccl kernel=cusparse matrix=roadNet-CA.mtx P=2 rank=0 nrows_local=982621 ncols_global=1971281 nnz_local=2766628 n_ghost=348615 compute_avg_ms=0.104038 compute_min_ms=0.102400 compute_max_ms=0.105472 compute_var_ms=0.000000601 compute_gflops=53.184748 eff_bw_gbs=339.479853 pct_peak_bw=36.3812 comm_avg_ms=0.418334 comm_min_ms=0.408631 comm_max_ms=0.426532 comm_var_ms=0.000018783 total_avg_ms=0.522372 total_min_ms=0.512055 total_max_ms=0.532004 total_var_ms=0.000022030 effective_gflops=10.592556
RESULT comm=fennel_nccl kernel=cusparse matrix=roadNet-CA.mtx P=2 rank=1 nrows_local=988660 ncols_global=1971281 nnz_local=2766586 n_ghost=348283 compute_avg_ms=0.105267 compute_min_ms=0.103424 compute_max_ms=0.107520 compute_var_ms=0.000000797 compute_gflops=52.563116 eff_bw_gbs=336.189663 pct_peak_bw=36.0286 comm_avg_ms=0.239621 comm_min_ms=0.235139 comm_max_ms=0.245382 comm_var_ms=0.000005452 total_avg_ms=0.344888 total_min_ms=0.340611 total_max_ms=0.349830 total_var_ms=0.000005458 effective_gflops=16.043396
[ERROR CHECKING] OK!

--- P=3 rep=1/3 driver=spmv_fennel_nccl_cusparse ---
Loaded ../matrices/roadNet-CA.mtx: 1971281 x 1971281, 5533214 nnz
RESULT comm=fennel_nccl kernel=cusparse matrix=roadNet-CA.mtx P=3 rank=0 nrows_local=655091 ncols_global=1971281 nnz_local=1844428 n_ghost=327620 compute_avg_ms=0.077039 compute_min_ms=0.075776 compute_max_ms=0.077824 compute_var_ms=0.000000537 compute_gflops=47.883009 eff_bw_gbs=310.583217 pct_peak_bw=33.2844 comm_avg_ms=0.290188 comm_min_ms=0.280925 comm_max_ms=0.313395 comm_var_ms=0.000062717 total_avg_ms=0.367227 total_min_ms=0.357725 total_max_ms=0.391219 total_var_ms=0.000063814 effective_gflops=10.045160
RESULT comm=fennel_nccl kernel=cusparse matrix=roadNet-CA.mtx P=3 rank=1 nrows_local=655058 ncols_global=1971281 nnz_local=1844395 n_ghost=327586 compute_avg_ms=0.078029 compute_min_ms=0.076800 compute_max_ms=0.079872 compute_var_ms=0.000000937 compute_gflops=47.274725 eff_bw_gbs=306.632992 pct_peak_bw=32.8610 comm_avg_ms=0.265710 comm_min_ms=0.253515 comm_max_ms=0.288513 comm_var_ms=0.000033095 total_avg_ms=0.343738 total_min_ms=0.331339 total_max_ms=0.366337 total_var_ms=0.000033537 effective_gflops=10.731390
RESULT comm=fennel_nccl kernel=cusparse matrix=roadNet-CA.mtx P=3 rank=2 nrows_local=661132 ncols_global=1971281 nnz_local=1844391 n_ghost=327787 compute_avg_ms=0.076698 compute_min_ms=0.074752 compute_max_ms=0.095232 compute_var_ms=0.000013027 compute_gflops=48.095141 eff_bw_gbs=312.915439 pct_peak_bw=33.5343 comm_avg_ms=0.312672 comm_min_ms=0.276904 comm_max_ms=0.965783 comm_var_ms=0.014790130 total_avg_ms=0.389369 total_min_ms=0.353704 total_max_ms=1.061015 total_var_ms=0.015642434 effective_gflops=9.473734
[ERROR CHECKING] OK!

--- P=4 rep=1/3 driver=spmv_fennel_nccl_cusparse ---
Loaded ../matrices/roadNet-CA.mtx: 1971281 x 1971281, 5533214 nnz
RESULT comm=fennel_nccl kernel=cusparse matrix=roadNet-CA.mtx P=4 rank=0 nrows_local=491338 ncols_global=1971281 nnz_local=1383341 n_ghost=284468 compute_avg_ms=0.061645 compute_min_ms=0.060416 compute_max_ms=0.063488 compute_var_ms=0.000000657 compute_gflops=44.881029 eff_bw_gbs=293.628339 pct_peak_bw=31.4674 comm_avg_ms=0.279048 comm_min_ms=0.267036 comm_max_ms=0.290024 comm_var_ms=0.000032286 total_avg_ms=0.340693 total_min_ms=0.327452 total_max_ms=0.351464 total_var_ms=0.000034847 effective_gflops=8.120746
RESULT comm=fennel_nccl kernel=cusparse matrix=roadNet-CA.mtx P=4 rank=1 nrows_local=491303 ncols_global=1971281 nnz_local=1383306 n_ghost=283646 compute_avg_ms=0.061781 compute_min_ms=0.060416 compute_max_ms=0.063488 compute_var_ms=0.000000513 compute_gflops=44.780711 eff_bw_gbs=292.914888 pct_peak_bw=31.3909 comm_avg_ms=0.371082 comm_min_ms=0.357033 comm_max_ms=0.381862 comm_var_ms=0.000030351 total_avg_ms=0.432863 total_min_ms=0.418473 total_max_ms=0.443696 total_var_ms=0.000029970 effective_gflops=6.391427
RESULT comm=fennel_nccl kernel=cusparse matrix=roadNet-CA.mtx P=4 rank=2 nrows_local=491311 ncols_global=1971281 nnz_local=1383310 n_ghost=282899 compute_avg_ms=0.060450 compute_min_ms=0.059392 compute_max_ms=0.062464 compute_var_ms=0.000000663 compute_gflops=45.766979 eff_bw_gbs=299.317979 pct_peak_bw=32.0771 comm_avg_ms=0.388731 comm_min_ms=0.376843 comm_max_ms=0.397864 comm_var_ms=0.000032354 total_avg_ms=0.449182 total_min_ms=0.436235 total_max_ms=0.458280 total_var_ms=0.000033830 effective_gflops=6.159247
RESULT comm=fennel_nccl kernel=cusparse matrix=roadNet-CA.mtx P=4 rank=3 nrows_local=497329 ncols_global=1971281 nnz_local=1383257 n_ghost=283900 compute_avg_ms=0.061679 compute_min_ms=0.060416 compute_max_ms=0.063488 compute_var_ms=0.000000537 compute_gflops=44.853468 eff_bw_gbs=294.583698 pct_peak_bw=31.5698 comm_avg_ms=0.342413 comm_min_ms=0.329943 comm_max_ms=0.352955 comm_var_ms=0.000030106 total_avg_ms=0.404092 total_min_ms=0.391383 total_max_ms=0.415419 total_var_ms=0.000032421 effective_gflops=6.846243
[ERROR CHECKING] OK!

--- P=1 rep=2/3 driver=spmv_fennel_nccl_cusparse ---
Loaded ../matrices/roadNet-CA.mtx: 1971281 x 1971281, 5533214 nnz
RESULT comm=fennel_nccl kernel=cusparse matrix=roadNet-CA.mtx P=1 rank=0 nrows_local=1971281 ncols_global=1971281 nnz_local=5533214 n_ghost=0 compute_avg_ms=0.179507 compute_min_ms=0.178176 compute_max_ms=0.181248 compute_var_ms=0.000000710 compute_gflops=61.648938 eff_bw_gbs=378.375291 pct_peak_bw=40.5495 comm_avg_ms=0.001017 comm_min_ms=0.000963 comm_max_ms=0.001368 comm_var_ms=0.000000005 total_avg_ms=0.180524 total_min_ms=0.179150 total_max_ms=0.182217 total_var_ms=0.000000725 effective_gflops=61.301678
[ERROR CHECKING] OK!

--- P=2 rep=2/3 driver=spmv_fennel_nccl_cusparse ---
Loaded ../matrices/roadNet-CA.mtx: 1971281 x 1971281, 5533214 nnz
RESULT comm=fennel_nccl kernel=cusparse matrix=roadNet-CA.mtx P=2 rank=0 nrows_local=982621 ncols_global=1971281 nnz_local=2766628 n_ghost=348615 compute_avg_ms=0.104141 compute_min_ms=0.102400 compute_max_ms=0.105472 compute_var_ms=0.000000570 compute_gflops=53.132452 eff_bw_gbs=339.146047 pct_peak_bw=36.3454 comm_avg_ms=0.413680 comm_min_ms=0.406946 comm_max_ms=0.422728 comm_var_ms=0.000010946 total_avg_ms=0.517821 total_min_ms=0.511394 total_max_ms=0.528200 total_var_ms=0.000012931 effective_gflops=10.685659
RESULT comm=fennel_nccl kernel=cusparse matrix=roadNet-CA.mtx P=2 rank=1 nrows_local=988660 ncols_global=1971281 nnz_local=2766586 n_ghost=348283 compute_avg_ms=0.105131 compute_min_ms=0.103424 compute_max_ms=0.106496 compute_var_ms=0.000000443 compute_gflops=52.631380 eff_bw_gbs=336.626274 pct_peak_bw=36.0753 comm_avg_ms=0.239360 comm_min_ms=0.235044 comm_max_ms=0.252895 comm_var_ms=0.000009636 total_avg_ms=0.344491 total_min_ms=0.338976 total_max_ms=0.359391 total_var_ms=0.000012193 effective_gflops=16.061892
[ERROR CHECKING] OK!

--- P=3 rep=2/3 driver=spmv_fennel_nccl_cusparse ---
Loaded ../matrices/roadNet-CA.mtx: 1971281 x 1971281, 5533214 nnz
RESULT comm=fennel_nccl kernel=cusparse matrix=roadNet-CA.mtx P=3 rank=0 nrows_local=655091 ncols_global=1971281 nnz_local=1844428 n_ghost=327620 compute_avg_ms=0.077244 compute_min_ms=0.075776 compute_max_ms=0.079872 compute_var_ms=0.000000887 compute_gflops=47.756054 eff_bw_gbs=309.759750 pct_peak_bw=33.1961 comm_avg_ms=0.287768 comm_min_ms=0.278313 comm_max_ms=0.304885 comm_var_ms=0.000046752 total_avg_ms=0.365012 total_min_ms=0.356383 total_max_ms=0.382709 total_var_ms=0.000046011 effective_gflops=10.106123
RESULT comm=fennel_nccl kernel=cusparse matrix=roadNet-CA.mtx P=3 rank=1 nrows_local=655058 ncols_global=1971281 nnz_local=1844395 n_ghost=327586 compute_avg_ms=0.078063 compute_min_ms=0.075776 compute_max_ms=0.081920 compute_var_ms=0.000001446 compute_gflops=47.254054 eff_bw_gbs=306.498918 pct_peak_bw=32.8467 comm_avg_ms=0.268894 comm_min_ms=0.258347 comm_max_ms=0.288311 comm_var_ms=0.000028715 total_avg_ms=0.346957 total_min_ms=0.336171 total_max_ms=0.366135 total_var_ms=0.000028028 effective_gflops=10.631830
RESULT comm=fennel_nccl kernel=cusparse matrix=roadNet-CA.mtx P=3 rank=2 nrows_local=661132 ncols_global=1971281 nnz_local=1844391 n_ghost=327787 compute_avg_ms=0.076800 compute_min_ms=0.073728 compute_max_ms=0.093184 compute_var_ms=0.000010136 compute_gflops=48.031014 eff_bw_gbs=312.498218 pct_peak_bw=33.4896 comm_avg_ms=0.311327 comm_min_ms=0.272241 comm_max_ms=0.938813 comm_var_ms=0.013680882 total_avg_ms=0.388127 total_min_ms=0.347135 total_max_ms=1.031997 total_var_ms=0.014397669 effective_gflops=9.504071
[ERROR CHECKING] OK!

--- P=4 rep=2/3 driver=spmv_fennel_nccl_cusparse ---
Loaded ../matrices/roadNet-CA.mtx: 1971281 x 1971281, 5533214 nnz
RESULT comm=fennel_nccl kernel=cusparse matrix=roadNet-CA.mtx P=4 rank=0 nrows_local=491338 ncols_global=1971281 nnz_local=1383341 n_ghost=284468 compute_avg_ms=0.061065 compute_min_ms=0.059392 compute_max_ms=0.062464 compute_var_ms=0.000000873 compute_gflops=45.307511 eff_bw_gbs=296.418543 pct_peak_bw=31.7664 comm_avg_ms=0.279174 comm_min_ms=0.268544 comm_max_ms=0.292365 comm_var_ms=0.000029973 total_avg_ms=0.340238 total_min_ms=0.329984 total_max_ms=0.353178 total_var_ms=0.000030414 effective_gflops=8.131603
RESULT comm=fennel_nccl kernel=cusparse matrix=roadNet-CA.mtx P=4 rank=1 nrows_local=491303 ncols_global=1971281 nnz_local=1383306 n_ghost=283646 compute_avg_ms=0.061679 compute_min_ms=0.060416 compute_max_ms=0.063488 compute_var_ms=0.000000467 compute_gflops=44.855057 eff_bw_gbs=293.401188 pct_peak_bw=31.4430 comm_avg_ms=0.370739 comm_min_ms=0.361792 comm_max_ms=0.383743 comm_var_ms=0.000033284 total_avg_ms=0.432418 total_min_ms=0.424256 total_max_ms=0.445183 total_var_ms=0.000034080 effective_gflops=6.398004
RESULT comm=fennel_nccl kernel=cusparse matrix=roadNet-CA.mtx P=4 rank=2 nrows_local=491311 ncols_global=1971281 nnz_local=1383310 n_ghost=282899 compute_avg_ms=0.060450 compute_min_ms=0.059392 compute_max_ms=0.062464 compute_var_ms=0.000000523 compute_gflops=45.766978 eff_bw_gbs=299.317978 pct_peak_bw=32.0771 comm_avg_ms=0.387804 comm_min_ms=0.376262 comm_max_ms=0.396471 comm_var_ms=0.000026324 total_avg_ms=0.448254 total_min_ms=0.437702 total_max_ms=0.458935 total_var_ms=0.000025948 effective_gflops=6.171989
RESULT comm=fennel_nccl kernel=cusparse matrix=roadNet-CA.mtx P=4 rank=3 nrows_local=497329 ncols_global=1971281 nnz_local=1383257 n_ghost=283900 compute_avg_ms=0.061542 compute_min_ms=0.060416 compute_max_ms=0.063488 compute_var_ms=0.000000444 compute_gflops=44.952976 eff_bw_gbs=295.237240 pct_peak_bw=31.6398 comm_avg_ms=0.346835 comm_min_ms=0.334099 comm_max_ms=0.357769 comm_var_ms=0.000024915 total_avg_ms=0.408377 total_min_ms=0.395539 total_max_ms=0.418185 total_var_ms=0.000023732 effective_gflops=6.774406
[ERROR CHECKING] OK!

--- P=1 rep=3/3 driver=spmv_fennel_nccl_cusparse ---
Loaded ../matrices/roadNet-CA.mtx: 1971281 x 1971281, 5533214 nnz
RESULT comm=fennel_nccl kernel=cusparse matrix=roadNet-CA.mtx P=1 rank=0 nrows_local=1971281 ncols_global=1971281 nnz_local=5533214 n_ghost=0 compute_avg_ms=0.179610 compute_min_ms=0.178176 compute_max_ms=0.181248 compute_var_ms=0.000000741 compute_gflops=61.613790 eff_bw_gbs=378.159568 pct_peak_bw=40.5264 comm_avg_ms=0.000998 comm_min_ms=0.000927 comm_max_ms=0.001358 comm_var_ms=0.000000008 total_avg_ms=0.180607 total_min_ms=0.179113 total_max_ms=0.182255 total_var_ms=0.000000762 effective_gflops=61.273494
[ERROR CHECKING] OK!

--- P=2 rep=3/3 driver=spmv_fennel_nccl_cusparse ---
Loaded ../matrices/roadNet-CA.mtx: 1971281 x 1971281, 5533214 nnz
RESULT comm=fennel_nccl kernel=cusparse matrix=roadNet-CA.mtx P=2 rank=0 nrows_local=982621 ncols_global=1971281 nnz_local=2766628 n_ghost=348615 compute_avg_ms=0.104107 compute_min_ms=0.102400 compute_max_ms=0.106496 compute_var_ms=0.000000862 compute_gflops=53.149873 eff_bw_gbs=339.257243 pct_peak_bw=36.3573 comm_avg_ms=0.409915 comm_min_ms=0.401991 comm_max_ms=0.460713 comm_var_ms=0.000097625 total_avg_ms=0.514022 total_min_ms=0.506857 total_max_ms=0.563113 total_var_ms=0.000093269 effective_gflops=10.764629
RESULT comm=fennel_nccl kernel=cusparse matrix=roadNet-CA.mtx P=2 rank=1 nrows_local=988660 ncols_global=1971281 nnz_local=2766586 n_ghost=348283 compute_avg_ms=0.105335 compute_min_ms=0.104448 compute_max_ms=0.106496 compute_var_ms=0.000000471 compute_gflops=52.529051 eff_bw_gbs=335.971783 pct_peak_bw=36.0052 comm_avg_ms=0.239154 comm_min_ms=0.231496 comm_max_ms=0.316548 comm_var_ms=0.000212329 total_avg_ms=0.344490 total_min_ms=0.335944 total_max_ms=0.422020 total_var_ms=0.000213981 effective_gflops=16.061942
[ERROR CHECKING] OK!

--- P=3 rep=3/3 driver=spmv_fennel_nccl_cusparse ---
Loaded ../matrices/roadNet-CA.mtx: 1971281 x 1971281, 5533214 nnz
RESULT comm=fennel_nccl kernel=cusparse matrix=roadNet-CA.mtx P=3 rank=0 nrows_local=655091 ncols_global=1971281 nnz_local=1844428 n_ghost=327620 compute_avg_ms=0.077073 compute_min_ms=0.075776 compute_max_ms=0.078848 compute_var_ms=0.000000555 compute_gflops=47.861803 eff_bw_gbs=310.445666 pct_peak_bw=33.2696 comm_avg_ms=0.290166 comm_min_ms=0.278957 comm_max_ms=0.317301 comm_var_ms=0.000068561 total_avg_ms=0.367239 total_min_ms=0.354733 total_max_ms=0.396149 total_var_ms=0.000071500 effective_gflops=10.044826
RESULT comm=fennel_nccl kernel=cusparse matrix=roadNet-CA.mtx P=3 rank=1 nrows_local=655058 ncols_global=1971281 nnz_local=1844395 n_ghost=327586 compute_avg_ms=0.078131 compute_min_ms=0.075776 compute_max_ms=0.079872 compute_var_ms=0.000001059 compute_gflops=47.212766 eff_bw_gbs=306.231116 pct_peak_bw=32.8180 comm_avg_ms=0.266224 comm_min_ms=0.257283 comm_max_ms=0.275370 comm_var_ms=0.000015782 total_avg_ms=0.344355 total_min_ms=0.335107 total_max_ms=0.353194 total_var_ms=0.000016678 effective_gflops=10.712158
RESULT comm=fennel_nccl kernel=cusparse matrix=roadNet-CA.mtx P=3 rank=2 nrows_local=661132 ncols_global=1971281 nnz_local=1844391 n_ghost=327787 compute_avg_ms=0.076663 compute_min_ms=0.073728 compute_max_ms=0.088064 compute_var_ms=0.000005294 compute_gflops=48.116555 eff_bw_gbs=313.054760 pct_peak_bw=33.5493 comm_avg_ms=0.307589 comm_min_ms=0.275650 comm_max_ms=0.852036 comm_var_ms=0.010300520 total_avg_ms=0.384253 total_min_ms=0.353474 total_max_ms=0.940100 total_var_ms=0.010730951 effective_gflops=9.599882
[ERROR CHECKING] OK!

--- P=4 rep=3/3 driver=spmv_fennel_nccl_cusparse ---
Loaded ../matrices/roadNet-CA.mtx: 1971281 x 1971281, 5533214 nnz
RESULT comm=fennel_nccl kernel=cusparse matrix=roadNet-CA.mtx P=4 rank=0 nrows_local=491338 ncols_global=1971281 nnz_local=1383341 n_ghost=284468 compute_avg_ms=0.061338 compute_min_ms=0.060416 compute_max_ms=0.062464 compute_var_ms=0.000000514 compute_gflops=45.105808 eff_bw_gbs=295.098930 pct_peak_bw=31.6250 comm_avg_ms=0.279932 comm_min_ms=0.268923 comm_max_ms=0.298639 comm_var_ms=0.000035558 total_avg_ms=0.341269 total_min_ms=0.329339 total_max_ms=0.360079 total_var_ms=0.000036863 effective_gflops=8.107035
RESULT comm=fennel_nccl kernel=cusparse matrix=roadNet-CA.mtx P=4 rank=1 nrows_local=491303 ncols_global=1971281 nnz_local=1383306 n_ghost=283646 compute_avg_ms=0.061474 compute_min_ms=0.060416 compute_max_ms=0.062464 compute_var_ms=0.000000593 compute_gflops=45.004490 eff_bw_gbs=294.378646 pct_peak_bw=31.5478 comm_avg_ms=0.364724 comm_min_ms=0.353903 comm_max_ms=0.381439 comm_var_ms=0.000045639 total_avg_ms=0.426198 total_min_ms=0.414319 total_max_ms=0.443903 total_var_ms=0.000049471 effective_gflops=6.491380
RESULT comm=fennel_nccl kernel=cusparse matrix=roadNet-CA.mtx P=4 rank=2 nrows_local=491311 ncols_global=1971281 nnz_local=1383310 n_ghost=282899 compute_avg_ms=0.060279 compute_min_ms=0.058368 compute_max_ms=0.062464 compute_var_ms=0.000000611 compute_gflops=45.896556 eff_bw_gbs=300.165423 pct_peak_bw=32.1679 comm_avg_ms=0.385053 comm_min_ms=0.373689 comm_max_ms=0.400291 comm_var_ms=0.000048752 total_avg_ms=0.445332 total_min_ms=0.433467 total_max_ms=0.460707 total_var_ms=0.000049058 effective_gflops=6.212487
RESULT comm=fennel_nccl kernel=cusparse matrix=roadNet-CA.mtx P=4 rank=3 nrows_local=497329 ncols_global=1971281 nnz_local=1383257 n_ghost=283900 compute_avg_ms=0.061508 compute_min_ms=0.060416 compute_max_ms=0.062464 compute_var_ms=0.000000345 compute_gflops=44.977922 eff_bw_gbs=295.401078 pct_peak_bw=31.6574 comm_avg_ms=0.343063 comm_min_ms=0.333362 comm_max_ms=0.360393 comm_var_ms=0.000035619 total_avg_ms=0.404571 total_min_ms=0.394565 total_max_ms=0.421833 total_var_ms=0.000036351 effective_gflops=6.838137
[ERROR CHECKING] OK!

=== Job done ===
