=== D2_final intelligent-partitioning (Fennel/LDG, cuSPARSE) small-matrix check ===
Node:     edu01
Date:     Thu Jul 23 02:00:57 PM CEST 2026
Matrix:   ../matrices/ASIC_680k.mtx
Reps:     3

--- P=1 rep=1/3 driver=spmv_fennel_nccl_cusparse ---
Loaded ../matrices/ASIC_680k.mtx: 682862 x 682862, 3871773 nnz
RESULT comm=fennel_nccl kernel=cusparse matrix=ASIC_680k.mtx P=1 rank=0 nrows_local=682862 ncols_global=682862 nnz_local=3871773 n_ghost=0 compute_avg_ms=0.088508 compute_min_ms=0.087040 compute_max_ms=0.089088 compute_var_ms=0.000000327 compute_gflops=87.490050 eff_bw_gbs=442.543611 pct_peak_bw=47.4262 comm_avg_ms=0.000952 comm_min_ms=0.000923 comm_max_ms=0.001042 comm_var_ms=0.000000001 total_avg_ms=0.089459 total_min_ms=0.087980 total_max_ms=0.090093 total_var_ms=0.000000326 effective_gflops=86.559430
[ERROR CHECKING] OK!

--- P=2 rep=1/3 driver=spmv_fennel_nccl_cusparse ---
Loaded ../matrices/ASIC_680k.mtx: 682862 x 682862, 3871773 nnz
RESULT comm=fennel_nccl kernel=cusparse matrix=ASIC_680k.mtx P=2 rank=0 nrows_local=102047 ncols_global=682862 nnz_local=2129478 n_ghost=580815 compute_avg_ms=0.058129 compute_min_ms=0.056320 compute_max_ms=0.059392 compute_var_ms=0.000000467 compute_gflops=73.267234 eff_bw_gbs=354.102565 pct_peak_bw=37.9482 comm_avg_ms=0.558812 comm_min_ms=0.546915 comm_max_ms=0.568766 comm_var_ms=0.000026291 total_avg_ms=0.616941 total_min_ms=0.605283 total_max_ms=0.627134 total_var_ms=0.000026145 effective_gflops=6.903347
RESULT comm=fennel_nccl kernel=cusparse matrix=ASIC_680k.mtx P=2 rank=1 nrows_local=580815 ncols_global=682862 nnz_local=1742295 n_ghost=99264 compute_avg_ms=0.055706 compute_min_ms=0.054272 compute_max_ms=0.058368 compute_var_ms=0.000000811 compute_gflops=62.553675 eff_bw_gbs=382.460649 pct_peak_bw=40.9873 comm_avg_ms=0.353032 comm_min_ms=0.345489 comm_max_ms=0.362758 comm_var_ms=0.000024539 total_avg_ms=0.408738 total_min_ms=0.401591 total_max_ms=0.419078 total_var_ms=0.000023493 effective_gflops=8.525243
[ERROR CHECKING] OK!

--- P=3 rep=1/3 driver=spmv_fennel_nccl_cusparse ---
Loaded ../matrices/ASIC_680k.mtx: 682862 x 682862, 3871773 nnz
RESULT comm=fennel_nccl kernel=cusparse matrix=ASIC_680k.mtx P=3 rank=0 nrows_local=37349 ncols_global=682862 nnz_local=1419658 n_ghost=645051 compute_avg_ms=0.045978 compute_min_ms=0.045056 compute_max_ms=0.047104 compute_var_ms=0.000000374 compute_gflops=61.754332 eff_bw_gbs=312.884096 pct_peak_bw=33.5310 comm_avg_ms=0.363873 comm_min_ms=0.356426 comm_max_ms=0.380978 comm_var_ms=0.000020846 total_avg_ms=0.409851 total_min_ms=0.402506 total_max_ms=0.427058 total_var_ms=0.000020446 effective_gflops=6.927686
RESULT comm=fennel_nccl kernel=cusparse matrix=ASIC_680k.mtx P=3 rank=1 nrows_local=322739 ncols_global=682862 nnz_local=1226060 n_ghost=41440 compute_avg_ms=0.044578 compute_min_ms=0.044032 compute_max_ms=0.045056 compute_var_ms=0.000000261 compute_gflops=55.007238 eff_bw_gbs=310.625657 pct_peak_bw=33.2889 comm_avg_ms=0.138373 comm_min_ms=0.135406 comm_max_ms=0.142067 comm_var_ms=0.000003157 total_avg_ms=0.182951 total_min_ms=0.179802 total_max_ms=0.186276 total_var_ms=0.000003153 effective_gflops=13.403174
RESULT comm=fennel_nccl kernel=cusparse matrix=ASIC_680k.mtx P=3 rank=2 nrows_local=322774 ncols_global=682862 nnz_local=1226055 n_ghost=41431 compute_avg_ms=0.044271 compute_min_ms=0.043008 compute_max_ms=0.045056 compute_var_ms=0.000000467 compute_gflops=55.388712 eff_bw_gbs=312.788887 pct_peak_bw=33.5208 comm_avg_ms=0.140795 comm_min_ms=0.137336 comm_max_ms=0.144651 comm_var_ms=0.000004092 total_avg_ms=0.185066 total_min_ms=0.181368 total_max_ms=0.189274 total_var_ms=0.000004725 effective_gflops=13.249922
[ERROR CHECKING] OK!

--- P=4 rep=1/3 driver=spmv_fennel_nccl_cusparse ---
Loaded ../matrices/ASIC_680k.mtx: 682862 x 682862, 3871773 nnz
RESULT comm=fennel_nccl kernel=cusparse matrix=ASIC_680k.mtx P=4 rank=0 nrows_local=14254 ncols_global=682862 nnz_local=1064746 n_ghost=668140 compute_avg_ms=0.040516 compute_min_ms=0.038912 compute_max_ms=0.043008 compute_var_ms=0.000000817 compute_gflops=52.558941 eff_bw_gbs=280.420218 pct_peak_bw=30.0519 comm_avg_ms=0.401801 comm_min_ms=0.393822 comm_max_ms=0.409500 comm_var_ms=0.000015807 total_avg_ms=0.442317 total_min_ms=0.433758 total_max_ms=0.450460 total_var_ms=0.000016021 effective_gflops=4.814400
RESULT comm=fennel_nccl kernel=cusparse matrix=ASIC_680k.mtx P=4 rank=1 nrows_local=222968 ncols_global=682862 nnz_local=935958 n_ghost=24050 compute_avg_ms=0.038468 compute_min_ms=0.036864 compute_max_ms=0.038912 compute_var_ms=0.000000327 compute_gflops=48.661304 eff_bw_gbs=266.699932 pct_peak_bw=28.5815 comm_avg_ms=0.138973 comm_min_ms=0.133068 comm_max_ms=0.145804 comm_var_ms=0.000012687 total_avg_ms=0.177442 total_min_ms=0.170981 total_max_ms=0.184716 total_var_ms=0.000012856 effective_gflops=10.549479
RESULT comm=fennel_nccl kernel=cusparse matrix=ASIC_680k.mtx P=4 rank=2 nrows_local=222679 ncols_global=682862 nnz_local=935129 n_ghost=24133 compute_avg_ms=0.037820 compute_min_ms=0.036864 compute_max_ms=0.038912 compute_var_ms=0.000000205 compute_gflops=49.451907 eff_bw_gbs=271.015016 pct_peak_bw=29.0440 comm_avg_ms=0.122110 comm_min_ms=0.118482 comm_max_ms=0.128803 comm_var_ms=0.000004999 total_avg_ms=0.159929 total_min_ms=0.156370 total_max_ms=0.166691 total_var_ms=0.000005572 effective_gflops=11.694277
RESULT comm=fennel_nccl kernel=cusparse matrix=ASIC_680k.mtx P=4 rank=3 nrows_local=222961 ncols_global=682862 nnz_local=935940 n_ghost=24169 compute_avg_ms=0.037990 compute_min_ms=0.036864 compute_max_ms=0.038912 compute_var_ms=0.000000374 compute_gflops=49.272447 eff_bw_gbs=270.061168 pct_peak_bw=28.9417 comm_avg_ms=0.135866 comm_min_ms=0.132653 comm_max_ms=0.141583 comm_var_ms=0.000005589 total_avg_ms=0.173856 total_min_ms=0.169993 total_max_ms=0.180495 total_var_ms=0.000005978 effective_gflops=10.766823
[ERROR CHECKING] OK!

--- P=1 rep=2/3 driver=spmv_fennel_nccl_cusparse ---
Loaded ../matrices/ASIC_680k.mtx: 682862 x 682862, 3871773 nnz
RESULT comm=fennel_nccl kernel=cusparse matrix=ASIC_680k.mtx P=1 rank=0 nrows_local=682862 ncols_global=682862 nnz_local=3871773 n_ghost=0 compute_avg_ms=0.088235 compute_min_ms=0.087040 compute_max_ms=0.089088 compute_var_ms=0.000000285 compute_gflops=87.760812 eff_bw_gbs=443.913186 pct_peak_bw=47.5730 comm_avg_ms=0.001005 comm_min_ms=0.000976 comm_max_ms=0.001077 comm_var_ms=0.000000001 total_avg_ms=0.089239 total_min_ms=0.088027 total_max_ms=0.090142 total_var_ms=0.000000284 effective_gflops=86.772726
[ERROR CHECKING] OK!

--- P=2 rep=2/3 driver=spmv_fennel_nccl_cusparse ---
Loaded ../matrices/ASIC_680k.mtx: 682862 x 682862, 3871773 nnz
RESULT comm=fennel_nccl kernel=cusparse matrix=ASIC_680k.mtx P=2 rank=0 nrows_local=102047 ncols_global=682862 nnz_local=2129478 n_ghost=580815 compute_avg_ms=0.058197 compute_min_ms=0.056320 compute_max_ms=0.060416 compute_var_ms=0.000000635 compute_gflops=73.181290 eff_bw_gbs=353.687196 pct_peak_bw=37.9037 comm_avg_ms=0.556395 comm_min_ms=0.551043 comm_max_ms=0.564368 comm_var_ms=0.000014085 total_avg_ms=0.614592 total_min_ms=0.609269 total_max_ms=0.623760 total_var_ms=0.000015902 effective_gflops=6.929729
RESULT comm=fennel_nccl kernel=cusparse matrix=ASIC_680k.mtx P=2 rank=1 nrows_local=580815 ncols_global=682862 nnz_local=1742295 n_ghost=99264 compute_avg_ms=0.055637 compute_min_ms=0.054272 compute_max_ms=0.057344 compute_var_ms=0.000000722 compute_gflops=62.630428 eff_bw_gbs=382.929926 pct_peak_bw=41.0376 comm_avg_ms=0.352207 comm_min_ms=0.345961 comm_max_ms=0.358351 comm_var_ms=0.000011099 total_avg_ms=0.407844 total_min_ms=0.401257 total_max_ms=0.413647 total_var_ms=0.000010893 effective_gflops=8.543931
[ERROR CHECKING] OK!

--- P=3 rep=2/3 driver=spmv_fennel_nccl_cusparse ---
Loaded ../matrices/ASIC_680k.mtx: 682862 x 682862, 3871773 nnz
RESULT comm=fennel_nccl kernel=cusparse matrix=ASIC_680k.mtx P=3 rank=0 nrows_local=37349 ncols_global=682862 nnz_local=1419658 n_ghost=645051 compute_avg_ms=0.045739 compute_min_ms=0.045056 compute_max_ms=0.048128 compute_var_ms=0.000000513 compute_gflops=62.076929 eff_bw_gbs=314.518565 pct_peak_bw=33.7061 comm_avg_ms=0.364872 comm_min_ms=0.356628 comm_max_ms=0.372327 comm_var_ms=0.000017502 total_avg_ms=0.410610 total_min_ms=0.402708 total_max_ms=0.417383 total_var_ms=0.000018575 effective_gflops=6.914867
RESULT comm=fennel_nccl kernel=cusparse matrix=ASIC_680k.mtx P=3 rank=1 nrows_local=322739 ncols_global=682862 nnz_local=1226060 n_ghost=41440 compute_avg_ms=0.044783 compute_min_ms=0.044032 compute_max_ms=0.046080 compute_var_ms=0.000000415 compute_gflops=54.755680 eff_bw_gbs=309.205112 pct_peak_bw=33.1367 comm_avg_ms=0.137814 comm_min_ms=0.133538 comm_max_ms=0.143072 comm_var_ms=0.000006030 total_avg_ms=0.182597 total_min_ms=0.178594 total_max_ms=0.188128 total_var_ms=0.000006524 effective_gflops=13.429139
RESULT comm=fennel_nccl kernel=cusparse matrix=ASIC_680k.mtx P=3 rank=2 nrows_local=322774 ncols_global=682862 nnz_local=1226055 n_ghost=41431 compute_avg_ms=0.044066 compute_min_ms=0.043008 compute_max_ms=0.045056 compute_var_ms=0.000000313 compute_gflops=55.646135 eff_bw_gbs=314.242593 pct_peak_bw=33.6765 comm_avg_ms=0.142524 comm_min_ms=0.138691 comm_max_ms=0.146259 comm_var_ms=0.000004242 total_avg_ms=0.186591 total_min_ms=0.183408 total_max_ms=0.190291 total_var_ms=0.000004095 effective_gflops=13.141663
[ERROR CHECKING] OK!

--- P=4 rep=2/3 driver=spmv_fennel_nccl_cusparse ---
Loaded ../matrices/ASIC_680k.mtx: 682862 x 682862, 3871773 nnz
RESULT comm=fennel_nccl kernel=cusparse matrix=ASIC_680k.mtx P=4 rank=0 nrows_local=14254 ncols_global=682862 nnz_local=1064746 n_ghost=668140 compute_avg_ms=0.040311 compute_min_ms=0.038912 compute_max_ms=0.041984 compute_var_ms=0.000000663 compute_gflops=52.825963 eff_bw_gbs=281.844877 pct_peak_bw=30.2046 comm_avg_ms=0.401190 comm_min_ms=0.394351 comm_max_ms=0.408857 comm_var_ms=0.000016987 total_avg_ms=0.441501 total_min_ms=0.434287 total_max_ms=0.449817 total_var_ms=0.000017751 effective_gflops=4.823297
RESULT comm=fennel_nccl kernel=cusparse matrix=ASIC_680k.mtx P=4 rank=1 nrows_local=222968 ncols_global=682862 nnz_local=935958 n_ghost=24050 compute_avg_ms=0.038775 compute_min_ms=0.037888 compute_max_ms=0.039936 compute_var_ms=0.000000261 compute_gflops=48.275784 eff_bw_gbs=264.586997 pct_peak_bw=28.3551 comm_avg_ms=0.135986 comm_min_ms=0.132819 comm_max_ms=0.140516 comm_var_ms=0.000004555 total_avg_ms=0.174762 total_min_ms=0.170707 total_max_ms=0.179428 total_var_ms=0.000004600 effective_gflops=10.711240
RESULT comm=fennel_nccl kernel=cusparse matrix=ASIC_680k.mtx P=4 rank=2 nrows_local=222679 ncols_global=682862 nnz_local=935129 n_ghost=24133 compute_avg_ms=0.037956 compute_min_ms=0.036864 compute_max_ms=0.038912 compute_var_ms=0.000000275 compute_gflops=49.274023 eff_bw_gbs=270.040144 pct_peak_bw=28.9395 comm_avg_ms=0.121357 comm_min_ms=0.118524 comm_max_ms=0.137981 comm_var_ms=0.000011266 total_avg_ms=0.159313 total_min_ms=0.155388 total_max_ms=0.175869 total_var_ms=0.000011556 effective_gflops=11.739517
RESULT comm=fennel_nccl kernel=cusparse matrix=ASIC_680k.mtx P=4 rank=3 nrows_local=222961 ncols_global=682862 nnz_local=935940 n_ghost=24169 compute_avg_ms=0.038298 compute_min_ms=0.036864 compute_max_ms=0.038912 compute_var_ms=0.000000322 compute_gflops=48.877214 eff_bw_gbs=267.894906 pct_peak_bw=28.7096 comm_avg_ms=0.136657 comm_min_ms=0.134076 comm_max_ms=0.140739 comm_var_ms=0.000002396 total_avg_ms=0.174955 total_min_ms=0.171964 total_max_ms=0.178627 total_var_ms=0.000002426 effective_gflops=10.699223
[ERROR CHECKING] OK!

--- P=1 rep=3/3 driver=spmv_fennel_nccl_cusparse ---
Loaded ../matrices/ASIC_680k.mtx: 682862 x 682862, 3871773 nnz
RESULT comm=fennel_nccl kernel=cusparse matrix=ASIC_680k.mtx P=1 rank=0 nrows_local=682862 ncols_global=682862 nnz_local=3871773 n_ghost=0 compute_avg_ms=0.088235 compute_min_ms=0.087040 compute_max_ms=0.089088 compute_var_ms=0.000000216 compute_gflops=87.760812 eff_bw_gbs=443.913186 pct_peak_bw=47.5730 comm_avg_ms=0.001034 comm_min_ms=0.000968 comm_max_ms=0.001467 comm_var_ms=0.000000007 total_avg_ms=0.089268 total_min_ms=0.088116 total_max_ms=0.090124 total_var_ms=0.000000211 effective_gflops=86.744601
[ERROR CHECKING] OK!

--- P=2 rep=3/3 driver=spmv_fennel_nccl_cusparse ---
Loaded ../matrices/ASIC_680k.mtx: 682862 x 682862, 3871773 nnz
RESULT comm=fennel_nccl kernel=cusparse matrix=ASIC_680k.mtx P=2 rank=0 nrows_local=102047 ncols_global=682862 nnz_local=2129478 n_ghost=580815 compute_avg_ms=0.058266 compute_min_ms=0.057344 compute_max_ms=0.059392 compute_var_ms=0.000000374 compute_gflops=73.095547 eff_bw_gbs=353.272799 pct_peak_bw=37.8593 comm_avg_ms=0.545087 comm_min_ms=0.539334 comm_max_ms=0.551267 comm_var_ms=0.000011946 total_avg_ms=0.603352 total_min_ms=0.597702 total_max_ms=0.609710 total_var_ms=0.000012618 effective_gflops=7.058822
RESULT comm=fennel_nccl kernel=cusparse matrix=ASIC_680k.mtx P=2 rank=1 nrows_local=580815 ncols_global=682862 nnz_local=1742295 n_ghost=99264 compute_avg_ms=0.055774 compute_min_ms=0.054272 compute_max_ms=0.057344 compute_var_ms=0.000000611 compute_gflops=62.477110 eff_bw_gbs=381.992520 pct_peak_bw=40.9371 comm_avg_ms=0.344938 comm_min_ms=0.340391 comm_max_ms=0.350661 comm_var_ms=0.000009704 total_avg_ms=0.400712 total_min_ms=0.395869 total_max_ms=0.406981 total_var_ms=0.000010121 effective_gflops=8.696006
[ERROR CHECKING] OK!

--- P=3 rep=3/3 driver=spmv_fennel_nccl_cusparse ---
Loaded ../matrices/ASIC_680k.mtx: 682862 x 682862, 3871773 nnz
RESULT comm=fennel_nccl kernel=cusparse matrix=ASIC_680k.mtx P=3 rank=0 nrows_local=37349 ncols_global=682862 nnz_local=1419658 n_ghost=645051 compute_avg_ms=0.046114 compute_min_ms=0.045056 compute_max_ms=0.048128 compute_var_ms=0.000000593 compute_gflops=61.571491 eff_bw_gbs=311.957717 pct_peak_bw=33.4317 comm_avg_ms=0.359998 comm_min_ms=0.355115 comm_max_ms=0.364934 comm_var_ms=0.000007659 total_avg_ms=0.406112 total_min_ms=0.400171 total_max_ms=0.412331 total_var_ms=0.000009276 effective_gflops=6.991457
RESULT comm=fennel_nccl kernel=cusparse matrix=ASIC_680k.mtx P=3 rank=1 nrows_local=322739 ncols_global=682862 nnz_local=1226060 n_ghost=41440 compute_avg_ms=0.044715 compute_min_ms=0.044032 compute_max_ms=0.045056 compute_var_ms=0.000000233 compute_gflops=54.839277 eff_bw_gbs=309.677181 pct_peak_bw=33.1873 comm_avg_ms=0.134790 comm_min_ms=0.131590 comm_max_ms=0.139502 comm_var_ms=0.000003435 total_avg_ms=0.179505 total_min_ms=0.175834 total_max_ms=0.184558 total_var_ms=0.000004073 effective_gflops=13.660493
RESULT comm=fennel_nccl kernel=cusparse matrix=ASIC_680k.mtx P=3 rank=2 nrows_local=322774 ncols_global=682862 nnz_local=1226055 n_ghost=41431 compute_avg_ms=0.044305 compute_min_ms=0.043008 compute_max_ms=0.045056 compute_var_ms=0.000000275 compute_gflops=55.346040 eff_bw_gbs=312.547910 pct_peak_bw=33.4949 comm_avg_ms=0.142335 comm_min_ms=0.138933 comm_max_ms=0.146190 comm_var_ms=0.000003604 total_avg_ms=0.186640 total_min_ms=0.183006 total_max_ms=0.190222 total_var_ms=0.000003931 effective_gflops=13.138159
[ERROR CHECKING] OK!

--- P=4 rep=3/3 driver=spmv_fennel_nccl_cusparse ---
Loaded ../matrices/ASIC_680k.mtx: 682862 x 682862, 3871773 nnz
RESULT comm=fennel_nccl kernel=cusparse matrix=ASIC_680k.mtx P=4 rank=0 nrows_local=14254 ncols_global=682862 nnz_local=1064746 n_ghost=668140 compute_avg_ms=0.040209 compute_min_ms=0.037888 compute_max_ms=0.041984 compute_var_ms=0.000000904 compute_gflops=52.960495 eff_bw_gbs=282.562647 pct_peak_bw=30.2815 comm_avg_ms=0.398831 comm_min_ms=0.393484 comm_max_ms=0.404896 comm_var_ms=0.000008732 total_avg_ms=0.439040 total_min_ms=0.433420 total_max_ms=0.445520 total_var_ms=0.000009558 effective_gflops=4.850341
RESULT comm=fennel_nccl kernel=cusparse matrix=ASIC_680k.mtx P=4 rank=1 nrows_local=222968 ncols_global=682862 nnz_local=935958 n_ghost=24050 compute_avg_ms=0.038673 compute_min_ms=0.037888 compute_max_ms=0.039936 compute_var_ms=0.000000257 compute_gflops=48.403610 eff_bw_gbs=265.287579 pct_peak_bw=28.4302 comm_avg_ms=0.137311 comm_min_ms=0.134887 comm_max_ms=0.142747 comm_var_ms=0.000003704 total_avg_ms=0.175984 total_min_ms=0.172812 total_max_ms=0.181659 total_var_ms=0.000004239 effective_gflops=10.636835
RESULT comm=fennel_nccl kernel=cusparse matrix=ASIC_680k.mtx P=4 rank=2 nrows_local=222679 ncols_global=682862 nnz_local=935129 n_ghost=24133 compute_avg_ms=0.037888 compute_min_ms=0.036864 compute_max_ms=0.038912 compute_var_ms=0.000000350 compute_gflops=49.362805 eff_bw_gbs=270.526703 pct_peak_bw=28.9916 comm_avg_ms=0.120750 comm_min_ms=0.116862 comm_max_ms=0.126017 comm_var_ms=0.000002876 total_avg_ms=0.158639 total_min_ms=0.153726 total_max_ms=0.163905 total_var_ms=0.000004052 effective_gflops=11.789433
RESULT comm=fennel_nccl kernel=cusparse matrix=ASIC_680k.mtx P=4 rank=3 nrows_local=222961 ncols_global=682862 nnz_local=935940 n_ghost=24169 compute_avg_ms=0.038366 compute_min_ms=0.036864 compute_max_ms=0.038912 compute_var_ms=0.000000331 compute_gflops=48.790244 eff_bw_gbs=267.418226 pct_peak_bw=28.6585 comm_avg_ms=0.138220 comm_min_ms=0.135841 comm_max_ms=0.143779 comm_var_ms=0.000003108 total_avg_ms=0.176586 total_min_ms=0.173729 total_max_ms=0.182691 total_var_ms=0.000003608 effective_gflops=10.600397
[ERROR CHECKING] OK!

=== Job done ===
