=== D2_final intelligent-partitioning (RCM) small-matrix check ===
Node:     edu01
Date:     Thu Jul 23 11:50:50 AM CEST 2026
Matrix:   ../matrices/cit-Patents.mtx
Reps:     3

--- P=1 rep=1/3 driver=spmv_rcm_nccl_acc ---
Loaded ../matrices/cit-Patents.mtx: 3774768 x 3774768, 16518948 nnz
[kernel] acc -> FLAT (nnz=16518948, avg_nnz=4.38, imbalance=175.95)
RESULT comm=rcm_nccl kernel=acc matrix=cit-Patents.mtx P=1 rank=0 nrows_local=3774768 ncols_global=3774768 nnz_local=16518948 n_ghost=0 compute_avg_ms=0.461346 compute_min_ms=0.459776 compute_max_ms=0.462848 compute_var_ms=0.000000820 compute_gflops=71.611949 eff_bw_gbs=384.772558 pct_peak_bw=41.2351 comm_avg_ms=0.000960 comm_min_ms=0.000894 comm_max_ms=0.001171 comm_var_ms=0.000000004 total_avg_ms=0.462306 total_min_ms=0.460711 total_max_ms=0.463785 total_var_ms=0.000000780 effective_gflops=71.463234
[ERROR CHECKING] OK!

--- P=2 rep=1/3 driver=spmv_rcm_nccl_acc ---
Loaded ../matrices/cit-Patents.mtx: 3774768 x 3774768, 16518948 nnz
[kernel] acc -> FLAT (nnz=8259466, avg_nnz=7.39, imbalance=104.26)
[kernel] acc -> FLAT (nnz=8259482, avg_nnz=3.11, imbalance=86.51)
RESULT comm=rcm_nccl kernel=acc matrix=cit-Patents.mtx P=2 rank=1 nrows_local=1118404 ncols_global=3774768 nnz_local=8259466 n_ghost=1041733 compute_avg_ms=0.208862 compute_min_ms=0.206848 compute_max_ms=0.209920 compute_var_ms=0.000000593 compute_gflops=79.090225 eff_bw_gbs=400.723107 pct_peak_bw=42.9444 comm_avg_ms=0.514570 comm_min_ms=0.505097 comm_max_ms=0.528238 comm_var_ms=0.000033719 total_avg_ms=0.723432 total_min_ms=0.712969 total_max_ms=0.737134 total_var_ms=0.000036194 effective_gflops=22.834124
RESULT comm=rcm_nccl kernel=acc matrix=cit-Patents.mtx P=2 rank=0 nrows_local=2656364 ncols_global=3774768 nnz_local=8259482 n_ghost=464117 compute_avg_ms=0.264704 compute_min_ms=0.264192 compute_max_ms=0.266240 compute_var_ms=0.000000402 compute_gflops=62.405421 eff_bw_gbs=377.179658 pct_peak_bw=40.4213 comm_avg_ms=0.475151 comm_min_ms=0.466355 comm_max_ms=0.486886 comm_var_ms=0.000030573 total_avg_ms=0.739855 total_min_ms=0.730547 total_max_ms=0.751078 total_var_ms=0.000029455 effective_gflops=22.327308
[ERROR CHECKING] OK!

--- P=3 rep=1/3 driver=spmv_rcm_nccl_acc ---
Loaded ../matrices/cit-Patents.mtx: 3774768 x 3774768, 16518948 nnz
[kernel] acc -> FLAT (nnz=5506314, avg_nnz=5.78, imbalance=59.51)
[kernel] acc -> FLAT (nnz=5506316, avg_nnz=8.05, imbalance=95.64)
[kernel] acc -> FLAT (nnz=5506318, avg_nnz=2.58, imbalance=67.57)
RESULT comm=rcm_nccl kernel=acc matrix=cit-Patents.mtx P=3 rank=1 nrows_local=952537 ncols_global=3774768 nnz_local=5506314 n_ghost=1272894 compute_avg_ms=0.160768 compute_min_ms=0.159744 compute_max_ms=0.161792 compute_var_ms=0.000000419 compute_gflops=68.500125 eff_bw_gbs=376.903664 pct_peak_bw=40.3918 comm_avg_ms=1.445503 comm_min_ms=1.375370 comm_max_ms=1.490459 comm_var_ms=0.000759798 total_avg_ms=1.606271 total_min_ms=1.536138 total_max_ms=1.650203 total_var_ms=0.000756314 effective_gflops=6.856019
RESULT comm=rcm_nccl kernel=acc matrix=cit-Patents.mtx P=3 rank=0 nrows_local=2138290 ncols_global=3774768 nnz_local=5506318 n_ghost=541705 compute_avg_ms=0.189133 compute_min_ms=0.188416 compute_max_ms=0.190464 compute_var_ms=0.000000360 compute_gflops=58.227002 eff_bw_gbs=380.147494 pct_peak_bw=40.7394 comm_avg_ms=1.207739 comm_min_ms=1.138243 comm_max_ms=1.253153 comm_var_ms=0.000736757 total_avg_ms=1.396872 total_min_ms=1.326659 total_max_ms=1.442593 total_var_ms=0.000741167 effective_gflops=7.883785
RESULT comm=rcm_nccl kernel=acc matrix=cit-Patents.mtx P=3 rank=2 nrows_local=683941 ncols_global=3774768 nnz_local=5506316 n_ghost=862271 compute_avg_ms=0.134485 compute_min_ms=0.133120 compute_max_ms=0.136192 compute_var_ms=0.000000583 compute_gflops=81.887237 eff_bw_gbs=414.382893 pct_peak_bw=44.4083 comm_avg_ms=1.162740 comm_min_ms=1.105050 comm_max_ms=1.184329 comm_var_ms=0.000325105 total_avg_ms=1.297225 total_min_ms=1.239194 total_max_ms=1.318473 total_var_ms=0.000322108 effective_gflops=8.489375
[ERROR CHECKING] OK!

--- P=4 rep=1/3 driver=spmv_rcm_nccl_acc ---
Loaded ../matrices/cit-Patents.mtx: 3774768 x 3774768, 16518948 nnz
[kernel] acc -> FLAT (nnz=4129738, avg_nnz=6.57, imbalance=52.35)
[kernel] acc -> FLAT (nnz=4129744, avg_nnz=5.01, imbalance=53.72)
[kernel] acc -> FLAT (nnz=4129728, avg_nnz=8.43, imbalance=91.35)
[kernel] acc -> FLAT (nnz=4129738, avg_nnz=2.25, imbalance=73.18)
RESULT comm=rcm_nccl kernel=acc matrix=cit-Patents.mtx P=4 rank=1 nrows_local=824694 ncols_global=3774768 nnz_local=4129744 n_ghost=1169365 compute_avg_ms=0.127693 compute_min_ms=0.126976 compute_max_ms=0.129024 compute_var_ms=0.000000290 compute_gflops=64.682486 eff_bw_gbs=372.987943 pct_peak_bw=39.9721 comm_avg_ms=1.641837 comm_min_ms=1.622109 comm_max_ms=1.666498 comm_var_ms=0.000122179 total_avg_ms=1.769530 total_min_ms=1.749085 total_max_ms=1.794498 total_var_ms=0.000122438 effective_gflops=4.667618
RESULT comm=rcm_nccl kernel=acc matrix=cit-Patents.mtx P=4 rank=0 nrows_local=1831670 ncols_global=3774768 nnz_local=4129738 n_ghost=515469 compute_avg_ms=0.149572 compute_min_ms=0.148480 compute_max_ms=0.150528 compute_var_ms=0.000000345 compute_gflops=55.220637 eff_bw_gbs=381.728217 pct_peak_bw=40.9088 comm_avg_ms=1.294312 comm_min_ms=1.275839 comm_max_ms=1.310136 comm_var_ms=0.000095137 total_avg_ms=1.443884 total_min_ms=1.425343 total_max_ms=1.460664 total_var_ms=0.000097572 effective_gflops=5.720318
RESULT comm=rcm_nccl kernel=acc matrix=cit-Patents.mtx P=4 rank=2 nrows_local=628467 ncols_global=3774768 nnz_local=4129738 n_ghost=1100050 compute_avg_ms=0.115234 compute_min_ms=0.113664 compute_max_ms=0.116736 compute_var_ms=0.000000401 compute_gflops=71.675602 eff_bw_gbs=390.473222 pct_peak_bw=41.8460 comm_avg_ms=1.200619 comm_min_ms=1.189071 comm_max_ms=1.211704 comm_var_ms=0.000040952 total_avg_ms=1.315853 total_min_ms=1.303759 total_max_ms=1.327416 total_var_ms=0.000042626 effective_gflops=6.276900
RESULT comm=rcm_nccl kernel=acc matrix=cit-Patents.mtx P=4 rank=3 nrows_local=489937 ncols_global=3774768 nnz_local=4129728 n_ghost=786919 compute_avg_ms=0.100250 compute_min_ms=0.099328 compute_max_ms=0.101376 compute_var_ms=0.000000374 compute_gflops=82.388920 eff_bw_gbs=419.761090 pct_peak_bw=44.9847 comm_avg_ms=1.142548 comm_min_ms=1.126458 comm_max_ms=1.156495 comm_var_ms=0.000059597 total_avg_ms=1.242798 total_min_ms=1.227669 total_max_ms=1.255823 total_var_ms=0.000057603 effective_gflops=6.645856
[ERROR CHECKING] OK!

--- P=1 rep=2/3 driver=spmv_rcm_nccl_acc ---
Loaded ../matrices/cit-Patents.mtx: 3774768 x 3774768, 16518948 nnz
[kernel] acc -> FLAT (nnz=16518948, avg_nnz=4.38, imbalance=175.95)
RESULT comm=rcm_nccl kernel=acc matrix=cit-Patents.mtx P=1 rank=0 nrows_local=3774768 ncols_global=3774768 nnz_local=16518948 n_ghost=0 compute_avg_ms=0.461278 compute_min_ms=0.458752 compute_max_ms=0.462848 compute_var_ms=0.000000820 compute_gflops=71.622548 eff_bw_gbs=384.829505 pct_peak_bw=41.2412 comm_avg_ms=0.001011 comm_min_ms=0.000957 comm_max_ms=0.001479 comm_var_ms=0.000000008 total_avg_ms=0.462289 total_min_ms=0.460231 total_max_ms=0.463847 total_var_ms=0.000000735 effective_gflops=71.465919
[ERROR CHECKING] OK!

--- P=2 rep=2/3 driver=spmv_rcm_nccl_acc ---
Loaded ../matrices/cit-Patents.mtx: 3774768 x 3774768, 16518948 nnz
[kernel] acc -> FLAT (nnz=8259466, avg_nnz=7.39, imbalance=104.26)
[kernel] acc -> FLAT (nnz=8259482, avg_nnz=3.11, imbalance=86.51)
RESULT comm=rcm_nccl kernel=acc matrix=cit-Patents.mtx P=2 rank=1 nrows_local=1118404 ncols_global=3774768 nnz_local=8259466 n_ghost=1041733 compute_avg_ms=0.208725 compute_min_ms=0.207872 compute_max_ms=0.209920 compute_var_ms=0.000000425 compute_gflops=79.141960 eff_bw_gbs=400.985232 pct_peak_bw=42.9725 comm_avg_ms=0.511380 comm_min_ms=0.501265 comm_max_ms=0.522825 comm_var_ms=0.000016781 total_avg_ms=0.720105 total_min_ms=0.710161 total_max_ms=0.731721 total_var_ms=0.000017380 effective_gflops=22.939612
RESULT comm=rcm_nccl kernel=acc matrix=cit-Patents.mtx P=2 rank=0 nrows_local=2656364 ncols_global=3774768 nnz_local=8259482 n_ghost=464117 compute_avg_ms=0.263885 compute_min_ms=0.263168 compute_max_ms=0.265216 compute_var_ms=0.000000290 compute_gflops=62.599151 eff_bw_gbs=378.350563 pct_peak_bw=40.5468 comm_avg_ms=0.471193 comm_min_ms=0.463947 comm_max_ms=0.481201 comm_var_ms=0.000019826 total_avg_ms=0.735078 total_min_ms=0.727148 total_max_ms=0.745393 total_var_ms=0.000020786 effective_gflops=22.472396
[ERROR CHECKING] OK!

--- P=3 rep=2/3 driver=spmv_rcm_nccl_acc ---
Loaded ../matrices/cit-Patents.mtx: 3774768 x 3774768, 16518948 nnz
[kernel] acc -> FLAT (nnz=5506314, avg_nnz=5.78, imbalance=59.51)
[kernel] acc -> FLAT (nnz=5506316, avg_nnz=8.05, imbalance=95.64)
[kernel] acc -> FLAT (nnz=5506318, avg_nnz=2.58, imbalance=67.57)
RESULT comm=rcm_nccl kernel=acc matrix=cit-Patents.mtx P=3 rank=1 nrows_local=952537 ncols_global=3774768 nnz_local=5506314 n_ghost=1272894 compute_avg_ms=0.160597 compute_min_ms=0.159744 compute_max_ms=0.161792 compute_var_ms=0.000000355 compute_gflops=68.572920 eff_bw_gbs=377.304199 pct_peak_bw=40.4347 comm_avg_ms=1.465927 comm_min_ms=1.404339 comm_max_ms=1.498086 comm_var_ms=0.000705114 total_avg_ms=1.626525 total_min_ms=1.565107 total_max_ms=1.658854 total_var_ms=0.000702950 effective_gflops=6.770649
RESULT comm=rcm_nccl kernel=acc matrix=cit-Patents.mtx P=3 rank=0 nrows_local=2138290 ncols_global=3774768 nnz_local=5506318 n_ghost=541705 compute_avg_ms=0.188928 compute_min_ms=0.188416 compute_max_ms=0.189440 compute_var_ms=0.000000262 compute_gflops=58.290121 eff_bw_gbs=380.559577 pct_peak_bw=40.7836 comm_avg_ms=1.226880 comm_min_ms=1.169481 comm_max_ms=1.255514 comm_var_ms=0.000708182 total_avg_ms=1.415808 total_min_ms=1.357897 total_max_ms=1.444954 total_var_ms=0.000706618 effective_gflops=7.778340
RESULT comm=rcm_nccl kernel=acc matrix=cit-Patents.mtx P=3 rank=2 nrows_local=683941 ncols_global=3774768 nnz_local=5506316 n_ghost=862271 compute_avg_ms=0.134485 compute_min_ms=0.133120 compute_max_ms=0.136192 compute_var_ms=0.000000583 compute_gflops=81.887237 eff_bw_gbs=414.382893 pct_peak_bw=44.4083 comm_avg_ms=1.167482 comm_min_ms=1.135815 comm_max_ms=1.192700 comm_var_ms=0.000246619 total_avg_ms=1.301967 total_min_ms=1.270060 total_max_ms=1.326844 total_var_ms=0.000249286 effective_gflops=8.458455
[ERROR CHECKING] OK!

--- P=4 rep=2/3 driver=spmv_rcm_nccl_acc ---
Loaded ../matrices/cit-Patents.mtx: 3774768 x 3774768, 16518948 nnz
[kernel] acc -> FLAT (nnz=4129738, avg_nnz=6.57, imbalance=52.35)
[kernel] acc -> FLAT (nnz=4129728, avg_nnz=8.43, imbalance=91.35)
[kernel] acc -> FLAT (nnz=4129744, avg_nnz=5.01, imbalance=53.72)
[kernel] acc -> FLAT (nnz=4129738, avg_nnz=2.25, imbalance=73.18)
RESULT comm=rcm_nccl kernel=acc matrix=cit-Patents.mtx P=4 rank=0 nrows_local=1831670 ncols_global=3774768 nnz_local=4129738 n_ghost=515469 compute_avg_ms=0.149538 compute_min_ms=0.148480 compute_max_ms=0.150528 compute_var_ms=0.000000523 compute_gflops=55.233242 eff_bw_gbs=381.815353 pct_peak_bw=40.9181 comm_avg_ms=1.350458 comm_min_ms=1.272719 comm_max_ms=3.121524 comm_var_ms=0.108236553 total_avg_ms=1.499997 total_min_ms=1.422223 total_max_ms=3.270004 total_var_ms=0.108107486 effective_gflops=5.506330
RESULT comm=rcm_nccl kernel=acc matrix=cit-Patents.mtx P=4 rank=1 nrows_local=824694 ncols_global=3774768 nnz_local=4129744 n_ghost=1169365 compute_avg_ms=0.127795 compute_min_ms=0.126976 compute_max_ms=0.129024 compute_var_ms=0.000000377 compute_gflops=64.630658 eff_bw_gbs=372.689075 pct_peak_bw=39.9401 comm_avg_ms=1.692151 comm_min_ms=1.609371 comm_max_ms=3.468155 comm_var_ms=0.108894766 total_avg_ms=1.819946 total_min_ms=1.737371 total_max_ms=3.596155 total_var_ms=0.108924174 effective_gflops=4.538315
RESULT comm=rcm_nccl kernel=acc matrix=cit-Patents.mtx P=4 rank=2 nrows_local=628467 ncols_global=3774768 nnz_local=4129738 n_ghost=1100050 compute_avg_ms=0.115098 compute_min_ms=0.113664 compute_max_ms=0.116736 compute_var_ms=0.000000391 compute_gflops=71.760626 eff_bw_gbs=390.936417 pct_peak_bw=41.8956 comm_avg_ms=1.259223 comm_min_ms=1.178299 comm_max_ms=3.163344 comm_var_ms=0.125066674 total_avg_ms=1.374320 total_min_ms=1.294011 total_max_ms=3.279056 total_var_ms=0.125148172 effective_gflops=6.009863
RESULT comm=rcm_nccl kernel=acc matrix=cit-Patents.mtx P=4 rank=3 nrows_local=489937 ncols_global=3774768 nnz_local=4129728 n_ghost=786919 compute_avg_ms=0.100386 compute_min_ms=0.098304 compute_max_ms=0.101376 compute_var_ms=0.000000383 compute_gflops=82.276864 eff_bw_gbs=419.190180 pct_peak_bw=44.9235 comm_avg_ms=1.198656 comm_min_ms=1.109271 comm_max_ms=3.123198 comm_var_ms=0.127803813 total_avg_ms=1.299042 total_min_ms=1.209623 total_max_ms=3.223550 total_var_ms=0.127801839 effective_gflops=6.358112
[ERROR CHECKING] OK!

--- P=1 rep=3/3 driver=spmv_rcm_nccl_acc ---
Loaded ../matrices/cit-Patents.mtx: 3774768 x 3774768, 16518948 nnz
[kernel] acc -> FLAT (nnz=16518948, avg_nnz=4.38, imbalance=175.95)
RESULT comm=rcm_nccl kernel=acc matrix=cit-Patents.mtx P=1 rank=0 nrows_local=3774768 ncols_global=3774768 nnz_local=16518948 n_ghost=0 compute_avg_ms=0.461073 compute_min_ms=0.458752 compute_max_ms=0.462848 compute_var_ms=0.000000764 compute_gflops=71.654361 eff_bw_gbs=385.000438 pct_peak_bw=41.2595 comm_avg_ms=0.001011 comm_min_ms=0.000940 comm_max_ms=0.001125 comm_var_ms=0.000000002 total_avg_ms=0.462084 total_min_ms=0.459743 total_max_ms=0.463867 total_var_ms=0.000000758 effective_gflops=71.497572
[ERROR CHECKING] OK!

--- P=2 rep=3/3 driver=spmv_rcm_nccl_acc ---
Loaded ../matrices/cit-Patents.mtx: 3774768 x 3774768, 16518948 nnz
[kernel] acc -> FLAT (nnz=8259466, avg_nnz=7.39, imbalance=104.26)
[kernel] acc -> FLAT (nnz=8259482, avg_nnz=3.11, imbalance=86.51)
RESULT comm=rcm_nccl kernel=acc matrix=cit-Patents.mtx P=2 rank=1 nrows_local=1118404 ncols_global=3774768 nnz_local=8259466 n_ghost=1041733 compute_avg_ms=0.209237 compute_min_ms=0.207872 compute_max_ms=0.210944 compute_var_ms=0.000000443 compute_gflops=78.948301 eff_bw_gbs=400.004029 pct_peak_bw=42.8674 comm_avg_ms=0.513630 comm_min_ms=0.504265 comm_max_ms=0.528969 comm_var_ms=0.000023287 total_avg_ms=0.722867 total_min_ms=0.712137 total_max_ms=0.737865 total_var_ms=0.000025757 effective_gflops=22.851950
RESULT comm=rcm_nccl kernel=acc matrix=cit-Patents.mtx P=2 rank=0 nrows_local=2656364 ncols_global=3774768 nnz_local=8259482 n_ghost=464117 compute_avg_ms=0.264226 compute_min_ms=0.263168 compute_max_ms=0.265216 compute_var_ms=0.000000244 compute_gflops=62.518285 eff_bw_gbs=377.861808 pct_peak_bw=40.4944 comm_avg_ms=0.474360 comm_min_ms=0.467996 comm_max_ms=0.483486 comm_var_ms=0.000011100 total_avg_ms=0.738586 total_min_ms=0.732188 total_max_ms=0.747678 total_var_ms=0.000011132 effective_gflops=22.365666
[ERROR CHECKING] OK!

--- P=3 rep=3/3 driver=spmv_rcm_nccl_acc ---
Loaded ../matrices/cit-Patents.mtx: 3774768 x 3774768, 16518948 nnz
[kernel] acc -> FLAT (nnz=5506314, avg_nnz=5.78, imbalance=59.51)
[kernel] acc -> FLAT (nnz=5506316, avg_nnz=8.05, imbalance=95.64)
[kernel] acc -> FLAT (nnz=5506318, avg_nnz=2.58, imbalance=67.57)
RESULT comm=rcm_nccl kernel=acc matrix=cit-Patents.mtx P=3 rank=2 nrows_local=683941 ncols_global=3774768 nnz_local=5506316 n_ghost=862271 compute_avg_ms=0.134178 compute_min_ms=0.133120 compute_max_ms=0.136192 compute_var_ms=0.000000733 compute_gflops=82.074717 eff_bw_gbs=415.331620 pct_peak_bw=44.5100 comm_avg_ms=1.135527 comm_min_ms=1.086808 comm_max_ms=1.163960 comm_var_ms=0.000412890 total_avg_ms=1.269705 total_min_ms=1.221976 total_max_ms=1.297080 total_var_ms=0.000402042 effective_gflops=8.673379
RESULT comm=rcm_nccl kernel=acc matrix=cit-Patents.mtx P=3 rank=1 nrows_local=952537 ncols_global=3774768 nnz_local=5506314 n_ghost=1272894 compute_avg_ms=0.160836 compute_min_ms=0.159744 compute_max_ms=0.161792 compute_var_ms=0.000000345 compute_gflops=68.471050 eff_bw_gbs=376.743687 pct_peak_bw=40.3746 comm_avg_ms=1.424570 comm_min_ms=1.348733 comm_max_ms=1.466205 comm_var_ms=0.000887714 total_avg_ms=1.585406 total_min_ms=1.510525 total_max_ms=1.626973 total_var_ms=0.000895238 effective_gflops=6.946249
RESULT comm=rcm_nccl kernel=acc matrix=cit-Patents.mtx P=3 rank=0 nrows_local=2138290 ncols_global=3774768 nnz_local=5506318 n_ghost=541705 compute_avg_ms=0.188860 compute_min_ms=0.187392 compute_max_ms=0.190464 compute_var_ms=0.000000397 compute_gflops=58.311191 eff_bw_gbs=380.697136 pct_peak_bw=40.7983 comm_avg_ms=1.190848 comm_min_ms=1.120029 comm_max_ms=1.231051 comm_var_ms=0.000779957 total_avg_ms=1.379707 total_min_ms=1.308445 total_max_ms=1.420491 total_var_ms=0.000786146 effective_gflops=7.981864
[ERROR CHECKING] OK!

--- P=4 rep=3/3 driver=spmv_rcm_nccl_acc ---
Loaded ../matrices/cit-Patents.mtx: 3774768 x 3774768, 16518948 nnz
[kernel] acc -> FLAT (nnz=4129744, avg_nnz=5.01, imbalance=53.72)
[kernel] acc -> FLAT (nnz=4129728, avg_nnz=8.43, imbalance=91.35)
[kernel] acc -> FLAT (nnz=4129738, avg_nnz=6.57, imbalance=52.35)
[kernel] acc -> FLAT (nnz=4129738, avg_nnz=2.25, imbalance=73.18)
RESULT comm=rcm_nccl kernel=acc matrix=cit-Patents.mtx P=4 rank=1 nrows_local=824694 ncols_global=3774768 nnz_local=4129744 n_ghost=1169365 compute_avg_ms=0.127795 compute_min_ms=0.126976 compute_max_ms=0.130048 compute_var_ms=0.000000657 compute_gflops=64.630658 eff_bw_gbs=372.689078 pct_peak_bw=39.9401 comm_avg_ms=1.729944 comm_min_ms=1.629128 comm_max_ms=4.223141 comm_var_ms=0.214443762 total_avg_ms=1.857739 total_min_ms=1.756104 total_max_ms=4.350117 total_var_ms=0.214306669 effective_gflops=4.445989
RESULT comm=rcm_nccl kernel=acc matrix=cit-Patents.mtx P=4 rank=0 nrows_local=1831670 ncols_global=3774768 nnz_local=4129738 n_ghost=515469 compute_avg_ms=0.149675 compute_min_ms=0.148480 compute_max_ms=0.151552 compute_var_ms=0.000000495 compute_gflops=55.182858 eff_bw_gbs=381.467058 pct_peak_bw=40.8808 comm_avg_ms=1.385923 comm_min_ms=1.284317 comm_max_ms=3.884469 comm_var_ms=0.215339159 total_avg_ms=1.535598 total_min_ms=1.434612 total_max_ms=4.034997 total_var_ms=0.215484557 effective_gflops=5.378671
RESULT comm=rcm_nccl kernel=acc matrix=cit-Patents.mtx P=4 rank=2 nrows_local=628467 ncols_global=3774768 nnz_local=4129738 n_ghost=1100050 compute_avg_ms=0.114995 compute_min_ms=0.113664 compute_max_ms=0.115712 compute_var_ms=0.000000290 compute_gflops=71.824527 eff_bw_gbs=391.284535 pct_peak_bw=41.9329 comm_avg_ms=1.279175 comm_min_ms=1.181634 comm_max_ms=3.741018 comm_var_ms=0.209056969 total_avg_ms=1.394171 total_min_ms=1.297346 total_max_ms=3.855706 total_var_ms=0.209003393 effective_gflops=5.924293
RESULT comm=rcm_nccl kernel=acc matrix=cit-Patents.mtx P=4 rank=3 nrows_local=489937 ncols_global=3774768 nnz_local=4129728 n_ghost=786919 compute_avg_ms=0.100113 compute_min_ms=0.099328 compute_max_ms=0.101376 compute_var_ms=0.000000467 compute_gflops=82.501281 eff_bw_gbs=420.333557 pct_peak_bw=45.0460 comm_avg_ms=1.218918 comm_min_ms=1.116222 comm_max_ms=3.572115 comm_var_ms=0.191099498 total_avg_ms=1.319031 total_min_ms=1.215550 total_max_ms=3.671443 total_var_ms=0.190975702 effective_gflops=6.261760
[ERROR CHECKING] OK!

=== Job done ===
