=== D2_final intelligent-partitioning (RCM, cuSPARSE) small-matrix check ===
Node:     edu01
Date:     Thu Jul 23 01:46:27 PM CEST 2026
Matrix:   ../matrices/amazon0302.mtx
Reps:     3

--- P=1 rep=1/3 driver=spmv_rcm_nccl_cusparse ---
Loaded ../matrices/amazon0302.mtx: 262111 x 262111, 1234877 nnz
RESULT comm=rcm_nccl kernel=cusparse matrix=amazon0302.mtx P=1 rank=0 nrows_local=262111 ncols_global=262111 nnz_local=1234877 n_ghost=0 compute_avg_ms=0.048674 compute_min_ms=0.047104 compute_max_ms=0.050176 compute_var_ms=0.000000611 compute_gflops=50.740584 eff_bw_gbs=267.582611 pct_peak_bw=28.6761 comm_avg_ms=0.001011 comm_min_ms=0.000980 comm_max_ms=0.001060 comm_var_ms=0.000000000 total_avg_ms=0.049685 total_min_ms=0.048105 total_max_ms=0.051215 total_var_ms=0.000000615 effective_gflops=49.707774
[ERROR CHECKING] OK!

--- P=2 rep=1/3 driver=spmv_rcm_nccl_cusparse ---
Loaded ../matrices/amazon0302.mtx: 262111 x 262111, 1234877 nnz
RESULT comm=rcm_nccl kernel=cusparse matrix=amazon0302.mtx P=2 rank=1 nrows_local=128551 ncols_global=262111 nnz_local=617436 n_ghost=48615 compute_avg_ms=0.033894 compute_min_ms=0.032768 compute_max_ms=0.034816 compute_var_ms=0.000000304 compute_gflops=36.432921 eff_bw_gbs=196.981329 pct_peak_bw=21.1100 comm_avg_ms=0.102854 comm_min_ms=0.101234 comm_max_ms=0.104943 comm_var_ms=0.000001133 total_avg_ms=0.136749 total_min_ms=0.134002 total_max_ms=0.139542 total_var_ms=0.000001553 effective_gflops=9.030222
RESULT comm=rcm_nccl kernel=cusparse matrix=amazon0302.mtx P=2 rank=0 nrows_local=133560 ncols_global=262111 nnz_local=617441 n_ghost=42966 compute_avg_ms=0.032666 compute_min_ms=0.031744 compute_max_ms=0.033792 compute_var_ms=0.000000234 compute_gflops=37.803745 eff_bw_gbs=205.540876 pct_peak_bw=22.0273 comm_avg_ms=0.072293 comm_min_ms=0.071014 comm_max_ms=0.076400 comm_var_ms=0.000000987 total_avg_ms=0.104958 total_min_ms=0.103218 total_max_ms=0.109168 total_var_ms=0.000001185 effective_gflops=11.765468
[ERROR CHECKING] OK!

--- P=3 rep=1/3 driver=spmv_rcm_nccl_cusparse ---
Loaded ../matrices/amazon0302.mtx: 262111 x 262111, 1234877 nnz
RESULT comm=rcm_nccl kernel=cusparse matrix=amazon0302.mtx P=3 rank=0 nrows_local=89853 ncols_global=262111 nnz_local=411628 n_ghost=37714 compute_avg_ms=0.027443 compute_min_ms=0.026624 compute_max_ms=0.028672 compute_var_ms=0.000000238 compute_gflops=29.998542 eff_bw_gbs=164.781075 pct_peak_bw=17.6592 comm_avg_ms=0.086983 comm_min_ms=0.084918 comm_max_ms=0.089836 comm_var_ms=0.000001771 total_avg_ms=0.114426 total_min_ms=0.112019 total_max_ms=0.117484 total_var_ms=0.000001703 effective_gflops=7.194642
RESULT comm=rcm_nccl kernel=cusparse matrix=amazon0302.mtx P=3 rank=1 nrows_local=86667 ncols_global=262111 nnz_local=411626 n_ghost=76101 compute_avg_ms=0.029082 compute_min_ms=0.027648 compute_max_ms=0.029696 compute_var_ms=0.000000391 compute_gflops=28.308346 eff_bw_gbs=159.462338 pct_peak_bw=17.0892 comm_avg_ms=0.107242 comm_min_ms=0.103536 comm_max_ms=0.117454 comm_var_ms=0.000006805 total_avg_ms=0.136323 total_min_ms=0.133232 total_max_ms=0.146126 total_var_ms=0.000005946 effective_gflops=6.038960
RESULT comm=rcm_nccl kernel=cusparse matrix=amazon0302.mtx P=3 rank=2 nrows_local=85591 ncols_global=262111 nnz_local=411623 n_ghost=49298 compute_avg_ms=0.028194 compute_min_ms=0.027648 compute_max_ms=0.029696 compute_var_ms=0.000000331 compute_gflops=29.199195 eff_bw_gbs=160.220281 pct_peak_bw=17.1704 comm_avg_ms=0.118544 comm_min_ms=0.114491 comm_max_ms=0.125240 comm_var_ms=0.000007160 total_avg_ms=0.146738 total_min_ms=0.142167 total_max_ms=0.152888 total_var_ms=0.000007364 effective_gflops=5.610312
[ERROR CHECKING] OK!

--- P=4 rep=1/3 driver=spmv_rcm_nccl_cusparse ---
Loaded ../matrices/amazon0302.mtx: 262111 x 262111, 1234877 nnz
RESULT comm=rcm_nccl kernel=cusparse matrix=amazon0302.mtx P=4 rank=0 nrows_local=67912 ncols_global=262111 nnz_local=308723 n_ghost=32619 compute_avg_ms=0.024781 compute_min_ms=0.023552 compute_max_ms=0.025600 compute_var_ms=0.000000238 compute_gflops=24.916306 eff_bw_gbs=137.816694 pct_peak_bw=14.7695 comm_avg_ms=0.075722 comm_min_ms=0.071572 comm_max_ms=0.079871 comm_var_ms=0.000003201 total_avg_ms=0.100503 total_min_ms=0.096148 total_max_ms=0.104447 total_var_ms=0.000003455 effective_gflops=6.143566
RESULT comm=rcm_nccl kernel=cusparse matrix=amazon0302.mtx P=4 rank=1 nrows_local=65648 ncols_global=262111 nnz_local=308718 n_ghost=70336 compute_avg_ms=0.025327 compute_min_ms=0.024576 compute_max_ms=0.026624 compute_var_ms=0.000000275 compute_gflops=24.378633 eff_bw_gbs=139.727458 pct_peak_bw=14.9742 comm_avg_ms=0.139755 comm_min_ms=0.136750 comm_max_ms=0.143531 comm_var_ms=0.000002282 total_avg_ms=0.165082 total_min_ms=0.162282 total_max_ms=0.168401 total_var_ms=0.000002362 effective_gflops=3.740187
RESULT comm=rcm_nccl kernel=cusparse matrix=amazon0302.mtx P=4 rank=2 nrows_local=64448 ncols_global=262111 nnz_local=308716 n_ghost=73127 compute_avg_ms=0.025293 compute_min_ms=0.024576 compute_max_ms=0.026624 compute_var_ms=0.000000360 compute_gflops=24.411374 eff_bw_gbs=139.787450 pct_peak_bw=14.9807 comm_avg_ms=0.135584 comm_min_ms=0.132616 comm_max_ms=0.139954 comm_var_ms=0.000003646 total_avg_ms=0.160877 total_min_ms=0.157586 total_max_ms=0.165554 total_var_ms=0.000003789 effective_gflops=3.837910
RESULT comm=rcm_nccl kernel=cusparse matrix=amazon0302.mtx P=4 rank=3 nrows_local=64103 ncols_global=262111 nnz_local=308720 n_ghost=46498 compute_avg_ms=0.025327 compute_min_ms=0.024576 compute_max_ms=0.025600 compute_var_ms=0.000000205 compute_gflops=24.378791 eff_bw_gbs=135.231218 pct_peak_bw=14.4924 comm_avg_ms=0.099297 comm_min_ms=0.095368 comm_max_ms=0.101515 comm_var_ms=0.000001710 total_avg_ms=0.124624 total_min_ms=0.120779 total_max_ms=0.127115 total_var_ms=0.000002095 effective_gflops=4.954431
[ERROR CHECKING] OK!

--- P=1 rep=2/3 driver=spmv_rcm_nccl_cusparse ---
Loaded ../matrices/amazon0302.mtx: 262111 x 262111, 1234877 nnz
RESULT comm=rcm_nccl kernel=cusparse matrix=amazon0302.mtx P=1 rank=0 nrows_local=262111 ncols_global=262111 nnz_local=1234877 n_ghost=0 compute_avg_ms=0.048777 compute_min_ms=0.047104 compute_max_ms=0.050176 compute_var_ms=0.000000523 compute_gflops=50.634060 eff_bw_gbs=267.020856 pct_peak_bw=28.6159 comm_avg_ms=0.000989 comm_min_ms=0.000957 comm_max_ms=0.001023 comm_var_ms=0.000000000 total_avg_ms=0.049765 total_min_ms=0.048061 total_max_ms=0.051185 total_var_ms=0.000000529 effective_gflops=49.628099
[ERROR CHECKING] OK!

--- P=2 rep=2/3 driver=spmv_rcm_nccl_cusparse ---
Loaded ../matrices/amazon0302.mtx: 262111 x 262111, 1234877 nnz
RESULT comm=rcm_nccl kernel=cusparse matrix=amazon0302.mtx P=2 rank=0 nrows_local=133560 ncols_global=262111 nnz_local=617441 n_ghost=42966 compute_avg_ms=0.032768 compute_min_ms=0.031744 compute_max_ms=0.034816 compute_var_ms=0.000000559 compute_gflops=37.685608 eff_bw_gbs=204.898560 pct_peak_bw=21.9584 comm_avg_ms=0.066978 comm_min_ms=0.065359 comm_max_ms=0.070588 comm_var_ms=0.000001846 total_avg_ms=0.099746 total_min_ms=0.097255 total_max_ms=0.104469 total_var_ms=0.000003593 effective_gflops=12.380237
RESULT comm=rcm_nccl kernel=cusparse matrix=amazon0302.mtx P=2 rank=1 nrows_local=128551 ncols_global=262111 nnz_local=617436 n_ghost=48615 compute_avg_ms=0.034406 compute_min_ms=0.032768 compute_max_ms=0.035840 compute_var_ms=0.000000671 compute_gflops=35.890764 eff_bw_gbs=194.050058 pct_peak_bw=20.7958 comm_avg_ms=0.098484 comm_min_ms=0.095961 comm_max_ms=0.104129 comm_var_ms=0.000002727 total_avg_ms=0.132890 total_min_ms=0.129755 total_max_ms=0.138945 total_var_ms=0.000003317 effective_gflops=9.292414
[ERROR CHECKING] OK!

--- P=3 rep=2/3 driver=spmv_rcm_nccl_cusparse ---
Loaded ../matrices/amazon0302.mtx: 262111 x 262111, 1234877 nnz
RESULT comm=rcm_nccl kernel=cusparse matrix=amazon0302.mtx P=3 rank=0 nrows_local=89853 ncols_global=262111 nnz_local=411628 n_ghost=37714 compute_avg_ms=0.027409 compute_min_ms=0.026624 compute_max_ms=0.028672 compute_var_ms=0.000000257 compute_gflops=30.035901 eff_bw_gbs=164.986282 pct_peak_bw=17.6811 comm_avg_ms=0.085112 comm_min_ms=0.082401 comm_max_ms=0.089201 comm_var_ms=0.000001617 total_avg_ms=0.112521 total_min_ms=0.109025 total_max_ms=0.116849 total_var_ms=0.000002098 effective_gflops=7.316483
RESULT comm=rcm_nccl kernel=cusparse matrix=amazon0302.mtx P=3 rank=1 nrows_local=86667 ncols_global=262111 nnz_local=411626 n_ghost=76101 compute_avg_ms=0.028774 compute_min_ms=0.027648 compute_max_ms=0.029696 compute_var_ms=0.000000164 compute_gflops=28.610570 eff_bw_gbs=161.164783 pct_peak_bw=17.2716 comm_avg_ms=0.107896 comm_min_ms=0.102022 comm_max_ms=0.112457 comm_var_ms=0.000004823 total_avg_ms=0.136670 total_min_ms=0.130694 total_max_ms=0.141129 total_var_ms=0.000004783 effective_gflops=6.023645
RESULT comm=rcm_nccl kernel=cusparse matrix=amazon0302.mtx P=3 rank=2 nrows_local=85591 ncols_global=262111 nnz_local=411623 n_ghost=49298 compute_avg_ms=0.027955 compute_min_ms=0.026624 compute_max_ms=0.028672 compute_var_ms=0.000000290 compute_gflops=29.448761 eff_bw_gbs=161.589685 pct_peak_bw=17.3171 comm_avg_ms=0.122369 comm_min_ms=0.114102 comm_max_ms=0.178033 comm_var_ms=0.000116083 total_avg_ms=0.150324 total_min_ms=0.141750 total_max_ms=0.206705 total_var_ms=0.000119060 effective_gflops=5.476469
[ERROR CHECKING] OK!

--- P=4 rep=2/3 driver=spmv_rcm_nccl_cusparse ---
Loaded ../matrices/amazon0302.mtx: 262111 x 262111, 1234877 nnz
RESULT comm=rcm_nccl kernel=cusparse matrix=amazon0302.mtx P=4 rank=0 nrows_local=67912 ncols_global=262111 nnz_local=308723 n_ghost=32619 compute_avg_ms=0.024781 compute_min_ms=0.023552 compute_max_ms=0.025600 compute_var_ms=0.000000308 compute_gflops=24.916306 eff_bw_gbs=137.816694 pct_peak_bw=14.7695 comm_avg_ms=0.075807 comm_min_ms=0.055810 comm_max_ms=0.079849 comm_var_ms=0.000017035 total_avg_ms=0.100588 total_min_ms=0.081410 total_max_ms=0.104425 total_var_ms=0.000015351 effective_gflops=6.138372
RESULT comm=rcm_nccl kernel=cusparse matrix=amazon0302.mtx P=4 rank=1 nrows_local=65648 ncols_global=262111 nnz_local=308718 n_ghost=70336 compute_avg_ms=0.025532 compute_min_ms=0.024576 compute_max_ms=0.027648 compute_var_ms=0.000000345 compute_gflops=24.183082 eff_bw_gbs=138.606651 pct_peak_bw=14.8541 comm_avg_ms=0.139345 comm_min_ms=0.135720 comm_max_ms=0.144313 comm_var_ms=0.000003862 total_avg_ms=0.164877 total_min_ms=0.161320 total_max_ms=0.168889 total_var_ms=0.000003518 effective_gflops=3.744823
RESULT comm=rcm_nccl kernel=cusparse matrix=amazon0302.mtx P=4 rank=2 nrows_local=64448 ncols_global=262111 nnz_local=308716 n_ghost=73127 compute_avg_ms=0.025259 compute_min_ms=0.024576 compute_max_ms=0.027648 compute_var_ms=0.000000443 compute_gflops=24.444362 eff_bw_gbs=139.976351 pct_peak_bw=15.0009 comm_avg_ms=0.135104 comm_min_ms=0.130616 comm_max_ms=0.173218 comm_var_ms=0.000053665 total_avg_ms=0.160363 total_min_ms=0.156109 total_max_ms=0.198818 total_var_ms=0.000054592 effective_gflops=3.850223
RESULT comm=rcm_nccl kernel=cusparse matrix=amazon0302.mtx P=4 rank=3 nrows_local=64103 ncols_global=262111 nnz_local=308720 n_ghost=46498 compute_avg_ms=0.025429 compute_min_ms=0.024576 compute_max_ms=0.026624 compute_var_ms=0.000000355 compute_gflops=24.280621 eff_bw_gbs=134.686662 pct_peak_bw=14.4340 comm_avg_ms=0.098960 comm_min_ms=0.094475 comm_max_ms=0.101402 comm_var_ms=0.000002605 total_avg_ms=0.124389 total_min_ms=0.120075 total_max_ms=0.127002 total_var_ms=0.000002800 effective_gflops=4.963768
[ERROR CHECKING] OK!

--- P=1 rep=3/3 driver=spmv_rcm_nccl_cusparse ---
Loaded ../matrices/amazon0302.mtx: 262111 x 262111, 1234877 nnz
RESULT comm=rcm_nccl kernel=cusparse matrix=amazon0302.mtx P=1 rank=0 nrows_local=262111 ncols_global=262111 nnz_local=1234877 n_ghost=0 compute_avg_ms=0.048913 compute_min_ms=0.048128 compute_max_ms=0.050176 compute_var_ms=0.000000327 compute_gflops=50.492723 eff_bw_gbs=266.275507 pct_peak_bw=28.5360 comm_avg_ms=0.000932 comm_min_ms=0.000877 comm_max_ms=0.001030 comm_var_ms=0.000000001 total_avg_ms=0.049846 total_min_ms=0.049005 total_max_ms=0.051093 total_var_ms=0.000000338 effective_gflops=49.548149
[ERROR CHECKING] OK!

--- P=2 rep=3/3 driver=spmv_rcm_nccl_cusparse ---
Loaded ../matrices/amazon0302.mtx: 262111 x 262111, 1234877 nnz
RESULT comm=rcm_nccl kernel=cusparse matrix=amazon0302.mtx P=2 rank=1 nrows_local=128551 ncols_global=262111 nnz_local=617436 n_ghost=48615 compute_avg_ms=0.033860 compute_min_ms=0.032768 compute_max_ms=0.035840 compute_var_ms=0.000000345 compute_gflops=36.469647 eff_bw_gbs=197.179898 pct_peak_bw=21.1312 comm_avg_ms=0.102289 comm_min_ms=0.099010 comm_max_ms=0.105188 comm_var_ms=0.000002373 total_avg_ms=0.136149 total_min_ms=0.132802 total_max_ms=0.138980 total_var_ms=0.000002468 effective_gflops=9.069995
RESULT comm=rcm_nccl kernel=cusparse matrix=amazon0302.mtx P=2 rank=0 nrows_local=133560 ncols_global=262111 nnz_local=617441 n_ghost=42966 compute_avg_ms=0.032529 compute_min_ms=0.031744 compute_max_ms=0.033792 compute_var_ms=0.000000257 compute_gflops=37.962417 eff_bw_gbs=206.403587 pct_peak_bw=22.1197 comm_avg_ms=0.070922 comm_min_ms=0.069482 comm_max_ms=0.076768 comm_var_ms=0.000002372 total_avg_ms=0.103451 total_min_ms=0.101307 total_max_ms=0.109536 total_var_ms=0.000002763 effective_gflops=11.936855
[ERROR CHECKING] OK!

--- P=3 rep=3/3 driver=spmv_rcm_nccl_cusparse ---
Loaded ../matrices/amazon0302.mtx: 262111 x 262111, 1234877 nnz
RESULT comm=rcm_nccl kernel=cusparse matrix=amazon0302.mtx P=3 rank=0 nrows_local=89853 ncols_global=262111 nnz_local=411628 n_ghost=37714 compute_avg_ms=0.027273 compute_min_ms=0.026624 compute_max_ms=0.027648 compute_var_ms=0.000000244 compute_gflops=30.186268 eff_bw_gbs=165.812246 pct_peak_bw=17.7697 comm_avg_ms=0.085427 comm_min_ms=0.082413 comm_max_ms=0.088383 comm_var_ms=0.000002125 total_avg_ms=0.112699 total_min_ms=0.109037 total_max_ms=0.116031 total_var_ms=0.000002860 effective_gflops=7.304894
RESULT comm=rcm_nccl kernel=cusparse matrix=amazon0302.mtx P=3 rank=1 nrows_local=86667 ncols_global=262111 nnz_local=411626 n_ghost=76101 compute_avg_ms=0.029082 compute_min_ms=0.028672 compute_max_ms=0.029696 compute_var_ms=0.000000252 compute_gflops=28.308346 eff_bw_gbs=159.462338 pct_peak_bw=17.0892 comm_avg_ms=0.108300 comm_min_ms=0.105337 comm_max_ms=0.112135 comm_var_ms=0.000003563 total_avg_ms=0.137382 total_min_ms=0.134009 total_max_ms=0.141116 total_var_ms=0.000004158 effective_gflops=5.992434
RESULT comm=rcm_nccl kernel=cusparse matrix=amazon0302.mtx P=3 rank=2 nrows_local=85591 ncols_global=262111 nnz_local=411623 n_ghost=49298 compute_avg_ms=0.027682 compute_min_ms=0.027648 compute_max_ms=0.028672 compute_var_ms=0.000000034 compute_gflops=29.739254 eff_bw_gbs=163.183666 pct_peak_bw=17.4880 comm_avg_ms=0.119197 comm_min_ms=0.114512 comm_max_ms=0.124384 comm_var_ms=0.000005603 total_avg_ms=0.146879 total_min_ms=0.142160 total_max_ms=0.152032 total_var_ms=0.000005519 effective_gflops=5.604927
[ERROR CHECKING] OK!

--- P=4 rep=3/3 driver=spmv_rcm_nccl_cusparse ---
Loaded ../matrices/amazon0302.mtx: 262111 x 262111, 1234877 nnz
RESULT comm=rcm_nccl kernel=cusparse matrix=amazon0302.mtx P=4 rank=0 nrows_local=67912 ncols_global=262111 nnz_local=308723 n_ghost=32619 compute_avg_ms=0.024713 compute_min_ms=0.023552 compute_max_ms=0.025600 compute_var_ms=0.000000331 compute_gflops=24.985135 eff_bw_gbs=138.197403 pct_peak_bw=14.8102 comm_avg_ms=0.076383 comm_min_ms=0.072005 comm_max_ms=0.127037 comm_var_ms=0.000091835 total_avg_ms=0.101095 total_min_ms=0.095643 total_max_ms=0.151613 total_var_ms=0.000091426 effective_gflops=6.107562
RESULT comm=rcm_nccl kernel=cusparse matrix=amazon0302.mtx P=4 rank=1 nrows_local=65648 ncols_global=262111 nnz_local=308718 n_ghost=70336 compute_avg_ms=0.025702 compute_min_ms=0.024576 compute_max_ms=0.026624 compute_var_ms=0.000000514 compute_gflops=24.022504 eff_bw_gbs=137.686287 pct_peak_bw=14.7555 comm_avg_ms=0.139207 comm_min_ms=0.122396 comm_max_ms=0.144636 comm_var_ms=0.000012991 total_avg_ms=0.164909 total_min_ms=0.147996 total_max_ms=0.170236 total_var_ms=0.000013696 effective_gflops=3.744100
RESULT comm=rcm_nccl kernel=cusparse matrix=amazon0302.mtx P=4 rank=2 nrows_local=64448 ncols_global=262111 nnz_local=308716 n_ghost=73127 compute_avg_ms=0.024986 compute_min_ms=0.024576 compute_max_ms=0.027648 compute_var_ms=0.000000461 compute_gflops=24.711513 eff_bw_gbs=141.506145 pct_peak_bw=15.1648 comm_avg_ms=0.135097 comm_min_ms=0.128862 comm_max_ms=0.194309 comm_var_ms=0.000124541 total_avg_ms=0.160083 total_min_ms=0.153438 total_max_ms=0.218885 total_var_ms=0.000124452 effective_gflops=3.856949
RESULT comm=rcm_nccl kernel=cusparse matrix=amazon0302.mtx P=4 rank=3 nrows_local=64103 ncols_global=262111 nnz_local=308720 n_ghost=46498 compute_avg_ms=0.025668 compute_min_ms=0.024576 compute_max_ms=0.027648 compute_var_ms=0.000000415 compute_gflops=24.054605 eff_bw_gbs=133.432931 pct_peak_bw=14.2997 comm_avg_ms=0.098434 comm_min_ms=0.094544 comm_max_ms=0.101238 comm_var_ms=0.000002600 total_avg_ms=0.124102 total_min_ms=0.119120 total_max_ms=0.126838 total_var_ms=0.000003367 effective_gflops=4.975257
[ERROR CHECKING] OK!

=== Job done ===
