=== D2_final intelligent-partitioning (RCM, cuSPARSE) small-matrix check ===
Node:     edu01
Date:     Thu Jul 23 01:56:27 PM CEST 2026
Matrix:   ../matrices/roadNet-CA.mtx
Reps:     3

--- P=1 rep=1/3 driver=spmv_rcm_nccl_cusparse ---
Loaded ../matrices/roadNet-CA.mtx: 1971281 x 1971281, 5533214 nnz
RESULT comm=rcm_nccl kernel=cusparse matrix=roadNet-CA.mtx P=1 rank=0 nrows_local=1971281 ncols_global=1971281 nnz_local=5533214 n_ghost=0 compute_avg_ms=0.143906 compute_min_ms=0.142336 compute_max_ms=0.145408 compute_var_ms=0.000000680 compute_gflops=76.900322 eff_bw_gbs=471.981881 pct_peak_bw=50.5810 comm_avg_ms=0.000981 comm_min_ms=0.000931 comm_max_ms=0.001087 comm_var_ms=0.000000001 total_avg_ms=0.144887 total_min_ms=0.143298 total_max_ms=0.146372 total_var_ms=0.000000665 effective_gflops=76.379611
[ERROR CHECKING] OK!

--- P=2 rep=1/3 driver=spmv_rcm_nccl_cusparse ---
Loaded ../matrices/roadNet-CA.mtx: 1971281 x 1971281, 5533214 nnz
RESULT comm=rcm_nccl kernel=cusparse matrix=roadNet-CA.mtx P=2 rank=0 nrows_local=971070 ncols_global=1971281 nnz_local=2766607 n_ghost=3107 compute_avg_ms=0.074923 compute_min_ms=0.073728 compute_max_ms=0.075776 compute_var_ms=0.000000285 compute_gflops=73.852334 eff_bw_gbs=451.106830 pct_peak_bw=48.3439 comm_avg_ms=0.044836 comm_min_ms=0.042549 comm_max_ms=0.069645 comm_var_ms=0.000021800 total_avg_ms=0.119759 total_min_ms=0.116277 total_max_ms=0.144397 total_var_ms=0.000021848 effective_gflops=46.202945
RESULT comm=rcm_nccl kernel=cusparse matrix=roadNet-CA.mtx P=2 rank=1 nrows_local=1000211 ncols_global=1971281 nnz_local=2766607 n_ghost=4309 compute_avg_ms=0.076732 compute_min_ms=0.075776 compute_max_ms=0.077824 compute_var_ms=0.000000415 compute_gflops=72.111154 eff_bw_gbs=445.091300 pct_peak_bw=47.6993 comm_avg_ms=0.052264 comm_min_ms=0.050036 comm_max_ms=0.068270 comm_var_ms=0.000009796 total_avg_ms=0.128996 total_min_ms=0.126320 total_max_ms=0.145070 total_var_ms=0.000010018 effective_gflops=42.894594
[ERROR CHECKING] OK!

--- P=3 rep=1/3 driver=spmv_rcm_nccl_cusparse ---
Loaded ../matrices/roadNet-CA.mtx: 1971281 x 1971281, 5533214 nnz
RESULT comm=rcm_nccl kernel=cusparse matrix=roadNet-CA.mtx P=3 rank=0 nrows_local=652318 ncols_global=1971281 nnz_local=1844406 n_ghost=4718 compute_avg_ms=0.057173 compute_min_ms=0.056320 compute_max_ms=0.058368 compute_var_ms=0.000000355 compute_gflops=64.519799 eff_bw_gbs=395.323106 pct_peak_bw=42.3657 comm_avg_ms=0.046838 comm_min_ms=0.044474 comm_max_ms=0.049264 comm_var_ms=0.000001126 total_avg_ms=0.104011 total_min_ms=0.101818 total_max_ms=0.106608 total_var_ms=0.000001219 effective_gflops=35.465515
RESULT comm=rcm_nccl kernel=cusparse matrix=roadNet-CA.mtx P=3 rank=1 nrows_local=648623 ncols_global=1971281 nnz_local=1844404 n_ghost=9829 compute_avg_ms=0.057719 compute_min_ms=0.057344 compute_max_ms=0.058368 compute_var_ms=0.000000244 compute_gflops=63.909252 eff_bw_gbs=391.168334 pct_peak_bw=41.9205 comm_avg_ms=0.058229 comm_min_ms=0.056279 comm_max_ms=0.061626 comm_var_ms=0.000001582 total_avg_ms=0.115948 total_min_ms=0.113623 total_max_ms=0.118970 total_var_ms=0.000001651 effective_gflops=31.814312
RESULT comm=rcm_nccl kernel=cusparse matrix=roadNet-CA.mtx P=3 rank=2 nrows_local=670340 ncols_global=1971281 nnz_local=1844404 n_ghost=4559 compute_avg_ms=0.056798 compute_min_ms=0.056320 compute_max_ms=0.057344 compute_var_ms=0.000000261 compute_gflops=64.946241 eff_bw_gbs=401.732549 pct_peak_bw=43.0526 comm_avg_ms=0.050187 comm_min_ms=0.048339 comm_max_ms=0.052738 comm_var_ms=0.000000992 total_avg_ms=0.106985 total_min_ms=0.105029 total_max_ms=0.109429 total_var_ms=0.000001129 effective_gflops=34.479567
[ERROR CHECKING] OK!

--- P=4 rep=1/3 driver=spmv_rcm_nccl_cusparse ---
Loaded ../matrices/roadNet-CA.mtx: 1971281 x 1971281, 5533214 nnz
RESULT comm=rcm_nccl kernel=cusparse matrix=roadNet-CA.mtx P=4 rank=0 nrows_local=490191 ncols_global=1971281 nnz_local=1383305 n_ghost=4637 compute_avg_ms=0.048469 compute_min_ms=0.047104 compute_max_ms=0.049152 compute_var_ms=0.000000303 compute_gflops=57.079595 eff_bw_gbs=350.062242 pct_peak_bw=37.5152 comm_avg_ms=0.056078 comm_min_ms=0.053300 comm_max_ms=0.070330 comm_var_ms=0.000008148 total_avg_ms=0.104548 total_min_ms=0.101428 total_max_ms=0.119482 total_var_ms=0.000008962 effective_gflops=26.462657
RESULT comm=rcm_nccl kernel=cusparse matrix=roadNet-CA.mtx P=4 rank=1 nrows_local=480879 ncols_global=1971281 nnz_local=1383302 n_ghost=9518 compute_avg_ms=0.048538 compute_min_ms=0.047104 compute_max_ms=0.049152 compute_var_ms=0.000000391 compute_gflops=56.999191 eff_bw_gbs=347.669425 pct_peak_bw=37.2588 comm_avg_ms=0.066571 comm_min_ms=0.062886 comm_max_ms=0.069986 comm_var_ms=0.000002427 total_avg_ms=0.115108 total_min_ms=0.112038 total_max_ms=0.119138 total_var_ms=0.000002952 effective_gflops=24.034819
RESULT comm=rcm_nccl kernel=cusparse matrix=roadNet-CA.mtx P=4 rank=2 nrows_local=494560 ncols_global=1971281 nnz_local=1383304 n_ghost=7968 compute_avg_ms=0.047991 compute_min_ms=0.047104 compute_max_ms=0.049152 compute_var_ms=0.000000401 compute_gflops=57.647914 eff_bw_gbs=354.917837 pct_peak_bw=38.0356 comm_avg_ms=0.061457 comm_min_ms=0.059366 comm_max_ms=0.071561 comm_var_ms=0.000004858 total_avg_ms=0.109449 total_min_ms=0.107255 total_max_ms=0.119689 total_var_ms=0.000005130 effective_gflops=25.277607
RESULT comm=rcm_nccl kernel=cusparse matrix=roadNet-CA.mtx P=4 rank=3 nrows_local=505651 ncols_global=1971281 nnz_local=1383303 n_ghost=5084 compute_avg_ms=0.053555 compute_min_ms=0.048128 compute_max_ms=0.199680 compute_var_ms=0.000736530 compute_gflops=51.658960 eff_bw_gbs=320.315777 pct_peak_bw=34.3274 comm_avg_ms=0.073775 comm_min_ms=0.071550 comm_max_ms=0.075815 comm_var_ms=0.000001070 total_avg_ms=0.127331 total_min_ms=0.120616 total_max_ms=0.273604 total_var_ms=0.000738806 effective_gflops=21.727733
[ERROR CHECKING] OK!

--- P=1 rep=2/3 driver=spmv_rcm_nccl_cusparse ---
Loaded ../matrices/roadNet-CA.mtx: 1971281 x 1971281, 5533214 nnz
RESULT comm=rcm_nccl kernel=cusparse matrix=roadNet-CA.mtx P=1 rank=0 nrows_local=1971281 ncols_global=1971281 nnz_local=5533214 n_ghost=0 compute_avg_ms=0.143633 compute_min_ms=0.142336 compute_max_ms=0.146432 compute_var_ms=0.000001044 compute_gflops=77.046520 eff_bw_gbs=472.879185 pct_peak_bw=50.6772 comm_avg_ms=0.000903 comm_min_ms=0.000854 comm_max_ms=0.001017 comm_var_ms=0.000000001 total_avg_ms=0.144536 total_min_ms=0.143232 total_max_ms=0.147449 total_var_ms=0.000001052 effective_gflops=76.565254
[ERROR CHECKING] OK!

--- P=2 rep=2/3 driver=spmv_rcm_nccl_cusparse ---
Loaded ../matrices/roadNet-CA.mtx: 1971281 x 1971281, 5533214 nnz
RESULT comm=rcm_nccl kernel=cusparse matrix=roadNet-CA.mtx P=2 rank=0 nrows_local=971070 ncols_global=1971281 nnz_local=2766607 n_ghost=3107 compute_avg_ms=0.075162 compute_min_ms=0.073728 compute_max_ms=0.075776 compute_var_ms=0.000000322 compute_gflops=73.617562 eff_bw_gbs=449.672793 pct_peak_bw=48.1902 comm_avg_ms=0.045149 comm_min_ms=0.042705 comm_max_ms=0.049344 comm_var_ms=0.000002372 total_avg_ms=0.120310 total_min_ms=0.117457 total_max_ms=0.124096 total_var_ms=0.000002738 effective_gflops=45.991126
RESULT comm=rcm_nccl kernel=cusparse matrix=roadNet-CA.mtx P=2 rank=1 nrows_local=1000211 ncols_global=1971281 nnz_local=2766607 n_ghost=4309 compute_avg_ms=0.076834 compute_min_ms=0.075776 compute_max_ms=0.077824 compute_var_ms=0.000000523 compute_gflops=72.015049 eff_bw_gbs=444.498113 pct_peak_bw=47.6357 comm_avg_ms=0.051862 comm_min_ms=0.049109 comm_max_ms=0.054616 comm_var_ms=0.000001301 total_avg_ms=0.128696 total_min_ms=0.124885 total_max_ms=0.131475 total_var_ms=0.000002401 effective_gflops=42.994440
[ERROR CHECKING] OK!

--- P=3 rep=2/3 driver=spmv_rcm_nccl_cusparse ---
Loaded ../matrices/roadNet-CA.mtx: 1971281 x 1971281, 5533214 nnz
RESULT comm=rcm_nccl kernel=cusparse matrix=roadNet-CA.mtx P=3 rank=0 nrows_local=652318 ncols_global=1971281 nnz_local=1844406 n_ghost=4718 compute_avg_ms=0.057071 compute_min_ms=0.056320 compute_max_ms=0.058368 compute_var_ms=0.000000415 compute_gflops=64.635564 eff_bw_gbs=396.032418 pct_peak_bw=42.4417 comm_avg_ms=0.047319 comm_min_ms=0.045269 comm_max_ms=0.050803 comm_var_ms=0.000001639 total_avg_ms=0.104390 total_min_ms=0.101856 total_max_ms=0.108147 total_var_ms=0.000002323 effective_gflops=35.336720
RESULT comm=rcm_nccl kernel=cusparse matrix=roadNet-CA.mtx P=3 rank=1 nrows_local=648623 ncols_global=1971281 nnz_local=1844404 n_ghost=9829 compute_avg_ms=0.058095 compute_min_ms=0.057344 compute_max_ms=0.059392 compute_var_ms=0.000000275 compute_gflops=63.496207 eff_bw_gbs=388.640219 pct_peak_bw=41.6495 comm_avg_ms=0.063930 comm_min_ms=0.054814 comm_max_ms=0.272937 comm_var_ms=0.001508063 total_avg_ms=0.122025 total_min_ms=0.112758 total_max_ms=0.331305 total_var_ms=0.001512800 effective_gflops=30.229994
RESULT comm=rcm_nccl kernel=cusparse matrix=roadNet-CA.mtx P=3 rank=2 nrows_local=670340 ncols_global=1971281 nnz_local=1844404 n_ghost=4559 compute_avg_ms=0.056798 compute_min_ms=0.056320 compute_max_ms=0.060416 compute_var_ms=0.000000680 compute_gflops=64.946241 eff_bw_gbs=401.732549 pct_peak_bw=43.0526 comm_avg_ms=0.081471 comm_min_ms=0.046706 comm_max_ms=1.017251 comm_var_ms=0.030198037 total_avg_ms=0.138269 total_min_ms=0.103512 total_max_ms=1.077667 total_var_ms=0.030432537 effective_gflops=26.678566
[ERROR CHECKING] OK!

--- P=4 rep=2/3 driver=spmv_rcm_nccl_cusparse ---
Loaded ../matrices/roadNet-CA.mtx: 1971281 x 1971281, 5533214 nnz
RESULT comm=rcm_nccl kernel=cusparse matrix=roadNet-CA.mtx P=4 rank=0 nrows_local=490191 ncols_global=1971281 nnz_local=1383305 n_ghost=4637 compute_avg_ms=0.048162 compute_min_ms=0.047104 compute_max_ms=0.049152 compute_var_ms=0.000000313 compute_gflops=57.443675 eff_bw_gbs=352.295098 pct_peak_bw=37.7545 comm_avg_ms=0.056235 comm_min_ms=0.053089 comm_max_ms=0.076127 comm_var_ms=0.000015203 total_avg_ms=0.104397 total_min_ms=0.101217 total_max_ms=0.124255 total_var_ms=0.000014835 effective_gflops=26.500840
RESULT comm=rcm_nccl kernel=cusparse matrix=roadNet-CA.mtx P=4 rank=1 nrows_local=480879 ncols_global=1971281 nnz_local=1383302 n_ghost=9518 compute_avg_ms=0.048674 compute_min_ms=0.048128 compute_max_ms=0.049152 compute_var_ms=0.000000261 compute_gflops=56.839305 eff_bw_gbs=346.694195 pct_peak_bw=37.1543 comm_avg_ms=0.066180 comm_min_ms=0.059847 comm_max_ms=0.070258 comm_var_ms=0.000003050 total_avg_ms=0.114854 total_min_ms=0.107975 total_max_ms=0.119410 total_var_ms=0.000003520 effective_gflops=24.087909
RESULT comm=rcm_nccl kernel=cusparse matrix=roadNet-CA.mtx P=4 rank=2 nrows_local=494560 ncols_global=1971281 nnz_local=1383304 n_ghost=7968 compute_avg_ms=0.047957 compute_min_ms=0.047104 compute_max_ms=0.049152 compute_var_ms=0.000000355 compute_gflops=57.688944 eff_bw_gbs=355.170447 pct_peak_bw=38.0627 comm_avg_ms=0.061866 comm_min_ms=0.057797 comm_max_ms=0.083025 comm_var_ms=0.000018069 total_avg_ms=0.109823 total_min_ms=0.105925 total_max_ms=0.132177 total_var_ms=0.000019916 effective_gflops=25.191471
RESULT comm=rcm_nccl kernel=cusparse matrix=roadNet-CA.mtx P=4 rank=3 nrows_local=505651 ncols_global=1971281 nnz_local=1383303 n_ghost=5084 compute_avg_ms=0.048981 compute_min_ms=0.048128 compute_max_ms=0.050176 compute_var_ms=0.000000425 compute_gflops=56.482863 eff_bw_gbs=350.226799 pct_peak_bw=37.5329 comm_avg_ms=0.073406 comm_min_ms=0.055067 comm_max_ms=0.079696 comm_var_ms=0.000014049 total_avg_ms=0.122388 total_min_ms=0.103195 total_max_ms=0.129872 total_var_ms=0.000015800 effective_gflops=22.605262
[ERROR CHECKING] OK!

--- P=1 rep=3/3 driver=spmv_rcm_nccl_cusparse ---
Loaded ../matrices/roadNet-CA.mtx: 1971281 x 1971281, 5533214 nnz
RESULT comm=rcm_nccl kernel=cusparse matrix=roadNet-CA.mtx P=1 rank=0 nrows_local=1971281 ncols_global=1971281 nnz_local=5533214 n_ghost=0 compute_avg_ms=0.143770 compute_min_ms=0.141312 compute_max_ms=0.145408 compute_var_ms=0.000000951 compute_gflops=76.973351 eff_bw_gbs=472.430104 pct_peak_bw=50.6291 comm_avg_ms=0.000973 comm_min_ms=0.000928 comm_max_ms=0.001269 comm_var_ms=0.000000004 total_avg_ms=0.144743 total_min_ms=0.142247 total_max_ms=0.146677 total_var_ms=0.000001003 effective_gflops=76.455650
[ERROR CHECKING] OK!

--- P=2 rep=3/3 driver=spmv_rcm_nccl_cusparse ---
Loaded ../matrices/roadNet-CA.mtx: 1971281 x 1971281, 5533214 nnz
RESULT comm=rcm_nccl kernel=cusparse matrix=roadNet-CA.mtx P=2 rank=0 nrows_local=971070 ncols_global=1971281 nnz_local=2766607 n_ghost=3107 compute_avg_ms=0.075093 compute_min_ms=0.073728 compute_max_ms=0.076800 compute_var_ms=0.000000583 compute_gflops=73.684487 eff_bw_gbs=450.081587 pct_peak_bw=48.2341 comm_avg_ms=0.044700 comm_min_ms=0.043022 comm_max_ms=0.048312 comm_var_ms=0.000001193 total_avg_ms=0.119794 total_min_ms=0.117151 total_max_ms=0.124088 total_var_ms=0.000002307 effective_gflops=46.189600
RESULT comm=rcm_nccl kernel=cusparse matrix=roadNet-CA.mtx P=2 rank=1 nrows_local=1000211 ncols_global=1971281 nnz_local=2766607 n_ghost=4309 compute_avg_ms=0.077073 compute_min_ms=0.075776 compute_max_ms=0.079872 compute_var_ms=0.000001184 compute_gflops=71.791796 eff_bw_gbs=443.120132 pct_peak_bw=47.4880 comm_avg_ms=0.051357 comm_min_ms=0.048852 comm_max_ms=0.053694 comm_var_ms=0.000001052 total_avg_ms=0.128430 total_min_ms=0.124628 total_max_ms=0.132054 total_var_ms=0.000002684 effective_gflops=43.083467
[ERROR CHECKING] OK!

--- P=3 rep=3/3 driver=spmv_rcm_nccl_cusparse ---
Loaded ../matrices/roadNet-CA.mtx: 1971281 x 1971281, 5533214 nnz
RESULT comm=rcm_nccl kernel=cusparse matrix=roadNet-CA.mtx P=3 rank=0 nrows_local=652318 ncols_global=1971281 nnz_local=1844406 n_ghost=4718 compute_avg_ms=0.057481 compute_min_ms=0.056320 compute_max_ms=0.058368 compute_var_ms=0.000000261 compute_gflops=64.174978 eff_bw_gbs=393.210333 pct_peak_bw=42.1393 comm_avg_ms=0.047800 comm_min_ms=0.046343 comm_max_ms=0.049896 comm_var_ms=0.000000847 total_avg_ms=0.105281 total_min_ms=0.103311 total_max_ms=0.108264 total_var_ms=0.000001320 effective_gflops=35.037819
RESULT comm=rcm_nccl kernel=cusparse matrix=roadNet-CA.mtx P=3 rank=1 nrows_local=648623 ncols_global=1971281 nnz_local=1844404 n_ghost=9829 compute_avg_ms=0.058231 compute_min_ms=0.056320 compute_max_ms=0.059392 compute_var_ms=0.000000541 compute_gflops=63.347330 eff_bw_gbs=387.728987 pct_peak_bw=41.5519 comm_avg_ms=0.058346 comm_min_ms=0.055615 comm_max_ms=0.063734 comm_var_ms=0.000003613 total_avg_ms=0.116577 total_min_ms=0.113983 total_max_ms=0.121078 total_var_ms=0.000003156 effective_gflops=31.642683
RESULT comm=rcm_nccl kernel=cusparse matrix=roadNet-CA.mtx P=3 rank=2 nrows_local=670340 ncols_global=1971281 nnz_local=1844404 n_ghost=4559 compute_avg_ms=0.056695 compute_min_ms=0.056320 compute_max_ms=0.057344 compute_var_ms=0.000000244 compute_gflops=65.063544 eff_bw_gbs=402.458135 pct_peak_bw=43.1304 comm_avg_ms=0.081642 comm_min_ms=0.048526 comm_max_ms=0.995217 comm_var_ms=0.028781135 total_avg_ms=0.138337 total_min_ms=0.104846 total_max_ms=1.052561 total_var_ms=0.028822160 effective_gflops=26.665285
[ERROR CHECKING] OK!

--- P=4 rep=3/3 driver=spmv_rcm_nccl_cusparse ---
Loaded ../matrices/roadNet-CA.mtx: 1971281 x 1971281, 5533214 nnz
RESULT comm=rcm_nccl kernel=cusparse matrix=roadNet-CA.mtx P=4 rank=0 nrows_local=490191 ncols_global=1971281 nnz_local=1383305 n_ghost=4637 compute_avg_ms=0.048162 compute_min_ms=0.047104 compute_max_ms=0.049152 compute_var_ms=0.000000383 compute_gflops=57.443675 eff_bw_gbs=352.295098 pct_peak_bw=37.7545 comm_avg_ms=0.055709 comm_min_ms=0.050447 comm_max_ms=0.063801 comm_var_ms=0.000005425 total_avg_ms=0.103871 total_min_ms=0.097551 total_max_ms=0.111929 total_var_ms=0.000006565 effective_gflops=26.635125
RESULT comm=rcm_nccl kernel=cusparse matrix=roadNet-CA.mtx P=4 rank=1 nrows_local=480879 ncols_global=1971281 nnz_local=1383302 n_ghost=9518 compute_avg_ms=0.048606 compute_min_ms=0.048128 compute_max_ms=0.049152 compute_var_ms=0.000000261 compute_gflops=56.919136 eff_bw_gbs=347.181125 pct_peak_bw=37.2065 comm_avg_ms=0.066041 comm_min_ms=0.063421 comm_max_ms=0.070864 comm_var_ms=0.000002866 total_avg_ms=0.114647 total_min_ms=0.111549 total_max_ms=0.119205 total_var_ms=0.000003220 effective_gflops=24.131513
RESULT comm=rcm_nccl kernel=cusparse matrix=roadNet-CA.mtx P=4 rank=2 nrows_local=494560 ncols_global=1971281 nnz_local=1383304 n_ghost=7968 compute_avg_ms=0.047753 compute_min_ms=0.046080 compute_max_ms=0.049152 compute_var_ms=0.000000453 compute_gflops=57.936359 eff_bw_gbs=356.693695 pct_peak_bw=38.2259 comm_avg_ms=0.061803 comm_min_ms=0.058425 comm_max_ms=0.069412 comm_var_ms=0.000005081 total_avg_ms=0.109555 total_min_ms=0.105613 total_max_ms=0.116516 total_var_ms=0.000005723 effective_gflops=25.253073
RESULT comm=rcm_nccl kernel=cusparse matrix=roadNet-CA.mtx P=4 rank=3 nrows_local=505651 ncols_global=1971281 nnz_local=1383303 n_ghost=5084 compute_avg_ms=0.048469 compute_min_ms=0.047104 compute_max_ms=0.049152 compute_var_ms=0.000000303 compute_gflops=57.079512 eff_bw_gbs=353.926375 pct_peak_bw=37.9294 comm_avg_ms=0.073911 comm_min_ms=0.071077 comm_max_ms=0.077059 comm_var_ms=0.000002715 total_avg_ms=0.122381 total_min_ms=0.119365 total_max_ms=0.125466 total_var_ms=0.000003179 effective_gflops=22.606548
[ERROR CHECKING] OK!

=== Job done ===
