=== D2_final intelligent-partitioning (RCM, cuSPARSE) small-matrix check ===
Node:     edu01
Date:     Thu Jul 23 01:58:57 PM CEST 2026
Matrix:   ../matrices/webbase-1M.mtx
Reps:     3

--- P=1 rep=1/3 driver=spmv_rcm_nccl_cusparse ---
Loaded ../matrices/webbase-1M.mtx: 1000005 x 1000005, 3105536 nnz
RESULT comm=rcm_nccl kernel=cusparse matrix=webbase-1M.mtx P=1 rank=0 nrows_local=1000005 ncols_global=1000005 nnz_local=3105536 n_ghost=0 compute_avg_ms=0.076356 compute_min_ms=0.074752 compute_max_ms=0.077824 compute_var_ms=0.000000677 compute_gflops=81.343314 eff_bw_gbs=482.532114 pct_peak_bw=51.7117 comm_avg_ms=0.000929 comm_min_ms=0.000889 comm_max_ms=0.000991 comm_var_ms=0.000000001 total_avg_ms=0.077286 total_min_ms=0.075731 total_max_ms=0.078740 total_var_ms=0.000000652 effective_gflops=80.365084
[ERROR CHECKING] OK!

--- P=2 rep=1/3 driver=spmv_rcm_nccl_cusparse ---
Loaded ../matrices/webbase-1M.mtx: 1000005 x 1000005, 3105536 nnz
RESULT comm=rcm_nccl kernel=cusparse matrix=webbase-1M.mtx P=2 rank=1 nrows_local=362229 ncols_global=1000005 nnz_local=1552768 n_ghost=13862 compute_avg_ms=0.047104 compute_min_ms=0.046080 compute_max_ms=0.048128 compute_var_ms=0.000000350 compute_gflops=65.929346 eff_bw_gbs=357.174415 pct_peak_bw=38.2774 comm_avg_ms=0.060738 comm_min_ms=0.058553 comm_max_ms=0.063794 comm_var_ms=0.000001501 total_avg_ms=0.107842 total_min_ms=0.105657 total_max_ms=0.110913 total_var_ms=0.000002137 effective_gflops=28.797021
RESULT comm=rcm_nccl kernel=cusparse matrix=webbase-1M.mtx P=2 rank=0 nrows_local=637776 ncols_global=1000005 nnz_local=1552768 n_ghost=17998 compute_avg_ms=0.050483 compute_min_ms=0.049152 compute_max_ms=0.052224 compute_var_ms=0.000000430 compute_gflops=61.516229 eff_bw_gbs=399.092223 pct_peak_bw=42.7697 comm_avg_ms=0.056135 comm_min_ms=0.054195 comm_max_ms=0.058083 comm_var_ms=0.000000926 total_avg_ms=0.106618 total_min_ms=0.103347 total_max_ms=0.108315 total_var_ms=0.000001265 effective_gflops=29.127726
[ERROR CHECKING] OK!

--- P=3 rep=1/3 driver=spmv_rcm_nccl_cusparse ---
Loaded ../matrices/webbase-1M.mtx: 1000005 x 1000005, 3105536 nnz
RESULT comm=rcm_nccl kernel=cusparse matrix=webbase-1M.mtx P=3 rank=1 nrows_local=338743 ncols_global=1000005 nnz_local=1035179 n_ghost=25634 compute_avg_ms=0.040448 compute_min_ms=0.039936 compute_max_ms=0.040960 compute_var_ms=0.000000262 compute_gflops=51.185672 eff_bw_gbs=307.775128 pct_peak_bw=32.9834 comm_avg_ms=0.066624 comm_min_ms=0.064408 comm_max_ms=0.073931 comm_var_ms=0.000003103 total_avg_ms=0.107072 total_min_ms=0.104344 total_max_ms=0.114891 total_var_ms=0.000004038 effective_gflops=19.336081
RESULT comm=rcm_nccl kernel=cusparse matrix=webbase-1M.mtx P=3 rank=2 nrows_local=248610 ncols_global=1000005 nnz_local=1035178 n_ghost=17036 compute_avg_ms=0.039492 compute_min_ms=0.037888 compute_max_ms=0.040960 compute_var_ms=0.000000537 compute_gflops=52.424341 eff_bw_gbs=286.964849 pct_peak_bw=30.7533 comm_avg_ms=0.075530 comm_min_ms=0.071631 comm_max_ms=0.079129 comm_var_ms=0.000004463 total_avg_ms=0.115023 total_min_ms=0.109900 total_max_ms=0.119065 total_var_ms=0.000005635 effective_gflops=17.999543
RESULT comm=rcm_nccl kernel=cusparse matrix=webbase-1M.mtx P=3 rank=0 nrows_local=412652 ncols_global=1000005 nnz_local=1035179 n_ghost=16451 compute_avg_ms=0.042462 compute_min_ms=0.040960 compute_max_ms=0.045056 compute_var_ms=0.000001030 compute_gflops=48.758055 eff_bw_gbs=313.200177 pct_peak_bw=33.5648 comm_avg_ms=0.053420 comm_min_ms=0.051228 comm_max_ms=0.058486 comm_var_ms=0.000001625 total_avg_ms=0.095882 total_min_ms=0.092188 total_max_ms=0.100470 total_var_ms=0.000002593 effective_gflops=21.592778
[ERROR CHECKING] OK!

--- P=4 rep=1/3 driver=spmv_rcm_nccl_cusparse ---
Loaded ../matrices/webbase-1M.mtx: 1000005 x 1000005, 3105536 nnz
RESULT comm=rcm_nccl kernel=cusparse matrix=webbase-1M.mtx P=4 rank=0 nrows_local=314527 ncols_global=1000005 nnz_local=776384 n_ghost=13282 compute_avg_ms=0.035089 compute_min_ms=0.033792 compute_max_ms=0.036864 compute_var_ms=0.000000345 compute_gflops=44.252188 eff_bw_gbs=286.087057 pct_peak_bw=30.6592 comm_avg_ms=0.076479 comm_min_ms=0.073529 comm_max_ms=0.080435 comm_var_ms=0.000002448 total_avg_ms=0.111568 total_min_ms=0.108345 total_max_ms=0.115580 total_var_ms=0.000002943 effective_gflops=13.917720
RESULT comm=rcm_nccl kernel=cusparse matrix=webbase-1M.mtx P=4 rank=1 nrows_local=323249 ncols_global=1000005 nnz_local=776384 n_ghost=23720 compute_avg_ms=0.035123 compute_min_ms=0.034816 compute_max_ms=0.035840 compute_var_ms=0.000000220 compute_gflops=44.209183 eff_bw_gbs=289.977673 pct_peak_bw=31.0761 comm_avg_ms=0.085887 comm_min_ms=0.082627 comm_max_ms=0.090032 comm_var_ms=0.000003395 total_avg_ms=0.121011 total_min_ms=0.117443 total_max_ms=0.124848 total_var_ms=0.000003260 effective_gflops=12.831673
RESULT comm=rcm_nccl kernel=cusparse matrix=webbase-1M.mtx P=4 rank=2 nrows_local=201405 ncols_global=1000005 nnz_local=776385 n_ghost=30233 compute_avg_ms=0.040380 compute_min_ms=0.031744 compute_max_ms=0.266240 compute_var_ms=0.001759418 compute_gflops=38.454192 eff_bw_gbs=216.665027 pct_peak_bw=23.2194 comm_avg_ms=0.103527 comm_min_ms=0.100793 comm_max_ms=0.107243 comm_var_ms=0.000002228 total_avg_ms=0.143907 total_min_ms=0.133561 total_max_ms=0.369753 total_var_ms=0.001761817 effective_gflops=10.790101
RESULT comm=rcm_nccl kernel=cusparse matrix=webbase-1M.mtx P=4 rank=3 nrows_local=160824 ncols_global=1000005 nnz_local=776383 n_ghost=16904 compute_avg_ms=0.033075 compute_min_ms=0.031744 compute_max_ms=0.034816 compute_var_ms=0.000000570 compute_gflops=46.946534 eff_bw_gbs=248.179058 pct_peak_bw=26.5967 comm_avg_ms=0.074546 comm_min_ms=0.071640 comm_max_ms=0.077584 comm_var_ms=0.000002535 total_avg_ms=0.107621 total_min_ms=0.103384 total_max_ms=0.111376 total_var_ms=0.000003825 effective_gflops=14.428059
[ERROR CHECKING] OK!

--- P=1 rep=2/3 driver=spmv_rcm_nccl_cusparse ---
Loaded ../matrices/webbase-1M.mtx: 1000005 x 1000005, 3105536 nnz
RESULT comm=rcm_nccl kernel=cusparse matrix=webbase-1M.mtx P=1 rank=0 nrows_local=1000005 ncols_global=1000005 nnz_local=3105536 n_ghost=0 compute_avg_ms=0.076254 compute_min_ms=0.074752 compute_max_ms=0.077824 compute_var_ms=0.000000471 compute_gflops=81.452548 eff_bw_gbs=483.180094 pct_peak_bw=51.7811 comm_avg_ms=0.000995 comm_min_ms=0.000963 comm_max_ms=0.001297 comm_var_ms=0.000000003 total_avg_ms=0.077248 total_min_ms=0.075725 total_max_ms=0.078798 total_var_ms=0.000000446 effective_gflops=80.403923
[ERROR CHECKING] OK!

--- P=2 rep=2/3 driver=spmv_rcm_nccl_cusparse ---
Loaded ../matrices/webbase-1M.mtx: 1000005 x 1000005, 3105536 nnz
RESULT comm=rcm_nccl kernel=cusparse matrix=webbase-1M.mtx P=2 rank=1 nrows_local=362229 ncols_global=1000005 nnz_local=1552768 n_ghost=13862 compute_avg_ms=0.047104 compute_min_ms=0.046080 compute_max_ms=0.048128 compute_var_ms=0.000000419 compute_gflops=65.929346 eff_bw_gbs=357.174415 pct_peak_bw=38.2774 comm_avg_ms=0.060186 comm_min_ms=0.057925 comm_max_ms=0.062537 comm_var_ms=0.000001266 total_avg_ms=0.107290 total_min_ms=0.105021 total_max_ms=0.110665 total_var_ms=0.000001946 effective_gflops=28.945305
RESULT comm=rcm_nccl kernel=cusparse matrix=webbase-1M.mtx P=2 rank=0 nrows_local=637776 ncols_global=1000005 nnz_local=1552768 n_ghost=17998 compute_avg_ms=0.050517 compute_min_ms=0.049152 compute_max_ms=0.052224 compute_var_ms=0.000000443 compute_gflops=61.474664 eff_bw_gbs=398.822566 pct_peak_bw=42.7408 comm_avg_ms=0.056513 comm_min_ms=0.055177 comm_max_ms=0.061659 comm_var_ms=0.000001317 total_avg_ms=0.107030 total_min_ms=0.105335 total_max_ms=0.111835 total_var_ms=0.000001656 effective_gflops=29.015440
[ERROR CHECKING] OK!

--- P=3 rep=2/3 driver=spmv_rcm_nccl_cusparse ---
Loaded ../matrices/webbase-1M.mtx: 1000005 x 1000005, 3105536 nnz
RESULT comm=rcm_nccl kernel=cusparse matrix=webbase-1M.mtx P=3 rank=1 nrows_local=338743 ncols_global=1000005 nnz_local=1035179 n_ghost=25634 compute_avg_ms=0.040380 compute_min_ms=0.038912 compute_max_ms=0.041984 compute_var_ms=0.000000467 compute_gflops=51.272207 eff_bw_gbs=308.295458 pct_peak_bw=33.0392 comm_avg_ms=0.066589 comm_min_ms=0.064536 comm_max_ms=0.072307 comm_var_ms=0.000002838 total_avg_ms=0.106969 total_min_ms=0.104245 total_max_ms=0.112243 total_var_ms=0.000003594 effective_gflops=19.354742
RESULT comm=rcm_nccl kernel=cusparse matrix=webbase-1M.mtx P=3 rank=2 nrows_local=248610 ncols_global=1000005 nnz_local=1035178 n_ghost=17036 compute_avg_ms=0.039390 compute_min_ms=0.037888 compute_max_ms=0.041984 compute_var_ms=0.000000680 compute_gflops=52.560626 eff_bw_gbs=287.710859 pct_peak_bw=30.8332 comm_avg_ms=0.108801 comm_min_ms=0.071125 comm_max_ms=1.098545 comm_var_ms=0.033784101 total_avg_ms=0.148191 total_min_ms=0.110242 total_max_ms=1.140529 total_var_ms=0.033962860 effective_gflops=13.970837
RESULT comm=rcm_nccl kernel=cusparse matrix=webbase-1M.mtx P=3 rank=0 nrows_local=412652 ncols_global=1000005 nnz_local=1035179 n_ghost=16451 compute_avg_ms=0.041950 compute_min_ms=0.040960 compute_max_ms=0.043008 compute_var_ms=0.000000523 compute_gflops=49.353149 eff_bw_gbs=317.022801 pct_peak_bw=33.9745 comm_avg_ms=0.051248 comm_min_ms=0.049414 comm_max_ms=0.053316 comm_var_ms=0.000000935 total_avg_ms=0.093198 total_min_ms=0.090618 total_max_ms=0.095824 total_var_ms=0.000001659 effective_gflops=22.214682
[ERROR CHECKING] OK!

--- P=4 rep=2/3 driver=spmv_rcm_nccl_cusparse ---
Loaded ../matrices/webbase-1M.mtx: 1000005 x 1000005, 3105536 nnz
RESULT comm=rcm_nccl kernel=cusparse matrix=webbase-1M.mtx P=4 rank=0 nrows_local=314527 ncols_global=1000005 nnz_local=776384 n_ghost=13282 compute_avg_ms=0.035089 compute_min_ms=0.033792 compute_max_ms=0.035840 compute_var_ms=0.000000415 compute_gflops=44.252188 eff_bw_gbs=286.087057 pct_peak_bw=30.6592 comm_avg_ms=0.076560 comm_min_ms=0.069931 comm_max_ms=0.141845 comm_var_ms=0.000152185 total_avg_ms=0.111649 total_min_ms=0.105771 total_max_ms=0.177685 total_var_ms=0.000154896 effective_gflops=13.907535
RESULT comm=rcm_nccl kernel=cusparse matrix=webbase-1M.mtx P=4 rank=1 nrows_local=323249 ncols_global=1000005 nnz_local=776384 n_ghost=23720 compute_avg_ms=0.035328 compute_min_ms=0.034816 compute_max_ms=0.036864 compute_var_ms=0.000000332 compute_gflops=43.952898 eff_bw_gbs=288.296642 pct_peak_bw=30.8960 comm_avg_ms=0.087343 comm_min_ms=0.083647 comm_max_ms=0.103580 comm_var_ms=0.000011209 total_avg_ms=0.122671 total_min_ms=0.119487 total_max_ms=0.138396 total_var_ms=0.000010471 effective_gflops=12.658001
RESULT comm=rcm_nccl kernel=cusparse matrix=webbase-1M.mtx P=4 rank=2 nrows_local=201405 ncols_global=1000005 nnz_local=776385 n_ghost=30233 compute_avg_ms=0.032393 compute_min_ms=0.031744 compute_max_ms=0.032768 compute_var_ms=0.000000244 compute_gflops=47.936047 eff_bw_gbs=270.089282 pct_peak_bw=28.9448 comm_avg_ms=0.106897 comm_min_ms=0.101791 comm_max_ms=0.141401 comm_var_ms=0.000046441 total_avg_ms=0.139290 total_min_ms=0.133535 total_max_ms=0.173145 total_var_ms=0.000045500 effective_gflops=11.147752
RESULT comm=rcm_nccl kernel=cusparse matrix=webbase-1M.mtx P=4 rank=3 nrows_local=160824 ncols_global=1000005 nnz_local=776383 n_ghost=16904 compute_avg_ms=0.033246 compute_min_ms=0.031744 compute_max_ms=0.034816 compute_var_ms=0.000000680 compute_gflops=46.705535 eff_bw_gbs=246.905038 pct_peak_bw=26.4602 comm_avg_ms=0.074628 comm_min_ms=0.071842 comm_max_ms=0.078823 comm_var_ms=0.000002377 total_avg_ms=0.107874 total_min_ms=0.105612 total_max_ms=0.113639 total_var_ms=0.000003624 effective_gflops=14.394323
[ERROR CHECKING] OK!

--- P=1 rep=3/3 driver=spmv_rcm_nccl_cusparse ---
Loaded ../matrices/webbase-1M.mtx: 1000005 x 1000005, 3105536 nnz
RESULT comm=rcm_nccl kernel=cusparse matrix=webbase-1M.mtx P=1 rank=0 nrows_local=1000005 ncols_global=1000005 nnz_local=3105536 n_ghost=0 compute_avg_ms=0.076732 compute_min_ms=0.074752 compute_max_ms=0.077824 compute_var_ms=0.000000694 compute_gflops=80.945283 eff_bw_gbs=480.170974 pct_peak_bw=51.4587 comm_avg_ms=0.000992 comm_min_ms=0.000970 comm_max_ms=0.001029 comm_var_ms=0.000000000 total_avg_ms=0.077723 total_min_ms=0.075727 total_max_ms=0.078830 total_var_ms=0.000000691 effective_gflops=79.912474
[ERROR CHECKING] OK!

--- P=2 rep=3/3 driver=spmv_rcm_nccl_cusparse ---
Loaded ../matrices/webbase-1M.mtx: 1000005 x 1000005, 3105536 nnz
RESULT comm=rcm_nccl kernel=cusparse matrix=webbase-1M.mtx P=2 rank=1 nrows_local=362229 ncols_global=1000005 nnz_local=1552768 n_ghost=13862 compute_avg_ms=0.046797 compute_min_ms=0.046080 compute_max_ms=0.048128 compute_var_ms=0.000000570 compute_gflops=66.362143 eff_bw_gbs=359.519105 pct_peak_bw=38.5287 comm_avg_ms=0.060496 comm_min_ms=0.058518 comm_max_ms=0.062651 comm_var_ms=0.000001209 total_avg_ms=0.107293 total_min_ms=0.105376 total_max_ms=0.109892 total_var_ms=0.000001472 effective_gflops=28.944379
RESULT comm=rcm_nccl kernel=cusparse matrix=webbase-1M.mtx P=2 rank=0 nrows_local=637776 ncols_global=1000005 nnz_local=1552768 n_ghost=17998 compute_avg_ms=0.050483 compute_min_ms=0.049152 compute_max_ms=0.051200 compute_var_ms=0.000000430 compute_gflops=61.516229 eff_bw_gbs=399.092222 pct_peak_bw=42.7697 comm_avg_ms=0.056470 comm_min_ms=0.054286 comm_max_ms=0.063112 comm_var_ms=0.000002452 total_avg_ms=0.106953 total_min_ms=0.103438 total_max_ms=0.114312 total_var_ms=0.000003401 effective_gflops=29.036501
[ERROR CHECKING] OK!

--- P=3 rep=3/3 driver=spmv_rcm_nccl_cusparse ---
Loaded ../matrices/webbase-1M.mtx: 1000005 x 1000005, 3105536 nnz
RESULT comm=rcm_nccl kernel=cusparse matrix=webbase-1M.mtx P=3 rank=1 nrows_local=338743 ncols_global=1000005 nnz_local=1035179 n_ghost=25634 compute_avg_ms=0.040141 compute_min_ms=0.038912 compute_max_ms=0.040960 compute_var_ms=0.000000238 compute_gflops=51.577399 eff_bw_gbs=310.130551 pct_peak_bw=33.2359 comm_avg_ms=0.066486 comm_min_ms=0.064058 comm_max_ms=0.071912 comm_var_ms=0.000002113 total_avg_ms=0.106627 total_min_ms=0.103994 total_max_ms=0.111848 total_var_ms=0.000002262 effective_gflops=19.416857
RESULT comm=rcm_nccl kernel=cusparse matrix=webbase-1M.mtx P=3 rank=2 nrows_local=248610 ncols_global=1000005 nnz_local=1035178 n_ghost=17036 compute_avg_ms=0.039287 compute_min_ms=0.037888 compute_max_ms=0.040960 compute_var_ms=0.000000593 compute_gflops=52.697622 eff_bw_gbs=288.460757 pct_peak_bw=30.9136 comm_avg_ms=0.080689 comm_min_ms=0.073571 comm_max_ms=0.174591 comm_var_ms=0.000309692 total_avg_ms=0.119977 total_min_ms=0.112483 total_max_ms=0.215551 total_var_ms=0.000320532 effective_gflops=17.256327
RESULT comm=rcm_nccl kernel=cusparse matrix=webbase-1M.mtx P=3 rank=0 nrows_local=412652 ncols_global=1000005 nnz_local=1035179 n_ghost=16451 compute_avg_ms=0.042155 compute_min_ms=0.040960 compute_max_ms=0.043008 compute_var_ms=0.000000285 compute_gflops=49.113377 eff_bw_gbs=315.482608 pct_peak_bw=33.8094 comm_avg_ms=0.081341 comm_min_ms=0.049845 comm_max_ms=0.842152 comm_var_ms=0.020238584 total_avg_ms=0.123496 total_min_ms=0.091829 total_max_ms=0.884136 total_var_ms=0.020229025 effective_gflops=16.764621
[ERROR CHECKING] OK!

--- P=4 rep=3/3 driver=spmv_rcm_nccl_cusparse ---
Loaded ../matrices/webbase-1M.mtx: 1000005 x 1000005, 3105536 nnz
RESULT comm=rcm_nccl kernel=cusparse matrix=webbase-1M.mtx P=4 rank=0 nrows_local=314527 ncols_global=1000005 nnz_local=776384 n_ghost=13282 compute_avg_ms=0.034782 compute_min_ms=0.033792 compute_max_ms=0.035840 compute_var_ms=0.000000104 compute_gflops=44.643032 eff_bw_gbs=288.613832 pct_peak_bw=30.9300 comm_avg_ms=0.077351 comm_min_ms=0.074778 comm_max_ms=0.080183 comm_var_ms=0.000001951 total_avg_ms=0.112133 total_min_ms=0.109594 total_max_ms=0.114999 total_var_ms=0.000001921 effective_gflops=13.847597
RESULT comm=rcm_nccl kernel=cusparse matrix=webbase-1M.mtx P=4 rank=1 nrows_local=323249 ncols_global=1000005 nnz_local=776384 n_ghost=23720 compute_avg_ms=0.034918 compute_min_ms=0.033792 compute_max_ms=0.035840 compute_var_ms=0.000000304 compute_gflops=44.468474 eff_bw_gbs=291.678422 pct_peak_bw=31.2584 comm_avg_ms=0.088766 comm_min_ms=0.085227 comm_max_ms=0.091515 comm_var_ms=0.000002765 total_avg_ms=0.123684 total_min_ms=0.120043 total_max_ms=0.126331 total_var_ms=0.000002876 effective_gflops=12.554326
RESULT comm=rcm_nccl kernel=cusparse matrix=webbase-1M.mtx P=4 rank=2 nrows_local=201405 ncols_global=1000005 nnz_local=776385 n_ghost=30233 compute_avg_ms=0.032631 compute_min_ms=0.031744 compute_max_ms=0.033792 compute_var_ms=0.000000261 compute_gflops=47.585051 eff_bw_gbs=268.111640 pct_peak_bw=28.7328 comm_avg_ms=0.103722 comm_min_ms=0.101029 comm_max_ms=0.108514 comm_var_ms=0.000003507 total_avg_ms=0.136353 total_min_ms=0.132773 total_max_ms=0.141282 total_var_ms=0.000004446 effective_gflops=11.387852
RESULT comm=rcm_nccl kernel=cusparse matrix=webbase-1M.mtx P=4 rank=3 nrows_local=160824 ncols_global=1000005 nnz_local=776383 n_ghost=16904 compute_avg_ms=0.033143 compute_min_ms=0.031744 compute_max_ms=0.034816 compute_var_ms=0.000000453 compute_gflops=46.849837 eff_bw_gbs=247.667876 pct_peak_bw=26.5419 comm_avg_ms=0.077259 comm_min_ms=0.075120 comm_max_ms=0.079559 comm_var_ms=0.000001187 total_avg_ms=0.110402 total_min_ms=0.107521 total_max_ms=0.113351 total_var_ms=0.000002050 effective_gflops=14.064621
[ERROR CHECKING] OK!

=== Job done ===
