=== D2_final intelligent-partitioning (RCM, cuSPARSE) small-matrix check ===
Node:     edu01
Date:     Thu Jul 23 01:54:57 PM CEST 2026
Matrix:   ../matrices/parabolic_fem.mtx
Reps:     3

--- P=1 rep=1/3 driver=spmv_rcm_nccl_cusparse ---
Loaded ../matrices/parabolic_fem.mtx: 525825 x 525825, 3674625 nnz
RESULT comm=rcm_nccl kernel=cusparse matrix=parabolic_fem.mtx P=1 rank=0 nrows_local=525825 ncols_global=525825 nnz_local=3674625 n_ghost=0 compute_avg_ms=0.074001 compute_min_ms=0.072704 compute_max_ms=0.075776 compute_var_ms=0.000000555 compute_gflops=99.312754 eff_bw_gbs=482.518757 pct_peak_bw=51.7103 comm_avg_ms=0.000998 comm_min_ms=0.000971 comm_max_ms=0.001061 comm_var_ms=0.000000000 total_avg_ms=0.074999 total_min_ms=0.073681 total_max_ms=0.076764 total_var_ms=0.000000562 effective_gflops=97.990737
[ERROR CHECKING] OK!

--- P=2 rep=1/3 driver=spmv_rcm_nccl_cusparse ---
Loaded ../matrices/parabolic_fem.mtx: 525825 x 525825, 3674625 nnz
RESULT comm=rcm_nccl kernel=cusparse matrix=parabolic_fem.mtx P=2 rank=0 nrows_local=262913 ncols_global=525825 nnz_local=1837316 n_ghost=514 compute_avg_ms=0.048879 compute_min_ms=0.048128 compute_max_ms=0.050176 compute_var_ms=0.000000345 compute_gflops=75.178234 eff_bw_gbs=365.301415 pct_peak_bw=39.1484 comm_avg_ms=0.036476 comm_min_ms=0.035212 comm_max_ms=0.038445 comm_var_ms=0.000000443 total_avg_ms=0.085355 total_min_ms=0.083795 total_max_ms=0.087662 total_var_ms=0.000000921 effective_gflops=43.051078
RESULT comm=rcm_nccl kernel=cusparse matrix=parabolic_fem.mtx P=2 rank=1 nrows_local=262912 ncols_global=525825 nnz_local=1837309 n_ghost=514 compute_avg_ms=0.048742 compute_min_ms=0.048128 compute_max_ms=0.050176 compute_var_ms=0.000000391 compute_gflops=75.388530 eff_bw_gbs=366.323273 pct_peak_bw=39.2579 comm_avg_ms=0.035816 comm_min_ms=0.034576 comm_max_ms=0.038255 comm_var_ms=0.000000463 total_avg_ms=0.084558 total_min_ms=0.082994 total_max_ms=0.087407 total_var_ms=0.000000943 effective_gflops=43.456637
[ERROR CHECKING] OK!

--- P=3 rep=1/3 driver=spmv_rcm_nccl_cusparse ---
Loaded ../matrices/parabolic_fem.mtx: 525825 x 525825, 3674625 nnz
RESULT comm=rcm_nccl kernel=cusparse matrix=parabolic_fem.mtx P=3 rank=0 nrows_local=175324 ncols_global=525825 nnz_local=1224877 n_ghost=514 compute_avg_ms=0.039663 compute_min_ms=0.038912 compute_max_ms=0.040960 compute_var_ms=0.000000275 compute_gflops=61.764320 eff_bw_gbs=300.153404 pct_peak_bw=32.1666 comm_avg_ms=0.033321 comm_min_ms=0.031460 comm_max_ms=0.047700 comm_var_ms=0.000007626 total_avg_ms=0.072984 total_min_ms=0.071287 total_max_ms=0.086612 total_var_ms=0.000007209 effective_gflops=33.565846
RESULT comm=rcm_nccl kernel=cusparse matrix=parabolic_fem.mtx P=3 rank=1 nrows_local=175178 ncols_global=525825 nnz_local=1224878 n_ghost=1028 compute_avg_ms=0.039561 compute_min_ms=0.038912 compute_max_ms=0.039936 compute_var_ms=0.000000244 compute_gflops=61.924243 eff_bw_gbs=300.938219 pct_peak_bw=32.2508 comm_avg_ms=0.038668 comm_min_ms=0.036185 comm_max_ms=0.059713 comm_var_ms=0.000023474 total_avg_ms=0.078229 total_min_ms=0.075600 total_max_ms=0.098625 total_var_ms=0.000022138 effective_gflops=31.315191
RESULT comm=rcm_nccl kernel=cusparse matrix=parabolic_fem.mtx P=3 rank=2 nrows_local=175323 ncols_global=525825 nnz_local=1224870 n_ghost=514 compute_avg_ms=0.038912 compute_min_ms=0.037888 compute_max_ms=0.039936 compute_var_ms=0.000000280 compute_gflops=62.955902 eff_bw_gbs=305.944089 pct_peak_bw=32.7872 comm_avg_ms=0.033171 comm_min_ms=0.032325 comm_max_ms=0.038352 comm_var_ms=0.000001191 total_avg_ms=0.072083 total_min_ms=0.070420 total_max_ms=0.076240 total_var_ms=0.000001025 effective_gflops=33.985163
[ERROR CHECKING] OK!

--- P=4 rep=1/3 driver=spmv_rcm_nccl_cusparse ---
Loaded ../matrices/parabolic_fem.mtx: 525825 x 525825, 3674625 nnz
RESULT comm=rcm_nccl kernel=cusparse matrix=parabolic_fem.mtx P=4 rank=0 nrows_local=131530 ncols_global=525825 nnz_local=918660 n_ghost=514 compute_avg_ms=0.034065 compute_min_ms=0.033792 compute_max_ms=0.034816 compute_var_ms=0.000000205 compute_gflops=53.935605 eff_bw_gbs=262.136575 pct_peak_bw=28.0925 comm_avg_ms=0.036954 comm_min_ms=0.035493 comm_max_ms=0.041620 comm_var_ms=0.000001551 total_avg_ms=0.071019 total_min_ms=0.069285 total_max_ms=0.075412 total_var_ms=0.000001580 effective_gflops=25.870969
RESULT comm=rcm_nccl kernel=cusparse matrix=parabolic_fem.mtx P=4 rank=1 nrows_local=131383 ncols_global=525825 nnz_local=918656 n_ghost=1027 compute_avg_ms=0.034611 compute_min_ms=0.033792 compute_max_ms=0.035840 compute_var_ms=0.000000308 compute_gflops=53.084319 eff_bw_gbs=258.007693 pct_peak_bw=27.6500 comm_avg_ms=0.039084 comm_min_ms=0.036828 comm_max_ms=0.053359 comm_var_ms=0.000008524 total_avg_ms=0.073696 total_min_ms=0.070726 total_max_ms=0.088175 total_var_ms=0.000009353 effective_gflops=24.931129
RESULT comm=rcm_nccl kernel=cusparse matrix=parabolic_fem.mtx P=4 rank=2 nrows_local=131383 ncols_global=525825 nnz_local=918656 n_ghost=1027 compute_avg_ms=0.033929 compute_min_ms=0.032768 compute_max_ms=0.036864 compute_var_ms=0.000000541 compute_gflops=54.152414 eff_bw_gbs=263.198996 pct_peak_bw=28.2063 comm_avg_ms=0.038179 comm_min_ms=0.035454 comm_max_ms=0.042179 comm_var_ms=0.000001354 total_avg_ms=0.072107 total_min_ms=0.069246 total_max_ms=0.076995 total_var_ms=0.000001957 effective_gflops=25.480273
RESULT comm=rcm_nccl kernel=cusparse matrix=parabolic_fem.mtx P=4 rank=3 nrows_local=131529 ncols_global=525825 nnz_local=918653 n_ghost=514 compute_avg_ms=0.034338 compute_min_ms=0.033792 compute_max_ms=0.035840 compute_var_ms=0.000000331 compute_gflops=53.506286 eff_bw_gbs=260.050009 pct_peak_bw=27.8689 comm_avg_ms=0.036777 comm_min_ms=0.034995 comm_max_ms=0.046682 comm_var_ms=0.000004318 total_avg_ms=0.071115 total_min_ms=0.068817 total_max_ms=0.081498 total_var_ms=0.000004662 effective_gflops=25.835654
[ERROR CHECKING] OK!

--- P=1 rep=2/3 driver=spmv_rcm_nccl_cusparse ---
Loaded ../matrices/parabolic_fem.mtx: 525825 x 525825, 3674625 nnz
RESULT comm=rcm_nccl kernel=cusparse matrix=parabolic_fem.mtx P=1 rank=0 nrows_local=525825 ncols_global=525825 nnz_local=3674625 n_ghost=0 compute_avg_ms=0.074035 compute_min_ms=0.072704 compute_max_ms=0.074752 compute_var_ms=0.000000360 compute_gflops=99.266967 eff_bw_gbs=482.296295 pct_peak_bw=51.6864 comm_avg_ms=0.000981 comm_min_ms=0.000949 comm_max_ms=0.001038 comm_var_ms=0.000000001 total_avg_ms=0.075017 total_min_ms=0.073672 total_max_ms=0.075775 total_var_ms=0.000000354 effective_gflops=97.968443
[ERROR CHECKING] OK!

--- P=2 rep=2/3 driver=spmv_rcm_nccl_cusparse ---
Loaded ../matrices/parabolic_fem.mtx: 525825 x 525825, 3674625 nnz
RESULT comm=rcm_nccl kernel=cusparse matrix=parabolic_fem.mtx P=2 rank=0 nrows_local=262913 ncols_global=525825 nnz_local=1837316 n_ghost=514 compute_avg_ms=0.048640 compute_min_ms=0.048128 compute_max_ms=0.049152 compute_var_ms=0.000000262 compute_gflops=75.547530 eff_bw_gbs=367.095876 pct_peak_bw=39.3407 comm_avg_ms=0.036654 comm_min_ms=0.034850 comm_max_ms=0.039054 comm_var_ms=0.000000710 total_avg_ms=0.085294 total_min_ms=0.083580 total_max_ms=0.087182 total_var_ms=0.000000828 effective_gflops=43.081732
RESULT comm=rcm_nccl kernel=cusparse matrix=parabolic_fem.mtx P=2 rank=1 nrows_local=262912 ncols_global=525825 nnz_local=1837309 n_ghost=514 compute_avg_ms=0.048913 compute_min_ms=0.048128 compute_max_ms=0.049152 compute_var_ms=0.000000188 compute_gflops=75.125485 eff_bw_gbs=365.045102 pct_peak_bw=39.1209 comm_avg_ms=0.035988 comm_min_ms=0.035107 comm_max_ms=0.039151 comm_var_ms=0.000000529 total_avg_ms=0.084901 total_min_ms=0.083486 total_max_ms=0.088303 total_var_ms=0.000000697 effective_gflops=43.281226
[ERROR CHECKING] OK!

--- P=3 rep=2/3 driver=spmv_rcm_nccl_cusparse ---
Loaded ../matrices/parabolic_fem.mtx: 525825 x 525825, 3674625 nnz
RESULT comm=rcm_nccl kernel=cusparse matrix=parabolic_fem.mtx P=3 rank=0 nrows_local=175324 ncols_global=525825 nnz_local=1224877 n_ghost=514 compute_avg_ms=0.039083 compute_min_ms=0.037888 compute_max_ms=0.039936 compute_var_ms=0.000000216 compute_gflops=62.681345 eff_bw_gbs=304.609831 pct_peak_bw=32.6442 comm_avg_ms=0.032899 comm_min_ms=0.032443 comm_max_ms=0.033618 comm_var_ms=0.000000119 total_avg_ms=0.071982 total_min_ms=0.071355 total_max_ms=0.073307 total_var_ms=0.000000220 effective_gflops=34.032917
RESULT comm=rcm_nccl kernel=cusparse matrix=parabolic_fem.mtx P=3 rank=1 nrows_local=175178 ncols_global=525825 nnz_local=1224878 n_ghost=1028 compute_avg_ms=0.039868 compute_min_ms=0.038912 compute_max_ms=0.041984 compute_var_ms=0.000000485 compute_gflops=61.447087 eff_bw_gbs=298.619345 pct_peak_bw=32.0022 comm_avg_ms=0.038642 comm_min_ms=0.036585 comm_max_ms=0.067769 comm_var_ms=0.000029972 total_avg_ms=0.078510 total_min_ms=0.075497 total_max_ms=0.107705 total_var_ms=0.000031073 effective_gflops=31.203294
RESULT comm=rcm_nccl kernel=cusparse matrix=parabolic_fem.mtx P=3 rank=2 nrows_local=175323 ncols_global=525825 nnz_local=1224870 n_ghost=514 compute_avg_ms=0.039014 compute_min_ms=0.037888 compute_max_ms=0.039936 compute_var_ms=0.000000234 compute_gflops=62.790664 eff_bw_gbs=305.141087 pct_peak_bw=32.7012 comm_avg_ms=0.033452 comm_min_ms=0.031815 comm_max_ms=0.035708 comm_var_ms=0.000000708 total_avg_ms=0.072467 total_min_ms=0.070727 total_max_ms=0.074620 total_var_ms=0.000000895 effective_gflops=33.804952
[ERROR CHECKING] OK!

--- P=4 rep=2/3 driver=spmv_rcm_nccl_cusparse ---
Loaded ../matrices/parabolic_fem.mtx: 525825 x 525825, 3674625 nnz
RESULT comm=rcm_nccl kernel=cusparse matrix=parabolic_fem.mtx P=4 rank=0 nrows_local=131530 ncols_global=525825 nnz_local=918660 n_ghost=514 compute_avg_ms=0.033860 compute_min_ms=0.032768 compute_max_ms=0.034816 compute_var_ms=0.000000135 compute_gflops=54.261829 eff_bw_gbs=263.722079 pct_peak_bw=28.2624 comm_avg_ms=0.037083 comm_min_ms=0.035928 comm_max_ms=0.039398 comm_var_ms=0.000000539 total_avg_ms=0.070943 total_min_ms=0.069679 total_max_ms=0.073190 total_var_ms=0.000000589 effective_gflops=25.898453
RESULT comm=rcm_nccl kernel=cusparse matrix=parabolic_fem.mtx P=4 rank=1 nrows_local=131383 ncols_global=525825 nnz_local=918656 n_ghost=1027 compute_avg_ms=0.034441 compute_min_ms=0.033792 compute_max_ms=0.035840 compute_var_ms=0.000000313 compute_gflops=53.347373 eff_bw_gbs=259.286225 pct_peak_bw=27.7870 comm_avg_ms=0.038348 comm_min_ms=0.036483 comm_max_ms=0.040574 comm_var_ms=0.000001213 total_avg_ms=0.072788 total_min_ms=0.071081 total_max_ms=0.076414 total_var_ms=0.000001462 effective_gflops=25.241801
RESULT comm=rcm_nccl kernel=cusparse matrix=parabolic_fem.mtx P=4 rank=2 nrows_local=131383 ncols_global=525825 nnz_local=918656 n_ghost=1027 compute_avg_ms=0.033860 compute_min_ms=0.032768 compute_max_ms=0.034816 compute_var_ms=0.000000205 compute_gflops=54.261592 eff_bw_gbs=263.729640 pct_peak_bw=28.2632 comm_avg_ms=0.037844 comm_min_ms=0.036072 comm_max_ms=0.039732 comm_var_ms=0.000000655 total_avg_ms=0.071705 total_min_ms=0.069864 total_max_ms=0.073524 total_var_ms=0.000000734 effective_gflops=25.623373
RESULT comm=rcm_nccl kernel=cusparse matrix=parabolic_fem.mtx P=4 rank=3 nrows_local=131529 ncols_global=525825 nnz_local=918653 n_ghost=514 compute_avg_ms=0.033929 compute_min_ms=0.033792 compute_max_ms=0.034816 compute_var_ms=0.000000121 compute_gflops=54.152237 eff_bw_gbs=263.189447 pct_peak_bw=28.2053 comm_avg_ms=0.036209 comm_min_ms=0.034649 comm_max_ms=0.038247 comm_var_ms=0.000000563 total_avg_ms=0.070138 total_min_ms=0.068849 total_max_ms=0.073063 total_var_ms=0.000000683 effective_gflops=26.195748
[ERROR CHECKING] OK!

--- P=1 rep=3/3 driver=spmv_rcm_nccl_cusparse ---
Loaded ../matrices/parabolic_fem.mtx: 525825 x 525825, 3674625 nnz
RESULT comm=rcm_nccl kernel=cusparse matrix=parabolic_fem.mtx P=1 rank=0 nrows_local=525825 ncols_global=525825 nnz_local=3674625 n_ghost=0 compute_avg_ms=0.074035 compute_min_ms=0.072704 compute_max_ms=0.075776 compute_var_ms=0.000000430 compute_gflops=99.266967 eff_bw_gbs=482.296295 pct_peak_bw=51.6864 comm_avg_ms=0.001006 comm_min_ms=0.000968 comm_max_ms=0.001066 comm_var_ms=0.000000001 total_avg_ms=0.075042 total_min_ms=0.073690 total_max_ms=0.076758 total_var_ms=0.000000423 effective_gflops=97.935805
[ERROR CHECKING] OK!

--- P=2 rep=3/3 driver=spmv_rcm_nccl_cusparse ---
Loaded ../matrices/parabolic_fem.mtx: 525825 x 525825, 3674625 nnz
RESULT comm=rcm_nccl kernel=cusparse matrix=parabolic_fem.mtx P=2 rank=0 nrows_local=262913 ncols_global=525825 nnz_local=1837316 n_ghost=514 compute_avg_ms=0.048913 compute_min_ms=0.048128 compute_max_ms=0.050176 compute_var_ms=0.000000257 compute_gflops=75.125772 eff_bw_gbs=365.046493 pct_peak_bw=39.1211 comm_avg_ms=0.036470 comm_min_ms=0.035404 comm_max_ms=0.037645 comm_var_ms=0.000000326 total_avg_ms=0.085383 total_min_ms=0.083922 total_max_ms=0.086797 total_var_ms=0.000000560 effective_gflops=43.036826
RESULT comm=rcm_nccl kernel=cusparse matrix=parabolic_fem.mtx P=2 rank=1 nrows_local=262912 ncols_global=525825 nnz_local=1837309 n_ghost=514 compute_avg_ms=0.048811 compute_min_ms=0.048128 compute_max_ms=0.050176 compute_var_ms=0.000000373 compute_gflops=75.283092 eff_bw_gbs=365.810933 pct_peak_bw=39.2030 comm_avg_ms=0.035946 comm_min_ms=0.034861 comm_max_ms=0.037061 comm_var_ms=0.000000241 total_avg_ms=0.084757 total_min_ms=0.083385 total_max_ms=0.086854 total_var_ms=0.000000833 effective_gflops=43.354930
[ERROR CHECKING] OK!

--- P=3 rep=3/3 driver=spmv_rcm_nccl_cusparse ---
Loaded ../matrices/parabolic_fem.mtx: 525825 x 525825, 3674625 nnz
RESULT comm=rcm_nccl kernel=cusparse matrix=parabolic_fem.mtx P=3 rank=0 nrows_local=175324 ncols_global=525825 nnz_local=1224877 n_ghost=514 compute_avg_ms=0.039390 compute_min_ms=0.038912 compute_max_ms=0.039936 compute_var_ms=0.000000261 compute_gflops=62.192495 eff_bw_gbs=302.234191 pct_peak_bw=32.3896 comm_avg_ms=0.032455 comm_min_ms=0.031752 comm_max_ms=0.033562 comm_var_ms=0.000000237 total_avg_ms=0.071845 total_min_ms=0.070775 total_max_ms=0.073287 total_var_ms=0.000000414 effective_gflops=34.097735
RESULT comm=rcm_nccl kernel=cusparse matrix=parabolic_fem.mtx P=3 rank=1 nrows_local=175178 ncols_global=525825 nnz_local=1224878 n_ghost=1028 compute_avg_ms=0.039390 compute_min_ms=0.038912 compute_max_ms=0.039936 compute_var_ms=0.000000261 compute_gflops=62.192546 eff_bw_gbs=302.242112 pct_peak_bw=32.3905 comm_avg_ms=0.037794 comm_min_ms=0.036025 comm_max_ms=0.061066 comm_var_ms=0.000019209 total_avg_ms=0.077184 total_min_ms=0.074937 total_max_ms=0.101002 total_var_ms=0.000020366 effective_gflops=31.739087
RESULT comm=rcm_nccl kernel=cusparse matrix=parabolic_fem.mtx P=3 rank=2 nrows_local=175323 ncols_global=525825 nnz_local=1224870 n_ghost=514 compute_avg_ms=0.039185 compute_min_ms=0.037888 compute_max_ms=0.039936 compute_var_ms=0.000000275 compute_gflops=62.517186 eff_bw_gbs=303.812076 pct_peak_bw=32.5587 comm_avg_ms=0.032923 comm_min_ms=0.032023 comm_max_ms=0.036340 comm_var_ms=0.000000576 total_avg_ms=0.072108 total_min_ms=0.070709 total_max_ms=0.075252 total_var_ms=0.000000755 effective_gflops=33.972988
[ERROR CHECKING] OK!

--- P=4 rep=3/3 driver=spmv_rcm_nccl_cusparse ---
Loaded ../matrices/parabolic_fem.mtx: 525825 x 525825, 3674625 nnz
RESULT comm=rcm_nccl kernel=cusparse matrix=parabolic_fem.mtx P=4 rank=0 nrows_local=131530 ncols_global=525825 nnz_local=918660 n_ghost=514 compute_avg_ms=0.034509 compute_min_ms=0.033792 compute_max_ms=0.035840 compute_var_ms=0.000000290 compute_gflops=53.242071 eff_bw_gbs=258.765876 pct_peak_bw=27.7313 comm_avg_ms=0.037446 comm_min_ms=0.035084 comm_max_ms=0.040244 comm_var_ms=0.000000784 total_avg_ms=0.071955 total_min_ms=0.069900 total_max_ms=0.075060 total_var_ms=0.000000925 effective_gflops=25.534292
RESULT comm=rcm_nccl kernel=cusparse matrix=parabolic_fem.mtx P=4 rank=1 nrows_local=131383 ncols_global=525825 nnz_local=918656 n_ghost=1027 compute_avg_ms=0.034577 compute_min_ms=0.033792 compute_max_ms=0.035840 compute_var_ms=0.000000257 compute_gflops=53.136722 eff_bw_gbs=258.262390 pct_peak_bw=27.6773 comm_avg_ms=0.038695 comm_min_ms=0.036411 comm_max_ms=0.041357 comm_var_ms=0.000001719 total_avg_ms=0.073272 total_min_ms=0.070775 total_max_ms=0.076173 total_var_ms=0.000001605 effective_gflops=25.075238
RESULT comm=rcm_nccl kernel=cusparse matrix=parabolic_fem.mtx P=4 rank=2 nrows_local=131383 ncols_global=525825 nnz_local=918656 n_ghost=1027 compute_avg_ms=0.033690 compute_min_ms=0.032768 compute_max_ms=0.034816 compute_var_ms=0.000000164 compute_gflops=54.536474 eff_bw_gbs=265.065656 pct_peak_bw=28.4064 comm_avg_ms=0.037646 comm_min_ms=0.036252 comm_max_ms=0.040330 comm_var_ms=0.000000993 total_avg_ms=0.071336 total_min_ms=0.069292 total_max_ms=0.074230 total_var_ms=0.000001517 effective_gflops=25.755856
RESULT comm=rcm_nccl kernel=cusparse matrix=parabolic_fem.mtx P=4 rank=3 nrows_local=131529 ncols_global=525825 nnz_local=918653 n_ghost=514 compute_avg_ms=0.034065 compute_min_ms=0.032768 compute_max_ms=0.034816 compute_var_ms=0.000000345 compute_gflops=53.935194 eff_bw_gbs=262.134579 pct_peak_bw=28.0923 comm_avg_ms=0.036046 comm_min_ms=0.033952 comm_max_ms=0.038671 comm_var_ms=0.000001399 total_avg_ms=0.070111 total_min_ms=0.067088 total_max_ms=0.073487 total_var_ms=0.000001975 effective_gflops=26.205649
[ERROR CHECKING] OK!

=== Job done ===
