=== D2_final intelligent-partitioning (RCM, cuSPARSE) small-matrix check ===
Node:     edu01
Date:     Thu Jul 23 01:47:27 PM CEST 2026
Matrix:   ../matrices/ASIC_680k.mtx
Reps:     3

--- P=1 rep=1/3 driver=spmv_rcm_nccl_cusparse ---
Loaded ../matrices/ASIC_680k.mtx: 682862 x 682862, 3871773 nnz
RESULT comm=rcm_nccl kernel=cusparse matrix=ASIC_680k.mtx P=1 rank=0 nrows_local=682862 ncols_global=682862 nnz_local=3871773 n_ghost=0 compute_avg_ms=0.087108 compute_min_ms=0.086016 compute_max_ms=0.088064 compute_var_ms=0.000000345 compute_gflops=88.895650 eff_bw_gbs=449.653444 pct_peak_bw=48.1882 comm_avg_ms=0.001010 comm_min_ms=0.000958 comm_max_ms=0.001401 comm_var_ms=0.000000009 total_avg_ms=0.088118 total_min_ms=0.086981 total_max_ms=0.089047 total_var_ms=0.000000339 effective_gflops=87.877006
[ERROR CHECKING] OK!

--- P=2 rep=1/3 driver=spmv_rcm_nccl_cusparse ---
Loaded ../matrices/ASIC_680k.mtx: 682862 x 682862, 3871773 nnz
RESULT comm=rcm_nccl kernel=cusparse matrix=ASIC_680k.mtx P=2 rank=1 nrows_local=317619 ncols_global=682862 nnz_local=1935879 n_ghost=365012 compute_avg_ms=0.052190 compute_min_ms=0.051200 compute_max_ms=0.053248 compute_var_ms=0.000000593 compute_gflops=74.186012 eff_bw_gbs=397.749864 pct_peak_bw=42.6258 comm_avg_ms=0.410029 comm_min_ms=0.397856 comm_max_ms=0.417923 comm_var_ms=0.000019486 total_avg_ms=0.462218 total_min_ms=0.450080 total_max_ms=0.469123 total_var_ms=0.000020033 effective_gflops=8.376467
RESULT comm=rcm_nccl kernel=cusparse matrix=ASIC_680k.mtx P=2 rank=0 nrows_local=365243 ncols_global=682862 nnz_local=1935894 n_ghost=244479 compute_avg_ms=0.059870 compute_min_ms=0.058368 compute_max_ms=0.061440 compute_var_ms=0.000000680 compute_gflops=64.670061 eff_bw_gbs=348.221714 pct_peak_bw=37.3180 comm_avg_ms=0.324347 comm_min_ms=0.317689 comm_max_ms=0.336031 comm_var_ms=0.000018413 total_avg_ms=0.384217 total_min_ms=0.378642 total_max_ms=0.396447 total_var_ms=0.000017817 effective_gflops=10.077093
[ERROR CHECKING] OK!

--- P=3 rep=1/3 driver=spmv_rcm_nccl_cusparse ---
Loaded ../matrices/ASIC_680k.mtx: 682862 x 682862, 3871773 nnz
RESULT comm=rcm_nccl kernel=cusparse matrix=ASIC_680k.mtx P=3 rank=0 nrows_local=321351 ncols_global=682862 nnz_local=1290594 n_ghost=133649 compute_avg_ms=0.047138 compute_min_ms=0.046080 compute_max_ms=0.049152 compute_var_ms=0.000000523 compute_gflops=54.757958 eff_bw_gbs=312.179601 pct_peak_bw=33.4555 comm_avg_ms=0.349687 comm_min_ms=0.340947 comm_max_ms=0.368478 comm_var_ms=0.000032797 total_avg_ms=0.396825 total_min_ms=0.388051 total_max_ms=0.415582 total_var_ms=0.000031353 effective_gflops=6.504598
RESULT comm=rcm_nccl kernel=cusparse matrix=ASIC_680k.mtx P=3 rank=1 nrows_local=188265 ncols_global=682862 nnz_local=1290588 n_ghost=346190 compute_avg_ms=0.044885 compute_min_ms=0.044032 compute_max_ms=0.046080 compute_var_ms=0.000000355 compute_gflops=57.506000 eff_bw_gbs=311.207401 pct_peak_bw=33.3513 comm_avg_ms=0.372458 comm_min_ms=0.360776 comm_max_ms=0.389611 comm_var_ms=0.000040066 total_avg_ms=0.417343 total_min_ms=0.404808 total_max_ms=0.434667 total_var_ms=0.000040774 effective_gflops=6.184783
RESULT comm=rcm_nccl kernel=cusparse matrix=ASIC_680k.mtx P=3 rank=2 nrows_local=173246 ncols_global=682862 nnz_local=1290591 n_ghost=509154 compute_avg_ms=0.036454 compute_min_ms=0.035840 compute_max_ms=0.038912 compute_var_ms=0.000000461 compute_gflops=70.805772 eff_bw_gbs=396.119524 pct_peak_bw=42.4511 comm_avg_ms=0.443479 comm_min_ms=0.432885 comm_max_ms=0.458608 comm_var_ms=0.000028754 total_avg_ms=0.479934 total_min_ms=0.469749 total_max_ms=0.495472 total_var_ms=0.000027503 effective_gflops=5.378206
[ERROR CHECKING] OK!

--- P=4 rep=1/3 driver=spmv_rcm_nccl_cusparse ---
Loaded ../matrices/ASIC_680k.mtx: 682862 x 682862, 3871773 nnz
RESULT comm=rcm_nccl kernel=cusparse matrix=ASIC_680k.mtx P=4 rank=0 nrows_local=296679 ncols_global=682862 nnz_local=967944 n_ghost=78370 compute_avg_ms=0.039868 compute_min_ms=0.038912 compute_max_ms=0.040960 compute_var_ms=0.000000205 compute_gflops=48.557766 eff_bw_gbs=291.393150 pct_peak_bw=31.2278 comm_avg_ms=0.371550 comm_min_ms=0.365650 comm_max_ms=0.377175 comm_var_ms=0.000010650 total_avg_ms=0.411417 total_min_ms=0.405586 total_max_ms=0.417111 total_var_ms=0.000011202 effective_gflops=4.705410
RESULT comm=rcm_nccl kernel=cusparse matrix=ASIC_680k.mtx P=4 rank=1 nrows_local=68564 ncols_global=682862 nnz_local=967950 n_ghost=441308 compute_avg_ms=0.039561 compute_min_ms=0.038912 compute_max_ms=0.039936 compute_var_ms=0.000000244 compute_gflops=48.935136 eff_bw_gbs=261.159381 pct_peak_bw=27.9878 comm_avg_ms=0.461676 comm_min_ms=0.452859 comm_max_ms=0.468152 comm_var_ms=0.000011921 total_avg_ms=0.501236 total_min_ms=0.491771 total_max_ms=0.508088 total_var_ms=0.000012580 effective_gflops=3.862251
RESULT comm=rcm_nccl kernel=cusparse matrix=ASIC_680k.mtx P=4 rank=2 nrows_local=251922 ncols_global=682862 nnz_local=967935 n_ghost=128602 compute_avg_ms=0.038775 compute_min_ms=0.037888 compute_max_ms=0.039936 compute_var_ms=0.000000261 compute_gflops=49.925126 eff_bw_gbs=290.930252 pct_peak_bw=31.1782 comm_avg_ms=0.406290 comm_min_ms=0.401556 comm_max_ms=0.411747 comm_var_ms=0.000007735 total_avg_ms=0.445065 total_min_ms=0.440629 total_max_ms=0.450659 total_var_ms=0.000007629 effective_gflops=4.349633
RESULT comm=rcm_nccl kernel=cusparse matrix=ASIC_680k.mtx P=4 rank=3 nrows_local=65697 ncols_global=682862 nnz_local=967944 n_ghost=616703 compute_avg_ms=0.034918 compute_min_ms=0.033792 compute_max_ms=0.035840 compute_var_ms=0.000000234 compute_gflops=55.440340 eff_bw_gbs=314.983842 pct_peak_bw=33.7560 comm_avg_ms=0.685099 comm_min_ms=0.677884 comm_max_ms=0.694904 comm_var_ms=0.000020178 total_avg_ms=0.720017 total_min_ms=0.712700 total_max_ms=0.729720 total_var_ms=0.000020833 effective_gflops=2.688668
[ERROR CHECKING] OK!

--- P=1 rep=2/3 driver=spmv_rcm_nccl_cusparse ---
Loaded ../matrices/ASIC_680k.mtx: 682862 x 682862, 3871773 nnz
RESULT comm=rcm_nccl kernel=cusparse matrix=ASIC_680k.mtx P=1 rank=0 nrows_local=682862 ncols_global=682862 nnz_local=3871773 n_ghost=0 compute_avg_ms=0.086494 compute_min_ms=0.084992 compute_max_ms=0.088064 compute_var_ms=0.000000471 compute_gflops=89.527112 eff_bw_gbs=452.847511 pct_peak_bw=48.5305 comm_avg_ms=0.000925 comm_min_ms=0.000872 comm_max_ms=0.001014 comm_var_ms=0.000000001 total_avg_ms=0.087419 total_min_ms=0.085938 total_max_ms=0.088996 total_var_ms=0.000000471 effective_gflops=88.580006
[ERROR CHECKING] OK!

--- P=2 rep=2/3 driver=spmv_rcm_nccl_cusparse ---
Loaded ../matrices/ASIC_680k.mtx: 682862 x 682862, 3871773 nnz
RESULT comm=rcm_nccl kernel=cusparse matrix=ASIC_680k.mtx P=2 rank=1 nrows_local=317619 ncols_global=682862 nnz_local=1935879 n_ghost=365012 compute_avg_ms=0.052463 compute_min_ms=0.051200 compute_max_ms=0.055296 compute_var_ms=0.000000887 compute_gflops=73.799878 eff_bw_gbs=395.679597 pct_peak_bw=42.4039 comm_avg_ms=0.408710 comm_min_ms=0.402127 comm_max_ms=0.417480 comm_var_ms=0.000011623 total_avg_ms=0.461173 total_min_ms=0.454351 total_max_ms=0.468680 total_var_ms=0.000011469 effective_gflops=8.395456
RESULT comm=rcm_nccl kernel=cusparse matrix=ASIC_680k.mtx P=2 rank=0 nrows_local=365243 ncols_global=682862 nnz_local=1935894 n_ghost=244479 compute_avg_ms=0.059494 compute_min_ms=0.058368 compute_max_ms=0.060416 compute_var_ms=0.000000374 compute_gflops=65.078191 eff_bw_gbs=350.419325 pct_peak_bw=37.5535 comm_avg_ms=0.325565 comm_min_ms=0.317755 comm_max_ms=0.333186 comm_var_ms=0.000010199 total_avg_ms=0.385059 total_min_ms=0.378171 total_max_ms=0.392578 total_var_ms=0.000009976 effective_gflops=10.055042
[ERROR CHECKING] OK!

--- P=3 rep=2/3 driver=spmv_rcm_nccl_cusparse ---
Loaded ../matrices/ASIC_680k.mtx: 682862 x 682862, 3871773 nnz
RESULT comm=rcm_nccl kernel=cusparse matrix=ASIC_680k.mtx P=3 rank=1 nrows_local=188265 ncols_global=682862 nnz_local=1290588 n_ghost=346190 compute_avg_ms=0.044749 compute_min_ms=0.044032 compute_max_ms=0.046080 compute_var_ms=0.000000290 compute_gflops=57.681457 eff_bw_gbs=312.156928 pct_peak_bw=33.4530 comm_avg_ms=0.366303 comm_min_ms=0.337276 comm_max_ms=0.383932 comm_var_ms=0.000117733 total_avg_ms=0.411052 total_min_ms=0.382332 total_max_ms=0.428988 total_var_ms=0.000119950 effective_gflops=6.279437
RESULT comm=rcm_nccl kernel=cusparse matrix=ASIC_680k.mtx P=3 rank=2 nrows_local=173246 ncols_global=682862 nnz_local=1290591 n_ghost=509154 compute_avg_ms=0.036796 compute_min_ms=0.035840 compute_max_ms=0.037888 compute_var_ms=0.000000485 compute_gflops=70.148946 eff_bw_gbs=392.444944 pct_peak_bw=42.0573 comm_avg_ms=0.440360 comm_min_ms=0.429603 comm_max_ms=0.452882 comm_var_ms=0.000029367 total_avg_ms=0.477156 total_min_ms=0.467491 total_max_ms=0.490770 total_var_ms=0.000032257 effective_gflops=5.409519
RESULT comm=rcm_nccl kernel=cusparse matrix=ASIC_680k.mtx P=3 rank=0 nrows_local=321351 ncols_global=682862 nnz_local=1290594 n_ghost=133649 compute_avg_ms=0.047309 compute_min_ms=0.046080 compute_max_ms=0.049152 compute_var_ms=0.000000517 compute_gflops=54.560419 eff_bw_gbs=311.053412 pct_peak_bw=33.3348 comm_avg_ms=0.347069 comm_min_ms=0.339616 comm_max_ms=0.355990 comm_var_ms=0.000018795 total_avg_ms=0.394378 total_min_ms=0.386720 total_max_ms=0.402070 total_var_ms=0.000018963 effective_gflops=6.544967
[ERROR CHECKING] OK!

--- P=4 rep=2/3 driver=spmv_rcm_nccl_cusparse ---
Loaded ../matrices/ASIC_680k.mtx: 682862 x 682862, 3871773 nnz
RESULT comm=rcm_nccl kernel=cusparse matrix=ASIC_680k.mtx P=4 rank=1 nrows_local=68564 ncols_global=682862 nnz_local=967950 n_ghost=441308 compute_avg_ms=0.039356 compute_min_ms=0.037888 compute_max_ms=0.039936 compute_var_ms=0.000000327 compute_gflops=49.189785 eff_bw_gbs=262.518406 pct_peak_bw=28.1334 comm_avg_ms=0.462784 comm_min_ms=0.454706 comm_max_ms=0.477857 comm_var_ms=0.000024252 total_avg_ms=0.502140 total_min_ms=0.493618 total_max_ms=0.517793 total_var_ms=0.000025555 effective_gflops=3.855302
RESULT comm=rcm_nccl kernel=cusparse matrix=ASIC_680k.mtx P=4 rank=2 nrows_local=251922 ncols_global=682862 nnz_local=967935 n_ghost=128602 compute_avg_ms=0.038775 compute_min_ms=0.037888 compute_max_ms=0.039936 compute_var_ms=0.000000261 compute_gflops=49.925126 eff_bw_gbs=290.930252 pct_peak_bw=31.1782 comm_avg_ms=0.405427 comm_min_ms=0.399247 comm_max_ms=0.411741 comm_var_ms=0.000007410 total_avg_ms=0.444203 total_min_ms=0.438159 total_max_ms=0.450021 total_var_ms=0.000007349 effective_gflops=4.358077
RESULT comm=rcm_nccl kernel=cusparse matrix=ASIC_680k.mtx P=4 rank=0 nrows_local=296679 ncols_global=682862 nnz_local=967944 n_ghost=78370 compute_avg_ms=0.039834 compute_min_ms=0.038912 compute_max_ms=0.040960 compute_var_ms=0.000000444 compute_gflops=48.599375 eff_bw_gbs=291.642845 pct_peak_bw=31.2546 comm_avg_ms=0.375077 comm_min_ms=0.369240 comm_max_ms=0.379362 comm_var_ms=0.000007353 total_avg_ms=0.414910 total_min_ms=0.408926 total_max_ms=0.420007 total_var_ms=0.000008502 effective_gflops=4.665801
RESULT comm=rcm_nccl kernel=cusparse matrix=ASIC_680k.mtx P=4 rank=3 nrows_local=65697 ncols_global=682862 nnz_local=967944 n_ghost=616703 compute_avg_ms=0.034748 compute_min_ms=0.033792 compute_max_ms=0.035840 compute_var_ms=0.000000135 compute_gflops=55.712640 eff_bw_gbs=316.530915 pct_peak_bw=33.9218 comm_avg_ms=0.689901 comm_min_ms=0.672473 comm_max_ms=0.706985 comm_var_ms=0.000059474 total_avg_ms=0.724648 total_min_ms=0.706265 total_max_ms=0.742825 total_var_ms=0.000062688 effective_gflops=2.671486
[ERROR CHECKING] OK!

--- P=1 rep=3/3 driver=spmv_rcm_nccl_cusparse ---
Loaded ../matrices/ASIC_680k.mtx: 682862 x 682862, 3871773 nnz
RESULT comm=rcm_nccl kernel=cusparse matrix=ASIC_680k.mtx P=1 rank=0 nrows_local=682862 ncols_global=682862 nnz_local=3871773 n_ghost=0 compute_avg_ms=0.086699 compute_min_ms=0.086016 compute_max_ms=0.088064 compute_var_ms=0.000000443 compute_gflops=89.315630 eff_bw_gbs=451.777792 pct_peak_bw=48.4158 comm_avg_ms=0.001017 comm_min_ms=0.000943 comm_max_ms=0.001810 comm_var_ms=0.000000024 total_avg_ms=0.087715 total_min_ms=0.086960 total_max_ms=0.089124 total_var_ms=0.000000433 effective_gflops=88.280549
[ERROR CHECKING] OK!

--- P=2 rep=3/3 driver=spmv_rcm_nccl_cusparse ---
Loaded ../matrices/ASIC_680k.mtx: 682862 x 682862, 3871773 nnz
RESULT comm=rcm_nccl kernel=cusparse matrix=ASIC_680k.mtx P=2 rank=1 nrows_local=317619 ncols_global=682862 nnz_local=1935879 n_ghost=365012 compute_avg_ms=0.052497 compute_min_ms=0.051200 compute_max_ms=0.056320 compute_var_ms=0.000001044 compute_gflops=73.751893 eff_bw_gbs=395.422328 pct_peak_bw=42.3764 comm_avg_ms=0.412222 comm_min_ms=0.405705 comm_max_ms=0.421090 comm_var_ms=0.000013538 total_avg_ms=0.464719 total_min_ms=0.458654 total_max_ms=0.473341 total_var_ms=0.000012788 effective_gflops=8.331400
RESULT comm=rcm_nccl kernel=cusparse matrix=ASIC_680k.mtx P=2 rank=0 nrows_local=365243 ncols_global=682862 nnz_local=1935894 n_ghost=244479 compute_avg_ms=0.060006 compute_min_ms=0.058368 compute_max_ms=0.061440 compute_var_ms=0.000000531 compute_gflops=64.522916 eff_bw_gbs=347.429400 pct_peak_bw=37.2331 comm_avg_ms=0.330309 comm_min_ms=0.324690 comm_max_ms=0.339497 comm_var_ms=0.000009565 total_avg_ms=0.390316 total_min_ms=0.384082 total_max_ms=0.398889 total_var_ms=0.000010852 effective_gflops=9.919634
[ERROR CHECKING] OK!

--- P=3 rep=3/3 driver=spmv_rcm_nccl_cusparse ---
Loaded ../matrices/ASIC_680k.mtx: 682862 x 682862, 3871773 nnz
RESULT comm=rcm_nccl kernel=cusparse matrix=ASIC_680k.mtx P=3 rank=1 nrows_local=188265 ncols_global=682862 nnz_local=1290588 n_ghost=346190 compute_avg_ms=0.044612 compute_min_ms=0.044032 compute_max_ms=0.046080 compute_var_ms=0.000000397 compute_gflops=57.857988 eff_bw_gbs=313.112267 pct_peak_bw=33.5554 comm_avg_ms=0.351800 comm_min_ms=0.336324 comm_max_ms=0.381394 comm_var_ms=0.000165929 total_avg_ms=0.396412 total_min_ms=0.381223 total_max_ms=0.426450 total_var_ms=0.000166487 effective_gflops=6.511349
RESULT comm=rcm_nccl kernel=cusparse matrix=ASIC_680k.mtx P=3 rank=2 nrows_local=173246 ncols_global=682862 nnz_local=1290591 n_ghost=509154 compute_avg_ms=0.036591 compute_min_ms=0.035840 compute_max_ms=0.037888 compute_var_ms=0.000000415 compute_gflops=70.541571 eff_bw_gbs=394.641465 pct_peak_bw=42.2927 comm_avg_ms=0.436639 comm_min_ms=0.427723 comm_max_ms=0.457985 comm_var_ms=0.000036849 total_avg_ms=0.473230 total_min_ms=0.463563 total_max_ms=0.494849 total_var_ms=0.000038039 effective_gflops=5.454397
RESULT comm=rcm_nccl kernel=cusparse matrix=ASIC_680k.mtx P=3 rank=0 nrows_local=321351 ncols_global=682862 nnz_local=1290594 n_ghost=133649 compute_avg_ms=0.046865 compute_min_ms=0.046080 compute_max_ms=0.048128 compute_var_ms=0.000000397 compute_gflops=55.077014 eff_bw_gbs=313.998565 pct_peak_bw=33.6504 comm_avg_ms=0.343409 comm_min_ms=0.333478 comm_max_ms=0.361264 comm_var_ms=0.000025678 total_avg_ms=0.390274 total_min_ms=0.380582 total_max_ms=0.408368 total_var_ms=0.000027034 effective_gflops=6.613782
[ERROR CHECKING] OK!

--- P=4 rep=3/3 driver=spmv_rcm_nccl_cusparse ---
Loaded ../matrices/ASIC_680k.mtx: 682862 x 682862, 3871773 nnz
RESULT comm=rcm_nccl kernel=cusparse matrix=ASIC_680k.mtx P=4 rank=0 nrows_local=296679 ncols_global=682862 nnz_local=967944 n_ghost=78370 compute_avg_ms=0.039834 compute_min_ms=0.038912 compute_max_ms=0.040960 compute_var_ms=0.000000304 compute_gflops=48.599375 eff_bw_gbs=291.642845 pct_peak_bw=31.2546 comm_avg_ms=0.374877 comm_min_ms=0.367426 comm_max_ms=0.380942 comm_var_ms=0.000009568 total_avg_ms=0.414710 total_min_ms=0.407362 total_max_ms=0.420878 total_var_ms=0.000009870 effective_gflops=4.668051
RESULT comm=rcm_nccl kernel=cusparse matrix=ASIC_680k.mtx P=4 rank=1 nrows_local=68564 ncols_global=682862 nnz_local=967950 n_ghost=441308 compute_avg_ms=0.039526 compute_min_ms=0.037888 compute_max_ms=0.040960 compute_var_ms=0.000000461 compute_gflops=48.977394 eff_bw_gbs=261.384906 pct_peak_bw=28.0119 comm_avg_ms=0.462340 comm_min_ms=0.456417 comm_max_ms=0.469862 comm_var_ms=0.000012592 total_avg_ms=0.501866 total_min_ms=0.495329 total_max_ms=0.508774 total_var_ms=0.000013949 effective_gflops=3.857404
RESULT comm=rcm_nccl kernel=cusparse matrix=ASIC_680k.mtx P=4 rank=2 nrows_local=251922 ncols_global=682862 nnz_local=967935 n_ghost=128602 compute_avg_ms=0.038844 compute_min_ms=0.037888 compute_max_ms=0.039936 compute_var_ms=0.000000275 compute_gflops=49.837384 eff_bw_gbs=290.418952 pct_peak_bw=31.1234 comm_avg_ms=0.407651 comm_min_ms=0.401247 comm_max_ms=0.414767 comm_var_ms=0.000014728 total_avg_ms=0.446495 total_min_ms=0.440159 total_max_ms=0.453679 total_var_ms=0.000015249 effective_gflops=4.335704
RESULT comm=rcm_nccl kernel=cusparse matrix=ASIC_680k.mtx P=4 rank=3 nrows_local=65697 ncols_global=682862 nnz_local=967944 n_ghost=616703 compute_avg_ms=0.034645 compute_min_ms=0.033792 compute_max_ms=0.035840 compute_var_ms=0.000000495 compute_gflops=55.877308 eff_bw_gbs=317.466474 pct_peak_bw=34.0220 comm_avg_ms=0.695858 comm_min_ms=0.687778 comm_max_ms=0.705642 comm_var_ms=0.000016795 total_avg_ms=0.730504 total_min_ms=0.722594 total_max_ms=0.740458 total_var_ms=0.000016963 effective_gflops=2.650073
[ERROR CHECKING] OK!

=== Job done ===
