=== D2_final intelligent-partitioning (RCM, cuSPARSE) small-matrix check ===
Node:     edu01
Date:     Thu Jul 23 01:57:27 PM CEST 2026
Matrix:   ../matrices/thermal2.mtx
Reps:     3

--- P=1 rep=1/3 driver=spmv_rcm_nccl_cusparse ---
Loaded ../matrices/thermal2.mtx: 1228045 x 1228045, 8580313 nnz
RESULT comm=rcm_nccl kernel=cusparse matrix=thermal2.mtx P=1 rank=0 nrows_local=1228045 ncols_global=1228045 nnz_local=8580313 n_ghost=0 compute_avg_ms=0.149333 compute_min_ms=0.148480 compute_max_ms=0.150528 compute_var_ms=0.000000425 compute_gflops=114.914904 eff_bw_gbs=558.341829 pct_peak_bw=59.8360 comm_avg_ms=0.000971 comm_min_ms=0.000945 comm_max_ms=0.001020 comm_var_ms=0.000000000 total_avg_ms=0.150305 total_min_ms=0.149427 total_max_ms=0.151526 total_var_ms=0.000000425 effective_gflops=114.172275
[ERROR CHECKING] OK!

--- P=2 rep=1/3 driver=spmv_rcm_nccl_cusparse ---
Loaded ../matrices/thermal2.mtx: 1228045 x 1228045, 8580313 nnz
RESULT comm=rcm_nccl kernel=cusparse matrix=thermal2.mtx P=2 rank=0 nrows_local=613649 ncols_global=1228045 nnz_local=4290158 n_ghost=589 compute_avg_ms=0.082125 compute_min_ms=0.080896 compute_max_ms=0.083968 compute_var_ms=0.000000308 compute_gflops=104.478991 eff_bw_gbs=507.610527 pct_peak_bw=54.3993 comm_avg_ms=0.037258 comm_min_ms=0.036239 comm_max_ms=0.038942 comm_var_ms=0.000000486 total_avg_ms=0.119382 total_min_ms=0.117829 total_max_ms=0.121374 total_var_ms=0.000000704 effective_gflops=71.872518
RESULT comm=rcm_nccl kernel=cusparse matrix=thermal2.mtx P=2 rank=1 nrows_local=614396 ncols_global=1228045 nnz_local=4290155 n_ghost=645 compute_avg_ms=0.082637 compute_min_ms=0.081920 compute_max_ms=0.083968 compute_var_ms=0.000000430 compute_gflops=103.831588 eff_bw_gbs=504.576374 pct_peak_bw=54.0741 comm_avg_ms=0.036594 comm_min_ms=0.035286 comm_max_ms=0.038717 comm_var_ms=0.000000674 total_avg_ms=0.119231 total_min_ms=0.117206 total_max_ms=0.122079 total_var_ms=0.000001280 effective_gflops=71.963994
[ERROR CHECKING] OK!

--- P=3 rep=1/3 driver=spmv_rcm_nccl_cusparse ---
Loaded ../matrices/thermal2.mtx: 1228045 x 1228045, 8580313 nnz
RESULT comm=rcm_nccl kernel=cusparse matrix=thermal2.mtx P=3 rank=1 nrows_local=408975 ncols_global=1228045 nnz_local=2860102 n_ghost=1231 compute_avg_ms=0.062771 compute_min_ms=0.062464 compute_max_ms=0.063488 compute_var_ms=0.000000220 compute_gflops=91.127844 eff_bw_gbs=442.773828 pct_peak_bw=47.4509 comm_avg_ms=0.037392 comm_min_ms=0.035958 comm_max_ms=0.039591 comm_var_ms=0.000000641 total_avg_ms=0.100163 total_min_ms=0.098791 total_max_ms=0.102055 total_var_ms=0.000000696 effective_gflops=57.108991
RESULT comm=rcm_nccl kernel=cusparse matrix=thermal2.mtx P=3 rank=2 nrows_local=409912 ncols_global=1228045 nnz_local=2860105 n_ghost=645 compute_avg_ms=0.062498 compute_min_ms=0.061440 compute_max_ms=0.063488 compute_var_ms=0.000000313 compute_gflops=91.526095 eff_bw_gbs=444.851183 pct_peak_bw=47.6735 comm_avg_ms=0.034073 comm_min_ms=0.032908 comm_max_ms=0.036393 comm_var_ms=0.000001093 total_avg_ms=0.096571 total_min_ms=0.094411 total_max_ms=0.099859 total_var_ms=0.000001749 effective_gflops=59.233248
RESULT comm=rcm_nccl kernel=cusparse matrix=thermal2.mtx P=3 rank=0 nrows_local=409158 ncols_global=1228045 nnz_local=2860106 n_ghost=599 compute_avg_ms=0.062566 compute_min_ms=0.061440 compute_max_ms=0.063488 compute_var_ms=0.000000304 compute_gflops=91.426262 eff_bw_gbs=444.218375 pct_peak_bw=47.6057 comm_avg_ms=0.033668 comm_min_ms=0.032504 comm_max_ms=0.036340 comm_var_ms=0.000001159 total_avg_ms=0.096235 total_min_ms=0.094043 total_max_ms=0.098804 total_var_ms=0.000001280 effective_gflops=59.440162
[ERROR CHECKING] OK!

--- P=4 rep=1/3 driver=spmv_rcm_nccl_cusparse ---
Loaded ../matrices/thermal2.mtx: 1228045 x 1228045, 8580313 nnz
RESULT comm=rcm_nccl kernel=cusparse matrix=thermal2.mtx P=4 rank=1 nrows_local=306735 ncols_global=1228045 nnz_local=2145076 n_ghost=1214 compute_avg_ms=0.053214 compute_min_ms=0.052224 compute_max_ms=0.054272 compute_var_ms=0.000000313 compute_gflops=80.620942 eff_bw_gbs=391.745414 pct_peak_bw=41.9823 comm_avg_ms=0.039984 comm_min_ms=0.037084 comm_max_ms=0.066032 comm_var_ms=0.000026399 total_avg_ms=0.093198 total_min_ms=0.089833 total_max_ms=0.119280 total_var_ms=0.000027045 effective_gflops=46.032678
RESULT comm=rcm_nccl kernel=cusparse matrix=thermal2.mtx P=4 rank=2 nrows_local=306730 ncols_global=1228045 nnz_local=2145079 n_ghost=1270 compute_avg_ms=0.052736 compute_min_ms=0.052224 compute_max_ms=0.053248 compute_var_ms=0.000000262 compute_gflops=81.351602 eff_bw_gbs=395.298777 pct_peak_bw=42.3631 comm_avg_ms=0.039520 comm_min_ms=0.035555 comm_max_ms=0.066922 comm_var_ms=0.000026918 total_avg_ms=0.092256 total_min_ms=0.088803 total_max_ms=0.120170 total_var_ms=0.000028119 effective_gflops=46.502518
RESULT comm=rcm_nccl kernel=cusparse matrix=thermal2.mtx P=4 rank=3 nrows_local=307666 ncols_global=1228045 nnz_local=2145076 n_ghost=668 compute_avg_ms=0.052975 compute_min_ms=0.052224 compute_max_ms=0.053248 compute_var_ms=0.000000205 compute_gflops=80.984567 eff_bw_gbs=393.681973 pct_peak_bw=42.1899 comm_avg_ms=0.037533 comm_min_ms=0.035462 comm_max_ms=0.042099 comm_var_ms=0.000001528 total_avg_ms=0.090508 total_min_ms=0.088134 total_max_ms=0.095347 total_var_ms=0.000001878 effective_gflops=47.400979
RESULT comm=rcm_nccl kernel=cusparse matrix=thermal2.mtx P=4 rank=0 nrows_local=306914 ncols_global=1228045 nnz_local=2145082 n_ghost=581 compute_avg_ms=0.053282 compute_min_ms=0.052224 compute_max_ms=0.054272 compute_var_ms=0.000000174 compute_gflops=80.517873 eff_bw_gbs=391.237192 pct_peak_bw=41.9279 comm_avg_ms=0.038861 comm_min_ms=0.037070 comm_max_ms=0.066506 comm_var_ms=0.000026846 total_avg_ms=0.092143 total_min_ms=0.089801 total_max_ms=0.119754 total_var_ms=0.000026791 effective_gflops=46.559999
[ERROR CHECKING] OK!

--- P=1 rep=2/3 driver=spmv_rcm_nccl_cusparse ---
Loaded ../matrices/thermal2.mtx: 1228045 x 1228045, 8580313 nnz
RESULT comm=rcm_nccl kernel=cusparse matrix=thermal2.mtx P=1 rank=0 nrows_local=1228045 ncols_global=1228045 nnz_local=8580313 n_ghost=0 compute_avg_ms=0.149129 compute_min_ms=0.147456 compute_max_ms=0.150528 compute_var_ms=0.000000453 compute_gflops=115.072718 eff_bw_gbs=559.108607 pct_peak_bw=59.9182 comm_avg_ms=0.001097 comm_min_ms=0.001037 comm_max_ms=0.001329 comm_var_ms=0.000000003 total_avg_ms=0.150226 total_min_ms=0.148541 total_max_ms=0.151622 total_var_ms=0.000000461 effective_gflops=114.232087
[ERROR CHECKING] OK!

--- P=2 rep=2/3 driver=spmv_rcm_nccl_cusparse ---
Loaded ../matrices/thermal2.mtx: 1228045 x 1228045, 8580313 nnz
RESULT comm=rcm_nccl kernel=cusparse matrix=thermal2.mtx P=2 rank=0 nrows_local=613649 ncols_global=1228045 nnz_local=4290158 n_ghost=589 compute_avg_ms=0.081886 compute_min_ms=0.080896 compute_max_ms=0.082944 compute_var_ms=0.000000453 compute_gflops=104.783848 eff_bw_gbs=509.091675 pct_peak_bw=54.5580 comm_avg_ms=0.037033 comm_min_ms=0.035563 comm_max_ms=0.043876 comm_var_ms=0.000002438 total_avg_ms=0.118919 total_min_ms=0.116694 total_max_ms=0.125796 total_var_ms=0.000002719 effective_gflops=72.152508
RESULT comm=rcm_nccl kernel=cusparse matrix=thermal2.mtx P=2 rank=1 nrows_local=614396 ncols_global=1228045 nnz_local=4290155 n_ghost=645 compute_avg_ms=0.082330 compute_min_ms=0.081920 compute_max_ms=0.082944 compute_var_ms=0.000000252 compute_gflops=104.219020 eff_bw_gbs=506.459123 pct_peak_bw=54.2759 comm_avg_ms=0.036535 comm_min_ms=0.035243 comm_max_ms=0.041559 comm_var_ms=0.000001474 total_avg_ms=0.118865 total_min_ms=0.117163 total_max_ms=0.123479 total_var_ms=0.000001626 effective_gflops=72.185601
[ERROR CHECKING] OK!

--- P=3 rep=2/3 driver=spmv_rcm_nccl_cusparse ---
Loaded ../matrices/thermal2.mtx: 1228045 x 1228045, 8580313 nnz
RESULT comm=rcm_nccl kernel=cusparse matrix=thermal2.mtx P=3 rank=0 nrows_local=409158 ncols_global=1228045 nnz_local=2860106 n_ghost=599 compute_avg_ms=0.062805 compute_min_ms=0.062464 compute_max_ms=0.063488 compute_var_ms=0.000000233 compute_gflops=91.078445 eff_bw_gbs=442.528413 pct_peak_bw=47.4246 comm_avg_ms=0.034047 comm_min_ms=0.032537 comm_max_ms=0.041941 comm_var_ms=0.000003720 total_avg_ms=0.096852 total_min_ms=0.095346 total_max_ms=0.104405 total_var_ms=0.000003798 effective_gflops=59.061373
RESULT comm=rcm_nccl kernel=cusparse matrix=thermal2.mtx P=3 rank=1 nrows_local=408975 ncols_global=1228045 nnz_local=2860102 n_ghost=1231 compute_avg_ms=0.063078 compute_min_ms=0.062464 compute_max_ms=0.063488 compute_var_ms=0.000000252 compute_gflops=90.684039 eff_bw_gbs=440.617461 pct_peak_bw=47.2198 comm_avg_ms=0.087326 comm_min_ms=0.036491 comm_max_ms=1.504707 comm_var_ms=0.069279027 total_avg_ms=0.150404 total_min_ms=0.098955 total_max_ms=1.568195 total_var_ms=0.069318615 effective_gflops=38.032268
RESULT comm=rcm_nccl kernel=cusparse matrix=thermal2.mtx P=3 rank=2 nrows_local=409912 ncols_global=1228045 nnz_local=2860105 n_ghost=645 compute_avg_ms=0.062089 compute_min_ms=0.061440 compute_max_ms=0.063488 compute_var_ms=0.000000313 compute_gflops=92.129896 eff_bw_gbs=447.785881 pct_peak_bw=47.9880 comm_avg_ms=0.082704 comm_min_ms=0.032890 comm_max_ms=1.501104 comm_var_ms=0.069375475 total_avg_ms=0.144793 total_min_ms=0.094606 total_max_ms=1.563568 total_var_ms=0.069412496 effective_gflops=39.506159
[ERROR CHECKING] OK!

--- P=4 rep=2/3 driver=spmv_rcm_nccl_cusparse ---
Loaded ../matrices/thermal2.mtx: 1228045 x 1228045, 8580313 nnz
RESULT comm=rcm_nccl kernel=cusparse matrix=thermal2.mtx P=4 rank=0 nrows_local=306914 ncols_global=1228045 nnz_local=2145082 n_ghost=581 compute_avg_ms=0.053077 compute_min_ms=0.052224 compute_max_ms=0.054272 compute_var_ms=0.000000285 compute_gflops=80.828553 eff_bw_gbs=392.746789 pct_peak_bw=42.0896 comm_avg_ms=0.038653 comm_min_ms=0.036912 comm_max_ms=0.049258 comm_var_ms=0.000007639 total_avg_ms=0.091730 total_min_ms=0.089170 total_max_ms=0.102506 total_var_ms=0.000007507 effective_gflops=46.769459
RESULT comm=rcm_nccl kernel=cusparse matrix=thermal2.mtx P=4 rank=1 nrows_local=306735 ncols_global=1228045 nnz_local=2145076 n_ghost=1214 compute_avg_ms=0.053214 compute_min_ms=0.052224 compute_max_ms=0.054272 compute_var_ms=0.000000313 compute_gflops=80.620942 eff_bw_gbs=391.745414 pct_peak_bw=41.9823 comm_avg_ms=0.038944 comm_min_ms=0.037340 comm_max_ms=0.045655 comm_var_ms=0.000002032 total_avg_ms=0.092158 total_min_ms=0.090212 total_max_ms=0.099927 total_var_ms=0.000002757 effective_gflops=46.552324
RESULT comm=rcm_nccl kernel=cusparse matrix=thermal2.mtx P=4 rank=2 nrows_local=306730 ncols_global=1228045 nnz_local=2145079 n_ghost=1270 compute_avg_ms=0.052668 compute_min_ms=0.052224 compute_max_ms=0.053248 compute_var_ms=0.000000257 compute_gflops=81.457048 eff_bw_gbs=395.811154 pct_peak_bw=42.4180 comm_avg_ms=0.039238 comm_min_ms=0.037028 comm_max_ms=0.048205 comm_var_ms=0.000004230 total_avg_ms=0.091906 total_min_ms=0.089467 total_max_ms=0.101453 total_var_ms=0.000005096 effective_gflops=46.679830
RESULT comm=rcm_nccl kernel=cusparse matrix=thermal2.mtx P=4 rank=3 nrows_local=307666 ncols_global=1228045 nnz_local=2145076 n_ghost=668 compute_avg_ms=0.053214 compute_min_ms=0.052224 compute_max_ms=0.054272 compute_var_ms=0.000000244 compute_gflops=80.620942 eff_bw_gbs=391.914318 pct_peak_bw=42.0004 comm_avg_ms=0.037475 comm_min_ms=0.034760 comm_max_ms=0.040207 comm_var_ms=0.000000754 total_avg_ms=0.090688 total_min_ms=0.088008 total_max_ms=0.094479 total_var_ms=0.000001156 effective_gflops=47.306461
[ERROR CHECKING] OK!

--- P=1 rep=3/3 driver=spmv_rcm_nccl_cusparse ---
Loaded ../matrices/thermal2.mtx: 1228045 x 1228045, 8580313 nnz
RESULT comm=rcm_nccl kernel=cusparse matrix=thermal2.mtx P=1 rank=0 nrows_local=1228045 ncols_global=1228045 nnz_local=8580313 n_ghost=0 compute_avg_ms=0.149129 compute_min_ms=0.147456 compute_max_ms=0.151552 compute_var_ms=0.000000943 compute_gflops=115.072719 eff_bw_gbs=559.108609 pct_peak_bw=59.9182 comm_avg_ms=0.000973 comm_min_ms=0.000942 comm_max_ms=0.001040 comm_var_ms=0.000000001 total_avg_ms=0.150102 total_min_ms=0.148413 total_max_ms=0.152534 total_var_ms=0.000000940 effective_gflops=114.326455
[ERROR CHECKING] OK!

--- P=2 rep=3/3 driver=spmv_rcm_nccl_cusparse ---
Loaded ../matrices/thermal2.mtx: 1228045 x 1228045, 8580313 nnz
RESULT comm=rcm_nccl kernel=cusparse matrix=thermal2.mtx P=2 rank=1 nrows_local=614396 ncols_global=1228045 nnz_local=4290155 n_ghost=645 compute_avg_ms=0.082398 compute_min_ms=0.080896 compute_max_ms=0.083968 compute_var_ms=0.000000471 compute_gflops=104.132674 eff_bw_gbs=506.039521 pct_peak_bw=54.2309 comm_avg_ms=0.042765 comm_min_ms=0.035214 comm_max_ms=0.230671 comm_var_ms=0.001217930 total_avg_ms=0.125163 total_min_ms=0.116834 total_max_ms=0.313615 total_var_ms=0.001225424 effective_gflops=68.553051
RESULT comm=rcm_nccl kernel=cusparse matrix=thermal2.mtx P=2 rank=0 nrows_local=613649 ncols_global=1228045 nnz_local=4290158 n_ghost=589 compute_avg_ms=0.081920 compute_min_ms=0.080896 compute_max_ms=0.082944 compute_var_ms=0.000000210 compute_gflops=104.740188 eff_bw_gbs=508.879554 pct_peak_bw=54.5353 comm_avg_ms=0.043484 comm_min_ms=0.035457 comm_max_ms=0.233234 comm_var_ms=0.001242370 total_avg_ms=0.125404 total_min_ms=0.117269 total_max_ms=0.315154 total_var_ms=0.001242632 effective_gflops=68.421137
[ERROR CHECKING] OK!

--- P=3 rep=3/3 driver=spmv_rcm_nccl_cusparse ---
Loaded ../matrices/thermal2.mtx: 1228045 x 1228045, 8580313 nnz
RESULT comm=rcm_nccl kernel=cusparse matrix=thermal2.mtx P=3 rank=1 nrows_local=408975 ncols_global=1228045 nnz_local=2860102 n_ghost=1231 compute_avg_ms=0.062908 compute_min_ms=0.061440 compute_max_ms=0.064512 compute_var_ms=0.000000397 compute_gflops=90.930062 eff_bw_gbs=441.812842 pct_peak_bw=47.3479 comm_avg_ms=0.037316 comm_min_ms=0.032928 comm_max_ms=0.040060 comm_var_ms=0.000001119 total_avg_ms=0.100224 total_min_ms=0.095392 total_max_ms=0.104572 total_var_ms=0.000001963 effective_gflops=57.074081
RESULT comm=rcm_nccl kernel=cusparse matrix=thermal2.mtx P=3 rank=2 nrows_local=409912 ncols_global=1228045 nnz_local=2860105 n_ghost=645 compute_avg_ms=0.062123 compute_min_ms=0.061440 compute_max_ms=0.063488 compute_var_ms=0.000000373 compute_gflops=92.079275 eff_bw_gbs=447.539845 pct_peak_bw=47.9617 comm_avg_ms=0.033684 comm_min_ms=0.032727 comm_max_ms=0.037534 comm_var_ms=0.000000868 total_avg_ms=0.095807 total_min_ms=0.094167 total_max_ms=0.098974 total_var_ms=0.000000805 effective_gflops=59.705742
RESULT comm=rcm_nccl kernel=cusparse matrix=thermal2.mtx P=3 rank=0 nrows_local=409158 ncols_global=1228045 nnz_local=2860106 n_ghost=599 compute_avg_ms=0.062703 compute_min_ms=0.061440 compute_max_ms=0.063488 compute_var_ms=0.000000257 compute_gflops=91.227185 eff_bw_gbs=443.251105 pct_peak_bw=47.5020 comm_avg_ms=0.033571 comm_min_ms=0.032847 comm_max_ms=0.037367 comm_var_ms=0.000000712 total_avg_ms=0.096273 total_min_ms=0.095249 total_max_ms=0.100855 total_var_ms=0.000001212 effective_gflops=59.416309
[ERROR CHECKING] OK!

--- P=4 rep=3/3 driver=spmv_rcm_nccl_cusparse ---
Loaded ../matrices/thermal2.mtx: 1228045 x 1228045, 8580313 nnz
RESULT comm=rcm_nccl kernel=cusparse matrix=thermal2.mtx P=4 rank=1 nrows_local=306735 ncols_global=1228045 nnz_local=2145076 n_ghost=1214 compute_avg_ms=0.053385 compute_min_ms=0.052224 compute_max_ms=0.054272 compute_var_ms=0.000000261 compute_gflops=80.363202 eff_bw_gbs=390.493031 pct_peak_bw=41.8481 comm_avg_ms=0.039213 comm_min_ms=0.037366 comm_max_ms=0.040876 comm_var_ms=0.000000886 total_avg_ms=0.092598 total_min_ms=0.090378 total_max_ms=0.094372 total_var_ms=0.000000915 effective_gflops=46.331070
RESULT comm=rcm_nccl kernel=cusparse matrix=thermal2.mtx P=4 rank=2 nrows_local=306730 ncols_global=1228045 nnz_local=2145079 n_ghost=1270 compute_avg_ms=0.052736 compute_min_ms=0.052224 compute_max_ms=0.053248 compute_var_ms=0.000000262 compute_gflops=81.351602 eff_bw_gbs=395.298777 pct_peak_bw=42.3631 comm_avg_ms=0.038640 comm_min_ms=0.037052 comm_max_ms=0.043173 comm_var_ms=0.000001247 total_avg_ms=0.091376 total_min_ms=0.089276 total_max_ms=0.095397 total_var_ms=0.000001224 effective_gflops=46.950651
RESULT comm=rcm_nccl kernel=cusparse matrix=thermal2.mtx P=4 rank=3 nrows_local=307666 ncols_global=1228045 nnz_local=2145076 n_ghost=668 compute_avg_ms=0.053248 compute_min_ms=0.052224 compute_max_ms=0.054272 compute_var_ms=0.000000280 compute_gflops=80.569262 eff_bw_gbs=391.663090 pct_peak_bw=41.9735 comm_avg_ms=0.038015 comm_min_ms=0.036758 comm_max_ms=0.042315 comm_var_ms=0.000000966 total_avg_ms=0.091263 total_min_ms=0.089797 total_max_ms=0.095563 total_var_ms=0.000001112 effective_gflops=47.008410
RESULT comm=rcm_nccl kernel=cusparse matrix=thermal2.mtx P=4 rank=0 nrows_local=306914 ncols_global=1228045 nnz_local=2145082 n_ghost=581 compute_avg_ms=0.053180 compute_min_ms=0.052224 compute_max_ms=0.054272 compute_var_ms=0.000000345 compute_gflops=80.672914 eff_bw_gbs=391.990537 pct_peak_bw=42.0086 comm_avg_ms=0.037627 comm_min_ms=0.036473 comm_max_ms=0.042205 comm_var_ms=0.000001101 total_avg_ms=0.090807 total_min_ms=0.088697 total_max_ms=0.095453 total_var_ms=0.000001332 effective_gflops=47.244808
[ERROR CHECKING] OK!

=== Job done ===
