=== D2_final intelligent-partitioning large-matrix check (full P sweep, single driver) ===
Node:     edu01
Date:     Thu Jul 23 06:04:11 PM CEST 2026
Matrix:   ../big_matrices/arabic-2005.mtx
Reps:     1
Driver:   spmv_rcm_nccl_cusparse

--- P=1 rep=1/1 driver=spmv_rcm_nccl_cusparse ---
Loaded ../big_matrices/arabic-2005.mtx: 22744080 x 22744080, 639999458 nnz
RESULT comm=rcm_nccl kernel=cusparse matrix=arabic-2005.mtx P=1 rank=0 nrows_local=22744080 ncols_global=22744080 nnz_local=639999458 n_ghost=0 compute_avg_ms=7.108847 compute_min_ms=7.100416 compute_max_ms=7.118848 compute_var_ms=0.000020459 compute_gflops=180.057178 eff_bw_gbs=758.621572 pct_peak_bw=81.2995 comm_avg_ms=0.001287 comm_min_ms=0.000926 comm_max_ms=0.009495 comm_var_ms=0.000002328 total_avg_ms=7.110134 total_min_ms=7.101381 total_max_ms=7.120008 total_var_ms=0.000023416 effective_gflops=180.024574
[ERROR CHECKING] OK!

--- P=2 rep=1/1 driver=spmv_rcm_nccl_cusparse ---
Loaded ../big_matrices/arabic-2005.mtx: 22744080 x 22744080, 639999458 nnz
RESULT comm=rcm_nccl kernel=cusparse matrix=arabic-2005.mtx P=2 rank=1 nrows_local=8547602 ncols_global=22744080 nnz_local=319999712 n_ghost=2235713 compute_avg_ms=3.785421 compute_min_ms=3.483648 compute_max_ms=3.918848 compute_var_ms=0.036817402 compute_gflops=169.069558 eff_bw_gbs=705.737065 pct_peak_bw=75.6320 comm_avg_ms=1.157528 comm_min_ms=0.972305 comm_max_ms=1.240654 comm_var_ms=0.011622035 total_avg_ms=4.942948 total_min_ms=4.455953 total_max_ms=5.156852 total_var_ms=0.089504287 effective_gflops=129.477263
RESULT comm=rcm_nccl kernel=cusparse matrix=arabic-2005.mtx P=2 rank=0 nrows_local=14196478 ncols_global=22744080 nnz_local=319999746 n_ghost=467892 compute_avg_ms=3.979844 compute_min_ms=3.976192 compute_max_ms=3.985408 compute_var_ms=0.000004592 compute_gflops=160.810184 eff_bw_gbs=686.516124 pct_peak_bw=73.5721 comm_avg_ms=0.976351 comm_min_ms=0.842829 comm_max_ms=1.040918 comm_var_ms=0.006332059 total_avg_ms=4.956196 total_min_ms=4.823117 total_max_ms=5.026326 total_var_ms=0.006269206 effective_gflops=129.131198
[ERROR CHECKING] OK!

--- P=3 rep=1/1 driver=spmv_rcm_nccl_cusparse ---
Loaded ../big_matrices/arabic-2005.mtx: 22744080 x 22744080, 639999458 nnz
RESULT comm=rcm_nccl kernel=cusparse matrix=arabic-2005.mtx P=3 rank=1 nrows_local=7559813 ncols_global=22744080 nnz_local=213333163 n_ghost=2267611 compute_avg_ms=2.529894 compute_min_ms=2.395136 compute_max_ms=2.682880 compute_var_ms=0.019560037 compute_gflops=168.649861 eff_bw_gbs=714.043070 pct_peak_bw=76.5221 comm_avg_ms=1.988226 comm_min_ms=1.800810 comm_max_ms=2.205119 comm_var_ms=0.033318307 total_avg_ms=4.518121 total_min_ms=4.197994 total_max_ms=4.887999 total_var_ms=0.103817548 effective_gflops=94.434466
RESULT comm=rcm_nccl kernel=cusparse matrix=arabic-2005.mtx P=3 rank=0 nrows_local=9851008 ncols_global=22744080 nnz_local=213333158 n_ghost=343414 compute_avg_ms=2.603656 compute_min_ms=2.404352 compute_max_ms=2.688000 compute_var_ms=0.015229476 compute_gflops=163.871970 eff_bw_gbs=701.417807 pct_peak_bw=75.1691 comm_avg_ms=1.627841 comm_min_ms=1.486430 comm_max_ms=1.799948 comm_var_ms=0.018516340 total_avg_ms=4.231497 total_min_ms=3.904592 total_max_ms=4.483852 total_var_ms=0.053431475 effective_gflops=100.831057
RESULT comm=rcm_nccl kernel=cusparse matrix=arabic-2005.mtx P=3 rank=2 nrows_local=5333259 ncols_global=22744080 nnz_local=213333137 n_ghost=1809225 compute_avg_ms=2.425583 compute_min_ms=2.319360 compute_max_ms=2.607104 compute_var_ms=0.018554339 compute_gflops=175.902568 eff_bw_gbs=732.978887 pct_peak_bw=78.5514 comm_avg_ms=1.902573 comm_min_ms=1.721241 comm_max_ms=2.105818 comm_var_ms=0.029839415 total_avg_ms=4.328156 total_min_ms=4.040601 total_max_ms=4.710832 total_var_ms=0.086347791 effective_gflops=98.579239
[ERROR CHECKING] OK!

--- P=4 rep=1/1 driver=spmv_rcm_nccl_cusparse ---
Loaded ../big_matrices/arabic-2005.mtx: 22744080 x 22744080, 639999458 nnz
RESULT comm=rcm_nccl kernel=cusparse matrix=arabic-2005.mtx P=4 rank=0 nrows_local=7502582 ncols_global=22744080 nnz_local=159999873 n_ghost=249425 compute_avg_ms=1.997210 compute_min_ms=1.991680 compute_max_ms=2.000896 compute_var_ms=0.000004865 compute_gflops=160.223418 eff_bw_gbs=686.471606 pct_peak_bw=73.5673 comm_avg_ms=0.662932 comm_min_ms=0.613787 comm_max_ms=0.710870 comm_var_ms=0.000887562 total_avg_ms=2.660142 total_min_ms=2.607515 total_max_ms=2.706646 total_var_ms=0.000911816 effective_gflops=120.294246
RESULT comm=rcm_nccl kernel=cusparse matrix=arabic-2005.mtx P=4 rank=1 nrows_local=6693896 ncols_global=22744080 nnz_local=159999873 n_ghost=2098476 compute_avg_ms=2.001988 compute_min_ms=1.833984 compute_max_ms=2.072576 compute_var_ms=0.011084282 compute_gflops=159.840967 eff_bw_gbs=683.680141 pct_peak_bw=73.2682 comm_avg_ms=1.599332 comm_min_ms=1.545719 comm_max_ms=1.701558 comm_var_ms=0.002590419 total_avg_ms=3.601320 total_min_ms=3.380727 total_max_ms=3.773110 total_var_ms=0.018618765 effective_gflops=88.856233
RESULT comm=rcm_nccl kernel=cusparse matrix=arabic-2005.mtx P=4 rank=2 nrows_local=5062490 ncols_global=22744080 nnz_local=159999899 n_ghost=2179739 compute_avg_ms=1.880166 compute_min_ms=1.838080 compute_max_ms=1.972224 compute_var_ms=0.003544631 compute_gflops=170.197596 eff_bw_gbs=717.738625 pct_peak_bw=76.9181 comm_avg_ms=1.906196 comm_min_ms=1.843946 comm_max_ms=2.028767 comm_var_ms=0.003990879 total_avg_ms=3.786362 total_min_ms=3.685098 total_max_ms=3.997919 total_var_ms=0.014903544 effective_gflops=84.513780
RESULT comm=rcm_nccl kernel=cusparse matrix=arabic-2005.mtx P=4 rank=3 nrows_local=3485112 ncols_global=22744080 nnz_local=159999813 n_ghost=1460025 compute_avg_ms=1.837466 compute_min_ms=1.698816 compute_max_ms=1.917952 compute_var_ms=0.010746205 compute_gflops=174.152716 eff_bw_gbs=722.549554 pct_peak_bw=77.4337 comm_avg_ms=1.254463 comm_min_ms=1.195545 comm_max_ms=1.329164 comm_var_ms=0.001624366 total_avg_ms=3.091928 total_min_ms=2.898986 total_max_ms=3.245068 total_var_ms=0.014556500 effective_gflops=103.495165
[ERROR CHECKING] OK!

=== Job done ===
