=== D2_final intelligent-partitioning large-matrix check (full P sweep, single driver) ===
Node:     edu01
Date:     Thu Jul 23 10:49:09 PM CEST 2026
Matrix:   ../big_matrices/mycielskian19.mtx
Reps:     1
Driver:   spmv_rcm_nccl_cusparse

--- P=1 rep=1/1 driver=spmv_rcm_nccl_cusparse ---
Loaded ../big_matrices/mycielskian19.mtx: 393215 x 393215, 903194710 nnz
RESULT comm=rcm_nccl kernel=cusparse matrix=mycielskian19.mtx P=1 rank=0 nrows_local=393215 ncols_global=393215 nnz_local=903194710 n_ghost=0 compute_avg_ms=15.563947 compute_min_ms=15.495168 compute_max_ms=15.705088 compute_var_ms=0.006719968 compute_gflops=116.062427 eff_bw_gbs=464.552882 pct_peak_bw=49.7849 comm_avg_ms=0.001094 comm_min_ms=0.000954 comm_max_ms=0.001577 comm_var_ms=0.000000017 total_avg_ms=15.565041 total_min_ms=15.496191 total_max_ms=15.706139 total_var_ms=0.006715309 effective_gflops=116.054267
[ERROR CHECKING] OK!

--- P=2 rep=1/1 driver=spmv_rcm_nccl_cusparse ---
Loaded ../big_matrices/mycielskian19.mtx: 393215 x 393215, 903194710 nnz
RESULT comm=rcm_nccl kernel=cusparse matrix=mycielskian19.mtx P=2 rank=0 nrows_local=137691 ncols_global=393215 nnz_local=451600616 n_ghost=255517 compute_avg_ms=8.604979 compute_min_ms=7.562240 compute_max_ms=11.217920 compute_var_ms=2.501415527 compute_gflops=104.962629 eff_bw_gbs=420.161307 pct_peak_bw=45.0276 comm_avg_ms=0.230287 comm_min_ms=0.204746 comm_max_ms=0.309101 comm_var_ms=0.001167739 total_avg_ms=8.835266 total_min_ms=7.768010 total_max_ms=11.520877 total_var_ms=2.604454116 effective_gflops=102.226830
RESULT comm=rcm_nccl kernel=cusparse matrix=mycielskian19.mtx P=2 rank=1 nrows_local=255524 ncols_global=393215 nnz_local=451594094 n_ghost=137691 compute_avg_ms=8.113084 compute_min_ms=7.979008 compute_max_ms=8.321024 compute_var_ms=0.007986504 compute_gflops=111.324895 eff_bw_gbs=445.745409 pct_peak_bw=47.7694 comm_avg_ms=0.117154 comm_min_ms=0.110113 comm_max_ms=0.157232 comm_var_ms=0.000075479 total_avg_ms=8.230238 total_min_ms=8.091229 total_max_ms=8.443419 total_var_ms=0.008420550 effective_gflops=109.740227
[ERROR CHECKING] OK!

--- P=3 rep=1/1 driver=spmv_rcm_nccl_cusparse ---
Loaded ../big_matrices/mycielskian19.mtx: 393215 x 393215, 903194710 nnz
RESULT comm=rcm_nccl kernel=cusparse matrix=mycielskian19.mtx P=3 rank=0 nrows_local=68038 ncols_global=393215 nnz_local=301065130 n_ghost=325150 compute_avg_ms=6.219844 compute_min_ms=4.963328 compute_max_ms=7.438336 compute_var_ms=1.486625512 compute_gflops=96.807932 eff_bw_gbs=387.572101 pct_peak_bw=41.5351 comm_avg_ms=0.222097 comm_min_ms=0.189986 comm_max_ms=0.251840 comm_var_ms=0.000605814 total_avg_ms=6.441942 total_min_ms=5.156386 total_max_ms=7.689557 total_var_ms=1.544334158 effective_gflops=93.470308
RESULT comm=rcm_nccl kernel=cusparse matrix=mycielskian19.mtx P=3 rank=1 nrows_local=144178 ncols_global=393215 nnz_local=301065173 n_ghost=212889 compute_avg_ms=5.793758 compute_min_ms=5.227520 compute_max_ms=7.773184 compute_var_ms=0.862654888 compute_gflops=103.927427 eff_bw_gbs=416.155307 pct_peak_bw=44.5983 comm_avg_ms=0.219902 comm_min_ms=0.182446 comm_max_ms=0.250853 comm_var_ms=0.000445868 total_avg_ms=6.013660 total_min_ms=5.413305 total_max_ms=8.003233 total_var_ms=0.877530716 effective_gflops=100.127100
RESULT comm=rcm_nccl kernel=cusparse matrix=mycielskian19.mtx P=3 rank=2 nrows_local=180999 ncols_global=393215 nnz_local=301064407 n_ghost=212216 compute_avg_ms=6.515610 compute_min_ms=4.957184 compute_max_ms=7.182336 compute_var_ms=1.006158488 compute_gflops=92.413275 eff_bw_gbs=370.116732 pct_peak_bw=39.6644 comm_avg_ms=0.233461 comm_min_ms=0.194423 comm_max_ms=0.269843 comm_var_ms=0.000507573 total_avg_ms=6.749070 total_min_ms=5.158616 total_max_ms=7.447059 total_var_ms=1.049522793 effective_gflops=89.216554
[ERROR CHECKING] OK!

--- P=4 rep=1/1 driver=spmv_rcm_nccl_cusparse ---
Loaded ../big_matrices/mycielskian19.mtx: 393215 x 393215, 903194710 nnz
RESULT comm=rcm_nccl kernel=cusparse matrix=mycielskian19.mtx P=4 rank=0 nrows_local=37191 ncols_global=393215 nnz_local=225799522 n_ghost=355972 compute_avg_ms=5.675144 compute_min_ms=5.672960 compute_max_ms=5.679104 compute_var_ms=0.000001519 compute_gflops=79.574899 eff_bw_gbs=318.629134 pct_peak_bw=34.1466 comm_avg_ms=0.464342 comm_min_ms=0.279753 comm_max_ms=2.718464 comm_var_ms=0.331290540 total_avg_ms=6.139487 total_min_ms=5.953737 total_max_ms=8.392448 total_var_ms=0.330903789 effective_gflops=73.556484
RESULT comm=rcm_nccl kernel=cusparse matrix=mycielskian19.mtx P=4 rank=1 nrows_local=100500 ncols_global=393215 nnz_local=225801094 n_ghost=253103 compute_avg_ms=5.282270 compute_min_ms=3.730432 compute_max_ms=5.654528 compute_var_ms=0.551056493 compute_gflops=85.493964 eff_bw_gbs=342.395828 pct_peak_bw=36.6937 comm_avg_ms=0.482228 comm_min_ms=0.254362 comm_max_ms=2.766214 comm_var_ms=0.339858543 total_avg_ms=5.764498 total_min_ms=3.985818 total_max_ms=8.419718 total_var_ms=1.011258550 effective_gflops=78.341986
RESULT comm=rcm_nccl kernel=cusparse matrix=mycielskian19.mtx P=4 rank=2 nrows_local=125937 ncols_global=393215 nnz_local=225809869 n_ghost=231397 compute_avg_ms=4.878780 compute_min_ms=4.103168 compute_max_ms=6.151168 compute_var_ms=0.936446411 compute_gflops=92.568176 eff_bw_gbs=370.772180 pct_peak_bw=39.7347 comm_avg_ms=0.451219 comm_min_ms=0.248922 comm_max_ms=2.746592 comm_var_ms=0.336680202 total_avg_ms=5.329999 total_min_ms=4.378947 total_max_ms=8.606169 total_var_ms=1.310928418 effective_gflops=84.731680
RESULT comm=rcm_nccl kernel=cusparse matrix=mycielskian19.mtx P=4 rank=3 nrows_local=129587 ncols_global=393215 nnz_local=225784225 n_ghost=263628 compute_avg_ms=5.345860 compute_min_ms=5.341184 compute_max_ms=5.350400 compute_var_ms=0.000003543 compute_gflops=84.470679 eff_bw_gbs=338.370861 pct_peak_bw=36.2623 comm_avg_ms=0.516547 comm_min_ms=0.337024 comm_max_ms=2.806370 comm_var_ms=0.335643375 total_avg_ms=5.862407 total_min_ms=5.681543 total_max_ms=8.151650 total_var_ms=0.335414211 effective_gflops=77.027819
[ERROR CHECKING] OK!

=== Job done ===
