=== D2_final intelligent-partitioning large-matrix check (full P sweep, single driver) ===
Node:     edu01
Date:     Fri Jul 24 04:56:50 AM CEST 2026
Matrix:   ../big_matrices/com-Orkut.mtx
Reps:     1
Driver:   spmv_fennel_nccl_cusparse

--- P=1 rep=1/1 driver=spmv_fennel_nccl_cusparse ---
Loaded ../big_matrices/com-Orkut.mtx: 3072441 x 3072441, 234370166 nnz
RESULT comm=fennel_nccl kernel=cusparse matrix=com-Orkut.mtx P=1 rank=0 nrows_local=3072441 ncols_global=3072441 nnz_local=234370166 n_ghost=0 compute_avg_ms=6.147209 compute_min_ms=6.024192 compute_max_ms=7.733248 compute_var_ms=0.087418042 compute_gflops=76.252551 eff_bw_gbs=311.007935 pct_peak_bw=33.3299 comm_avg_ms=0.001086 comm_min_ms=0.000998 comm_max_ms=0.001284 comm_var_ms=0.000000004 total_avg_ms=6.148294 total_min_ms=6.025353 total_max_ms=7.734295 total_var_ms=0.087413426 effective_gflops=76.239088
[ERROR CHECKING] OK!

--- P=2 rep=1/1 driver=spmv_fennel_nccl_cusparse ---
Loaded ../big_matrices/com-Orkut.mtx: 3072441 x 3072441, 234370166 nnz
RESULT comm=fennel_nccl kernel=cusparse matrix=com-Orkut.mtx P=2 rank=0 nrows_local=582292 ncols_global=3072441 nnz_local=128903671 n_ghost=2252074 compute_avg_ms=4.319505 compute_min_ms=4.318208 compute_max_ms=4.321280 compute_var_ms=0.000000625 compute_gflops=59.684462 eff_bw_gbs=242.441005 pct_peak_bw=25.9818 comm_avg_ms=0.851517 comm_min_ms=0.827013 comm_max_ms=0.960596 comm_var_ms=0.001432216 total_avg_ms=5.171022 total_min_ms=5.145221 total_max_ms=5.279828 total_var_ms=0.001434205 effective_gflops=49.856170
RESULT comm=fennel_nccl kernel=cusparse matrix=com-Orkut.mtx P=2 rank=1 nrows_local=2490149 ncols_global=3072441 nnz_local=105466495 n_ghost=582068 compute_avg_ms=3.690735 compute_min_ms=3.623936 compute_max_ms=4.285440 compute_var_ms=0.039162695 compute_gflops=57.152030 eff_bw_gbs=237.335395 pct_peak_bw=25.4346 comm_avg_ms=0.874381 comm_min_ms=0.849565 comm_max_ms=0.988103 comm_var_ms=0.001586582 total_avg_ms=4.565116 total_min_ms=4.474212 total_max_ms=5.273543 total_var_ms=0.055515618 effective_gflops=46.205397
[ERROR CHECKING] OK!

--- P=3 rep=1/1 driver=spmv_fennel_nccl_cusparse ---
Loaded ../big_matrices/com-Orkut.mtx: 3072441 x 3072441, 234370166 nnz
RESULT comm=fennel_nccl kernel=cusparse matrix=com-Orkut.mtx P=3 rank=0 nrows_local=242264 ncols_global=3072441 nnz_local=85935896 n_ghost=2503042 compute_avg_ms=2.862524 compute_min_ms=2.147328 compute_max_ms=3.279872 compute_var_ms=0.295359664 compute_gflops=60.042051 eff_bw_gbs=244.681474 pct_peak_bw=26.2219 comm_avg_ms=1.124667 comm_min_ms=0.979354 comm_max_ms=1.218389 comm_var_ms=0.010703421 total_avg_ms=3.987191 total_min_ms=3.127706 total_max_ms=4.496213 total_var_ms=0.418250117 effective_gflops=43.105989
RESULT comm=fennel_nccl kernel=cusparse matrix=com-Orkut.mtx P=3 rank=1 nrows_local=1345381 ncols_global=3072441 nnz_local=79101973 n_ghost=1402787 compute_avg_ms=2.700117 compute_min_ms=2.208768 compute_max_ms=3.195904 compute_var_ms=0.239717598 compute_gflops=58.591509 eff_bw_gbs=242.423361 pct_peak_bw=25.9799 comm_avg_ms=1.377192 comm_min_ms=1.210301 comm_max_ms=1.543209 comm_var_ms=0.023712020 total_avg_ms=4.077309 total_min_ms=3.421117 total_max_ms=4.738089 total_var_ms=0.413776826 effective_gflops=38.801064
RESULT comm=fennel_nccl kernel=cusparse matrix=com-Orkut.mtx P=3 rank=2 nrows_local=1484796 ncols_global=3072441 nnz_local=69332297 n_ghost=1274951 compute_avg_ms=2.753365 compute_min_ms=2.751488 compute_max_ms=2.755584 compute_var_ms=0.000000845 compute_gflops=50.361858 eff_bw_gbs=209.770833 pct_peak_bw=22.4806 comm_avg_ms=1.391581 comm_min_ms=1.226636 comm_max_ms=1.557025 comm_var_ms=0.023160201 total_avg_ms=4.144946 total_min_ms=3.979148 total_max_ms=4.310561 total_var_ms=0.023172217 effective_gflops=33.453893
[ERROR CHECKING] OK!

--- P=4 rep=1/1 driver=spmv_fennel_nccl_cusparse ---
Loaded ../big_matrices/com-Orkut.mtx: 3072441 x 3072441, 234370166 nnz
RESULT comm=fennel_nccl kernel=cusparse matrix=com-Orkut.mtx P=4 rank=0 nrows_local=139823 ncols_global=3072441 nnz_local=64451934 n_ghost=2352560 compute_avg_ms=2.449408 compute_min_ms=2.448384 compute_max_ms=2.451456 compute_var_ms=0.000000629 compute_gflops=52.626539 eff_bw_gbs=215.033012 pct_peak_bw=23.0445 comm_avg_ms=1.742006 comm_min_ms=1.671903 comm_max_ms=1.794242 comm_var_ms=0.001495693 total_avg_ms=4.191414 total_min_ms=4.121311 total_max_ms=4.243650 total_var_ms=0.001513050 effective_gflops=30.754266
RESULT comm=fennel_nccl kernel=cusparse matrix=com-Orkut.mtx P=4 rank=1 nrows_local=1124001 ncols_global=3072441 nnz_local=52733214 n_ghost=1600169 compute_avg_ms=2.144836 compute_min_ms=2.143232 compute_max_ms=2.146304 compute_var_ms=0.000000817 compute_gflops=49.172251 eff_bw_gbs=205.961831 pct_peak_bw=22.0724 comm_avg_ms=1.578837 comm_min_ms=1.542558 comm_max_ms=1.610862 comm_var_ms=0.000445427 total_avg_ms=3.723673 total_min_ms=3.687838 total_max_ms=3.755118 total_var_ms=0.000444728 effective_gflops=28.323221
RESULT comm=fennel_nccl kernel=cusparse matrix=com-Orkut.mtx P=4 rank=2 nrows_local=1123789 ncols_global=3072441 nnz_local=52733213 n_ghost=1633186 compute_avg_ms=2.099917 compute_min_ms=2.098176 compute_max_ms=2.101248 compute_var_ms=0.000000640 compute_gflops=50.224097 eff_bw_gbs=210.429250 pct_peak_bw=22.5511 comm_avg_ms=1.725795 comm_min_ms=1.692325 comm_max_ms=1.748713 comm_var_ms=0.000154581 total_avg_ms=3.825712 total_min_ms=3.793573 total_max_ms=3.848937 total_var_ms=0.000157081 effective_gflops=27.567794
RESULT comm=fennel_nccl kernel=cusparse matrix=com-Orkut.mtx P=4 rank=3 nrows_local=684828 ncols_global=3072441 nnz_local=64451805 n_ghost=1392774 compute_avg_ms=2.195251 compute_min_ms=1.837056 compute_max_ms=2.605056 compute_var_ms=0.145640937 compute_gflops=58.719297 eff_bw_gbs=241.158491 pct_peak_bw=25.8443 comm_avg_ms=1.706488 comm_min_ms=1.670473 comm_max_ms=1.737531 comm_var_ms=0.000161861 total_avg_ms=3.901740 total_min_ms=3.508553 total_max_ms=4.324425 total_var_ms=0.146832701 effective_gflops=33.037470
[ERROR CHECKING] OK!

=== Job done ===
