=== D2_final strong scaling ===
Node:     edu01
Date:     Tue Jul 21 04:56:19 PM CEST 2026
Matrix:   ../matrices/parabolic_fem.mtx
P:        4
Reps:     3

--- P=4 rep=1/3 driver=spmv_bcast ---
Loaded ../matrices/parabolic_fem.mtx: 525825 x 525825, 3674625 nnz
RESULT comm=bcast kernel=cusparse matrix=parabolic_fem.mtx P=4 rank=0 nrows_local=131457 ncols_global=525825 nnz_local=918659 n_ghost=-1 compute_avg_ms=0.042496 compute_min_ms=0.040960 compute_max_ms=0.044032 compute_var_ms=0.000000472 compute_gflops=43.235081 eff_bw_gbs=247.181667 pct_peak_bw=26.4898 comm_avg_ms=0.656468 comm_min_ms=0.641854 comm_max_ms=0.694665 comm_var_ms=0.000092365 total_avg_ms=0.698964 total_min_ms=0.684862 total_max_ms=0.737673 total_var_ms=0.000094175 effective_gflops=2.628629
RESULT comm=bcast kernel=cusparse matrix=parabolic_fem.mtx P=4 rank=1 nrows_local=131456 ncols_global=525825 nnz_local=918641 n_ghost=-1 compute_avg_ms=0.043008 compute_min_ms=0.041984 compute_max_ms=0.044032 compute_var_ms=0.000000419 compute_gflops=42.719541 eff_bw_gbs=244.235493 pct_peak_bw=26.1741 comm_avg_ms=0.958115 comm_min_ms=0.948282 comm_max_ms=0.967990 comm_var_ms=0.000020931 total_avg_ms=1.001123 total_min_ms=0.991290 total_max_ms=1.010253 total_var_ms=0.000020784 effective_gflops=1.835222
RESULT comm=bcast kernel=cusparse matrix=parabolic_fem.mtx P=4 rank=2 nrows_local=131456 ncols_global=525825 nnz_local=918655 n_ghost=-1 compute_avg_ms=0.041916 compute_min_ms=0.040960 compute_max_ms=0.043008 compute_var_ms=0.000000415 compute_gflops=43.833422 eff_bw_gbs=250.602610 pct_peak_bw=26.8564 comm_avg_ms=1.077615 comm_min_ms=1.066053 comm_max_ms=1.115937 comm_var_ms=0.000090952 total_avg_ms=1.119531 total_min_ms=1.108037 total_max_ms=1.157921 total_var_ms=0.000090496 effective_gflops=1.641143
RESULT comm=bcast kernel=cusparse matrix=parabolic_fem.mtx P=4 rank=3 nrows_local=131456 ncols_global=525825 nnz_local=918670 n_ghost=-1 compute_avg_ms=0.041882 compute_min_ms=0.040960 compute_max_ms=0.043008 compute_var_ms=0.000000234 compute_gflops=43.869862 eff_bw_gbs=250.809716 pct_peak_bw=26.8786 comm_avg_ms=1.080825 comm_min_ms=1.071957 comm_max_ms=1.093846 comm_var_ms=0.000033508 total_avg_ms=1.122707 total_min_ms=1.113941 total_max_ms=1.135830 total_var_ms=0.000032567 effective_gflops=1.636527
[ERROR CHECKING] OK!

--- P=4 rep=1/3 driver=spmv_ghost_cusparse ---
Loaded ../matrices/parabolic_fem.mtx: 525825 x 525825, 3674625 nnz
RESULT comm=ghost_mpi kernel=cusparse matrix=parabolic_fem.mtx P=4 rank=0 nrows_local=131457 ncols_global=525825 nnz_local=918659 n_ghost=327361 compute_avg_ms=0.040448 compute_min_ms=0.039936 compute_max_ms=0.041984 compute_var_ms=0.000000332 compute_gflops=45.424200 eff_bw_gbs=253.070716 pct_peak_bw=27.1209 comm_avg_ms=1.148730 comm_min_ms=0.673378 comm_max_ms=1.542762 comm_var_ms=0.021162222 total_avg_ms=1.189178 total_min_ms=0.713314 total_max_ms=1.582698 total_var_ms=0.021145624 effective_gflops=1.545032
RESULT comm=ghost_mpi kernel=cusparse matrix=parabolic_fem.mtx P=4 rank=1 nrows_local=131456 ncols_global=525825 nnz_local=918641 n_ghost=330183 compute_avg_ms=0.041233 compute_min_ms=0.040960 compute_max_ms=0.041984 compute_var_ms=0.000000205 compute_gflops=44.558462 eff_bw_gbs=248.522292 pct_peak_bw=26.6335 comm_avg_ms=1.554123 comm_min_ms=0.916951 comm_max_ms=1.886333 comm_var_ms=0.085207873 total_avg_ms=1.595356 total_min_ms=0.957911 total_max_ms=1.927293 total_var_ms=0.085245819 effective_gflops=1.151644
RESULT comm=ghost_mpi kernel=cusparse matrix=parabolic_fem.mtx P=4 rank=2 nrows_local=131456 ncols_global=525825 nnz_local=918655 n_ghost=344163 compute_avg_ms=0.040892 compute_min_ms=0.039936 compute_max_ms=0.043008 compute_var_ms=0.000000694 compute_gflops=44.931087 eff_bw_gbs=251.967022 pct_peak_bw=27.0026 comm_avg_ms=1.573006 comm_min_ms=0.903453 comm_max_ms=1.919776 comm_var_ms=0.073205236 total_avg_ms=1.613898 total_min_ms=0.944413 total_max_ms=1.960736 total_var_ms=0.073286111 effective_gflops=1.138430
RESULT comm=ghost_mpi kernel=cusparse matrix=parabolic_fem.mtx P=4 rank=3 nrows_local=131456 ncols_global=525825 nnz_local=918670 n_ghost=355664 compute_avg_ms=0.040687 compute_min_ms=0.039936 compute_max_ms=0.041984 compute_var_ms=0.000000345 compute_gflops=45.157988 eff_bw_gbs=254.368944 pct_peak_bw=27.2600 comm_avg_ms=1.582995 comm_min_ms=0.916791 comm_max_ms=1.918514 comm_var_ms=0.073657601 total_avg_ms=1.623682 total_min_ms=0.956727 total_max_ms=1.959474 total_var_ms=0.073670951 effective_gflops=1.131589
[ERROR CHECKING] OK!

--- P=4 rep=1/3 driver=spmv_ghost_acc ---
Loaded ../matrices/parabolic_fem.mtx: 525825 x 525825, 3674625 nnz
[kernel] acc -> LINE-ENHANCE (nnz=918641, avg_nnz=6.99, imbalance=1.00, V=1)
[kernel] acc -> LINE-ENHANCE (nnz=918655, avg_nnz=6.99, imbalance=1.00, V=1)
[kernel] acc -> LINE-ENHANCE (nnz=918670, avg_nnz=6.99, imbalance=1.00, V=1)
[kernel] acc -> LINE-ENHANCE (nnz=918659, avg_nnz=6.99, imbalance=1.00, V=1)
RESULT comm=ghost_mpi kernel=acc matrix=parabolic_fem.mtx P=4 rank=0 nrows_local=131457 ncols_global=525825 nnz_local=918659 n_ghost=327361 compute_avg_ms=0.031676 compute_min_ms=0.030720 compute_max_ms=0.032768 compute_var_ms=0.000000345 compute_gflops=58.003962 eff_bw_gbs=323.156027 pct_peak_bw=34.6318 comm_avg_ms=1.197348 comm_min_ms=0.836364 comm_max_ms=1.857113 comm_var_ms=0.042097694 total_avg_ms=1.229024 total_min_ms=0.869132 total_max_ms=1.888857 total_var_ms=0.042096277 effective_gflops=1.494941
RESULT comm=ghost_mpi kernel=acc matrix=parabolic_fem.mtx P=4 rank=1 nrows_local=131456 ncols_global=525825 nnz_local=918641 n_ghost=330183 compute_avg_ms=0.032154 compute_min_ms=0.030720 compute_max_ms=0.033792 compute_var_ms=0.000000391 compute_gflops=57.140787 eff_bw_gbs=318.699495 pct_peak_bw=34.1542 comm_avg_ms=1.487164 comm_min_ms=0.907485 comm_max_ms=1.947761 comm_var_ms=0.108468174 total_avg_ms=1.519317 total_min_ms=0.941277 total_max_ms=1.978481 total_var_ms=0.108340270 effective_gflops=1.209281
RESULT comm=ghost_mpi kernel=acc matrix=parabolic_fem.mtx P=4 rank=2 nrows_local=131456 ncols_global=525825 nnz_local=918655 n_ghost=344163 compute_avg_ms=0.031471 compute_min_ms=0.029696 compute_max_ms=0.032768 compute_var_ms=0.000000624 compute_gflops=58.381174 eff_bw_gbs=327.393154 pct_peak_bw=35.0859 comm_avg_ms=1.532024 comm_min_ms=0.965244 comm_max_ms=1.950043 comm_var_ms=0.096967083 total_avg_ms=1.563495 total_min_ms=0.994940 total_max_ms=1.981787 total_var_ms=0.097008052 effective_gflops=1.175130
RESULT comm=ghost_mpi kernel=acc matrix=parabolic_fem.mtx P=4 rank=3 nrows_local=131456 ncols_global=525825 nnz_local=918670 n_ghost=355664 compute_avg_ms=0.030720 compute_min_ms=0.029696 compute_max_ms=0.031744 compute_var_ms=0.000000350 compute_gflops=59.809246 eff_bw_gbs=336.897531 pct_peak_bw=36.1044 comm_avg_ms=1.538006 comm_min_ms=0.965220 comm_max_ms=1.950178 comm_var_ms=0.097091411 total_avg_ms=1.568725 total_min_ms=0.995940 total_max_ms=1.980898 total_var_ms=0.097062788 effective_gflops=1.171231
[ERROR CHECKING] OK!

--- P=4 rep=1/3 driver=spmv_ghost_nccl_cusparse ---
Loaded ../matrices/parabolic_fem.mtx: 525825 x 525825, 3674625 nnz
RESULT comm=ghost_nccl kernel=cusparse matrix=parabolic_fem.mtx P=4 rank=1 nrows_local=131456 ncols_global=525825 nnz_local=918641 n_ghost=330183 compute_avg_ms=0.041199 compute_min_ms=0.040960 compute_max_ms=0.041984 compute_var_ms=0.000000188 compute_gflops=44.595379 eff_bw_gbs=248.728193 pct_peak_bw=26.6555 comm_avg_ms=0.442446 comm_min_ms=0.420836 comm_max_ms=0.722739 comm_var_ms=0.002743732 total_avg_ms=0.483645 total_min_ms=0.461796 total_max_ms=0.763699 total_var_ms=0.002739697 effective_gflops=3.798826
RESULT comm=ghost_nccl kernel=cusparse matrix=parabolic_fem.mtx P=4 rank=2 nrows_local=131456 ncols_global=525825 nnz_local=918655 n_ghost=344163 compute_avg_ms=0.040380 compute_min_ms=0.039936 compute_max_ms=0.041984 compute_var_ms=0.000000327 compute_gflops=45.500797 eff_bw_gbs=255.161871 pct_peak_bw=27.3450 comm_avg_ms=0.455505 comm_min_ms=0.434989 comm_max_ms=0.737138 comm_var_ms=0.002780471 total_avg_ms=0.495884 total_min_ms=0.475949 total_max_ms=0.779122 total_var_ms=0.002812677 effective_gflops=3.705117
RESULT comm=ghost_nccl kernel=cusparse matrix=parabolic_fem.mtx P=4 rank=0 nrows_local=131457 ncols_global=525825 nnz_local=918659 n_ghost=327361 compute_avg_ms=0.040414 compute_min_ms=0.038912 compute_max_ms=0.041984 compute_var_ms=0.000000401 compute_gflops=45.462565 eff_bw_gbs=253.284458 pct_peak_bw=27.1438 comm_avg_ms=0.364138 comm_min_ms=0.339991 comm_max_ms=0.640627 comm_var_ms=0.002686952 total_avg_ms=0.404552 total_min_ms=0.379927 total_max_ms=0.681587 total_var_ms=0.002699225 effective_gflops=4.541613
RESULT comm=ghost_nccl kernel=cusparse matrix=parabolic_fem.mtx P=4 rank=3 nrows_local=131456 ncols_global=525825 nnz_local=918670 n_ghost=355664 compute_avg_ms=0.041335 compute_min_ms=0.039936 compute_max_ms=0.041984 compute_var_ms=0.000000313 compute_gflops=44.449481 eff_bw_gbs=250.378018 pct_peak_bw=26.8323 comm_avg_ms=0.419779 comm_min_ms=0.402105 comm_max_ms=0.706112 comm_var_ms=0.002853790 total_avg_ms=0.461114 total_min_ms=0.443065 total_max_ms=0.747072 total_var_ms=0.002848036 effective_gflops=3.984566
[ERROR CHECKING] OK!

--- P=4 rep=1/3 driver=spmv_ghost_nccl_acc ---
Loaded ../matrices/parabolic_fem.mtx: 525825 x 525825, 3674625 nnz
[kernel] acc -> LINE-ENHANCE (nnz=918641, avg_nnz=6.99, imbalance=1.00, V=1)
[kernel] acc -> LINE-ENHANCE (nnz=918659, avg_nnz=6.99, imbalance=1.00, V=1)
[kernel] acc -> LINE-ENHANCE (nnz=918670, avg_nnz=6.99, imbalance=1.00, V=1)
[kernel] acc -> LINE-ENHANCE (nnz=918655, avg_nnz=6.99, imbalance=1.00, V=1)
RESULT comm=ghost_nccl kernel=acc matrix=parabolic_fem.mtx P=4 rank=0 nrows_local=131457 ncols_global=525825 nnz_local=918659 n_ghost=327361 compute_avg_ms=0.032256 compute_min_ms=0.030720 compute_max_ms=0.039936 compute_var_ms=0.000004247 compute_gflops=56.960504 eff_bw_gbs=317.342639 pct_peak_bw=34.0088 comm_avg_ms=0.436026 comm_min_ms=0.336303 comm_max_ms=2.913410 comm_var_ms=0.211684012 total_avg_ms=0.468282 total_min_ms=0.368047 total_max_ms=2.945154 total_var_ms=0.211605468 effective_gflops=3.923528
RESULT comm=ghost_nccl kernel=acc matrix=parabolic_fem.mtx P=4 rank=1 nrows_local=131456 ncols_global=525825 nnz_local=918641 n_ghost=330183 compute_avg_ms=0.032393 compute_min_ms=0.030720 compute_max_ms=0.039936 compute_var_ms=0.000002900 compute_gflops=56.719306 eff_bw_gbs=316.348709 pct_peak_bw=33.9023 comm_avg_ms=0.508616 comm_min_ms=0.409971 comm_max_ms=2.952666 comm_var_ms=0.206007232 total_avg_ms=0.541008 total_min_ms=0.441715 total_max_ms=2.985434 total_var_ms=0.206071349 effective_gflops=3.396032
RESULT comm=ghost_nccl kernel=acc matrix=parabolic_fem.mtx P=4 rank=3 nrows_local=131456 ncols_global=525825 nnz_local=918670 n_ghost=355664 compute_avg_ms=0.030959 compute_min_ms=0.029696 compute_max_ms=0.037888 compute_var_ms=0.000002285 compute_gflops=59.347653 eff_bw_gbs=334.297438 pct_peak_bw=35.8258 comm_avg_ms=0.485813 comm_min_ms=0.389096 comm_max_ms=2.925870 comm_var_ms=0.205335021 total_avg_ms=0.516772 total_min_ms=0.419816 total_max_ms=2.956590 total_var_ms=0.205299465 effective_gflops=3.555418
RESULT comm=ghost_nccl kernel=acc matrix=parabolic_fem.mtx P=4 rank=2 nrows_local=131456 ncols_global=525825 nnz_local=918655 n_ghost=344163 compute_avg_ms=0.031403 compute_min_ms=0.029696 compute_max_ms=0.038912 compute_var_ms=0.000002959 compute_gflops=58.508089 eff_bw_gbs=328.104879 pct_peak_bw=35.1621 comm_avg_ms=0.526561 comm_min_ms=0.430680 comm_max_ms=2.974601 comm_var_ms=0.206684131 total_avg_ms=0.557963 total_min_ms=0.461400 total_max_ms=3.006345 total_var_ms=0.206744364 effective_gflops=3.292886
[ERROR CHECKING] OK!

--- P=4 rep=1/3 driver=spmv_2d_cusparse ---
Grid: P=4 -> P_r=2 x P_c=2
Loaded ../matrices/parabolic_fem.mtx: 525825 x 525825, 3674625 nnz
RESULT comm=checkerboard_mpi kernel=cusparse matrix=parabolic_fem.mtx P=4 rank=1 nrows_local=262913 ncols_global=525825 nnz_local=830387 n_ghost=-1 compute_avg_ms=0.040209 compute_min_ms=0.038912 compute_max_ms=0.043008 compute_var_ms=0.000000485 compute_gflops=41.303472 eff_bw_gbs=243.677686 pct_peak_bw=26.1143 comm_avg_ms=1.139178 comm_min_ms=1.119225 comm_max_ms=1.156743 comm_var_ms=0.000082347 total_avg_ms=1.179387 total_min_ms=1.159161 total_max_ms=1.197402 total_var_ms=0.000082474 effective_gflops=1.408167
RESULT comm=checkerboard_mpi kernel=cusparse matrix=parabolic_fem.mtx P=4 rank=2 nrows_local=262912 ncols_global=525825 nnz_local=830387 n_ghost=-1 compute_avg_ms=0.039049 compute_min_ms=0.037888 compute_max_ms=0.043008 compute_var_ms=0.000000750 compute_gflops=42.531023 eff_bw_gbs=250.919753 pct_peak_bw=26.8904 comm_avg_ms=1.265959 comm_min_ms=1.218046 comm_max_ms=1.336337 comm_var_ms=0.000533801 total_avg_ms=1.305008 total_min_ms=1.257982 total_max_ms=1.375249 total_var_ms=0.000532250 effective_gflops=1.272616
RESULT comm=checkerboard_mpi kernel=cusparse matrix=parabolic_fem.mtx P=4 rank=0 nrows_local=262913 ncols_global=525825 nnz_local=1006927 n_ghost=-1 compute_avg_ms=0.041574 compute_min_ms=0.040960 compute_max_ms=0.045056 compute_var_ms=0.000000741 compute_gflops=48.439762 eff_bw_gbs=269.646134 pct_peak_bw=28.8973 comm_avg_ms=1.375934 comm_min_ms=1.363145 comm_max_ms=1.403137 comm_var_ms=0.000078921 total_avg_ms=1.417508 total_min_ms=1.404105 total_max_ms=1.444097 total_var_ms=0.000075150 effective_gflops=1.420700
RESULT comm=checkerboard_mpi kernel=cusparse matrix=parabolic_fem.mtx P=4 rank=3 nrows_local=262912 ncols_global=525825 nnz_local=1006924 n_ghost=-1 compute_avg_ms=0.041267 compute_min_ms=0.039936 compute_max_ms=0.043008 compute_var_ms=0.000000500 compute_gflops=48.800210 eff_bw_gbs=271.652553 pct_peak_bw=29.1123 comm_avg_ms=0.849498 comm_min_ms=0.824969 comm_max_ms=0.884747 comm_var_ms=0.000116967 total_avg_ms=0.890765 total_min_ms=0.866953 total_max_ms=0.926731 total_var_ms=0.000117842 effective_gflops=2.260807
[ERROR CHECKING] OK!

--- P=4 rep=1/3 driver=spmv_2d_acc ---
Grid: P=4 -> P_r=2 x P_c=2
Loaded ../matrices/parabolic_fem.mtx: 525825 x 525825, 3674625 nnz
[kernel] acc -> LINE-ENHANCE (nnz=830387, avg_nnz=3.16, imbalance=1.90, V=1)
[kernel] acc -> LINE-ENHANCE (nnz=1006924, avg_nnz=3.83, imbalance=1.83, V=1)
[kernel] acc -> LINE-ENHANCE (nnz=830387, avg_nnz=3.16, imbalance=1.90, V=1)
[kernel] acc -> LINE-ENHANCE (nnz=1006927, avg_nnz=3.83, imbalance=1.83, V=1)
RESULT comm=checkerboard_mpi kernel=acc matrix=parabolic_fem.mtx P=4 rank=0 nrows_local=262913 ncols_global=525825 nnz_local=1006927 n_ghost=-1 compute_avg_ms=0.028979 compute_min_ms=0.027648 compute_max_ms=0.029696 compute_var_ms=0.000000290 compute_gflops=69.493084 eff_bw_gbs=386.842142 pct_peak_bw=41.4568 comm_avg_ms=1.194356 comm_min_ms=1.179065 comm_max_ms=1.211674 comm_var_ms=0.000073197 total_avg_ms=1.223335 total_min_ms=1.207737 total_max_ms=1.241370 total_var_ms=0.000073721 effective_gflops=1.646200
RESULT comm=checkerboard_mpi kernel=acc matrix=parabolic_fem.mtx P=4 rank=1 nrows_local=262913 ncols_global=525825 nnz_local=830387 n_ghost=-1 compute_avg_ms=0.026078 compute_min_ms=0.025600 compute_max_ms=0.026624 compute_var_ms=0.000000261 compute_gflops=63.685195 eff_bw_gbs=375.722919 pct_peak_bw=40.2652 comm_avg_ms=0.869877 comm_min_ms=0.863661 comm_max_ms=0.885107 comm_var_ms=0.000024177 total_avg_ms=0.895955 total_min_ms=0.889261 total_max_ms=0.910707 total_var_ms=0.000023095 effective_gflops=1.853635
RESULT comm=checkerboard_mpi kernel=acc matrix=parabolic_fem.mtx P=4 rank=2 nrows_local=262912 ncols_global=525825 nnz_local=830387 n_ghost=-1 compute_avg_ms=0.026112 compute_min_ms=0.025600 compute_max_ms=0.026624 compute_var_ms=0.000000262 compute_gflops=63.601947 eff_bw_gbs=375.231624 pct_peak_bw=40.2126 comm_avg_ms=1.466315 comm_min_ms=1.443489 comm_max_ms=1.655415 comm_var_ms=0.001303498 total_avg_ms=1.492427 total_min_ms=1.469089 total_max_ms=1.681015 total_var_ms=0.001298250 effective_gflops=1.112801
RESULT comm=checkerboard_mpi kernel=acc matrix=parabolic_fem.mtx P=4 rank=3 nrows_local=262912 ncols_global=525825 nnz_local=1006924 n_ghost=-1 compute_avg_ms=0.028945 compute_min_ms=0.027648 compute_max_ms=0.029696 compute_var_ms=0.000000275 compute_gflops=69.574826 eff_bw_gbs=387.297080 pct_peak_bw=41.5056 comm_avg_ms=1.236041 comm_min_ms=1.222061 comm_max_ms=1.261995 comm_var_ms=0.000057393 total_avg_ms=1.264986 total_min_ms=1.250733 total_max_ms=1.291691 total_var_ms=0.000059212 effective_gflops=1.591992
[ERROR CHECKING] OK!

--- P=4 rep=1/3 driver=spmv_2d_nccl_cusparse ---
Grid: P=4 -> P_r=2 x P_c=2
Loaded ../matrices/parabolic_fem.mtx: 525825 x 525825, 3674625 nnz
RESULT comm=checkerboard_nccl kernel=cusparse matrix=parabolic_fem.mtx P=4 rank=0 nrows_local=262913 ncols_global=525825 nnz_local=1006927 n_ghost=-1 compute_avg_ms=0.042223 compute_min_ms=0.041984 compute_max_ms=0.043008 compute_var_ms=0.000000188 compute_gflops=47.695739 eff_bw_gbs=265.504437 pct_peak_bw=28.4534 comm_avg_ms=0.232449 comm_min_ms=0.225957 comm_max_ms=0.237800 comm_var_ms=0.000005201 total_avg_ms=0.274672 total_min_ms=0.268965 total_max_ms=0.279784 total_var_ms=0.000005126 effective_gflops=7.331849
RESULT comm=checkerboard_nccl kernel=cusparse matrix=parabolic_fem.mtx P=4 rank=1 nrows_local=262913 ncols_global=525825 nnz_local=830387 n_ghost=-1 compute_avg_ms=0.040346 compute_min_ms=0.038912 compute_max_ms=0.040960 compute_var_ms=0.000000391 compute_gflops=41.163697 eff_bw_gbs=242.853057 pct_peak_bw=26.0259 comm_avg_ms=0.184759 comm_min_ms=0.181519 comm_max_ms=0.189825 comm_var_ms=0.000002190 total_avg_ms=0.225104 total_min_ms=0.221455 total_max_ms=0.230785 total_var_ms=0.000003223 effective_gflops=7.377791
RESULT comm=checkerboard_nccl kernel=cusparse matrix=parabolic_fem.mtx P=4 rank=2 nrows_local=262912 ncols_global=525825 nnz_local=830387 n_ghost=-1 compute_avg_ms=0.039629 compute_min_ms=0.038912 compute_max_ms=0.040960 compute_var_ms=0.000000360 compute_gflops=41.908260 eff_bw_gbs=247.245649 pct_peak_bw=26.4967 comm_avg_ms=0.283548 comm_min_ms=0.278180 comm_max_ms=0.286071 comm_var_ms=0.000002690 total_avg_ms=0.323177 total_min_ms=0.317092 total_max_ms=0.326007 total_var_ms=0.000002939 effective_gflops=5.138901
RESULT comm=checkerboard_nccl kernel=cusparse matrix=parabolic_fem.mtx P=4 rank=3 nrows_local=262912 ncols_global=525825 nnz_local=1006924 n_ghost=-1 compute_avg_ms=0.042155 compute_min_ms=0.040960 compute_max_ms=0.043008 compute_var_ms=0.000000355 compute_gflops=47.772837 eff_bw_gbs=265.933550 pct_peak_bw=28.4994 comm_avg_ms=0.232340 comm_min_ms=0.226144 comm_max_ms=0.235105 comm_var_ms=0.000002304 total_avg_ms=0.274495 total_min_ms=0.269152 total_max_ms=0.277099 total_var_ms=0.000002496 effective_gflops=7.336558
[ERROR CHECKING] OK!

--- P=4 rep=1/3 driver=spmv_2d_nccl_acc ---
Grid: P=4 -> P_r=2 x P_c=2
Loaded ../matrices/parabolic_fem.mtx: 525825 x 525825, 3674625 nnz
[kernel] acc -> LINE-ENHANCE (nnz=1006924, avg_nnz=3.83, imbalance=1.83, V=1)
[kernel] acc -> LINE-ENHANCE (nnz=830387, avg_nnz=3.16, imbalance=1.90, V=1)
[kernel] acc -> LINE-ENHANCE (nnz=830387, avg_nnz=3.16, imbalance=1.90, V=1)
[kernel] acc -> LINE-ENHANCE (nnz=1006927, avg_nnz=3.83, imbalance=1.83, V=1)
RESULT comm=checkerboard_nccl kernel=acc matrix=parabolic_fem.mtx P=4 rank=1 nrows_local=262913 ncols_global=525825 nnz_local=830387 n_ghost=-1 compute_avg_ms=0.026863 compute_min_ms=0.025600 compute_max_ms=0.030720 compute_var_ms=0.000002844 compute_gflops=61.824001 eff_bw_gbs=364.742451 pct_peak_bw=39.0885 comm_avg_ms=0.184474 comm_min_ms=0.180842 comm_max_ms=0.188282 comm_var_ms=0.000002204 total_avg_ms=0.211337 total_min_ms=0.207466 total_max_ms=0.219002 total_var_ms=0.000006777 effective_gflops=7.858418
RESULT comm=checkerboard_nccl kernel=acc matrix=parabolic_fem.mtx P=4 rank=0 nrows_local=262913 ncols_global=525825 nnz_local=1006927 n_ghost=-1 compute_avg_ms=0.030310 compute_min_ms=0.028672 compute_max_ms=0.036864 compute_var_ms=0.000007312 compute_gflops=66.441022 eff_bw_gbs=369.852454 pct_peak_bw=39.6361 comm_avg_ms=0.234241 comm_min_ms=0.228282 comm_max_ms=0.253227 comm_var_ms=0.000042587 total_avg_ms=0.264551 total_min_ms=0.256954 total_max_ms=0.289067 total_var_ms=0.000081885 effective_gflops=7.612344
RESULT comm=checkerboard_nccl kernel=acc matrix=parabolic_fem.mtx P=4 rank=2 nrows_local=262912 ncols_global=525825 nnz_local=830387 n_ghost=-1 compute_avg_ms=0.026453 compute_min_ms=0.024576 compute_max_ms=0.029696 compute_var_ms=0.000002103 compute_gflops=62.781276 eff_bw_gbs=370.389923 pct_peak_bw=39.6937 comm_avg_ms=0.292966 comm_min_ms=0.282162 comm_max_ms=0.330829 comm_var_ms=0.000262566 total_avg_ms=0.319420 total_min_ms=0.307762 total_max_ms=0.360525 total_var_ms=0.000308021 effective_gflops=5.199347
RESULT comm=checkerboard_nccl kernel=acc matrix=parabolic_fem.mtx P=4 rank=3 nrows_local=262912 ncols_global=525825 nnz_local=1006924 n_ghost=-1 compute_avg_ms=0.030037 compute_min_ms=0.027648 compute_max_ms=0.034816 compute_var_ms=0.000004707 compute_gflops=67.044832 eff_bw_gbs=373.213551 pct_peak_bw=39.9963 comm_avg_ms=0.237252 comm_min_ms=0.231271 comm_max_ms=0.256176 comm_var_ms=0.000074134 total_avg_ms=0.267290 total_min_ms=0.259853 total_max_ms=0.290992 total_var_ms=0.000114282 effective_gflops=7.534330
[ERROR CHECKING] OK!

--- P=4 rep=2/3 driver=spmv_bcast ---
Loaded ../matrices/parabolic_fem.mtx: 525825 x 525825, 3674625 nnz
RESULT comm=bcast kernel=cusparse matrix=parabolic_fem.mtx P=4 rank=0 nrows_local=131457 ncols_global=525825 nnz_local=918659 n_ghost=-1 compute_avg_ms=0.042257 compute_min_ms=0.040960 compute_max_ms=0.043008 compute_var_ms=0.000000275 compute_gflops=43.479545 eff_bw_gbs=248.579302 pct_peak_bw=26.6396 comm_avg_ms=0.641423 comm_min_ms=0.585260 comm_max_ms=0.675590 comm_var_ms=0.000181913 total_avg_ms=0.683681 total_min_ms=0.627244 total_max_ms=0.717574 total_var_ms=0.000182976 effective_gflops=2.687393
RESULT comm=bcast kernel=cusparse matrix=parabolic_fem.mtx P=4 rank=1 nrows_local=131456 ncols_global=525825 nnz_local=918641 n_ghost=-1 compute_avg_ms=0.042257 compute_min_ms=0.040960 compute_max_ms=0.044032 compute_var_ms=0.000000415 compute_gflops=43.478693 eff_bw_gbs=248.575705 pct_peak_bw=26.6392 comm_avg_ms=0.943498 comm_min_ms=0.873426 comm_max_ms=0.982566 comm_var_ms=0.000275752 total_avg_ms=0.985756 total_min_ms=0.915410 total_max_ms=1.024550 total_var_ms=0.000276226 effective_gflops=1.863831
RESULT comm=bcast kernel=cusparse matrix=parabolic_fem.mtx P=4 rank=2 nrows_local=131456 ncols_global=525825 nnz_local=918655 n_ghost=-1 compute_avg_ms=0.041472 compute_min_ms=0.040960 compute_max_ms=0.043008 compute_var_ms=0.000000332 compute_gflops=44.302422 eff_bw_gbs=253.283956 pct_peak_bw=27.1438 comm_avg_ms=1.074291 comm_min_ms=1.057194 comm_max_ms=1.289177 comm_var_ms=0.001701186 total_avg_ms=1.115763 total_min_ms=1.098154 total_max_ms=1.331161 total_var_ms=0.001705062 effective_gflops=1.646685
RESULT comm=bcast kernel=cusparse matrix=parabolic_fem.mtx P=4 rank=3 nrows_local=131456 ncols_global=525825 nnz_local=918670 n_ghost=-1 compute_avg_ms=0.042359 compute_min_ms=0.040960 compute_max_ms=0.043008 compute_var_ms=0.000000313 compute_gflops=43.374957 eff_bw_gbs=247.980274 pct_peak_bw=26.5754 comm_avg_ms=1.078517 comm_min_ms=1.062747 comm_max_ms=1.287961 comm_var_ms=0.001601618 total_avg_ms=1.120876 total_min_ms=1.104731 total_max_ms=1.330969 total_var_ms=0.001609993 effective_gflops=1.639200
[ERROR CHECKING] OK!

--- P=4 rep=2/3 driver=spmv_ghost_cusparse ---
Loaded ../matrices/parabolic_fem.mtx: 525825 x 525825, 3674625 nnz
RESULT comm=ghost_mpi kernel=cusparse matrix=parabolic_fem.mtx P=4 rank=0 nrows_local=131457 ncols_global=525825 nnz_local=918659 n_ghost=327361 compute_avg_ms=0.040823 compute_min_ms=0.039936 compute_max_ms=0.041984 compute_var_ms=0.000000401 compute_gflops=45.006419 eff_bw_gbs=250.743141 pct_peak_bw=26.8715 comm_avg_ms=1.130538 comm_min_ms=0.849353 comm_max_ms=1.509300 comm_var_ms=0.020011231 total_avg_ms=1.171362 total_min_ms=0.890313 total_max_ms=1.550260 total_var_ms=0.020005712 effective_gflops=1.568532
RESULT comm=ghost_mpi kernel=cusparse matrix=parabolic_fem.mtx P=4 rank=1 nrows_local=131456 ncols_global=525825 nnz_local=918641 n_ghost=330183 compute_avg_ms=0.041711 compute_min_ms=0.040960 compute_max_ms=0.043008 compute_var_ms=0.000000275 compute_gflops=44.047972 eff_bw_gbs=245.675063 pct_peak_bw=26.3283 comm_avg_ms=1.468290 comm_min_ms=0.914217 comm_max_ms=1.897799 comm_var_ms=0.096499433 total_avg_ms=1.510001 total_min_ms=0.955177 total_max_ms=1.939783 total_var_ms=0.096536636 effective_gflops=1.216742
RESULT comm=ghost_mpi kernel=cusparse matrix=parabolic_fem.mtx P=4 rank=2 nrows_local=131456 ncols_global=525825 nnz_local=918655 n_ghost=344163 compute_avg_ms=0.040550 compute_min_ms=0.039936 compute_max_ms=0.043008 compute_var_ms=0.000000461 compute_gflops=45.309295 eff_bw_gbs=254.087957 pct_peak_bw=27.2299 comm_avg_ms=1.495262 comm_min_ms=0.921868 comm_max_ms=1.930929 comm_var_ms=0.079156740 total_avg_ms=1.535812 total_min_ms=0.962828 total_max_ms=1.970865 total_var_ms=0.079183332 effective_gflops=1.196311
RESULT comm=ghost_mpi kernel=cusparse matrix=parabolic_fem.mtx P=4 rank=3 nrows_local=131456 ncols_global=525825 nnz_local=918670 n_ghost=355664 compute_avg_ms=0.041062 compute_min_ms=0.039936 compute_max_ms=0.041984 compute_var_ms=0.000000234 compute_gflops=44.745072 eff_bw_gbs=252.043043 pct_peak_bw=27.0108 comm_avg_ms=1.502431 comm_min_ms=0.921909 comm_max_ms=1.930113 comm_var_ms=0.081774037 total_avg_ms=1.543494 total_min_ms=0.962869 total_max_ms=1.971073 total_var_ms=0.081841107 effective_gflops=1.190378
[ERROR CHECKING] OK!

--- P=4 rep=2/3 driver=spmv_ghost_acc ---
Loaded ../matrices/parabolic_fem.mtx: 525825 x 525825, 3674625 nnz
[kernel] acc -> LINE-ENHANCE (nnz=918641, avg_nnz=6.99, imbalance=1.00, V=1)
[kernel] acc -> LINE-ENHANCE (nnz=918670, avg_nnz=6.99, imbalance=1.00, V=1)
[kernel] acc -> LINE-ENHANCE (nnz=918659, avg_nnz=6.99, imbalance=1.00, V=1)
[kernel] acc -> LINE-ENHANCE (nnz=918655, avg_nnz=6.99, imbalance=1.00, V=1)
RESULT comm=ghost_mpi kernel=acc matrix=parabolic_fem.mtx P=4 rank=0 nrows_local=131457 ncols_global=525825 nnz_local=918659 n_ghost=327361 compute_avg_ms=0.031676 compute_min_ms=0.030720 compute_max_ms=0.032768 compute_var_ms=0.000000555 compute_gflops=58.003962 eff_bw_gbs=323.156027 pct_peak_bw=34.6318 comm_avg_ms=1.175627 comm_min_ms=0.800942 comm_max_ms=2.127232 comm_var_ms=0.067657327 total_avg_ms=1.207303 total_min_ms=0.832686 total_max_ms=2.160000 total_var_ms=0.067691301 effective_gflops=1.521837
RESULT comm=ghost_mpi kernel=acc matrix=parabolic_fem.mtx P=4 rank=2 nrows_local=131456 ncols_global=525825 nnz_local=918655 n_ghost=344163 compute_avg_ms=0.031539 compute_min_ms=0.029696 compute_max_ms=0.033792 compute_var_ms=0.000000727 compute_gflops=58.254808 eff_bw_gbs=326.684511 pct_peak_bw=35.0099 comm_avg_ms=1.498055 comm_min_ms=1.010606 comm_max_ms=2.081083 comm_var_ms=0.077667253 total_avg_ms=1.529594 total_min_ms=1.042350 total_max_ms=2.112827 total_var_ms=0.077607634 effective_gflops=1.201175
RESULT comm=ghost_mpi kernel=acc matrix=parabolic_fem.mtx P=4 rank=1 nrows_local=131456 ncols_global=525825 nnz_local=918641 n_ghost=330183 compute_avg_ms=0.032119 compute_min_ms=0.030720 compute_max_ms=0.034816 compute_var_ms=0.000000873 compute_gflops=57.201511 eff_bw_gbs=319.038177 pct_peak_bw=34.1905 comm_avg_ms=1.444694 comm_min_ms=1.005707 comm_max_ms=1.834303 comm_var_ms=0.070353802 total_avg_ms=1.476813 total_min_ms=1.036427 total_max_ms=1.866047 total_var_ms=0.070412327 effective_gflops=1.244085
RESULT comm=ghost_mpi kernel=acc matrix=parabolic_fem.mtx P=4 rank=3 nrows_local=131456 ncols_global=525825 nnz_local=918670 n_ghost=355664 compute_avg_ms=0.030720 compute_min_ms=0.029696 compute_max_ms=0.031744 compute_var_ms=0.000000280 compute_gflops=59.809246 eff_bw_gbs=336.897532 pct_peak_bw=36.1044 comm_avg_ms=1.504883 comm_min_ms=1.010469 comm_max_ms=2.125170 comm_var_ms=0.084156398 total_avg_ms=1.535603 total_min_ms=1.040165 total_max_ms=2.154866 total_var_ms=0.084110941 effective_gflops=1.196494
[ERROR CHECKING] OK!

--- P=4 rep=2/3 driver=spmv_ghost_nccl_cusparse ---
Loaded ../matrices/parabolic_fem.mtx: 525825 x 525825, 3674625 nnz
RESULT comm=ghost_nccl kernel=cusparse matrix=parabolic_fem.mtx P=4 rank=1 nrows_local=131456 ncols_global=525825 nnz_local=918641 n_ghost=330183 compute_avg_ms=0.041165 compute_min_ms=0.039936 compute_max_ms=0.041984 compute_var_ms=0.000000308 compute_gflops=44.632357 eff_bw_gbs=248.934435 pct_peak_bw=26.6776 comm_avg_ms=0.784930 comm_min_ms=0.407201 comm_max_ms=7.253238 comm_var_ms=1.685301387 total_avg_ms=0.826095 total_min_ms=0.448161 total_max_ms=7.294198 total_var_ms=1.685153198 effective_gflops=2.224057
RESULT comm=ghost_nccl kernel=cusparse matrix=parabolic_fem.mtx P=4 rank=2 nrows_local=131456 ncols_global=525825 nnz_local=918655 n_ghost=344163 compute_avg_ms=0.040516 compute_min_ms=0.039936 compute_max_ms=0.040960 compute_var_ms=0.000000257 compute_gflops=45.347467 eff_bw_gbs=254.302016 pct_peak_bw=27.2529 comm_avg_ms=0.799608 comm_min_ms=0.429378 comm_max_ms=7.267881 comm_var_ms=1.683792893 total_avg_ms=0.840124 total_min_ms=0.470338 total_max_ms=7.307817 total_var_ms=1.683379527 effective_gflops=2.186952
RESULT comm=ghost_nccl kernel=cusparse matrix=parabolic_fem.mtx P=4 rank=0 nrows_local=131457 ncols_global=525825 nnz_local=918659 n_ghost=327361 compute_avg_ms=0.040823 compute_min_ms=0.039936 compute_max_ms=0.041984 compute_var_ms=0.000000401 compute_gflops=45.006419 eff_bw_gbs=250.743141 pct_peak_bw=26.8715 comm_avg_ms=0.711494 comm_min_ms=0.341077 comm_max_ms=7.172967 comm_var_ms=1.674975052 total_avg_ms=0.752318 total_min_ms=0.382037 total_max_ms=7.212903 total_var_ms=1.674527720 effective_gflops=2.442210
RESULT comm=ghost_nccl kernel=cusparse matrix=parabolic_fem.mtx P=4 rank=3 nrows_local=131456 ncols_global=525825 nnz_local=918670 n_ghost=355664 compute_avg_ms=0.041472 compute_min_ms=0.040960 compute_max_ms=0.041984 compute_var_ms=0.000000262 compute_gflops=44.303145 eff_bw_gbs=249.553728 pct_peak_bw=26.7440 comm_avg_ms=0.760936 comm_min_ms=0.384633 comm_max_ms=7.227968 comm_var_ms=1.683539354 total_avg_ms=0.802408 total_min_ms=0.426617 total_max_ms=7.268928 total_var_ms=1.683437288 effective_gflops=2.289784
[ERROR CHECKING] OK!

--- P=4 rep=2/3 driver=spmv_ghost_nccl_acc ---
Loaded ../matrices/parabolic_fem.mtx: 525825 x 525825, 3674625 nnz
[kernel] acc -> LINE-ENHANCE (nnz=918641, avg_nnz=6.99, imbalance=1.00, V=1)
[kernel] acc -> LINE-ENHANCE (nnz=918655, avg_nnz=6.99, imbalance=1.00, V=1)
[kernel] acc -> LINE-ENHANCE (nnz=918670, avg_nnz=6.99, imbalance=1.00, V=1)
[kernel] acc -> LINE-ENHANCE (nnz=918659, avg_nnz=6.99, imbalance=1.00, V=1)
RESULT comm=ghost_nccl kernel=acc matrix=parabolic_fem.mtx P=4 rank=1 nrows_local=131456 ncols_global=525825 nnz_local=918641 n_ghost=330183 compute_avg_ms=0.031846 compute_min_ms=0.029696 compute_max_ms=0.033792 compute_var_ms=0.000000724 compute_gflops=57.691985 eff_bw_gbs=321.773767 pct_peak_bw=34.4836 comm_avg_ms=0.489131 comm_min_ms=0.393917 comm_max_ms=2.573756 comm_var_ms=0.149930526 total_avg_ms=0.520977 total_min_ms=0.425661 total_max_ms=2.606524 total_var_ms=0.150063303 effective_gflops=3.526607
RESULT comm=ghost_nccl kernel=acc matrix=parabolic_fem.mtx P=4 rank=2 nrows_local=131456 ncols_global=525825 nnz_local=918655 n_ghost=344163 compute_avg_ms=0.030993 compute_min_ms=0.029696 compute_max_ms=0.032768 compute_var_ms=0.000000624 compute_gflops=59.281324 eff_bw_gbs=332.441067 pct_peak_bw=35.6268 comm_avg_ms=0.511247 comm_min_ms=0.420409 comm_max_ms=2.605011 comm_var_ms=0.151221359 total_avg_ms=0.542240 total_min_ms=0.451129 total_max_ms=2.636755 total_var_ms=0.151328944 effective_gflops=3.388372
RESULT comm=ghost_nccl kernel=acc matrix=parabolic_fem.mtx P=4 rank=0 nrows_local=131457 ncols_global=525825 nnz_local=918659 n_ghost=327361 compute_avg_ms=0.031471 compute_min_ms=0.030720 compute_max_ms=0.033792 compute_var_ms=0.000000624 compute_gflops=58.381428 eff_bw_gbs=325.258996 pct_peak_bw=34.8571 comm_avg_ms=0.423789 comm_min_ms=0.342022 comm_max_ms=2.520985 comm_var_ms=0.151705223 total_avg_ms=0.455260 total_min_ms=0.372742 total_max_ms=2.551705 total_var_ms=0.151598691 effective_gflops=4.035752
RESULT comm=ghost_nccl kernel=acc matrix=parabolic_fem.mtx P=4 rank=3 nrows_local=131456 ncols_global=525825 nnz_local=918670 n_ghost=355664 compute_avg_ms=0.030822 compute_min_ms=0.029696 compute_max_ms=0.032768 compute_var_ms=0.000000374 compute_gflops=59.610544 eff_bw_gbs=335.778271 pct_peak_bw=35.9845 comm_avg_ms=0.468362 comm_min_ms=0.375257 comm_max_ms=2.562427 comm_var_ms=0.151268449 total_avg_ms=0.499184 total_min_ms=0.405977 total_max_ms=2.594171 total_var_ms=0.151399640 effective_gflops=3.680686
[ERROR CHECKING] OK!

--- P=4 rep=2/3 driver=spmv_2d_cusparse ---
Grid: P=4 -> P_r=2 x P_c=2
Loaded ../matrices/parabolic_fem.mtx: 525825 x 525825, 3674625 nnz
RESULT comm=checkerboard_mpi kernel=cusparse matrix=parabolic_fem.mtx P=4 rank=0 nrows_local=262913 ncols_global=525825 nnz_local=1006927 n_ghost=-1 compute_avg_ms=0.041404 compute_min_ms=0.039936 compute_max_ms=0.044032 compute_var_ms=0.000000607 compute_gflops=48.639431 eff_bw_gbs=270.757619 pct_peak_bw=29.0164 comm_avg_ms=1.238361 comm_min_ms=1.222510 comm_max_ms=1.305783 comm_var_ms=0.000238230 total_avg_ms=1.279765 total_min_ms=1.263470 total_max_ms=1.346743 total_var_ms=0.000237409 effective_gflops=1.573613
RESULT comm=checkerboard_mpi kernel=cusparse matrix=parabolic_fem.mtx P=4 rank=1 nrows_local=262913 ncols_global=525825 nnz_local=830387 n_ghost=-1 compute_avg_ms=0.040175 compute_min_ms=0.039936 compute_max_ms=0.043008 compute_var_ms=0.000000397 compute_gflops=41.338564 eff_bw_gbs=243.884719 pct_peak_bw=26.1365 comm_avg_ms=0.848723 comm_min_ms=0.838934 comm_max_ms=0.867250 comm_var_ms=0.000045662 total_avg_ms=0.888898 total_min_ms=0.879276 total_max_ms=0.907186 total_var_ms=0.000044247 effective_gflops=1.868352
RESULT comm=checkerboard_mpi kernel=cusparse matrix=parabolic_fem.mtx P=4 rank=2 nrows_local=262912 ncols_global=525825 nnz_local=830387 n_ghost=-1 compute_avg_ms=0.039322 compute_min_ms=0.037888 compute_max_ms=0.043008 compute_var_ms=0.000000741 compute_gflops=42.235668 eff_bw_gbs=249.177255 pct_peak_bw=26.7037 comm_avg_ms=1.379167 comm_min_ms=1.366731 comm_max_ms=1.390023 comm_var_ms=0.000036946 total_avg_ms=1.418488 total_min_ms=1.406667 total_max_ms=1.428935 total_var_ms=0.000036474 effective_gflops=1.170806
RESULT comm=checkerboard_mpi kernel=cusparse matrix=parabolic_fem.mtx P=4 rank=3 nrows_local=262912 ncols_global=525825 nnz_local=1006924 n_ghost=-1 compute_avg_ms=0.041370 compute_min_ms=0.040960 compute_max_ms=0.043008 compute_var_ms=0.000000322 compute_gflops=48.679418 eff_bw_gbs=270.980146 pct_peak_bw=29.0402 comm_avg_ms=1.143941 comm_min_ms=1.115408 comm_max_ms=1.153501 comm_var_ms=0.000053031 total_avg_ms=1.185311 total_min_ms=1.156368 total_max_ms=1.194461 total_var_ms=0.000052968 effective_gflops=1.699005
[ERROR CHECKING] OK!

--- P=4 rep=2/3 driver=spmv_2d_acc ---
Grid: P=4 -> P_r=2 x P_c=2
Loaded ../matrices/parabolic_fem.mtx: 525825 x 525825, 3674625 nnz
[kernel] acc -> LINE-ENHANCE (nnz=830387, avg_nnz=3.16, imbalance=1.90, V=1)
[kernel] acc -> LINE-ENHANCE (nnz=1006924, avg_nnz=3.83, imbalance=1.83, V=1)
[kernel] acc -> LINE-ENHANCE (nnz=830387, avg_nnz=3.16, imbalance=1.90, V=1)
[kernel] acc -> LINE-ENHANCE (nnz=1006927, avg_nnz=3.83, imbalance=1.83, V=1)
RESULT comm=checkerboard_mpi kernel=acc matrix=parabolic_fem.mtx P=4 rank=1 nrows_local=262913 ncols_global=525825 nnz_local=830387 n_ghost=-1 compute_avg_ms=0.026351 compute_min_ms=0.025600 compute_max_ms=0.027648 compute_var_ms=0.000000275 compute_gflops=63.025245 eff_bw_gbs=371.829416 pct_peak_bw=39.8480 comm_avg_ms=0.967458 comm_min_ms=0.955578 comm_max_ms=1.000605 comm_var_ms=0.000060219 total_avg_ms=0.993809 total_min_ms=0.981178 total_max_ms=1.027229 total_var_ms=0.000062786 effective_gflops=1.671121
RESULT comm=checkerboard_mpi kernel=acc matrix=parabolic_fem.mtx P=4 rank=2 nrows_local=262912 ncols_global=525825 nnz_local=830387 n_ghost=-1 compute_avg_ms=0.026249 compute_min_ms=0.025600 compute_max_ms=0.026624 compute_var_ms=0.000000244 compute_gflops=63.271117 eff_bw_gbs=373.279834 pct_peak_bw=40.0034 comm_avg_ms=1.318036 comm_min_ms=1.302974 comm_max_ms=1.344656 comm_var_ms=0.000056821 total_avg_ms=1.344284 total_min_ms=1.329598 total_max_ms=1.370256 total_var_ms=0.000056035 effective_gflops=1.235434
RESULT comm=checkerboard_mpi kernel=acc matrix=parabolic_fem.mtx P=4 rank=0 nrows_local=262913 ncols_global=525825 nnz_local=1006927 n_ghost=-1 compute_avg_ms=0.028911 compute_min_ms=0.028672 compute_max_ms=0.029696 compute_var_ms=0.000000188 compute_gflops=69.657176 eff_bw_gbs=387.755583 pct_peak_bw=41.5547 comm_avg_ms=1.276149 comm_min_ms=1.266122 comm_max_ms=1.288189 comm_var_ms=0.000030713 total_avg_ms=1.305060 total_min_ms=1.294794 total_max_ms=1.316861 total_var_ms=0.000028928 effective_gflops=1.543112
RESULT comm=checkerboard_mpi kernel=acc matrix=parabolic_fem.mtx P=4 rank=3 nrows_local=262912 ncols_global=525825 nnz_local=1006924 n_ghost=-1 compute_avg_ms=0.028809 compute_min_ms=0.027648 compute_max_ms=0.029696 compute_var_ms=0.000000261 compute_gflops=69.904564 eff_bw_gbs=389.132612 pct_peak_bw=41.7023 comm_avg_ms=0.905776 comm_min_ms=0.872549 comm_max_ms=0.927385 comm_var_ms=0.000177934 total_avg_ms=0.934584 total_min_ms=0.901221 total_max_ms=0.956057 total_var_ms=0.000179519 effective_gflops=2.154807
[ERROR CHECKING] OK!

--- P=4 rep=2/3 driver=spmv_2d_nccl_cusparse ---
Grid: P=4 -> P_r=2 x P_c=2
Loaded ../matrices/parabolic_fem.mtx: 525825 x 525825, 3674625 nnz
RESULT comm=checkerboard_nccl kernel=cusparse matrix=parabolic_fem.mtx P=4 rank=1 nrows_local=262913 ncols_global=525825 nnz_local=830387 n_ghost=-1 compute_avg_ms=0.040619 compute_min_ms=0.039936 compute_max_ms=0.040960 compute_var_ms=0.000000233 compute_gflops=40.886966 eff_bw_gbs=241.220431 pct_peak_bw=25.8510 comm_avg_ms=0.185477 comm_min_ms=0.182188 comm_max_ms=0.188272 comm_var_ms=0.000001418 total_avg_ms=0.226096 total_min_ms=0.223148 total_max_ms=0.228208 total_var_ms=0.000001386 effective_gflops=7.345444
RESULT comm=checkerboard_nccl kernel=cusparse matrix=parabolic_fem.mtx P=4 rank=2 nrows_local=262912 ncols_global=525825 nnz_local=830387 n_ghost=-1 compute_avg_ms=0.039765 compute_min_ms=0.038912 compute_max_ms=0.040960 compute_var_ms=0.000000285 compute_gflops=41.764369 eff_bw_gbs=246.396736 pct_peak_bw=26.4057 comm_avg_ms=0.284365 comm_min_ms=0.280524 comm_max_ms=0.287985 comm_var_ms=0.000002838 total_avg_ms=0.324130 total_min_ms=0.319436 total_max_ms=0.327921 total_var_ms=0.000002848 effective_gflops=5.123783
RESULT comm=checkerboard_nccl kernel=cusparse matrix=parabolic_fem.mtx P=4 rank=0 nrows_local=262913 ncols_global=525825 nnz_local=1006927 n_ghost=-1 compute_avg_ms=0.042633 compute_min_ms=0.040960 compute_max_ms=0.044032 compute_var_ms=0.000000383 compute_gflops=47.237494 eff_bw_gbs=262.953553 pct_peak_bw=28.1800 comm_avg_ms=0.232949 comm_min_ms=0.229262 comm_max_ms=0.236360 comm_var_ms=0.000003008 total_avg_ms=0.275582 total_min_ms=0.271246 total_max_ms=0.278573 total_var_ms=0.000003157 effective_gflops=7.307648
RESULT comm=checkerboard_nccl kernel=cusparse matrix=parabolic_fem.mtx P=4 rank=3 nrows_local=262912 ncols_global=525825 nnz_local=1006924 n_ghost=-1 compute_avg_ms=0.041882 compute_min_ms=0.040960 compute_max_ms=0.043008 compute_var_ms=0.000000304 compute_gflops=48.084315 eff_bw_gbs=267.667429 pct_peak_bw=28.6852 comm_avg_ms=0.233663 comm_min_ms=0.230721 comm_max_ms=0.236857 comm_var_ms=0.000001476 total_avg_ms=0.275545 total_min_ms=0.271681 total_max_ms=0.278841 total_var_ms=0.000001849 effective_gflops=7.308601
[ERROR CHECKING] OK!

--- P=4 rep=2/3 driver=spmv_2d_nccl_acc ---
Grid: P=4 -> P_r=2 x P_c=2
Loaded ../matrices/parabolic_fem.mtx: 525825 x 525825, 3674625 nnz
[kernel] acc -> LINE-ENHANCE (nnz=1006924, avg_nnz=3.83, imbalance=1.83, V=1)
[kernel] acc -> LINE-ENHANCE (nnz=830387, avg_nnz=3.16, imbalance=1.90, V=1)
[kernel] acc -> LINE-ENHANCE (nnz=830387, avg_nnz=3.16, imbalance=1.90, V=1)
[kernel] acc -> LINE-ENHANCE (nnz=1006927, avg_nnz=3.83, imbalance=1.83, V=1)
RESULT comm=checkerboard_nccl kernel=acc matrix=parabolic_fem.mtx P=4 rank=0 nrows_local=262913 ncols_global=525825 nnz_local=1006927 n_ghost=-1 compute_avg_ms=0.030481 compute_min_ms=0.027648 compute_max_ms=0.036864 compute_var_ms=0.000009275 compute_gflops=66.069012 eff_bw_gbs=367.781611 pct_peak_bw=39.4142 comm_avg_ms=0.234314 comm_min_ms=0.225763 comm_max_ms=0.251018 comm_var_ms=0.000055243 total_avg_ms=0.264795 total_min_ms=0.257332 total_max_ms=0.287882 total_var_ms=0.000093416 effective_gflops=7.605319
RESULT comm=checkerboard_nccl kernel=acc matrix=parabolic_fem.mtx P=4 rank=2 nrows_local=262912 ncols_global=525825 nnz_local=830387 n_ghost=-1 compute_avg_ms=0.026453 compute_min_ms=0.024576 compute_max_ms=0.029696 compute_var_ms=0.000001544 compute_gflops=62.781276 eff_bw_gbs=370.389923 pct_peak_bw=39.6937 comm_avg_ms=0.292897 comm_min_ms=0.280678 comm_max_ms=0.333561 comm_var_ms=0.000271113 total_avg_ms=0.319350 total_min_ms=0.306278 total_max_ms=0.362233 total_var_ms=0.000306233 effective_gflops=5.200484
RESULT comm=checkerboard_nccl kernel=acc matrix=parabolic_fem.mtx P=4 rank=1 nrows_local=262913 ncols_global=525825 nnz_local=830387 n_ghost=-1 compute_avg_ms=0.026863 compute_min_ms=0.025600 compute_max_ms=0.030720 compute_var_ms=0.000002285 compute_gflops=61.824001 eff_bw_gbs=364.742449 pct_peak_bw=39.0885 comm_avg_ms=0.184075 comm_min_ms=0.181982 comm_max_ms=0.186866 comm_var_ms=0.000001958 total_avg_ms=0.210938 total_min_ms=0.207582 total_max_ms=0.217541 total_var_ms=0.000006578 effective_gflops=7.873273
RESULT comm=checkerboard_nccl kernel=acc matrix=parabolic_fem.mtx P=4 rank=3 nrows_local=262912 ncols_global=525825 nnz_local=1006924 n_ghost=-1 compute_avg_ms=0.029867 compute_min_ms=0.028672 compute_max_ms=0.034816 compute_var_ms=0.000003781 compute_gflops=67.427945 eff_bw_gbs=375.346200 pct_peak_bw=40.2249 comm_avg_ms=0.236253 comm_min_ms=0.230936 comm_max_ms=0.257246 comm_var_ms=0.000076209 total_avg_ms=0.266119 total_min_ms=0.259608 total_max_ms=0.290014 total_var_ms=0.000109051 effective_gflops=7.567459
[ERROR CHECKING] OK!

--- P=4 rep=3/3 driver=spmv_bcast ---
Loaded ../matrices/parabolic_fem.mtx: 525825 x 525825, 3674625 nnz
RESULT comm=bcast kernel=cusparse matrix=parabolic_fem.mtx P=4 rank=0 nrows_local=131457 ncols_global=525825 nnz_local=918659 n_ghost=-1 compute_avg_ms=0.042291 compute_min_ms=0.040960 compute_max_ms=0.043008 compute_var_ms=0.000000290 compute_gflops=43.444452 eff_bw_gbs=248.378673 pct_peak_bw=26.6181 comm_avg_ms=0.738224 comm_min_ms=0.722884 comm_max_ms=0.747047 comm_var_ms=0.000040166 total_avg_ms=0.780516 total_min_ms=0.765892 total_max_ms=0.790055 total_var_ms=0.000040360 effective_gflops=2.353980
RESULT comm=bcast kernel=cusparse matrix=parabolic_fem.mtx P=4 rank=1 nrows_local=131456 ncols_global=525825 nnz_local=918641 n_ghost=-1 compute_avg_ms=0.042667 compute_min_ms=0.041984 compute_max_ms=0.044032 compute_var_ms=0.000000443 compute_gflops=43.061297 eff_bw_gbs=246.189378 pct_peak_bw=26.3835 comm_avg_ms=0.940778 comm_min_ms=0.924831 comm_max_ms=0.954791 comm_var_ms=0.000046223 total_avg_ms=0.983445 total_min_ms=0.967839 total_max_ms=0.997324 total_var_ms=0.000044668 effective_gflops=1.868211
RESULT comm=bcast kernel=cusparse matrix=parabolic_fem.mtx P=4 rank=2 nrows_local=131456 ncols_global=525825 nnz_local=918655 n_ghost=-1 compute_avg_ms=0.041609 compute_min_ms=0.040960 compute_max_ms=0.043008 compute_var_ms=0.000000453 compute_gflops=44.157049 eff_bw_gbs=252.452835 pct_peak_bw=27.0547 comm_avg_ms=1.070718 comm_min_ms=1.061080 comm_max_ms=1.099573 comm_var_ms=0.000063171 total_avg_ms=1.112327 total_min_ms=1.103064 total_max_ms=1.141557 total_var_ms=0.000064830 effective_gflops=1.651772
RESULT comm=bcast kernel=cusparse matrix=parabolic_fem.mtx P=4 rank=3 nrows_local=131456 ncols_global=525825 nnz_local=918670 n_ghost=-1 compute_avg_ms=0.042189 compute_min_ms=0.041984 compute_max_ms=0.043008 compute_var_ms=0.000000168 compute_gflops=43.550422 eff_bw_gbs=248.983431 pct_peak_bw=26.6829 comm_avg_ms=1.072087 comm_min_ms=1.064219 comm_max_ms=1.083483 comm_var_ms=0.000031080 total_avg_ms=1.114276 total_min_ms=1.106481 total_max_ms=1.126491 total_var_ms=0.000031681 effective_gflops=1.648909
[ERROR CHECKING] OK!

--- P=4 rep=3/3 driver=spmv_ghost_cusparse ---
Loaded ../matrices/parabolic_fem.mtx: 525825 x 525825, 3674625 nnz
RESULT comm=ghost_mpi kernel=cusparse matrix=parabolic_fem.mtx P=4 rank=0 nrows_local=131457 ncols_global=525825 nnz_local=918659 n_ghost=327361 compute_avg_ms=0.040823 compute_min_ms=0.039936 compute_max_ms=0.041984 compute_var_ms=0.000000191 compute_gflops=45.006419 eff_bw_gbs=250.743141 pct_peak_bw=26.8715 comm_avg_ms=1.185839 comm_min_ms=0.906966 comm_max_ms=1.853382 comm_var_ms=0.036382857 total_avg_ms=1.226662 total_min_ms=0.947926 total_max_ms=1.894342 total_var_ms=0.036373157 effective_gflops=1.497819
RESULT comm=ghost_mpi kernel=cusparse matrix=parabolic_fem.mtx P=4 rank=1 nrows_local=131456 ncols_global=525825 nnz_local=918641 n_ghost=330183 compute_avg_ms=0.041370 compute_min_ms=0.039936 compute_max_ms=0.041984 compute_var_ms=0.000000322 compute_gflops=44.411405 eff_bw_gbs=247.702086 pct_peak_bw=26.5456 comm_avg_ms=1.535043 comm_min_ms=1.010404 comm_max_ms=1.955229 comm_var_ms=0.067767881 total_avg_ms=1.576412 total_min_ms=1.052388 total_max_ms=1.996189 total_var_ms=0.067697577 effective_gflops=1.165483
RESULT comm=ghost_mpi kernel=cusparse matrix=parabolic_fem.mtx P=4 rank=2 nrows_local=131456 ncols_global=525825 nnz_local=918655 n_ghost=344163 compute_avg_ms=0.040755 compute_min_ms=0.039936 compute_max_ms=0.043008 compute_var_ms=0.000000517 compute_gflops=45.081610 eff_bw_gbs=252.811133 pct_peak_bw=27.0931 comm_avg_ms=1.575097 comm_min_ms=1.012083 comm_max_ms=1.915283 comm_var_ms=0.054785052 total_avg_ms=1.615852 total_min_ms=1.054067 total_max_ms=1.956243 total_var_ms=0.054738785 effective_gflops=1.137053
RESULT comm=ghost_mpi kernel=cusparse matrix=parabolic_fem.mtx P=4 rank=3 nrows_local=131456 ncols_global=525825 nnz_local=918670 n_ghost=355664 compute_avg_ms=0.040858 compute_min_ms=0.039936 compute_max_ms=0.041984 compute_var_ms=0.000000304 compute_gflops=44.969358 eff_bw_gbs=253.306417 pct_peak_bw=27.1462 comm_avg_ms=1.582803 comm_min_ms=1.011823 comm_max_ms=1.955154 comm_var_ms=0.057646232 total_avg_ms=1.623661 total_min_ms=1.053807 total_max_ms=1.995090 total_var_ms=0.057604383 effective_gflops=1.131603
[ERROR CHECKING] OK!

--- P=4 rep=3/3 driver=spmv_ghost_acc ---
Loaded ../matrices/parabolic_fem.mtx: 525825 x 525825, 3674625 nnz
[kernel] acc -> LINE-ENHANCE (nnz=918641, avg_nnz=6.99, imbalance=1.00, V=1)
[kernel] acc -> LINE-ENHANCE (nnz=918670, avg_nnz=6.99, imbalance=1.00, V=1)
[kernel] acc -> LINE-ENHANCE (nnz=918659, avg_nnz=6.99, imbalance=1.00, V=1)
[kernel] acc -> LINE-ENHANCE (nnz=918655, avg_nnz=6.99, imbalance=1.00, V=1)
RESULT comm=ghost_mpi kernel=acc matrix=parabolic_fem.mtx P=4 rank=0 nrows_local=131457 ncols_global=525825 nnz_local=918659 n_ghost=327361 compute_avg_ms=0.031198 compute_min_ms=0.029696 compute_max_ms=0.032768 compute_var_ms=0.000000471 compute_gflops=58.892425 eff_bw_gbs=328.105901 pct_peak_bw=35.1622 comm_avg_ms=1.210347 comm_min_ms=1.026000 comm_max_ms=1.825457 comm_var_ms=0.036485757 total_avg_ms=1.241545 total_min_ms=1.055696 total_max_ms=1.857201 total_var_ms=0.036509255 effective_gflops=1.479864
RESULT comm=ghost_mpi kernel=acc matrix=parabolic_fem.mtx P=4 rank=1 nrows_local=131456 ncols_global=525825 nnz_local=918641 n_ghost=330183 compute_avg_ms=0.032017 compute_min_ms=0.030720 compute_max_ms=0.033792 compute_var_ms=0.000000485 compute_gflops=57.384458 eff_bw_gbs=320.058555 pct_peak_bw=34.2998 comm_avg_ms=1.561368 comm_min_ms=1.046629 comm_max_ms=1.952008 comm_var_ms=0.074324049 total_avg_ms=1.593385 total_min_ms=1.077349 total_max_ms=1.983752 total_var_ms=0.074358113 effective_gflops=1.153068
RESULT comm=ghost_mpi kernel=acc matrix=parabolic_fem.mtx P=4 rank=3 nrows_local=131456 ncols_global=525825 nnz_local=918670 n_ghost=355664 compute_avg_ms=0.030583 compute_min_ms=0.029696 compute_max_ms=0.031744 compute_var_ms=0.000000471 compute_gflops=60.076251 eff_bw_gbs=338.401536 pct_peak_bw=36.2656 comm_avg_ms=1.609517 comm_min_ms=1.044986 comm_max_ms=1.951775 comm_var_ms=0.068288880 total_avg_ms=1.640100 total_min_ms=1.074682 total_max_ms=1.982495 total_var_ms=0.068236384 effective_gflops=1.120261
RESULT comm=ghost_mpi kernel=acc matrix=parabolic_fem.mtx P=4 rank=2 nrows_local=131456 ncols_global=525825 nnz_local=918655 n_ghost=344163 compute_avg_ms=0.031505 compute_min_ms=0.030720 compute_max_ms=0.032768 compute_var_ms=0.000000467 compute_gflops=58.317922 eff_bw_gbs=327.038450 pct_peak_bw=35.0478 comm_avg_ms=1.578903 comm_min_ms=1.044895 comm_max_ms=1.948945 comm_var_ms=0.076269783 total_avg_ms=1.610408 total_min_ms=1.076639 total_max_ms=1.979665 total_var_ms=0.076195670 effective_gflops=1.140897
[ERROR CHECKING] OK!

--- P=4 rep=3/3 driver=spmv_ghost_nccl_cusparse ---
Loaded ../matrices/parabolic_fem.mtx: 525825 x 525825, 3674625 nnz
RESULT comm=ghost_nccl kernel=cusparse matrix=parabolic_fem.mtx P=4 rank=0 nrows_local=131457 ncols_global=525825 nnz_local=918659 n_ghost=327361 compute_avg_ms=0.040687 compute_min_ms=0.039936 compute_max_ms=0.040960 compute_var_ms=0.000000205 compute_gflops=45.157447 eff_bw_gbs=251.584562 pct_peak_bw=26.9617 comm_avg_ms=0.454100 comm_min_ms=0.343871 comm_max_ms=2.176720 comm_var_ms=0.141080990 total_avg_ms=0.494787 total_min_ms=0.384831 total_max_ms=2.216656 total_var_ms=0.140933382 effective_gflops=3.713355
RESULT comm=ghost_nccl kernel=cusparse matrix=parabolic_fem.mtx P=4 rank=1 nrows_local=131456 ncols_global=525825 nnz_local=918641 n_ghost=330183 compute_avg_ms=0.041574 compute_min_ms=0.040960 compute_max_ms=0.043008 compute_var_ms=0.000000322 compute_gflops=44.192629 eff_bw_gbs=246.481878 pct_peak_bw=26.4148 comm_avg_ms=0.533135 comm_min_ms=0.424859 comm_max_ms=2.292474 comm_var_ms=0.145200307 total_avg_ms=0.574709 total_min_ms=0.465819 total_max_ms=2.334458 total_var_ms=0.145282878 effective_gflops=3.196889
RESULT comm=ghost_nccl kernel=cusparse matrix=parabolic_fem.mtx P=4 rank=2 nrows_local=131456 ncols_global=525825 nnz_local=918655 n_ghost=344163 compute_avg_ms=0.040448 compute_min_ms=0.039936 compute_max_ms=0.043008 compute_var_ms=0.000000472 compute_gflops=45.424003 eff_bw_gbs=254.731218 pct_peak_bw=27.2989 comm_avg_ms=0.546751 comm_min_ms=0.436078 comm_max_ms=2.311068 comm_var_ms=0.145742700 total_avg_ms=0.587199 total_min_ms=0.476014 total_max_ms=2.351004 total_var_ms=0.145716037 effective_gflops=3.128942
RESULT comm=ghost_nccl kernel=cusparse matrix=parabolic_fem.mtx P=4 rank=3 nrows_local=131456 ncols_global=525825 nnz_local=918670 n_ghost=355664 compute_avg_ms=0.041472 compute_min_ms=0.039936 compute_max_ms=0.041984 compute_var_ms=0.000000332 compute_gflops=44.303145 eff_bw_gbs=249.553728 pct_peak_bw=26.7440 comm_avg_ms=0.509047 comm_min_ms=0.399732 comm_max_ms=2.276578 comm_var_ms=0.145880407 total_avg_ms=0.550519 total_min_ms=0.440692 total_max_ms=2.318562 total_var_ms=0.145907113 effective_gflops=3.337468
[ERROR CHECKING] OK!

--- P=4 rep=3/3 driver=spmv_ghost_nccl_acc ---
Loaded ../matrices/parabolic_fem.mtx: 525825 x 525825, 3674625 nnz
[kernel] acc -> LINE-ENHANCE (nnz=918670, avg_nnz=6.99, imbalance=1.00, V=1)
[kernel] acc -> LINE-ENHANCE (nnz=918641, avg_nnz=6.99, imbalance=1.00, V=1)
[kernel] acc -> LINE-ENHANCE (nnz=918655, avg_nnz=6.99, imbalance=1.00, V=1)
[kernel] acc -> LINE-ENHANCE (nnz=918659, avg_nnz=6.99, imbalance=1.00, V=1)
RESULT comm=ghost_nccl kernel=acc matrix=parabolic_fem.mtx P=4 rank=0 nrows_local=131457 ncols_global=525825 nnz_local=918659 n_ghost=327361 compute_avg_ms=0.031607 compute_min_ms=0.030720 compute_max_ms=0.036864 compute_var_ms=0.000001310 compute_gflops=58.129240 eff_bw_gbs=323.853989 pct_peak_bw=34.7066 comm_avg_ms=0.363124 comm_min_ms=0.350109 comm_max_ms=0.474084 comm_var_ms=0.000452120 total_avg_ms=0.394732 total_min_ms=0.380829 total_max_ms=0.510948 total_var_ms=0.000493856 effective_gflops=4.654602
RESULT comm=ghost_nccl kernel=acc matrix=parabolic_fem.mtx P=4 rank=1 nrows_local=131456 ncols_global=525825 nnz_local=918641 n_ghost=330183 compute_avg_ms=0.032256 compute_min_ms=0.030720 compute_max_ms=0.037888 compute_var_ms=0.000001520 compute_gflops=56.959388 eff_bw_gbs=317.687751 pct_peak_bw=34.0458 comm_avg_ms=0.431179 comm_min_ms=0.402112 comm_max_ms=0.446666 comm_var_ms=0.000077386 total_avg_ms=0.463435 total_min_ms=0.440000 total_max_ms=0.478410 total_var_ms=0.000067231 effective_gflops=3.964491
RESULT comm=ghost_nccl kernel=acc matrix=parabolic_fem.mtx P=4 rank=2 nrows_local=131456 ncols_global=525825 nnz_local=918655 n_ghost=344163 compute_avg_ms=0.030925 compute_min_ms=0.029696 compute_max_ms=0.035840 compute_var_ms=0.000001566 compute_gflops=59.412187 eff_bw_gbs=333.174930 pct_peak_bw=35.7055 comm_avg_ms=0.449782 comm_min_ms=0.435193 comm_max_ms=0.492585 comm_var_ms=0.000099836 total_avg_ms=0.480707 total_min_ms=0.464889 total_max_ms=0.528425 total_var_ms=0.000116789 effective_gflops=3.822100
RESULT comm=ghost_nccl kernel=acc matrix=parabolic_fem.mtx P=4 rank=3 nrows_local=131456 ncols_global=525825 nnz_local=918670 n_ghost=355664 compute_avg_ms=0.031232 compute_min_ms=0.029696 compute_max_ms=0.037888 compute_var_ms=0.000003548 compute_gflops=58.828766 eff_bw_gbs=331.374620 pct_peak_bw=35.5125 comm_avg_ms=0.412129 comm_min_ms=0.396183 comm_max_ms=0.460579 comm_var_ms=0.000115045 total_avg_ms=0.443361 total_min_ms=0.427592 total_max_ms=0.498467 total_var_ms=0.000135077 effective_gflops=4.144119
[ERROR CHECKING] OK!

--- P=4 rep=3/3 driver=spmv_2d_cusparse ---
Grid: P=4 -> P_r=2 x P_c=2
Loaded ../matrices/parabolic_fem.mtx: 525825 x 525825, 3674625 nnz
RESULT comm=checkerboard_mpi kernel=cusparse matrix=parabolic_fem.mtx P=4 rank=1 nrows_local=262913 ncols_global=525825 nnz_local=830387 n_ghost=-1 compute_avg_ms=0.040448 compute_min_ms=0.038912 compute_max_ms=0.044032 compute_var_ms=0.000000821 compute_gflops=41.059485 eff_bw_gbs=242.238239 pct_peak_bw=25.9600 comm_avg_ms=1.013701 comm_min_ms=0.994935 comm_max_ms=1.046063 comm_var_ms=0.000097712 total_avg_ms=1.054149 total_min_ms=1.034871 total_max_ms=1.085999 total_var_ms=0.000100822 effective_gflops=1.575464
RESULT comm=checkerboard_mpi kernel=cusparse matrix=parabolic_fem.mtx P=4 rank=2 nrows_local=262912 ncols_global=525825 nnz_local=830387 n_ghost=-1 compute_avg_ms=0.039390 compute_min_ms=0.037888 compute_max_ms=0.039936 compute_var_ms=0.000000331 compute_gflops=42.162470 eff_bw_gbs=248.745406 pct_peak_bw=26.6574 comm_avg_ms=1.275560 comm_min_ms=1.254474 comm_max_ms=1.296636 comm_var_ms=0.000072784 total_avg_ms=1.314950 total_min_ms=1.293386 total_max_ms=1.335548 total_var_ms=0.000072651 effective_gflops=1.262994
RESULT comm=checkerboard_mpi kernel=cusparse matrix=parabolic_fem.mtx P=4 rank=0 nrows_local=262913 ncols_global=525825 nnz_local=1006927 n_ghost=-1 compute_avg_ms=0.041643 compute_min_ms=0.040960 compute_max_ms=0.043008 compute_var_ms=0.000000373 compute_gflops=48.360352 eff_bw_gbs=269.204091 pct_peak_bw=28.8499 comm_avg_ms=1.309618 comm_min_ms=1.294567 comm_max_ms=1.320905 comm_var_ms=0.000038036 total_avg_ms=1.351260 total_min_ms=1.335527 total_max_ms=1.361865 total_var_ms=0.000036178 effective_gflops=1.490353
RESULT comm=checkerboard_mpi kernel=cusparse matrix=parabolic_fem.mtx P=4 rank=3 nrows_local=262912 ncols_global=525825 nnz_local=1006924 n_ghost=-1 compute_avg_ms=0.041370 compute_min_ms=0.039936 compute_max_ms=0.041984 compute_var_ms=0.000000461 compute_gflops=48.679418 eff_bw_gbs=270.980146 pct_peak_bw=29.0402 comm_avg_ms=0.871671 comm_min_ms=0.826730 comm_max_ms=0.912753 comm_var_ms=0.000313537 total_avg_ms=0.913040 total_min_ms=0.868714 total_max_ms=0.953713 total_var_ms=0.000311646 effective_gflops=2.205651
[ERROR CHECKING] OK!

--- P=4 rep=3/3 driver=spmv_2d_acc ---
Grid: P=4 -> P_r=2 x P_c=2
Loaded ../matrices/parabolic_fem.mtx: 525825 x 525825, 3674625 nnz
[kernel] acc -> LINE-ENHANCE (nnz=830387, avg_nnz=3.16, imbalance=1.90, V=1)
[kernel] acc -> LINE-ENHANCE (nnz=1006924, avg_nnz=3.83, imbalance=1.83, V=1)
[kernel] acc -> LINE-ENHANCE (nnz=830387, avg_nnz=3.16, imbalance=1.90, V=1)
[kernel] acc -> LINE-ENHANCE (nnz=1006927, avg_nnz=3.83, imbalance=1.83, V=1)
RESULT comm=checkerboard_mpi kernel=acc matrix=parabolic_fem.mtx P=4 rank=1 nrows_local=262913 ncols_global=525825 nnz_local=830387 n_ghost=-1 compute_avg_ms=0.026112 compute_min_ms=0.025600 compute_max_ms=0.026624 compute_var_ms=0.000000262 compute_gflops=63.601947 eff_bw_gbs=375.231778 pct_peak_bw=40.2126 comm_avg_ms=0.959209 comm_min_ms=0.921082 comm_max_ms=0.992461 comm_var_ms=0.000114109 total_avg_ms=0.985321 total_min_ms=0.947706 total_max_ms=1.019085 total_var_ms=0.000114597 effective_gflops=1.685516
RESULT comm=checkerboard_mpi kernel=acc matrix=parabolic_fem.mtx P=4 rank=2 nrows_local=262912 ncols_global=525825 nnz_local=830387 n_ghost=-1 compute_avg_ms=0.026214 compute_min_ms=0.025600 compute_max_ms=0.028672 compute_var_ms=0.000000531 compute_gflops=63.353501 eff_bw_gbs=373.765875 pct_peak_bw=40.0555 comm_avg_ms=1.316526 comm_min_ms=1.307488 comm_max_ms=1.333379 comm_var_ms=0.000034237 total_avg_ms=1.342740 total_min_ms=1.333088 total_max_ms=1.360003 total_var_ms=0.000034578 effective_gflops=1.236854
RESULT comm=checkerboard_mpi kernel=acc matrix=parabolic_fem.mtx P=4 rank=0 nrows_local=262913 ncols_global=525825 nnz_local=1006927 n_ghost=-1 compute_avg_ms=0.029218 compute_min_ms=0.027648 compute_max_ms=0.030720 compute_var_ms=0.000000471 compute_gflops=68.924799 eff_bw_gbs=383.678714 pct_peak_bw=41.1178 comm_avg_ms=1.319380 comm_min_ms=1.310581 comm_max_ms=1.328318 comm_var_ms=0.000019630 total_avg_ms=1.348598 total_min_ms=1.340277 total_max_ms=1.358014 total_var_ms=0.000019354 effective_gflops=1.493294
RESULT comm=checkerboard_mpi kernel=acc matrix=parabolic_fem.mtx P=4 rank=3 nrows_local=262912 ncols_global=525825 nnz_local=1006924 n_ghost=-1 compute_avg_ms=0.029013 compute_min_ms=0.027648 compute_max_ms=0.030720 compute_var_ms=0.000000373 compute_gflops=69.411120 eff_bw_gbs=386.385794 pct_peak_bw=41.4079 comm_avg_ms=0.966281 comm_min_ms=0.938297 comm_max_ms=1.003477 comm_var_ms=0.000105848 total_avg_ms=0.995295 total_min_ms=0.967993 total_max_ms=1.032149 total_var_ms=0.000104952 effective_gflops=2.023369
[ERROR CHECKING] OK!

--- P=4 rep=3/3 driver=spmv_2d_nccl_cusparse ---
Grid: P=4 -> P_r=2 x P_c=2
Loaded ../matrices/parabolic_fem.mtx: 525825 x 525825, 3674625 nnz
RESULT comm=checkerboard_nccl kernel=cusparse matrix=parabolic_fem.mtx P=4 rank=1 nrows_local=262913 ncols_global=525825 nnz_local=830387 n_ghost=-1 compute_avg_ms=0.040107 compute_min_ms=0.038912 compute_max_ms=0.040960 compute_var_ms=0.000000216 compute_gflops=41.408928 eff_bw_gbs=244.299842 pct_peak_bw=26.1810 comm_avg_ms=0.184520 comm_min_ms=0.182797 comm_max_ms=0.186722 comm_var_ms=0.000001132 total_avg_ms=0.224626 total_min_ms=0.221882 total_max_ms=0.227351 total_var_ms=0.000001473 effective_gflops=7.393497
RESULT comm=checkerboard_nccl kernel=cusparse matrix=parabolic_fem.mtx P=4 rank=2 nrows_local=262912 ncols_global=525825 nnz_local=830387 n_ghost=-1 compute_avg_ms=0.039697 compute_min_ms=0.038912 compute_max_ms=0.040960 compute_var_ms=0.000000327 compute_gflops=41.836191 eff_bw_gbs=246.820463 pct_peak_bw=26.4511 comm_avg_ms=0.283961 comm_min_ms=0.280083 comm_max_ms=0.286034 comm_var_ms=0.000001999 total_avg_ms=0.323658 total_min_ms=0.321043 total_max_ms=0.325970 total_var_ms=0.000002019 effective_gflops=5.131257
RESULT comm=checkerboard_nccl kernel=cusparse matrix=parabolic_fem.mtx P=4 rank=0 nrows_local=262913 ncols_global=525825 nnz_local=1006927 n_ghost=-1 compute_avg_ms=0.042394 compute_min_ms=0.041984 compute_max_ms=0.043008 compute_var_ms=0.000000252 compute_gflops=47.503728 eff_bw_gbs=264.435579 pct_peak_bw=28.3389 comm_avg_ms=0.233627 comm_min_ms=0.230487 comm_max_ms=0.236258 comm_var_ms=0.000001989 total_avg_ms=0.276020 total_min_ms=0.273300 total_max_ms=0.278300 total_var_ms=0.000002272 effective_gflops=7.296038
RESULT comm=checkerboard_nccl kernel=cusparse matrix=parabolic_fem.mtx P=4 rank=3 nrows_local=262912 ncols_global=525825 nnz_local=1006924 n_ghost=-1 compute_avg_ms=0.042052 compute_min_ms=0.040960 compute_max_ms=0.043008 compute_var_ms=0.000000275 compute_gflops=47.889167 eff_bw_gbs=266.581116 pct_peak_bw=28.5688 comm_avg_ms=0.232810 comm_min_ms=0.231141 comm_max_ms=0.234154 comm_var_ms=0.000000705 total_avg_ms=0.274862 total_min_ms=0.273004 total_max_ms=0.276573 total_var_ms=0.000000912 effective_gflops=7.326759
[ERROR CHECKING] OK!

--- P=4 rep=3/3 driver=spmv_2d_nccl_acc ---
Grid: P=4 -> P_r=2 x P_c=2
Loaded ../matrices/parabolic_fem.mtx: 525825 x 525825, 3674625 nnz
[kernel] acc -> LINE-ENHANCE (nnz=830387, avg_nnz=3.16, imbalance=1.90, V=1)
[kernel] acc -> LINE-ENHANCE (nnz=1006924, avg_nnz=3.83, imbalance=1.83, V=1)
[kernel] acc -> LINE-ENHANCE (nnz=830387, avg_nnz=3.16, imbalance=1.90, V=1)
[kernel] acc -> LINE-ENHANCE (nnz=1006927, avg_nnz=3.83, imbalance=1.83, V=1)
RESULT comm=checkerboard_nccl kernel=acc matrix=parabolic_fem.mtx P=4 rank=1 nrows_local=262913 ncols_global=525825 nnz_local=830387 n_ghost=-1 compute_avg_ms=0.026795 compute_min_ms=0.025600 compute_max_ms=0.030720 compute_var_ms=0.000002662 compute_gflops=61.981514 eff_bw_gbs=365.671730 pct_peak_bw=39.1881 comm_avg_ms=0.185184 comm_min_ms=0.181636 comm_max_ms=0.202229 comm_var_ms=0.000012109 total_avg_ms=0.211979 total_min_ms=0.207236 total_max_ms=0.231925 total_var_ms=0.000020603 effective_gflops=7.834633
RESULT comm=checkerboard_nccl kernel=acc matrix=parabolic_fem.mtx P=4 rank=2 nrows_local=262912 ncols_global=525825 nnz_local=830387 n_ghost=-1 compute_avg_ms=0.026556 compute_min_ms=0.024576 compute_max_ms=0.029696 compute_var_ms=0.000001463 compute_gflops=62.539189 eff_bw_gbs=368.961684 pct_peak_bw=39.5406 comm_avg_ms=0.291885 comm_min_ms=0.272712 comm_max_ms=0.331675 comm_var_ms=0.000262247 total_avg_ms=0.318440 total_min_ms=0.298312 total_max_ms=0.361371 total_var_ms=0.000297805 effective_gflops=5.215338
RESULT comm=checkerboard_nccl kernel=acc matrix=parabolic_fem.mtx P=4 rank=0 nrows_local=262913 ncols_global=525825 nnz_local=1006927 n_ghost=-1 compute_avg_ms=0.030345 compute_min_ms=0.027648 compute_max_ms=0.036864 compute_var_ms=0.000007444 compute_gflops=66.366285 eff_bw_gbs=369.436421 pct_peak_bw=39.5915 comm_avg_ms=0.235319 comm_min_ms=0.223431 comm_max_ms=0.252470 comm_var_ms=0.000061921 total_avg_ms=0.265663 total_min_ms=0.252103 total_max_ms=0.288310 total_var_ms=0.000109095 effective_gflops=7.580472
RESULT comm=checkerboard_nccl kernel=acc matrix=parabolic_fem.mtx P=4 rank=3 nrows_local=262912 ncols_global=525825 nnz_local=1006924 n_ghost=-1 compute_avg_ms=0.030037 compute_min_ms=0.027648 compute_max_ms=0.034816 compute_var_ms=0.000005126 compute_gflops=67.044832 eff_bw_gbs=373.213551 pct_peak_bw=39.9963 comm_avg_ms=0.236576 comm_min_ms=0.220810 comm_max_ms=0.258211 comm_var_ms=0.000096499 total_avg_ms=0.266614 total_min_ms=0.249482 total_max_ms=0.293027 total_var_ms=0.000140900 effective_gflops=7.553434
[ERROR CHECKING] OK!

=== Job done ===
