--------------------------------------------------------------------------
The call to cuMemHostRegister(0x7f3257e00008, 134217728, 0) failed.
  Host:  edu01
  cuMemHostRegister return value:  1
  Registration cache:  smcuda
--------------------------------------------------------------------------
[edu01:2068156] 2 more processes have sent help message help-mpi-common-cuda.txt / cuMemHostRegister during init failed
[edu01:2068156] Set MCA parameter "orte_base_help_aggregate" to 0 to see all help / error messages
--------------------------------------------------------------------------
The call to cuMemHostRegister(0x7f09e7e00008, 134217728, 0) failed.
  Host:  edu01
  cuMemHostRegister return value:  1
  Registration cache:  smcuda
--------------------------------------------------------------------------
[edu01:2068188] 2 more processes have sent help message help-mpi-common-cuda.txt / cuMemHostRegister during init failed
[edu01:2068188] Set MCA parameter "orte_base_help_aggregate" to 0 to see all help / error messages
--------------------------------------------------------------------------
The call to cuMemHostRegister(0x7f93a3e00008, 134217728, 0) failed.
  Host:  edu01
  cuMemHostRegister return value:  1
  Registration cache:  smcuda
--------------------------------------------------------------------------
[edu01:2068347] 2 more processes have sent help message help-mpi-common-cuda.txt / cuMemHostRegister during init failed
[edu01:2068347] Set MCA parameter "orte_base_help_aggregate" to 0 to see all help / error messages
--------------------------------------------------------------------------
The call to cuMemHostRegister(0x7f936fe00008, 134217728, 0) failed.
  Host:  edu01
  cuMemHostRegister return value:  1
  Registration cache:  smcuda
--------------------------------------------------------------------------
[edu01:2068378] 2 more processes have sent help message help-mpi-common-cuda.txt / cuMemHostRegister during init failed
[edu01:2068378] Set MCA parameter "orte_base_help_aggregate" to 0 to see all help / error messages
--------------------------------------------------------------------------
The call to cuMemHostRegister(0x7f492be00008, 134217728, 0) failed.
  Host:  edu01
  cuMemHostRegister return value:  1
  Registration cache:  smcuda
--------------------------------------------------------------------------
[edu01:2068534] 2 more processes have sent help message help-mpi-common-cuda.txt / cuMemHostRegister during init failed
[edu01:2068534] Set MCA parameter "orte_base_help_aggregate" to 0 to see all help / error messages
--------------------------------------------------------------------------
The call to cuMemHostRegister(0x7efc17e00008, 134217728, 0) failed.
  Host:  edu01
  cuMemHostRegister return value:  1
  Registration cache:  smcuda
--------------------------------------------------------------------------
[edu01:2068565] 2 more processes have sent help message help-mpi-common-cuda.txt / cuMemHostRegister during init failed
[edu01:2068565] Set MCA parameter "orte_base_help_aggregate" to 0 to see all help / error messages
