--------------------------------------------------------------------------
The call to cuMemHostRegister(0x7fa9afe00008, 134217728, 0) failed.
  Host:  edu01
  cuMemHostRegister return value:  1
  Registration cache:  smcuda
--------------------------------------------------------------------------
[edu01:2093089] 1 more process has sent help message help-mpi-common-cuda.txt / cuMemHostRegister during init failed
[edu01:2093089] Set MCA parameter "orte_base_help_aggregate" to 0 to see all help / error messages
--------------------------------------------------------------------------
The call to cuMemHostRegister(0x7f2d87e00008, 134217728, 0) failed.
  Host:  edu01
  cuMemHostRegister return value:  1
  Registration cache:  smcuda
--------------------------------------------------------------------------
[edu01:2093115] 1 more process has sent help message help-mpi-common-cuda.txt / cuMemHostRegister during init failed
[edu01:2093115] Set MCA parameter "orte_base_help_aggregate" to 0 to see all help / error messages
--------------------------------------------------------------------------
The call to cuMemHostRegister(0x7efcafe00008, 134217728, 0) failed.
  Host:  edu01
  cuMemHostRegister return value:  1
  Registration cache:  smcuda
--------------------------------------------------------------------------
[edu01:2093215] 1 more process has sent help message help-mpi-common-cuda.txt / cuMemHostRegister during init failed
[edu01:2093215] Set MCA parameter "orte_base_help_aggregate" to 0 to see all help / error messages
--------------------------------------------------------------------------
The call to cuMemHostRegister(0x7f83cfe00008, 134217728, 0) failed.
  Host:  edu01
  cuMemHostRegister return value:  1
  Registration cache:  smcuda
--------------------------------------------------------------------------
[edu01:2093241] 1 more process has sent help message help-mpi-common-cuda.txt / cuMemHostRegister during init failed
[edu01:2093241] Set MCA parameter "orte_base_help_aggregate" to 0 to see all help / error messages
--------------------------------------------------------------------------
The call to cuMemHostRegister(0x7fd3f3e00008, 134217728, 0) failed.
  Host:  edu01
  cuMemHostRegister return value:  1
  Registration cache:  smcuda
--------------------------------------------------------------------------
[edu01:2093376] 1 more process has sent help message help-mpi-common-cuda.txt / cuMemHostRegister during init failed
[edu01:2093376] Set MCA parameter "orte_base_help_aggregate" to 0 to see all help / error messages
--------------------------------------------------------------------------
The call to cuMemHostRegister(0x7f6ed7e00008, 134217728, 0) failed.
  Host:  edu01
  cuMemHostRegister return value:  1
  Registration cache:  smcuda
--------------------------------------------------------------------------
[edu01:2093402] 1 more process has sent help message help-mpi-common-cuda.txt / cuMemHostRegister during init failed
[edu01:2093402] Set MCA parameter "orte_base_help_aggregate" to 0 to see all help / error messages
--------------------------------------------------------------------------
The call to cuMemHostRegister(0x7f7cebe00008, 134217728, 0) failed.
  Host:  edu01
  cuMemHostRegister return value:  1
  Registration cache:  smcuda
--------------------------------------------------------------------------
[edu01:2093502] 1 more process has sent help message help-mpi-common-cuda.txt / cuMemHostRegister during init failed
[edu01:2093502] Set MCA parameter "orte_base_help_aggregate" to 0 to see all help / error messages
--------------------------------------------------------------------------
The call to cuMemHostRegister(0x7f6933e00008, 134217728, 0) failed.
  Host:  edu01
  cuMemHostRegister return value:  1
  Registration cache:  smcuda
--------------------------------------------------------------------------
[edu01:2093528] 1 more process has sent help message help-mpi-common-cuda.txt / cuMemHostRegister during init failed
[edu01:2093528] Set MCA parameter "orte_base_help_aggregate" to 0 to see all help / error messages
--------------------------------------------------------------------------
The call to cuMemHostRegister(0x7f4a6fe00008, 134217728, 0) failed.
  Host:  edu01
  cuMemHostRegister return value:  1
  Registration cache:  smcuda
--------------------------------------------------------------------------
[edu01:2093662] 1 more process has sent help message help-mpi-common-cuda.txt / cuMemHostRegister during init failed
[edu01:2093662] Set MCA parameter "orte_base_help_aggregate" to 0 to see all help / error messages
--------------------------------------------------------------------------
The call to cuMemHostRegister(0x7fed67e00008, 134217728, 0) failed.
  Host:  edu01
  cuMemHostRegister return value:  1
  Registration cache:  smcuda
--------------------------------------------------------------------------
[edu01:2093688] 1 more process has sent help message help-mpi-common-cuda.txt / cuMemHostRegister during init failed
[edu01:2093688] Set MCA parameter "orte_base_help_aggregate" to 0 to see all help / error messages
--------------------------------------------------------------------------
The call to cuMemHostRegister(0x7f6b47e00008, 134217728, 0) failed.
  Host:  edu01
  cuMemHostRegister return value:  1
  Registration cache:  smcuda
--------------------------------------------------------------------------
[edu01:2093788] 1 more process has sent help message help-mpi-common-cuda.txt / cuMemHostRegister during init failed
[edu01:2093788] Set MCA parameter "orte_base_help_aggregate" to 0 to see all help / error messages
--------------------------------------------------------------------------
The call to cuMemHostRegister(0x7efef3e00008, 134217728, 0) failed.
  Host:  edu01
  cuMemHostRegister return value:  1
  Registration cache:  smcuda
--------------------------------------------------------------------------
[edu01:2093814] 1 more process has sent help message help-mpi-common-cuda.txt / cuMemHostRegister during init failed
[edu01:2093814] Set MCA parameter "orte_base_help_aggregate" to 0 to see all help / error messages
