--------------------------------------------------------------------------
The call to cuMemHostRegister(0x7fa927e00008, 134217728, 0) failed.
  Host:  edu01
  cuMemHostRegister return value:  1
  Registration cache:  smcuda
--------------------------------------------------------------------------
[edu01:2115387] 1 more process has sent help message help-mpi-common-cuda.txt / cuMemHostRegister during init failed
[edu01:2115387] Set MCA parameter "orte_base_help_aggregate" to 0 to see all help / error messages
--------------------------------------------------------------------------
The call to cuMemHostRegister(0x7f543fe00008, 134217728, 0) failed.
  Host:  edu01
  cuMemHostRegister return value:  1
  Registration cache:  smcuda
--------------------------------------------------------------------------
[edu01:2115413] 1 more process has sent help message help-mpi-common-cuda.txt / cuMemHostRegister during init failed
[edu01:2115413] Set MCA parameter "orte_base_help_aggregate" to 0 to see all help / error messages
--------------------------------------------------------------------------
The call to cuMemHostRegister(0x7fd887e00008, 134217728, 0) failed.
  Host:  edu01
  cuMemHostRegister return value:  1
  Registration cache:  smcuda
--------------------------------------------------------------------------
[edu01:2115513] 1 more process has sent help message help-mpi-common-cuda.txt / cuMemHostRegister during init failed
[edu01:2115513] Set MCA parameter "orte_base_help_aggregate" to 0 to see all help / error messages
--------------------------------------------------------------------------
The call to cuMemHostRegister(0x7f806be00008, 134217728, 0) failed.
  Host:  edu01
  cuMemHostRegister return value:  1
  Registration cache:  smcuda
--------------------------------------------------------------------------
[edu01:2115539] 1 more process has sent help message help-mpi-common-cuda.txt / cuMemHostRegister during init failed
[edu01:2115539] Set MCA parameter "orte_base_help_aggregate" to 0 to see all help / error messages
--------------------------------------------------------------------------
The call to cuMemHostRegister(0x7fa50be00008, 134217728, 0) failed.
  Host:  edu01
  cuMemHostRegister return value:  1
  Registration cache:  smcuda
--------------------------------------------------------------------------
[edu01:2115673] 1 more process has sent help message help-mpi-common-cuda.txt / cuMemHostRegister during init failed
[edu01:2115673] Set MCA parameter "orte_base_help_aggregate" to 0 to see all help / error messages
--------------------------------------------------------------------------
The call to cuMemHostRegister(0x7fa52fe00008, 134217728, 0) failed.
  Host:  edu01
  cuMemHostRegister return value:  1
  Registration cache:  smcuda
--------------------------------------------------------------------------
[edu01:2115699] 1 more process has sent help message help-mpi-common-cuda.txt / cuMemHostRegister during init failed
[edu01:2115699] Set MCA parameter "orte_base_help_aggregate" to 0 to see all help / error messages
--------------------------------------------------------------------------
The call to cuMemHostRegister(0x7f979be00008, 134217728, 0) failed.
  Host:  edu01
  cuMemHostRegister return value:  1
  Registration cache:  smcuda
--------------------------------------------------------------------------
[edu01:2115799] 1 more process has sent help message help-mpi-common-cuda.txt / cuMemHostRegister during init failed
[edu01:2115799] Set MCA parameter "orte_base_help_aggregate" to 0 to see all help / error messages
--------------------------------------------------------------------------
The call to cuMemHostRegister(0x7f07ffe00008, 134217728, 0) failed.
  Host:  edu01
  cuMemHostRegister return value:  1
  Registration cache:  smcuda
--------------------------------------------------------------------------
[edu01:2115825] 1 more process has sent help message help-mpi-common-cuda.txt / cuMemHostRegister during init failed
[edu01:2115825] Set MCA parameter "orte_base_help_aggregate" to 0 to see all help / error messages
--------------------------------------------------------------------------
The call to cuMemHostRegister(0x7fce87e00008, 134217728, 0) failed.
  Host:  edu01
  cuMemHostRegister return value:  1
  Registration cache:  smcuda
--------------------------------------------------------------------------
[edu01:2115959] 1 more process has sent help message help-mpi-common-cuda.txt / cuMemHostRegister during init failed
[edu01:2115959] Set MCA parameter "orte_base_help_aggregate" to 0 to see all help / error messages
--------------------------------------------------------------------------
The call to cuMemHostRegister(0x7f8433e00008, 134217728, 0) failed.
  Host:  edu01
  cuMemHostRegister return value:  1
  Registration cache:  smcuda
--------------------------------------------------------------------------
[edu01:2115985] 1 more process has sent help message help-mpi-common-cuda.txt / cuMemHostRegister during init failed
[edu01:2115985] Set MCA parameter "orte_base_help_aggregate" to 0 to see all help / error messages
--------------------------------------------------------------------------
The call to cuMemHostRegister(0x7fe607e00008, 134217728, 0) failed.
  Host:  edu01
  cuMemHostRegister return value:  1
  Registration cache:  smcuda
--------------------------------------------------------------------------
[edu01:2116085] 1 more process has sent help message help-mpi-common-cuda.txt / cuMemHostRegister during init failed
[edu01:2116085] Set MCA parameter "orte_base_help_aggregate" to 0 to see all help / error messages
--------------------------------------------------------------------------
The call to cuMemHostRegister(0x7f293be00008, 134217728, 0) failed.
  Host:  edu01
  cuMemHostRegister return value:  1
  Registration cache:  smcuda
--------------------------------------------------------------------------
[edu01:2116111] 1 more process has sent help message help-mpi-common-cuda.txt / cuMemHostRegister during init failed
[edu01:2116111] Set MCA parameter "orte_base_help_aggregate" to 0 to see all help / error messages
