=== D2_final strong scaling ===
Node:     edu01
Date:     Tue Jul 21 04:14:48 PM CEST 2026
Matrix:   ../matrices/cage13.mtx
P:        4
Reps:     3

--- P=4 rep=1/3 driver=spmv_bcast ---
Loaded ../matrices/cage13.mtx: 445315 x 445315, 7479343 nnz
RESULT comm=bcast kernel=cusparse matrix=cage13.mtx P=4 rank=0 nrows_local=111329 ncols_global=445315 nnz_local=1864705 n_ghost=-1 compute_avg_ms=0.050142 compute_min_ms=0.049152 compute_max_ms=0.051200 compute_var_ms=0.000000313 compute_gflops=74.377169 eff_bw_gbs=350.795404 pct_peak_bw=37.5938 comm_avg_ms=0.555207 comm_min_ms=0.522500 comm_max_ms=0.577740 comm_var_ms=0.000109741 total_avg_ms=0.605349 total_min_ms=0.572676 total_max_ms=0.627916 total_var_ms=0.000108165 effective_gflops=6.160765
RESULT comm=bcast kernel=cusparse matrix=cage13.mtx P=4 rank=1 nrows_local=111329 ncols_global=445315 nnz_local=1871684 n_ghost=-1 compute_avg_ms=0.051644 compute_min_ms=0.051200 compute_max_ms=0.052224 compute_var_ms=0.000000257 compute_gflops=72.484459 eff_bw_gbs=341.674919 pct_peak_bw=36.6164 comm_avg_ms=0.840966 comm_min_ms=0.801358 comm_max_ms=0.870902 comm_var_ms=0.000154143 total_avg_ms=0.892610 total_min_ms=0.853582 total_max_ms=0.923126 total_var_ms=0.000153654 effective_gflops=4.193732
RESULT comm=bcast kernel=cusparse matrix=cage13.mtx P=4 rank=2 nrows_local=111329 ncols_global=445315 nnz_local=1874798 n_ghost=-1 compute_avg_ms=0.050517 compute_min_ms=0.050176 compute_max_ms=0.051200 compute_var_ms=0.000000233 compute_gflops=74.223952 eff_bw_gbs=349.786486 pct_peak_bw=37.4857 comm_avg_ms=0.950194 comm_min_ms=0.931621 comm_max_ms=0.992058 comm_var_ms=0.000281166 total_avg_ms=1.000711 total_min_ms=0.981797 total_max_ms=1.042234 total_var_ms=0.000283397 effective_gflops=3.746930
RESULT comm=bcast kernel=cusparse matrix=cage13.mtx P=4 rank=3 nrows_local=111328 ncols_global=445315 nnz_local=1868156 n_ghost=-1 compute_avg_ms=0.050347 compute_min_ms=0.050176 compute_max_ms=0.051200 compute_var_ms=0.000000146 compute_gflops=74.211708 eff_bw_gbs=349.916642 pct_peak_bw=37.4996 comm_avg_ms=0.954986 comm_min_ms=0.939268 comm_max_ms=0.995444 comm_var_ms=0.000251781 total_avg_ms=1.005332 total_min_ms=0.990468 total_max_ms=1.045620 total_var_ms=0.000251798 effective_gflops=3.716495
[ERROR CHECKING] OK!

--- P=4 rep=1/3 driver=spmv_ghost_cusparse ---
Loaded ../matrices/cage13.mtx: 445315 x 445315, 7479343 nnz
RESULT comm=ghost_mpi kernel=cusparse matrix=cage13.mtx P=4 rank=0 nrows_local=111329 ncols_global=445315 nnz_local=1864705 n_ghost=273241 compute_avg_ms=0.046660 compute_min_ms=0.046080 compute_max_ms=0.047104 compute_var_ms=0.000000257 compute_gflops=79.926888 eff_bw_gbs=371.762892 pct_peak_bw=39.8408 comm_avg_ms=0.937983 comm_min_ms=0.604556 comm_max_ms=1.281420 comm_var_ms=0.012513336 total_avg_ms=0.984644 total_min_ms=0.650636 total_max_ms=1.327500 total_var_ms=0.012505121 effective_gflops=3.787573
RESULT comm=ghost_mpi kernel=cusparse matrix=cage13.mtx P=4 rank=1 nrows_local=111329 ncols_global=445315 nnz_local=1871684 n_ghost=283761 compute_avg_ms=0.047411 compute_min_ms=0.046080 compute_max_ms=0.048128 compute_var_ms=0.000000290 compute_gflops=78.955350 eff_bw_gbs=367.939803 pct_peak_bw=39.4311 comm_avg_ms=1.410346 comm_min_ms=0.937915 comm_max_ms=1.798886 comm_var_ms=0.043781403 total_avg_ms=1.457757 total_min_ms=0.986043 total_max_ms=1.845990 total_var_ms=0.043772633 effective_gflops=2.567895
RESULT comm=ghost_mpi kernel=cusparse matrix=cage13.mtx P=4 rank=2 nrows_local=111329 ncols_global=445315 nnz_local=1874798 n_ghost=293706 compute_avg_ms=0.046967 compute_min_ms=0.046080 compute_max_ms=0.048128 compute_var_ms=0.000000261 compute_gflops=79.833898 eff_bw_gbs=372.793358 pct_peak_bw=39.9513 comm_avg_ms=1.393512 comm_min_ms=0.900518 comm_max_ms=1.700211 comm_var_ms=0.046871849 total_avg_ms=1.440479 total_min_ms=0.947622 total_max_ms=1.747315 total_var_ms=0.046917399 effective_gflops=2.603020
RESULT comm=ghost_mpi kernel=cusparse matrix=cage13.mtx P=4 rank=3 nrows_local=111328 ncols_global=445315 nnz_local=1868156 n_ghost=284155 compute_avg_ms=0.047172 compute_min_ms=0.046080 compute_max_ms=0.048128 compute_var_ms=0.000000345 compute_gflops=79.205690 eff_bw_gbs=369.238301 pct_peak_bw=39.5703 comm_avg_ms=1.414236 comm_min_ms=0.933913 comm_max_ms=1.798821 comm_var_ms=0.045281536 total_avg_ms=1.461409 total_min_ms=0.981017 total_max_ms=1.846949 total_var_ms=0.045339344 effective_gflops=2.556651
[ERROR CHECKING] OK!

--- P=4 rep=1/3 driver=spmv_ghost_acc ---
Loaded ../matrices/cage13.mtx: 445315 x 445315, 7479343 nnz
[kernel] acc -> FLAT (nnz=1874798, avg_nnz=16.84, imbalance=2.32)
[kernel] acc -> FLAT (nnz=1864705, avg_nnz=16.75, imbalance=2.33)
[kernel] acc -> FLAT (nnz=1871684, avg_nnz=16.81, imbalance=2.32)
[kernel] acc -> FLAT (nnz=1868156, avg_nnz=16.78, imbalance=2.32)
RESULT comm=ghost_mpi kernel=acc matrix=cage13.mtx P=4 rank=0 nrows_local=111329 ncols_global=445315 nnz_local=1864705 n_ghost=273241 compute_avg_ms=0.036830 compute_min_ms=0.035840 compute_max_ms=0.037888 compute_var_ms=0.000000383 compute_gflops=101.260477 eff_bw_gbs=471.189417 pct_peak_bw=50.4961 comm_avg_ms=0.944514 comm_min_ms=0.665890 comm_max_ms=1.189936 comm_var_ms=0.013185853 total_avg_ms=0.981344 total_min_ms=0.702754 total_max_ms=1.225776 total_var_ms=0.013156018 effective_gflops=3.800309
RESULT comm=ghost_mpi kernel=acc matrix=cage13.mtx P=4 rank=2 nrows_local=111329 ncols_global=445315 nnz_local=1874798 n_ghost=293706 compute_avg_ms=0.037513 compute_min_ms=0.036864 compute_max_ms=0.038912 compute_var_ms=0.000000453 compute_gflops=99.955816 eff_bw_gbs=466.950161 pct_peak_bw=50.0418 comm_avg_ms=1.410273 comm_min_ms=0.934242 comm_max_ms=1.698063 comm_var_ms=0.037734900 total_avg_ms=1.447786 total_min_ms=0.971106 total_max_ms=1.734927 total_var_ms=0.037690606 effective_gflops=2.589883
RESULT comm=ghost_mpi kernel=acc matrix=cage13.mtx P=4 rank=1 nrows_local=111329 ncols_global=445315 nnz_local=1871684 n_ghost=283761 compute_avg_ms=0.037547 compute_min_ms=0.035840 compute_max_ms=0.038912 compute_var_ms=0.000000513 compute_gflops=99.699074 eff_bw_gbs=464.802365 pct_peak_bw=49.8116 comm_avg_ms=1.413079 comm_min_ms=0.697421 comm_max_ms=1.784151 comm_var_ms=0.059489805 total_avg_ms=1.450625 total_min_ms=0.736333 total_max_ms=1.821015 total_var_ms=0.059428729 effective_gflops=2.580520
RESULT comm=ghost_mpi kernel=acc matrix=cage13.mtx P=4 rank=3 nrows_local=111328 ncols_global=445315 nnz_local=1868156 n_ghost=284155 compute_avg_ms=0.036693 compute_min_ms=0.035840 compute_max_ms=0.037888 compute_var_ms=0.000000355 compute_gflops=101.825360 eff_bw_gbs=474.884831 pct_peak_bw=50.8922 comm_avg_ms=1.426338 comm_min_ms=0.935757 comm_max_ms=1.783600 comm_var_ms=0.048894259 total_avg_ms=1.463031 total_min_ms=0.971597 total_max_ms=1.819440 total_var_ms=0.048890993 effective_gflops=2.553816
[ERROR CHECKING] OK!

--- P=4 rep=1/3 driver=spmv_ghost_nccl_cusparse ---
Loaded ../matrices/cage13.mtx: 445315 x 445315, 7479343 nnz
RESULT comm=ghost_nccl kernel=cusparse matrix=cage13.mtx P=4 rank=1 nrows_local=111329 ncols_global=445315 nnz_local=1871684 n_ghost=283761 compute_avg_ms=0.048265 compute_min_ms=0.047104 compute_max_ms=0.049152 compute_var_ms=0.000000261 compute_gflops=77.559393 eff_bw_gbs=361.434500 pct_peak_bw=38.7340 comm_avg_ms=0.343273 comm_min_ms=0.326435 comm_max_ms=0.358854 comm_var_ms=0.000069556 total_avg_ms=0.391537 total_min_ms=0.374563 total_max_ms=0.406982 total_var_ms=0.000068707 effective_gflops=9.560691
RESULT comm=ghost_nccl kernel=cusparse matrix=cage13.mtx P=4 rank=2 nrows_local=111329 ncols_global=445315 nnz_local=1874798 n_ghost=293706 compute_avg_ms=0.047377 compute_min_ms=0.046080 compute_max_ms=0.050176 compute_var_ms=0.000000555 compute_gflops=79.143691 eff_bw_gbs=369.570361 pct_peak_bw=39.6059 comm_avg_ms=0.378690 comm_min_ms=0.364841 comm_max_ms=0.399794 comm_var_ms=0.000054777 total_avg_ms=0.426067 total_min_ms=0.411945 total_max_ms=0.446898 total_var_ms=0.000051944 effective_gflops=8.800479
RESULT comm=ghost_nccl kernel=cusparse matrix=cage13.mtx P=4 rank=0 nrows_local=111329 ncols_global=445315 nnz_local=1864705 n_ghost=273241 compute_avg_ms=0.047172 compute_min_ms=0.046080 compute_max_ms=0.048128 compute_var_ms=0.000000415 compute_gflops=79.059375 eff_bw_gbs=367.727837 pct_peak_bw=39.4084 comm_avg_ms=0.287766 comm_min_ms=0.276653 comm_max_ms=0.303571 comm_var_ms=0.000046586 total_avg_ms=0.334938 total_min_ms=0.323757 total_max_ms=0.350675 total_var_ms=0.000045587 effective_gflops=11.134617
RESULT comm=ghost_nccl kernel=cusparse matrix=cage13.mtx P=4 rank=3 nrows_local=111328 ncols_global=445315 nnz_local=1868156 n_ghost=284155 compute_avg_ms=0.047479 compute_min_ms=0.046080 compute_max_ms=0.049152 compute_var_ms=0.000000383 compute_gflops=78.693216 eff_bw_gbs=366.849268 pct_peak_bw=39.3143 comm_avg_ms=0.327026 comm_min_ms=0.303070 comm_max_ms=0.343866 comm_var_ms=0.000089512 total_avg_ms=0.374506 total_min_ms=0.349150 total_max_ms=0.391994 total_var_ms=0.000092600 effective_gflops=9.976652
[ERROR CHECKING] OK!

--- P=4 rep=1/3 driver=spmv_ghost_nccl_acc ---
Loaded ../matrices/cage13.mtx: 445315 x 445315, 7479343 nnz
[kernel] acc -> FLAT (nnz=1874798, avg_nnz=16.84, imbalance=2.32)
[kernel] acc -> FLAT (nnz=1864705, avg_nnz=16.75, imbalance=2.33)
[kernel] acc -> FLAT (nnz=1868156, avg_nnz=16.78, imbalance=2.32)
[kernel] acc -> FLAT (nnz=1871684, avg_nnz=16.81, imbalance=2.32)
RESULT comm=ghost_nccl kernel=acc matrix=cage13.mtx P=4 rank=0 nrows_local=111329 ncols_global=445315 nnz_local=1864705 n_ghost=273241 compute_avg_ms=0.037513 compute_min_ms=0.036864 compute_max_ms=0.038912 compute_var_ms=0.000000383 compute_gflops=99.417702 eff_bw_gbs=462.614542 pct_peak_bw=49.5772 comm_avg_ms=0.355469 comm_min_ms=0.279704 comm_max_ms=2.349961 comm_var_ms=0.137191829 total_avg_ms=0.392982 total_min_ms=0.317592 total_max_ms=2.386825 total_var_ms=0.137101297 effective_gflops=9.490034
RESULT comm=ghost_nccl kernel=acc matrix=cage13.mtx P=4 rank=2 nrows_local=111329 ncols_global=445315 nnz_local=1874798 n_ghost=293706 compute_avg_ms=0.038127 compute_min_ms=0.036864 compute_max_ms=0.038912 compute_var_ms=0.000000257 compute_gflops=98.345070 eff_bw_gbs=459.425454 pct_peak_bw=49.2354 comm_avg_ms=0.452861 comm_min_ms=0.367408 comm_max_ms=2.439546 comm_var_ms=0.136138743 total_avg_ms=0.490988 total_min_ms=0.406320 total_max_ms=2.477434 total_var_ms=0.136105144 effective_gflops=7.636841
RESULT comm=ghost_nccl kernel=acc matrix=cage13.mtx P=4 rank=1 nrows_local=111329 ncols_global=445315 nnz_local=1871684 n_ghost=283761 compute_avg_ms=0.038332 compute_min_ms=0.036864 compute_max_ms=0.039936 compute_var_ms=0.000000467 compute_gflops=97.657154 eff_bw_gbs=455.282826 pct_peak_bw=48.7915 comm_avg_ms=0.420493 comm_min_ms=0.343595 comm_max_ms=2.402863 comm_var_ms=0.135536905 total_avg_ms=0.458825 total_min_ms=0.381483 total_max_ms=2.442799 total_var_ms=0.135757678 effective_gflops=8.158596
RESULT comm=ghost_nccl kernel=acc matrix=cage13.mtx P=4 rank=3 nrows_local=111328 ncols_global=445315 nnz_local=1868156 n_ghost=284155 compute_avg_ms=0.037820 compute_min_ms=0.036864 compute_max_ms=0.038912 compute_var_ms=0.000000415 compute_gflops=98.792656 eff_bw_gbs=460.741153 pct_peak_bw=49.3764 comm_avg_ms=0.404626 comm_min_ms=0.323959 comm_max_ms=2.389345 comm_var_ms=0.135865012 total_avg_ms=0.442446 total_min_ms=0.360823 total_max_ms=2.428257 total_var_ms=0.136015692 effective_gflops=8.444676
[ERROR CHECKING] OK!

--- P=4 rep=1/3 driver=spmv_2d_cusparse ---
Grid: P=4 -> P_r=2 x P_c=2
Loaded ../matrices/cage13.mtx: 445315 x 445315, 7479343 nnz
RESULT comm=checkerboard_mpi kernel=cusparse matrix=cage13.mtx P=4 rank=1 nrows_local=222658 ncols_global=445315 nnz_local=895345 n_ghost=-1 compute_avg_ms=0.037069 compute_min_ms=0.035840 compute_max_ms=0.039936 compute_var_ms=0.000000797 compute_gflops=48.307200 eff_bw_gbs=265.308176 pct_peak_bw=28.4324 comm_avg_ms=0.824893 comm_min_ms=0.814703 comm_max_ms=0.841214 comm_var_ms=0.000029358 total_avg_ms=0.861961 total_min_ms=0.851567 total_max_ms=0.878078 total_var_ms=0.000030471 effective_gflops=2.077460
RESULT comm=checkerboard_mpi kernel=cusparse matrix=cage13.mtx P=4 rank=2 nrows_local=222657 ncols_global=445315 nnz_local=895345 n_ghost=-1 compute_avg_ms=0.036454 compute_min_ms=0.034816 compute_max_ms=0.037888 compute_var_ms=0.000000671 compute_gflops=49.121366 eff_bw_gbs=269.779552 pct_peak_bw=28.9116 comm_avg_ms=1.097542 comm_min_ms=1.083264 comm_max_ms=1.111770 comm_var_ms=0.000042539 total_avg_ms=1.133997 total_min_ms=1.119104 total_max_ms=1.148634 total_var_ms=0.000043469 effective_gflops=1.579096
RESULT comm=checkerboard_mpi kernel=cusparse matrix=cage13.mtx P=4 rank=3 nrows_local=222657 ncols_global=445315 nnz_local=2844495 n_ghost=-1 compute_avg_ms=0.059324 compute_min_ms=0.058368 compute_max_ms=0.063488 compute_var_ms=0.000001114 compute_gflops=95.897368 eff_bw_gbs=428.628578 pct_peak_bw=45.9350 comm_avg_ms=0.781363 comm_min_ms=0.758973 comm_max_ms=0.803832 comm_var_ms=0.000126676 total_avg_ms=0.840687 total_min_ms=0.818365 total_max_ms=0.862200 total_var_ms=0.000122390 effective_gflops=6.767072
RESULT comm=checkerboard_mpi kernel=cusparse matrix=cage13.mtx P=4 rank=0 nrows_local=222658 ncols_global=445315 nnz_local=2844158 n_ghost=-1 compute_avg_ms=0.058743 compute_min_ms=0.057344 compute_max_ms=0.060416 compute_var_ms=0.000000453 compute_gflops=96.833166 eff_bw_gbs=432.816871 pct_peak_bw=46.3838 comm_avg_ms=1.126034 comm_min_ms=1.113163 comm_max_ms=1.135362 comm_var_ms=0.000029209 total_avg_ms=1.184777 total_min_ms=1.171531 total_max_ms=1.194754 total_var_ms=0.000031615 effective_gflops=4.801170
[ERROR CHECKING] OK!

--- P=4 rep=1/3 driver=spmv_2d_acc ---
Grid: P=4 -> P_r=2 x P_c=2
Loaded ../matrices/cage13.mtx: 445315 x 445315, 7479343 nnz
[kernel] acc -> LINE-ENHANCE (nnz=895345, avg_nnz=4.02, imbalance=6.71, V=1)
[kernel] acc -> LINE-ENHANCE (nnz=895345, avg_nnz=4.02, imbalance=6.96, V=1)
[kernel] acc -> FLAT (nnz=2844495, avg_nnz=12.78, imbalance=2.50)
[kernel] acc -> FLAT (nnz=2844158, avg_nnz=12.77, imbalance=2.51)
RESULT comm=checkerboard_mpi kernel=acc matrix=cage13.mtx P=4 rank=2 nrows_local=222657 ncols_global=445315 nnz_local=895345 n_ghost=-1 compute_avg_ms=0.029969 compute_min_ms=0.028672 compute_max_ms=0.035840 compute_var_ms=0.000002023 compute_gflops=59.751276 eff_bw_gbs=328.160099 pct_peak_bw=35.1680 comm_avg_ms=1.009950 comm_min_ms=0.945057 comm_max_ms=1.055476 comm_var_ms=0.000430802 total_avg_ms=1.039919 total_min_ms=0.974753 total_max_ms=1.088244 total_var_ms=0.000452111 effective_gflops=1.721952
RESULT comm=checkerboard_mpi kernel=acc matrix=cage13.mtx P=4 rank=1 nrows_local=222658 ncols_global=445315 nnz_local=895345 n_ghost=-1 compute_avg_ms=0.029525 compute_min_ms=0.028672 compute_max_ms=0.030720 compute_var_ms=0.000000355 compute_gflops=60.649272 eff_bw_gbs=333.092119 pct_peak_bw=35.6966 comm_avg_ms=0.959409 comm_min_ms=0.947133 comm_max_ms=0.981276 comm_var_ms=0.000050095 total_avg_ms=0.988935 total_min_ms=0.976829 total_max_ms=1.009948 total_var_ms=0.000049140 effective_gflops=1.810726
RESULT comm=checkerboard_mpi kernel=acc matrix=cage13.mtx P=4 rank=0 nrows_local=222658 ncols_global=445315 nnz_local=2844158 n_ghost=-1 compute_avg_ms=0.052019 compute_min_ms=0.051200 compute_max_ms=0.053248 compute_var_ms=0.000000308 compute_gflops=109.350319 eff_bw_gbs=488.978617 pct_peak_bw=52.4025 comm_avg_ms=1.128320 comm_min_ms=1.117656 comm_max_ms=1.144711 comm_var_ms=0.000036711 total_avg_ms=1.180339 total_min_ms=1.169880 total_max_ms=1.196935 total_var_ms=0.000035139 effective_gflops=4.819221
RESULT comm=checkerboard_mpi kernel=acc matrix=cage13.mtx P=4 rank=3 nrows_local=222657 ncols_global=445315 nnz_local=2844495 n_ghost=-1 compute_avg_ms=0.051985 compute_min_ms=0.050176 compute_max_ms=0.053248 compute_var_ms=0.000000397 compute_gflops=109.435084 eff_bw_gbs=489.351311 pct_peak_bw=52.4425 comm_avg_ms=0.656378 comm_min_ms=0.643330 comm_max_ms=0.680582 comm_var_ms=0.000062957 total_avg_ms=0.708363 total_min_ms=0.695554 total_max_ms=0.732806 total_var_ms=0.000064223 effective_gflops=8.031179
[ERROR CHECKING] OK!

--- P=4 rep=1/3 driver=spmv_2d_nccl_cusparse ---
Grid: P=4 -> P_r=2 x P_c=2
Loaded ../matrices/cage13.mtx: 445315 x 445315, 7479343 nnz
RESULT comm=checkerboard_nccl kernel=cusparse matrix=cage13.mtx P=4 rank=0 nrows_local=222658 ncols_global=445315 nnz_local=2844158 n_ghost=-1 compute_avg_ms=0.058914 compute_min_ms=0.058368 compute_max_ms=0.060416 compute_var_ms=0.000000331 compute_gflops=96.552653 eff_bw_gbs=431.563056 pct_peak_bw=46.2495 comm_avg_ms=0.181151 comm_min_ms=0.179212 comm_max_ms=0.183243 comm_var_ms=0.000000991 total_avg_ms=0.240066 total_min_ms=0.237580 total_max_ms=0.242075 total_var_ms=0.000001138 effective_gflops=23.694850
RESULT comm=checkerboard_nccl kernel=cusparse matrix=cage13.mtx P=4 rank=1 nrows_local=222658 ncols_global=445315 nnz_local=895345 n_ghost=-1 compute_avg_ms=0.037274 compute_min_ms=0.036864 compute_max_ms=0.037888 compute_var_ms=0.000000252 compute_gflops=48.041776 eff_bw_gbs=263.850436 pct_peak_bw=28.2762 comm_avg_ms=0.159949 comm_min_ms=0.158965 comm_max_ms=0.161995 comm_var_ms=0.000000586 total_avg_ms=0.197223 total_min_ms=0.195829 total_max_ms=0.199883 total_var_ms=0.000000949 effective_gflops=9.079519
RESULT comm=checkerboard_nccl kernel=cusparse matrix=cage13.mtx P=4 rank=2 nrows_local=222657 ncols_global=445315 nnz_local=895345 n_ghost=-1 compute_avg_ms=0.036659 compute_min_ms=0.035840 compute_max_ms=0.037888 compute_var_ms=0.000000238 compute_gflops=48.846945 eff_bw_gbs=268.272403 pct_peak_bw=28.7500 comm_avg_ms=0.267840 comm_min_ms=0.263577 comm_max_ms=0.270044 comm_var_ms=0.000002065 total_avg_ms=0.304500 total_min_ms=0.301465 total_max_ms=0.306908 total_var_ms=0.000001915 effective_gflops=5.880764
RESULT comm=checkerboard_nccl kernel=cusparse matrix=cage13.mtx P=4 rank=3 nrows_local=222657 ncols_global=445315 nnz_local=2844495 n_ghost=-1 compute_avg_ms=0.059563 compute_min_ms=0.058368 compute_max_ms=0.060416 compute_var_ms=0.000000216 compute_gflops=95.512679 eff_bw_gbs=426.909149 pct_peak_bw=45.7507 comm_avg_ms=0.203518 comm_min_ms=0.200931 comm_max_ms=0.219046 comm_var_ms=0.000009144 total_avg_ms=0.263081 total_min_ms=0.260277 total_max_ms=0.278438 total_var_ms=0.000009319 effective_gflops=21.624486
[ERROR CHECKING] OK!

--- P=4 rep=1/3 driver=spmv_2d_nccl_acc ---
Grid: P=4 -> P_r=2 x P_c=2
Loaded ../matrices/cage13.mtx: 445315 x 445315, 7479343 nnz
[kernel] acc -> LINE-ENHANCE (nnz=895345, avg_nnz=4.02, imbalance=6.71, V=1)
[kernel] acc -> FLAT (nnz=2844495, avg_nnz=12.78, imbalance=2.50)
[kernel] acc -> LINE-ENHANCE (nnz=895345, avg_nnz=4.02, imbalance=6.96, V=1)
[kernel] acc -> FLAT (nnz=2844158, avg_nnz=12.77, imbalance=2.51)
RESULT comm=checkerboard_nccl kernel=acc matrix=cage13.mtx P=4 rank=1 nrows_local=222658 ncols_global=445315 nnz_local=895345 n_ghost=-1 compute_avg_ms=0.030925 compute_min_ms=0.028672 compute_max_ms=0.035840 compute_var_ms=0.000004921 compute_gflops=57.904658 eff_bw_gbs=318.018414 pct_peak_bw=34.0812 comm_avg_ms=0.160371 comm_min_ms=0.158429 comm_max_ms=0.162746 comm_var_ms=0.000001080 total_avg_ms=0.191296 total_min_ms=0.188321 total_max_ms=0.197370 total_var_ms=0.000008301 effective_gflops=9.360858
RESULT comm=checkerboard_nccl kernel=acc matrix=cage13.mtx P=4 rank=2 nrows_local=222657 ncols_global=445315 nnz_local=895345 n_ghost=-1 compute_avg_ms=0.030549 compute_min_ms=0.028672 compute_max_ms=0.034816 compute_var_ms=0.000003221 compute_gflops=58.616336 eff_bw_gbs=321.926892 pct_peak_bw=34.5001 comm_avg_ms=0.278200 comm_min_ms=0.267915 comm_max_ms=0.312416 comm_var_ms=0.000225140 total_avg_ms=0.308749 total_min_ms=0.297845 total_max_ms=0.347232 total_var_ms=0.000273590 effective_gflops=5.799822
RESULT comm=checkerboard_nccl kernel=acc matrix=cage13.mtx P=4 rank=0 nrows_local=222658 ncols_global=445315 nnz_local=2844158 n_ghost=-1 compute_avg_ms=0.054545 compute_min_ms=0.052224 compute_max_ms=0.062464 compute_var_ms=0.000010761 compute_gflops=104.286536 eff_bw_gbs=466.335048 pct_peak_bw=49.9759 comm_avg_ms=0.181325 comm_min_ms=0.176518 comm_max_ms=0.192914 comm_var_ms=0.000024348 total_avg_ms=0.235870 total_min_ms=0.230104 total_max_ms=0.254388 total_var_ms=0.000064783 effective_gflops=24.116308
RESULT comm=checkerboard_nccl kernel=acc matrix=cage13.mtx P=4 rank=3 nrows_local=222657 ncols_global=445315 nnz_local=2844495 n_ghost=-1 compute_avg_ms=0.054443 compute_min_ms=0.052224 compute_max_ms=0.061440 compute_var_ms=0.000010631 compute_gflops=104.495066 eff_bw_gbs=467.261465 pct_peak_bw=50.0752 comm_avg_ms=0.208890 comm_min_ms=0.202320 comm_max_ms=0.227818 comm_var_ms=0.000062365 total_avg_ms=0.263333 total_min_ms=0.254544 total_max_ms=0.288234 total_var_ms=0.000122228 effective_gflops=21.603825
[ERROR CHECKING] OK!

--- P=4 rep=2/3 driver=spmv_bcast ---
Loaded ../matrices/cage13.mtx: 445315 x 445315, 7479343 nnz
RESULT comm=bcast kernel=cusparse matrix=cage13.mtx P=4 rank=0 nrows_local=111329 ncols_global=445315 nnz_local=1864705 n_ghost=-1 compute_avg_ms=0.050176 compute_min_ms=0.049152 compute_max_ms=0.051200 compute_var_ms=0.000000210 compute_gflops=74.326572 eff_bw_gbs=350.556769 pct_peak_bw=37.5682 comm_avg_ms=0.543453 comm_min_ms=0.489133 comm_max_ms=0.555052 comm_var_ms=0.000139786 total_avg_ms=0.593629 total_min_ms=0.539309 total_max_ms=0.605228 total_var_ms=0.000138698 effective_gflops=6.282387
RESULT comm=bcast kernel=cusparse matrix=cage13.mtx P=4 rank=1 nrows_local=111329 ncols_global=445315 nnz_local=1871684 n_ghost=-1 compute_avg_ms=0.050995 compute_min_ms=0.050176 compute_max_ms=0.052224 compute_var_ms=0.000000238 compute_gflops=73.406283 eff_bw_gbs=346.020184 pct_peak_bw=37.0821 comm_avg_ms=0.799093 comm_min_ms=0.783567 comm_max_ms=0.819678 comm_var_ms=0.000076384 total_avg_ms=0.850089 total_min_ms=0.834767 total_max_ms=0.869854 total_var_ms=0.000072679 effective_gflops=4.403504
RESULT comm=bcast kernel=cusparse matrix=cage13.mtx P=4 rank=2 nrows_local=111329 ncols_global=445315 nnz_local=1874798 n_ghost=-1 compute_avg_ms=0.050142 compute_min_ms=0.049152 compute_max_ms=0.051200 compute_var_ms=0.000000244 compute_gflops=74.779747 eff_bw_gbs=352.405716 pct_peak_bw=37.7664 comm_avg_ms=0.902489 comm_min_ms=0.887536 comm_max_ms=0.922671 comm_var_ms=0.000062481 total_avg_ms=0.952630 total_min_ms=0.937712 total_max_ms=0.972847 total_var_ms=0.000064557 effective_gflops=3.936045
RESULT comm=bcast kernel=cusparse matrix=cage13.mtx P=4 rank=3 nrows_local=111328 ncols_global=445315 nnz_local=1868156 n_ghost=-1 compute_avg_ms=0.050142 compute_min_ms=0.049152 compute_max_ms=0.051200 compute_var_ms=0.000000174 compute_gflops=74.514819 eff_bw_gbs=351.345844 pct_peak_bw=37.6528 comm_avg_ms=0.905078 comm_min_ms=0.891104 comm_max_ms=0.925307 comm_var_ms=0.000053994 total_avg_ms=0.955220 total_min_ms=0.941280 total_max_ms=0.975483 total_var_ms=0.000052938 effective_gflops=3.911469
[ERROR CHECKING] OK!

--- P=4 rep=2/3 driver=spmv_ghost_cusparse ---
Loaded ../matrices/cage13.mtx: 445315 x 445315, 7479343 nnz
RESULT comm=ghost_mpi kernel=cusparse matrix=cage13.mtx P=4 rank=0 nrows_local=111329 ncols_global=445315 nnz_local=1864705 n_ghost=273241 compute_avg_ms=0.046421 compute_min_ms=0.046080 compute_max_ms=0.047104 compute_var_ms=0.000000233 compute_gflops=80.338277 eff_bw_gbs=373.676378 pct_peak_bw=40.0459 comm_avg_ms=0.911981 comm_min_ms=0.659251 comm_max_ms=1.259171 comm_var_ms=0.013495392 total_avg_ms=0.958402 total_min_ms=0.705331 total_max_ms=1.306275 total_var_ms=0.013502591 effective_gflops=3.891279
RESULT comm=ghost_mpi kernel=cusparse matrix=cage13.mtx P=4 rank=1 nrows_local=111329 ncols_global=445315 nnz_local=1871684 n_ghost=283761 compute_avg_ms=0.049152 compute_min_ms=0.046080 compute_max_ms=0.101376 compute_var_ms=0.000094372 compute_gflops=76.159015 eff_bw_gbs=354.908603 pct_peak_bw=38.0346 comm_avg_ms=1.384277 comm_min_ms=0.777579 comm_max_ms=1.891168 comm_var_ms=0.073266335 total_avg_ms=1.433429 total_min_ms=0.824683 total_max_ms=1.939296 total_var_ms=0.073252102 effective_gflops=2.611477
RESULT comm=ghost_mpi kernel=cusparse matrix=cage13.mtx P=4 rank=2 nrows_local=111329 ncols_global=445315 nnz_local=1874798 n_ghost=293706 compute_avg_ms=0.047343 compute_min_ms=0.047104 compute_max_ms=0.049152 compute_var_ms=0.000000257 compute_gflops=79.200752 eff_bw_gbs=369.836813 pct_peak_bw=39.6344 comm_avg_ms=1.375229 comm_min_ms=0.778221 comm_max_ms=1.742656 comm_var_ms=0.051037435 total_avg_ms=1.422572 total_min_ms=0.825325 total_max_ms=1.789760 total_var_ms=0.051064320 effective_gflops=2.635787
RESULT comm=ghost_mpi kernel=cusparse matrix=cage13.mtx P=4 rank=3 nrows_local=111328 ncols_global=445315 nnz_local=1868156 n_ghost=284155 compute_avg_ms=0.046694 compute_min_ms=0.046080 compute_max_ms=0.047104 compute_var_ms=0.000000252 compute_gflops=80.016274 eff_bw_gbs=373.017057 pct_peak_bw=39.9753 comm_avg_ms=1.395633 comm_min_ms=0.743565 comm_max_ms=1.890910 comm_var_ms=0.067408607 total_avg_ms=1.442327 total_min_ms=0.790669 total_max_ms=1.938014 total_var_ms=0.067389713 effective_gflops=2.590475
[ERROR CHECKING] OK!

--- P=4 rep=2/3 driver=spmv_ghost_acc ---
Loaded ../matrices/cage13.mtx: 445315 x 445315, 7479343 nnz
[kernel] acc -> FLAT (nnz=1874798, avg_nnz=16.84, imbalance=2.32)
[kernel] acc -> FLAT (nnz=1864705, avg_nnz=16.75, imbalance=2.33)
[kernel] acc -> FLAT (nnz=1871684, avg_nnz=16.81, imbalance=2.32)
[kernel] acc -> FLAT (nnz=1868156, avg_nnz=16.78, imbalance=2.32)
RESULT comm=ghost_mpi kernel=acc matrix=cage13.mtx P=4 rank=0 nrows_local=111329 ncols_global=445315 nnz_local=1864705 n_ghost=273241 compute_avg_ms=0.036966 compute_min_ms=0.035840 compute_max_ms=0.038912 compute_var_ms=0.000000514 compute_gflops=100.886477 eff_bw_gbs=469.449106 pct_peak_bw=50.3096 comm_avg_ms=0.922717 comm_min_ms=0.579029 comm_max_ms=1.299974 comm_var_ms=0.018408515 total_avg_ms=0.959684 total_min_ms=0.615893 total_max_ms=1.336838 total_var_ms=0.018366160 effective_gflops=3.886083
RESULT comm=ghost_mpi kernel=acc matrix=cage13.mtx P=4 rank=2 nrows_local=111329 ncols_global=445315 nnz_local=1874798 n_ghost=293706 compute_avg_ms=0.037376 compute_min_ms=0.036864 compute_max_ms=0.037888 compute_var_ms=0.000000262 compute_gflops=100.320951 eff_bw_gbs=468.655910 pct_peak_bw=50.2246 comm_avg_ms=1.340652 comm_min_ms=0.845131 comm_max_ms=1.731745 comm_var_ms=0.043456085 total_avg_ms=1.378028 total_min_ms=0.883019 total_max_ms=1.768609 total_var_ms=0.043409541 effective_gflops=2.720987
RESULT comm=ghost_mpi kernel=acc matrix=cage13.mtx P=4 rank=1 nrows_local=111329 ncols_global=445315 nnz_local=1871684 n_ghost=283761 compute_avg_ms=0.037513 compute_min_ms=0.036864 compute_max_ms=0.038912 compute_var_ms=0.000000383 compute_gflops=99.789791 eff_bw_gbs=465.225296 pct_peak_bw=49.8570 comm_avg_ms=1.330067 comm_min_ms=0.876815 comm_max_ms=1.807010 comm_var_ms=0.051225896 total_avg_ms=1.367579 total_min_ms=0.914703 total_max_ms=1.844898 total_var_ms=0.051284528 effective_gflops=2.737222
RESULT comm=ghost_mpi kernel=acc matrix=cage13.mtx P=4 rank=3 nrows_local=111328 ncols_global=445315 nnz_local=1868156 n_ghost=284155 compute_avg_ms=0.036557 compute_min_ms=0.034816 compute_max_ms=0.037888 compute_var_ms=0.000000640 compute_gflops=102.205660 eff_bw_gbs=476.658445 pct_peak_bw=51.0822 comm_avg_ms=1.353662 comm_min_ms=0.876804 comm_max_ms=1.806276 comm_var_ms=0.046166666 total_avg_ms=1.390219 total_min_ms=0.913668 total_max_ms=1.842116 total_var_ms=0.046139743 effective_gflops=2.687572
[ERROR CHECKING] OK!

--- P=4 rep=2/3 driver=spmv_ghost_nccl_cusparse ---
Loaded ../matrices/cage13.mtx: 445315 x 445315, 7479343 nnz
RESULT comm=ghost_nccl kernel=cusparse matrix=cage13.mtx P=4 rank=1 nrows_local=111329 ncols_global=445315 nnz_local=1871684 n_ghost=283761 compute_avg_ms=0.048230 compute_min_ms=0.047104 compute_max_ms=0.049152 compute_var_ms=0.000000374 compute_gflops=77.614282 eff_bw_gbs=361.690293 pct_peak_bw=38.7614 comm_avg_ms=0.341732 comm_min_ms=0.314488 comm_max_ms=0.354500 comm_var_ms=0.000057793 total_avg_ms=0.389963 total_min_ms=0.361592 total_max_ms=0.402628 total_var_ms=0.000061007 effective_gflops=9.599295
RESULT comm=ghost_nccl kernel=cusparse matrix=cage13.mtx P=4 rank=2 nrows_local=111329 ncols_global=445315 nnz_local=1874798 n_ghost=293706 compute_avg_ms=0.047445 compute_min_ms=0.047104 compute_max_ms=0.048128 compute_var_ms=0.000000233 compute_gflops=79.029815 eff_bw_gbs=369.038604 pct_peak_bw=39.5489 comm_avg_ms=0.371830 comm_min_ms=0.359997 comm_max_ms=0.385670 comm_var_ms=0.000034151 total_avg_ms=0.419276 total_min_ms=0.407101 total_max_ms=0.433798 total_var_ms=0.000034633 effective_gflops=8.943034
RESULT comm=ghost_nccl kernel=cusparse matrix=cage13.mtx P=4 rank=0 nrows_local=111329 ncols_global=445315 nnz_local=1864705 n_ghost=273241 compute_avg_ms=0.047309 compute_min_ms=0.046080 compute_max_ms=0.048128 compute_var_ms=0.000000377 compute_gflops=78.831209 eff_bw_gbs=366.666573 pct_peak_bw=39.2947 comm_avg_ms=0.283221 comm_min_ms=0.274716 comm_max_ms=0.295578 comm_var_ms=0.000021314 total_avg_ms=0.330530 total_min_ms=0.322211 total_max_ms=0.341658 total_var_ms=0.000019775 effective_gflops=11.283115
RESULT comm=ghost_nccl kernel=cusparse matrix=cage13.mtx P=4 rank=3 nrows_local=111328 ncols_global=445315 nnz_local=1868156 n_ghost=284155 compute_avg_ms=0.047650 compute_min_ms=0.047104 compute_max_ms=0.049152 compute_var_ms=0.000000331 compute_gflops=78.411363 eff_bw_gbs=365.535337 pct_peak_bw=39.1735 comm_avg_ms=0.321704 comm_min_ms=0.262772 comm_max_ms=0.334247 comm_var_ms=0.000151343 total_avg_ms=0.369354 total_min_ms=0.310900 total_max_ms=0.381351 total_var_ms=0.000150327 effective_gflops=10.115799
[ERROR CHECKING] OK!

--- P=4 rep=2/3 driver=spmv_ghost_nccl_acc ---
Loaded ../matrices/cage13.mtx: 445315 x 445315, 7479343 nnz
[kernel] acc -> FLAT (nnz=1871684, avg_nnz=16.81, imbalance=2.32)
[kernel] acc -> FLAT (nnz=1868156, avg_nnz=16.78, imbalance=2.32)
[kernel] acc -> FLAT (nnz=1864705, avg_nnz=16.75, imbalance=2.33)
[kernel] acc -> FLAT (nnz=1874798, avg_nnz=16.84, imbalance=2.32)
RESULT comm=ghost_nccl kernel=acc matrix=cage13.mtx P=4 rank=0 nrows_local=111329 ncols_global=445315 nnz_local=1864705 n_ghost=273241 compute_avg_ms=0.038059 compute_min_ms=0.036864 compute_max_ms=0.045056 compute_var_ms=0.000003221 compute_gflops=97.991080 eff_bw_gbs=455.976125 pct_peak_bw=48.8658 comm_avg_ms=0.286893 comm_min_ms=0.278702 comm_max_ms=0.298154 comm_var_ms=0.000018946 total_avg_ms=0.324952 total_min_ms=0.316590 total_max_ms=0.336521 total_var_ms=0.000025388 effective_gflops=11.476816
RESULT comm=ghost_nccl kernel=acc matrix=cage13.mtx P=4 rank=2 nrows_local=111329 ncols_global=445315 nnz_local=1874798 n_ghost=293706 compute_avg_ms=0.038775 compute_min_ms=0.036864 compute_max_ms=0.046080 compute_var_ms=0.000004036 compute_gflops=96.700214 eff_bw_gbs=451.741404 pct_peak_bw=48.4119 comm_avg_ms=0.367700 comm_min_ms=0.353702 comm_max_ms=0.389675 comm_var_ms=0.000065300 total_avg_ms=0.406475 total_min_ms=0.390566 total_max_ms=0.427563 total_var_ms=0.000069816 effective_gflops=9.224659
RESULT comm=ghost_nccl kernel=acc matrix=cage13.mtx P=4 rank=1 nrows_local=111329 ncols_global=445315 nnz_local=1871684 n_ghost=283761 compute_avg_ms=0.039322 compute_min_ms=0.037888 compute_max_ms=0.045056 compute_var_ms=0.000004935 compute_gflops=95.198771 eff_bw_gbs=443.821717 pct_peak_bw=47.5632 comm_avg_ms=0.338098 comm_min_ms=0.324730 comm_max_ms=0.357691 comm_var_ms=0.000056712 total_avg_ms=0.377420 total_min_ms=0.362618 total_max_ms=0.395579 total_var_ms=0.000064080 effective_gflops=9.918316
RESULT comm=ghost_nccl kernel=acc matrix=cage13.mtx P=4 rank=3 nrows_local=111328 ncols_global=445315 nnz_local=1868156 n_ghost=284155 compute_avg_ms=0.038912 compute_min_ms=0.036864 compute_max_ms=0.046080 compute_var_ms=0.000006152 compute_gflops=96.019528 eff_bw_gbs=447.808067 pct_peak_bw=47.9904 comm_avg_ms=0.320268 comm_min_ms=0.303433 comm_max_ms=0.343226 comm_var_ms=0.000068986 total_avg_ms=0.359180 total_min_ms=0.341321 total_max_ms=0.381114 total_var_ms=0.000076816 effective_gflops=10.402335
[ERROR CHECKING] OK!

--- P=4 rep=2/3 driver=spmv_2d_cusparse ---
Grid: P=4 -> P_r=2 x P_c=2
Loaded ../matrices/cage13.mtx: 445315 x 445315, 7479343 nnz
RESULT comm=checkerboard_mpi kernel=cusparse matrix=cage13.mtx P=4 rank=1 nrows_local=222658 ncols_global=445315 nnz_local=895345 n_ghost=-1 compute_avg_ms=0.036796 compute_min_ms=0.035840 compute_max_ms=0.039936 compute_var_ms=0.000000555 compute_gflops=48.665695 eff_bw_gbs=267.277067 pct_peak_bw=28.6434 comm_avg_ms=0.774498 comm_min_ms=0.742506 comm_max_ms=0.795848 comm_var_ms=0.000157112 total_avg_ms=0.811294 total_min_ms=0.779370 total_max_ms=0.831976 total_var_ms=0.000159543 effective_gflops=2.207202
RESULT comm=checkerboard_mpi kernel=cusparse matrix=cage13.mtx P=4 rank=2 nrows_local=222657 ncols_global=445315 nnz_local=895345 n_ghost=-1 compute_avg_ms=0.036762 compute_min_ms=0.035840 compute_max_ms=0.037888 compute_var_ms=0.000000234 compute_gflops=48.710881 eff_bw_gbs=267.525126 pct_peak_bw=28.6700 comm_avg_ms=1.191639 comm_min_ms=1.180756 comm_max_ms=1.211398 comm_var_ms=0.000035097 total_avg_ms=1.228401 total_min_ms=1.216596 total_max_ms=1.248262 total_var_ms=0.000036325 effective_gflops=1.457741
RESULT comm=checkerboard_mpi kernel=cusparse matrix=cage13.mtx P=4 rank=3 nrows_local=222657 ncols_global=445315 nnz_local=2844495 n_ghost=-1 compute_avg_ms=0.058846 compute_min_ms=0.058368 compute_max_ms=0.061440 compute_var_ms=0.000000541 compute_gflops=96.676117 eff_bw_gbs=432.109321 pct_peak_bw=46.3080 comm_avg_ms=0.945568 comm_min_ms=0.924387 comm_max_ms=0.985219 comm_var_ms=0.000098599 total_avg_ms=1.004414 total_min_ms=0.983779 total_max_ms=1.043587 total_var_ms=0.000095545 effective_gflops=5.663991
RESULT comm=checkerboard_mpi kernel=cusparse matrix=cage13.mtx P=4 rank=0 nrows_local=222658 ncols_global=445315 nnz_local=2844158 n_ghost=-1 compute_avg_ms=0.059017 compute_min_ms=0.057344 compute_max_ms=0.062464 compute_var_ms=0.000000803 compute_gflops=96.385124 eff_bw_gbs=430.814249 pct_peak_bw=46.1692 comm_avg_ms=1.130014 comm_min_ms=1.103857 comm_max_ms=1.144227 comm_var_ms=0.000071950 total_avg_ms=1.189030 total_min_ms=1.164273 total_max_ms=1.202832 total_var_ms=0.000070584 effective_gflops=4.783995
[ERROR CHECKING] OK!

--- P=4 rep=2/3 driver=spmv_2d_acc ---
Grid: P=4 -> P_r=2 x P_c=2
Loaded ../matrices/cage13.mtx: 445315 x 445315, 7479343 nnz
[kernel] acc -> LINE-ENHANCE (nnz=895345, avg_nnz=4.02, imbalance=6.71, V=1)
[kernel] acc -> LINE-ENHANCE (nnz=895345, avg_nnz=4.02, imbalance=6.96, V=1)
[kernel] acc -> FLAT (nnz=2844495, avg_nnz=12.78, imbalance=2.50)
[kernel] acc -> FLAT (nnz=2844158, avg_nnz=12.77, imbalance=2.51)
RESULT comm=checkerboard_mpi kernel=acc matrix=cage13.mtx P=4 rank=0 nrows_local=222658 ncols_global=445315 nnz_local=2844158 n_ghost=-1 compute_avg_ms=0.051985 compute_min_ms=0.051200 compute_max_ms=0.053248 compute_var_ms=0.000000327 compute_gflops=109.422118 eff_bw_gbs=489.299680 pct_peak_bw=52.4370 comm_avg_ms=1.090727 comm_min_ms=1.073315 comm_max_ms=1.103968 comm_var_ms=0.000052589 total_avg_ms=1.142712 total_min_ms=1.125539 total_max_ms=1.157204 total_var_ms=0.000052495 effective_gflops=4.977910
RESULT comm=checkerboard_mpi kernel=acc matrix=cage13.mtx P=4 rank=2 nrows_local=222657 ncols_global=445315 nnz_local=895345 n_ghost=-1 compute_avg_ms=0.029833 compute_min_ms=0.028672 compute_max_ms=0.030720 compute_var_ms=0.000000331 compute_gflops=60.024737 eff_bw_gbs=329.661976 pct_peak_bw=35.3290 comm_avg_ms=1.158400 comm_min_ms=1.142520 comm_max_ms=1.171127 comm_var_ms=0.000055937 total_avg_ms=1.188233 total_min_ms=1.172216 total_max_ms=1.200823 total_var_ms=0.000055108 effective_gflops=1.507020
RESULT comm=checkerboard_mpi kernel=acc matrix=cage13.mtx P=4 rank=1 nrows_local=222658 ncols_global=445315 nnz_local=895345 n_ghost=-1 compute_avg_ms=0.029696 compute_min_ms=0.027648 compute_max_ms=0.031744 compute_var_ms=0.000000699 compute_gflops=60.300713 eff_bw_gbs=331.177798 pct_peak_bw=35.4914 comm_avg_ms=0.852686 comm_min_ms=0.839693 comm_max_ms=0.868562 comm_var_ms=0.000046645 total_avg_ms=0.882382 total_min_ms=0.869389 total_max_ms=0.898258 total_var_ms=0.000043310 effective_gflops=2.029381
RESULT comm=checkerboard_mpi kernel=acc matrix=cage13.mtx P=4 rank=3 nrows_local=222657 ncols_global=445315 nnz_local=2844495 n_ghost=-1 compute_avg_ms=0.051917 compute_min_ms=0.050176 compute_max_ms=0.053248 compute_var_ms=0.000000710 compute_gflops=109.578982 eff_bw_gbs=489.994771 pct_peak_bw=52.5114 comm_avg_ms=0.794110 comm_min_ms=0.770790 comm_max_ms=0.813852 comm_var_ms=0.000084459 total_avg_ms=0.846027 total_min_ms=0.823014 total_max_ms=0.866076 total_var_ms=0.000079866 effective_gflops=6.724361
[ERROR CHECKING] OK!

--- P=4 rep=2/3 driver=spmv_2d_nccl_cusparse ---
Grid: P=4 -> P_r=2 x P_c=2
Loaded ../matrices/cage13.mtx: 445315 x 445315, 7479343 nnz
RESULT comm=checkerboard_nccl kernel=cusparse matrix=cage13.mtx P=4 rank=0 nrows_local=222658 ncols_global=445315 nnz_local=2844158 n_ghost=-1 compute_avg_ms=0.059085 compute_min_ms=0.058368 compute_max_ms=0.060416 compute_var_ms=0.000000290 compute_gflops=96.273760 eff_bw_gbs=430.316484 pct_peak_bw=46.1159 comm_avg_ms=0.181585 comm_min_ms=0.179724 comm_max_ms=0.183670 comm_var_ms=0.000000802 total_avg_ms=0.240670 total_min_ms=0.238977 total_max_ms=0.243062 total_var_ms=0.000001028 effective_gflops=23.635312
RESULT comm=checkerboard_nccl kernel=cusparse matrix=cage13.mtx P=4 rank=1 nrows_local=222658 ncols_global=445315 nnz_local=895345 n_ghost=-1 compute_avg_ms=0.037274 compute_min_ms=0.036864 compute_max_ms=0.037888 compute_var_ms=0.000000252 compute_gflops=48.041776 eff_bw_gbs=263.850436 pct_peak_bw=28.2762 comm_avg_ms=0.160843 comm_min_ms=0.159867 comm_max_ms=0.162543 comm_var_ms=0.000000340 total_avg_ms=0.198117 total_min_ms=0.196731 total_max_ms=0.200431 total_var_ms=0.000000599 effective_gflops=9.038566
RESULT comm=checkerboard_nccl kernel=cusparse matrix=cage13.mtx P=4 rank=2 nrows_local=222657 ncols_global=445315 nnz_local=895345 n_ghost=-1 compute_avg_ms=0.036489 compute_min_ms=0.035840 compute_max_ms=0.037888 compute_var_ms=0.000000313 compute_gflops=49.075416 eff_bw_gbs=269.527185 pct_peak_bw=28.8845 comm_avg_ms=0.268366 comm_min_ms=0.265778 comm_max_ms=0.271158 comm_var_ms=0.000001804 total_avg_ms=0.304855 total_min_ms=0.302642 total_max_ms=0.308414 total_var_ms=0.000002290 effective_gflops=5.873911
RESULT comm=checkerboard_nccl kernel=cusparse matrix=cage13.mtx P=4 rank=3 nrows_local=222657 ncols_global=445315 nnz_local=2844495 n_ghost=-1 compute_avg_ms=0.059904 compute_min_ms=0.059392 compute_max_ms=0.061440 compute_var_ms=0.000000402 compute_gflops=94.968447 eff_bw_gbs=424.476619 pct_peak_bw=45.4900 comm_avg_ms=0.203258 comm_min_ms=0.200355 comm_max_ms=0.205051 comm_var_ms=0.000001179 total_avg_ms=0.263162 total_min_ms=0.259747 total_max_ms=0.265467 total_var_ms=0.000001971 effective_gflops=21.617814
[ERROR CHECKING] OK!

--- P=4 rep=2/3 driver=spmv_2d_nccl_acc ---
Grid: P=4 -> P_r=2 x P_c=2
Loaded ../matrices/cage13.mtx: 445315 x 445315, 7479343 nnz
[kernel] acc -> LINE-ENHANCE (nnz=895345, avg_nnz=4.02, imbalance=6.71, V=1)
[kernel] acc -> FLAT (nnz=2844495, avg_nnz=12.78, imbalance=2.50)
[kernel] acc -> LINE-ENHANCE (nnz=895345, avg_nnz=4.02, imbalance=6.96, V=1)
[kernel] acc -> FLAT (nnz=2844158, avg_nnz=12.77, imbalance=2.51)
RESULT comm=checkerboard_nccl kernel=acc matrix=cage13.mtx P=4 rank=1 nrows_local=222658 ncols_global=445315 nnz_local=895345 n_ghost=-1 compute_avg_ms=0.030857 compute_min_ms=0.028672 compute_max_ms=0.035840 compute_var_ms=0.000004385 compute_gflops=58.032766 eff_bw_gbs=318.721996 pct_peak_bw=34.1566 comm_avg_ms=0.160228 comm_min_ms=0.158459 comm_max_ms=0.162876 comm_var_ms=0.000000819 total_avg_ms=0.191085 total_min_ms=0.187131 total_max_ms=0.196443 total_var_ms=0.000006127 effective_gflops=9.371185
RESULT comm=checkerboard_nccl kernel=acc matrix=cage13.mtx P=4 rank=2 nrows_local=222657 ncols_global=445315 nnz_local=895345 n_ghost=-1 compute_avg_ms=0.030618 compute_min_ms=0.028672 compute_max_ms=0.034816 compute_var_ms=0.000003240 compute_gflops=58.485642 eff_bw_gbs=321.209105 pct_peak_bw=34.4231 comm_avg_ms=0.277768 comm_min_ms=0.267226 comm_max_ms=0.307208 comm_var_ms=0.000223858 total_avg_ms=0.308386 total_min_ms=0.295898 total_max_ms=0.341662 total_var_ms=0.000272938 effective_gflops=5.806657
RESULT comm=checkerboard_nccl kernel=acc matrix=cage13.mtx P=4 rank=0 nrows_local=222658 ncols_global=445315 nnz_local=2844158 n_ghost=-1 compute_avg_ms=0.054750 compute_min_ms=0.052224 compute_max_ms=0.063488 compute_var_ms=0.000011236 compute_gflops=103.896437 eff_bw_gbs=464.590651 pct_peak_bw=49.7890 comm_avg_ms=0.181404 comm_min_ms=0.176597 comm_max_ms=0.194399 comm_var_ms=0.000022457 total_avg_ms=0.236154 total_min_ms=0.229845 total_max_ms=0.255124 total_var_ms=0.000060886 effective_gflops=24.087323
RESULT comm=checkerboard_nccl kernel=acc matrix=cage13.mtx P=4 rank=3 nrows_local=222657 ncols_global=445315 nnz_local=2844495 n_ghost=-1 compute_avg_ms=0.054238 compute_min_ms=0.051200 compute_max_ms=0.061440 compute_var_ms=0.000010520 compute_gflops=104.889635 eff_bw_gbs=469.025825 pct_peak_bw=50.2643 comm_avg_ms=0.208287 comm_min_ms=0.202630 comm_max_ms=0.222921 comm_var_ms=0.000055057 total_avg_ms=0.262525 total_min_ms=0.254011 total_max_ms=0.282593 total_var_ms=0.000112346 effective_gflops=21.670309
[ERROR CHECKING] OK!

--- P=4 rep=3/3 driver=spmv_bcast ---
Loaded ../matrices/cage13.mtx: 445315 x 445315, 7479343 nnz
RESULT comm=bcast kernel=cusparse matrix=cage13.mtx P=4 rank=0 nrows_local=111329 ncols_global=445315 nnz_local=1864705 n_ghost=-1 compute_avg_ms=0.050176 compute_min_ms=0.049152 compute_max_ms=0.051200 compute_var_ms=0.000000140 compute_gflops=74.326573 eff_bw_gbs=350.556770 pct_peak_bw=37.5682 comm_avg_ms=0.567557 comm_min_ms=0.557438 comm_max_ms=0.582912 comm_var_ms=0.000027799 total_avg_ms=0.617733 total_min_ms=0.607614 total_max_ms=0.633088 total_var_ms=0.000027912 effective_gflops=6.037255
RESULT comm=bcast kernel=cusparse matrix=cage13.mtx P=4 rank=1 nrows_local=111329 ncols_global=445315 nnz_local=1871684 n_ghost=-1 compute_avg_ms=0.051166 compute_min_ms=0.050176 compute_max_ms=0.052224 compute_var_ms=0.000000244 compute_gflops=73.161432 eff_bw_gbs=344.866013 pct_peak_bw=36.9584 comm_avg_ms=0.830470 comm_min_ms=0.822109 comm_max_ms=0.847791 comm_var_ms=0.000030960 total_avg_ms=0.881636 total_min_ms=0.872285 total_max_ms=0.898991 total_var_ms=0.000032823 effective_gflops=4.245935
RESULT comm=bcast kernel=cusparse matrix=cage13.mtx P=4 rank=2 nrows_local=111329 ncols_global=445315 nnz_local=1874798 n_ghost=-1 compute_avg_ms=0.050620 compute_min_ms=0.050176 compute_max_ms=0.052224 compute_var_ms=0.000000327 compute_gflops=74.073802 eff_bw_gbs=349.078894 pct_peak_bw=37.4099 comm_avg_ms=0.931533 comm_min_ms=0.923053 comm_max_ms=0.949806 comm_var_ms=0.000042412 total_avg_ms=0.982152 total_min_ms=0.974253 total_max_ms=1.001006 total_var_ms=0.000044724 effective_gflops=3.817734
RESULT comm=bcast kernel=cusparse matrix=cage13.mtx P=4 rank=3 nrows_local=111328 ncols_global=445315 nnz_local=1868156 n_ghost=-1 compute_avg_ms=0.050176 compute_min_ms=0.049152 compute_max_ms=0.051200 compute_var_ms=0.000000280 compute_gflops=74.464128 eff_bw_gbs=351.106832 pct_peak_bw=37.6272 comm_avg_ms=0.935405 comm_min_ms=0.927776 comm_max_ms=0.954888 comm_var_ms=0.000030312 total_avg_ms=0.985581 total_min_ms=0.977617 total_max_ms=1.005064 total_var_ms=0.000032024 effective_gflops=3.790973
[ERROR CHECKING] OK!

--- P=4 rep=3/3 driver=spmv_ghost_cusparse ---
Loaded ../matrices/cage13.mtx: 445315 x 445315, 7479343 nnz
RESULT comm=ghost_mpi kernel=cusparse matrix=cage13.mtx P=4 rank=0 nrows_local=111329 ncols_global=445315 nnz_local=1864705 n_ghost=273241 compute_avg_ms=0.046421 compute_min_ms=0.045056 compute_max_ms=0.048128 compute_var_ms=0.000000373 compute_gflops=80.338277 eff_bw_gbs=373.676378 pct_peak_bw=40.0459 comm_avg_ms=0.887177 comm_min_ms=0.646197 comm_max_ms=1.111495 comm_var_ms=0.008457942 total_avg_ms=0.933599 total_min_ms=0.692277 total_max_ms=1.157575 total_var_ms=0.008455878 effective_gflops=3.994661
RESULT comm=ghost_mpi kernel=cusparse matrix=cage13.mtx P=4 rank=1 nrows_local=111329 ncols_global=445315 nnz_local=1871684 n_ghost=283761 compute_avg_ms=0.047479 compute_min_ms=0.046080 compute_max_ms=0.048128 compute_var_ms=0.000000313 compute_gflops=78.841827 eff_bw_gbs=367.410773 pct_peak_bw=39.3744 comm_avg_ms=1.379689 comm_min_ms=0.898442 comm_max_ms=1.814826 comm_var_ms=0.052299900 total_avg_ms=1.427168 total_min_ms=0.945546 total_max_ms=1.861930 total_var_ms=0.052243357 effective_gflops=2.622934
RESULT comm=ghost_mpi kernel=cusparse matrix=cage13.mtx P=4 rank=2 nrows_local=111329 ncols_global=445315 nnz_local=1874798 n_ghost=293706 compute_avg_ms=0.046865 compute_min_ms=0.046080 compute_max_ms=0.048128 compute_var_ms=0.000000327 compute_gflops=80.008334 eff_bw_gbs=373.607911 pct_peak_bw=40.0386 comm_avg_ms=1.371381 comm_min_ms=0.856647 comm_max_ms=1.770216 comm_var_ms=0.040439293 total_avg_ms=1.418246 total_min_ms=0.903751 total_max_ms=1.816296 total_var_ms=0.040373695 effective_gflops=2.643826
RESULT comm=ghost_mpi kernel=cusparse matrix=cage13.mtx P=4 rank=3 nrows_local=111328 ncols_global=445315 nnz_local=1868156 n_ghost=284155 compute_avg_ms=0.046660 compute_min_ms=0.046080 compute_max_ms=0.047104 compute_var_ms=0.000000257 compute_gflops=80.074809 eff_bw_gbs=373.289930 pct_peak_bw=40.0045 comm_avg_ms=1.384550 comm_min_ms=0.845708 comm_max_ms=1.814526 comm_var_ms=0.055501227 total_avg_ms=1.431211 total_min_ms=0.892812 total_max_ms=1.861630 total_var_ms=0.055505276 effective_gflops=2.610596
[ERROR CHECKING] OK!

--- P=4 rep=3/3 driver=spmv_ghost_acc ---
Loaded ../matrices/cage13.mtx: 445315 x 445315, 7479343 nnz
[kernel] acc -> FLAT (nnz=1874798, avg_nnz=16.84, imbalance=2.32)
[kernel] acc -> FLAT (nnz=1864705, avg_nnz=16.75, imbalance=2.33)
[kernel] acc -> FLAT (nnz=1871684, avg_nnz=16.81, imbalance=2.32)
[kernel] acc -> FLAT (nnz=1868156, avg_nnz=16.78, imbalance=2.32)
RESULT comm=ghost_mpi kernel=acc matrix=cage13.mtx P=4 rank=0 nrows_local=111329 ncols_global=445315 nnz_local=1864705 n_ghost=273241 compute_avg_ms=0.037035 compute_min_ms=0.035840 compute_max_ms=0.037888 compute_var_ms=0.000000355 compute_gflops=100.700511 eff_bw_gbs=468.583760 pct_peak_bw=50.2169 comm_avg_ms=0.921742 comm_min_ms=0.558762 comm_max_ms=1.494322 comm_var_ms=0.026072639 total_avg_ms=0.958777 total_min_ms=0.596650 total_max_ms=1.531186 total_var_ms=0.026074306 effective_gflops=3.889759
RESULT comm=ghost_mpi kernel=acc matrix=cage13.mtx P=4 rank=2 nrows_local=111329 ncols_global=445315 nnz_local=1874798 n_ghost=293706 compute_avg_ms=0.037376 compute_min_ms=0.035840 compute_max_ms=0.038912 compute_var_ms=0.000000402 compute_gflops=100.320951 eff_bw_gbs=468.655912 pct_peak_bw=50.2246 comm_avg_ms=1.417608 comm_min_ms=0.824091 comm_max_ms=1.682583 comm_var_ms=0.031282116 total_avg_ms=1.454984 total_min_ms=0.861979 total_max_ms=1.719447 total_var_ms=0.031259517 effective_gflops=2.577070
RESULT comm=ghost_mpi kernel=acc matrix=cage13.mtx P=4 rank=1 nrows_local=111329 ncols_global=445315 nnz_local=1871684 n_ghost=283761 compute_avg_ms=0.037786 compute_min_ms=0.036864 compute_max_ms=0.038912 compute_var_ms=0.000000514 compute_gflops=99.068638 eff_bw_gbs=461.863239 pct_peak_bw=49.4967 comm_avg_ms=1.414651 comm_min_ms=0.856710 comm_max_ms=1.825503 comm_var_ms=0.041326971 total_avg_ms=1.452437 total_min_ms=0.894598 total_max_ms=1.862367 total_var_ms=0.041301157 effective_gflops=2.577302
RESULT comm=ghost_mpi kernel=acc matrix=cage13.mtx P=4 rank=3 nrows_local=111328 ncols_global=445315 nnz_local=1868156 n_ghost=284155 compute_avg_ms=0.036557 compute_min_ms=0.035840 compute_max_ms=0.037888 compute_var_ms=0.000000360 compute_gflops=102.205660 eff_bw_gbs=476.658445 pct_peak_bw=51.0822 comm_avg_ms=1.420461 comm_min_ms=0.851334 comm_max_ms=1.825345 comm_var_ms=0.045061286 total_avg_ms=1.457018 total_min_ms=0.887174 total_max_ms=1.861185 total_var_ms=0.045039328 effective_gflops=2.564356
[ERROR CHECKING] OK!

--- P=4 rep=3/3 driver=spmv_ghost_nccl_cusparse ---
Loaded ../matrices/cage13.mtx: 445315 x 445315, 7479343 nnz
RESULT comm=ghost_nccl kernel=cusparse matrix=cage13.mtx P=4 rank=1 nrows_local=111329 ncols_global=445315 nnz_local=1871684 n_ghost=283761 compute_avg_ms=0.048299 compute_min_ms=0.047104 compute_max_ms=0.049152 compute_var_ms=0.000000285 compute_gflops=77.504580 eff_bw_gbs=361.179069 pct_peak_bw=38.7066 comm_avg_ms=0.438211 comm_min_ms=0.325068 comm_max_ms=3.416045 comm_var_ms=0.305808841 total_avg_ms=0.486509 total_min_ms=0.373196 total_max_ms=3.464173 total_var_ms=0.305775801 effective_gflops=7.694340
RESULT comm=ghost_nccl kernel=cusparse matrix=cage13.mtx P=4 rank=2 nrows_local=111329 ncols_global=445315 nnz_local=1874798 n_ghost=293706 compute_avg_ms=0.047514 compute_min_ms=0.047104 compute_max_ms=0.048128 compute_var_ms=0.000000252 compute_gflops=78.916266 eff_bw_gbs=368.508376 pct_peak_bw=39.4921 comm_avg_ms=0.469797 comm_min_ms=0.354768 comm_max_ms=3.451621 comm_var_ms=0.306631719 total_avg_ms=0.517310 total_min_ms=0.402847 total_max_ms=3.498725 total_var_ms=0.306548164 effective_gflops=7.248255
RESULT comm=ghost_nccl kernel=cusparse matrix=cage13.mtx P=4 rank=0 nrows_local=111329 ncols_global=445315 nnz_local=1864705 n_ghost=273241 compute_avg_ms=0.047138 compute_min_ms=0.046080 compute_max_ms=0.048128 compute_var_ms=0.000000174 compute_gflops=79.116623 eff_bw_gbs=367.994114 pct_peak_bw=39.4370 comm_avg_ms=0.388303 comm_min_ms=0.274548 comm_max_ms=3.366009 comm_var_ms=0.305781248 total_avg_ms=0.435441 total_min_ms=0.321652 total_max_ms=3.413113 total_var_ms=0.305772966 effective_gflops=8.564671
RESULT comm=ghost_nccl kernel=cusparse matrix=cage13.mtx P=4 rank=3 nrows_local=111328 ncols_global=445315 nnz_local=1868156 n_ghost=284155 compute_avg_ms=0.047616 compute_min_ms=0.046080 compute_max_ms=0.049152 compute_var_ms=0.000000472 compute_gflops=78.467572 eff_bw_gbs=365.797370 pct_peak_bw=39.2015 comm_avg_ms=0.420780 comm_min_ms=0.301476 comm_max_ms=3.402642 comm_var_ms=0.306646555 total_avg_ms=0.468396 total_min_ms=0.348580 total_max_ms=3.450770 total_var_ms=0.306751877 effective_gflops=7.976825
[ERROR CHECKING] OK!

--- P=4 rep=3/3 driver=spmv_ghost_nccl_acc ---
Loaded ../matrices/cage13.mtx: 445315 x 445315, 7479343 nnz
[kernel] acc -> FLAT (nnz=1871684, avg_nnz=16.81, imbalance=2.32)
[kernel] acc -> FLAT (nnz=1864705, avg_nnz=16.75, imbalance=2.33)
[kernel] acc -> FLAT (nnz=1874798, avg_nnz=16.84, imbalance=2.32)
[kernel] acc -> FLAT (nnz=1868156, avg_nnz=16.78, imbalance=2.32)
RESULT comm=ghost_nccl kernel=acc matrix=cage13.mtx P=4 rank=0 nrows_local=111329 ncols_global=445315 nnz_local=1864705 n_ghost=273241 compute_avg_ms=0.037820 compute_min_ms=0.036864 compute_max_ms=0.044032 compute_var_ms=0.000001673 compute_gflops=98.610158 eff_bw_gbs=458.856843 pct_peak_bw=49.1745 comm_avg_ms=0.429478 comm_min_ms=0.278355 comm_max_ms=2.424108 comm_var_ms=0.273704079 total_avg_ms=0.467298 total_min_ms=0.316243 total_max_ms=2.461996 total_var_ms=0.274569019 effective_gflops=7.980799
RESULT comm=ghost_nccl kernel=acc matrix=cage13.mtx P=4 rank=1 nrows_local=111329 ncols_global=445315 nnz_local=1871684 n_ghost=283761 compute_avg_ms=0.038741 compute_min_ms=0.037888 compute_max_ms=0.044032 compute_var_ms=0.000001404 compute_gflops=96.624656 eff_bw_gbs=450.469268 pct_peak_bw=48.2756 comm_avg_ms=0.492631 comm_min_ms=0.333987 comm_max_ms=2.506607 comm_var_ms=0.274150712 total_avg_ms=0.531373 total_min_ms=0.371875 total_max_ms=2.544495 total_var_ms=0.274751050 effective_gflops=7.044714
RESULT comm=ghost_nccl kernel=acc matrix=cage13.mtx P=4 rank=2 nrows_local=111329 ncols_global=445315 nnz_local=1874798 n_ghost=293706 compute_avg_ms=0.038366 compute_min_ms=0.036864 compute_max_ms=0.043008 compute_var_ms=0.000001449 compute_gflops=97.732601 eff_bw_gbs=456.564266 pct_peak_bw=48.9288 comm_avg_ms=0.522552 comm_min_ms=0.370657 comm_max_ms=2.532171 comm_var_ms=0.273695322 total_avg_ms=0.560918 total_min_ms=0.410184 total_max_ms=2.570059 total_var_ms=0.274257954 effective_gflops=6.684754
RESULT comm=ghost_nccl kernel=acc matrix=cage13.mtx P=4 rank=3 nrows_local=111328 ncols_global=445315 nnz_local=1868156 n_ghost=284155 compute_avg_ms=0.037956 compute_min_ms=0.036864 compute_max_ms=0.043008 compute_var_ms=0.000001324 compute_gflops=98.437286 eff_bw_gbs=459.083809 pct_peak_bw=49.1988 comm_avg_ms=0.475875 comm_min_ms=0.325191 comm_max_ms=2.487805 comm_var_ms=0.272592993 total_avg_ms=0.513831 total_min_ms=0.363079 total_max_ms=2.525693 total_var_ms=0.273266697 effective_gflops=7.271476
[ERROR CHECKING] OK!

--- P=4 rep=3/3 driver=spmv_2d_cusparse ---
Grid: P=4 -> P_r=2 x P_c=2
Loaded ../matrices/cage13.mtx: 445315 x 445315, 7479343 nnz
RESULT comm=checkerboard_mpi kernel=cusparse matrix=cage13.mtx P=4 rank=1 nrows_local=222658 ncols_global=445315 nnz_local=895345 n_ghost=-1 compute_avg_ms=0.036523 compute_min_ms=0.035840 compute_max_ms=0.038912 compute_var_ms=0.000000513 compute_gflops=49.029551 eff_bw_gbs=269.275401 pct_peak_bw=28.8575 comm_avg_ms=0.746729 comm_min_ms=0.735338 comm_max_ms=0.767014 comm_var_ms=0.000053368 total_avg_ms=0.783251 total_min_ms=0.771178 total_max_ms=0.802854 total_var_ms=0.000053285 effective_gflops=2.286227
RESULT comm=checkerboard_mpi kernel=cusparse matrix=cage13.mtx P=4 rank=2 nrows_local=222657 ncols_global=445315 nnz_local=895345 n_ghost=-1 compute_avg_ms=0.036523 compute_min_ms=0.035840 compute_max_ms=0.037888 compute_var_ms=0.000000513 compute_gflops=49.029551 eff_bw_gbs=269.275291 pct_peak_bw=28.8575 comm_avg_ms=1.185242 comm_min_ms=1.176868 comm_max_ms=1.202911 comm_var_ms=0.000033505 total_avg_ms=1.221765 total_min_ms=1.213732 total_max_ms=1.238751 total_var_ms=0.000034801 effective_gflops=1.465658
RESULT comm=checkerboard_mpi kernel=cusparse matrix=cage13.mtx P=4 rank=0 nrows_local=222658 ncols_global=445315 nnz_local=2844158 n_ghost=-1 compute_avg_ms=0.058982 compute_min_ms=0.057344 compute_max_ms=0.062464 compute_var_ms=0.000000811 compute_gflops=96.440902 eff_bw_gbs=431.063563 pct_peak_bw=46.1959 comm_avg_ms=1.120534 comm_min_ms=1.108958 comm_max_ms=1.154935 comm_var_ms=0.000088861 total_avg_ms=1.179516 total_min_ms=1.168350 total_max_ms=1.214327 total_var_ms=0.000090725 effective_gflops=4.822584
RESULT comm=checkerboard_mpi kernel=cusparse matrix=cage13.mtx P=4 rank=3 nrows_local=222657 ncols_global=445315 nnz_local=2844495 n_ghost=-1 compute_avg_ms=0.058948 compute_min_ms=0.058368 compute_max_ms=0.061440 compute_var_ms=0.000000467 compute_gflops=96.508179 eff_bw_gbs=431.358697 pct_peak_bw=46.2276 comm_avg_ms=0.955536 comm_min_ms=0.941858 comm_max_ms=0.968070 comm_var_ms=0.000027851 total_avg_ms=1.014484 total_min_ms=1.001250 total_max_ms=1.027462 total_var_ms=0.000030013 effective_gflops=5.607765
[ERROR CHECKING] OK!

--- P=4 rep=3/3 driver=spmv_2d_acc ---
Grid: P=4 -> P_r=2 x P_c=2
Loaded ../matrices/cage13.mtx: 445315 x 445315, 7479343 nnz
[kernel] acc -> LINE-ENHANCE (nnz=895345, avg_nnz=4.02, imbalance=6.71, V=1)
[kernel] acc -> LINE-ENHANCE (nnz=895345, avg_nnz=4.02, imbalance=6.96, V=1)
[kernel] acc -> FLAT (nnz=2844495, avg_nnz=12.78, imbalance=2.50)
[kernel] acc -> FLAT (nnz=2844158, avg_nnz=12.77, imbalance=2.51)
RESULT comm=checkerboard_mpi kernel=acc matrix=cage13.mtx P=4 rank=2 nrows_local=222657 ncols_global=445315 nnz_local=895345 n_ghost=-1 compute_avg_ms=0.029867 compute_min_ms=0.028672 compute_max_ms=0.031744 compute_var_ms=0.000000705 compute_gflops=59.956138 eff_bw_gbs=329.285219 pct_peak_bw=35.2886 comm_avg_ms=1.103527 comm_min_ms=1.089124 comm_max_ms=1.135661 comm_var_ms=0.000105226 total_avg_ms=1.133394 total_min_ms=1.118820 total_max_ms=1.165357 total_var_ms=0.000101826 effective_gflops=1.579936
RESULT comm=checkerboard_mpi kernel=acc matrix=cage13.mtx P=4 rank=1 nrows_local=222658 ncols_global=445315 nnz_local=895345 n_ghost=-1 compute_avg_ms=0.029389 compute_min_ms=0.028672 compute_max_ms=0.030720 compute_var_ms=0.000000430 compute_gflops=60.931034 eff_bw_gbs=334.639585 pct_peak_bw=35.8624 comm_avg_ms=0.976623 comm_min_ms=0.970502 comm_max_ms=0.985668 comm_var_ms=0.000013577 total_avg_ms=1.006011 total_min_ms=1.000198 total_max_ms=1.014340 total_var_ms=0.000012824 effective_gflops=1.779990
RESULT comm=checkerboard_mpi kernel=acc matrix=cage13.mtx P=4 rank=0 nrows_local=222658 ncols_global=445315 nnz_local=2844158 n_ghost=-1 compute_avg_ms=0.052053 compute_min_ms=0.051200 compute_max_ms=0.053248 compute_var_ms=0.000000285 compute_gflops=109.278614 eff_bw_gbs=488.657976 pct_peak_bw=52.3682 comm_avg_ms=1.159347 comm_min_ms=1.149230 comm_max_ms=1.168563 comm_var_ms=0.000017456 total_avg_ms=1.211401 total_min_ms=1.201454 total_max_ms=1.220787 total_var_ms=0.000018509 effective_gflops=4.695653
RESULT comm=checkerboard_mpi kernel=acc matrix=cage13.mtx P=4 rank=3 nrows_local=222657 ncols_global=445315 nnz_local=2844495 n_ghost=-1 compute_avg_ms=0.051951 compute_min_ms=0.051200 compute_max_ms=0.053248 compute_var_ms=0.000000345 compute_gflops=109.506986 eff_bw_gbs=489.672829 pct_peak_bw=52.4769 comm_avg_ms=0.717849 comm_min_ms=0.706820 comm_max_ms=0.733557 comm_var_ms=0.000045826 total_avg_ms=0.769800 total_min_ms=0.759044 total_max_ms=0.785070 total_var_ms=0.000045108 effective_gflops=7.390217
[ERROR CHECKING] OK!

--- P=4 rep=3/3 driver=spmv_2d_nccl_cusparse ---
Grid: P=4 -> P_r=2 x P_c=2
Loaded ../matrices/cage13.mtx: 445315 x 445315, 7479343 nnz
RESULT comm=checkerboard_nccl kernel=cusparse matrix=cage13.mtx P=4 rank=1 nrows_local=222658 ncols_global=445315 nnz_local=895345 n_ghost=-1 compute_avg_ms=0.037069 compute_min_ms=0.035840 compute_max_ms=0.037888 compute_var_ms=0.000000238 compute_gflops=48.307200 eff_bw_gbs=265.308174 pct_peak_bw=28.4324 comm_avg_ms=0.160327 comm_min_ms=0.159261 comm_max_ms=0.162458 comm_var_ms=0.000000486 total_avg_ms=0.197396 total_min_ms=0.196125 total_max_ms=0.199715 total_var_ms=0.000000627 effective_gflops=9.071585
RESULT comm=checkerboard_nccl kernel=cusparse matrix=cage13.mtx P=4 rank=2 nrows_local=222657 ncols_global=445315 nnz_local=895345 n_ghost=-1 compute_avg_ms=0.036386 compute_min_ms=0.035840 compute_max_ms=0.037888 compute_var_ms=0.000000401 compute_gflops=49.213527 eff_bw_gbs=270.285705 pct_peak_bw=28.9658 comm_avg_ms=0.269039 comm_min_ms=0.265050 comm_max_ms=0.304334 comm_var_ms=0.000044513 total_avg_ms=0.305425 total_min_ms=0.300890 total_max_ms=0.340174 total_var_ms=0.000043448 effective_gflops=5.862951
RESULT comm=checkerboard_nccl kernel=cusparse matrix=cage13.mtx P=4 rank=3 nrows_local=222657 ncols_global=445315 nnz_local=2844495 n_ghost=-1 compute_avg_ms=0.059870 compute_min_ms=0.059392 compute_max_ms=0.060416 compute_var_ms=0.000000261 compute_gflops=95.022591 eff_bw_gbs=424.718623 pct_peak_bw=45.5160 comm_avg_ms=0.202760 comm_min_ms=0.200612 comm_max_ms=0.204793 comm_var_ms=0.000000790 total_avg_ms=0.262630 total_min_ms=0.260004 total_max_ms=0.265209 total_var_ms=0.000001125 effective_gflops=21.661623
RESULT comm=checkerboard_nccl kernel=cusparse matrix=cage13.mtx P=4 rank=0 nrows_local=222658 ncols_global=445315 nnz_local=2844158 n_ghost=-1 compute_avg_ms=0.059221 compute_min_ms=0.058368 compute_max_ms=0.060416 compute_var_ms=0.000000355 compute_gflops=96.051803 eff_bw_gbs=429.324400 pct_peak_bw=46.0096 comm_avg_ms=0.180459 comm_min_ms=0.178480 comm_max_ms=0.182823 comm_var_ms=0.000001092 total_avg_ms=0.239681 total_min_ms=0.237872 total_max_ms=0.241840 total_var_ms=0.000000897 effective_gflops=23.732878
[ERROR CHECKING] OK!

--- P=4 rep=3/3 driver=spmv_2d_nccl_acc ---
Grid: P=4 -> P_r=2 x P_c=2
Loaded ../matrices/cage13.mtx: 445315 x 445315, 7479343 nnz
[kernel] acc -> LINE-ENHANCE (nnz=895345, avg_nnz=4.02, imbalance=6.71, V=1)
[kernel] acc -> FLAT (nnz=2844495, avg_nnz=12.78, imbalance=2.50)
[kernel] acc -> LINE-ENHANCE (nnz=895345, avg_nnz=4.02, imbalance=6.96, V=1)
[kernel] acc -> FLAT (nnz=2844158, avg_nnz=12.77, imbalance=2.51)
RESULT comm=checkerboard_nccl kernel=acc matrix=cage13.mtx P=4 rank=0 nrows_local=222658 ncols_global=445315 nnz_local=2844158 n_ghost=-1 compute_avg_ms=0.054750 compute_min_ms=0.052224 compute_max_ms=0.062464 compute_var_ms=0.000011026 compute_gflops=103.896437 eff_bw_gbs=464.590652 pct_peak_bw=49.7890 comm_avg_ms=0.181420 comm_min_ms=0.176512 comm_max_ms=0.193751 comm_var_ms=0.000025997 total_avg_ms=0.236170 total_min_ms=0.229460 total_max_ms=0.254891 total_var_ms=0.000065383 effective_gflops=24.085681
RESULT comm=checkerboard_nccl kernel=acc matrix=cage13.mtx P=4 rank=1 nrows_local=222658 ncols_global=445315 nnz_local=895345 n_ghost=-1 compute_avg_ms=0.030754 compute_min_ms=0.028672 compute_max_ms=0.035840 compute_var_ms=0.000003599 compute_gflops=58.225994 eff_bw_gbs=319.783224 pct_peak_bw=34.2703 comm_avg_ms=0.160631 comm_min_ms=0.158685 comm_max_ms=0.163007 comm_var_ms=0.000001027 total_avg_ms=0.191385 total_min_ms=0.188381 total_max_ms=0.197320 total_var_ms=0.000007241 effective_gflops=9.356471
RESULT comm=checkerboard_nccl kernel=acc matrix=cage13.mtx P=4 rank=2 nrows_local=222657 ncols_global=445315 nnz_local=895345 n_ghost=-1 compute_avg_ms=0.030447 compute_min_ms=0.028672 compute_max_ms=0.034816 compute_var_ms=0.000003700 compute_gflops=58.813476 eff_bw_gbs=323.009604 pct_peak_bw=34.6161 comm_avg_ms=0.277337 comm_min_ms=0.267446 comm_max_ms=0.309255 comm_var_ms=0.000205652 total_avg_ms=0.307784 total_min_ms=0.297115 total_max_ms=0.341771 total_var_ms=0.000256042 effective_gflops=5.818006
RESULT comm=checkerboard_nccl kernel=acc matrix=cage13.mtx P=4 rank=3 nrows_local=222657 ncols_global=445315 nnz_local=2844495 n_ghost=-1 compute_avg_ms=0.054272 compute_min_ms=0.052224 compute_max_ms=0.060416 compute_var_ms=0.000009577 compute_gflops=104.823666 eff_bw_gbs=468.730839 pct_peak_bw=50.2326 comm_avg_ms=0.207774 comm_min_ms=0.200840 comm_max_ms=0.223276 comm_var_ms=0.000054196 total_avg_ms=0.262046 total_min_ms=0.253064 total_max_ms=0.283692 total_var_ms=0.000107533 effective_gflops=21.709855
[ERROR CHECKING] OK!

=== Job done ===
