=== D2_final strong scaling ===
Node:     edu01
Date:     Tue Jul 21 05:12:49 PM CEST 2026
Matrix:   ../matrices/thermal2.mtx
P:        3
Reps:     3

--- P=3 rep=1/3 driver=spmv_bcast ---
Loaded ../matrices/thermal2.mtx: 1228045 x 1228045, 8580313 nnz
RESULT comm=bcast kernel=cusparse matrix=thermal2.mtx P=3 rank=0 nrows_local=409349 ncols_global=1228045 nnz_local=2859515 n_ghost=-1 compute_avg_ms=0.075981 compute_min_ms=0.074752 compute_max_ms=0.076800 compute_var_ms=0.000000308 compute_gflops=75.269407 eff_bw_gbs=408.828212 pct_peak_bw=43.8130 comm_avg_ms=1.529584 comm_min_ms=1.496149 comm_max_ms=1.576432 comm_var_ms=0.000412517 total_avg_ms=1.605565 total_min_ms=1.571925 total_max_ms=1.652208 total_var_ms=0.000410263 effective_gflops=3.562005
RESULT comm=bcast kernel=cusparse matrix=thermal2.mtx P=3 rank=1 nrows_local=409348 ncols_global=1228045 nnz_local=2860252 n_ghost=-1 compute_avg_ms=0.076220 compute_min_ms=0.075776 compute_max_ms=0.077824 compute_var_ms=0.000000327 compute_gflops=75.052792 eff_bw_gbs=407.623870 pct_peak_bw=43.6840 comm_avg_ms=1.247323 comm_min_ms=1.226312 comm_max_ms=1.296515 comm_var_ms=0.000345708 total_avg_ms=1.323542 total_min_ms=1.303021 total_max_ms=1.373315 total_var_ms=0.000342357 effective_gflops=4.322116
RESULT comm=bcast kernel=cusparse matrix=thermal2.mtx P=3 rank=2 nrows_local=409348 ncols_global=1228045 nnz_local=2860546 n_ghost=-1 compute_avg_ms=0.074718 compute_min_ms=0.073728 compute_max_ms=0.075776 compute_var_ms=0.000000383 compute_gflops=76.569260 eff_bw_gbs=415.848794 pct_peak_bw=44.5654 comm_avg_ms=1.536836 comm_min_ms=1.505781 comm_max_ms=1.585013 comm_var_ms=0.000410425 total_avg_ms=1.611553 total_min_ms=1.580533 total_max_ms=1.658741 total_var_ms=0.000412009 effective_gflops=3.550048
[ERROR CHECKING] OK!

--- P=3 rep=1/3 driver=spmv_ghost_cusparse ---
Loaded ../matrices/thermal2.mtx: 1228045 x 1228045, 8580313 nnz
RESULT comm=ghost_mpi kernel=cusparse matrix=thermal2.mtx P=3 rank=0 nrows_local=409349 ncols_global=1228045 nnz_local=2859515 n_ghost=778213 compute_avg_ms=0.084343 compute_min_ms=0.082944 compute_max_ms=0.086016 compute_var_ms=0.000000453 compute_gflops=67.806438 eff_bw_gbs=366.372947 pct_peak_bw=39.2632 comm_avg_ms=2.278499 comm_min_ms=1.798159 comm_max_ms=2.480891 comm_var_ms=0.026211359 total_avg_ms=2.362842 total_min_ms=1.883151 total_max_ms=2.565883 total_var_ms=0.026233628 effective_gflops=2.420403
RESULT comm=ghost_mpi kernel=cusparse matrix=thermal2.mtx P=3 rank=1 nrows_local=409348 ncols_global=1228045 nnz_local=2860252 n_ghost=777883 compute_avg_ms=0.085402 compute_min_ms=0.084992 compute_max_ms=0.086016 compute_var_ms=0.000000252 compute_gflops=66.983570 eff_bw_gbs=361.886994 pct_peak_bw=38.7825 comm_avg_ms=1.843500 comm_min_ms=1.411473 comm_max_ms=1.940941 comm_var_ms=0.009820260 total_avg_ms=1.928901 total_min_ms=1.496465 total_max_ms=2.026957 total_var_ms=0.009830714 effective_gflops=2.965680
RESULT comm=ghost_mpi kernel=cusparse matrix=thermal2.mtx P=3 rank=2 nrows_local=409348 ncols_global=1228045 nnz_local=2860546 n_ghost=777867 compute_avg_ms=0.083593 compute_min_ms=0.082944 compute_max_ms=0.086016 compute_var_ms=0.000000523 compute_gflops=68.440229 eff_bw_gbs=369.746140 pct_peak_bw=39.6247 comm_avg_ms=2.278556 comm_min_ms=1.798214 comm_max_ms=2.480963 comm_var_ms=0.026210938 total_avg_ms=2.362148 total_min_ms=1.881158 total_max_ms=2.564931 total_var_ms=0.026246617 effective_gflops=2.421987
[ERROR CHECKING] OK!

--- P=3 rep=1/3 driver=spmv_ghost_acc ---
Loaded ../matrices/thermal2.mtx: 1228045 x 1228045, 8580313 nnz
[kernel] acc -> LINE-ENHANCE (nnz=2860252, avg_nnz=6.99, imbalance=1.57, V=1)
[kernel] acc -> LINE-ENHANCE (nnz=2859515, avg_nnz=6.99, imbalance=1.57, V=1)
[kernel] acc -> LINE-ENHANCE (nnz=2860546, avg_nnz=6.99, imbalance=1.57, V=1)
RESULT comm=ghost_mpi kernel=acc matrix=thermal2.mtx P=3 rank=1 nrows_local=409348 ncols_global=1228045 nnz_local=2860252 n_ghost=777883 compute_avg_ms=0.084992 compute_min_ms=0.082944 compute_max_ms=0.087040 compute_var_ms=0.000000839 compute_gflops=67.306383 eff_bw_gbs=363.631029 pct_peak_bw=38.9694 comm_avg_ms=1.835808 comm_min_ms=1.365032 comm_max_ms=1.938648 comm_var_ms=0.013917584 total_avg_ms=1.920800 total_min_ms=1.451048 total_max_ms=2.024664 total_var_ms=0.013895246 effective_gflops=2.978189
RESULT comm=ghost_mpi kernel=acc matrix=thermal2.mtx P=3 rank=0 nrows_local=409349 ncols_global=1228045 nnz_local=2859515 n_ghost=778213 compute_avg_ms=0.084207 compute_min_ms=0.081920 compute_max_ms=0.086016 compute_var_ms=0.000001096 compute_gflops=67.916380 eff_bw_gbs=366.966985 pct_peak_bw=39.3269 comm_avg_ms=2.193884 comm_min_ms=1.706160 comm_max_ms=2.366742 comm_var_ms=0.018127359 total_avg_ms=2.278091 total_min_ms=1.791152 total_max_ms=2.449686 total_var_ms=0.018033178 effective_gflops=2.510448
RESULT comm=ghost_mpi kernel=acc matrix=thermal2.mtx P=3 rank=2 nrows_local=409348 ncols_global=1228045 nnz_local=2860546 n_ghost=777867 compute_avg_ms=0.084173 compute_min_ms=0.082944 compute_max_ms=0.086016 compute_var_ms=0.000000797 compute_gflops=67.968418 eff_bw_gbs=367.197200 pct_peak_bw=39.3516 comm_avg_ms=2.193915 comm_min_ms=1.706103 comm_max_ms=2.366747 comm_var_ms=0.018131099 total_avg_ms=2.278088 total_min_ms=1.790071 total_max_ms=2.449691 total_var_ms=0.018140380 effective_gflops=2.511357
[ERROR CHECKING] OK!

--- P=3 rep=1/3 driver=spmv_ghost_nccl_cusparse ---
Loaded ../matrices/thermal2.mtx: 1228045 x 1228045, 8580313 nnz
RESULT comm=ghost_nccl kernel=cusparse matrix=thermal2.mtx P=3 rank=0 nrows_local=409349 ncols_global=1228045 nnz_local=2859515 n_ghost=778213 compute_avg_ms=0.084787 compute_min_ms=0.083968 compute_max_ms=0.086016 compute_var_ms=0.000000447 compute_gflops=67.451574 eff_bw_gbs=364.455536 pct_peak_bw=39.0577 comm_avg_ms=0.658267 comm_min_ms=0.628968 comm_max_ms=0.700589 comm_var_ms=0.000431746 total_avg_ms=0.743054 total_min_ms=0.712936 total_max_ms=0.785581 total_var_ms=0.000433481 effective_gflops=7.696657
RESULT comm=ghost_nccl kernel=cusparse matrix=thermal2.mtx P=3 rank=1 nrows_local=409348 ncols_global=1228045 nnz_local=2860252 n_ghost=777883 compute_avg_ms=0.085436 compute_min_ms=0.083968 compute_max_ms=0.088064 compute_var_ms=0.000000677 compute_gflops=66.956809 eff_bw_gbs=361.742413 pct_peak_bw=38.7670 comm_avg_ms=0.563723 comm_min_ms=0.554719 comm_max_ms=0.574024 comm_var_ms=0.000025263 total_avg_ms=0.649159 total_min_ms=0.640735 total_max_ms=0.660040 total_var_ms=0.000028712 effective_gflops=8.812180
RESULT comm=ghost_nccl kernel=cusparse matrix=thermal2.mtx P=3 rank=2 nrows_local=409348 ncols_global=1228045 nnz_local=2860546 n_ghost=777867 compute_avg_ms=0.083524 compute_min_ms=0.081920 compute_max_ms=0.084992 compute_var_ms=0.000000747 compute_gflops=68.496167 eff_bw_gbs=370.048344 pct_peak_bw=39.6571 comm_avg_ms=0.662018 comm_min_ms=0.629611 comm_max_ms=0.738843 comm_var_ms=0.000421617 total_avg_ms=0.745542 total_min_ms=0.713579 total_max_ms=0.820763 total_var_ms=0.000413216 effective_gflops=7.673738
[ERROR CHECKING] OK!

--- P=3 rep=1/3 driver=spmv_ghost_nccl_acc ---
Loaded ../matrices/thermal2.mtx: 1228045 x 1228045, 8580313 nnz
[kernel] acc -> LINE-ENHANCE (nnz=2860252, avg_nnz=6.99, imbalance=1.57, V=1)
[kernel] acc -> LINE-ENHANCE (nnz=2859515, avg_nnz=6.99, imbalance=1.57, V=1)
[kernel] acc -> LINE-ENHANCE (nnz=2860546, avg_nnz=6.99, imbalance=1.57, V=1)
RESULT comm=ghost_nccl kernel=acc matrix=thermal2.mtx P=3 rank=1 nrows_local=409348 ncols_global=1228045 nnz_local=2860252 n_ghost=777883 compute_avg_ms=0.084582 compute_min_ms=0.082944 compute_max_ms=0.086016 compute_var_ms=0.000000741 compute_gflops=67.632322 eff_bw_gbs=365.391954 pct_peak_bw=39.1581 comm_avg_ms=0.572302 comm_min_ms=0.563028 comm_max_ms=0.584393 comm_var_ms=0.000038967 total_avg_ms=0.656884 total_min_ms=0.648900 total_max_ms=0.669385 total_var_ms=0.000038851 effective_gflops=8.708544
RESULT comm=ghost_nccl kernel=acc matrix=thermal2.mtx P=3 rank=0 nrows_local=409349 ncols_global=1228045 nnz_local=2859515 n_ghost=778213 compute_avg_ms=0.084139 compute_min_ms=0.081920 compute_max_ms=0.086016 compute_var_ms=0.000001124 compute_gflops=67.971485 eff_bw_gbs=367.264727 pct_peak_bw=39.3588 comm_avg_ms=0.669606 comm_min_ms=0.635914 comm_max_ms=0.705160 comm_var_ms=0.000274949 total_avg_ms=0.753745 total_min_ms=0.720906 total_max_ms=0.790152 total_var_ms=0.000270809 effective_gflops=7.587486
RESULT comm=ghost_nccl kernel=acc matrix=thermal2.mtx P=3 rank=2 nrows_local=409348 ncols_global=1228045 nnz_local=2860546 n_ghost=777867 compute_avg_ms=0.083456 compute_min_ms=0.080896 compute_max_ms=0.084992 compute_var_ms=0.000000891 compute_gflops=68.552196 eff_bw_gbs=370.351042 pct_peak_bw=39.6895 comm_avg_ms=0.680573 comm_min_ms=0.646732 comm_max_ms=0.737724 comm_var_ms=0.000369058 total_avg_ms=0.764029 total_min_ms=0.730700 total_max_ms=0.821692 total_var_ms=0.000369910 effective_gflops=7.488060
[ERROR CHECKING] OK!

--- P=3 rep=2/3 driver=spmv_bcast ---
Loaded ../matrices/thermal2.mtx: 1228045 x 1228045, 8580313 nnz
RESULT comm=bcast kernel=cusparse matrix=thermal2.mtx P=3 rank=0 nrows_local=409349 ncols_global=1228045 nnz_local=2859515 n_ghost=-1 compute_avg_ms=0.075639 compute_min_ms=0.074752 compute_max_ms=0.076800 compute_var_ms=0.000000401 compute_gflops=75.609070 eff_bw_gbs=410.673105 pct_peak_bw=44.0107 comm_avg_ms=1.549983 comm_min_ms=1.511445 comm_max_ms=1.622367 comm_var_ms=0.001063783 total_avg_ms=1.625623 total_min_ms=1.586197 total_max_ms=1.699167 total_var_ms=0.001066684 effective_gflops=3.518054
RESULT comm=bcast kernel=cusparse matrix=thermal2.mtx P=3 rank=1 nrows_local=409348 ncols_global=1228045 nnz_local=2860252 n_ghost=-1 compute_avg_ms=0.076766 compute_min_ms=0.075776 compute_max_ms=0.078848 compute_var_ms=0.000000593 compute_gflops=74.518847 eff_bw_gbs=404.723928 pct_peak_bw=43.3732 comm_avg_ms=1.263258 comm_min_ms=1.236677 comm_max_ms=1.323871 comm_var_ms=0.000575416 total_avg_ms=1.340024 total_min_ms=1.313477 total_max_ms=1.399647 total_var_ms=0.000571673 effective_gflops=4.268957
RESULT comm=bcast kernel=cusparse matrix=thermal2.mtx P=3 rank=2 nrows_local=409348 ncols_global=1228045 nnz_local=2860546 n_ghost=-1 compute_avg_ms=0.074445 compute_min_ms=0.073728 compute_max_ms=0.075776 compute_var_ms=0.000000360 compute_gflops=76.850120 eff_bw_gbs=417.374146 pct_peak_bw=44.7289 comm_avg_ms=1.554375 comm_min_ms=1.522353 comm_max_ms=1.622583 comm_var_ms=0.000880460 total_avg_ms=1.628820 total_min_ms=1.597105 total_max_ms=1.697335 total_var_ms=0.000894100 effective_gflops=3.512415
[ERROR CHECKING] OK!

--- P=3 rep=2/3 driver=spmv_ghost_cusparse ---
Loaded ../matrices/thermal2.mtx: 1228045 x 1228045, 8580313 nnz
RESULT comm=ghost_mpi kernel=cusparse matrix=thermal2.mtx P=3 rank=1 nrows_local=409348 ncols_global=1228045 nnz_local=2860252 n_ghost=777883 compute_avg_ms=0.085436 compute_min_ms=0.083968 compute_max_ms=0.087040 compute_var_ms=0.000000537 compute_gflops=66.956809 eff_bw_gbs=361.742413 pct_peak_bw=38.7670 comm_avg_ms=1.859584 comm_min_ms=1.613401 comm_max_ms=1.944804 comm_var_ms=0.004882451 total_avg_ms=1.945019 total_min_ms=1.699417 total_max_ms=2.030820 total_var_ms=0.004874498 effective_gflops=2.941104
RESULT comm=ghost_mpi kernel=cusparse matrix=thermal2.mtx P=3 rank=2 nrows_local=409348 ncols_global=1228045 nnz_local=2860546 n_ghost=777867 compute_avg_ms=0.083456 compute_min_ms=0.081920 compute_max_ms=0.084992 compute_var_ms=0.000000682 compute_gflops=68.552196 eff_bw_gbs=370.351042 pct_peak_bw=39.6895 comm_avg_ms=2.288360 comm_min_ms=1.941212 comm_max_ms=2.471330 comm_var_ms=0.017320669 total_avg_ms=2.371816 total_min_ms=2.024156 total_max_ms=2.554274 total_var_ms=0.017388306 effective_gflops=2.412115
RESULT comm=ghost_mpi kernel=cusparse matrix=thermal2.mtx P=3 rank=0 nrows_local=409349 ncols_global=1228045 nnz_local=2859515 n_ghost=778213 compute_avg_ms=0.084685 compute_min_ms=0.082944 compute_max_ms=0.086016 compute_var_ms=0.000000360 compute_gflops=67.533136 eff_bw_gbs=364.896232 pct_peak_bw=39.1050 comm_avg_ms=2.288323 comm_min_ms=1.941179 comm_max_ms=2.471287 comm_var_ms=0.017320708 total_avg_ms=2.373008 total_min_ms=2.026171 total_max_ms=2.555255 total_var_ms=0.017345605 effective_gflops=2.410034
[ERROR CHECKING] OK!

--- P=3 rep=2/3 driver=spmv_ghost_acc ---
Loaded ../matrices/thermal2.mtx: 1228045 x 1228045, 8580313 nnz
[kernel] acc -> LINE-ENHANCE (nnz=2860252, avg_nnz=6.99, imbalance=1.57, V=1)
[kernel] acc -> LINE-ENHANCE (nnz=2859515, avg_nnz=6.99, imbalance=1.57, V=1)
[kernel] acc -> LINE-ENHANCE (nnz=2860546, avg_nnz=6.99, imbalance=1.57, V=1)
RESULT comm=ghost_mpi kernel=acc matrix=thermal2.mtx P=3 rank=1 nrows_local=409348 ncols_global=1228045 nnz_local=2860252 n_ghost=777883 compute_avg_ms=0.084548 compute_min_ms=0.081920 compute_max_ms=0.087040 compute_var_ms=0.000001096 compute_gflops=67.659626 eff_bw_gbs=365.539468 pct_peak_bw=39.1739 comm_avg_ms=1.843481 comm_min_ms=1.544947 comm_max_ms=1.933437 comm_var_ms=0.006941817 total_avg_ms=1.928029 total_min_ms=1.629939 total_max_ms=2.018429 total_var_ms=0.006927160 effective_gflops=2.967021
RESULT comm=ghost_mpi kernel=acc matrix=thermal2.mtx P=3 rank=0 nrows_local=409349 ncols_global=1228045 nnz_local=2859515 n_ghost=778213 compute_avg_ms=0.084412 compute_min_ms=0.081920 compute_max_ms=0.086016 compute_var_ms=0.000000747 compute_gflops=67.751601 eff_bw_gbs=366.076649 pct_peak_bw=39.2315 comm_avg_ms=2.202141 comm_min_ms=1.881224 comm_max_ms=2.410792 comm_var_ms=0.013742156 total_avg_ms=2.286553 total_min_ms=1.967240 total_max_ms=2.495784 total_var_ms=0.013720371 effective_gflops=2.501158
RESULT comm=ghost_mpi kernel=acc matrix=thermal2.mtx P=3 rank=2 nrows_local=409348 ncols_global=1228045 nnz_local=2860546 n_ghost=777867 compute_avg_ms=0.084002 compute_min_ms=0.080896 compute_max_ms=0.086016 compute_var_ms=0.000001012 compute_gflops=68.106510 eff_bw_gbs=367.943233 pct_peak_bw=39.4315 comm_avg_ms=2.202342 comm_min_ms=1.881178 comm_max_ms=2.410777 comm_var_ms=0.013720512 total_avg_ms=2.286344 total_min_ms=1.966170 total_max_ms=2.494745 total_var_ms=0.013690910 effective_gflops=2.502288
[ERROR CHECKING] OK!

--- P=3 rep=2/3 driver=spmv_ghost_nccl_cusparse ---
Loaded ../matrices/thermal2.mtx: 1228045 x 1228045, 8580313 nnz
RESULT comm=ghost_nccl kernel=cusparse matrix=thermal2.mtx P=3 rank=1 nrows_local=409348 ncols_global=1228045 nnz_local=2860252 n_ghost=777883 compute_avg_ms=0.085538 compute_min_ms=0.083968 compute_max_ms=0.087040 compute_var_ms=0.000000541 compute_gflops=66.876653 eff_bw_gbs=361.309361 pct_peak_bw=38.7206 comm_avg_ms=0.559357 comm_min_ms=0.548737 comm_max_ms=0.567543 comm_var_ms=0.000025842 total_avg_ms=0.644895 total_min_ms=0.632924 total_max_ms=0.652535 total_var_ms=0.000028746 effective_gflops=8.870443
RESULT comm=ghost_nccl kernel=cusparse matrix=thermal2.mtx P=3 rank=0 nrows_local=409349 ncols_global=1228045 nnz_local=2859515 n_ghost=778213 compute_avg_ms=0.084514 compute_min_ms=0.082944 compute_max_ms=0.086016 compute_var_ms=0.000000471 compute_gflops=67.669511 eff_bw_gbs=365.633098 pct_peak_bw=39.1839 comm_avg_ms=0.659372 comm_min_ms=0.629549 comm_max_ms=0.708287 comm_var_ms=0.000276681 total_avg_ms=0.743886 total_min_ms=0.714541 total_max_ms=0.792255 total_var_ms=0.000272577 effective_gflops=7.688041
RESULT comm=ghost_nccl kernel=cusparse matrix=thermal2.mtx P=3 rank=2 nrows_local=409348 ncols_global=1228045 nnz_local=2860546 n_ghost=777867 compute_avg_ms=0.083763 compute_min_ms=0.081920 compute_max_ms=0.084992 compute_var_ms=0.000000377 compute_gflops=68.300782 eff_bw_gbs=368.992786 pct_peak_bw=39.5440 comm_avg_ms=0.671172 comm_min_ms=0.631552 comm_max_ms=0.747272 comm_var_ms=0.000428723 total_avg_ms=0.754936 total_min_ms=0.714496 total_max_ms=0.831240 total_var_ms=0.000422980 effective_gflops=7.578252
[ERROR CHECKING] OK!

--- P=3 rep=2/3 driver=spmv_ghost_nccl_acc ---
Loaded ../matrices/thermal2.mtx: 1228045 x 1228045, 8580313 nnz
[kernel] acc -> LINE-ENHANCE (nnz=2860252, avg_nnz=6.99, imbalance=1.57, V=1)
[kernel] acc -> LINE-ENHANCE (nnz=2859515, avg_nnz=6.99, imbalance=1.57, V=1)
[kernel] acc -> LINE-ENHANCE (nnz=2860546, avg_nnz=6.99, imbalance=1.57, V=1)
RESULT comm=ghost_nccl kernel=acc matrix=thermal2.mtx P=3 rank=1 nrows_local=409348 ncols_global=1228045 nnz_local=2860252 n_ghost=777883 compute_avg_ms=0.084787 compute_min_ms=0.082944 compute_max_ms=0.086016 compute_var_ms=0.000000797 compute_gflops=67.468958 eff_bw_gbs=364.509365 pct_peak_bw=39.0635 comm_avg_ms=0.567325 comm_min_ms=0.555238 comm_max_ms=0.579764 comm_var_ms=0.000041554 total_avg_ms=0.652112 total_min_ms=0.640230 total_max_ms=0.665780 total_var_ms=0.000044225 effective_gflops=8.772271
RESULT comm=ghost_nccl kernel=acc matrix=thermal2.mtx P=3 rank=0 nrows_local=409349 ncols_global=1228045 nnz_local=2859515 n_ghost=778213 compute_avg_ms=0.084343 compute_min_ms=0.082944 compute_max_ms=0.086016 compute_var_ms=0.000000593 compute_gflops=67.806438 eff_bw_gbs=366.372947 pct_peak_bw=39.2632 comm_avg_ms=0.674599 comm_min_ms=0.638177 comm_max_ms=0.710643 comm_var_ms=0.000334867 total_avg_ms=0.758942 total_min_ms=0.723169 total_max_ms=0.795635 total_var_ms=0.000334340 effective_gflops=7.535527
RESULT comm=ghost_nccl kernel=acc matrix=thermal2.mtx P=3 rank=2 nrows_local=409348 ncols_global=1228045 nnz_local=2860546 n_ghost=777867 compute_avg_ms=0.083695 compute_min_ms=0.081920 compute_max_ms=0.086016 compute_var_ms=0.000001254 compute_gflops=68.356493 eff_bw_gbs=369.293759 pct_peak_bw=39.5762 comm_avg_ms=0.686638 comm_min_ms=0.647360 comm_max_ms=0.741166 comm_var_ms=0.000418562 total_avg_ms=0.770333 total_min_ms=0.731328 total_max_ms=0.826158 total_var_ms=0.000429035 effective_gflops=7.426780
[ERROR CHECKING] OK!

--- P=3 rep=3/3 driver=spmv_bcast ---
Loaded ../matrices/thermal2.mtx: 1228045 x 1228045, 8580313 nnz
RESULT comm=bcast kernel=cusparse matrix=thermal2.mtx P=3 rank=0 nrows_local=409349 ncols_global=1228045 nnz_local=2859515 n_ghost=-1 compute_avg_ms=0.075947 compute_min_ms=0.074752 compute_max_ms=0.076800 compute_var_ms=0.000000635 compute_gflops=75.303236 eff_bw_gbs=409.011955 pct_peak_bw=43.8327 comm_avg_ms=1.535158 comm_min_ms=1.508226 comm_max_ms=1.578903 comm_var_ms=0.000377103 total_avg_ms=1.611105 total_min_ms=1.583495 total_max_ms=1.654679 total_var_ms=0.000375586 effective_gflops=3.549757
RESULT comm=bcast kernel=cusparse matrix=thermal2.mtx P=3 rank=1 nrows_local=409348 ncols_global=1228045 nnz_local=2860252 n_ghost=-1 compute_avg_ms=0.076356 compute_min_ms=0.074752 compute_max_ms=0.077824 compute_var_ms=0.000000537 compute_gflops=74.918589 eff_bw_gbs=406.894997 pct_peak_bw=43.6059 comm_avg_ms=1.238620 comm_min_ms=1.214959 comm_max_ms=1.267127 comm_var_ms=0.000191211 total_avg_ms=1.314976 total_min_ms=1.292783 total_max_ms=1.344951 total_var_ms=0.000195896 effective_gflops=4.350272
RESULT comm=bcast kernel=cusparse matrix=thermal2.mtx P=3 rank=2 nrows_local=409348 ncols_global=1228045 nnz_local=2860546 n_ghost=-1 compute_avg_ms=0.074411 compute_min_ms=0.073728 compute_max_ms=0.075776 compute_var_ms=0.000000303 compute_gflops=76.885372 eff_bw_gbs=417.565602 pct_peak_bw=44.7494 comm_avg_ms=1.538646 comm_min_ms=1.512180 comm_max_ms=1.578334 comm_var_ms=0.000331972 total_avg_ms=1.613056 total_min_ms=1.585908 total_max_ms=1.653086 total_var_ms=0.000334185 effective_gflops=3.546740
[ERROR CHECKING] OK!

--- P=3 rep=3/3 driver=spmv_ghost_cusparse ---
Loaded ../matrices/thermal2.mtx: 1228045 x 1228045, 8580313 nnz
RESULT comm=ghost_mpi kernel=cusparse matrix=thermal2.mtx P=3 rank=0 nrows_local=409349 ncols_global=1228045 nnz_local=2859515 n_ghost=778213 compute_avg_ms=0.084241 compute_min_ms=0.082944 compute_max_ms=0.086016 compute_var_ms=0.000000485 compute_gflops=67.888861 eff_bw_gbs=366.818295 pct_peak_bw=39.3109 comm_avg_ms=2.222602 comm_min_ms=1.930948 comm_max_ms=2.435525 comm_var_ms=0.022419039 total_avg_ms=2.306843 total_min_ms=2.015940 total_max_ms=2.519493 total_var_ms=0.022438388 effective_gflops=2.479158
RESULT comm=ghost_mpi kernel=cusparse matrix=thermal2.mtx P=3 rank=1 nrows_local=409348 ncols_global=1228045 nnz_local=2860252 n_ghost=777883 compute_avg_ms=0.085470 compute_min_ms=0.083968 compute_max_ms=0.087040 compute_var_ms=0.000000471 compute_gflops=66.930069 eff_bw_gbs=361.597947 pct_peak_bw=38.7515 comm_avg_ms=1.812117 comm_min_ms=1.577343 comm_max_ms=1.910762 comm_var_ms=0.008876498 total_avg_ms=1.897587 total_min_ms=1.663359 total_max_ms=1.995754 total_var_ms=0.008864302 effective_gflops=3.014621
RESULT comm=ghost_mpi kernel=cusparse matrix=thermal2.mtx P=3 rank=2 nrows_local=409348 ncols_global=1228045 nnz_local=2860546 n_ghost=777867 compute_avg_ms=0.083524 compute_min_ms=0.081920 compute_max_ms=0.084992 compute_var_ms=0.000000537 compute_gflops=68.496167 eff_bw_gbs=370.048344 pct_peak_bw=39.6571 comm_avg_ms=2.222798 comm_min_ms=1.930971 comm_max_ms=2.435767 comm_var_ms=0.022418417 total_avg_ms=2.306322 total_min_ms=2.013915 total_max_ms=2.520759 total_var_ms=0.022431668 effective_gflops=2.480612
[ERROR CHECKING] OK!

--- P=3 rep=3/3 driver=spmv_ghost_acc ---
Loaded ../matrices/thermal2.mtx: 1228045 x 1228045, 8580313 nnz
[kernel] acc -> LINE-ENHANCE (nnz=2860252, avg_nnz=6.99, imbalance=1.57, V=1)
[kernel] acc -> LINE-ENHANCE (nnz=2859515, avg_nnz=6.99, imbalance=1.57, V=1)
[kernel] acc -> LINE-ENHANCE (nnz=2860546, avg_nnz=6.99, imbalance=1.57, V=1)
RESULT comm=ghost_mpi kernel=acc matrix=thermal2.mtx P=3 rank=1 nrows_local=409348 ncols_global=1228045 nnz_local=2860252 n_ghost=777883 compute_avg_ms=0.084582 compute_min_ms=0.082944 compute_max_ms=0.086016 compute_var_ms=0.000001160 compute_gflops=67.632322 eff_bw_gbs=365.391954 pct_peak_bw=39.1581 comm_avg_ms=1.844309 comm_min_ms=1.418182 comm_max_ms=1.930335 comm_var_ms=0.009710591 total_avg_ms=1.928892 total_min_ms=1.504198 total_max_ms=2.015327 total_var_ms=0.009692563 effective_gflops=2.965695
RESULT comm=ghost_mpi kernel=acc matrix=thermal2.mtx P=3 rank=0 nrows_local=409349 ncols_global=1228045 nnz_local=2859515 n_ghost=778213 compute_avg_ms=0.084480 compute_min_ms=0.082944 compute_max_ms=0.086016 compute_var_ms=0.000000682 compute_gflops=67.696852 eff_bw_gbs=365.780829 pct_peak_bw=39.1998 comm_avg_ms=2.232414 comm_min_ms=1.720054 comm_max_ms=2.416561 comm_var_ms=0.018585688 total_avg_ms=2.316894 total_min_ms=1.805046 total_max_ms=2.500529 total_var_ms=0.018587109 effective_gflops=2.468404
RESULT comm=ghost_mpi kernel=acc matrix=thermal2.mtx P=3 rank=2 nrows_local=409348 ncols_global=1228045 nnz_local=2860546 n_ghost=777867 compute_avg_ms=0.083866 compute_min_ms=0.081920 compute_max_ms=0.086016 compute_var_ms=0.000000863 compute_gflops=68.217387 eff_bw_gbs=368.542245 pct_peak_bw=39.4957 comm_avg_ms=2.232407 comm_min_ms=1.720049 comm_max_ms=2.416505 comm_var_ms=0.018584736 total_avg_ms=2.316273 total_min_ms=1.804017 total_max_ms=2.499449 total_var_ms=0.018578336 effective_gflops=2.469956
[ERROR CHECKING] OK!

--- P=3 rep=3/3 driver=spmv_ghost_nccl_cusparse ---
Loaded ../matrices/thermal2.mtx: 1228045 x 1228045, 8580313 nnz
RESULT comm=ghost_nccl kernel=cusparse matrix=thermal2.mtx P=3 rank=0 nrows_local=409349 ncols_global=1228045 nnz_local=2859515 n_ghost=778213 compute_avg_ms=0.084651 compute_min_ms=0.082944 compute_max_ms=0.086016 compute_var_ms=0.000000513 compute_gflops=67.560367 eff_bw_gbs=365.043367 pct_peak_bw=39.1207 comm_avg_ms=0.658567 comm_min_ms=0.621386 comm_max_ms=0.680947 comm_var_ms=0.000273040 total_avg_ms=0.743218 total_min_ms=0.705354 total_max_ms=0.766963 total_var_ms=0.000280235 effective_gflops=7.694957
RESULT comm=ghost_nccl kernel=cusparse matrix=thermal2.mtx P=3 rank=1 nrows_local=409348 ncols_global=1228045 nnz_local=2860252 n_ghost=777883 compute_avg_ms=0.085333 compute_min_ms=0.083968 compute_max_ms=0.086016 compute_var_ms=0.000000513 compute_gflops=67.037157 eff_bw_gbs=362.176504 pct_peak_bw=38.8135 comm_avg_ms=0.579746 comm_min_ms=0.566463 comm_max_ms=0.596230 comm_var_ms=0.000056036 total_avg_ms=0.665079 total_min_ms=0.652479 total_max_ms=0.681222 total_var_ms=0.000055534 effective_gflops=8.601235
RESULT comm=ghost_nccl kernel=cusparse matrix=thermal2.mtx P=3 rank=2 nrows_local=409348 ncols_global=1228045 nnz_local=2860546 n_ghost=777867 compute_avg_ms=0.083354 compute_min_ms=0.081920 compute_max_ms=0.083968 compute_var_ms=0.000000461 compute_gflops=68.636413 eff_bw_gbs=370.806019 pct_peak_bw=39.7383 comm_avg_ms=0.669989 comm_min_ms=0.631085 comm_max_ms=0.696278 comm_var_ms=0.000299152 total_avg_ms=0.753342 total_min_ms=0.715053 total_max_ms=0.780246 total_var_ms=0.000299864 effective_gflops=7.594278
[ERROR CHECKING] OK!

--- P=3 rep=3/3 driver=spmv_ghost_nccl_acc ---
Loaded ../matrices/thermal2.mtx: 1228045 x 1228045, 8580313 nnz
[kernel] acc -> LINE-ENHANCE (nnz=2860252, avg_nnz=6.99, imbalance=1.57, V=1)
[kernel] acc -> LINE-ENHANCE (nnz=2859515, avg_nnz=6.99, imbalance=1.57, V=1)
[kernel] acc -> LINE-ENHANCE (nnz=2860546, avg_nnz=6.99, imbalance=1.57, V=1)
RESULT comm=ghost_nccl kernel=acc matrix=thermal2.mtx P=3 rank=0 nrows_local=409349 ncols_global=1228045 nnz_local=2859515 n_ghost=778213 compute_avg_ms=0.084343 compute_min_ms=0.082944 compute_max_ms=0.086016 compute_var_ms=0.000000803 compute_gflops=67.806438 eff_bw_gbs=366.372947 pct_peak_bw=39.2632 comm_avg_ms=0.662282 comm_min_ms=0.626109 comm_max_ms=0.709421 comm_var_ms=0.000330603 total_avg_ms=0.746626 total_min_ms=0.710077 total_max_ms=0.793389 total_var_ms=0.000324934 effective_gflops=7.659834
RESULT comm=ghost_nccl kernel=acc matrix=thermal2.mtx P=3 rank=1 nrows_local=409348 ncols_global=1228045 nnz_local=2860252 n_ghost=777883 compute_avg_ms=0.085129 compute_min_ms=0.082944 compute_max_ms=0.087040 compute_var_ms=0.000000960 compute_gflops=67.198433 eff_bw_gbs=363.047819 pct_peak_bw=38.9069 comm_avg_ms=0.571559 comm_min_ms=0.554978 comm_max_ms=0.586975 comm_var_ms=0.000058989 total_avg_ms=0.656688 total_min_ms=0.639970 total_max_ms=0.672991 total_var_ms=0.000059134 effective_gflops=8.711147
RESULT comm=ghost_nccl kernel=acc matrix=thermal2.mtx P=3 rank=2 nrows_local=409348 ncols_global=1228045 nnz_local=2860546 n_ghost=777867 compute_avg_ms=0.083763 compute_min_ms=0.081920 compute_max_ms=0.086016 compute_var_ms=0.000000727 compute_gflops=68.300782 eff_bw_gbs=368.992786 pct_peak_bw=39.5440 comm_avg_ms=0.669864 comm_min_ms=0.625402 comm_max_ms=0.742218 comm_var_ms=0.000486273 total_avg_ms=0.753627 total_min_ms=0.709370 total_max_ms=0.827210 total_var_ms=0.000498837 effective_gflops=7.591410
[ERROR CHECKING] OK!

=== Job done ===
