=== D2_final strong scaling ===
Node:     edu01
Date:     Tue Jul 21 04:55:19 PM CEST 2026
Matrix:   ../matrices/parabolic_fem.mtx
P:        3
Reps:     3

--- P=3 rep=1/3 driver=spmv_bcast ---
Loaded ../matrices/parabolic_fem.mtx: 525825 x 525825, 3674625 nnz
RESULT comm=bcast kernel=cusparse matrix=parabolic_fem.mtx P=3 rank=0 nrows_local=175275 ncols_global=525825 nnz_local=1224923 n_ghost=-1 compute_avg_ms=0.047036 compute_min_ms=0.046080 compute_max_ms=0.048128 compute_var_ms=0.000000345 compute_gflops=52.084783 eff_bw_gbs=282.867658 pct_peak_bw=30.3142 comm_avg_ms=0.698262 comm_min_ms=0.689318 comm_max_ms=0.714128 comm_var_ms=0.000034163 total_avg_ms=0.745298 total_min_ms=0.735952 total_max_ms=0.760208 total_var_ms=0.000034465 effective_gflops=3.287068
RESULT comm=bcast kernel=cusparse matrix=parabolic_fem.mtx P=3 rank=1 nrows_local=175275 ncols_global=525825 nnz_local=1224885 n_ghost=-1 compute_avg_ms=0.046660 compute_min_ms=0.046080 compute_max_ms=0.048128 compute_var_ms=0.000000327 compute_gflops=52.502271 eff_bw_gbs=285.137328 pct_peak_bw=30.5574 comm_avg_ms=0.522306 comm_min_ms=0.513949 comm_max_ms=0.532322 comm_var_ms=0.000026142 total_avg_ms=0.568966 total_min_ms=0.560029 total_max_ms=0.579426 total_var_ms=0.000025661 effective_gflops=4.305652
RESULT comm=bcast kernel=cusparse matrix=parabolic_fem.mtx P=3 rank=2 nrows_local=175275 ncols_global=525825 nnz_local=1224817 n_ghost=-1 compute_avg_ms=0.046353 compute_min_ms=0.045056 compute_max_ms=0.048128 compute_var_ms=0.000000555 compute_gflops=52.847290 eff_bw_gbs=287.015309 pct_peak_bw=30.7587 comm_avg_ms=0.572885 comm_min_ms=0.564846 comm_max_ms=0.581846 comm_var_ms=0.000028167 total_avg_ms=0.619238 total_min_ms=0.610926 total_max_ms=0.627926 total_var_ms=0.000027397 effective_gflops=3.955882
[ERROR CHECKING] OK!

--- P=3 rep=1/3 driver=spmv_ghost_cusparse ---
Loaded ../matrices/parabolic_fem.mtx: 525825 x 525825, 3674625 nnz
RESULT comm=ghost_mpi kernel=cusparse matrix=parabolic_fem.mtx P=3 rank=0 nrows_local=175275 ncols_global=525825 nnz_local=1224923 n_ghost=332449 compute_avg_ms=0.045943 compute_min_ms=0.045056 compute_max_ms=0.047104 compute_var_ms=0.000000331 compute_gflops=53.323054 eff_bw_gbs=288.016660 pct_peak_bw=30.8660 comm_avg_ms=0.856965 comm_min_ms=0.666725 comm_max_ms=0.925643 comm_var_ms=0.003576217 total_avg_ms=0.902909 total_min_ms=0.712805 total_max_ms=0.971723 total_var_ms=0.003582574 effective_gflops=2.713282
RESULT comm=ghost_mpi kernel=cusparse matrix=parabolic_fem.mtx P=3 rank=1 nrows_local=175275 ncols_global=525825 nnz_local=1224885 n_ghost=349819 compute_avg_ms=0.046353 compute_min_ms=0.045056 compute_max_ms=0.048128 compute_var_ms=0.000000555 compute_gflops=52.850224 eff_bw_gbs=286.963964 pct_peak_bw=30.7532 comm_avg_ms=0.798880 comm_min_ms=0.608662 comm_max_ms=0.868804 comm_var_ms=0.003623227 total_avg_ms=0.845234 total_min_ms=0.655766 total_max_ms=0.914884 total_var_ms=0.003634779 effective_gflops=2.898335
RESULT comm=ghost_mpi kernel=cusparse matrix=parabolic_fem.mtx P=3 rank=2 nrows_local=175275 ncols_global=525825 nnz_local=1224817 n_ghost=342311 compute_avg_ms=0.045261 compute_min_ms=0.045056 compute_max_ms=0.046080 compute_var_ms=0.000000168 compute_gflops=54.122640 eff_bw_gbs=293.213639 pct_peak_bw=31.4229 comm_avg_ms=0.857150 comm_min_ms=0.666801 comm_max_ms=0.925723 comm_var_ms=0.003581980 total_avg_ms=0.902411 total_min_ms=0.712881 total_max_ms=0.970779 total_var_ms=0.003563997 effective_gflops=2.714544
[ERROR CHECKING] OK!

--- P=3 rep=1/3 driver=spmv_ghost_acc ---
Loaded ../matrices/parabolic_fem.mtx: 525825 x 525825, 3674625 nnz
[kernel] acc -> LINE-ENHANCE (nnz=1224885, avg_nnz=6.99, imbalance=1.00, V=1)
[kernel] acc -> LINE-ENHANCE (nnz=1224923, avg_nnz=6.99, imbalance=1.00, V=1)
[kernel] acc -> LINE-ENHANCE (nnz=1224817, avg_nnz=6.99, imbalance=1.00, V=1)
RESULT comm=ghost_mpi kernel=acc matrix=parabolic_fem.mtx P=3 rank=1 nrows_local=175275 ncols_global=525825 nnz_local=1224885 n_ghost=349819 compute_avg_ms=0.036693 compute_min_ms=0.035840 compute_max_ms=0.037888 compute_var_ms=0.000000425 compute_gflops=66.763352 eff_bw_gbs=362.508890 pct_peak_bw=38.8491 comm_avg_ms=0.810268 comm_min_ms=0.597942 comm_max_ms=0.906825 comm_var_ms=0.003413830 total_avg_ms=0.846961 total_min_ms=0.634806 total_max_ms=0.943689 total_var_ms=0.003422162 effective_gflops=2.892422
RESULT comm=ghost_mpi kernel=acc matrix=parabolic_fem.mtx P=3 rank=0 nrows_local=175275 ncols_global=525825 nnz_local=1224923 n_ghost=332449 compute_avg_ms=0.035806 compute_min_ms=0.034816 compute_max_ms=0.036864 compute_var_ms=0.000000523 compute_gflops=68.420238 eff_bw_gbs=369.561887 pct_peak_bw=39.6050 comm_avg_ms=0.865406 comm_min_ms=0.656365 comm_max_ms=0.909497 comm_var_ms=0.003073438 total_avg_ms=0.901212 total_min_ms=0.692205 total_max_ms=0.945337 total_var_ms=0.003059213 effective_gflops=2.718391
RESULT comm=ghost_mpi kernel=acc matrix=parabolic_fem.mtx P=3 rank=2 nrows_local=175275 ncols_global=525825 nnz_local=1224817 n_ghost=342311 compute_avg_ms=0.034748 compute_min_ms=0.033792 compute_max_ms=0.036864 compute_var_ms=0.000000624 compute_gflops=70.497662 eff_bw_gbs=381.926604 pct_peak_bw=40.9301 comm_avg_ms=0.865489 comm_min_ms=0.656457 comm_max_ms=0.909599 comm_var_ms=0.003079512 total_avg_ms=0.900237 total_min_ms=0.692297 total_max_ms=0.944415 total_var_ms=0.003090349 effective_gflops=2.721100
[ERROR CHECKING] OK!

--- P=3 rep=1/3 driver=spmv_ghost_nccl_cusparse ---
Loaded ../matrices/parabolic_fem.mtx: 525825 x 525825, 3674625 nnz
RESULT comm=ghost_nccl kernel=cusparse matrix=parabolic_fem.mtx P=3 rank=0 nrows_local=175275 ncols_global=525825 nnz_local=1224923 n_ghost=332449 compute_avg_ms=0.046148 compute_min_ms=0.044032 compute_max_ms=0.049152 compute_var_ms=0.000000834 compute_gflops=53.086413 eff_bw_gbs=286.738479 pct_peak_bw=30.7290 comm_avg_ms=0.296106 comm_min_ms=0.287013 comm_max_ms=0.303322 comm_var_ms=0.000018211 total_avg_ms=0.342254 total_min_ms=0.334117 total_max_ms=0.349402 total_var_ms=0.000016447 effective_gflops=7.157979
RESULT comm=ghost_nccl kernel=cusparse matrix=parabolic_fem.mtx P=3 rank=1 nrows_local=175275 ncols_global=525825 nnz_local=1224885 n_ghost=349819 compute_avg_ms=0.047104 compute_min_ms=0.046080 compute_max_ms=0.049152 compute_var_ms=0.000000489 compute_gflops=52.007684 eff_bw_gbs=282.389175 pct_peak_bw=30.2629 comm_avg_ms=0.337187 comm_min_ms=0.314961 comm_max_ms=0.347918 comm_var_ms=0.000068646 total_avg_ms=0.384291 total_min_ms=0.362065 total_max_ms=0.396046 total_var_ms=0.000068635 effective_gflops=6.374783
RESULT comm=ghost_nccl kernel=cusparse matrix=parabolic_fem.mtx P=3 rank=2 nrows_local=175275 ncols_global=525825 nnz_local=1224817 n_ghost=342311 compute_avg_ms=0.045909 compute_min_ms=0.044032 compute_max_ms=0.048128 compute_var_ms=0.000000705 compute_gflops=53.358082 eff_bw_gbs=289.071586 pct_peak_bw=30.9790 comm_avg_ms=0.329072 comm_min_ms=0.324729 comm_max_ms=0.338376 comm_var_ms=0.000008408 total_avg_ms=0.374981 total_min_ms=0.370809 total_max_ms=0.384456 total_var_ms=0.000007196 effective_gflops=6.532687
[ERROR CHECKING] OK!

--- P=3 rep=1/3 driver=spmv_ghost_nccl_acc ---
Loaded ../matrices/parabolic_fem.mtx: 525825 x 525825, 3674625 nnz
[kernel] acc -> LINE-ENHANCE (nnz=1224885, avg_nnz=6.99, imbalance=1.00, V=1)
[kernel] acc -> LINE-ENHANCE (nnz=1224817, avg_nnz=6.99, imbalance=1.00, V=1)
[kernel] acc -> LINE-ENHANCE (nnz=1224923, avg_nnz=6.99, imbalance=1.00, V=1)
RESULT comm=ghost_nccl kernel=acc matrix=parabolic_fem.mtx P=3 rank=0 nrows_local=175275 ncols_global=525825 nnz_local=1224923 n_ghost=332449 compute_avg_ms=0.037410 compute_min_ms=0.034816 compute_max_ms=0.044032 compute_var_ms=0.000005015 compute_gflops=65.486159 eff_bw_gbs=353.713886 pct_peak_bw=37.9066 comm_avg_ms=0.301765 comm_min_ms=0.283455 comm_max_ms=0.319534 comm_var_ms=0.000071361 total_avg_ms=0.339175 total_min_ms=0.320319 total_max_ms=0.356398 total_var_ms=0.000081229 effective_gflops=7.222946
RESULT comm=ghost_nccl kernel=acc matrix=parabolic_fem.mtx P=3 rank=2 nrows_local=175275 ncols_global=525825 nnz_local=1224817 n_ghost=342311 compute_avg_ms=0.036659 compute_min_ms=0.034816 compute_max_ms=0.043008 compute_var_ms=0.000004642 compute_gflops=66.821806 eff_bw_gbs=362.012366 pct_peak_bw=38.7959 comm_avg_ms=0.334306 comm_min_ms=0.321259 comm_max_ms=0.349754 comm_var_ms=0.000041528 total_avg_ms=0.370966 total_min_ms=0.357099 total_max_ms=0.385594 total_var_ms=0.000044944 effective_gflops=6.603401
RESULT comm=ghost_nccl kernel=acc matrix=parabolic_fem.mtx P=3 rank=1 nrows_local=175275 ncols_global=525825 nnz_local=1224885 n_ghost=349819 compute_avg_ms=0.036284 compute_min_ms=0.034816 compute_max_ms=0.037888 compute_var_ms=0.000000467 compute_gflops=67.517030 eff_bw_gbs=366.601184 pct_peak_bw=39.2877 comm_avg_ms=0.335857 comm_min_ms=0.311005 comm_max_ms=0.349939 comm_var_ms=0.000098881 total_avg_ms=0.372141 total_min_ms=0.347869 total_max_ms=0.385779 total_var_ms=0.000098948 effective_gflops=6.582907
[ERROR CHECKING] OK!

--- P=3 rep=2/3 driver=spmv_bcast ---
Loaded ../matrices/parabolic_fem.mtx: 525825 x 525825, 3674625 nnz
RESULT comm=bcast kernel=cusparse matrix=parabolic_fem.mtx P=3 rank=0 nrows_local=175275 ncols_global=525825 nnz_local=1224923 n_ghost=-1 compute_avg_ms=0.046626 compute_min_ms=0.045056 compute_max_ms=0.048128 compute_var_ms=0.000000750 compute_gflops=52.542336 eff_bw_gbs=285.352587 pct_peak_bw=30.5805 comm_avg_ms=0.647367 comm_min_ms=0.638089 comm_max_ms=0.680970 comm_var_ms=0.000069397 total_avg_ms=0.693993 total_min_ms=0.685116 total_max_ms=0.727050 total_var_ms=0.000068011 effective_gflops=3.530071
RESULT comm=bcast kernel=cusparse matrix=parabolic_fem.mtx P=3 rank=1 nrows_local=175275 ncols_global=525825 nnz_local=1224885 n_ghost=-1 compute_avg_ms=0.047036 compute_min_ms=0.046080 compute_max_ms=0.048128 compute_var_ms=0.000000415 compute_gflops=52.083167 eff_bw_gbs=282.861194 pct_peak_bw=30.3135 comm_avg_ms=0.521113 comm_min_ms=0.512539 comm_max_ms=0.547554 comm_var_ms=0.000062954 total_avg_ms=0.568149 total_min_ms=0.560620 total_max_ms=0.594658 total_var_ms=0.000063117 effective_gflops=4.311843
RESULT comm=bcast kernel=cusparse matrix=parabolic_fem.mtx P=3 rank=2 nrows_local=175275 ncols_global=525825 nnz_local=1224817 n_ghost=-1 compute_avg_ms=0.046592 compute_min_ms=0.045056 compute_max_ms=0.048128 compute_var_ms=0.000000542 compute_gflops=52.576278 eff_bw_gbs=285.543436 pct_peak_bw=30.6009 comm_avg_ms=0.646748 comm_min_ms=0.637498 comm_max_ms=0.681125 comm_var_ms=0.000069413 total_avg_ms=0.693340 total_min_ms=0.682705 total_max_ms=0.728229 total_var_ms=0.000072650 effective_gflops=3.533091
[ERROR CHECKING] OK!

--- P=3 rep=2/3 driver=spmv_ghost_cusparse ---
Loaded ../matrices/parabolic_fem.mtx: 525825 x 525825, 3674625 nnz
RESULT comm=ghost_mpi kernel=cusparse matrix=parabolic_fem.mtx P=3 rank=0 nrows_local=175275 ncols_global=525825 nnz_local=1224923 n_ghost=332449 compute_avg_ms=0.045943 compute_min_ms=0.045056 compute_max_ms=0.047104 compute_var_ms=0.000000401 compute_gflops=53.323054 eff_bw_gbs=288.016660 pct_peak_bw=30.8660 comm_avg_ms=0.878199 comm_min_ms=0.792539 comm_max_ms=0.918716 comm_var_ms=0.000736103 total_avg_ms=0.924143 total_min_ms=0.837595 total_max_ms=0.964796 total_var_ms=0.000746765 effective_gflops=2.650939
RESULT comm=ghost_mpi kernel=cusparse matrix=parabolic_fem.mtx P=3 rank=1 nrows_local=175275 ncols_global=525825 nnz_local=1224885 n_ghost=349819 compute_avg_ms=0.046421 compute_min_ms=0.045056 compute_max_ms=0.048128 compute_var_ms=0.000000443 compute_gflops=52.772503 eff_bw_gbs=286.541958 pct_peak_bw=30.7079 comm_avg_ms=0.820843 comm_min_ms=0.734071 comm_max_ms=0.860131 comm_var_ms=0.000760533 total_avg_ms=0.867264 total_min_ms=0.780151 total_max_ms=0.906211 total_var_ms=0.000762405 effective_gflops=2.824711
RESULT comm=ghost_mpi kernel=cusparse matrix=parabolic_fem.mtx P=3 rank=2 nrows_local=175275 ncols_global=525825 nnz_local=1224817 n_ghost=342311 compute_avg_ms=0.045056 compute_min_ms=0.044032 compute_max_ms=0.046080 compute_var_ms=0.000000489 compute_gflops=54.368652 eff_bw_gbs=294.546429 pct_peak_bw=31.5658 comm_avg_ms=0.878250 comm_min_ms=0.792615 comm_max_ms=0.918750 comm_var_ms=0.000735340 total_avg_ms=0.923306 total_min_ms=0.837671 total_max_ms=0.964830 total_var_ms=0.000739474 effective_gflops=2.653112
[ERROR CHECKING] OK!

--- P=3 rep=2/3 driver=spmv_ghost_acc ---
Loaded ../matrices/parabolic_fem.mtx: 525825 x 525825, 3674625 nnz
[kernel] acc -> LINE-ENHANCE (nnz=1224885, avg_nnz=6.99, imbalance=1.00, V=1)
[kernel] acc -> LINE-ENHANCE (nnz=1224923, avg_nnz=6.99, imbalance=1.00, V=1)
[kernel] acc -> LINE-ENHANCE (nnz=1224817, avg_nnz=6.99, imbalance=1.00, V=1)
RESULT comm=ghost_mpi kernel=acc matrix=parabolic_fem.mtx P=3 rank=1 nrows_local=175275 ncols_global=525825 nnz_local=1224885 n_ghost=349819 compute_avg_ms=0.036557 compute_min_ms=0.034816 compute_max_ms=0.037888 compute_var_ms=0.000000640 compute_gflops=67.012701 eff_bw_gbs=363.862799 pct_peak_bw=38.9942 comm_avg_ms=0.809661 comm_min_ms=0.576369 comm_max_ms=0.854033 comm_var_ms=0.002541797 total_avg_ms=0.846217 total_min_ms=0.613233 total_max_ms=0.890897 total_var_ms=0.002538089 effective_gflops=2.894966
RESULT comm=ghost_mpi kernel=acc matrix=parabolic_fem.mtx P=3 rank=0 nrows_local=175275 ncols_global=525825 nnz_local=1224923 n_ghost=332449 compute_avg_ms=0.035772 compute_min_ms=0.033792 compute_max_ms=0.036864 compute_var_ms=0.000000555 compute_gflops=68.485525 eff_bw_gbs=369.914522 pct_peak_bw=39.6428 comm_avg_ms=0.867546 comm_min_ms=0.634738 comm_max_ms=0.911348 comm_var_ms=0.002535220 total_avg_ms=0.903317 total_min_ms=0.669554 total_max_ms=0.947188 total_var_ms=0.002555406 effective_gflops=2.712055
RESULT comm=ghost_mpi kernel=acc matrix=parabolic_fem.mtx P=3 rank=2 nrows_local=175275 ncols_global=525825 nnz_local=1224817 n_ghost=342311 compute_avg_ms=0.035123 compute_min_ms=0.033792 compute_max_ms=0.036864 compute_var_ms=0.000000500 compute_gflops=69.744042 eff_bw_gbs=377.843811 pct_peak_bw=40.4925 comm_avg_ms=0.867524 comm_min_ms=0.634770 comm_max_ms=0.911483 comm_var_ms=0.002535301 total_avg_ms=0.902647 total_min_ms=0.670610 total_max_ms=0.946299 total_var_ms=0.002529030 effective_gflops=2.713834
[ERROR CHECKING] OK!

--- P=3 rep=2/3 driver=spmv_ghost_nccl_cusparse ---
Loaded ../matrices/parabolic_fem.mtx: 525825 x 525825, 3674625 nnz
RESULT comm=ghost_nccl kernel=cusparse matrix=parabolic_fem.mtx P=3 rank=1 nrows_local=175275 ncols_global=525825 nnz_local=1224885 n_ghost=349819 compute_avg_ms=0.047241 compute_min_ms=0.046080 compute_max_ms=0.048128 compute_var_ms=0.000000541 compute_gflops=51.857373 eff_bw_gbs=281.573021 pct_peak_bw=30.1754 comm_avg_ms=0.333132 comm_min_ms=0.311834 comm_max_ms=0.352765 comm_var_ms=0.000162295 total_avg_ms=0.380372 total_min_ms=0.359962 total_max_ms=0.400489 total_var_ms=0.000165614 effective_gflops=6.440456
RESULT comm=ghost_nccl kernel=cusparse matrix=parabolic_fem.mtx P=3 rank=2 nrows_local=175275 ncols_global=525825 nnz_local=1224817 n_ghost=342311 compute_avg_ms=0.045670 compute_min_ms=0.044032 compute_max_ms=0.047104 compute_var_ms=0.000000671 compute_gflops=53.637235 eff_bw_gbs=290.583920 pct_peak_bw=31.1411 comm_avg_ms=0.332886 comm_min_ms=0.316274 comm_max_ms=0.347617 comm_var_ms=0.000063322 total_avg_ms=0.378557 total_min_ms=0.361330 total_max_ms=0.392673 total_var_ms=0.000065976 effective_gflops=6.470985
RESULT comm=ghost_nccl kernel=cusparse matrix=parabolic_fem.mtx P=3 rank=0 nrows_local=175275 ncols_global=525825 nnz_local=1224923 n_ghost=332449 compute_avg_ms=0.046490 compute_min_ms=0.046080 compute_max_ms=0.048128 compute_var_ms=0.000000322 compute_gflops=52.696645 eff_bw_gbs=284.633203 pct_peak_bw=30.5034 comm_avg_ms=0.298534 comm_min_ms=0.285580 comm_max_ms=0.317662 comm_var_ms=0.000059991 total_avg_ms=0.345024 total_min_ms=0.332684 total_max_ms=0.363742 total_var_ms=0.000059362 effective_gflops=7.100513
[ERROR CHECKING] OK!

--- P=3 rep=2/3 driver=spmv_ghost_nccl_acc ---
Loaded ../matrices/parabolic_fem.mtx: 525825 x 525825, 3674625 nnz
[kernel] acc -> LINE-ENHANCE (nnz=1224885, avg_nnz=6.99, imbalance=1.00, V=1)
[kernel] acc -> LINE-ENHANCE (nnz=1224923, avg_nnz=6.99, imbalance=1.00, V=1)
[kernel] acc -> LINE-ENHANCE (nnz=1224817, avg_nnz=6.99, imbalance=1.00, V=1)
RESULT comm=ghost_nccl kernel=acc matrix=parabolic_fem.mtx P=3 rank=1 nrows_local=175275 ncols_global=525825 nnz_local=1224885 n_ghost=349819 compute_avg_ms=0.036079 compute_min_ms=0.033792 compute_max_ms=0.037888 compute_var_ms=0.000000677 compute_gflops=67.900287 eff_bw_gbs=368.682175 pct_peak_bw=39.5107 comm_avg_ms=0.338767 comm_min_ms=0.318833 comm_max_ms=0.359087 comm_var_ms=0.000141707 total_avg_ms=0.374846 total_min_ms=0.355697 total_max_ms=0.395951 total_var_ms=0.000136205 effective_gflops=6.535407
RESULT comm=ghost_nccl kernel=acc matrix=parabolic_fem.mtx P=3 rank=0 nrows_local=175275 ncols_global=525825 nnz_local=1224923 n_ghost=332449 compute_avg_ms=0.037239 compute_min_ms=0.035840 compute_max_ms=0.043008 compute_var_ms=0.000002271 compute_gflops=65.786279 eff_bw_gbs=355.334939 pct_peak_bw=38.0803 comm_avg_ms=0.301739 comm_min_ms=0.290441 comm_max_ms=0.311845 comm_var_ms=0.000042519 total_avg_ms=0.338979 total_min_ms=0.327565 total_max_ms=0.351255 total_var_ms=0.000046332 effective_gflops=7.227133
RESULT comm=ghost_nccl kernel=acc matrix=parabolic_fem.mtx P=3 rank=2 nrows_local=175275 ncols_global=525825 nnz_local=1224817 n_ghost=342311 compute_avg_ms=0.037137 compute_min_ms=0.034816 compute_max_ms=0.044032 compute_var_ms=0.000004329 compute_gflops=65.961966 eff_bw_gbs=357.354117 pct_peak_bw=38.2967 comm_avg_ms=0.345561 comm_min_ms=0.327633 comm_max_ms=0.568360 comm_var_ms=0.001732156 total_avg_ms=0.382698 total_min_ms=0.364497 total_max_ms=0.604200 total_var_ms=0.001713799 effective_gflops=6.400960
[ERROR CHECKING] OK!

--- P=3 rep=3/3 driver=spmv_bcast ---
Loaded ../matrices/parabolic_fem.mtx: 525825 x 525825, 3674625 nnz
RESULT comm=bcast kernel=cusparse matrix=parabolic_fem.mtx P=3 rank=0 nrows_local=175275 ncols_global=525825 nnz_local=1224923 n_ghost=-1 compute_avg_ms=0.046490 compute_min_ms=0.045056 compute_max_ms=0.048128 compute_var_ms=0.000000671 compute_gflops=52.696645 eff_bw_gbs=286.190627 pct_peak_bw=30.6703 comm_avg_ms=0.646545 comm_min_ms=0.634534 comm_max_ms=0.665536 comm_var_ms=0.000060658 total_avg_ms=0.693035 total_min_ms=0.681295 total_max_ms=0.712640 total_var_ms=0.000062529 effective_gflops=3.534953
RESULT comm=bcast kernel=cusparse matrix=parabolic_fem.mtx P=3 rank=1 nrows_local=175275 ncols_global=525825 nnz_local=1224885 n_ghost=-1 compute_avg_ms=0.046694 compute_min_ms=0.046080 compute_max_ms=0.048128 compute_var_ms=0.000000322 compute_gflops=52.463892 eff_bw_gbs=284.928894 pct_peak_bw=30.5351 comm_avg_ms=0.520205 comm_min_ms=0.511456 comm_max_ms=0.538159 comm_var_ms=0.000037061 total_avg_ms=0.566899 total_min_ms=0.558157 total_max_ms=0.586287 total_var_ms=0.000038555 effective_gflops=4.321349
RESULT comm=bcast kernel=cusparse matrix=parabolic_fem.mtx P=3 rank=2 nrows_local=175275 ncols_global=525825 nnz_local=1224817 n_ghost=-1 compute_avg_ms=0.046490 compute_min_ms=0.045056 compute_max_ms=0.048128 compute_var_ms=0.000000461 compute_gflops=52.692085 eff_bw_gbs=286.172386 pct_peak_bw=30.6683 comm_avg_ms=0.631543 comm_min_ms=0.618661 comm_max_ms=0.654341 comm_var_ms=0.000072036 total_avg_ms=0.678033 total_min_ms=0.664741 total_max_ms=0.699397 total_var_ms=0.000070432 effective_gflops=3.612856
[ERROR CHECKING] OK!

--- P=3 rep=3/3 driver=spmv_ghost_cusparse ---
Loaded ../matrices/parabolic_fem.mtx: 525825 x 525825, 3674625 nnz
RESULT comm=ghost_mpi kernel=cusparse matrix=parabolic_fem.mtx P=3 rank=0 nrows_local=175275 ncols_global=525825 nnz_local=1224923 n_ghost=332449 compute_avg_ms=0.045909 compute_min_ms=0.045056 compute_max_ms=0.047104 compute_var_ms=0.000000355 compute_gflops=53.362700 eff_bw_gbs=288.230799 pct_peak_bw=30.8889 comm_avg_ms=0.854528 comm_min_ms=0.673944 comm_max_ms=0.928335 comm_var_ms=0.003447978 total_avg_ms=0.900438 total_min_ms=0.720024 total_max_ms=0.974415 total_var_ms=0.003461476 effective_gflops=2.720728
RESULT comm=ghost_mpi kernel=cusparse matrix=parabolic_fem.mtx P=3 rank=1 nrows_local=175275 ncols_global=525825 nnz_local=1224885 n_ghost=349819 compute_avg_ms=0.046353 compute_min_ms=0.045056 compute_max_ms=0.047104 compute_var_ms=0.000000415 compute_gflops=52.850224 eff_bw_gbs=286.963964 pct_peak_bw=30.7532 comm_avg_ms=0.800865 comm_min_ms=0.616649 comm_max_ms=0.870373 comm_var_ms=0.002777667 total_avg_ms=0.847218 total_min_ms=0.662729 total_max_ms=0.917477 total_var_ms=0.002780550 effective_gflops=2.891546
RESULT comm=ghost_mpi kernel=cusparse matrix=parabolic_fem.mtx P=3 rank=2 nrows_local=175275 ncols_global=525825 nnz_local=1224817 n_ghost=342311 compute_avg_ms=0.045397 compute_min_ms=0.045056 compute_max_ms=0.046080 compute_var_ms=0.000000233 compute_gflops=53.959865 eff_bw_gbs=292.331793 pct_peak_bw=31.3284 comm_avg_ms=0.856624 comm_min_ms=0.674073 comm_max_ms=0.928344 comm_var_ms=0.003003474 total_avg_ms=0.902021 total_min_ms=0.719129 total_max_ms=0.973400 total_var_ms=0.003015702 effective_gflops=2.715718
[ERROR CHECKING] OK!

--- P=3 rep=3/3 driver=spmv_ghost_acc ---
Loaded ../matrices/parabolic_fem.mtx: 525825 x 525825, 3674625 nnz
[kernel] acc -> LINE-ENHANCE (nnz=1224885, avg_nnz=6.99, imbalance=1.00, V=1)
[kernel] acc -> LINE-ENHANCE (nnz=1224923, avg_nnz=6.99, imbalance=1.00, V=1)
[kernel] acc -> LINE-ENHANCE (nnz=1224817, avg_nnz=6.99, imbalance=1.00, V=1)
RESULT comm=ghost_mpi kernel=acc matrix=parabolic_fem.mtx P=3 rank=1 nrows_local=175275 ncols_global=525825 nnz_local=1224885 n_ghost=349819 compute_avg_ms=0.036659 compute_min_ms=0.035840 compute_max_ms=0.037888 compute_var_ms=0.000000308 compute_gflops=66.825515 eff_bw_gbs=362.846422 pct_peak_bw=38.8853 comm_avg_ms=0.812873 comm_min_ms=0.633087 comm_max_ms=0.851355 comm_var_ms=0.002133520 total_avg_ms=0.849532 total_min_ms=0.669951 total_max_ms=0.888219 total_var_ms=0.002132511 effective_gflops=2.883670
RESULT comm=ghost_mpi kernel=acc matrix=parabolic_fem.mtx P=3 rank=0 nrows_local=175275 ncols_global=525825 nnz_local=1224923 n_ghost=332449 compute_avg_ms=0.035703 compute_min_ms=0.033792 compute_max_ms=0.036864 compute_var_ms=0.000000541 compute_gflops=68.616472 eff_bw_gbs=370.621816 pct_peak_bw=39.7186 comm_avg_ms=0.864698 comm_min_ms=0.690630 comm_max_ms=0.909711 comm_var_ms=0.003073381 total_avg_ms=0.900401 total_min_ms=0.726470 total_max_ms=0.944527 total_var_ms=0.003096853 effective_gflops=2.720838
RESULT comm=ghost_mpi kernel=acc matrix=parabolic_fem.mtx P=3 rank=2 nrows_local=175275 ncols_global=525825 nnz_local=1224817 n_ghost=342311 compute_avg_ms=0.034987 compute_min_ms=0.032768 compute_max_ms=0.036864 compute_var_ms=0.000000565 compute_gflops=70.016214 eff_bw_gbs=379.318324 pct_peak_bw=40.6505 comm_avg_ms=0.869136 comm_min_ms=0.690701 comm_max_ms=0.909730 comm_var_ms=0.002315275 total_avg_ms=0.904123 total_min_ms=0.725517 total_max_ms=0.942498 total_var_ms=0.002313674 effective_gflops=2.709404
[ERROR CHECKING] OK!

--- P=3 rep=3/3 driver=spmv_ghost_nccl_cusparse ---
Loaded ../matrices/parabolic_fem.mtx: 525825 x 525825, 3674625 nnz
RESULT comm=ghost_nccl kernel=cusparse matrix=parabolic_fem.mtx P=3 rank=0 nrows_local=175275 ncols_global=525825 nnz_local=1224923 n_ghost=332449 compute_avg_ms=0.046285 compute_min_ms=0.045056 compute_max_ms=0.047104 compute_var_ms=0.000000517 compute_gflops=52.929816 eff_bw_gbs=285.892643 pct_peak_bw=30.6384 comm_avg_ms=0.304605 comm_min_ms=0.292873 comm_max_ms=0.317050 comm_var_ms=0.000039158 total_avg_ms=0.350890 total_min_ms=0.339977 total_max_ms=0.363130 total_var_ms=0.000038787 effective_gflops=6.981814
RESULT comm=ghost_nccl kernel=cusparse matrix=parabolic_fem.mtx P=3 rank=1 nrows_local=175275 ncols_global=525825 nnz_local=1224885 n_ghost=349819 compute_avg_ms=0.047206 compute_min_ms=0.046080 compute_max_ms=0.049152 compute_var_ms=0.000000374 compute_gflops=51.894869 eff_bw_gbs=281.776617 pct_peak_bw=30.1973 comm_avg_ms=0.322876 comm_min_ms=0.310854 comm_max_ms=0.344342 comm_var_ms=0.000073905 total_avg_ms=0.370082 total_min_ms=0.358982 total_max_ms=0.393494 total_var_ms=0.000075125 effective_gflops=6.619530
RESULT comm=ghost_nccl kernel=cusparse matrix=parabolic_fem.mtx P=3 rank=2 nrows_local=175275 ncols_global=525825 nnz_local=1224817 n_ghost=342311 compute_avg_ms=0.045773 compute_min_ms=0.045056 compute_max_ms=0.047104 compute_var_ms=0.000000430 compute_gflops=53.517241 eff_bw_gbs=289.933843 pct_peak_bw=31.0714 comm_avg_ms=0.333027 comm_min_ms=0.317625 comm_max_ms=0.346735 comm_var_ms=0.000038864 total_avg_ms=0.378800 total_min_ms=0.364729 total_max_ms=0.392815 total_var_ms=0.000038963 effective_gflops=6.466824
[ERROR CHECKING] OK!

--- P=3 rep=3/3 driver=spmv_ghost_nccl_acc ---
Loaded ../matrices/parabolic_fem.mtx: 525825 x 525825, 3674625 nnz
[kernel] acc -> LINE-ENHANCE (nnz=1224885, avg_nnz=6.99, imbalance=1.00, V=1)
[kernel] acc -> LINE-ENHANCE (nnz=1224817, avg_nnz=6.99, imbalance=1.00, V=1)
[kernel] acc -> LINE-ENHANCE (nnz=1224923, avg_nnz=6.99, imbalance=1.00, V=1)
RESULT comm=ghost_nccl kernel=acc matrix=parabolic_fem.mtx P=3 rank=1 nrows_local=175275 ncols_global=525825 nnz_local=1224885 n_ghost=349819 compute_avg_ms=0.036318 compute_min_ms=0.035840 compute_max_ms=0.036864 compute_var_ms=0.000000261 compute_gflops=67.453574 eff_bw_gbs=366.256634 pct_peak_bw=39.2508 comm_avg_ms=0.332485 comm_min_ms=0.317801 comm_max_ms=0.358916 comm_var_ms=0.000108433 total_avg_ms=0.368803 total_min_ms=0.354665 total_max_ms=0.394756 total_var_ms=0.000107487 effective_gflops=6.642486
RESULT comm=ghost_nccl kernel=acc matrix=parabolic_fem.mtx P=3 rank=0 nrows_local=175275 ncols_global=525825 nnz_local=1224923 n_ghost=332449 compute_avg_ms=0.037717 compute_min_ms=0.035840 compute_max_ms=0.043008 compute_var_ms=0.000005109 compute_gflops=64.952787 eff_bw_gbs=350.832959 pct_peak_bw=37.5978 comm_avg_ms=0.303524 comm_min_ms=0.288634 comm_max_ms=0.500499 comm_var_ms=0.001367198 total_avg_ms=0.341241 total_min_ms=0.325498 total_max_ms=0.536339 total_var_ms=0.001351657 effective_gflops=7.179216
RESULT comm=ghost_nccl kernel=acc matrix=parabolic_fem.mtx P=3 rank=2 nrows_local=175275 ncols_global=525825 nnz_local=1224817 n_ghost=342311 compute_avg_ms=0.037205 compute_min_ms=0.034816 compute_max_ms=0.044032 compute_var_ms=0.000005616 compute_gflops=65.840935 eff_bw_gbs=356.698423 pct_peak_bw=38.2264 comm_avg_ms=0.335863 comm_min_ms=0.324847 comm_max_ms=0.361563 comm_var_ms=0.000068152 total_avg_ms=0.373068 total_min_ms=0.360687 total_max_ms=0.398427 total_var_ms=0.000073010 effective_gflops=6.566185
[ERROR CHECKING] OK!

=== Job done ===
