--------------------------------------------------------------------------
The call to cuMemHostRegister(0x7fe513e00008, 134217728, 0) failed.
  Host:  edu01
  cuMemHostRegister return value:  1
  Registration cache:  smcuda
--------------------------------------------------------------------------
[edu01:2120074] 2 more processes have sent help message help-mpi-common-cuda.txt / cuMemHostRegister during init failed
[edu01:2120074] Set MCA parameter "orte_base_help_aggregate" to 0 to see all help / error messages
--------------------------------------------------------------------------
The call to cuMemHostRegister(0x7f19ffe00008, 134217728, 0) failed.
  Host:  edu01
  cuMemHostRegister return value:  1
  Registration cache:  smcuda
--------------------------------------------------------------------------
[edu01:2120105] 2 more processes have sent help message help-mpi-common-cuda.txt / cuMemHostRegister during init failed
[edu01:2120105] Set MCA parameter "orte_base_help_aggregate" to 0 to see all help / error messages
--------------------------------------------------------------------------
The call to cuMemHostRegister(0x7f20e7e00008, 134217728, 0) failed.
  Host:  edu01
  cuMemHostRegister return value:  1
  Registration cache:  smcuda
--------------------------------------------------------------------------
[edu01:2120261] 2 more processes have sent help message help-mpi-common-cuda.txt / cuMemHostRegister during init failed
[edu01:2120261] Set MCA parameter "orte_base_help_aggregate" to 0 to see all help / error messages
--------------------------------------------------------------------------
The call to cuMemHostRegister(0x7fe2c7e00008, 134217728, 0) failed.
  Host:  edu01
  cuMemHostRegister return value:  1
  Registration cache:  smcuda
--------------------------------------------------------------------------
[edu01:2120292] 2 more processes have sent help message help-mpi-common-cuda.txt / cuMemHostRegister during init failed
[edu01:2120292] Set MCA parameter "orte_base_help_aggregate" to 0 to see all help / error messages
--------------------------------------------------------------------------
The call to cuMemHostRegister(0x7fda2fe00008, 134217728, 0) failed.
  Host:  edu01
  cuMemHostRegister return value:  1
  Registration cache:  smcuda
--------------------------------------------------------------------------
[edu01:2120448] 2 more processes have sent help message help-mpi-common-cuda.txt / cuMemHostRegister during init failed
[edu01:2120448] Set MCA parameter "orte_base_help_aggregate" to 0 to see all help / error messages
--------------------------------------------------------------------------
The call to cuMemHostRegister(0x7f9fe7e00008, 134217728, 0) failed.
  Host:  edu01
  cuMemHostRegister return value:  1
  Registration cache:  smcuda
--------------------------------------------------------------------------
[edu01:2120479] 2 more processes have sent help message help-mpi-common-cuda.txt / cuMemHostRegister during init failed
[edu01:2120479] Set MCA parameter "orte_base_help_aggregate" to 0 to see all help / error messages
