=== D2_final strong scaling ===
Node:     edu01
Date:     Tue Jul 21 04:47:49 PM CEST 2026
Matrix:   ../matrices/crankseg_2.mtx
P:        4
Reps:     3

--- P=4 rep=1/3 driver=spmv_bcast ---
Loaded ../matrices/crankseg_2.mtx: 63838 x 63838, 14148858 nnz
RESULT comm=bcast kernel=cusparse matrix=crankseg_2.mtx P=4 rank=1 nrows_local=15960 ncols_global=63838 nnz_local=3538602 n_ghost=-1 compute_avg_ms=0.057685 compute_min_ms=0.056320 compute_max_ms=0.059392 compute_var_ms=0.000000373 compute_gflops=122.686366 eff_bw_gbs=497.385555 pct_peak_bw=53.3035 comm_avg_ms=0.092360 comm_min_ms=0.088514 comm_max_ms=0.101737 comm_var_ms=0.000011457 total_avg_ms=0.150046 total_min_ms=0.145858 total_max_ms=0.159081 total_var_ms=0.000013020 effective_gflops=47.166979
RESULT comm=bcast kernel=cusparse matrix=crankseg_2.mtx P=4 rank=2 nrows_local=15959 ncols_global=63838 nnz_local=3535544 n_ghost=-1 compute_avg_ms=0.057003 compute_min_ms=0.056320 compute_max_ms=0.057344 compute_var_ms=0.000000233 compute_gflops=124.048371 eff_bw_gbs=502.912957 pct_peak_bw=53.8959 comm_avg_ms=0.096389 comm_min_ms=0.092095 comm_max_ms=0.110959 comm_var_ms=0.000018035 total_avg_ms=0.153392 total_min_ms=0.148415 total_max_ms=0.167279 total_var_ms=0.000017972 effective_gflops=46.098214
RESULT comm=bcast kernel=cusparse matrix=crankseg_2.mtx P=4 rank=0 nrows_local=15960 ncols_global=63838 nnz_local=3537237 n_ghost=-1 compute_avg_ms=0.057583 compute_min_ms=0.056320 compute_max_ms=0.059392 compute_var_ms=0.000000327 compute_gflops=122.857129 eff_bw_gbs=498.080419 pct_peak_bw=53.3780 comm_avg_ms=0.103308 comm_min_ms=0.098909 comm_max_ms=0.116065 comm_var_ms=0.000015777 total_avg_ms=0.160891 total_min_ms=0.156253 total_max_ms=0.173409 total_var_ms=0.000016615 effective_gflops=43.970710
RESULT comm=bcast kernel=cusparse matrix=crankseg_2.mtx P=4 rank=3 nrows_local=15959 ncols_global=63838 nnz_local=3537475 n_ghost=-1 compute_avg_ms=0.056661 compute_min_ms=0.055296 compute_max_ms=0.058368 compute_var_ms=0.000000513 compute_gflops=124.863809 eff_bw_gbs=506.215192 pct_peak_bw=54.2497 comm_avg_ms=0.102316 comm_min_ms=0.098315 comm_max_ms=0.114489 comm_var_ms=0.000012319 total_avg_ms=0.158977 total_min_ms=0.154635 total_max_ms=0.172857 total_var_ms=0.000014308 effective_gflops=44.502848
[ERROR CHECKING] Mismatch at index 19612: CPU = -98.246094, GPU = -99.421875
[ERROR CHECKING] Total mismatches: 1

--- P=4 rep=1/3 driver=spmv_ghost_cusparse ---
Loaded ../matrices/crankseg_2.mtx: 63838 x 63838, 14148858 nnz
RESULT comm=ghost_mpi kernel=cusparse matrix=crankseg_2.mtx P=4 rank=0 nrows_local=15960 ncols_global=63838 nnz_local=3537237 n_ghost=47878 compute_avg_ms=0.059699 compute_min_ms=0.058368 compute_max_ms=0.061440 compute_var_ms=0.000000430 compute_gflops=118.501987 eff_bw_gbs=480.424048 pct_peak_bw=51.4858 comm_avg_ms=0.205813 comm_min_ms=0.130379 comm_max_ms=0.329020 comm_var_ms=0.001736960 total_avg_ms=0.265512 total_min_ms=0.188747 total_max_ms=0.388412 total_var_ms=0.001744546 effective_gflops=26.644639
RESULT comm=ghost_mpi kernel=cusparse matrix=crankseg_2.mtx P=4 rank=1 nrows_local=15960 ncols_global=63838 nnz_local=3538602 n_ghost=47878 compute_avg_ms=0.060553 compute_min_ms=0.059392 compute_max_ms=0.061440 compute_var_ms=0.000000331 compute_gflops=116.877090 eff_bw_gbs=473.834040 pct_peak_bw=50.7795 comm_avg_ms=0.237830 comm_min_ms=0.159543 comm_max_ms=0.337468 comm_var_ms=0.002289507 total_avg_ms=0.298382 total_min_ms=0.220983 total_max_ms=0.397884 total_var_ms=0.002266472 effective_gflops=23.718565
RESULT comm=ghost_mpi kernel=cusparse matrix=crankseg_2.mtx P=4 rank=2 nrows_local=15959 ncols_global=63838 nnz_local=3535544 n_ghost=47879 compute_avg_ms=0.059085 compute_min_ms=0.057344 compute_max_ms=0.060416 compute_var_ms=0.000000570 compute_gflops=119.676936 eff_bw_gbs=485.190427 pct_peak_bw=51.9966 comm_avg_ms=0.242872 comm_min_ms=0.167497 comm_max_ms=0.337918 comm_var_ms=0.002802397 total_avg_ms=0.301957 total_min_ms=0.225865 total_max_ms=0.396286 total_var_ms=0.002797318 effective_gflops=23.417523
RESULT comm=ghost_mpi kernel=cusparse matrix=crankseg_2.mtx P=4 rank=3 nrows_local=15959 ncols_global=63838 nnz_local=3537475 n_ghost=47879 compute_avg_ms=0.057993 compute_min_ms=0.057344 compute_max_ms=0.059392 compute_var_ms=0.000000383 compute_gflops=121.997600 eff_bw_gbs=494.595181 pct_peak_bw=53.0045 comm_avg_ms=0.245137 comm_min_ms=0.168403 comm_max_ms=0.336826 comm_var_ms=0.002673853 total_avg_ms=0.303129 total_min_ms=0.227795 total_max_ms=0.394170 total_var_ms=0.002654148 effective_gflops=23.339697
[ERROR CHECKING] Mismatch at index 19612: CPU = -98.246094, GPU = -99.421875
[ERROR CHECKING] Total mismatches: 1

--- P=4 rep=1/3 driver=spmv_ghost_acc ---
Loaded ../matrices/crankseg_2.mtx: 63838 x 63838, 14148858 nnz
[kernel] acc -> FLAT (nnz=3535544, avg_nnz=221.54, imbalance=15.45)
[kernel] acc -> FLAT (nnz=3537237, avg_nnz=221.63, imbalance=15.44)
[kernel] acc -> FLAT (nnz=3538602, avg_nnz=221.72, imbalance=11.02)
[kernel] acc -> FLAT (nnz=3537475, avg_nnz=221.66, imbalance=15.44)
RESULT comm=ghost_mpi kernel=acc matrix=crankseg_2.mtx P=4 rank=0 nrows_local=15960 ncols_global=63838 nnz_local=3537237 n_ghost=47878 compute_avg_ms=0.063795 compute_min_ms=0.062464 compute_max_ms=0.065536 compute_var_ms=0.000000500 compute_gflops=110.893517 eff_bw_gbs=449.794849 pct_peak_bw=48.2033 comm_avg_ms=0.199300 comm_min_ms=0.108036 comm_max_ms=0.275247 comm_var_ms=0.001648468 total_avg_ms=0.263095 total_min_ms=0.172548 total_max_ms=0.339759 total_var_ms=0.001650265 effective_gflops=26.889424
RESULT comm=ghost_mpi kernel=acc matrix=crankseg_2.mtx P=4 rank=2 nrows_local=15959 ncols_global=63838 nnz_local=3535544 n_ghost=47879 compute_avg_ms=0.063420 compute_min_ms=0.062464 compute_max_ms=0.065536 compute_var_ms=0.000000415 compute_gflops=111.496655 eff_bw_gbs=452.243977 pct_peak_bw=48.4658 comm_avg_ms=0.234270 comm_min_ms=0.126406 comm_max_ms=0.353252 comm_var_ms=0.002520473 total_avg_ms=0.297690 total_min_ms=0.188870 total_max_ms=0.415716 total_var_ms=0.002523018 effective_gflops=23.753198
RESULT comm=ghost_mpi kernel=acc matrix=crankseg_2.mtx P=4 rank=1 nrows_local=15960 ncols_global=63838 nnz_local=3538602 n_ghost=47878 compute_avg_ms=0.064375 compute_min_ms=0.063488 compute_max_ms=0.065536 compute_var_ms=0.000000331 compute_gflops=109.936354 eff_bw_gbs=445.910185 pct_peak_bw=47.7870 comm_avg_ms=0.227302 comm_min_ms=0.118817 comm_max_ms=0.353159 comm_var_ms=0.002706933 total_avg_ms=0.291677 total_min_ms=0.183329 total_max_ms=0.417671 total_var_ms=0.002704039 effective_gflops=24.263820
RESULT comm=ghost_mpi kernel=acc matrix=crankseg_2.mtx P=4 rank=3 nrows_local=15959 ncols_global=63838 nnz_local=3537475 n_ghost=47879 compute_avg_ms=0.063010 compute_min_ms=0.062464 compute_max_ms=0.066560 compute_var_ms=0.000000680 compute_gflops=112.282735 eff_bw_gbs=455.429102 pct_peak_bw=48.8071 comm_avg_ms=0.234650 comm_min_ms=0.129655 comm_max_ms=0.353405 comm_var_ms=0.002511280 total_avg_ms=0.297660 total_min_ms=0.193143 total_max_ms=0.415869 total_var_ms=0.002518564 effective_gflops=23.768577
[ERROR CHECKING] OK!

--- P=4 rep=1/3 driver=spmv_ghost_nccl_cusparse ---
Loaded ../matrices/crankseg_2.mtx: 63838 x 63838, 14148858 nnz
RESULT comm=ghost_nccl kernel=cusparse matrix=crankseg_2.mtx P=4 rank=0 nrows_local=15960 ncols_global=63838 nnz_local=3537237 n_ghost=47878 compute_avg_ms=0.060518 compute_min_ms=0.059392 compute_max_ms=0.061440 compute_var_ms=0.000000304 compute_gflops=116.897900 eff_bw_gbs=473.920848 pct_peak_bw=50.7888 comm_avg_ms=0.091119 comm_min_ms=0.086166 comm_max_ms=0.116229 comm_var_ms=0.000026069 total_avg_ms=0.151637 total_min_ms=0.145718 total_max_ms=0.176645 total_var_ms=0.000026436 effective_gflops=46.653865
RESULT comm=ghost_nccl kernel=cusparse matrix=crankseg_2.mtx P=4 rank=1 nrows_local=15960 ncols_global=63838 nnz_local=3538602 n_ghost=47878 compute_avg_ms=0.060621 compute_min_ms=0.059392 compute_max_ms=0.061440 compute_var_ms=0.000000377 compute_gflops=116.745472 eff_bw_gbs=473.300445 pct_peak_bw=50.7224 comm_avg_ms=0.085122 comm_min_ms=0.081915 comm_max_ms=0.115387 comm_var_ms=0.000033511 total_avg_ms=0.145742 total_min_ms=0.142331 total_max_ms=0.175803 total_var_ms=0.000033284 effective_gflops=48.559667
RESULT comm=ghost_nccl kernel=cusparse matrix=crankseg_2.mtx P=4 rank=2 nrows_local=15959 ncols_global=63838 nnz_local=3535544 n_ghost=47879 compute_avg_ms=0.059665 compute_min_ms=0.058368 compute_max_ms=0.062464 compute_var_ms=0.000000764 compute_gflops=118.513030 eff_bw_gbs=480.471755 pct_peak_bw=51.4909 comm_avg_ms=0.106378 comm_min_ms=0.098786 comm_max_ms=0.132146 comm_var_ms=0.000027606 total_avg_ms=0.166043 total_min_ms=0.158178 total_max_ms=0.191538 total_var_ms=0.000027933 effective_gflops=42.585987
RESULT comm=ghost_nccl kernel=cusparse matrix=crankseg_2.mtx P=4 rank=3 nrows_local=15959 ncols_global=63838 nnz_local=3537475 n_ghost=47879 compute_avg_ms=0.058709 compute_min_ms=0.057344 compute_max_ms=0.060416 compute_var_ms=0.000000373 compute_gflops=120.508094 eff_bw_gbs=488.556517 pct_peak_bw=52.3573 comm_avg_ms=0.101965 comm_min_ms=0.097331 comm_max_ms=0.112407 comm_var_ms=0.000007572 total_avg_ms=0.160674 total_min_ms=0.155699 total_max_ms=0.171799 total_var_ms=0.000008987 effective_gflops=44.032875
[ERROR CHECKING] Mismatch at index 19612: CPU = -98.246094, GPU = -99.421875
[ERROR CHECKING] Total mismatches: 1

--- P=4 rep=1/3 driver=spmv_ghost_nccl_acc ---
Loaded ../matrices/crankseg_2.mtx: 63838 x 63838, 14148858 nnz
[kernel] acc -> FLAT (nnz=3535544, avg_nnz=221.54, imbalance=15.45)
[kernel] acc -> FLAT (nnz=3537237, avg_nnz=221.63, imbalance=15.44)
[kernel] acc -> FLAT (nnz=3538602, avg_nnz=221.72, imbalance=11.02)
[kernel] acc -> FLAT (nnz=3537475, avg_nnz=221.66, imbalance=15.44)
RESULT comm=ghost_nccl kernel=acc matrix=crankseg_2.mtx P=4 rank=0 nrows_local=15960 ncols_global=63838 nnz_local=3537237 n_ghost=47878 compute_avg_ms=0.065980 compute_min_ms=0.063488 compute_max_ms=0.068608 compute_var_ms=0.000003403 compute_gflops=107.221925 eff_bw_gbs=434.902516 pct_peak_bw=46.6074 comm_avg_ms=0.095147 comm_min_ms=0.089847 comm_max_ms=0.116307 comm_var_ms=0.000019417 total_avg_ms=0.161127 total_min_ms=0.153335 total_max_ms=0.183891 total_var_ms=0.000027401 effective_gflops=43.906298
RESULT comm=ghost_nccl kernel=acc matrix=crankseg_2.mtx P=4 rank=2 nrows_local=15959 ncols_global=63838 nnz_local=3535544 n_ghost=47879 compute_avg_ms=0.065263 compute_min_ms=0.062464 compute_max_ms=0.068608 compute_var_ms=0.000002722 compute_gflops=108.347689 eff_bw_gbs=439.471391 pct_peak_bw=47.0970 comm_avg_ms=0.109722 comm_min_ms=0.105502 comm_max_ms=0.117973 comm_var_ms=0.000005886 total_avg_ms=0.174985 total_min_ms=0.169622 total_max_ms=0.184533 total_var_ms=0.000011814 effective_gflops=40.409758
RESULT comm=ghost_nccl kernel=acc matrix=crankseg_2.mtx P=4 rank=1 nrows_local=15960 ncols_global=63838 nnz_local=3538602 n_ghost=47878 compute_avg_ms=0.066594 compute_min_ms=0.063488 compute_max_ms=0.068608 compute_var_ms=0.000001851 compute_gflops=106.273685 eff_bw_gbs=431.054126 pct_peak_bw=46.1949 comm_avg_ms=0.089124 comm_min_ms=0.084877 comm_max_ms=0.106438 comm_var_ms=0.000016713 total_avg_ms=0.155718 total_min_ms=0.148763 total_max_ms=0.174022 total_var_ms=0.000021799 effective_gflops=45.448840
RESULT comm=ghost_nccl kernel=acc matrix=crankseg_2.mtx P=4 rank=3 nrows_local=15959 ncols_global=63838 nnz_local=3537475 n_ghost=47879 compute_avg_ms=0.065570 compute_min_ms=0.063488 compute_max_ms=0.067584 compute_var_ms=0.000002061 compute_gflops=107.898973 eff_bw_gbs=437.648158 pct_peak_bw=46.9016 comm_avg_ms=0.104932 comm_min_ms=0.099065 comm_max_ms=0.110733 comm_var_ms=0.000006636 total_avg_ms=0.170502 total_min_ms=0.164429 total_max_ms=0.177293 total_var_ms=0.000009836 effective_gflops=41.494902
[ERROR CHECKING] OK!

--- P=4 rep=1/3 driver=spmv_2d_cusparse ---
Grid: P=4 -> P_r=2 x P_c=2
Loaded ../matrices/crankseg_2.mtx: 63838 x 63838, 14148858 nnz
RESULT comm=checkerboard_mpi kernel=cusparse matrix=crankseg_2.mtx P=4 rank=0 nrows_local=31919 ncols_global=63838 nnz_local=3536497 n_ghost=-1 compute_avg_ms=0.059187 compute_min_ms=0.058368 compute_max_ms=0.060416 compute_var_ms=0.000000308 compute_gflops=119.502085 eff_bw_gbs=484.479876 pct_peak_bw=51.9204 comm_avg_ms=0.204244 comm_min_ms=0.171248 comm_max_ms=0.216278 comm_var_ms=0.000049407 total_avg_ms=0.263431 total_min_ms=0.231664 total_max_ms=0.275670 total_var_ms=0.000048061 effective_gflops=26.849479
RESULT comm=checkerboard_mpi kernel=cusparse matrix=crankseg_2.mtx P=4 rank=1 nrows_local=31919 ncols_global=63838 nnz_local=3536284 n_ghost=-1 compute_avg_ms=0.058982 compute_min_ms=0.057344 compute_max_ms=0.061440 compute_var_ms=0.000000671 compute_gflops=119.909801 eff_bw_gbs=486.133209 pct_peak_bw=52.0976 comm_avg_ms=0.151255 comm_min_ms=0.136873 comm_max_ms=0.170693 comm_var_ms=0.000025701 total_avg_ms=0.210238 total_min_ms=0.195241 total_max_ms=0.230085 total_var_ms=0.000027273 effective_gflops=33.640817
RESULT comm=checkerboard_mpi kernel=cusparse matrix=crankseg_2.mtx P=4 rank=2 nrows_local=31919 ncols_global=63838 nnz_local=3536284 n_ghost=-1 compute_avg_ms=0.059119 compute_min_ms=0.057344 compute_max_ms=0.062464 compute_var_ms=0.000001044 compute_gflops=119.632873 eff_bw_gbs=485.010501 pct_peak_bw=51.9773 comm_avg_ms=0.213359 comm_min_ms=0.201998 comm_max_ms=0.224477 comm_var_ms=0.000015273 total_avg_ms=0.272477 total_min_ms=0.262414 total_max_ms=0.283869 total_var_ms=0.000016938 effective_gflops=25.956524
RESULT comm=checkerboard_mpi kernel=cusparse matrix=crankseg_2.mtx P=4 rank=3 nrows_local=31919 ncols_global=63838 nnz_local=3539793 n_ghost=-1 compute_avg_ms=0.058641 compute_min_ms=0.057344 compute_max_ms=0.059392 compute_var_ms=0.000000415 compute_gflops=120.727440 eff_bw_gbs=489.441564 pct_peak_bw=52.4522 comm_avg_ms=0.181277 comm_min_ms=0.175809 comm_max_ms=0.191233 comm_var_ms=0.000012234 total_avg_ms=0.239918 total_min_ms=0.234177 total_max_ms=0.250625 total_var_ms=0.000013594 effective_gflops=29.508357
[ERROR CHECKING] OK!

--- P=4 rep=1/3 driver=spmv_2d_acc ---
Grid: P=4 -> P_r=2 x P_c=2
Loaded ../matrices/crankseg_2.mtx: 63838 x 63838, 14148858 nnz
[kernel] acc -> FLAT (nnz=3536284, avg_nnz=110.79, imbalance=15.47)
[kernel] acc -> FLAT (nnz=3536497, avg_nnz=110.80, imbalance=15.47)
[kernel] acc -> FLAT (nnz=3539793, avg_nnz=110.90, imbalance=15.41)
[kernel] acc -> FLAT (nnz=3536284, avg_nnz=110.79, imbalance=15.43)
RESULT comm=checkerboard_mpi kernel=acc matrix=crankseg_2.mtx P=4 rank=0 nrows_local=31919 ncols_global=63838 nnz_local=3536497 n_ghost=-1 compute_avg_ms=0.060211 compute_min_ms=0.058368 compute_max_ms=0.061440 compute_var_ms=0.000000587 compute_gflops=117.469738 eff_bw_gbs=476.469884 pct_peak_bw=51.0620 comm_avg_ms=0.206317 comm_min_ms=0.185802 comm_max_ms=0.217736 comm_var_ms=0.000035329 total_avg_ms=0.266529 total_min_ms=0.246218 total_max_ms=0.278152 total_var_ms=0.000035720 effective_gflops=26.537464
RESULT comm=checkerboard_mpi kernel=acc matrix=crankseg_2.mtx P=4 rank=1 nrows_local=31919 ncols_global=63838 nnz_local=3536284 n_ghost=-1 compute_avg_ms=0.059085 compute_min_ms=0.058368 compute_max_ms=0.061440 compute_var_ms=0.000000640 compute_gflops=119.701985 eff_bw_gbs=485.524524 pct_peak_bw=52.0324 comm_avg_ms=0.167295 comm_min_ms=0.162335 comm_max_ms=0.174047 comm_var_ms=0.000008177 total_avg_ms=0.226380 total_min_ms=0.221727 total_max_ms=0.233845 total_var_ms=0.000010242 effective_gflops=31.241990
RESULT comm=checkerboard_mpi kernel=acc matrix=crankseg_2.mtx P=4 rank=3 nrows_local=31919 ncols_global=63838 nnz_local=3539793 n_ghost=-1 compute_avg_ms=0.058778 compute_min_ms=0.057344 compute_max_ms=0.059392 compute_var_ms=0.000000461 compute_gflops=120.447004 eff_bw_gbs=488.539909 pct_peak_bw=52.3555 comm_avg_ms=0.157098 comm_min_ms=0.134492 comm_max_ms=0.166853 comm_var_ms=0.000041720 total_avg_ms=0.215876 total_min_ms=0.192860 total_max_ms=0.226245 total_var_ms=0.000043504 effective_gflops=32.794708
RESULT comm=checkerboard_mpi kernel=acc matrix=crankseg_2.mtx P=4 rank=2 nrows_local=31919 ncols_global=63838 nnz_local=3536284 n_ghost=-1 compute_avg_ms=0.059221 compute_min_ms=0.058368 compute_max_ms=0.060416 compute_var_ms=0.000000495 compute_gflops=119.426015 eff_bw_gbs=484.405158 pct_peak_bw=51.9124 comm_avg_ms=0.204910 comm_min_ms=0.188232 comm_max_ms=0.214669 comm_var_ms=0.000026155 total_avg_ms=0.264131 total_min_ms=0.246600 total_max_ms=0.275085 total_var_ms=0.000030173 effective_gflops=26.776730
[ERROR CHECKING] OK!

--- P=4 rep=1/3 driver=spmv_2d_nccl_cusparse ---
Grid: P=4 -> P_r=2 x P_c=2
Loaded ../matrices/crankseg_2.mtx: 63838 x 63838, 14148858 nnz
RESULT comm=checkerboard_nccl kernel=cusparse matrix=crankseg_2.mtx P=4 rank=0 nrows_local=31919 ncols_global=63838 nnz_local=3536497 n_ghost=-1 compute_avg_ms=0.060791 compute_min_ms=0.059392 compute_max_ms=0.065536 compute_var_ms=0.000002480 compute_gflops=116.348465 eff_bw_gbs=471.694614 pct_peak_bw=50.5503 comm_avg_ms=0.094132 comm_min_ms=0.091643 comm_max_ms=0.098317 comm_var_ms=0.000002686 total_avg_ms=0.154923 total_min_ms=0.151963 total_max_ms=0.162359 total_var_ms=0.000007261 effective_gflops=45.654840
RESULT comm=checkerboard_nccl kernel=cusparse matrix=crankseg_2.mtx P=4 rank=1 nrows_local=31919 ncols_global=63838 nnz_local=3536284 n_ghost=-1 compute_avg_ms=0.061303 compute_min_ms=0.059392 compute_max_ms=0.065536 compute_var_ms=0.000002917 compute_gflops=115.369787 eff_bw_gbs=467.727277 pct_peak_bw=50.1251 comm_avg_ms=0.082025 comm_min_ms=0.080869 comm_max_ms=0.084237 comm_var_ms=0.000000670 total_avg_ms=0.143328 total_min_ms=0.140653 total_max_ms=0.148892 total_var_ms=0.000005814 effective_gflops=49.345276
RESULT comm=checkerboard_nccl kernel=cusparse matrix=crankseg_2.mtx P=4 rank=2 nrows_local=31919 ncols_global=63838 nnz_local=3536284 n_ghost=-1 compute_avg_ms=0.060348 compute_min_ms=0.058368 compute_max_ms=0.065536 compute_var_ms=0.000002372 compute_gflops=117.196910 eff_bw_gbs=475.134720 pct_peak_bw=50.9189 comm_avg_ms=0.103360 comm_min_ms=0.095848 comm_max_ms=0.113148 comm_var_ms=0.000011533 total_avg_ms=0.163708 total_min_ms=0.155240 total_max_ms=0.174383 total_var_ms=0.000019860 effective_gflops=43.202344
RESULT comm=checkerboard_nccl kernel=cusparse matrix=crankseg_2.mtx P=4 rank=3 nrows_local=31919 ncols_global=63838 nnz_local=3539793 n_ghost=-1 compute_avg_ms=0.060757 compute_min_ms=0.058368 compute_max_ms=0.065536 compute_var_ms=0.000004288 compute_gflops=116.522327 eff_bw_gbs=472.393601 pct_peak_bw=50.6252 comm_avg_ms=0.091871 comm_min_ms=0.089013 comm_max_ms=0.095920 comm_var_ms=0.000002366 total_avg_ms=0.152628 total_min_ms=0.149207 total_max_ms=0.160432 total_var_ms=0.000011282 effective_gflops=46.384622
[ERROR CHECKING] OK!

--- P=4 rep=1/3 driver=spmv_2d_nccl_acc ---
Grid: P=4 -> P_r=2 x P_c=2
Loaded ../matrices/crankseg_2.mtx: 63838 x 63838, 14148858 nnz
[kernel] acc -> FLAT (nnz=3536284, avg_nnz=110.79, imbalance=15.47)
[kernel] acc -> FLAT (nnz=3536497, avg_nnz=110.80, imbalance=15.47)
[kernel] acc -> FLAT (nnz=3539793, avg_nnz=110.90, imbalance=15.41)
[kernel] acc -> FLAT (nnz=3536284, avg_nnz=110.79, imbalance=15.43)
RESULT comm=checkerboard_nccl kernel=acc matrix=crankseg_2.mtx P=4 rank=0 nrows_local=31919 ncols_global=63838 nnz_local=3536497 n_ghost=-1 compute_avg_ms=0.064853 compute_min_ms=0.060416 compute_max_ms=0.067584 compute_var_ms=0.000007084 compute_gflops=109.061380 eff_bw_gbs=442.364680 pct_peak_bw=47.4071 comm_avg_ms=0.097990 comm_min_ms=0.093275 comm_max_ms=0.107590 comm_var_ms=0.000007781 total_avg_ms=0.162843 total_min_ms=0.155077 total_max_ms=0.175174 total_var_ms=0.000020770 effective_gflops=43.434384
RESULT comm=checkerboard_nccl kernel=acc matrix=crankseg_2.mtx P=4 rank=1 nrows_local=31919 ncols_global=63838 nnz_local=3536284 n_ghost=-1 compute_avg_ms=0.064922 compute_min_ms=0.059392 compute_max_ms=0.067584 compute_var_ms=0.000007452 compute_gflops=108.940136 eff_bw_gbs=441.873272 pct_peak_bw=47.3544 comm_avg_ms=0.084905 comm_min_ms=0.083122 comm_max_ms=0.086849 comm_var_ms=0.000001022 total_avg_ms=0.149827 total_min_ms=0.143815 total_max_ms=0.154367 total_var_ms=0.000011016 effective_gflops=47.204886
RESULT comm=checkerboard_nccl kernel=acc matrix=crankseg_2.mtx P=4 rank=2 nrows_local=31919 ncols_global=63838 nnz_local=3536284 n_ghost=-1 compute_avg_ms=0.064307 compute_min_ms=0.059392 compute_max_ms=0.067584 compute_var_ms=0.000007508 compute_gflops=109.980966 eff_bw_gbs=446.094993 pct_peak_bw=47.8068 comm_avg_ms=0.108822 comm_min_ms=0.102718 comm_max_ms=0.119311 comm_var_ms=0.000008642 total_avg_ms=0.173130 total_min_ms=0.163134 total_max_ms=0.185871 total_var_ms=0.000023436 effective_gflops=40.851293
RESULT comm=checkerboard_nccl kernel=acc matrix=crankseg_2.mtx P=4 rank=3 nrows_local=31919 ncols_global=63838 nnz_local=3539793 n_ghost=-1 compute_avg_ms=0.064649 compute_min_ms=0.060416 compute_max_ms=0.067584 compute_var_ms=0.000005783 compute_gflops=109.508841 eff_bw_gbs=444.174097 pct_peak_bw=47.6010 comm_avg_ms=0.095391 comm_min_ms=0.091636 comm_max_ms=0.101186 comm_var_ms=0.000003663 total_avg_ms=0.160040 total_min_ms=0.152052 total_max_ms=0.163671 total_var_ms=0.000011482 effective_gflops=44.236418
[ERROR CHECKING] OK!

--- P=4 rep=2/3 driver=spmv_bcast ---
Loaded ../matrices/crankseg_2.mtx: 63838 x 63838, 14148858 nnz
RESULT comm=bcast kernel=cusparse matrix=crankseg_2.mtx P=4 rank=1 nrows_local=15960 ncols_global=63838 nnz_local=3538602 n_ghost=-1 compute_avg_ms=0.057856 compute_min_ms=0.057344 compute_max_ms=0.058368 compute_var_ms=0.000000262 compute_gflops=122.324459 eff_bw_gbs=495.918341 pct_peak_bw=53.1463 comm_avg_ms=0.092807 comm_min_ms=0.087549 comm_max_ms=0.114580 comm_var_ms=0.000022495 total_avg_ms=0.150663 total_min_ms=0.145917 total_max_ms=0.171924 total_var_ms=0.000021312 effective_gflops=46.973819
RESULT comm=bcast kernel=cusparse matrix=crankseg_2.mtx P=4 rank=0 nrows_local=15960 ncols_global=63838 nnz_local=3537237 n_ghost=-1 compute_avg_ms=0.057446 compute_min_ms=0.056320 compute_max_ms=0.058368 compute_var_ms=0.000000584 compute_gflops=123.149125 eff_bw_gbs=499.264211 pct_peak_bw=53.5048 comm_avg_ms=0.103264 comm_min_ms=0.097874 comm_max_ms=0.127509 comm_var_ms=0.000030415 total_avg_ms=0.160711 total_min_ms=0.154194 total_max_ms=0.183829 total_var_ms=0.000028388 effective_gflops=44.019886
RESULT comm=bcast kernel=cusparse matrix=crankseg_2.mtx P=4 rank=2 nrows_local=15959 ncols_global=63838 nnz_local=3535544 n_ghost=-1 compute_avg_ms=0.056969 compute_min_ms=0.055296 compute_max_ms=0.058368 compute_var_ms=0.000000593 compute_gflops=124.122696 eff_bw_gbs=503.214283 pct_peak_bw=53.9281 comm_avg_ms=0.096221 comm_min_ms=0.088943 comm_max_ms=0.123139 comm_var_ms=0.000043591 total_avg_ms=0.153189 total_min_ms=0.147311 total_max_ms=0.180483 total_var_ms=0.000043810 effective_gflops=46.159191
RESULT comm=bcast kernel=cusparse matrix=crankseg_2.mtx P=4 rank=3 nrows_local=15959 ncols_global=63838 nnz_local=3537475 n_ghost=-1 compute_avg_ms=0.057003 compute_min_ms=0.056320 compute_max_ms=0.058368 compute_var_ms=0.000000443 compute_gflops=124.116122 eff_bw_gbs=503.183962 pct_peak_bw=53.9249 comm_avg_ms=0.100193 comm_min_ms=0.095399 comm_max_ms=0.124144 comm_var_ms=0.000025412 total_avg_ms=0.157196 total_min_ms=0.151719 total_max_ms=0.180464 total_var_ms=0.000024886 effective_gflops=45.007274
[ERROR CHECKING] Mismatch at index 19612: CPU = -98.246094, GPU = -99.421875
[ERROR CHECKING] Total mismatches: 1

--- P=4 rep=2/3 driver=spmv_ghost_cusparse ---
Loaded ../matrices/crankseg_2.mtx: 63838 x 63838, 14148858 nnz
RESULT comm=ghost_mpi kernel=cusparse matrix=crankseg_2.mtx P=4 rank=0 nrows_local=15960 ncols_global=63838 nnz_local=3537237 n_ghost=47878 compute_avg_ms=0.059802 compute_min_ms=0.058368 compute_max_ms=0.062464 compute_var_ms=0.000000881 compute_gflops=118.299073 eff_bw_gbs=479.601404 pct_peak_bw=51.3976 comm_avg_ms=0.209808 comm_min_ms=0.155876 comm_max_ms=0.287935 comm_var_ms=0.001247146 total_avg_ms=0.269609 total_min_ms=0.215268 total_max_ms=0.347327 total_var_ms=0.001252171 effective_gflops=26.239741
RESULT comm=ghost_mpi kernel=cusparse matrix=crankseg_2.mtx P=4 rank=1 nrows_local=15960 ncols_global=63838 nnz_local=3538602 n_ghost=47878 compute_avg_ms=0.060416 compute_min_ms=0.059392 compute_max_ms=0.061440 compute_var_ms=0.000000350 compute_gflops=117.141219 eff_bw_gbs=474.904850 pct_peak_bw=50.8943 comm_avg_ms=0.238526 comm_min_ms=0.175343 comm_max_ms=0.324852 comm_var_ms=0.001662723 total_avg_ms=0.298942 total_min_ms=0.235759 total_max_ms=0.385268 total_var_ms=0.001670844 effective_gflops=23.674144
RESULT comm=ghost_mpi kernel=cusparse matrix=crankseg_2.mtx P=4 rank=2 nrows_local=15959 ncols_global=63838 nnz_local=3535544 n_ghost=47879 compute_avg_ms=0.059051 compute_min_ms=0.058368 compute_max_ms=0.060416 compute_var_ms=0.000000373 compute_gflops=119.746114 eff_bw_gbs=485.470884 pct_peak_bw=52.0266 comm_avg_ms=0.245830 comm_min_ms=0.175586 comm_max_ms=0.325502 comm_var_ms=0.001695316 total_avg_ms=0.304881 total_min_ms=0.234978 total_max_ms=0.384894 total_var_ms=0.001693465 effective_gflops=23.192959
RESULT comm=ghost_mpi kernel=cusparse matrix=crankseg_2.mtx P=4 rank=3 nrows_local=15959 ncols_global=63838 nnz_local=3537475 n_ghost=47879 compute_avg_ms=0.057958 compute_min_ms=0.057344 compute_max_ms=0.059392 compute_var_ms=0.000000322 compute_gflops=122.069448 eff_bw_gbs=494.886462 pct_peak_bw=53.0357 comm_avg_ms=0.246011 comm_min_ms=0.170433 comm_max_ms=0.324337 comm_var_ms=0.001698014 total_avg_ms=0.303970 total_min_ms=0.228801 total_max_ms=0.383729 total_var_ms=0.001700201 effective_gflops=23.275197
[ERROR CHECKING] Mismatch at index 19612: CPU = -98.246094, GPU = -99.421875
[ERROR CHECKING] Total mismatches: 1

--- P=4 rep=2/3 driver=spmv_ghost_acc ---
Loaded ../matrices/crankseg_2.mtx: 63838 x 63838, 14148858 nnz
[kernel] acc -> FLAT (nnz=3538602, avg_nnz=221.72, imbalance=11.02)
[kernel] acc -> FLAT (nnz=3535544, avg_nnz=221.54, imbalance=15.45)
[kernel] acc -> FLAT (nnz=3537475, avg_nnz=221.66, imbalance=15.44)
[kernel] acc -> FLAT (nnz=3537237, avg_nnz=221.63, imbalance=15.44)
RESULT comm=ghost_mpi kernel=acc matrix=crankseg_2.mtx P=4 rank=0 nrows_local=15960 ncols_global=63838 nnz_local=3537237 n_ghost=47878 compute_avg_ms=0.063795 compute_min_ms=0.062464 compute_max_ms=0.065536 compute_var_ms=0.000000430 compute_gflops=110.893517 eff_bw_gbs=449.794849 pct_peak_bw=48.2033 comm_avg_ms=0.213915 comm_min_ms=0.129368 comm_max_ms=0.336999 comm_var_ms=0.002564985 total_avg_ms=0.277711 total_min_ms=0.192856 total_max_ms=0.400487 total_var_ms=0.002554599 effective_gflops=25.474267
RESULT comm=ghost_mpi kernel=acc matrix=crankseg_2.mtx P=4 rank=1 nrows_local=15960 ncols_global=63838 nnz_local=3538602 n_ghost=47878 compute_avg_ms=0.065092 compute_min_ms=0.063488 compute_max_ms=0.089088 compute_var_ms=0.000020320 compute_gflops=108.725728 eff_bw_gbs=440.999795 pct_peak_bw=47.2608 comm_avg_ms=0.229010 comm_min_ms=0.133134 comm_max_ms=0.354727 comm_var_ms=0.002559743 total_avg_ms=0.294102 total_min_ms=0.197646 total_max_ms=0.418215 total_var_ms=0.002508834 effective_gflops=24.063744
RESULT comm=ghost_mpi kernel=acc matrix=crankseg_2.mtx P=4 rank=2 nrows_local=15959 ncols_global=63838 nnz_local=3535544 n_ghost=47879 compute_avg_ms=0.063420 compute_min_ms=0.062464 compute_max_ms=0.066560 compute_var_ms=0.000000694 compute_gflops=111.496655 eff_bw_gbs=452.243977 pct_peak_bw=48.4658 comm_avg_ms=0.234391 comm_min_ms=0.138346 comm_max_ms=0.356196 comm_var_ms=0.002863255 total_avg_ms=0.297810 total_min_ms=0.202257 total_max_ms=0.418660 total_var_ms=0.002847321 effective_gflops=23.743595
RESULT comm=ghost_mpi kernel=acc matrix=crankseg_2.mtx P=4 rank=3 nrows_local=15959 ncols_global=63838 nnz_local=3537475 n_ghost=47879 compute_avg_ms=0.062976 compute_min_ms=0.062464 compute_max_ms=0.064512 compute_var_ms=0.000000402 compute_gflops=112.343593 eff_bw_gbs=455.675948 pct_peak_bw=48.8336 comm_avg_ms=0.234808 comm_min_ms=0.138929 comm_max_ms=0.355364 comm_var_ms=0.002765825 total_avg_ms=0.297784 total_min_ms=0.201393 total_max_ms=0.417828 total_var_ms=0.002775766 effective_gflops=23.758685
[ERROR CHECKING] OK!

--- P=4 rep=2/3 driver=spmv_ghost_nccl_cusparse ---
Loaded ../matrices/crankseg_2.mtx: 63838 x 63838, 14148858 nnz
RESULT comm=ghost_nccl kernel=cusparse matrix=crankseg_2.mtx P=4 rank=1 nrows_local=15960 ncols_global=63838 nnz_local=3538602 n_ghost=47878 compute_avg_ms=0.060655 compute_min_ms=0.059392 compute_max_ms=0.061440 compute_var_ms=0.000000327 compute_gflops=116.679774 eff_bw_gbs=473.034097 pct_peak_bw=50.6938 comm_avg_ms=0.084752 comm_min_ms=0.080669 comm_max_ms=0.091188 comm_var_ms=0.000005929 total_avg_ms=0.145407 total_min_ms=0.140702 total_max_ms=0.151604 total_var_ms=0.000006120 effective_gflops=48.671609
RESULT comm=ghost_nccl kernel=cusparse matrix=crankseg_2.mtx P=4 rank=2 nrows_local=15959 ncols_global=63838 nnz_local=3535544 n_ghost=47879 compute_avg_ms=0.059733 compute_min_ms=0.059392 compute_max_ms=0.061440 compute_var_ms=0.000000303 compute_gflops=118.377586 eff_bw_gbs=479.922644 pct_peak_bw=51.4320 comm_avg_ms=0.100957 comm_min_ms=0.096775 comm_max_ms=0.106058 comm_var_ms=0.000005434 total_avg_ms=0.160690 total_min_ms=0.156167 total_max_ms=0.166474 total_var_ms=0.000005760 effective_gflops=44.004421
RESULT comm=ghost_nccl kernel=cusparse matrix=crankseg_2.mtx P=4 rank=3 nrows_local=15959 ncols_global=63838 nnz_local=3537475 n_ghost=47879 compute_avg_ms=0.058812 compute_min_ms=0.057344 compute_max_ms=0.060416 compute_var_ms=0.000000537 compute_gflops=120.298271 eff_bw_gbs=487.705867 pct_peak_bw=52.2661 comm_avg_ms=0.101996 comm_min_ms=0.098190 comm_max_ms=0.105906 comm_var_ms=0.000004596 total_avg_ms=0.160808 total_min_ms=0.156630 total_max_ms=0.164897 total_var_ms=0.000005315 effective_gflops=43.996265
RESULT comm=ghost_nccl kernel=cusparse matrix=crankseg_2.mtx P=4 rank=0 nrows_local=15960 ncols_global=63838 nnz_local=3537237 n_ghost=47878 compute_avg_ms=0.059938 compute_min_ms=0.059392 compute_max_ms=0.061440 compute_var_ms=0.000000401 compute_gflops=118.029599 eff_bw_gbs=478.508918 pct_peak_bw=51.2805 comm_avg_ms=0.086082 comm_min_ms=0.082718 comm_max_ms=0.091238 comm_var_ms=0.000004094 total_avg_ms=0.146020 total_min_ms=0.142862 total_max_ms=0.151654 total_var_ms=0.000004224 effective_gflops=48.448653
[ERROR CHECKING] Mismatch at index 19612: CPU = -98.246094, GPU = -99.421875
[ERROR CHECKING] Total mismatches: 1

--- P=4 rep=2/3 driver=spmv_ghost_nccl_acc ---
Loaded ../matrices/crankseg_2.mtx: 63838 x 63838, 14148858 nnz
[kernel] acc -> FLAT (nnz=3538602, avg_nnz=221.72, imbalance=11.02)
[kernel] acc -> FLAT (nnz=3535544, avg_nnz=221.54, imbalance=15.45)
[kernel] acc -> FLAT (nnz=3537475, avg_nnz=221.66, imbalance=15.44)
[kernel] acc -> FLAT (nnz=3537237, avg_nnz=221.63, imbalance=15.44)
RESULT comm=ghost_nccl kernel=acc matrix=crankseg_2.mtx P=4 rank=1 nrows_local=15960 ncols_global=63838 nnz_local=3538602 n_ghost=47878 compute_avg_ms=0.066628 compute_min_ms=0.064512 compute_max_ms=0.068608 compute_var_ms=0.000001883 compute_gflops=106.219242 eff_bw_gbs=430.833299 pct_peak_bw=46.1713 comm_avg_ms=0.089862 comm_min_ms=0.083689 comm_max_ms=0.135381 comm_var_ms=0.000074655 total_avg_ms=0.156490 total_min_ms=0.148201 total_max_ms=0.202965 total_var_ms=0.000082536 effective_gflops=45.224621
RESULT comm=ghost_nccl kernel=acc matrix=crankseg_2.mtx P=4 rank=2 nrows_local=15959 ncols_global=63838 nnz_local=3535544 n_ghost=47879 compute_avg_ms=0.065297 compute_min_ms=0.062464 compute_max_ms=0.067584 compute_var_ms=0.000002704 compute_gflops=108.291052 eff_bw_gbs=439.241662 pct_peak_bw=47.0724 comm_avg_ms=0.105322 comm_min_ms=0.097501 comm_max_ms=0.110535 comm_var_ms=0.000006840 total_avg_ms=0.170619 total_min_ms=0.164855 total_max_ms=0.176071 total_var_ms=0.000010226 effective_gflops=41.443780
RESULT comm=ghost_nccl kernel=acc matrix=crankseg_2.mtx P=4 rank=0 nrows_local=15960 ncols_global=63838 nnz_local=3537237 n_ghost=47878 compute_avg_ms=0.065775 compute_min_ms=0.063488 compute_max_ms=0.067584 compute_var_ms=0.000002494 compute_gflops=107.555776 eff_bw_gbs=436.256649 pct_peak_bw=46.7525 comm_avg_ms=0.090300 comm_min_ms=0.086476 comm_max_ms=0.097844 comm_var_ms=0.000005349 total_avg_ms=0.156075 total_min_ms=0.149964 total_max_ms=0.165428 total_var_ms=0.000011838 effective_gflops=45.327420
RESULT comm=ghost_nccl kernel=acc matrix=crankseg_2.mtx P=4 rank=3 nrows_local=15959 ncols_global=63838 nnz_local=3537475 n_ghost=47879 compute_avg_ms=0.065570 compute_min_ms=0.063488 compute_max_ms=0.067584 compute_var_ms=0.000001991 compute_gflops=107.898973 eff_bw_gbs=437.648158 pct_peak_bw=46.9016 comm_avg_ms=0.106832 comm_min_ms=0.100639 comm_max_ms=0.151601 comm_var_ms=0.000073848 total_avg_ms=0.172403 total_min_ms=0.165151 total_max_ms=0.217137 total_var_ms=0.000076225 effective_gflops=41.037390
[ERROR CHECKING] OK!

--- P=4 rep=2/3 driver=spmv_2d_cusparse ---
Grid: P=4 -> P_r=2 x P_c=2
Loaded ../matrices/crankseg_2.mtx: 63838 x 63838, 14148858 nnz
RESULT comm=checkerboard_mpi kernel=cusparse matrix=crankseg_2.mtx P=4 rank=0 nrows_local=31919 ncols_global=63838 nnz_local=3536497 n_ghost=-1 compute_avg_ms=0.059494 compute_min_ms=0.058368 compute_max_ms=0.067584 compute_var_ms=0.000002751 compute_gflops=118.885035 eff_bw_gbs=481.978259 pct_peak_bw=51.6523 comm_avg_ms=0.208080 comm_min_ms=0.171567 comm_max_ms=0.217537 comm_var_ms=0.000055404 total_avg_ms=0.267575 total_min_ms=0.231983 total_max_ms=0.277792 total_var_ms=0.000055125 effective_gflops=26.433730
RESULT comm=checkerboard_mpi kernel=cusparse matrix=crankseg_2.mtx P=4 rank=1 nrows_local=31919 ncols_global=63838 nnz_local=3536284 n_ghost=-1 compute_avg_ms=0.059051 compute_min_ms=0.058368 compute_max_ms=0.061440 compute_var_ms=0.000000443 compute_gflops=119.771177 eff_bw_gbs=485.571205 pct_peak_bw=52.0374 comm_avg_ms=0.166875 comm_min_ms=0.137521 comm_max_ms=0.180374 comm_var_ms=0.000048053 total_avg_ms=0.225926 total_min_ms=0.196913 total_max_ms=0.239736 total_var_ms=0.000046826 effective_gflops=31.304863
RESULT comm=checkerboard_mpi kernel=cusparse matrix=crankseg_2.mtx P=4 rank=2 nrows_local=31919 ncols_global=63838 nnz_local=3536284 n_ghost=-1 compute_avg_ms=0.059119 compute_min_ms=0.057344 compute_max_ms=0.062464 compute_var_ms=0.000001044 compute_gflops=119.632873 eff_bw_gbs=485.010500 pct_peak_bw=51.9773 comm_avg_ms=0.207537 comm_min_ms=0.190769 comm_max_ms=0.214708 comm_var_ms=0.000018846 total_avg_ms=0.266656 total_min_ms=0.249137 total_max_ms=0.273686 total_var_ms=0.000021610 effective_gflops=26.523224
RESULT comm=checkerboard_mpi kernel=cusparse matrix=crankseg_2.mtx P=4 rank=3 nrows_local=31919 ncols_global=63838 nnz_local=3539793 n_ghost=-1 compute_avg_ms=0.058641 compute_min_ms=0.058368 compute_max_ms=0.059392 compute_var_ms=0.000000205 compute_gflops=120.727440 eff_bw_gbs=489.441564 pct_peak_bw=52.4522 comm_avg_ms=0.165791 comm_min_ms=0.158593 comm_max_ms=0.217805 comm_var_ms=0.000103148 total_avg_ms=0.224433 total_min_ms=0.216961 total_max_ms=0.276173 total_var_ms=0.000103198 effective_gflops=31.544388
[ERROR CHECKING] OK!

--- P=4 rep=2/3 driver=spmv_2d_acc ---
Grid: P=4 -> P_r=2 x P_c=2
Loaded ../matrices/crankseg_2.mtx: 63838 x 63838, 14148858 nnz
[kernel] acc -> FLAT (nnz=3536284, avg_nnz=110.79, imbalance=15.47)
[kernel] acc -> FLAT (nnz=3536497, avg_nnz=110.80, imbalance=15.47)
[kernel] acc -> FLAT (nnz=3539793, avg_nnz=110.90, imbalance=15.41)
[kernel] acc -> FLAT (nnz=3536284, avg_nnz=110.79, imbalance=15.43)
RESULT comm=checkerboard_mpi kernel=acc matrix=crankseg_2.mtx P=4 rank=2 nrows_local=31919 ncols_global=63838 nnz_local=3536284 n_ghost=-1 compute_avg_ms=0.059221 compute_min_ms=0.057344 compute_max_ms=0.060416 compute_var_ms=0.000000565 compute_gflops=119.426015 eff_bw_gbs=484.405158 pct_peak_bw=51.9124 comm_avg_ms=0.204106 comm_min_ms=0.198394 comm_max_ms=0.210309 comm_var_ms=0.000011014 total_avg_ms=0.263327 total_min_ms=0.256762 total_max_ms=0.269701 total_var_ms=0.000012707 effective_gflops=26.858468
RESULT comm=checkerboard_mpi kernel=acc matrix=crankseg_2.mtx P=4 rank=0 nrows_local=31919 ncols_global=63838 nnz_local=3536497 n_ghost=-1 compute_avg_ms=0.059904 compute_min_ms=0.058368 compute_max_ms=0.062464 compute_var_ms=0.000000751 compute_gflops=118.072146 eff_bw_gbs=478.913318 pct_peak_bw=51.3239 comm_avg_ms=0.206452 comm_min_ms=0.200041 comm_max_ms=0.214705 comm_var_ms=0.000013547 total_avg_ms=0.266356 total_min_ms=0.260768 total_max_ms=0.275121 total_var_ms=0.000011025 effective_gflops=26.554690
RESULT comm=checkerboard_mpi kernel=acc matrix=crankseg_2.mtx P=4 rank=1 nrows_local=31919 ncols_global=63838 nnz_local=3536284 n_ghost=-1 compute_avg_ms=0.059187 compute_min_ms=0.057344 compute_max_ms=0.060416 compute_var_ms=0.000000587 compute_gflops=119.494888 eff_bw_gbs=484.684515 pct_peak_bw=51.9424 comm_avg_ms=0.168691 comm_min_ms=0.165565 comm_max_ms=0.174522 comm_var_ms=0.000004602 total_avg_ms=0.227878 total_min_ms=0.224377 total_max_ms=0.233914 total_var_ms=0.000005063 effective_gflops=31.036642
RESULT comm=checkerboard_mpi kernel=acc matrix=crankseg_2.mtx P=4 rank=3 nrows_local=31919 ncols_global=63838 nnz_local=3539793 n_ghost=-1 compute_avg_ms=0.058812 compute_min_ms=0.057344 compute_max_ms=0.060416 compute_var_ms=0.000000817 compute_gflops=120.377099 eff_bw_gbs=488.256369 pct_peak_bw=52.3251 comm_avg_ms=0.155753 comm_min_ms=0.146184 comm_max_ms=0.165305 comm_var_ms=0.000028536 total_avg_ms=0.214565 total_min_ms=0.205576 total_max_ms=0.223980 total_var_ms=0.000026497 effective_gflops=32.995039
[ERROR CHECKING] OK!

--- P=4 rep=2/3 driver=spmv_2d_nccl_cusparse ---
Grid: P=4 -> P_r=2 x P_c=2
Loaded ../matrices/crankseg_2.mtx: 63838 x 63838, 14148858 nnz
RESULT comm=checkerboard_nccl kernel=cusparse matrix=crankseg_2.mtx P=4 rank=0 nrows_local=31919 ncols_global=63838 nnz_local=3536497 n_ghost=-1 compute_avg_ms=0.060587 compute_min_ms=0.059392 compute_max_ms=0.064512 compute_var_ms=0.000002732 compute_gflops=116.741756 eff_bw_gbs=473.289076 pct_peak_bw=50.7211 comm_avg_ms=0.095032 comm_min_ms=0.090617 comm_max_ms=0.111811 comm_var_ms=0.000013103 total_avg_ms=0.155619 total_min_ms=0.151033 total_max_ms=0.171203 total_var_ms=0.000015729 effective_gflops=45.450826
RESULT comm=checkerboard_nccl kernel=cusparse matrix=crankseg_2.mtx P=4 rank=1 nrows_local=31919 ncols_global=63838 nnz_local=3536284 n_ghost=-1 compute_avg_ms=0.061201 compute_min_ms=0.059392 compute_max_ms=0.065536 compute_var_ms=0.000003124 compute_gflops=115.562821 eff_bw_gbs=468.509867 pct_peak_bw=50.2090 comm_avg_ms=0.082609 comm_min_ms=0.079942 comm_max_ms=0.088108 comm_var_ms=0.000001677 total_avg_ms=0.143810 total_min_ms=0.140358 total_max_ms=0.152620 total_var_ms=0.000006931 effective_gflops=49.179809
RESULT comm=checkerboard_nccl kernel=cusparse matrix=crankseg_2.mtx P=4 rank=2 nrows_local=31919 ncols_global=63838 nnz_local=3536284 n_ghost=-1 compute_avg_ms=0.060109 compute_min_ms=0.058368 compute_max_ms=0.064512 compute_var_ms=0.000001618 compute_gflops=117.662769 eff_bw_gbs=477.023387 pct_peak_bw=51.1213 comm_avg_ms=0.105599 comm_min_ms=0.096899 comm_max_ms=0.121190 comm_var_ms=0.000016927 total_avg_ms=0.165708 total_min_ms=0.156291 total_max_ms=0.180582 total_var_ms=0.000021062 effective_gflops=42.680925
RESULT comm=checkerboard_nccl kernel=cusparse matrix=crankseg_2.mtx P=4 rank=3 nrows_local=31919 ncols_global=63838 nnz_local=3539793 n_ghost=-1 compute_avg_ms=0.060723 compute_min_ms=0.059392 compute_max_ms=0.065536 compute_var_ms=0.000004554 compute_gflops=116.587826 eff_bw_gbs=472.659139 pct_peak_bw=50.6536 comm_avg_ms=0.092689 comm_min_ms=0.088104 comm_max_ms=0.096035 comm_var_ms=0.000002232 total_avg_ms=0.153412 total_min_ms=0.147496 total_max_ms=0.160744 total_var_ms=0.000011012 effective_gflops=46.147597
[ERROR CHECKING] OK!

--- P=4 rep=2/3 driver=spmv_2d_nccl_acc ---
Grid: P=4 -> P_r=2 x P_c=2
Loaded ../matrices/crankseg_2.mtx: 63838 x 63838, 14148858 nnz
[kernel] acc -> FLAT (nnz=3536284, avg_nnz=110.79, imbalance=15.47)
[kernel] acc -> FLAT (nnz=3536497, avg_nnz=110.80, imbalance=15.47)
[kernel] acc -> FLAT (nnz=3539793, avg_nnz=110.90, imbalance=15.41)
[kernel] acc -> FLAT (nnz=3536284, avg_nnz=110.79, imbalance=15.43)
RESULT comm=checkerboard_nccl kernel=acc matrix=crankseg_2.mtx P=4 rank=0 nrows_local=31919 ncols_global=63838 nnz_local=3536497 n_ghost=-1 compute_avg_ms=0.064649 compute_min_ms=0.060416 compute_max_ms=0.067584 compute_var_ms=0.000006832 compute_gflops=109.406875 eff_bw_gbs=443.766046 pct_peak_bw=47.5572 comm_avg_ms=0.098888 comm_min_ms=0.094793 comm_max_ms=0.114427 comm_var_ms=0.000011847 total_avg_ms=0.163536 total_min_ms=0.156233 total_max_ms=0.182011 total_var_ms=0.000025213 effective_gflops=43.250282
RESULT comm=checkerboard_nccl kernel=acc matrix=crankseg_2.mtx P=4 rank=1 nrows_local=31919 ncols_global=63838 nnz_local=3536284 n_ghost=-1 compute_avg_ms=0.064887 compute_min_ms=0.060416 compute_max_ms=0.067584 compute_var_ms=0.000005347 compute_gflops=108.997444 eff_bw_gbs=442.105717 pct_peak_bw=47.3793 comm_avg_ms=0.085014 comm_min_ms=0.083423 comm_max_ms=0.088498 comm_var_ms=0.000001115 total_avg_ms=0.149901 total_min_ms=0.144863 total_max_ms=0.155058 total_var_ms=0.000008902 effective_gflops=47.181551
RESULT comm=checkerboard_nccl kernel=acc matrix=crankseg_2.mtx P=4 rank=2 nrows_local=31919 ncols_global=63838 nnz_local=3536284 n_ghost=-1 compute_avg_ms=0.064205 compute_min_ms=0.060416 compute_max_ms=0.068608 compute_var_ms=0.000007211 compute_gflops=110.156374 eff_bw_gbs=446.806468 pct_peak_bw=47.8831 comm_avg_ms=0.108922 comm_min_ms=0.095049 comm_max_ms=0.125146 comm_var_ms=0.000029540 total_avg_ms=0.173127 total_min_ms=0.155465 total_max_ms=0.193754 total_var_ms=0.000047743 effective_gflops=40.851836
RESULT comm=checkerboard_nccl kernel=acc matrix=crankseg_2.mtx P=4 rank=3 nrows_local=31919 ncols_global=63838 nnz_local=3539793 n_ghost=-1 compute_avg_ms=0.064478 compute_min_ms=0.059392 compute_max_ms=0.067584 compute_var_ms=0.000006954 compute_gflops=109.798701 eff_bw_gbs=445.349783 pct_peak_bw=47.7270 comm_avg_ms=0.096011 comm_min_ms=0.092510 comm_max_ms=0.099551 comm_var_ms=0.000002770 total_avg_ms=0.160489 total_min_ms=0.153012 total_max_ms=0.166111 total_var_ms=0.000014568 effective_gflops=44.112648
[ERROR CHECKING] OK!

--- P=4 rep=3/3 driver=spmv_bcast ---
Loaded ../matrices/crankseg_2.mtx: 63838 x 63838, 14148858 nnz
RESULT comm=bcast kernel=cusparse matrix=crankseg_2.mtx P=4 rank=1 nrows_local=15960 ncols_global=63838 nnz_local=3538602 n_ghost=-1 compute_avg_ms=0.057685 compute_min_ms=0.056320 compute_max_ms=0.058368 compute_var_ms=0.000000373 compute_gflops=122.686366 eff_bw_gbs=497.385555 pct_peak_bw=53.3035 comm_avg_ms=0.092201 comm_min_ms=0.083434 comm_max_ms=0.104560 comm_var_ms=0.000015601 total_avg_ms=0.149887 total_min_ms=0.141802 total_max_ms=0.162928 total_var_ms=0.000015592 effective_gflops=47.217045
RESULT comm=bcast kernel=cusparse matrix=crankseg_2.mtx P=4 rank=2 nrows_local=15959 ncols_global=63838 nnz_local=3535544 n_ghost=-1 compute_avg_ms=0.057310 compute_min_ms=0.056320 compute_max_ms=0.059392 compute_var_ms=0.000000383 compute_gflops=123.383430 eff_bw_gbs=500.217175 pct_peak_bw=53.6070 comm_avg_ms=0.094681 comm_min_ms=0.086360 comm_max_ms=0.108111 comm_var_ms=0.000019831 total_avg_ms=0.151991 total_min_ms=0.143704 total_max_ms=0.165455 total_var_ms=0.000020601 effective_gflops=46.523111
RESULT comm=bcast kernel=cusparse matrix=crankseg_2.mtx P=4 rank=0 nrows_local=15960 ncols_global=63838 nnz_local=3537237 n_ghost=-1 compute_avg_ms=0.057856 compute_min_ms=0.057344 compute_max_ms=0.059392 compute_var_ms=0.000000332 compute_gflops=122.277273 eff_bw_gbs=495.729596 pct_peak_bw=53.1260 comm_avg_ms=0.101487 comm_min_ms=0.096743 comm_max_ms=0.113525 comm_var_ms=0.000011363 total_avg_ms=0.159344 total_min_ms=0.154087 total_max_ms=0.170869 total_var_ms=0.000011396 effective_gflops=44.397631
RESULT comm=bcast kernel=cusparse matrix=crankseg_2.mtx P=4 rank=3 nrows_local=15959 ncols_global=63838 nnz_local=3537475 n_ghost=-1 compute_avg_ms=0.056969 compute_min_ms=0.055296 compute_max_ms=0.058368 compute_var_ms=0.000000523 compute_gflops=124.190487 eff_bw_gbs=503.485450 pct_peak_bw=53.9572 comm_avg_ms=0.099405 comm_min_ms=0.096788 comm_max_ms=0.112030 comm_var_ms=0.000011322 total_avg_ms=0.156373 total_min_ms=0.152258 total_max_ms=0.170398 total_var_ms=0.000012626 effective_gflops=45.243958
[ERROR CHECKING] Mismatch at index 19612: CPU = -98.246094, GPU = -99.421875
[ERROR CHECKING] Total mismatches: 1

--- P=4 rep=3/3 driver=spmv_ghost_cusparse ---
Loaded ../matrices/crankseg_2.mtx: 63838 x 63838, 14148858 nnz
RESULT comm=ghost_mpi kernel=cusparse matrix=crankseg_2.mtx P=4 rank=1 nrows_local=15960 ncols_global=63838 nnz_local=3538602 n_ghost=47878 compute_avg_ms=0.060484 compute_min_ms=0.059392 compute_max_ms=0.061440 compute_var_ms=0.000000415 compute_gflops=117.009005 eff_bw_gbs=474.368842 pct_peak_bw=50.8369 comm_avg_ms=0.220011 comm_min_ms=0.082468 comm_max_ms=0.316642 comm_var_ms=0.002403219 total_avg_ms=0.280495 total_min_ms=0.141860 total_max_ms=0.377058 total_var_ms=0.002421399 effective_gflops=25.231102
RESULT comm=ghost_mpi kernel=cusparse matrix=crankseg_2.mtx P=4 rank=0 nrows_local=15960 ncols_global=63838 nnz_local=3537237 n_ghost=47878 compute_avg_ms=0.060757 compute_min_ms=0.058368 compute_max_ms=0.083968 compute_var_ms=0.000019037 compute_gflops=116.438189 eff_bw_gbs=472.057112 pct_peak_bw=50.5891 comm_avg_ms=0.199395 comm_min_ms=0.062061 comm_max_ms=0.299508 comm_var_ms=0.002027101 total_avg_ms=0.260152 total_min_ms=0.121453 total_max_ms=0.359924 total_var_ms=0.002141411 effective_gflops=27.193600
RESULT comm=ghost_mpi kernel=cusparse matrix=crankseg_2.mtx P=4 rank=2 nrows_local=15959 ncols_global=63838 nnz_local=3535544 n_ghost=47879 compute_avg_ms=0.059324 compute_min_ms=0.058368 compute_max_ms=0.061440 compute_var_ms=0.000000555 compute_gflops=119.194923 eff_bw_gbs=483.236266 pct_peak_bw=51.7872 comm_avg_ms=0.225689 comm_min_ms=0.081165 comm_max_ms=0.317644 comm_var_ms=0.002789408 total_avg_ms=0.285013 total_min_ms=0.140557 total_max_ms=0.377036 total_var_ms=0.002783120 effective_gflops=24.809712
RESULT comm=ghost_mpi kernel=cusparse matrix=crankseg_2.mtx P=4 rank=3 nrows_local=15959 ncols_global=63838 nnz_local=3537475 n_ghost=47879 compute_avg_ms=0.057890 compute_min_ms=0.057344 compute_max_ms=0.059392 compute_var_ms=0.000000331 compute_gflops=122.213398 eff_bw_gbs=495.470055 pct_peak_bw=53.0982 comm_avg_ms=0.225502 comm_min_ms=0.075683 comm_max_ms=0.316216 comm_var_ms=0.002751676 total_avg_ms=0.283392 total_min_ms=0.134051 total_max_ms=0.374584 total_var_ms=0.002742456 effective_gflops=24.965225
[ERROR CHECKING] Mismatch at index 19612: CPU = -98.246094, GPU = -99.421875
[ERROR CHECKING] Total mismatches: 1

--- P=4 rep=3/3 driver=spmv_ghost_acc ---
Loaded ../matrices/crankseg_2.mtx: 63838 x 63838, 14148858 nnz
[kernel] acc -> FLAT (nnz=3535544, avg_nnz=221.54, imbalance=15.45)
[kernel] acc -> FLAT (nnz=3537237, avg_nnz=221.63, imbalance=15.44)
[kernel] acc -> FLAT (nnz=3538602, avg_nnz=221.72, imbalance=11.02)
[kernel] acc -> FLAT (nnz=3537475, avg_nnz=221.66, imbalance=15.44)
RESULT comm=ghost_mpi kernel=acc matrix=crankseg_2.mtx P=4 rank=0 nrows_local=15960 ncols_global=63838 nnz_local=3537237 n_ghost=47878 compute_avg_ms=0.064034 compute_min_ms=0.062464 compute_max_ms=0.065536 compute_var_ms=0.000000541 compute_gflops=110.479735 eff_bw_gbs=448.116509 pct_peak_bw=48.0235 comm_avg_ms=0.202582 comm_min_ms=0.099699 comm_max_ms=0.301328 comm_var_ms=0.002120309 total_avg_ms=0.266616 total_min_ms=0.163187 total_max_ms=0.364816 total_var_ms=0.002115117 effective_gflops=26.534339
RESULT comm=ghost_mpi kernel=acc matrix=crankseg_2.mtx P=4 rank=2 nrows_local=15959 ncols_global=63838 nnz_local=3535544 n_ghost=47879 compute_avg_ms=0.063556 compute_min_ms=0.062464 compute_max_ms=0.065536 compute_var_ms=0.000000555 compute_gflops=111.257134 eff_bw_gbs=451.272453 pct_peak_bw=48.3617 comm_avg_ms=0.230106 comm_min_ms=0.106423 comm_max_ms=0.330441 comm_var_ms=0.003357837 total_avg_ms=0.293662 total_min_ms=0.169911 total_max_ms=0.393929 total_var_ms=0.003374731 effective_gflops=24.079022
RESULT comm=ghost_mpi kernel=acc matrix=crankseg_2.mtx P=4 rank=1 nrows_local=15960 ncols_global=63838 nnz_local=3538602 n_ghost=47878 compute_avg_ms=0.064649 compute_min_ms=0.062464 compute_max_ms=0.066560 compute_var_ms=0.000000750 compute_gflops=109.471997 eff_bw_gbs=444.026720 pct_peak_bw=47.5852 comm_avg_ms=0.224469 comm_min_ms=0.107365 comm_max_ms=0.331191 comm_var_ms=0.002924121 total_avg_ms=0.289118 total_min_ms=0.171877 total_max_ms=0.394679 total_var_ms=0.002917919 effective_gflops=24.478603
RESULT comm=ghost_mpi kernel=acc matrix=crankseg_2.mtx P=4 rank=3 nrows_local=15959 ncols_global=63838 nnz_local=3537475 n_ghost=47879 compute_avg_ms=0.063078 compute_min_ms=0.062464 compute_max_ms=0.064512 compute_var_ms=0.000000322 compute_gflops=112.161217 eff_bw_gbs=454.936214 pct_peak_bw=48.7543 comm_avg_ms=0.231510 comm_min_ms=0.107325 comm_max_ms=0.330455 comm_var_ms=0.003166827 total_avg_ms=0.294588 total_min_ms=0.169789 total_max_ms=0.392919 total_var_ms=0.003149665 effective_gflops=24.016415
[ERROR CHECKING] OK!

--- P=4 rep=3/3 driver=spmv_ghost_nccl_cusparse ---
Loaded ../matrices/crankseg_2.mtx: 63838 x 63838, 14148858 nnz
RESULT comm=ghost_nccl kernel=cusparse matrix=crankseg_2.mtx P=4 rank=1 nrows_local=15960 ncols_global=63838 nnz_local=3538602 n_ghost=47878 compute_avg_ms=0.060962 compute_min_ms=0.060416 compute_max_ms=0.062464 compute_var_ms=0.000000401 compute_gflops=116.091803 eff_bw_gbs=470.650391 pct_peak_bw=50.4384 comm_avg_ms=0.093706 comm_min_ms=0.088243 comm_max_ms=0.117722 comm_var_ms=0.000027941 total_avg_ms=0.154668 total_min_ms=0.148659 total_max_ms=0.179162 total_var_ms=0.000030127 effective_gflops=45.757380
RESULT comm=ghost_nccl kernel=cusparse matrix=crankseg_2.mtx P=4 rank=2 nrows_local=15959 ncols_global=63838 nnz_local=3535544 n_ghost=47879 compute_avg_ms=0.059972 compute_min_ms=0.059392 compute_max_ms=0.061440 compute_var_ms=0.000000327 compute_gflops=117.905962 eff_bw_gbs=478.010601 pct_peak_bw=51.2271 comm_avg_ms=0.104113 comm_min_ms=0.101604 comm_max_ms=0.112282 comm_var_ms=0.000005766 total_avg_ms=0.164085 total_min_ms=0.161034 total_max_ms=0.171674 total_var_ms=0.000005624 effective_gflops=43.094090
RESULT comm=ghost_nccl kernel=cusparse matrix=crankseg_2.mtx P=4 rank=3 nrows_local=15959 ncols_global=63838 nnz_local=3537475 n_ghost=47879 compute_avg_ms=0.058607 compute_min_ms=0.057344 compute_max_ms=0.060416 compute_var_ms=0.000000397 compute_gflops=120.718650 eff_bw_gbs=489.410139 pct_peak_bw=52.4488 comm_avg_ms=0.110320 comm_min_ms=0.104553 comm_max_ms=0.115566 comm_var_ms=0.000007674 total_avg_ms=0.168927 total_min_ms=0.162921 total_max_ms=0.175982 total_var_ms=0.000009061 effective_gflops=41.881733
RESULT comm=ghost_nccl kernel=cusparse matrix=crankseg_2.mtx P=4 rank=0 nrows_local=15960 ncols_global=63838 nnz_local=3537237 n_ghost=47878 compute_avg_ms=0.060348 compute_min_ms=0.059392 compute_max_ms=0.061440 compute_var_ms=0.000000415 compute_gflops=117.228493 eff_bw_gbs=475.261122 pct_peak_bw=50.9325 comm_avg_ms=0.087754 comm_min_ms=0.083379 comm_max_ms=0.111718 comm_var_ms=0.000026855 total_avg_ms=0.148102 total_min_ms=0.143595 total_max_ms=0.172134 total_var_ms=0.000027040 effective_gflops=47.767514
[ERROR CHECKING] Mismatch at index 19612: CPU = -98.246094, GPU = -99.421875
[ERROR CHECKING] Total mismatches: 1

--- P=4 rep=3/3 driver=spmv_ghost_nccl_acc ---
Loaded ../matrices/crankseg_2.mtx: 63838 x 63838, 14148858 nnz
[kernel] acc -> FLAT (nnz=3538602, avg_nnz=221.72, imbalance=11.02)
[kernel] acc -> FLAT (nnz=3535544, avg_nnz=221.54, imbalance=15.45)
[kernel] acc -> FLAT (nnz=3537475, avg_nnz=221.66, imbalance=15.44)
[kernel] acc -> FLAT (nnz=3537237, avg_nnz=221.63, imbalance=15.44)
RESULT comm=ghost_nccl kernel=acc matrix=crankseg_2.mtx P=4 rank=1 nrows_local=15960 ncols_global=63838 nnz_local=3538602 n_ghost=47878 compute_avg_ms=0.066423 compute_min_ms=0.063488 compute_max_ms=0.069632 compute_var_ms=0.000002358 compute_gflops=106.546742 eff_bw_gbs=432.161665 pct_peak_bw=46.3136 comm_avg_ms=0.093801 comm_min_ms=0.089845 comm_max_ms=0.103407 comm_var_ms=0.000008157 total_avg_ms=0.160224 total_min_ms=0.154357 total_max_ms=0.170991 total_var_ms=0.000012192 effective_gflops=44.170686
RESULT comm=ghost_nccl kernel=acc matrix=crankseg_2.mtx P=4 rank=2 nrows_local=15959 ncols_global=63838 nnz_local=3535544 n_ghost=47879 compute_avg_ms=0.065229 compute_min_ms=0.062464 compute_max_ms=0.067584 compute_var_ms=0.000002247 compute_gflops=108.404386 eff_bw_gbs=439.701361 pct_peak_bw=47.1216 comm_avg_ms=0.107570 comm_min_ms=0.102089 comm_max_ms=0.127705 comm_var_ms=0.000018839 total_avg_ms=0.172799 total_min_ms=0.167194 total_max_ms=0.194265 total_var_ms=0.000022883 effective_gflops=40.920893
RESULT comm=ghost_nccl kernel=acc matrix=crankseg_2.mtx P=4 rank=0 nrows_local=15960 ncols_global=63838 nnz_local=3537237 n_ghost=47878 compute_avg_ms=0.065911 compute_min_ms=0.063488 compute_max_ms=0.067584 compute_var_ms=0.000002061 compute_gflops=107.332978 eff_bw_gbs=435.352959 pct_peak_bw=46.6556 comm_avg_ms=0.090179 comm_min_ms=0.086742 comm_max_ms=0.095728 comm_var_ms=0.000004707 total_avg_ms=0.156091 total_min_ms=0.151254 total_max_ms=0.162288 total_var_ms=0.000007299 effective_gflops=45.322783
RESULT comm=ghost_nccl kernel=acc matrix=crankseg_2.mtx P=4 rank=3 nrows_local=15959 ncols_global=63838 nnz_local=3537475 n_ghost=47879 compute_avg_ms=0.065263 compute_min_ms=0.062464 compute_max_ms=0.067584 compute_var_ms=0.000001883 compute_gflops=108.406865 eff_bw_gbs=439.708218 pct_peak_bw=47.1224 comm_avg_ms=0.109899 comm_min_ms=0.105766 comm_max_ms=0.116152 comm_var_ms=0.000006612 total_avg_ms=0.175162 total_min_ms=0.169611 total_max_ms=0.181688 total_var_ms=0.000007958 effective_gflops=40.390918
[ERROR CHECKING] OK!

--- P=4 rep=3/3 driver=spmv_2d_cusparse ---
Grid: P=4 -> P_r=2 x P_c=2
Loaded ../matrices/crankseg_2.mtx: 63838 x 63838, 14148858 nnz
RESULT comm=checkerboard_mpi kernel=cusparse matrix=crankseg_2.mtx P=4 rank=0 nrows_local=31919 ncols_global=63838 nnz_local=3536497 n_ghost=-1 compute_avg_ms=0.059187 compute_min_ms=0.058368 compute_max_ms=0.063488 compute_var_ms=0.000000937 compute_gflops=119.502086 eff_bw_gbs=484.479877 pct_peak_bw=51.9204 comm_avg_ms=0.221942 comm_min_ms=0.215628 comm_max_ms=0.245714 comm_var_ms=0.000030859 total_avg_ms=0.281129 total_min_ms=0.276044 total_max_ms=0.305106 total_var_ms=0.000031713 effective_gflops=25.159220
RESULT comm=checkerboard_mpi kernel=cusparse matrix=crankseg_2.mtx P=4 rank=1 nrows_local=31919 ncols_global=63838 nnz_local=3536284 n_ghost=-1 compute_avg_ms=0.058846 compute_min_ms=0.058368 compute_max_ms=0.059392 compute_var_ms=0.000000261 compute_gflops=120.188014 eff_bw_gbs=487.261128 pct_peak_bw=52.2185 comm_avg_ms=0.189416 comm_min_ms=0.183194 comm_max_ms=0.212334 comm_var_ms=0.000027604 total_avg_ms=0.248262 total_min_ms=0.242586 total_max_ms=0.271726 total_var_ms=0.000028419 effective_gflops=28.488357
RESULT comm=checkerboard_mpi kernel=cusparse matrix=crankseg_2.mtx P=4 rank=2 nrows_local=31919 ncols_global=63838 nnz_local=3536284 n_ghost=-1 compute_avg_ms=0.058812 compute_min_ms=0.057344 compute_max_ms=0.060416 compute_var_ms=0.000000467 compute_gflops=120.257769 eff_bw_gbs=487.543926 pct_peak_bw=52.2488 comm_avg_ms=0.206783 comm_min_ms=0.197001 comm_max_ms=0.218307 comm_var_ms=0.000021778 total_avg_ms=0.265595 total_min_ms=0.256393 total_max_ms=0.277699 total_var_ms=0.000023888 effective_gflops=26.629136
RESULT comm=checkerboard_mpi kernel=cusparse matrix=crankseg_2.mtx P=4 rank=3 nrows_local=31919 ncols_global=63838 nnz_local=3539793 n_ghost=-1 compute_avg_ms=0.058948 compute_min_ms=0.058368 compute_max_ms=0.061440 compute_var_ms=0.000000467 compute_gflops=120.098287 eff_bw_gbs=486.890914 pct_peak_bw=52.1788 comm_avg_ms=0.154824 comm_min_ms=0.151780 comm_max_ms=0.167293 comm_var_ms=0.000016312 total_avg_ms=0.213772 total_min_ms=0.210285 total_max_ms=0.226685 total_var_ms=0.000016595 effective_gflops=33.117394
[ERROR CHECKING] OK!

--- P=4 rep=3/3 driver=spmv_2d_acc ---
Grid: P=4 -> P_r=2 x P_c=2
Loaded ../matrices/crankseg_2.mtx: 63838 x 63838, 14148858 nnz
[kernel] acc -> FLAT (nnz=3536284, avg_nnz=110.79, imbalance=15.47)
[kernel] acc -> FLAT (nnz=3536497, avg_nnz=110.80, imbalance=15.47)
[kernel] acc -> FLAT (nnz=3539793, avg_nnz=110.90, imbalance=15.41)
[kernel] acc -> FLAT (nnz=3536284, avg_nnz=110.79, imbalance=15.43)
RESULT comm=checkerboard_mpi kernel=acc matrix=crankseg_2.mtx P=4 rank=2 nrows_local=31919 ncols_global=63838 nnz_local=3536284 n_ghost=-1 compute_avg_ms=0.059255 compute_min_ms=0.058368 compute_max_ms=0.060416 compute_var_ms=0.000000471 compute_gflops=119.357221 eff_bw_gbs=484.126122 pct_peak_bw=51.8825 comm_avg_ms=0.196676 comm_min_ms=0.191399 comm_max_ms=0.208270 comm_var_ms=0.000015016 total_avg_ms=0.255931 total_min_ms=0.249767 total_max_ms=0.267662 total_var_ms=0.000016392 effective_gflops=27.634638
RESULT comm=checkerboard_mpi kernel=acc matrix=crankseg_2.mtx P=4 rank=0 nrows_local=31919 ncols_global=63838 nnz_local=3536497 n_ghost=-1 compute_avg_ms=0.060143 compute_min_ms=0.058368 compute_max_ms=0.061440 compute_var_ms=0.000000624 compute_gflops=117.603074 eff_bw_gbs=477.010711 pct_peak_bw=51.1200 comm_avg_ms=0.200084 comm_min_ms=0.195085 comm_max_ms=0.209643 comm_var_ms=0.000013655 total_avg_ms=0.260227 total_min_ms=0.255238 total_max_ms=0.270059 total_var_ms=0.000015120 effective_gflops=27.180079
RESULT comm=checkerboard_mpi kernel=acc matrix=crankseg_2.mtx P=4 rank=1 nrows_local=31919 ncols_global=63838 nnz_local=3536284 n_ghost=-1 compute_avg_ms=0.059529 compute_min_ms=0.058368 compute_max_ms=0.063488 compute_var_ms=0.000001240 compute_gflops=118.809711 eff_bw_gbs=481.905362 pct_peak_bw=51.6445 comm_avg_ms=0.165002 comm_min_ms=0.160374 comm_max_ms=0.171558 comm_var_ms=0.000008338 total_avg_ms=0.224530 total_min_ms=0.219766 total_max_ms=0.232261 total_var_ms=0.000009861 effective_gflops=31.499392
RESULT comm=checkerboard_mpi kernel=acc matrix=crankseg_2.mtx P=4 rank=3 nrows_local=31919 ncols_global=63838 nnz_local=3539793 n_ghost=-1 compute_avg_ms=0.058914 compute_min_ms=0.057344 compute_max_ms=0.062464 compute_var_ms=0.000000960 compute_gflops=120.167869 eff_bw_gbs=487.407720 pct_peak_bw=52.2342 comm_avg_ms=0.146529 comm_min_ms=0.136786 comm_max_ms=0.162816 comm_var_ms=0.000024443 total_avg_ms=0.205443 total_min_ms=0.196178 total_max_ms=0.221184 total_var_ms=0.000024832 effective_gflops=34.460126
[ERROR CHECKING] OK!

--- P=4 rep=3/3 driver=spmv_2d_nccl_cusparse ---
Grid: P=4 -> P_r=2 x P_c=2
Loaded ../matrices/crankseg_2.mtx: 63838 x 63838, 14148858 nnz
RESULT comm=checkerboard_nccl kernel=cusparse matrix=crankseg_2.mtx P=4 rank=1 nrows_local=31919 ncols_global=63838 nnz_local=3536284 n_ghost=-1 compute_avg_ms=0.061440 compute_min_ms=0.059392 compute_max_ms=0.065536 compute_var_ms=0.000003076 compute_gflops=115.113410 eff_bw_gbs=466.687885 pct_peak_bw=50.0137 comm_avg_ms=0.082309 comm_min_ms=0.080730 comm_max_ms=0.085560 comm_var_ms=0.000001357 total_avg_ms=0.143749 total_min_ms=0.141146 total_max_ms=0.150072 total_var_ms=0.000006493 effective_gflops=49.200792
RESULT comm=checkerboard_nccl kernel=cusparse matrix=crankseg_2.mtx P=4 rank=2 nrows_local=31919 ncols_global=63838 nnz_local=3536284 n_ghost=-1 compute_avg_ms=0.059836 compute_min_ms=0.058368 compute_max_ms=0.064512 compute_var_ms=0.000002075 compute_gflops=118.199735 eff_bw_gbs=479.200334 pct_peak_bw=51.3546 comm_avg_ms=0.105484 comm_min_ms=0.101880 comm_max_ms=0.121145 comm_var_ms=0.000012838 total_avg_ms=0.165320 total_min_ms=0.160248 total_max_ms=0.180537 total_var_ms=0.000017067 effective_gflops=42.781079
RESULT comm=checkerboard_nccl kernel=cusparse matrix=crankseg_2.mtx P=4 rank=0 nrows_local=31919 ncols_global=63838 nnz_local=3536497 n_ghost=-1 compute_avg_ms=0.060791 compute_min_ms=0.059392 compute_max_ms=0.065536 compute_var_ms=0.000002201 compute_gflops=116.348465 eff_bw_gbs=471.694614 pct_peak_bw=50.5503 comm_avg_ms=0.094945 comm_min_ms=0.091430 comm_max_ms=0.109468 comm_var_ms=0.000011917 total_avg_ms=0.155737 total_min_ms=0.151846 total_max_ms=0.169884 total_var_ms=0.000014380 effective_gflops=45.416389
RESULT comm=checkerboard_nccl kernel=cusparse matrix=crankseg_2.mtx P=4 rank=3 nrows_local=31919 ncols_global=63838 nnz_local=3539793 n_ghost=-1 compute_avg_ms=0.060996 compute_min_ms=0.059392 compute_max_ms=0.065536 compute_var_ms=0.000002914 compute_gflops=116.065889 eff_bw_gbs=470.543152 pct_peak_bw=50.4269 comm_avg_ms=0.092392 comm_min_ms=0.087603 comm_max_ms=0.095486 comm_var_ms=0.000002163 total_avg_ms=0.153388 total_min_ms=0.146995 total_max_ms=0.161022 total_var_ms=0.000007854 effective_gflops=46.154808
[ERROR CHECKING] OK!

--- P=4 rep=3/3 driver=spmv_2d_nccl_acc ---
Grid: P=4 -> P_r=2 x P_c=2
Loaded ../matrices/crankseg_2.mtx: 63838 x 63838, 14148858 nnz
[kernel] acc -> FLAT (nnz=3536284, avg_nnz=110.79, imbalance=15.47)
[kernel] acc -> FLAT (nnz=3539793, avg_nnz=110.90, imbalance=15.41)
[kernel] acc -> FLAT (nnz=3536497, avg_nnz=110.80, imbalance=15.47)
[kernel] acc -> FLAT (nnz=3536284, avg_nnz=110.79, imbalance=15.43)
RESULT comm=checkerboard_nccl kernel=acc matrix=crankseg_2.mtx P=4 rank=0 nrows_local=31919 ncols_global=63838 nnz_local=3536497 n_ghost=-1 compute_avg_ms=0.064546 compute_min_ms=0.060416 compute_max_ms=0.067584 compute_var_ms=0.000005766 compute_gflops=109.580445 eff_bw_gbs=444.470064 pct_peak_bw=47.6327 comm_avg_ms=0.096376 comm_min_ms=0.087450 comm_max_ms=0.106958 comm_var_ms=0.000009202 total_avg_ms=0.160922 total_min_ms=0.147866 total_max_ms=0.173518 total_var_ms=0.000022178 effective_gflops=43.952834
RESULT comm=checkerboard_nccl kernel=acc matrix=crankseg_2.mtx P=4 rank=1 nrows_local=31919 ncols_global=63838 nnz_local=3536284 n_ghost=-1 compute_avg_ms=0.064785 compute_min_ms=0.060416 compute_max_ms=0.067584 compute_var_ms=0.000005588 compute_gflops=109.169726 eff_bw_gbs=442.804515 pct_peak_bw=47.4542 comm_avg_ms=0.084182 comm_min_ms=0.082513 comm_max_ms=0.085716 comm_var_ms=0.000000524 total_avg_ms=0.148967 total_min_ms=0.143889 total_max_ms=0.152276 total_var_ms=0.000008170 effective_gflops=47.477361
RESULT comm=checkerboard_nccl kernel=acc matrix=crankseg_2.mtx P=4 rank=2 nrows_local=31919 ncols_global=63838 nnz_local=3536284 n_ghost=-1 compute_avg_ms=0.064102 compute_min_ms=0.059392 compute_max_ms=0.067584 compute_var_ms=0.000008710 compute_gflops=110.332342 eff_bw_gbs=447.520213 pct_peak_bw=47.9596 comm_avg_ms=0.108930 comm_min_ms=0.101767 comm_max_ms=0.117427 comm_var_ms=0.000008921 total_avg_ms=0.173032 total_min_ms=0.162183 total_max_ms=0.182963 total_var_ms=0.000024598 effective_gflops=40.874288
RESULT comm=checkerboard_nccl kernel=acc matrix=crankseg_2.mtx P=4 rank=3 nrows_local=31919 ncols_global=63838 nnz_local=3539793 n_ghost=-1 compute_avg_ms=0.064683 compute_min_ms=0.059392 compute_max_ms=0.067584 compute_var_ms=0.000007486 compute_gflops=109.451053 eff_bw_gbs=443.939703 pct_peak_bw=47.5758 comm_avg_ms=0.096392 comm_min_ms=0.092117 comm_max_ms=0.100577 comm_var_ms=0.000003385 total_avg_ms=0.161074 total_min_ms=0.151509 total_max_ms=0.168161 total_var_ms=0.000017649 effective_gflops=43.952318
[ERROR CHECKING] OK!

=== Job done ===
