--------------------------------------------------------------------------
The call to cuMemHostRegister(0x7feea7e00008, 134217728, 0) failed.
  Host:  edu01
  cuMemHostRegister return value:  1
  Registration cache:  smcuda
--------------------------------------------------------------------------
[edu01:2068808] 3 more processes have sent help message help-mpi-common-cuda.txt / cuMemHostRegister during init failed
[edu01:2068808] Set MCA parameter "orte_base_help_aggregate" to 0 to see all help / error messages
--------------------------------------------------------------------------
The call to cuMemHostRegister(0x7f446be00008, 134217728, 0) failed.
  Host:  edu01
  cuMemHostRegister return value:  1
  Registration cache:  smcuda
--------------------------------------------------------------------------
[edu01:2068844] 3 more processes have sent help message help-mpi-common-cuda.txt / cuMemHostRegister during init failed
[edu01:2068844] Set MCA parameter "orte_base_help_aggregate" to 0 to see all help / error messages
--------------------------------------------------------------------------
The call to cuMemHostRegister(0x7f7d9fe00008, 134217728, 0) failed.
  Host:  edu01
  cuMemHostRegister return value:  1
  Registration cache:  smcuda
--------------------------------------------------------------------------
[edu01:2068994] 3 more processes have sent help message help-mpi-common-cuda.txt / cuMemHostRegister during init failed
[edu01:2068994] Set MCA parameter "orte_base_help_aggregate" to 0 to see all help / error messages
--------------------------------------------------------------------------
The call to cuMemHostRegister(0x7f71bfe00008, 134217728, 0) failed.
  Host:  edu01
  cuMemHostRegister return value:  1
  Registration cache:  smcuda
--------------------------------------------------------------------------
[edu01:2069030] 3 more processes have sent help message help-mpi-common-cuda.txt / cuMemHostRegister during init failed
[edu01:2069030] Set MCA parameter "orte_base_help_aggregate" to 0 to see all help / error messages
--------------------------------------------------------------------------
The call to cuMemHostRegister(0x7fb467e00008, 134217728, 0) failed.
  Host:  edu01
  cuMemHostRegister return value:  1
  Registration cache:  smcuda
--------------------------------------------------------------------------
[edu01:2069230] 3 more processes have sent help message help-mpi-common-cuda.txt / cuMemHostRegister during init failed
[edu01:2069230] Set MCA parameter "orte_base_help_aggregate" to 0 to see all help / error messages
--------------------------------------------------------------------------
The call to cuMemHostRegister(0x7f64c7e00008, 134217728, 0) failed.
  Host:  edu01
  cuMemHostRegister return value:  1
  Registration cache:  smcuda
--------------------------------------------------------------------------
[edu01:2069266] 3 more processes have sent help message help-mpi-common-cuda.txt / cuMemHostRegister during init failed
[edu01:2069266] Set MCA parameter "orte_base_help_aggregate" to 0 to see all help / error messages
--------------------------------------------------------------------------
The call to cuMemHostRegister(0x7f278be00008, 134217728, 0) failed.
  Host:  edu01
  cuMemHostRegister return value:  1
  Registration cache:  smcuda
--------------------------------------------------------------------------
[edu01:2069416] 3 more processes have sent help message help-mpi-common-cuda.txt / cuMemHostRegister during init failed
[edu01:2069416] Set MCA parameter "orte_base_help_aggregate" to 0 to see all help / error messages
--------------------------------------------------------------------------
The call to cuMemHostRegister(0x7fa76fe00008, 134217728, 0) failed.
  Host:  edu01
  cuMemHostRegister return value:  1
  Registration cache:  smcuda
--------------------------------------------------------------------------
[edu01:2069452] 3 more processes have sent help message help-mpi-common-cuda.txt / cuMemHostRegister during init failed
[edu01:2069452] Set MCA parameter "orte_base_help_aggregate" to 0 to see all help / error messages
--------------------------------------------------------------------------
The call to cuMemHostRegister(0x7f5c17e00008, 134217728, 0) failed.
  Host:  edu01
  cuMemHostRegister return value:  1
  Registration cache:  smcuda
--------------------------------------------------------------------------
[edu01:2069652] 3 more processes have sent help message help-mpi-common-cuda.txt / cuMemHostRegister during init failed
[edu01:2069652] Set MCA parameter "orte_base_help_aggregate" to 0 to see all help / error messages
--------------------------------------------------------------------------
The call to cuMemHostRegister(0x7fc3dbe00008, 134217728, 0) failed.
  Host:  edu01
  cuMemHostRegister return value:  1
  Registration cache:  smcuda
--------------------------------------------------------------------------
[edu01:2069688] 3 more processes have sent help message help-mpi-common-cuda.txt / cuMemHostRegister during init failed
[edu01:2069688] Set MCA parameter "orte_base_help_aggregate" to 0 to see all help / error messages
--------------------------------------------------------------------------
The call to cuMemHostRegister(0x7f0467e00008, 134217728, 0) failed.
  Host:  edu01
  cuMemHostRegister return value:  1
  Registration cache:  smcuda
--------------------------------------------------------------------------
[edu01:2069838] 3 more processes have sent help message help-mpi-common-cuda.txt / cuMemHostRegister during init failed
[edu01:2069838] Set MCA parameter "orte_base_help_aggregate" to 0 to see all help / error messages
--------------------------------------------------------------------------
The call to cuMemHostRegister(0x7f2b5be00008, 134217728, 0) failed.
  Host:  edu01
  cuMemHostRegister return value:  1
  Registration cache:  smcuda
--------------------------------------------------------------------------
[edu01:2069874] 3 more processes have sent help message help-mpi-common-cuda.txt / cuMemHostRegister during init failed
[edu01:2069874] Set MCA parameter "orte_base_help_aggregate" to 0 to see all help / error messages
