=== D2_final strong scaling ===
Node:     edu01
Date:     Tue Jul 21 03:58:47 PM CEST 2026
Matrix:   ../matrices/ASIC_680k.mtx
P:        4
Reps:     3

--- P=4 rep=1/3 driver=spmv_bcast ---
Loaded ../matrices/ASIC_680k.mtx: 682862 x 682862, 3871773 nnz
RESULT comm=bcast kernel=cusparse matrix=ASIC_680k.mtx P=4 rank=0 nrows_local=170716 ncols_global=682862 nnz_local=1545492 n_ghost=-1 compute_avg_ms=0.044578 compute_min_ms=0.043008 compute_max_ms=0.046080 compute_var_ms=0.000000820 compute_gflops=69.338569 eff_bw_gbs=369.264361 pct_peak_bw=39.5731 comm_avg_ms=0.862399 comm_min_ms=0.850646 comm_max_ms=0.869980 comm_var_ms=0.000019513 total_avg_ms=0.906977 total_min_ms=0.894678 total_max_ms=0.915036 total_var_ms=0.000018795 effective_gflops=3.408007
RESULT comm=bcast kernel=cusparse matrix=ASIC_680k.mtx P=4 rank=1 nrows_local=170716 ncols_global=682862 nnz_local=775626 n_ghost=-1 compute_avg_ms=0.037478 compute_min_ms=0.036864 compute_max_ms=0.038912 compute_var_ms=0.000000322 compute_gflops=41.390559 eff_bw_gbs=274.883336 pct_peak_bw=29.4585 comm_avg_ms=1.278703 comm_min_ms=1.227374 comm_max_ms=1.295897 comm_var_ms=0.000119489 total_avg_ms=1.316181 total_min_ms=1.264238 total_max_ms=1.332761 total_var_ms=0.000120701 effective_gflops=1.178601
RESULT comm=bcast kernel=cusparse matrix=ASIC_680k.mtx P=4 rank=2 nrows_local=170715 ncols_global=682862 nnz_local=775125 n_ghost=-1 compute_avg_ms=0.036727 compute_min_ms=0.035840 compute_max_ms=0.037888 compute_var_ms=0.000000261 compute_gflops=42.209553 eff_bw_gbs=280.394282 pct_peak_bw=30.0491 comm_avg_ms=1.431062 comm_min_ms=1.417515 comm_max_ms=1.495278 comm_var_ms=0.000184116 total_avg_ms=1.467790 total_min_ms=1.453355 total_max_ms=1.532142 total_var_ms=0.000186616 effective_gflops=1.056180
RESULT comm=bcast kernel=cusparse matrix=ASIC_680k.mtx P=4 rank=3 nrows_local=170715 ncols_global=682862 nnz_local=775530 n_ghost=-1 compute_avg_ms=0.036386 compute_min_ms=0.035840 compute_max_ms=0.036864 compute_var_ms=0.000000261 compute_gflops=42.627776 eff_bw_gbs=283.113668 pct_peak_bw=30.3405 comm_avg_ms=1.441168 comm_min_ms=1.428962 comm_max_ms=1.505580 comm_var_ms=0.000181186 total_avg_ms=1.477554 total_min_ms=1.464802 total_max_ms=1.542444 total_var_ms=0.000183319 effective_gflops=1.049748
[ERROR CHECKING] OK!

--- P=4 rep=1/3 driver=spmv_ghost_cusparse ---
Loaded ../matrices/ASIC_680k.mtx: 682862 x 682862, 3871773 nnz
RESULT comm=ghost_mpi kernel=cusparse matrix=ASIC_680k.mtx P=4 rank=0 nrows_local=170716 ncols_global=682862 nnz_local=1545492 n_ghost=512001 compute_avg_ms=0.042940 compute_min_ms=0.041984 compute_max_ms=0.044032 compute_var_ms=0.000000485 compute_gflops=71.984239 eff_bw_gbs=383.340437 pct_peak_bw=41.0816 comm_avg_ms=1.103171 comm_min_ms=0.894555 comm_max_ms=1.426628 comm_var_ms=0.013273793 total_avg_ms=1.146111 total_min_ms=0.936539 total_max_ms=1.468612 total_var_ms=0.013295509 effective_gflops=2.696934
RESULT comm=ghost_mpi kernel=cusparse matrix=ASIC_680k.mtx P=4 rank=1 nrows_local=170716 ncols_global=682862 nnz_local=775626 n_ghost=181409 compute_avg_ms=0.035157 compute_min_ms=0.034816 compute_max_ms=0.035840 compute_var_ms=0.000000233 compute_gflops=44.123141 eff_bw_gbs=255.401618 pct_peak_bw=27.3707 comm_avg_ms=1.093288 comm_min_ms=0.935230 comm_max_ms=1.297907 comm_var_ms=0.008126619 total_avg_ms=1.128445 total_min_ms=0.970046 total_max_ms=1.332723 total_var_ms=0.008117361 effective_gflops=1.374681
RESULT comm=ghost_mpi kernel=cusparse matrix=ASIC_680k.mtx P=4 rank=2 nrows_local=170715 ncols_global=682862 nnz_local=775125 n_ghost=180699 compute_avg_ms=0.034611 compute_min_ms=0.033792 compute_max_ms=0.035840 compute_var_ms=0.000000308 compute_gflops=44.790414 eff_bw_gbs=259.233423 pct_peak_bw=27.7814 comm_avg_ms=1.096295 comm_min_ms=0.893127 comm_max_ms=1.425526 comm_var_ms=0.014729063 total_avg_ms=1.130907 total_min_ms=0.926919 total_max_ms=1.460342 total_var_ms=0.014726640 effective_gflops=1.370803
RESULT comm=ghost_mpi kernel=cusparse matrix=ASIC_680k.mtx P=4 rank=3 nrows_local=170715 ncols_global=682862 nnz_local=775530 n_ghost=181084 compute_avg_ms=0.034202 compute_min_ms=0.033792 compute_max_ms=0.034816 compute_var_ms=0.000000252 compute_gflops=45.350509 eff_bw_gbs=262.477776 pct_peak_bw=28.1290 comm_avg_ms=1.113444 comm_min_ms=0.928412 comm_max_ms=1.399865 comm_var_ms=0.010937941 total_avg_ms=1.147645 total_min_ms=0.962204 total_max_ms=1.433657 total_var_ms=0.010937275 effective_gflops=1.351515
[ERROR CHECKING] OK!

--- P=4 rep=1/3 driver=spmv_ghost_acc ---
Loaded ../matrices/ASIC_680k.mtx: 682862 x 682862, 3871773 nnz
[kernel] acc -> LINE-ENHANCE (nnz=775626, avg_nnz=4.54, imbalance=44.90, V=1)
[kernel] acc -> LINE-ENHANCE (nnz=775530, avg_nnz=4.54, imbalance=44.03, V=1)
[kernel] acc -> LINE-ENHANCE (nnz=775125, avg_nnz=4.54, imbalance=44.05, V=1)
[kernel] acc -> FLAT (nnz=1545492, avg_nnz=9.05, imbalance=43660.55)
RESULT comm=ghost_mpi kernel=acc matrix=ASIC_680k.mtx P=4 rank=1 nrows_local=170716 ncols_global=682862 nnz_local=775626 n_ghost=181409 compute_avg_ms=0.033655 compute_min_ms=0.030720 compute_max_ms=0.035840 compute_var_ms=0.000001310 compute_gflops=46.092125 eff_bw_gbs=266.798854 pct_peak_bw=28.5921 comm_avg_ms=1.089842 comm_min_ms=0.935416 comm_max_ms=1.286843 comm_var_ms=0.008352074 total_avg_ms=1.123498 total_min_ms=0.969664 total_max_ms=1.320635 total_var_ms=0.008303750 effective_gflops=1.380734
RESULT comm=ghost_mpi kernel=acc matrix=ASIC_680k.mtx P=4 rank=0 nrows_local=170716 ncols_global=682862 nnz_local=1545492 n_ghost=512001 compute_avg_ms=0.045431 compute_min_ms=0.044032 compute_max_ms=0.047104 compute_var_ms=0.000000733 compute_gflops=68.036192 eff_bw_gbs=362.448695 pct_peak_bw=38.8427 comm_avg_ms=1.074049 comm_min_ms=0.820447 comm_max_ms=1.301480 comm_var_ms=0.015831391 total_avg_ms=1.119480 total_min_ms=0.865503 total_max_ms=1.346536 total_var_ms=0.015824797 effective_gflops=2.761088
RESULT comm=ghost_mpi kernel=acc matrix=ASIC_680k.mtx P=4 rank=2 nrows_local=170715 ncols_global=682862 nnz_local=775125 n_ghost=180699 compute_avg_ms=0.034133 compute_min_ms=0.031744 compute_max_ms=0.037888 compute_var_ms=0.000001981 compute_gflops=45.417480 eff_bw_gbs=262.862692 pct_peak_bw=28.1703 comm_avg_ms=1.084584 comm_min_ms=0.929276 comm_max_ms=1.300182 comm_var_ms=0.010745144 total_avg_ms=1.118717 total_min_ms=0.965116 total_max_ms=1.332950 total_var_ms=0.010673117 effective_gflops=1.385739
RESULT comm=ghost_mpi kernel=acc matrix=ASIC_680k.mtx P=4 rank=3 nrows_local=170715 ncols_global=682862 nnz_local=775530 n_ghost=181084 compute_avg_ms=0.035226 compute_min_ms=0.032768 compute_max_ms=0.037888 compute_var_ms=0.000001720 compute_gflops=44.032180 eff_bw_gbs=254.847605 pct_peak_bw=27.3113 comm_avg_ms=1.100087 comm_min_ms=0.929492 comm_max_ms=1.297040 comm_var_ms=0.008302781 total_avg_ms=1.135312 total_min_ms=0.962260 total_max_ms=1.330832 total_var_ms=0.008271204 effective_gflops=1.366197
[ERROR CHECKING] OK!

--- P=4 rep=1/3 driver=spmv_ghost_nccl_cusparse ---
Loaded ../matrices/ASIC_680k.mtx: 682862 x 682862, 3871773 nnz
RESULT comm=ghost_nccl kernel=cusparse matrix=ASIC_680k.mtx P=4 rank=0 nrows_local=170716 ncols_global=682862 nnz_local=1545492 n_ghost=512001 compute_avg_ms=0.043622 compute_min_ms=0.041984 compute_max_ms=0.045056 compute_var_ms=0.000000601 compute_gflops=70.857725 eff_bw_gbs=377.341367 pct_peak_bw=40.4387 comm_avg_ms=0.371929 comm_min_ms=0.362320 comm_max_ms=0.378932 comm_var_ms=0.000011297 total_avg_ms=0.415551 total_min_ms=0.404304 total_max_ms=0.422964 total_var_ms=0.000015127 effective_gflops=7.438270
RESULT comm=ghost_nccl kernel=cusparse matrix=ASIC_680k.mtx P=4 rank=1 nrows_local=170716 ncols_global=682862 nnz_local=775626 n_ghost=181409 compute_avg_ms=0.034987 compute_min_ms=0.033792 compute_max_ms=0.035840 compute_var_ms=0.000000216 compute_gflops=44.338376 eff_bw_gbs=256.647480 pct_peak_bw=27.5042 comm_avg_ms=0.221585 comm_min_ms=0.213684 comm_max_ms=0.229064 comm_var_ms=0.000014465 total_avg_ms=0.256572 total_min_ms=0.248500 total_max_ms=0.263880 total_var_ms=0.000014760 effective_gflops=6.046070
RESULT comm=ghost_nccl kernel=cusparse matrix=ASIC_680k.mtx P=4 rank=2 nrows_local=170715 ncols_global=682862 nnz_local=775125 n_ghost=180699 compute_avg_ms=0.034850 compute_min_ms=0.033792 compute_max_ms=0.035840 compute_var_ms=0.000000383 compute_gflops=44.483330 eff_bw_gbs=257.456112 pct_peak_bw=27.5909 comm_avg_ms=0.243059 comm_min_ms=0.234065 comm_max_ms=0.252693 comm_var_ms=0.000024055 total_avg_ms=0.277909 total_min_ms=0.268881 total_max_ms=0.287509 total_var_ms=0.000024275 effective_gflops=5.578256
RESULT comm=ghost_nccl kernel=cusparse matrix=ASIC_680k.mtx P=4 rank=3 nrows_local=170715 ncols_global=682862 nnz_local=775530 n_ghost=181084 compute_avg_ms=0.034918 compute_min_ms=0.033792 compute_max_ms=0.035840 compute_var_ms=0.000000164 compute_gflops=44.419560 eff_bw_gbs=257.089667 pct_peak_bw=27.5516 comm_avg_ms=0.280275 comm_min_ms=0.268265 comm_max_ms=0.286455 comm_var_ms=0.000011832 total_avg_ms=0.315193 total_min_ms=0.303081 total_max_ms=0.321271 total_var_ms=0.000011981 effective_gflops=4.920982
[ERROR CHECKING] OK!

--- P=4 rep=1/3 driver=spmv_ghost_nccl_acc ---
Loaded ../matrices/ASIC_680k.mtx: 682862 x 682862, 3871773 nnz
[kernel] acc -> LINE-ENHANCE (nnz=775626, avg_nnz=4.54, imbalance=44.90, V=1)
[kernel] acc -> LINE-ENHANCE (nnz=775530, avg_nnz=4.54, imbalance=44.03, V=1)
[kernel] acc -> LINE-ENHANCE (nnz=775125, avg_nnz=4.54, imbalance=44.05, V=1)
[kernel] acc -> FLAT (nnz=1545492, avg_nnz=9.05, imbalance=43660.55)
RESULT comm=ghost_nccl kernel=acc matrix=ASIC_680k.mtx P=4 rank=0 nrows_local=170716 ncols_global=682862 nnz_local=1545492 n_ghost=512001 compute_avg_ms=0.046012 compute_min_ms=0.045056 compute_max_ms=0.049152 compute_var_ms=0.000001044 compute_gflops=67.178168 eff_bw_gbs=357.877753 pct_peak_bw=38.3528 comm_avg_ms=0.402822 comm_min_ms=0.366511 comm_max_ms=1.160323 comm_var_ms=0.019823877 total_avg_ms=0.448834 total_min_ms=0.411567 total_max_ms=1.206403 total_var_ms=0.019835180 effective_gflops=6.886702
RESULT comm=ghost_nccl kernel=acc matrix=ASIC_680k.mtx P=4 rank=2 nrows_local=170715 ncols_global=682862 nnz_local=775125 n_ghost=180699 compute_avg_ms=0.034884 compute_min_ms=0.031744 compute_max_ms=0.043008 compute_var_ms=0.000005518 compute_gflops=44.439804 eff_bw_gbs=257.204200 pct_peak_bw=27.5639 comm_avg_ms=0.274088 comm_min_ms=0.237486 comm_max_ms=1.046920 comm_var_ms=0.020640183 total_avg_ms=0.308972 total_min_ms=0.270254 total_max_ms=1.080712 total_var_ms=0.020597162 effective_gflops=5.017442
RESULT comm=ghost_nccl kernel=acc matrix=ASIC_680k.mtx P=4 rank=1 nrows_local=170716 ncols_global=682862 nnz_local=775626 n_ghost=181409 compute_avg_ms=0.034782 compute_min_ms=0.031744 compute_max_ms=0.040960 compute_var_ms=0.000004228 compute_gflops=44.599446 eff_bw_gbs=258.158656 pct_peak_bw=27.6662 comm_avg_ms=0.253100 comm_min_ms=0.218995 comm_max_ms=1.021733 comm_var_ms=0.020393502 total_avg_ms=0.287881 total_min_ms=0.250739 total_max_ms=1.056549 total_var_ms=0.020400084 effective_gflops=5.388510
RESULT comm=ghost_nccl kernel=acc matrix=ASIC_680k.mtx P=4 rank=3 nrows_local=170715 ncols_global=682862 nnz_local=775530 n_ghost=181084 compute_avg_ms=0.034611 compute_min_ms=0.031744 compute_max_ms=0.040960 compute_var_ms=0.000003733 compute_gflops=44.813817 eff_bw_gbs=259.371531 pct_peak_bw=27.7962 comm_avg_ms=0.304909 comm_min_ms=0.268906 comm_max_ms=1.077907 comm_var_ms=0.020633756 total_avg_ms=0.339520 total_min_ms=0.301674 total_max_ms=1.112723 total_var_ms=0.020652574 effective_gflops=4.568392
[ERROR CHECKING] OK!

--- P=4 rep=1/3 driver=spmv_2d_cusparse ---
Grid: P=4 -> P_r=2 x P_c=2
Loaded ../matrices/ASIC_680k.mtx: 682862 x 682862, 3871773 nnz
RESULT comm=checkerboard_mpi kernel=cusparse matrix=ASIC_680k.mtx P=4 rank=0 nrows_local=341431 ncols_global=682862 nnz_local=1508903 n_ghost=-1 compute_avg_ms=0.043179 compute_min_ms=0.041984 compute_max_ms=0.048128 compute_var_ms=0.000001054 compute_gflops=69.891135 eff_bw_gbs=374.453436 pct_peak_bw=40.1292 comm_avg_ms=1.443332 comm_min_ms=1.426054 comm_max_ms=1.465519 comm_var_ms=0.000100997 total_avg_ms=1.486510 total_min_ms=1.468038 total_max_ms=1.507782 total_var_ms=0.000101801 effective_gflops=2.030128
RESULT comm=checkerboard_mpi kernel=cusparse matrix=ASIC_680k.mtx P=4 rank=1 nrows_local=341431 ncols_global=682862 nnz_local=811714 n_ghost=-1 compute_avg_ms=0.052361 compute_min_ms=0.051200 compute_max_ms=0.054272 compute_var_ms=0.000000541 compute_gflops=31.004803 eff_bw_gbs=202.268531 pct_peak_bw=21.6766 comm_avg_ms=0.956324 comm_min_ms=0.945736 comm_max_ms=0.973602 comm_var_ms=0.000044077 total_avg_ms=1.008685 total_min_ms=0.997767 total_max_ms=1.024807 total_var_ms=0.000043980 effective_gflops=1.609450
RESULT comm=checkerboard_mpi kernel=cusparse matrix=ASIC_680k.mtx P=4 rank=2 nrows_local=341431 ncols_global=682862 nnz_local=811714 n_ghost=-1 compute_avg_ms=0.036181 compute_min_ms=0.034816 compute_max_ms=0.043008 compute_var_ms=0.000001981 compute_gflops=44.869213 eff_bw_gbs=292.716900 pct_peak_bw=31.3697 comm_avg_ms=1.665302 comm_min_ms=1.648033 comm_max_ms=1.679851 comm_var_ms=0.000041971 total_avg_ms=1.701483 total_min_ms=1.684897 total_max_ms=1.715495 total_var_ms=0.000044451 effective_gflops=0.954125
RESULT comm=checkerboard_mpi kernel=cusparse matrix=ASIC_680k.mtx P=4 rank=3 nrows_local=341431 ncols_global=682862 nnz_local=739442 n_ghost=-1 compute_avg_ms=0.037137 compute_min_ms=0.035840 compute_max_ms=0.037888 compute_var_ms=0.000000275 compute_gflops=39.822314 eff_bw_gbs=269.615038 pct_peak_bw=28.8939 comm_avg_ms=1.383367 comm_min_ms=1.364147 comm_max_ms=1.405617 comm_var_ms=0.000059715 total_avg_ms=1.420505 total_min_ms=1.401011 total_max_ms=1.442481 total_var_ms=0.000059291 effective_gflops=1.041098
[ERROR CHECKING] OK!

--- P=4 rep=1/3 driver=spmv_2d_acc ---
Grid: P=4 -> P_r=2 x P_c=2
Loaded ../matrices/ASIC_680k.mtx: 682862 x 682862, 3871773 nnz
[kernel] acc -> LINE-ENHANCE (nnz=739442, avg_nnz=2.17, imbalance=49.41, V=1)
[kernel] acc -> LINE-ENHANCE (nnz=811714, avg_nnz=2.38, imbalance=45.01, V=1)
[kernel] acc -> LINE-ENHANCE (nnz=811714, avg_nnz=2.38, imbalance=83130.73, V=1)
[kernel] acc -> FLAT (nnz=1508903, avg_nnz=4.42, imbalance=44718.12)
RESULT comm=checkerboard_mpi kernel=acc matrix=ASIC_680k.mtx P=4 rank=0 nrows_local=341431 ncols_global=682862 nnz_local=1508903 n_ghost=-1 compute_avg_ms=0.035021 compute_min_ms=0.033792 compute_max_ms=0.035840 compute_var_ms=0.000000238 compute_gflops=86.171816 eff_bw_gbs=461.848264 pct_peak_bw=49.4951 comm_avg_ms=2.455560 comm_min_ms=2.443851 comm_max_ms=2.473734 comm_var_ms=0.000045971 total_avg_ms=2.490581 total_min_ms=2.479691 total_max_ms=2.509574 total_var_ms=0.000046006 effective_gflops=1.211688
RESULT comm=checkerboard_mpi kernel=acc matrix=ASIC_680k.mtx P=4 rank=1 nrows_local=341431 ncols_global=682862 nnz_local=811714 n_ghost=-1 compute_avg_ms=1.626999 compute_min_ms=1.626112 compute_max_ms=1.628160 compute_var_ms=0.000000471 compute_gflops=0.997805 eff_bw_gbs=6.509460 pct_peak_bw=0.6976 comm_avg_ms=0.595896 comm_min_ms=0.586188 comm_max_ms=0.616674 comm_var_ms=0.000049259 total_avg_ms=2.222895 total_min_ms=2.213324 total_max_ms=2.243810 total_var_ms=0.000050670 effective_gflops=0.730321
RESULT comm=checkerboard_mpi kernel=acc matrix=ASIC_680k.mtx P=4 rank=2 nrows_local=341431 ncols_global=682862 nnz_local=811714 n_ghost=-1 compute_avg_ms=0.028399 compute_min_ms=0.027648 compute_max_ms=0.029696 compute_var_ms=0.000000345 compute_gflops=57.165104 eff_bw_gbs=372.932594 pct_peak_bw=39.9662 comm_avg_ms=1.384597 comm_min_ms=1.371780 comm_max_ms=1.405553 comm_var_ms=0.000037011 total_avg_ms=1.412996 total_min_ms=1.400452 total_max_ms=1.433201 total_var_ms=0.000034336 effective_gflops=1.148926
RESULT comm=checkerboard_mpi kernel=acc matrix=ASIC_680k.mtx P=4 rank=3 nrows_local=341431 ncols_global=682862 nnz_local=739442 n_ghost=-1 compute_avg_ms=0.027511 compute_min_ms=0.026624 compute_max_ms=0.028672 compute_var_ms=0.000000261 compute_gflops=53.755186 eff_bw_gbs=363.946863 pct_peak_bw=39.0032 comm_avg_ms=1.113962 comm_min_ms=1.105070 comm_max_ms=1.129919 comm_var_ms=0.000027705 total_avg_ms=1.141473 total_min_ms=1.132718 total_max_ms=1.157567 total_var_ms=0.000028913 effective_gflops=1.295593
[ERROR CHECKING] OK!

--- P=4 rep=1/3 driver=spmv_2d_nccl_cusparse ---
Grid: P=4 -> P_r=2 x P_c=2
Loaded ../matrices/ASIC_680k.mtx: 682862 x 682862, 3871773 nnz
RESULT comm=checkerboard_nccl kernel=cusparse matrix=ASIC_680k.mtx P=4 rank=1 nrows_local=341431 ncols_global=682862 nnz_local=811714 n_ghost=-1 compute_avg_ms=0.052497 compute_min_ms=0.051200 compute_max_ms=0.053248 compute_var_ms=0.000000485 compute_gflops=30.924166 eff_bw_gbs=201.742475 pct_peak_bw=21.6202 comm_avg_ms=0.212978 comm_min_ms=0.208939 comm_max_ms=0.217364 comm_var_ms=0.000002604 total_avg_ms=0.265475 total_min_ms=0.260994 total_max_ms=0.270612 total_var_ms=0.000003660 effective_gflops=6.115175
RESULT comm=checkerboard_nccl kernel=cusparse matrix=ASIC_680k.mtx P=4 rank=2 nrows_local=341431 ncols_global=682862 nnz_local=811714 n_ghost=-1 compute_avg_ms=0.036386 compute_min_ms=0.034816 compute_max_ms=0.037888 compute_var_ms=0.000000471 compute_gflops=44.616666 eff_bw_gbs=291.069336 pct_peak_bw=31.1931 comm_avg_ms=0.331588 comm_min_ms=0.323192 comm_max_ms=0.341621 comm_var_ms=0.000027919 total_avg_ms=0.367974 total_min_ms=0.358377 total_max_ms=0.376992 total_var_ms=0.000026136 effective_gflops=4.411800
RESULT comm=checkerboard_nccl kernel=cusparse matrix=ASIC_680k.mtx P=4 rank=3 nrows_local=341431 ncols_global=682862 nnz_local=739442 n_ghost=-1 compute_avg_ms=0.038127 compute_min_ms=0.036864 compute_max_ms=0.038912 compute_var_ms=0.000000397 compute_gflops=38.788433 eff_bw_gbs=262.615191 pct_peak_bw=28.1438 comm_avg_ms=0.268612 comm_min_ms=0.261279 comm_max_ms=0.277719 comm_var_ms=0.000023341 total_avg_ms=0.306738 total_min_ms=0.298143 total_max_ms=0.315449 total_var_ms=0.000023400 effective_gflops=4.821319
RESULT comm=checkerboard_nccl kernel=cusparse matrix=ASIC_680k.mtx P=4 rank=0 nrows_local=341431 ncols_global=682862 nnz_local=1508903 n_ghost=-1 compute_avg_ms=0.043588 compute_min_ms=0.043008 compute_max_ms=0.045056 compute_var_ms=0.000000327 compute_gflops=69.234366 eff_bw_gbs=370.934687 pct_peak_bw=39.7521 comm_avg_ms=0.280355 comm_min_ms=0.271914 comm_max_ms=0.289767 comm_var_ms=0.000017123 total_avg_ms=0.323944 total_min_ms=0.315946 total_max_ms=0.332775 total_var_ms=0.000016458 effective_gflops=9.315840
[ERROR CHECKING] OK!

--- P=4 rep=1/3 driver=spmv_2d_nccl_acc ---
Grid: P=4 -> P_r=2 x P_c=2
Loaded ../matrices/ASIC_680k.mtx: 682862 x 682862, 3871773 nnz
[kernel] acc -> LINE-ENHANCE (nnz=739442, avg_nnz=2.17, imbalance=49.41, V=1)
[kernel] acc -> LINE-ENHANCE (nnz=811714, avg_nnz=2.38, imbalance=45.01, V=1)
[kernel] acc -> LINE-ENHANCE (nnz=811714, avg_nnz=2.38, imbalance=83130.73, V=1)
[kernel] acc -> FLAT (nnz=1508903, avg_nnz=4.42, imbalance=44718.12)
RESULT comm=checkerboard_nccl kernel=acc matrix=ASIC_680k.mtx P=4 rank=0 nrows_local=341431 ncols_global=682862 nnz_local=1508903 n_ghost=-1 compute_avg_ms=0.035977 compute_min_ms=0.034816 compute_max_ms=0.036864 compute_var_ms=0.000000191 compute_gflops=83.882621 eff_bw_gbs=449.579046 pct_peak_bw=48.1802 comm_avg_ms=1.873459 comm_min_ms=1.862192 comm_max_ms=1.953410 comm_var_ms=0.000265035 total_avg_ms=1.909435 total_min_ms=1.898032 total_max_ms=1.989250 total_var_ms=0.000263863 effective_gflops=1.580471
RESULT comm=checkerboard_nccl kernel=acc matrix=ASIC_680k.mtx P=4 rank=2 nrows_local=341431 ncols_global=682862 nnz_local=811714 n_ghost=-1 compute_avg_ms=0.028058 compute_min_ms=0.026624 compute_max_ms=0.029696 compute_var_ms=0.000000531 compute_gflops=57.860544 eff_bw_gbs=377.469489 pct_peak_bw=40.4524 comm_avg_ms=0.326150 comm_min_ms=0.315604 comm_max_ms=0.349467 comm_var_ms=0.000052913 total_avg_ms=0.354207 total_min_ms=0.344463 total_max_ms=0.378139 total_var_ms=0.000051687 effective_gflops=4.583271
RESULT comm=checkerboard_nccl kernel=acc matrix=ASIC_680k.mtx P=4 rank=1 nrows_local=341431 ncols_global=682862 nnz_local=811714 n_ghost=-1 compute_avg_ms=1.633075 compute_min_ms=1.630208 compute_max_ms=1.635328 compute_var_ms=0.000002614 compute_gflops=0.994093 eff_bw_gbs=6.485242 pct_peak_bw=0.6950 comm_avg_ms=0.215018 comm_min_ms=0.208882 comm_max_ms=0.273744 comm_var_ms=0.000128267 total_avg_ms=1.848094 total_min_ms=1.839090 total_max_ms=1.907024 total_var_ms=0.000134478 effective_gflops=0.878434
RESULT comm=checkerboard_nccl kernel=acc matrix=ASIC_680k.mtx P=4 rank=3 nrows_local=341431 ncols_global=682862 nnz_local=739442 n_ghost=-1 compute_avg_ms=0.026863 compute_min_ms=0.025600 compute_max_ms=0.027648 compute_var_ms=0.000000257 compute_gflops=55.052961 eff_bw_gbs=372.733385 pct_peak_bw=39.9449 comm_avg_ms=0.266785 comm_min_ms=0.258309 comm_max_ms=0.287711 comm_var_ms=0.000039388 total_avg_ms=0.293648 total_min_ms=0.284997 total_max_ms=0.314335 total_var_ms=0.000039289 effective_gflops=5.036255
[ERROR CHECKING] OK!

--- P=4 rep=2/3 driver=spmv_bcast ---
Loaded ../matrices/ASIC_680k.mtx: 682862 x 682862, 3871773 nnz
RESULT comm=bcast kernel=cusparse matrix=ASIC_680k.mtx P=4 rank=0 nrows_local=170716 ncols_global=682862 nnz_local=1545492 n_ghost=-1 compute_avg_ms=0.043998 compute_min_ms=0.043008 compute_max_ms=0.045056 compute_var_ms=0.000000663 compute_gflops=70.253043 eff_bw_gbs=374.134413 pct_peak_bw=40.0950 comm_avg_ms=0.852827 comm_min_ms=0.844543 comm_max_ms=0.858574 comm_var_ms=0.000010654 total_avg_ms=0.896825 total_min_ms=0.889220 total_max_ms=0.903630 total_var_ms=0.000011559 effective_gflops=3.446585
RESULT comm=bcast kernel=cusparse matrix=ASIC_680k.mtx P=4 rank=1 nrows_local=170716 ncols_global=682862 nnz_local=775626 n_ghost=-1 compute_avg_ms=0.037171 compute_min_ms=0.036864 compute_max_ms=0.037888 compute_var_ms=0.000000220 compute_gflops=41.732630 eff_bw_gbs=277.155099 pct_peak_bw=29.7020 comm_avg_ms=1.241894 comm_min_ms=1.172251 comm_max_ms=1.260607 comm_var_ms=0.000293017 total_avg_ms=1.279065 total_min_ms=1.209115 total_max_ms=1.297471 total_var_ms=0.000294969 effective_gflops=1.212801
RESULT comm=bcast kernel=cusparse matrix=ASIC_680k.mtx P=4 rank=2 nrows_local=170715 ncols_global=682862 nnz_local=775125 n_ghost=-1 compute_avg_ms=0.036762 compute_min_ms=0.035840 compute_max_ms=0.037888 compute_var_ms=0.000000234 compute_gflops=42.170361 eff_bw_gbs=280.133934 pct_peak_bw=30.0212 comm_avg_ms=1.401190 comm_min_ms=1.388192 comm_max_ms=1.486183 comm_var_ms=0.000301243 total_avg_ms=1.437952 total_min_ms=1.424308 total_max_ms=1.523047 total_var_ms=0.000305512 effective_gflops=1.078096
RESULT comm=bcast kernel=cusparse matrix=ASIC_680k.mtx P=4 rank=3 nrows_local=170715 ncols_global=682862 nnz_local=775530 n_ghost=-1 compute_avg_ms=0.036489 compute_min_ms=0.035840 compute_max_ms=0.036864 compute_var_ms=0.000000244 compute_gflops=42.508147 eff_bw_gbs=282.319149 pct_peak_bw=30.2554 comm_avg_ms=1.409717 comm_min_ms=1.395990 comm_max_ms=1.497136 comm_var_ms=0.000313816 total_avg_ms=1.446206 total_min_ms=1.432854 total_max_ms=1.532976 total_var_ms=0.000310359 effective_gflops=1.072503
[ERROR CHECKING] OK!

--- P=4 rep=2/3 driver=spmv_ghost_cusparse ---
Loaded ../matrices/ASIC_680k.mtx: 682862 x 682862, 3871773 nnz
RESULT comm=ghost_mpi kernel=cusparse matrix=ASIC_680k.mtx P=4 rank=0 nrows_local=170716 ncols_global=682862 nnz_local=1545492 n_ghost=512001 compute_avg_ms=0.043452 compute_min_ms=0.041984 compute_max_ms=0.046080 compute_var_ms=0.000001166 compute_gflops=71.136035 eff_bw_gbs=378.823462 pct_peak_bw=40.5975 comm_avg_ms=1.080103 comm_min_ms=0.737141 comm_max_ms=1.600468 comm_var_ms=0.032559698 total_avg_ms=1.123555 total_min_ms=0.780149 total_max_ms=1.643476 total_var_ms=0.032557619 effective_gflops=2.751076
RESULT comm=ghost_mpi kernel=cusparse matrix=ASIC_680k.mtx P=4 rank=1 nrows_local=170716 ncols_global=682862 nnz_local=775626 n_ghost=181409 compute_avg_ms=0.035123 compute_min_ms=0.033792 compute_max_ms=0.037888 compute_var_ms=0.000000500 compute_gflops=44.166020 eff_bw_gbs=255.649822 pct_peak_bw=27.3973 comm_avg_ms=1.099653 comm_min_ms=0.702876 comm_max_ms=1.600326 comm_var_ms=0.032754828 total_avg_ms=1.134776 total_min_ms=0.737692 total_max_ms=1.635142 total_var_ms=0.032741379 effective_gflops=1.367012
RESULT comm=ghost_mpi kernel=cusparse matrix=ASIC_680k.mtx P=4 rank=2 nrows_local=170715 ncols_global=682862 nnz_local=775125 n_ghost=180699 compute_avg_ms=0.034372 compute_min_ms=0.033792 compute_max_ms=0.034816 compute_var_ms=0.000000257 compute_gflops=45.101767 eff_bw_gbs=261.035444 pct_peak_bw=27.9745 comm_avg_ms=1.027092 comm_min_ms=0.447643 comm_max_ms=1.268678 comm_var_ms=0.039699392 total_avg_ms=1.061464 total_min_ms=0.481435 total_max_ms=1.303494 total_var_ms=0.039760888 effective_gflops=1.460483
RESULT comm=ghost_mpi kernel=cusparse matrix=ASIC_680k.mtx P=4 rank=3 nrows_local=170715 ncols_global=682862 nnz_local=775530 n_ghost=181084 compute_avg_ms=0.034133 compute_min_ms=0.033792 compute_max_ms=0.035840 compute_var_ms=0.000000303 compute_gflops=45.441210 eff_bw_gbs=263.002731 pct_peak_bw=28.1853 comm_avg_ms=1.098385 comm_min_ms=0.699696 comm_max_ms=1.581307 comm_var_ms=0.031315709 total_avg_ms=1.132519 total_min_ms=0.734512 total_max_ms=1.615099 total_var_ms=0.031287384 effective_gflops=1.369567
[ERROR CHECKING] OK!

--- P=4 rep=2/3 driver=spmv_ghost_acc ---
Loaded ../matrices/ASIC_680k.mtx: 682862 x 682862, 3871773 nnz
[kernel] acc -> LINE-ENHANCE (nnz=775626, avg_nnz=4.54, imbalance=44.90, V=1)
[kernel] acc -> LINE-ENHANCE (nnz=775530, avg_nnz=4.54, imbalance=44.03, V=1)
[kernel] acc -> LINE-ENHANCE (nnz=775125, avg_nnz=4.54, imbalance=44.05, V=1)
[kernel] acc -> FLAT (nnz=1545492, avg_nnz=9.05, imbalance=43660.55)
RESULT comm=ghost_mpi kernel=acc matrix=ASIC_680k.mtx P=4 rank=2 nrows_local=170715 ncols_global=682862 nnz_local=775125 n_ghost=180699 compute_avg_ms=0.034167 compute_min_ms=0.032768 compute_max_ms=0.037888 compute_var_ms=0.000001362 compute_gflops=45.372108 eff_bw_gbs=262.600092 pct_peak_bw=28.1422 comm_avg_ms=1.019866 comm_min_ms=0.578595 comm_max_ms=1.284339 comm_var_ms=0.036928853 total_avg_ms=1.054033 total_min_ms=0.611363 total_max_ms=1.318131 total_var_ms=0.037057860 effective_gflops=1.470779
RESULT comm=ghost_mpi kernel=acc matrix=ASIC_680k.mtx P=4 rank=1 nrows_local=170716 ncols_global=682862 nnz_local=775626 n_ghost=181409 compute_avg_ms=0.033894 compute_min_ms=0.031744 compute_max_ms=0.038912 compute_var_ms=0.000002471 compute_gflops=45.767206 eff_bw_gbs=264.918097 pct_peak_bw=28.3906 comm_avg_ms=1.035466 comm_min_ms=0.719810 comm_max_ms=1.323834 comm_var_ms=0.019582988 total_avg_ms=1.069361 total_min_ms=0.753602 total_max_ms=1.356602 total_var_ms=0.019471584 effective_gflops=1.450635
RESULT comm=ghost_mpi kernel=acc matrix=ASIC_680k.mtx P=4 rank=0 nrows_local=170716 ncols_global=682862 nnz_local=1545492 n_ghost=512001 compute_avg_ms=0.045500 compute_min_ms=0.044032 compute_max_ms=0.047104 compute_var_ms=0.000000537 compute_gflops=67.934112 eff_bw_gbs=361.904886 pct_peak_bw=38.7844 comm_avg_ms=1.036890 comm_min_ms=0.720397 comm_max_ms=1.323903 comm_var_ms=0.028548341 total_avg_ms=1.082390 total_min_ms=0.765453 total_max_ms=1.369983 total_var_ms=0.028596709 effective_gflops=2.855702
RESULT comm=ghost_mpi kernel=acc matrix=ASIC_680k.mtx P=4 rank=3 nrows_local=170715 ncols_global=682862 nnz_local=775530 n_ghost=181084 compute_avg_ms=0.034850 compute_min_ms=0.032768 compute_max_ms=0.036864 compute_var_ms=0.000001712 compute_gflops=44.506572 eff_bw_gbs=257.593271 pct_peak_bw=27.6056 comm_avg_ms=1.059934 comm_min_ms=0.682037 comm_max_ms=1.298313 comm_var_ms=0.023239188 total_avg_ms=1.094785 total_min_ms=0.716853 total_max_ms=1.333129 total_var_ms=0.023208064 effective_gflops=1.416772
[ERROR CHECKING] OK!

--- P=4 rep=2/3 driver=spmv_ghost_nccl_cusparse ---
Loaded ../matrices/ASIC_680k.mtx: 682862 x 682862, 3871773 nnz
RESULT comm=ghost_nccl kernel=cusparse matrix=ASIC_680k.mtx P=4 rank=0 nrows_local=170716 ncols_global=682862 nnz_local=1545492 n_ghost=512001 compute_avg_ms=0.043247 compute_min_ms=0.041984 compute_max_ms=0.044032 compute_var_ms=0.000000327 compute_gflops=71.472906 eff_bw_gbs=380.617418 pct_peak_bw=40.7898 comm_avg_ms=0.369577 comm_min_ms=0.360621 comm_max_ms=0.375785 comm_var_ms=0.000012743 total_avg_ms=0.412823 total_min_ms=0.403629 total_max_ms=0.418793 total_var_ms=0.000013301 effective_gflops=7.487424
RESULT comm=ghost_nccl kernel=cusparse matrix=ASIC_680k.mtx P=4 rank=1 nrows_local=170716 ncols_global=682862 nnz_local=775626 n_ghost=181409 compute_avg_ms=0.035021 compute_min_ms=0.033792 compute_max_ms=0.035840 compute_var_ms=0.000000308 compute_gflops=44.295161 eff_bw_gbs=256.397336 pct_peak_bw=27.4774 comm_avg_ms=0.225056 comm_min_ms=0.214943 comm_max_ms=0.242518 comm_var_ms=0.000028872 total_avg_ms=0.260077 total_min_ms=0.249759 total_max_ms=0.277334 total_var_ms=0.000028984 effective_gflops=5.964593
RESULT comm=ghost_nccl kernel=cusparse matrix=ASIC_680k.mtx P=4 rank=2 nrows_local=170715 ncols_global=682862 nnz_local=775125 n_ghost=180699 compute_avg_ms=0.034577 compute_min_ms=0.033792 compute_max_ms=0.035840 compute_var_ms=0.000000257 compute_gflops=44.834630 eff_bw_gbs=259.489330 pct_peak_bw=27.8088 comm_avg_ms=0.240681 comm_min_ms=0.233091 comm_max_ms=0.247964 comm_var_ms=0.000015668 total_avg_ms=0.275258 total_min_ms=0.267907 total_max_ms=0.282780 total_var_ms=0.000016093 effective_gflops=5.631983
RESULT comm=ghost_nccl kernel=cusparse matrix=ASIC_680k.mtx P=4 rank=3 nrows_local=170715 ncols_global=682862 nnz_local=775530 n_ghost=181084 compute_avg_ms=0.034782 compute_min_ms=0.033792 compute_max_ms=0.035840 compute_var_ms=0.000000313 compute_gflops=44.593926 eff_bw_gbs=258.098852 pct_peak_bw=27.6598 comm_avg_ms=0.274362 comm_min_ms=0.263863 comm_max_ms=0.286720 comm_var_ms=0.000021003 total_avg_ms=0.309143 total_min_ms=0.298679 total_max_ms=0.321536 total_var_ms=0.000021687 effective_gflops=5.017283
[ERROR CHECKING] OK!

--- P=4 rep=2/3 driver=spmv_ghost_nccl_acc ---
Loaded ../matrices/ASIC_680k.mtx: 682862 x 682862, 3871773 nnz
[kernel] acc -> LINE-ENHANCE (nnz=775626, avg_nnz=4.54, imbalance=44.90, V=1)
[kernel] acc -> LINE-ENHANCE (nnz=775125, avg_nnz=4.54, imbalance=44.05, V=1)
[kernel] acc -> LINE-ENHANCE (nnz=775530, avg_nnz=4.54, imbalance=44.03, V=1)
[kernel] acc -> FLAT (nnz=1545492, avg_nnz=9.05, imbalance=43660.55)
RESULT comm=ghost_nccl kernel=acc matrix=ASIC_680k.mtx P=4 rank=0 nrows_local=170716 ncols_global=682862 nnz_local=1545492 n_ghost=512001 compute_avg_ms=0.046012 compute_min_ms=0.044032 compute_max_ms=0.049152 compute_var_ms=0.000001324 compute_gflops=67.178168 eff_bw_gbs=357.877753 pct_peak_bw=38.3528 comm_avg_ms=0.375708 comm_min_ms=0.368571 comm_max_ms=0.389409 comm_var_ms=0.000025386 total_avg_ms=0.421719 total_min_ms=0.413627 total_max_ms=0.438561 total_var_ms=0.000034024 effective_gflops=7.329480
RESULT comm=ghost_nccl kernel=acc matrix=ASIC_680k.mtx P=4 rank=1 nrows_local=170716 ncols_global=682862 nnz_local=775626 n_ghost=181409 compute_avg_ms=0.034441 compute_min_ms=0.032768 compute_max_ms=0.038912 compute_var_ms=0.000002480 compute_gflops=45.041462 eff_bw_gbs=260.717215 pct_peak_bw=27.9404 comm_avg_ms=0.225688 comm_min_ms=0.219011 comm_max_ms=0.240075 comm_var_ms=0.000028839 total_avg_ms=0.260128 total_min_ms=0.252803 total_max_ms=0.278987 total_var_ms=0.000039599 effective_gflops=5.963409
RESULT comm=ghost_nccl kernel=acc matrix=ASIC_680k.mtx P=4 rank=2 nrows_local=170715 ncols_global=682862 nnz_local=775125 n_ghost=180699 compute_avg_ms=0.035055 compute_min_ms=0.031744 compute_max_ms=0.039936 compute_var_ms=0.000005500 compute_gflops=44.223447 eff_bw_gbs=255.951990 pct_peak_bw=27.4297 comm_avg_ms=0.254069 comm_min_ms=0.220180 comm_max_ms=0.349683 comm_var_ms=0.000369330 total_avg_ms=0.289124 total_min_ms=0.253972 total_max_ms=0.389619 total_var_ms=0.000417174 effective_gflops=5.361881
RESULT comm=ghost_nccl kernel=acc matrix=ASIC_680k.mtx P=4 rank=3 nrows_local=170715 ncols_global=682862 nnz_local=775530 n_ghost=181084 compute_avg_ms=0.034782 compute_min_ms=0.031744 compute_max_ms=0.041984 compute_var_ms=0.000006046 compute_gflops=44.593926 eff_bw_gbs=258.098854 pct_peak_bw=27.6598 comm_avg_ms=0.280270 comm_min_ms=0.267923 comm_max_ms=0.297186 comm_var_ms=0.000050866 total_avg_ms=0.315052 total_min_ms=0.302261 total_max_ms=0.339170 total_var_ms=0.000071890 effective_gflops=4.923187
[ERROR CHECKING] OK!

--- P=4 rep=2/3 driver=spmv_2d_cusparse ---
Grid: P=4 -> P_r=2 x P_c=2
Loaded ../matrices/ASIC_680k.mtx: 682862 x 682862, 3871773 nnz
RESULT comm=checkerboard_mpi kernel=cusparse matrix=ASIC_680k.mtx P=4 rank=0 nrows_local=341431 ncols_global=682862 nnz_local=1508903 n_ghost=-1 compute_avg_ms=0.042940 compute_min_ms=0.041984 compute_max_ms=0.045056 compute_var_ms=0.000000485 compute_gflops=70.280036 eff_bw_gbs=376.537041 pct_peak_bw=40.3525 comm_avg_ms=1.577653 comm_min_ms=1.556622 comm_max_ms=1.607304 comm_var_ms=0.000067593 total_avg_ms=1.620592 total_min_ms=1.599630 total_max_ms=1.650312 total_var_ms=0.000067735 effective_gflops=1.862162
RESULT comm=checkerboard_mpi kernel=cusparse matrix=ASIC_680k.mtx P=4 rank=1 nrows_local=341431 ncols_global=682862 nnz_local=811714 n_ghost=-1 compute_avg_ms=0.053009 compute_min_ms=0.051200 compute_max_ms=0.054272 compute_var_ms=0.000000537 compute_gflops=30.625478 eff_bw_gbs=199.793899 pct_peak_bw=21.4114 comm_avg_ms=1.075201 comm_min_ms=1.063788 comm_max_ms=1.096811 comm_var_ms=0.000049172 total_avg_ms=1.128210 total_min_ms=1.117004 total_max_ms=1.151083 total_var_ms=0.000051678 effective_gflops=1.438941
RESULT comm=checkerboard_mpi kernel=cusparse matrix=ASIC_680k.mtx P=4 rank=2 nrows_local=341431 ncols_global=682862 nnz_local=811714 n_ghost=-1 compute_avg_ms=0.035840 compute_min_ms=0.034816 compute_max_ms=0.036864 compute_var_ms=0.000000419 compute_gflops=45.296539 eff_bw_gbs=295.504680 pct_peak_bw=31.6685 comm_avg_ms=1.636806 comm_min_ms=1.624155 comm_max_ms=1.656580 comm_var_ms=0.000035028 total_avg_ms=1.672646 total_min_ms=1.658971 total_max_ms=1.692420 total_var_ms=0.000035509 effective_gflops=0.970575
RESULT comm=checkerboard_mpi kernel=cusparse matrix=ASIC_680k.mtx P=4 rank=3 nrows_local=341431 ncols_global=682862 nnz_local=739442 n_ghost=-1 compute_avg_ms=0.037069 compute_min_ms=0.035840 compute_max_ms=0.038912 compute_var_ms=0.000000377 compute_gflops=39.895652 eff_bw_gbs=270.111567 pct_peak_bw=28.9471 comm_avg_ms=1.265638 comm_min_ms=1.253419 comm_max_ms=1.271224 comm_var_ms=0.000018208 total_avg_ms=1.302707 total_min_ms=1.290283 total_max_ms=1.308088 total_var_ms=0.000018705 effective_gflops=1.135239
[ERROR CHECKING] OK!

--- P=4 rep=2/3 driver=spmv_2d_acc ---
Grid: P=4 -> P_r=2 x P_c=2
Loaded ../matrices/ASIC_680k.mtx: 682862 x 682862, 3871773 nnz
[kernel] acc -> LINE-ENHANCE (nnz=811714, avg_nnz=2.38, imbalance=45.01, V=1)
[kernel] acc -> LINE-ENHANCE (nnz=739442, avg_nnz=2.17, imbalance=49.41, V=1)
[kernel] acc -> LINE-ENHANCE (nnz=811714, avg_nnz=2.38, imbalance=83130.73, V=1)
[kernel] acc -> FLAT (nnz=1508903, avg_nnz=4.42, imbalance=44718.12)
RESULT comm=checkerboard_mpi kernel=acc matrix=ASIC_680k.mtx P=4 rank=0 nrows_local=341431 ncols_global=682862 nnz_local=1508903 n_ghost=-1 compute_avg_ms=0.035328 compute_min_ms=0.034816 compute_max_ms=0.035840 compute_var_ms=0.000000262 compute_gflops=85.422496 eff_bw_gbs=457.832191 pct_peak_bw=49.0647 comm_avg_ms=2.450455 comm_min_ms=2.441956 comm_max_ms=2.466927 comm_var_ms=0.000029539 total_avg_ms=2.485783 total_min_ms=2.476772 total_max_ms=2.502767 total_var_ms=0.000030516 effective_gflops=1.214026
RESULT comm=checkerboard_mpi kernel=acc matrix=ASIC_680k.mtx P=4 rank=1 nrows_local=341431 ncols_global=682862 nnz_local=811714 n_ghost=-1 compute_avg_ms=1.626965 compute_min_ms=1.626112 compute_max_ms=1.628160 compute_var_ms=0.000000425 compute_gflops=0.997826 eff_bw_gbs=6.509597 pct_peak_bw=0.6976 comm_avg_ms=0.592886 comm_min_ms=0.586863 comm_max_ms=0.606947 comm_var_ms=0.000025198 total_avg_ms=2.219852 total_min_ms=2.213491 total_max_ms=2.235107 total_var_ms=0.000026013 effective_gflops=0.731323
RESULT comm=checkerboard_mpi kernel=acc matrix=ASIC_680k.mtx P=4 rank=2 nrows_local=341431 ncols_global=682862 nnz_local=811714 n_ghost=-1 compute_avg_ms=0.028740 compute_min_ms=0.027648 compute_max_ms=0.030720 compute_var_ms=0.000000555 compute_gflops=56.486184 eff_bw_gbs=368.503466 pct_peak_bw=39.4915 comm_avg_ms=1.351593 comm_min_ms=1.341862 comm_max_ms=1.365688 comm_var_ms=0.000024496 total_avg_ms=1.380333 total_min_ms=1.370534 total_max_ms=1.394360 total_var_ms=0.000026603 effective_gflops=1.176113
RESULT comm=checkerboard_mpi kernel=acc matrix=ASIC_680k.mtx P=4 rank=3 nrows_local=341431 ncols_global=682862 nnz_local=739442 n_ghost=-1 compute_avg_ms=0.027580 compute_min_ms=0.026624 compute_max_ms=0.028672 compute_var_ms=0.000000275 compute_gflops=53.622128 eff_bw_gbs=363.046004 pct_peak_bw=38.9067 comm_avg_ms=1.085098 comm_min_ms=1.076011 comm_max_ms=1.097147 comm_var_ms=0.000025043 total_avg_ms=1.112677 total_min_ms=1.103457 total_max_ms=1.125819 total_var_ms=0.000025755 effective_gflops=1.329122
[ERROR CHECKING] OK!

--- P=4 rep=2/3 driver=spmv_2d_nccl_cusparse ---
Grid: P=4 -> P_r=2 x P_c=2
Loaded ../matrices/ASIC_680k.mtx: 682862 x 682862, 3871773 nnz
RESULT comm=checkerboard_nccl kernel=cusparse matrix=ASIC_680k.mtx P=4 rank=1 nrows_local=341431 ncols_global=682862 nnz_local=811714 n_ghost=-1 compute_avg_ms=0.052668 compute_min_ms=0.051200 compute_max_ms=0.054272 compute_var_ms=0.000000537 compute_gflops=30.823958 eff_bw_gbs=201.088740 pct_peak_bw=21.5501 comm_avg_ms=0.212591 comm_min_ms=0.207685 comm_max_ms=0.216977 comm_var_ms=0.000008163 total_avg_ms=0.265259 total_min_ms=0.260084 total_max_ms=0.269882 total_var_ms=0.000007822 effective_gflops=6.120158
RESULT comm=checkerboard_nccl kernel=cusparse matrix=ASIC_680k.mtx P=4 rank=2 nrows_local=341431 ncols_global=682862 nnz_local=811714 n_ghost=-1 compute_avg_ms=0.036215 compute_min_ms=0.034816 compute_max_ms=0.036864 compute_var_ms=0.000000383 compute_gflops=44.826923 eff_bw_gbs=292.441011 pct_peak_bw=31.3401 comm_avg_ms=0.334108 comm_min_ms=0.321312 comm_max_ms=0.353995 comm_var_ms=0.000036181 total_avg_ms=0.370323 total_min_ms=0.357152 total_max_ms=0.389835 total_var_ms=0.000036166 effective_gflops=4.383815
RESULT comm=checkerboard_nccl kernel=cusparse matrix=ASIC_680k.mtx P=4 rank=0 nrows_local=341431 ncols_global=682862 nnz_local=1508903 n_ghost=-1 compute_avg_ms=0.043657 compute_min_ms=0.041984 compute_max_ms=0.045056 compute_var_ms=0.000000523 compute_gflops=69.126103 eff_bw_gbs=370.354648 pct_peak_bw=39.6899 comm_avg_ms=0.282369 comm_min_ms=0.273086 comm_max_ms=0.300309 comm_var_ms=0.000022878 total_avg_ms=0.326026 total_min_ms=0.317118 total_max_ms=0.345365 total_var_ms=0.000023619 effective_gflops=9.256336
RESULT comm=checkerboard_nccl kernel=cusparse matrix=ASIC_680k.mtx P=4 rank=3 nrows_local=341431 ncols_global=682862 nnz_local=739442 n_ghost=-1 compute_avg_ms=0.038400 compute_min_ms=0.037888 compute_max_ms=0.038912 compute_var_ms=0.000000262 compute_gflops=38.512604 eff_bw_gbs=260.747709 pct_peak_bw=27.9436 comm_avg_ms=0.269689 comm_min_ms=0.259776 comm_max_ms=0.280856 comm_var_ms=0.000026090 total_avg_ms=0.308089 total_min_ms=0.297664 total_max_ms=0.319768 total_var_ms=0.000026741 effective_gflops=4.800179
[ERROR CHECKING] OK!

--- P=4 rep=2/3 driver=spmv_2d_nccl_acc ---
Grid: P=4 -> P_r=2 x P_c=2
Loaded ../matrices/ASIC_680k.mtx: 682862 x 682862, 3871773 nnz
[kernel] acc -> LINE-ENHANCE (nnz=739442, avg_nnz=2.17, imbalance=49.41, V=1)
[kernel] acc -> LINE-ENHANCE (nnz=811714, avg_nnz=2.38, imbalance=45.01, V=1)
[kernel] acc -> LINE-ENHANCE (nnz=811714, avg_nnz=2.38, imbalance=83130.73, V=1)
[kernel] acc -> FLAT (nnz=1508903, avg_nnz=4.42, imbalance=44718.12)
RESULT comm=checkerboard_nccl kernel=acc matrix=ASIC_680k.mtx P=4 rank=2 nrows_local=341431 ncols_global=682862 nnz_local=811714 n_ghost=-1 compute_avg_ms=0.028092 compute_min_ms=0.027648 compute_max_ms=0.028672 compute_var_ms=0.000000257 compute_gflops=57.790239 eff_bw_gbs=377.010838 pct_peak_bw=40.4033 comm_avg_ms=0.331092 comm_min_ms=0.320117 comm_max_ms=0.388884 comm_var_ms=0.000142543 total_avg_ms=0.359184 total_min_ms=0.348789 total_max_ms=0.416532 total_var_ms=0.000139898 effective_gflops=4.519773
RESULT comm=checkerboard_nccl kernel=acc matrix=ASIC_680k.mtx P=4 rank=1 nrows_local=341431 ncols_global=682862 nnz_local=811714 n_ghost=-1 compute_avg_ms=1.632597 compute_min_ms=1.630208 compute_max_ms=1.635328 compute_var_ms=0.000002470 compute_gflops=0.994384 eff_bw_gbs=6.487140 pct_peak_bw=0.6952 comm_avg_ms=0.212345 comm_min_ms=0.208504 comm_max_ms=0.217146 comm_var_ms=0.000005424 total_avg_ms=1.844943 total_min_ms=1.838712 total_max_ms=1.851147 total_var_ms=0.000009614 effective_gflops=0.879934
RESULT comm=checkerboard_nccl kernel=acc matrix=ASIC_680k.mtx P=4 rank=0 nrows_local=341431 ncols_global=682862 nnz_local=1508903 n_ghost=-1 compute_avg_ms=0.035669 compute_min_ms=0.034816 compute_max_ms=0.036864 compute_var_ms=0.000000355 compute_gflops=84.605055 eff_bw_gbs=453.451020 pct_peak_bw=48.5951 comm_avg_ms=1.869220 comm_min_ms=1.860100 comm_max_ms=1.878936 comm_var_ms=0.000016474 total_avg_ms=1.904889 total_min_ms=1.896084 total_max_ms=1.914776 total_var_ms=0.000016406 effective_gflops=1.584242
RESULT comm=checkerboard_nccl kernel=acc matrix=ASIC_680k.mtx P=4 rank=3 nrows_local=341431 ncols_global=682862 nnz_local=739442 n_ghost=-1 compute_avg_ms=0.027307 compute_min_ms=0.026624 compute_max_ms=0.030720 compute_var_ms=0.000000722 compute_gflops=54.158350 eff_bw_gbs=366.676467 pct_peak_bw=39.2957 comm_avg_ms=0.269956 comm_min_ms=0.260798 comm_max_ms=0.301736 comm_var_ms=0.000058950 total_avg_ms=0.297262 total_min_ms=0.287734 total_max_ms=0.332456 total_var_ms=0.000068212 effective_gflops=4.975014
[ERROR CHECKING] OK!

--- P=4 rep=3/3 driver=spmv_bcast ---
Loaded ../matrices/ASIC_680k.mtx: 682862 x 682862, 3871773 nnz
RESULT comm=bcast kernel=cusparse matrix=ASIC_680k.mtx P=4 rank=0 nrows_local=170716 ncols_global=682862 nnz_local=1545492 n_ghost=-1 compute_avg_ms=0.044169 compute_min_ms=0.043008 compute_max_ms=0.046080 compute_var_ms=0.000000890 compute_gflops=69.981586 eff_bw_gbs=372.688761 pct_peak_bw=39.9401 comm_avg_ms=0.872501 comm_min_ms=0.822557 comm_max_ms=0.902381 comm_var_ms=0.000134840 total_avg_ms=0.916669 total_min_ms=0.866589 total_max_ms=0.948461 total_var_ms=0.000139217 effective_gflops=3.371974
RESULT comm=bcast kernel=cusparse matrix=ASIC_680k.mtx P=4 rank=1 nrows_local=170716 ncols_global=682862 nnz_local=775626 n_ghost=-1 compute_avg_ms=0.036932 compute_min_ms=0.036864 compute_max_ms=0.037888 compute_var_ms=0.000000065 compute_gflops=42.002620 eff_bw_gbs=278.948155 pct_peak_bw=29.8941 comm_avg_ms=1.250380 comm_min_ms=1.177717 comm_max_ms=1.285735 comm_var_ms=0.000252123 total_avg_ms=1.287312 total_min_ms=1.214581 total_max_ms=1.322599 total_var_ms=0.000251676 effective_gflops=1.205032
RESULT comm=bcast kernel=cusparse matrix=ASIC_680k.mtx P=4 rank=2 nrows_local=170715 ncols_global=682862 nnz_local=775125 n_ghost=-1 compute_avg_ms=0.036762 compute_min_ms=0.035840 compute_max_ms=0.037888 compute_var_ms=0.000000234 compute_gflops=42.170361 eff_bw_gbs=280.133934 pct_peak_bw=30.0212 comm_avg_ms=1.409243 comm_min_ms=1.393687 comm_max_ms=1.515570 comm_var_ms=0.000480567 total_avg_ms=1.446004 total_min_ms=1.430551 total_max_ms=1.552434 total_var_ms=0.000481952 effective_gflops=1.072092
RESULT comm=bcast kernel=cusparse matrix=ASIC_680k.mtx P=4 rank=3 nrows_local=170715 ncols_global=682862 nnz_local=775530 n_ghost=-1 compute_avg_ms=0.036454 compute_min_ms=0.035840 compute_max_ms=0.036864 compute_var_ms=0.000000252 compute_gflops=42.547949 eff_bw_gbs=282.583493 pct_peak_bw=30.2837 comm_avg_ms=1.414532 comm_min_ms=1.401513 comm_max_ms=1.479701 comm_var_ms=0.000234564 total_avg_ms=1.450986 total_min_ms=1.438377 total_max_ms=1.516565 total_var_ms=0.000234080 effective_gflops=1.068969
[ERROR CHECKING] OK!

--- P=4 rep=3/3 driver=spmv_ghost_cusparse ---
Loaded ../matrices/ASIC_680k.mtx: 682862 x 682862, 3871773 nnz
RESULT comm=ghost_mpi kernel=cusparse matrix=ASIC_680k.mtx P=4 rank=0 nrows_local=170716 ncols_global=682862 nnz_local=1545492 n_ghost=512001 compute_avg_ms=0.043145 compute_min_ms=0.041984 compute_max_ms=0.045056 compute_var_ms=0.000000611 compute_gflops=71.642542 eff_bw_gbs=381.520782 pct_peak_bw=40.8866 comm_avg_ms=1.119471 comm_min_ms=0.946159 comm_max_ms=1.261554 comm_var_ms=0.005644213 total_avg_ms=1.162615 total_min_ms=0.989167 total_max_ms=1.304562 total_var_ms=0.005674721 effective_gflops=2.658647
RESULT comm=ghost_mpi kernel=cusparse matrix=ASIC_680k.mtx P=4 rank=1 nrows_local=170716 ncols_global=682862 nnz_local=775626 n_ghost=181409 compute_avg_ms=0.034611 compute_min_ms=0.033792 compute_max_ms=0.034816 compute_var_ms=0.000000168 compute_gflops=44.819364 eff_bw_gbs=259.431625 pct_peak_bw=27.8026 comm_avg_ms=1.136788 comm_min_ms=0.954531 comm_max_ms=1.253346 comm_var_ms=0.005694821 total_avg_ms=1.171399 total_min_ms=0.989347 total_max_ms=1.287774 total_var_ms=0.005686608 effective_gflops=1.324273
RESULT comm=ghost_mpi kernel=cusparse matrix=ASIC_680k.mtx P=4 rank=2 nrows_local=170715 ncols_global=682862 nnz_local=775125 n_ghost=180699 compute_avg_ms=0.034304 compute_min_ms=0.033792 compute_max_ms=0.034816 compute_var_ms=0.000000262 compute_gflops=45.191522 eff_bw_gbs=261.554917 pct_peak_bw=28.0301 comm_avg_ms=1.130707 comm_min_ms=0.881922 comm_max_ms=1.260778 comm_var_ms=0.009533667 total_avg_ms=1.165011 total_min_ms=0.915714 total_max_ms=1.294570 total_var_ms=0.009541311 effective_gflops=1.330674
RESULT comm=ghost_mpi kernel=cusparse matrix=ASIC_680k.mtx P=4 rank=3 nrows_local=170715 ncols_global=682862 nnz_local=775530 n_ghost=181084 compute_avg_ms=0.034304 compute_min_ms=0.033792 compute_max_ms=0.034816 compute_var_ms=0.000000262 compute_gflops=45.215135 eff_bw_gbs=261.694260 pct_peak_bw=28.0451 comm_avg_ms=1.144986 comm_min_ms=0.954365 comm_max_ms=1.256994 comm_var_ms=0.005756985 total_avg_ms=1.179290 total_min_ms=0.988157 total_max_ms=1.290786 total_var_ms=0.005764878 effective_gflops=1.315249
[ERROR CHECKING] OK!

--- P=4 rep=3/3 driver=spmv_ghost_acc ---
Loaded ../matrices/ASIC_680k.mtx: 682862 x 682862, 3871773 nnz
[kernel] acc -> LINE-ENHANCE (nnz=775626, avg_nnz=4.54, imbalance=44.90, V=1)
[kernel] acc -> LINE-ENHANCE (nnz=775530, avg_nnz=4.54, imbalance=44.03, V=1)
[kernel] acc -> LINE-ENHANCE (nnz=775125, avg_nnz=4.54, imbalance=44.05, V=1)
[kernel] acc -> FLAT (nnz=1545492, avg_nnz=9.05, imbalance=43660.55)
RESULT comm=ghost_mpi kernel=acc matrix=ASIC_680k.mtx P=4 rank=0 nrows_local=170716 ncols_global=682862 nnz_local=1545492 n_ghost=512001 compute_avg_ms=0.045807 compute_min_ms=0.045056 compute_max_ms=0.048128 compute_var_ms=0.000000624 compute_gflops=67.478518 eff_bw_gbs=359.477804 pct_peak_bw=38.5243 comm_avg_ms=1.122414 comm_min_ms=0.712075 comm_max_ms=1.534250 comm_var_ms=0.026833148 total_avg_ms=1.168221 total_min_ms=0.757131 total_max_ms=1.580330 total_var_ms=0.026874351 effective_gflops=2.645889
RESULT comm=ghost_mpi kernel=acc matrix=ASIC_680k.mtx P=4 rank=2 nrows_local=170715 ncols_global=682862 nnz_local=775125 n_ghost=180699 compute_avg_ms=0.034167 compute_min_ms=0.032768 compute_max_ms=0.037888 compute_var_ms=0.000001572 compute_gflops=45.372108 eff_bw_gbs=262.600092 pct_peak_bw=28.1422 comm_avg_ms=1.103178 comm_min_ms=0.550561 comm_max_ms=1.281647 comm_var_ms=0.027498940 total_avg_ms=1.137345 total_min_ms=0.586401 total_max_ms=1.314415 total_var_ms=0.027445291 effective_gflops=1.363042
RESULT comm=ghost_mpi kernel=acc matrix=ASIC_680k.mtx P=4 rank=1 nrows_local=170716 ncols_global=682862 nnz_local=775626 n_ghost=181409 compute_avg_ms=0.033963 compute_min_ms=0.031744 compute_max_ms=0.037888 compute_var_ms=0.000001963 compute_gflops=45.675212 eff_bw_gbs=264.385597 pct_peak_bw=28.3335 comm_avg_ms=1.117520 comm_min_ms=0.669880 comm_max_ms=1.534468 comm_var_ms=0.028356914 total_avg_ms=1.151482 total_min_ms=0.703672 total_max_ms=1.568260 total_var_ms=0.028477545 effective_gflops=1.347178
RESULT comm=ghost_mpi kernel=acc matrix=ASIC_680k.mtx P=4 rank=3 nrows_local=170715 ncols_global=682862 nnz_local=775530 n_ghost=181084 compute_avg_ms=0.035021 compute_min_ms=0.032768 compute_max_ms=0.038912 compute_var_ms=0.000002614 compute_gflops=44.289679 eff_bw_gbs=256.337944 pct_peak_bw=27.4711 comm_avg_ms=1.138390 comm_min_ms=0.693440 comm_max_ms=1.521568 comm_var_ms=0.025565077 total_avg_ms=1.173410 total_min_ms=0.727232 total_max_ms=1.557408 total_var_ms=0.025735713 effective_gflops=1.321839
[ERROR CHECKING] OK!

--- P=4 rep=3/3 driver=spmv_ghost_nccl_cusparse ---
Loaded ../matrices/ASIC_680k.mtx: 682862 x 682862, 3871773 nnz
RESULT comm=ghost_nccl kernel=cusparse matrix=ASIC_680k.mtx P=4 rank=0 nrows_local=170716 ncols_global=682862 nnz_local=1545492 n_ghost=512001 compute_avg_ms=0.043486 compute_min_ms=0.041984 compute_max_ms=0.045056 compute_var_ms=0.000000541 compute_gflops=71.080198 eff_bw_gbs=378.526113 pct_peak_bw=40.5656 comm_avg_ms=0.370359 comm_min_ms=0.360703 comm_max_ms=0.379428 comm_var_ms=0.000016049 total_avg_ms=0.413844 total_min_ms=0.403711 total_max_ms=0.422436 total_var_ms=0.000017187 effective_gflops=7.468952
RESULT comm=ghost_nccl kernel=cusparse matrix=ASIC_680k.mtx P=4 rank=1 nrows_local=170716 ncols_global=682862 nnz_local=775626 n_ghost=181409 compute_avg_ms=0.034850 compute_min_ms=0.033792 compute_max_ms=0.036864 compute_var_ms=0.000000453 compute_gflops=44.512081 eff_bw_gbs=257.652955 pct_peak_bw=27.6120 comm_avg_ms=0.222918 comm_min_ms=0.216410 comm_max_ms=0.238049 comm_var_ms=0.000016090 total_avg_ms=0.257768 total_min_ms=0.250202 total_max_ms=0.272865 total_var_ms=0.000016119 effective_gflops=6.018008
RESULT comm=ghost_nccl kernel=cusparse matrix=ASIC_680k.mtx P=4 rank=2 nrows_local=170715 ncols_global=682862 nnz_local=775125 n_ghost=180699 compute_avg_ms=0.034441 compute_min_ms=0.033792 compute_max_ms=0.035840 compute_var_ms=0.000000313 compute_gflops=45.012369 eff_bw_gbs=260.518029 pct_peak_bw=27.9190 comm_avg_ms=0.243039 comm_min_ms=0.235230 comm_max_ms=0.269878 comm_var_ms=0.000040683 total_avg_ms=0.277480 total_min_ms=0.270046 total_max_ms=0.303670 total_var_ms=0.000040184 effective_gflops=5.586899
RESULT comm=ghost_nccl kernel=cusparse matrix=ASIC_680k.mtx P=4 rank=3 nrows_local=170715 ncols_global=682862 nnz_local=775530 n_ghost=181084 compute_avg_ms=0.034782 compute_min_ms=0.033792 compute_max_ms=0.036864 compute_var_ms=0.000000453 compute_gflops=44.593926 eff_bw_gbs=258.098852 pct_peak_bw=27.6598 comm_avg_ms=0.273175 comm_min_ms=0.263429 comm_max_ms=0.279927 comm_var_ms=0.000025236 total_avg_ms=0.307956 total_min_ms=0.298245 total_max_ms=0.314743 total_var_ms=0.000025538 effective_gflops=5.036621
[ERROR CHECKING] OK!

--- P=4 rep=3/3 driver=spmv_ghost_nccl_acc ---
Loaded ../matrices/ASIC_680k.mtx: 682862 x 682862, 3871773 nnz
[kernel] acc -> LINE-ENHANCE (nnz=775626, avg_nnz=4.54, imbalance=44.90, V=1)
[kernel] acc -> LINE-ENHANCE (nnz=775125, avg_nnz=4.54, imbalance=44.05, V=1)
[kernel] acc -> LINE-ENHANCE (nnz=775530, avg_nnz=4.54, imbalance=44.03, V=1)
[kernel] acc -> FLAT (nnz=1545492, avg_nnz=9.05, imbalance=43660.55)
RESULT comm=ghost_nccl kernel=acc matrix=ASIC_680k.mtx P=4 rank=1 nrows_local=170716 ncols_global=682862 nnz_local=775626 n_ghost=181409 compute_avg_ms=0.035021 compute_min_ms=0.032768 compute_max_ms=0.038912 compute_var_ms=0.000002964 compute_gflops=44.295161 eff_bw_gbs=256.397338 pct_peak_bw=27.4774 comm_avg_ms=0.397385 comm_min_ms=0.218945 comm_max_ms=2.755510 comm_var_ms=0.381260792 total_avg_ms=0.432406 total_min_ms=0.252737 total_max_ms=2.788278 total_var_ms=0.381034851 effective_gflops=3.587493
RESULT comm=ghost_nccl kernel=acc matrix=ASIC_680k.mtx P=4 rank=2 nrows_local=170715 ncols_global=682862 nnz_local=775125 n_ghost=180699 compute_avg_ms=0.035260 compute_min_ms=0.032768 compute_max_ms=0.040960 compute_var_ms=0.000004032 compute_gflops=43.966583 eff_bw_gbs=254.465336 pct_peak_bw=27.2704 comm_avg_ms=0.423811 comm_min_ms=0.245730 comm_max_ms=2.790922 comm_var_ms=0.382924238 total_avg_ms=0.459070 total_min_ms=0.279522 total_max_ms=2.823690 total_var_ms=0.382454325 effective_gflops=3.376933
RESULT comm=ghost_nccl kernel=acc matrix=ASIC_680k.mtx P=4 rank=0 nrows_local=170716 ncols_global=682862 nnz_local=1545492 n_ghost=512001 compute_avg_ms=0.045670 compute_min_ms=0.044032 compute_max_ms=0.049152 compute_var_ms=0.000000951 compute_gflops=67.680247 eff_bw_gbs=360.552476 pct_peak_bw=38.6395 comm_avg_ms=0.542661 comm_min_ms=0.365125 comm_max_ms=2.894590 comm_var_ms=0.379555096 total_avg_ms=0.588332 total_min_ms=0.410704 total_max_ms=2.939646 total_var_ms=0.379524721 effective_gflops=5.253813
RESULT comm=ghost_nccl kernel=acc matrix=ASIC_680k.mtx P=4 rank=3 nrows_local=170715 ncols_global=682862 nnz_local=775530 n_ghost=181084 compute_avg_ms=0.035533 compute_min_ms=0.031744 compute_max_ms=0.040960 compute_var_ms=0.000004764 compute_gflops=43.651499 eff_bw_gbs=252.644315 pct_peak_bw=27.0752 comm_avg_ms=0.442074 comm_min_ms=0.260416 comm_max_ms=2.808497 comm_var_ms=0.382616537 total_avg_ms=0.477607 total_min_ms=0.294208 total_max_ms=2.843313 total_var_ms=0.382362055 effective_gflops=3.247565
[ERROR CHECKING] OK!

--- P=4 rep=3/3 driver=spmv_2d_cusparse ---
Grid: P=4 -> P_r=2 x P_c=2
Loaded ../matrices/ASIC_680k.mtx: 682862 x 682862, 3871773 nnz
RESULT comm=checkerboard_mpi kernel=cusparse matrix=ASIC_680k.mtx P=4 rank=1 nrows_local=341431 ncols_global=682862 nnz_local=811714 n_ghost=-1 compute_avg_ms=0.052634 compute_min_ms=0.051200 compute_max_ms=0.054272 compute_var_ms=0.000000461 compute_gflops=30.843948 eff_bw_gbs=201.219148 pct_peak_bw=21.5641 comm_avg_ms=1.344676 comm_min_ms=1.326666 comm_max_ms=1.364487 comm_var_ms=0.000064493 total_avg_ms=1.397310 total_min_ms=1.380938 total_max_ms=1.416711 total_var_ms=0.000060549 effective_gflops=1.161824
RESULT comm=checkerboard_mpi kernel=cusparse matrix=ASIC_680k.mtx P=4 rank=2 nrows_local=341431 ncols_global=682862 nnz_local=811714 n_ghost=-1 compute_avg_ms=0.035840 compute_min_ms=0.034816 compute_max_ms=0.038912 compute_var_ms=0.000000839 compute_gflops=45.296539 eff_bw_gbs=295.504681 pct_peak_bw=31.6685 comm_avg_ms=1.606241 comm_min_ms=1.596311 comm_max_ms=1.630407 comm_var_ms=0.000058897 total_avg_ms=1.642081 total_min_ms=1.631569 total_max_ms=1.665223 total_var_ms=0.000058837 effective_gflops=0.988641
RESULT comm=checkerboard_mpi kernel=cusparse matrix=ASIC_680k.mtx P=4 rank=0 nrows_local=341431 ncols_global=682862 nnz_local=1508903 n_ghost=-1 compute_avg_ms=0.043145 compute_min_ms=0.041984 compute_max_ms=0.046080 compute_var_ms=0.000000611 compute_gflops=69.946429 eff_bw_gbs=374.749681 pct_peak_bw=40.1609 comm_avg_ms=1.673188 comm_min_ms=1.659645 comm_max_ms=1.691524 comm_var_ms=0.000044093 total_avg_ms=1.716332 total_min_ms=1.702653 total_max_ms=1.734532 total_var_ms=0.000045318 effective_gflops=1.758288
RESULT comm=checkerboard_mpi kernel=cusparse matrix=ASIC_680k.mtx P=4 rank=3 nrows_local=341431 ncols_global=682862 nnz_local=739442 n_ghost=-1 compute_avg_ms=0.037342 compute_min_ms=0.035840 compute_max_ms=0.037888 compute_var_ms=0.000000331 compute_gflops=39.603910 eff_bw_gbs=268.136344 pct_peak_bw=28.7355 comm_avg_ms=1.064168 comm_min_ms=1.045691 comm_max_ms=1.107884 comm_var_ms=0.000186552 total_avg_ms=1.101510 total_min_ms=1.082555 total_max_ms=1.144748 total_var_ms=0.000186539 effective_gflops=1.342597
[ERROR CHECKING] OK!

--- P=4 rep=3/3 driver=spmv_2d_acc ---
Grid: P=4 -> P_r=2 x P_c=2
Loaded ../matrices/ASIC_680k.mtx: 682862 x 682862, 3871773 nnz
[kernel] acc -> LINE-ENHANCE (nnz=811714, avg_nnz=2.38, imbalance=45.01, V=1)
[kernel] acc -> LINE-ENHANCE (nnz=739442, avg_nnz=2.17, imbalance=49.41, V=1)
[kernel] acc -> LINE-ENHANCE (nnz=811714, avg_nnz=2.38, imbalance=83130.73, V=1)
[kernel] acc -> FLAT (nnz=1508903, avg_nnz=4.42, imbalance=44718.12)
RESULT comm=checkerboard_mpi kernel=acc matrix=ASIC_680k.mtx P=4 rank=1 nrows_local=341431 ncols_global=682862 nnz_local=811714 n_ghost=-1 compute_avg_ms=1.626931 compute_min_ms=1.626112 compute_max_ms=1.628160 compute_var_ms=0.000000377 compute_gflops=0.997847 eff_bw_gbs=6.509733 pct_peak_bw=0.6976 comm_avg_ms=0.618501 comm_min_ms=0.606963 comm_max_ms=0.635992 comm_var_ms=0.000051512 total_avg_ms=2.245432 total_min_ms=2.234099 total_max_ms=2.263128 total_var_ms=0.000052781 effective_gflops=0.722991
RESULT comm=checkerboard_mpi kernel=acc matrix=ASIC_680k.mtx P=4 rank=2 nrows_local=341431 ncols_global=682862 nnz_local=811714 n_ghost=-1 compute_avg_ms=0.028331 compute_min_ms=0.027648 compute_max_ms=0.029696 compute_var_ms=0.000000373 compute_gflops=57.302851 eff_bw_gbs=373.831228 pct_peak_bw=40.0625 comm_avg_ms=1.446960 comm_min_ms=1.436012 comm_max_ms=1.461907 comm_var_ms=0.000034985 total_avg_ms=1.475291 total_min_ms=1.464684 total_max_ms=1.491603 total_var_ms=0.000037041 effective_gflops=1.100412
RESULT comm=checkerboard_mpi kernel=acc matrix=ASIC_680k.mtx P=4 rank=0 nrows_local=341431 ncols_global=682862 nnz_local=1508903 n_ghost=-1 compute_avg_ms=0.035226 compute_min_ms=0.034816 compute_max_ms=0.035840 compute_var_ms=0.000000252 compute_gflops=85.670817 eff_bw_gbs=459.163099 pct_peak_bw=49.2073 comm_avg_ms=2.483591 comm_min_ms=2.471529 comm_max_ms=2.502261 comm_var_ms=0.000059671 total_avg_ms=2.518816 total_min_ms=2.507369 total_max_ms=2.537077 total_var_ms=0.000059004 effective_gflops=1.198105
RESULT comm=checkerboard_mpi kernel=acc matrix=ASIC_680k.mtx P=4 rank=3 nrows_local=341431 ncols_global=682862 nnz_local=739442 n_ghost=-1 compute_avg_ms=0.027716 compute_min_ms=0.026624 compute_max_ms=0.028672 compute_var_ms=0.000000345 compute_gflops=53.357980 eff_bw_gbs=361.257600 pct_peak_bw=38.7150 comm_avg_ms=1.179760 comm_min_ms=1.166185 comm_max_ms=1.197437 comm_var_ms=0.000050667 total_avg_ms=1.207476 total_min_ms=1.193833 total_max_ms=1.225085 total_var_ms=0.000050556 effective_gflops=1.224773
[ERROR CHECKING] OK!

--- P=4 rep=3/3 driver=spmv_2d_nccl_cusparse ---
Grid: P=4 -> P_r=2 x P_c=2
Loaded ../matrices/ASIC_680k.mtx: 682862 x 682862, 3871773 nnz
RESULT comm=checkerboard_nccl kernel=cusparse matrix=ASIC_680k.mtx P=4 rank=1 nrows_local=341431 ncols_global=682862 nnz_local=811714 n_ghost=-1 compute_avg_ms=0.052463 compute_min_ms=0.051200 compute_max_ms=0.054272 compute_var_ms=0.000000817 compute_gflops=30.944286 eff_bw_gbs=201.873733 pct_peak_bw=21.6343 comm_avg_ms=0.212162 comm_min_ms=0.207508 comm_max_ms=0.217306 comm_var_ms=0.000005983 total_avg_ms=0.264625 total_min_ms=0.260465 total_max_ms=0.270937 total_var_ms=0.000006699 effective_gflops=6.134815
RESULT comm=checkerboard_nccl kernel=cusparse matrix=ASIC_680k.mtx P=4 rank=2 nrows_local=341431 ncols_global=682862 nnz_local=811714 n_ghost=-1 compute_avg_ms=0.036113 compute_min_ms=0.034816 compute_max_ms=0.037888 compute_var_ms=0.000000485 compute_gflops=44.954032 eff_bw_gbs=293.270239 pct_peak_bw=31.4290 comm_avg_ms=0.330285 comm_min_ms=0.303885 comm_max_ms=0.342731 comm_var_ms=0.000044690 total_avg_ms=0.366398 total_min_ms=0.340749 total_max_ms=0.378571 total_var_ms=0.000042288 effective_gflops=4.430780
RESULT comm=checkerboard_nccl kernel=cusparse matrix=ASIC_680k.mtx P=4 rank=0 nrows_local=341431 ncols_global=682862 nnz_local=1508903 n_ghost=-1 compute_avg_ms=0.043383 compute_min_ms=0.041984 compute_max_ms=0.044032 compute_var_ms=0.000000313 compute_gflops=69.561200 eff_bw_gbs=372.685756 pct_peak_bw=39.9397 comm_avg_ms=0.279962 comm_min_ms=0.272572 comm_max_ms=0.286918 comm_var_ms=0.000016304 total_avg_ms=0.323345 total_min_ms=0.315580 total_max_ms=0.329926 total_var_ms=0.000014717 effective_gflops=9.333078
RESULT comm=checkerboard_nccl kernel=cusparse matrix=ASIC_680k.mtx P=4 rank=3 nrows_local=341431 ncols_global=682862 nnz_local=739442 n_ghost=-1 compute_avg_ms=0.038332 compute_min_ms=0.037888 compute_max_ms=0.039936 compute_var_ms=0.000000327 compute_gflops=38.581193 eff_bw_gbs=261.212083 pct_peak_bw=27.9934 comm_avg_ms=0.267233 comm_min_ms=0.260491 comm_max_ms=0.278787 comm_var_ms=0.000021203 total_avg_ms=0.305565 total_min_ms=0.298379 total_max_ms=0.317579 total_var_ms=0.000022929 effective_gflops=4.839831
[ERROR CHECKING] OK!

--- P=4 rep=3/3 driver=spmv_2d_nccl_acc ---
Grid: P=4 -> P_r=2 x P_c=2
Loaded ../matrices/ASIC_680k.mtx: 682862 x 682862, 3871773 nnz
[kernel] acc -> LINE-ENHANCE (nnz=739442, avg_nnz=2.17, imbalance=49.41, V=1)
[kernel] acc -> LINE-ENHANCE (nnz=811714, avg_nnz=2.38, imbalance=45.01, V=1)
[kernel] acc -> LINE-ENHANCE (nnz=811714, avg_nnz=2.38, imbalance=83130.73, V=1)
[kernel] acc -> FLAT (nnz=1508903, avg_nnz=4.42, imbalance=44718.12)
RESULT comm=checkerboard_nccl kernel=acc matrix=ASIC_680k.mtx P=4 rank=1 nrows_local=341431 ncols_global=682862 nnz_local=811714 n_ghost=-1 compute_avg_ms=1.633075 compute_min_ms=1.629184 compute_max_ms=1.640448 compute_var_ms=0.000004292 compute_gflops=0.994093 eff_bw_gbs=6.485242 pct_peak_bw=0.6950 comm_avg_ms=0.226727 comm_min_ms=0.208967 comm_max_ms=0.585049 comm_var_ms=0.004522039 total_avg_ms=1.859803 total_min_ms=1.839144 total_max_ms=2.218329 total_var_ms=0.004557183 effective_gflops=0.872903
RESULT comm=checkerboard_nccl kernel=acc matrix=ASIC_680k.mtx P=4 rank=0 nrows_local=341431 ncols_global=682862 nnz_local=1508903 n_ghost=-1 compute_avg_ms=0.035738 compute_min_ms=0.034816 compute_max_ms=0.036864 compute_var_ms=0.000000234 compute_gflops=84.443441 eff_bw_gbs=452.584829 pct_peak_bw=48.5023 comm_avg_ms=1.872735 comm_min_ms=1.861326 comm_max_ms=1.963648 comm_var_ms=0.000301066 total_avg_ms=1.908473 total_min_ms=1.897166 total_max_ms=1.998464 total_var_ms=0.000293896 effective_gflops=1.581267
RESULT comm=checkerboard_nccl kernel=acc matrix=ASIC_680k.mtx P=4 rank=2 nrows_local=341431 ncols_global=682862 nnz_local=811714 n_ghost=-1 compute_avg_ms=0.028092 compute_min_ms=0.027648 compute_max_ms=0.029696 compute_var_ms=0.000000327 compute_gflops=57.790239 eff_bw_gbs=377.010838 pct_peak_bw=40.4033 comm_avg_ms=0.331042 comm_min_ms=0.317657 comm_max_ms=0.451070 comm_var_ms=0.000665980 total_avg_ms=0.359134 total_min_ms=0.346256 total_max_ms=0.478718 total_var_ms=0.000665432 effective_gflops=4.520394
RESULT comm=checkerboard_nccl kernel=acc matrix=ASIC_680k.mtx P=4 rank=3 nrows_local=341431 ncols_global=682862 nnz_local=739442 n_ghost=-1 compute_avg_ms=0.027477 compute_min_ms=0.026624 compute_max_ms=0.029696 compute_var_ms=0.000000495 compute_gflops=53.821962 eff_bw_gbs=364.398971 pct_peak_bw=39.0517 comm_avg_ms=0.267863 comm_min_ms=0.258691 comm_max_ms=0.330326 comm_var_ms=0.000222129 total_avg_ms=0.295340 total_min_ms=0.286339 total_max_ms=0.356950 total_var_ms=0.000224730 effective_gflops=5.007396
[ERROR CHECKING] OK!

=== Job done ===
