=== D2_final strong scaling ===
Node:     edu01
Date:     Tue Jul 21 07:37:23 PM CEST 2026
Matrix:   ../matrices/amazon0302.mtx
P:        3
Reps:     3

--- P=3 rep=1/3 driver=spmv_bcast ---
Loaded ../matrices/amazon0302.mtx: 262111 x 262111, 1234877 nnz
RESULT comm=bcast kernel=cusparse matrix=amazon0302.mtx P=3 rank=1 nrows_local=87370 ncols_global=262111 nnz_local=411242 n_ghost=-1 compute_avg_ms=0.032495 compute_min_ms=0.031744 compute_max_ms=0.032768 compute_var_ms=0.000000205 compute_gflops=25.311146 eff_bw_gbs=155.019368 pct_peak_bw=16.6130 comm_avg_ms=0.250512 comm_min_ms=0.243387 comm_max_ms=0.259359 comm_var_ms=0.000017120 total_avg_ms=0.283007 total_min_ms=0.276155 total_max_ms=0.292127 total_var_ms=0.000017921 effective_gflops=2.906228
RESULT comm=bcast kernel=cusparse matrix=amazon0302.mtx P=3 rank=2 nrows_local=87370 ncols_global=262111 nnz_local=411705 n_ghost=-1 compute_avg_ms=0.032222 compute_min_ms=0.031744 compute_max_ms=0.032768 compute_var_ms=0.000000261 compute_gflops=25.554386 eff_bw_gbs=156.448045 pct_peak_bw=16.7661 comm_avg_ms=0.318936 comm_min_ms=0.311282 comm_max_ms=0.329843 comm_var_ms=0.000024223 total_avg_ms=0.351158 total_min_ms=0.343168 total_max_ms=0.362611 total_var_ms=0.000025099 effective_gflops=2.344843
RESULT comm=bcast kernel=cusparse matrix=amazon0302.mtx P=3 rank=0 nrows_local=87371 ncols_global=262111 nnz_local=411930 n_ghost=-1 compute_avg_ms=0.031983 compute_min_ms=0.031744 compute_max_ms=0.032768 compute_var_ms=0.000000188 compute_gflops=25.759364 eff_bw_gbs=157.673344 pct_peak_bw=16.8974 comm_avg_ms=0.318711 comm_min_ms=0.311189 comm_max_ms=0.329688 comm_var_ms=0.000025125 total_avg_ms=0.350694 total_min_ms=0.342933 total_max_ms=0.361432 total_var_ms=0.000025751 effective_gflops=2.349230
[ERROR CHECKING] OK!

--- P=3 rep=1/3 driver=spmv_ghost_cusparse ---
Loaded ../matrices/amazon0302.mtx: 262111 x 262111, 1234877 nnz
RESULT comm=ghost_mpi kernel=cusparse matrix=amazon0302.mtx P=3 rank=0 nrows_local=87371 ncols_global=262111 nnz_local=411930 n_ghost=130589 compute_avg_ms=0.035738 compute_min_ms=0.034816 compute_max_ms=0.036864 compute_var_ms=0.000000374 compute_gflops=23.053030 eff_bw_gbs=136.166163 pct_peak_bw=14.5926 comm_avg_ms=0.359175 comm_min_ms=0.277671 comm_max_ms=0.410925 comm_var_ms=0.000676767 total_avg_ms=0.394912 total_min_ms=0.313511 total_max_ms=0.446765 total_var_ms=0.000678205 effective_gflops=2.086185
RESULT comm=ghost_mpi kernel=cusparse matrix=amazon0302.mtx P=3 rank=1 nrows_local=87370 ncols_global=262111 nnz_local=411242 n_ghost=130703 compute_avg_ms=0.035703 compute_min_ms=0.034816 compute_max_ms=0.036864 compute_var_ms=0.000000191 compute_gflops=23.036530 eff_bw_gbs=136.154618 pct_peak_bw=14.5913 comm_avg_ms=0.329917 comm_min_ms=0.254079 comm_max_ms=0.345422 comm_var_ms=0.000526423 total_avg_ms=0.365620 total_min_ms=0.288895 total_max_ms=0.381262 total_var_ms=0.000536605 effective_gflops=2.249557
RESULT comm=ghost_mpi kernel=cusparse matrix=amazon0302.mtx P=3 rank=2 nrows_local=87370 ncols_global=262111 nnz_local=411705 n_ghost=130630 compute_avg_ms=0.034850 compute_min_ms=0.033792 compute_max_ms=0.035840 compute_var_ms=0.000000244 compute_gflops=23.627169 eff_bw_gbs=139.586379 pct_peak_bw=14.9591 comm_avg_ms=0.359215 comm_min_ms=0.277679 comm_max_ms=0.411021 comm_var_ms=0.000678001 total_avg_ms=0.394065 total_min_ms=0.312495 total_max_ms=0.444813 total_var_ms=0.000676766 effective_gflops=2.089528
[ERROR CHECKING] OK!

--- P=3 rep=1/3 driver=spmv_ghost_acc ---
Loaded ../matrices/amazon0302.mtx: 262111 x 262111, 1234877 nnz
[kernel] acc -> LINE-ENHANCE (nnz=411242, avg_nnz=4.71, imbalance=1.06, V=1)
[kernel] acc -> LINE-ENHANCE (nnz=411930, avg_nnz=4.71, imbalance=1.06, V=1)
[kernel] acc -> LINE-ENHANCE (nnz=411705, avg_nnz=4.71, imbalance=1.06, V=1)
RESULT comm=ghost_mpi kernel=acc matrix=amazon0302.mtx P=3 rank=0 nrows_local=87371 ncols_global=262111 nnz_local=411930 n_ghost=130589 compute_avg_ms=0.024235 compute_min_ms=0.023552 compute_max_ms=0.025600 compute_var_ms=0.000000303 compute_gflops=33.995102 eff_bw_gbs=200.797144 pct_peak_bw=21.5189 comm_avg_ms=0.365890 comm_min_ms=0.284893 comm_max_ms=0.416586 comm_var_ms=0.000602231 total_avg_ms=0.390125 total_min_ms=0.308445 total_max_ms=0.440138 total_var_ms=0.000604521 effective_gflops=2.111785
RESULT comm=ghost_mpi kernel=acc matrix=amazon0302.mtx P=3 rank=1 nrows_local=87370 ncols_global=262111 nnz_local=411242 n_ghost=130703 compute_avg_ms=0.024542 compute_min_ms=0.023552 compute_max_ms=0.025600 compute_var_ms=0.000000313 compute_gflops=33.513505 eff_bw_gbs=198.077512 pct_peak_bw=21.2274 comm_avg_ms=0.336778 comm_min_ms=0.269700 comm_max_ms=0.356695 comm_var_ms=0.000318402 total_avg_ms=0.361320 total_min_ms=0.294276 total_max_ms=0.380247 total_var_ms=0.000316222 effective_gflops=2.276333
RESULT comm=ghost_mpi kernel=acc matrix=amazon0302.mtx P=3 rank=2 nrows_local=87370 ncols_global=262111 nnz_local=411705 n_ghost=130630 compute_avg_ms=0.023552 compute_min_ms=0.022528 compute_max_ms=0.024576 compute_var_ms=0.000000140 compute_gflops=34.961361 eff_bw_gbs=206.547380 pct_peak_bw=22.1351 comm_avg_ms=0.366340 comm_min_ms=0.290889 comm_max_ms=0.416697 comm_var_ms=0.000578833 total_avg_ms=0.389892 total_min_ms=0.314441 total_max_ms=0.440249 total_var_ms=0.000579465 effective_gflops=2.111890
[ERROR CHECKING] OK!

--- P=3 rep=1/3 driver=spmv_ghost_nccl_cusparse ---
Loaded ../matrices/amazon0302.mtx: 262111 x 262111, 1234877 nnz
RESULT comm=ghost_nccl kernel=cusparse matrix=amazon0302.mtx P=3 rank=0 nrows_local=87371 ncols_global=262111 nnz_local=411930 n_ghost=130589 compute_avg_ms=0.036011 compute_min_ms=0.034816 compute_max_ms=0.036864 compute_var_ms=0.000000425 compute_gflops=22.878221 eff_bw_gbs=135.133623 pct_peak_bw=14.4819 comm_avg_ms=0.129726 comm_min_ms=0.125106 comm_max_ms=0.135879 comm_var_ms=0.000007763 total_avg_ms=0.165736 total_min_ms=0.160946 total_max_ms=0.172743 total_var_ms=0.000007049 effective_gflops=4.970913
RESULT comm=ghost_nccl kernel=cusparse matrix=amazon0302.mtx P=3 rank=1 nrows_local=87370 ncols_global=262111 nnz_local=411242 n_ghost=130703 compute_avg_ms=0.036932 compute_min_ms=0.035840 compute_max_ms=0.037888 compute_var_ms=0.000000275 compute_gflops=22.270065 eff_bw_gbs=131.624519 pct_peak_bw=14.1059 comm_avg_ms=0.165246 comm_min_ms=0.155050 comm_max_ms=0.175676 comm_var_ms=0.000022674 total_avg_ms=0.202178 total_min_ms=0.192938 total_max_ms=0.212540 total_var_ms=0.000021512 effective_gflops=4.068110
RESULT comm=ghost_nccl kernel=cusparse matrix=amazon0302.mtx P=3 rank=2 nrows_local=87370 ncols_global=262111 nnz_local=411705 n_ghost=130630 compute_avg_ms=0.035601 compute_min_ms=0.034816 compute_max_ms=0.036864 compute_var_ms=0.000000257 compute_gflops=23.128801 eff_bw_gbs=136.642082 pct_peak_bw=14.6436 comm_avg_ms=0.142664 comm_min_ms=0.138094 comm_max_ms=0.148541 comm_var_ms=0.000006182 total_avg_ms=0.178265 total_min_ms=0.173934 total_max_ms=0.184381 total_var_ms=0.000007217 effective_gflops=4.619013
[ERROR CHECKING] OK!

--- P=3 rep=1/3 driver=spmv_ghost_nccl_acc ---
Loaded ../matrices/amazon0302.mtx: 262111 x 262111, 1234877 nnz
[kernel] acc -> LINE-ENHANCE (nnz=411242, avg_nnz=4.71, imbalance=1.06, V=1)
[kernel] acc -> LINE-ENHANCE (nnz=411705, avg_nnz=4.71, imbalance=1.06, V=1)
[kernel] acc -> LINE-ENHANCE (nnz=411930, avg_nnz=4.71, imbalance=1.06, V=1)
RESULT comm=ghost_nccl kernel=acc matrix=amazon0302.mtx P=3 rank=1 nrows_local=87370 ncols_global=262111 nnz_local=411242 n_ghost=130703 compute_avg_ms=0.024542 compute_min_ms=0.023552 compute_max_ms=0.025600 compute_var_ms=0.000000174 compute_gflops=33.513505 eff_bw_gbs=198.077511 pct_peak_bw=21.2274 comm_avg_ms=0.167146 comm_min_ms=0.158332 comm_max_ms=0.178988 comm_var_ms=0.000023567 total_avg_ms=0.191687 total_min_ms=0.182908 total_max_ms=0.203564 total_var_ms=0.000023684 effective_gflops=4.290757
RESULT comm=ghost_nccl kernel=acc matrix=amazon0302.mtx P=3 rank=0 nrows_local=87371 ncols_global=262111 nnz_local=411930 n_ghost=130589 compute_avg_ms=0.024405 compute_min_ms=0.023552 compute_max_ms=0.025600 compute_var_ms=0.000000425 compute_gflops=33.757375 eff_bw_gbs=199.392970 pct_peak_bw=21.3684 comm_avg_ms=0.127473 comm_min_ms=0.123094 comm_max_ms=0.131957 comm_var_ms=0.000005594 total_avg_ms=0.151878 total_min_ms=0.146646 total_max_ms=0.156533 total_var_ms=0.000006954 effective_gflops=5.424491
RESULT comm=ghost_nccl kernel=acc matrix=amazon0302.mtx P=3 rank=2 nrows_local=87370 ncols_global=262111 nnz_local=411705 n_ghost=130630 compute_avg_ms=0.024201 compute_min_ms=0.023552 compute_max_ms=0.024576 compute_var_ms=0.000000244 compute_gflops=34.024456 eff_bw_gbs=201.012258 pct_peak_bw=21.5420 comm_avg_ms=0.142869 comm_min_ms=0.137236 comm_max_ms=0.150663 comm_var_ms=0.000006003 total_avg_ms=0.167070 total_min_ms=0.161812 total_max_ms=0.175239 total_var_ms=0.000006343 effective_gflops=4.928533
[ERROR CHECKING] OK!

--- P=3 rep=2/3 driver=spmv_bcast ---
Loaded ../matrices/amazon0302.mtx: 262111 x 262111, 1234877 nnz
RESULT comm=bcast kernel=cusparse matrix=amazon0302.mtx P=3 rank=1 nrows_local=87370 ncols_global=262111 nnz_local=411242 n_ghost=-1 compute_avg_ms=0.032870 compute_min_ms=0.032768 compute_max_ms=0.033792 compute_var_ms=0.000000094 compute_gflops=25.022026 eff_bw_gbs=153.248637 pct_peak_bw=16.4233 comm_avg_ms=0.288624 comm_min_ms=0.282636 comm_max_ms=0.307877 comm_var_ms=0.000037011 total_avg_ms=0.321494 total_min_ms=0.315404 total_max_ms=0.340645 total_var_ms=0.000036089 effective_gflops=2.558315
RESULT comm=bcast kernel=cusparse matrix=amazon0302.mtx P=3 rank=2 nrows_local=87370 ncols_global=262111 nnz_local=411705 n_ghost=-1 compute_avg_ms=0.032427 compute_min_ms=0.031744 compute_max_ms=0.045056 compute_var_ms=0.000005686 compute_gflops=25.392990 eff_bw_gbs=155.459952 pct_peak_bw=16.6602 comm_avg_ms=0.319866 comm_min_ms=0.314483 comm_max_ms=0.340474 comm_var_ms=0.000032264 total_avg_ms=0.352292 total_min_ms=0.346234 total_max_ms=0.372218 total_var_ms=0.000033902 effective_gflops=2.337291
RESULT comm=bcast kernel=cusparse matrix=amazon0302.mtx P=3 rank=0 nrows_local=87371 ncols_global=262111 nnz_local=411930 n_ghost=-1 compute_avg_ms=0.032119 compute_min_ms=0.031744 compute_max_ms=0.032768 compute_var_ms=0.000000244 compute_gflops=25.649866 eff_bw_gbs=157.003107 pct_peak_bw=16.8256 comm_avg_ms=0.312526 comm_min_ms=0.306790 comm_max_ms=0.333376 comm_var_ms=0.000034697 total_avg_ms=0.344646 total_min_ms=0.338534 total_max_ms=0.365120 total_var_ms=0.000034904 effective_gflops=2.390453
[ERROR CHECKING] OK!

--- P=3 rep=2/3 driver=spmv_ghost_cusparse ---
Loaded ../matrices/amazon0302.mtx: 262111 x 262111, 1234877 nnz
RESULT comm=ghost_mpi kernel=cusparse matrix=amazon0302.mtx P=3 rank=1 nrows_local=87370 ncols_global=262111 nnz_local=411242 n_ghost=130703 compute_avg_ms=0.035601 compute_min_ms=0.034816 compute_max_ms=0.035840 compute_var_ms=0.000000188 compute_gflops=23.102790 eff_bw_gbs=136.546242 pct_peak_bw=14.6333 comm_avg_ms=0.333105 comm_min_ms=0.237377 comm_max_ms=0.353519 comm_var_ms=0.000522709 total_avg_ms=0.368706 total_min_ms=0.273217 total_max_ms=0.389359 total_var_ms=0.000521993 effective_gflops=2.230731
RESULT comm=ghost_mpi kernel=cusparse matrix=amazon0302.mtx P=3 rank=2 nrows_local=87370 ncols_global=262111 nnz_local=411705 n_ghost=130630 compute_avg_ms=0.035328 compute_min_ms=0.034816 compute_max_ms=0.037888 compute_var_ms=0.000000542 compute_gflops=23.307574 eff_bw_gbs=137.698253 pct_peak_bw=14.7568 comm_avg_ms=0.365863 comm_min_ms=0.259995 comm_max_ms=0.438767 comm_var_ms=0.001087495 total_avg_ms=0.401191 total_min_ms=0.295835 total_max_ms=0.475631 total_var_ms=0.001090311 effective_gflops=2.052414
RESULT comm=ghost_mpi kernel=cusparse matrix=amazon0302.mtx P=3 rank=0 nrows_local=87371 ncols_global=262111 nnz_local=411930 n_ghost=130589 compute_avg_ms=0.035465 compute_min_ms=0.034816 compute_max_ms=0.036864 compute_var_ms=0.000000313 compute_gflops=23.230532 eff_bw_gbs=137.214604 pct_peak_bw=14.7049 comm_avg_ms=0.365002 comm_min_ms=0.260116 comm_max_ms=0.419219 comm_var_ms=0.000986325 total_avg_ms=0.400466 total_min_ms=0.295956 total_max_ms=0.454035 total_var_ms=0.000978686 effective_gflops=2.057253
[ERROR CHECKING] OK!

--- P=3 rep=2/3 driver=spmv_ghost_acc ---
Loaded ../matrices/amazon0302.mtx: 262111 x 262111, 1234877 nnz
[kernel] acc -> LINE-ENHANCE (nnz=411242, avg_nnz=4.71, imbalance=1.06, V=1)
[kernel] acc -> LINE-ENHANCE (nnz=411930, avg_nnz=4.71, imbalance=1.06, V=1)
[kernel] acc -> LINE-ENHANCE (nnz=411705, avg_nnz=4.71, imbalance=1.06, V=1)
RESULT comm=ghost_mpi kernel=acc matrix=amazon0302.mtx P=3 rank=1 nrows_local=87370 ncols_global=262111 nnz_local=411242 n_ghost=130703 compute_avg_ms=0.024542 compute_min_ms=0.023552 compute_max_ms=0.025600 compute_var_ms=0.000000244 compute_gflops=33.513505 eff_bw_gbs=198.077511 pct_peak_bw=21.2274 comm_avg_ms=0.338148 comm_min_ms=0.313328 comm_max_ms=0.356160 comm_var_ms=0.000093016 total_avg_ms=0.362690 total_min_ms=0.337904 total_max_ms=0.380736 total_var_ms=0.000094450 effective_gflops=2.267733
RESULT comm=ghost_mpi kernel=acc matrix=amazon0302.mtx P=3 rank=0 nrows_local=87371 ncols_global=262111 nnz_local=411930 n_ghost=130589 compute_avg_ms=0.024303 compute_min_ms=0.023552 compute_max_ms=0.024576 compute_var_ms=0.000000205 compute_gflops=33.899610 eff_bw_gbs=200.233107 pct_peak_bw=21.4585 comm_avg_ms=0.373421 comm_min_ms=0.335401 comm_max_ms=0.421383 comm_var_ms=0.000451291 total_avg_ms=0.397724 total_min_ms=0.359977 total_max_ms=0.444935 total_var_ms=0.000444695 effective_gflops=2.071438
RESULT comm=ghost_mpi kernel=acc matrix=amazon0302.mtx P=3 rank=2 nrows_local=87370 ncols_global=262111 nnz_local=411705 n_ghost=130630 compute_avg_ms=0.023757 compute_min_ms=0.022528 compute_max_ms=0.024576 compute_var_ms=0.000000377 compute_gflops=34.659970 eff_bw_gbs=204.766799 pct_peak_bw=21.9443 comm_avg_ms=0.373574 comm_min_ms=0.335430 comm_max_ms=0.421299 comm_var_ms=0.000450515 total_avg_ms=0.397331 total_min_ms=0.357958 total_max_ms=0.444851 total_var_ms=0.000450879 effective_gflops=2.072355
[ERROR CHECKING] OK!

--- P=3 rep=2/3 driver=spmv_ghost_nccl_cusparse ---
Loaded ../matrices/amazon0302.mtx: 262111 x 262111, 1234877 nnz
RESULT comm=ghost_nccl kernel=cusparse matrix=amazon0302.mtx P=3 rank=0 nrows_local=87371 ncols_global=262111 nnz_local=411930 n_ghost=130589 compute_avg_ms=0.036045 compute_min_ms=0.034816 compute_max_ms=0.036864 compute_var_ms=0.000000377 compute_gflops=22.856556 eff_bw_gbs=135.005656 pct_peak_bw=14.4682 comm_avg_ms=0.128722 comm_min_ms=0.123715 comm_max_ms=0.134509 comm_var_ms=0.000007998 total_avg_ms=0.164767 total_min_ms=0.159555 total_max_ms=0.170349 total_var_ms=0.000007959 effective_gflops=5.000146
RESULT comm=ghost_nccl kernel=cusparse matrix=amazon0302.mtx P=3 rank=1 nrows_local=87370 ncols_global=262111 nnz_local=411242 n_ghost=130703 compute_avg_ms=0.036830 compute_min_ms=0.035840 compute_max_ms=0.037888 compute_var_ms=0.000000313 compute_gflops=22.331983 eff_bw_gbs=131.990481 pct_peak_bw=14.1451 comm_avg_ms=0.162626 comm_min_ms=0.153291 comm_max_ms=0.176072 comm_var_ms=0.000028334 total_avg_ms=0.199456 total_min_ms=0.190155 total_max_ms=0.212936 total_var_ms=0.000027736 effective_gflops=4.123644
RESULT comm=ghost_nccl kernel=cusparse matrix=amazon0302.mtx P=3 rank=2 nrows_local=87370 ncols_global=262111 nnz_local=411705 n_ghost=130630 compute_avg_ms=0.035567 compute_min_ms=0.034816 compute_max_ms=0.036864 compute_var_ms=0.000000275 compute_gflops=23.150997 eff_bw_gbs=136.773217 pct_peak_bw=14.6576 comm_avg_ms=0.143882 comm_min_ms=0.136888 comm_max_ms=0.148171 comm_var_ms=0.000007686 total_avg_ms=0.179449 total_min_ms=0.172728 total_max_ms=0.183679 total_var_ms=0.000008024 effective_gflops=4.588550
[ERROR CHECKING] OK!

--- P=3 rep=2/3 driver=spmv_ghost_nccl_acc ---
Loaded ../matrices/amazon0302.mtx: 262111 x 262111, 1234877 nnz
[kernel] acc -> LINE-ENHANCE (nnz=411242, avg_nnz=4.71, imbalance=1.06, V=1)
[kernel] acc -> LINE-ENHANCE (nnz=411930, avg_nnz=4.71, imbalance=1.06, V=1)
[kernel] acc -> LINE-ENHANCE (nnz=411705, avg_nnz=4.71, imbalance=1.06, V=1)
RESULT comm=ghost_nccl kernel=acc matrix=amazon0302.mtx P=3 rank=1 nrows_local=87370 ncols_global=262111 nnz_local=411242 n_ghost=130703 compute_avg_ms=0.024474 compute_min_ms=0.023552 compute_max_ms=0.025600 compute_var_ms=0.000000304 compute_gflops=33.606988 eff_bw_gbs=198.630029 pct_peak_bw=21.2867 comm_avg_ms=0.166179 comm_min_ms=0.160233 comm_max_ms=0.173348 comm_var_ms=0.000017469 total_avg_ms=0.190652 total_min_ms=0.184809 total_max_ms=0.197924 total_var_ms=0.000017425 effective_gflops=4.314055
RESULT comm=ghost_nccl kernel=acc matrix=amazon0302.mtx P=3 rank=0 nrows_local=87371 ncols_global=262111 nnz_local=411930 n_ghost=130589 compute_avg_ms=0.024303 compute_min_ms=0.023552 compute_max_ms=0.025600 compute_var_ms=0.000000485 compute_gflops=33.899611 eff_bw_gbs=200.233109 pct_peak_bw=21.4585 comm_avg_ms=0.127402 comm_min_ms=0.121835 comm_max_ms=0.132766 comm_var_ms=0.000005421 total_avg_ms=0.151705 total_min_ms=0.145387 total_max_ms=0.157342 total_var_ms=0.000006953 effective_gflops=5.430657
RESULT comm=ghost_nccl kernel=acc matrix=amazon0302.mtx P=3 rank=2 nrows_local=87370 ncols_global=262111 nnz_local=411705 n_ghost=130630 compute_avg_ms=0.023825 compute_min_ms=0.022528 compute_max_ms=0.024576 compute_var_ms=0.000000345 compute_gflops=34.560658 eff_bw_gbs=204.180074 pct_peak_bw=21.8814 comm_avg_ms=0.143413 comm_min_ms=0.138970 comm_max_ms=0.149455 comm_var_ms=0.000006560 total_avg_ms=0.167238 total_min_ms=0.161498 total_max_ms=0.173007 total_var_ms=0.000007901 effective_gflops=4.923570
[ERROR CHECKING] OK!

--- P=3 rep=3/3 driver=spmv_bcast ---
Loaded ../matrices/amazon0302.mtx: 262111 x 262111, 1234877 nnz
RESULT comm=bcast kernel=cusparse matrix=amazon0302.mtx P=3 rank=1 nrows_local=87370 ncols_global=262111 nnz_local=411242 n_ghost=-1 compute_avg_ms=0.032666 compute_min_ms=0.031744 compute_max_ms=0.033792 compute_var_ms=0.000000164 compute_gflops=25.178904 eff_bw_gbs=154.209444 pct_peak_bw=16.5262 comm_avg_ms=0.248464 comm_min_ms=0.243579 comm_max_ms=0.255774 comm_var_ms=0.000014306 total_avg_ms=0.281130 total_min_ms=0.276347 total_max_ms=0.288542 total_var_ms=0.000015197 effective_gflops=2.925639
RESULT comm=bcast kernel=cusparse matrix=amazon0302.mtx P=3 rank=2 nrows_local=87370 ncols_global=262111 nnz_local=411705 n_ghost=-1 compute_avg_ms=0.031812 compute_min_ms=0.030720 compute_max_ms=0.032768 compute_var_ms=0.000000135 compute_gflops=25.883412 eff_bw_gbs=158.462398 pct_peak_bw=16.9820 comm_avg_ms=0.316721 comm_min_ms=0.310332 comm_max_ms=0.324371 comm_var_ms=0.000019066 total_avg_ms=0.348533 total_min_ms=0.342076 total_max_ms=0.356115 total_var_ms=0.000018863 effective_gflops=2.362502
RESULT comm=bcast kernel=cusparse matrix=amazon0302.mtx P=3 rank=0 nrows_local=87371 ncols_global=262111 nnz_local=411930 n_ghost=-1 compute_avg_ms=0.032563 compute_min_ms=0.031744 compute_max_ms=0.033792 compute_var_ms=0.000000238 compute_gflops=25.300339 eff_bw_gbs=154.863650 pct_peak_bw=16.5963 comm_avg_ms=0.316543 comm_min_ms=0.310211 comm_max_ms=0.324379 comm_var_ms=0.000019010 total_avg_ms=0.349106 total_min_ms=0.342473 total_max_ms=0.358171 total_var_ms=0.000020318 effective_gflops=2.359914
[ERROR CHECKING] OK!

--- P=3 rep=3/3 driver=spmv_ghost_cusparse ---
Loaded ../matrices/amazon0302.mtx: 262111 x 262111, 1234877 nnz
RESULT comm=ghost_mpi kernel=cusparse matrix=amazon0302.mtx P=3 rank=1 nrows_local=87370 ncols_global=262111 nnz_local=411242 n_ghost=130703 compute_avg_ms=0.035465 compute_min_ms=0.034816 compute_max_ms=0.035840 compute_var_ms=0.000000244 compute_gflops=23.191733 eff_bw_gbs=137.071926 pct_peak_bw=14.6896 comm_avg_ms=0.329659 comm_min_ms=0.233395 comm_max_ms=0.360709 comm_var_ms=0.000611259 total_avg_ms=0.365123 total_min_ms=0.269235 total_max_ms=0.395525 total_var_ms=0.000610550 effective_gflops=2.252620
RESULT comm=ghost_mpi kernel=cusparse matrix=amazon0302.mtx P=3 rank=2 nrows_local=87370 ncols_global=262111 nnz_local=411705 n_ghost=130630 compute_avg_ms=0.034884 compute_min_ms=0.033792 compute_max_ms=0.035840 compute_var_ms=0.000000205 compute_gflops=23.604050 eff_bw_gbs=139.449797 pct_peak_bw=14.9445 comm_avg_ms=0.355027 comm_min_ms=0.256228 comm_max_ms=0.403315 comm_var_ms=0.000730056 total_avg_ms=0.389911 total_min_ms=0.291044 total_max_ms=0.438131 total_var_ms=0.000731806 effective_gflops=2.111788
RESULT comm=ghost_mpi kernel=cusparse matrix=amazon0302.mtx P=3 rank=0 nrows_local=87371 ncols_global=262111 nnz_local=411930 n_ghost=130589 compute_avg_ms=0.035533 compute_min_ms=0.034816 compute_max_ms=0.036864 compute_var_ms=0.000000290 compute_gflops=23.185901 eff_bw_gbs=136.950983 pct_peak_bw=14.6767 comm_avg_ms=0.354631 comm_min_ms=0.256113 comm_max_ms=0.403332 comm_var_ms=0.000766548 total_avg_ms=0.390164 total_min_ms=0.291953 total_max_ms=0.439172 total_var_ms=0.000765151 effective_gflops=2.111574
[ERROR CHECKING] OK!

--- P=3 rep=3/3 driver=spmv_ghost_acc ---
Loaded ../matrices/amazon0302.mtx: 262111 x 262111, 1234877 nnz
[kernel] acc -> LINE-ENHANCE (nnz=411242, avg_nnz=4.71, imbalance=1.06, V=1)
[kernel] acc -> LINE-ENHANCE (nnz=411930, avg_nnz=4.71, imbalance=1.06, V=1)
[kernel] acc -> LINE-ENHANCE (nnz=411705, avg_nnz=4.71, imbalance=1.06, V=1)
RESULT comm=ghost_mpi kernel=acc matrix=amazon0302.mtx P=3 rank=1 nrows_local=87370 ncols_global=262111 nnz_local=411242 n_ghost=130703 compute_avg_ms=0.024610 compute_min_ms=0.023552 compute_max_ms=0.025600 compute_var_ms=0.000000174 compute_gflops=33.420541 eff_bw_gbs=197.528059 pct_peak_bw=21.1686 comm_avg_ms=0.339191 comm_min_ms=0.316009 comm_max_ms=0.353157 comm_var_ms=0.000061734 total_avg_ms=0.363801 total_min_ms=0.340585 total_max_ms=0.377733 total_var_ms=0.000063899 effective_gflops=2.260807
RESULT comm=ghost_mpi kernel=acc matrix=amazon0302.mtx P=3 rank=0 nrows_local=87371 ncols_global=262111 nnz_local=411930 n_ghost=130589 compute_avg_ms=0.024337 compute_min_ms=0.023552 compute_max_ms=0.025600 compute_var_ms=0.000000327 compute_gflops=33.852066 eff_bw_gbs=199.952276 pct_peak_bw=21.4284 comm_avg_ms=0.370056 comm_min_ms=0.338905 comm_max_ms=0.409660 comm_var_ms=0.000286175 total_avg_ms=0.394393 total_min_ms=0.362457 total_max_ms=0.434644 total_var_ms=0.000291231 effective_gflops=2.088931
RESULT comm=ghost_mpi kernel=acc matrix=amazon0302.mtx P=3 rank=2 nrows_local=87370 ncols_global=262111 nnz_local=411705 n_ghost=130630 compute_avg_ms=0.023654 compute_min_ms=0.022528 compute_max_ms=0.024576 compute_var_ms=0.000000374 compute_gflops=34.810013 eff_bw_gbs=205.653235 pct_peak_bw=22.0393 comm_avg_ms=0.370062 comm_min_ms=0.338874 comm_max_ms=0.409659 comm_var_ms=0.000286775 total_avg_ms=0.393716 total_min_ms=0.361402 total_max_ms=0.433211 total_var_ms=0.000288222 effective_gflops=2.091380
[ERROR CHECKING] OK!

--- P=3 rep=3/3 driver=spmv_ghost_nccl_cusparse ---
Loaded ../matrices/amazon0302.mtx: 262111 x 262111, 1234877 nnz
RESULT comm=ghost_nccl kernel=cusparse matrix=amazon0302.mtx P=3 rank=0 nrows_local=87371 ncols_global=262111 nnz_local=411930 n_ghost=130589 compute_avg_ms=0.035669 compute_min_ms=0.034816 compute_max_ms=0.036864 compute_var_ms=0.000000355 compute_gflops=23.097151 eff_bw_gbs=136.426768 pct_peak_bw=14.6205 comm_avg_ms=0.130388 comm_min_ms=0.125469 comm_max_ms=0.135227 comm_var_ms=0.000005087 total_avg_ms=0.166057 total_min_ms=0.160681 total_max_ms=0.171067 total_var_ms=0.000005293 effective_gflops=4.961300
RESULT comm=ghost_nccl kernel=cusparse matrix=amazon0302.mtx P=3 rank=1 nrows_local=87370 ncols_global=262111 nnz_local=411242 n_ghost=130703 compute_avg_ms=0.037001 compute_min_ms=0.035840 compute_max_ms=0.037888 compute_var_ms=0.000000331 compute_gflops=22.228976 eff_bw_gbs=131.381669 pct_peak_bw=14.0798 comm_avg_ms=0.158892 comm_min_ms=0.149186 comm_max_ms=0.167454 comm_var_ms=0.000019023 total_avg_ms=0.195892 total_min_ms=0.187074 total_max_ms=0.204318 total_var_ms=0.000016592 effective_gflops=4.198654
RESULT comm=ghost_nccl kernel=cusparse matrix=amazon0302.mtx P=3 rank=2 nrows_local=87370 ncols_global=262111 nnz_local=411705 n_ghost=130630 compute_avg_ms=0.035703 compute_min_ms=0.034816 compute_max_ms=0.036864 compute_var_ms=0.000000331 compute_gflops=23.062466 eff_bw_gbs=136.250183 pct_peak_bw=14.6016 comm_avg_ms=0.160038 comm_min_ms=0.140869 comm_max_ms=0.601570 comm_var_ms=0.006727829 total_avg_ms=0.195742 total_min_ms=0.176575 total_max_ms=0.638434 total_var_ms=0.006762776 effective_gflops=4.206617
[ERROR CHECKING] OK!

--- P=3 rep=3/3 driver=spmv_ghost_nccl_acc ---
Loaded ../matrices/amazon0302.mtx: 262111 x 262111, 1234877 nnz
[kernel] acc -> LINE-ENHANCE (nnz=411242, avg_nnz=4.71, imbalance=1.06, V=1)
[kernel] acc -> LINE-ENHANCE (nnz=411930, avg_nnz=4.71, imbalance=1.06, V=1)
[kernel] acc -> LINE-ENHANCE (nnz=411705, avg_nnz=4.71, imbalance=1.06, V=1)
RESULT comm=ghost_nccl kernel=acc matrix=amazon0302.mtx P=3 rank=1 nrows_local=87370 ncols_global=262111 nnz_local=411242 n_ghost=130703 compute_avg_ms=0.024371 compute_min_ms=0.023552 compute_max_ms=0.025600 compute_var_ms=0.000000238 compute_gflops=33.748194 eff_bw_gbs=199.464608 pct_peak_bw=21.3761 comm_avg_ms=0.167061 comm_min_ms=0.155813 comm_max_ms=0.185279 comm_var_ms=0.000042589 total_avg_ms=0.191433 total_min_ms=0.179365 total_max_ms=0.209855 total_var_ms=0.000044970 effective_gflops=4.296468
RESULT comm=ghost_nccl kernel=acc matrix=amazon0302.mtx P=3 rank=0 nrows_local=87371 ncols_global=262111 nnz_local=411930 n_ghost=130589 compute_avg_ms=0.024303 compute_min_ms=0.023552 compute_max_ms=0.025600 compute_var_ms=0.000000415 compute_gflops=33.899611 eff_bw_gbs=200.233108 pct_peak_bw=21.4585 comm_avg_ms=0.144011 comm_min_ms=0.127932 comm_max_ms=0.497858 comm_var_ms=0.004322277 total_avg_ms=0.168314 total_min_ms=0.151929 total_max_ms=0.522434 total_var_ms=0.004330196 effective_gflops=4.894777
RESULT comm=ghost_nccl kernel=acc matrix=amazon0302.mtx P=3 rank=2 nrows_local=87370 ncols_global=262111 nnz_local=411705 n_ghost=130630 compute_avg_ms=0.024064 compute_min_ms=0.023552 compute_max_ms=0.025600 compute_var_ms=0.000000332 compute_gflops=34.217502 eff_bw_gbs=202.152754 pct_peak_bw=21.6642 comm_avg_ms=0.144748 comm_min_ms=0.138972 comm_max_ms=0.155924 comm_var_ms=0.000017605 total_avg_ms=0.168812 total_min_ms=0.162524 total_max_ms=0.179476 total_var_ms=0.000018725 effective_gflops=4.877664
[ERROR CHECKING] OK!

=== Job done ===
