=== D2_final strong scaling ===
Node:     edu01
Date:     Tue Jul 21 07:59:23 PM CEST 2026
Matrix:   ../matrices/roadNet-CA.mtx
P:        4
Reps:     3

--- P=4 rep=1/3 driver=spmv_bcast ---
Loaded ../matrices/roadNet-CA.mtx: 1971281 x 1971281, 5533214 nnz
RESULT comm=bcast kernel=cusparse matrix=roadNet-CA.mtx P=4 rank=0 nrows_local=492821 ncols_global=1971281 nnz_local=1383100 n_ghost=-1 compute_avg_ms=0.067004 compute_min_ms=0.062464 compute_max_ms=0.074752 compute_var_ms=0.000005011 compute_gflops=41.284267 eff_bw_gbs=341.660005 pct_peak_bw=36.6148 comm_avg_ms=2.902335 comm_min_ms=2.573542 comm_max_ms=3.098884 comm_var_ms=0.005487055 total_avg_ms=2.969339 total_min_ms=2.640102 total_max_ms=3.166468 total_var_ms=0.005521274 effective_gflops=0.931588
RESULT comm=bcast kernel=cusparse matrix=roadNet-CA.mtx P=4 rank=1 nrows_local=492820 ncols_global=1971281 nnz_local=1383504 n_ghost=-1 compute_avg_ms=0.059870 compute_min_ms=0.055296 compute_max_ms=0.065536 compute_var_ms=0.000010467 compute_gflops=46.217040 eff_bw_gbs=382.424772 pct_peak_bw=40.9835 comm_avg_ms=3.922166 comm_min_ms=3.864172 comm_max_ms=4.183801 comm_var_ms=0.003934910 total_avg_ms=3.982036 total_min_ms=3.921516 total_max_ms=4.249337 total_var_ms=0.004095207 effective_gflops=0.694873
RESULT comm=bcast kernel=cusparse matrix=roadNet-CA.mtx P=4 rank=2 nrows_local=492820 ncols_global=1971281 nnz_local=1383417 n_ghost=-1 compute_avg_ms=0.055228 compute_min_ms=0.054272 compute_max_ms=0.056320 compute_var_ms=0.000000415 compute_gflops=50.098634 eff_bw_gbs=414.556647 pct_peak_bw=44.4269 comm_avg_ms=4.434883 comm_min_ms=4.387837 comm_max_ms=4.645509 comm_var_ms=0.004376754 total_avg_ms=4.490110 total_min_ms=4.444157 total_max_ms=4.700805 total_var_ms=0.004368824 effective_gflops=0.616206
RESULT comm=bcast kernel=cusparse matrix=roadNet-CA.mtx P=4 rank=3 nrows_local=492820 ncols_global=1971281 nnz_local=1383193 n_ghost=-1 compute_avg_ms=0.055364 compute_min_ms=0.054272 compute_max_ms=0.056320 compute_var_ms=0.000000415 compute_gflops=49.966994 eff_bw_gbs=413.501945 pct_peak_bw=44.3139 comm_avg_ms=4.574899 comm_min_ms=4.531044 comm_max_ms=4.792609 comm_var_ms=0.004204512 total_avg_ms=4.630263 total_min_ms=4.587364 total_max_ms=4.847905 total_var_ms=0.004189027 effective_gflops=0.597458
[ERROR CHECKING] OK!

--- P=4 rep=1/3 driver=spmv_ghost_cusparse ---
Loaded ../matrices/roadNet-CA.mtx: 1971281 x 1971281, 5533214 nnz
RESULT comm=ghost_mpi kernel=cusparse matrix=roadNet-CA.mtx P=4 rank=1 nrows_local=492820 ncols_global=1971281 nnz_local=1383504 n_ghost=906706 compute_avg_ms=0.056559 compute_min_ms=0.053248 compute_max_ms=0.059392 compute_var_ms=0.000004032 compute_gflops=48.922563 eff_bw_gbs=364.375680 pct_peak_bw=39.0492 comm_avg_ms=3.656399 comm_min_ms=2.904108 comm_max_ms=4.869762 comm_var_ms=0.348352590 total_avg_ms=3.712958 total_min_ms=2.958380 total_max_ms=4.928130 total_var_ms=0.348511752 effective_gflops=0.745230
RESULT comm=ghost_mpi kernel=cusparse matrix=roadNet-CA.mtx P=4 rank=2 nrows_local=492820 ncols_global=1971281 nnz_local=1383417 n_ghost=906973 compute_avg_ms=0.057378 compute_min_ms=0.056320 compute_max_ms=0.058368 compute_var_ms=0.000000244 compute_gflops=48.221052 eff_bw_gbs=359.179892 pct_peak_bw=38.4924 comm_avg_ms=3.952401 comm_min_ms=2.578646 comm_max_ms=4.864517 comm_var_ms=0.402776607 total_avg_ms=4.009779 total_min_ms=2.635990 total_max_ms=4.921861 total_var_ms=0.402722953 effective_gflops=0.690022
RESULT comm=ghost_mpi kernel=cusparse matrix=roadNet-CA.mtx P=4 rank=0 nrows_local=492821 ncols_global=1971281 nnz_local=1383100 n_ghost=907422 compute_avg_ms=0.057856 compute_min_ms=0.056320 compute_max_ms=0.058368 compute_var_ms=0.000000402 compute_gflops=47.811808 eff_bw_gbs=356.200630 pct_peak_bw=38.1731 comm_avg_ms=3.491233 comm_min_ms=2.231133 comm_max_ms=4.789246 comm_var_ms=0.639556910 total_avg_ms=3.549089 total_min_ms=2.288477 total_max_ms=4.847614 total_var_ms=0.639958096 effective_gflops=0.779411
RESULT comm=ghost_mpi kernel=cusparse matrix=roadNet-CA.mtx P=4 rank=3 nrows_local=492820 ncols_global=1971281 nnz_local=1383193 n_ghost=907451 compute_avg_ms=0.053828 compute_min_ms=0.041984 compute_max_ms=0.058368 compute_var_ms=0.000040942 compute_gflops=51.392812 eff_bw_gbs=382.869319 pct_peak_bw=41.0311 comm_avg_ms=3.686812 comm_min_ms=2.340403 comm_max_ms=4.869709 comm_var_ms=0.622800163 total_avg_ms=3.740640 total_min_ms=2.382387 total_max_ms=4.928077 total_var_ms=0.628915559 effective_gflops=0.739549
[ERROR CHECKING] OK!

--- P=4 rep=1/3 driver=spmv_ghost_acc ---
Loaded ../matrices/roadNet-CA.mtx: 1971281 x 1971281, 5533214 nnz
[kernel] acc -> LINE-ENHANCE (nnz=1383504, avg_nnz=2.81, imbalance=2.85, V=1)
[kernel] acc -> LINE-ENHANCE (nnz=1383417, avg_nnz=2.81, imbalance=4.27, V=1)
[kernel] acc -> LINE-ENHANCE (nnz=1383100, avg_nnz=2.81, imbalance=3.56, V=1)
[kernel] acc -> LINE-ENHANCE (nnz=1383193, avg_nnz=2.81, imbalance=3.56, V=1)
RESULT comm=ghost_mpi kernel=acc matrix=roadNet-CA.mtx P=4 rank=0 nrows_local=492821 ncols_global=1971281 nnz_local=1383100 n_ghost=907422 compute_avg_ms=0.051029 compute_min_ms=0.050176 compute_max_ms=0.052224 compute_var_ms=0.000000285 compute_gflops=54.208039 eff_bw_gbs=403.852906 pct_peak_bw=43.2798 comm_avg_ms=2.932685 comm_min_ms=1.994964 comm_max_ms=4.019332 comm_var_ms=0.165307048 total_avg_ms=2.983714 total_min_ms=2.046164 total_max_ms=4.071556 total_var_ms=0.165397445 effective_gflops=0.927099
RESULT comm=ghost_mpi kernel=acc matrix=roadNet-CA.mtx P=4 rank=2 nrows_local=492820 ncols_global=1971281 nnz_local=1383417 n_ghost=906973 compute_avg_ms=0.049835 compute_min_ms=0.047104 compute_max_ms=0.052224 compute_var_ms=0.000002120 compute_gflops=55.520267 eff_bw_gbs=413.548909 pct_peak_bw=44.3189 comm_avg_ms=3.480221 comm_min_ms=2.817705 comm_max_ms=4.885233 comm_var_ms=0.351270159 total_avg_ms=3.530056 total_min_ms=2.866857 total_max_ms=4.937457 total_var_ms=0.352204112 effective_gflops=0.783793
RESULT comm=ghost_mpi kernel=acc matrix=roadNet-CA.mtx P=4 rank=1 nrows_local=492820 ncols_global=1971281 nnz_local=1383504 n_ghost=906706 compute_avg_ms=0.051814 compute_min_ms=0.050176 compute_max_ms=0.053248 compute_var_ms=0.000000531 compute_gflops=53.402299 eff_bw_gbs=397.740791 pct_peak_bw=42.6248 comm_avg_ms=3.425127 comm_min_ms=2.335767 comm_max_ms=5.008450 comm_var_ms=0.475702240 total_avg_ms=3.476942 total_min_ms=2.386967 total_max_ms=5.059650 total_var_ms=0.475289753 effective_gflops=0.795817
RESULT comm=ghost_mpi kernel=acc matrix=roadNet-CA.mtx P=4 rank=3 nrows_local=492820 ncols_global=1971281 nnz_local=1383193 n_ghost=907451 compute_avg_ms=0.051371 compute_min_ms=0.050176 compute_max_ms=0.052224 compute_var_ms=0.000000355 compute_gflops=53.851473 eff_bw_gbs=401.186004 pct_peak_bw=42.9940 comm_avg_ms=3.456271 comm_min_ms=2.356353 comm_max_ms=5.007361 comm_var_ms=0.419932968 total_avg_ms=3.507642 total_min_ms=2.407553 total_max_ms=5.058561 total_var_ms=0.419758328 effective_gflops=0.788674
[ERROR CHECKING] OK!

--- P=4 rep=1/3 driver=spmv_ghost_nccl_cusparse ---
Loaded ../matrices/roadNet-CA.mtx: 1971281 x 1971281, 5533214 nnz
RESULT comm=ghost_nccl kernel=cusparse matrix=roadNet-CA.mtx P=4 rank=1 nrows_local=492820 ncols_global=1971281 nnz_local=1383504 n_ghost=906706 compute_avg_ms=0.058539 compute_min_ms=0.057344 compute_max_ms=0.059392 compute_var_ms=0.000000495 compute_gflops=47.268038 eff_bw_gbs=352.052767 pct_peak_bw=37.7286 comm_avg_ms=0.958295 comm_min_ms=0.940107 comm_max_ms=0.985062 comm_var_ms=0.000124876 total_avg_ms=1.016834 total_min_ms=0.998475 total_max_ms=1.044454 total_var_ms=0.000125088 effective_gflops=2.721200
RESULT comm=ghost_nccl kernel=cusparse matrix=roadNet-CA.mtx P=4 rank=2 nrows_local=492820 ncols_global=1971281 nnz_local=1383417 n_ghost=906973 compute_avg_ms=0.057446 compute_min_ms=0.056320 compute_max_ms=0.058368 compute_var_ms=0.000000374 compute_gflops=48.163748 eff_bw_gbs=358.753059 pct_peak_bw=38.4466 comm_avg_ms=0.988043 comm_min_ms=0.974072 comm_max_ms=1.000885 comm_var_ms=0.000052307 total_avg_ms=1.045489 total_min_ms=1.032440 total_max_ms=1.059253 total_var_ms=0.000052842 effective_gflops=2.646449
RESULT comm=ghost_nccl kernel=cusparse matrix=roadNet-CA.mtx P=4 rank=0 nrows_local=492821 ncols_global=1971281 nnz_local=1383100 n_ghost=907422 compute_avg_ms=0.058436 compute_min_ms=0.056320 compute_max_ms=0.060416 compute_var_ms=0.000000694 compute_gflops=47.337041 eff_bw_gbs=352.663590 pct_peak_bw=37.7940 comm_avg_ms=0.993285 comm_min_ms=0.966748 comm_max_ms=1.024923 comm_var_ms=0.000222268 total_avg_ms=1.051721 total_min_ms=1.025116 total_max_ms=1.082267 total_var_ms=0.000220815 effective_gflops=2.630165
RESULT comm=ghost_nccl kernel=cusparse matrix=roadNet-CA.mtx P=4 rank=3 nrows_local=492820 ncols_global=1971281 nnz_local=1383193 n_ghost=907451 compute_avg_ms=0.057651 compute_min_ms=0.056320 compute_max_ms=0.059392 compute_var_ms=0.000000710 compute_gflops=47.984881 eff_bw_gbs=357.480706 pct_peak_bw=38.3103 comm_avg_ms=0.983915 comm_min_ms=0.968987 comm_max_ms=0.997599 comm_var_ms=0.000049752 total_avg_ms=1.041567 total_min_ms=1.026331 total_max_ms=1.054943 total_var_ms=0.000049170 effective_gflops=2.655986
[ERROR CHECKING] OK!

--- P=4 rep=1/3 driver=spmv_ghost_nccl_acc ---
Loaded ../matrices/roadNet-CA.mtx: 1971281 x 1971281, 5533214 nnz
[kernel] acc -> LINE-ENHANCE (nnz=1383504, avg_nnz=2.81, imbalance=2.85, V=1)
[kernel] acc -> LINE-ENHANCE (nnz=1383193, avg_nnz=2.81, imbalance=3.56, V=1)
[kernel] acc -> LINE-ENHANCE (nnz=1383100, avg_nnz=2.81, imbalance=3.56, V=1)
[kernel] acc -> LINE-ENHANCE (nnz=1383417, avg_nnz=2.81, imbalance=4.27, V=1)
RESULT comm=ghost_nccl kernel=acc matrix=roadNet-CA.mtx P=4 rank=0 nrows_local=492821 ncols_global=1971281 nnz_local=1383100 n_ghost=907422 compute_avg_ms=0.051234 compute_min_ms=0.050176 compute_max_ms=0.052224 compute_var_ms=0.000000383 compute_gflops=53.991351 eff_bw_gbs=402.238570 pct_peak_bw=43.1068 comm_avg_ms=0.983296 comm_min_ms=0.967196 comm_max_ms=1.004281 comm_var_ms=0.000096899 total_avg_ms=1.034530 total_min_ms=1.017372 total_max_ms=1.055481 total_var_ms=0.000097421 effective_gflops=2.673872
RESULT comm=ghost_nccl kernel=acc matrix=roadNet-CA.mtx P=4 rank=1 nrows_local=492820 ncols_global=1971281 nnz_local=1383504 n_ghost=906706 compute_avg_ms=0.051678 compute_min_ms=0.051200 compute_max_ms=0.052224 compute_var_ms=0.000000261 compute_gflops=53.543388 eff_bw_gbs=398.791626 pct_peak_bw=42.7374 comm_avg_ms=0.921831 comm_min_ms=0.899847 comm_max_ms=0.946064 comm_var_ms=0.000150382 total_avg_ms=0.973509 total_min_ms=0.952071 total_max_ms=0.997264 total_var_ms=0.000148273 effective_gflops=2.842305
RESULT comm=ghost_nccl kernel=acc matrix=roadNet-CA.mtx P=4 rank=2 nrows_local=492820 ncols_global=1971281 nnz_local=1383417 n_ghost=906973 compute_avg_ms=0.051200 compute_min_ms=0.050176 compute_max_ms=0.052224 compute_var_ms=0.000000140 compute_gflops=54.039728 eff_bw_gbs=402.520948 pct_peak_bw=43.1371 comm_avg_ms=0.963068 comm_min_ms=0.947486 comm_max_ms=0.986470 comm_var_ms=0.000080753 total_avg_ms=1.014268 total_min_ms=0.998686 total_max_ms=1.037670 total_var_ms=0.000080698 effective_gflops=2.727912
RESULT comm=ghost_nccl kernel=acc matrix=roadNet-CA.mtx P=4 rank=3 nrows_local=492820 ncols_global=1971281 nnz_local=1383193 n_ghost=907451 compute_avg_ms=0.051200 compute_min_ms=0.050176 compute_max_ms=0.052224 compute_var_ms=0.000000210 compute_gflops=54.030978 eff_bw_gbs=402.523291 pct_peak_bw=43.1374 comm_avg_ms=0.960906 comm_min_ms=0.947279 comm_max_ms=0.976498 comm_var_ms=0.000066694 total_avg_ms=1.012106 total_min_ms=0.998479 total_max_ms=1.027698 total_var_ms=0.000066606 effective_gflops=2.733297
[ERROR CHECKING] OK!

--- P=4 rep=1/3 driver=spmv_2d_cusparse ---
Grid: P=4 -> P_r=2 x P_c=2
Loaded ../matrices/roadNet-CA.mtx: 1971281 x 1971281, 5533214 nnz
RESULT comm=checkerboard_mpi kernel=cusparse matrix=roadNet-CA.mtx P=4 rank=0 nrows_local=985641 ncols_global=1971281 nnz_local=1071148 n_ghost=-1 compute_avg_ms=0.075059 compute_min_ms=0.071680 compute_max_ms=0.081920 compute_var_ms=0.000003576 compute_gflops=28.541417 eff_bw_gbs=271.743893 pct_peak_bw=29.1221 comm_avg_ms=3.892966 comm_min_ms=3.849012 comm_max_ms=3.947656 comm_var_ms=0.000634733 total_avg_ms=3.968025 total_min_ms=3.925812 total_max_ms=4.024456 total_var_ms=0.000624570 effective_gflops=0.539890
RESULT comm=checkerboard_mpi kernel=cusparse matrix=roadNet-CA.mtx P=4 rank=1 nrows_local=985641 ncols_global=1971281 nnz_local=1695369 n_ghost=-1 compute_avg_ms=0.062703 compute_min_ms=0.061440 compute_max_ms=0.063488 compute_var_ms=0.000000467 compute_gflops=54.076227 eff_bw_gbs=404.935513 pct_peak_bw=43.3959 comm_avg_ms=2.973126 comm_min_ms=2.932419 comm_max_ms=3.026513 comm_var_ms=0.000524886 total_avg_ms=3.035829 total_min_ms=2.994883 total_max_ms=3.088977 total_var_ms=0.000528714 effective_gflops=1.116907
RESULT comm=checkerboard_mpi kernel=cusparse matrix=roadNet-CA.mtx P=4 rank=2 nrows_local=985640 ncols_global=1971281 nnz_local=1695369 n_ghost=-1 compute_avg_ms=0.070622 compute_min_ms=0.067584 compute_max_ms=0.076800 compute_var_ms=0.000003180 compute_gflops=48.012579 eff_bw_gbs=359.529430 pct_peak_bw=38.5298 comm_avg_ms=8.168644 comm_min_ms=8.131178 comm_max_ms=8.230730 comm_var_ms=0.000690072 total_avg_ms=8.239266 total_min_ms=8.202545 total_max_ms=8.299338 total_var_ms=0.000696348 effective_gflops=0.411534
RESULT comm=checkerboard_mpi kernel=cusparse matrix=roadNet-CA.mtx P=4 rank=3 nrows_local=985640 ncols_global=1971281 nnz_local=1071328 n_ghost=-1 compute_avg_ms=0.064683 compute_min_ms=0.062464 compute_max_ms=0.067584 compute_var_ms=0.000001684 compute_gflops=33.125660 eff_bw_gbs=315.359728 pct_peak_bw=33.7963 comm_avg_ms=7.011048 comm_min_ms=6.967692 comm_max_ms=7.063902 comm_var_ms=0.000600997 total_avg_ms=7.075730 total_min_ms=7.030156 total_max_ms=7.128414 total_var_ms=0.000609860 effective_gflops=0.302818
[ERROR CHECKING] OK!

--- P=4 rep=1/3 driver=spmv_2d_acc ---
Grid: P=4 -> P_r=2 x P_c=2
Loaded ../matrices/roadNet-CA.mtx: 1971281 x 1971281, 5533214 nnz
[kernel] acc -> LINE-ENHANCE (nnz=1071328, avg_nnz=1.09, imbalance=6.44, V=1)
[kernel] acc -> LINE-ENHANCE (nnz=1695369, avg_nnz=1.72, imbalance=4.07, V=1)
[kernel] acc -> LINE-ENHANCE (nnz=1071148, avg_nnz=1.09, imbalance=5.52, V=1)
[kernel] acc -> LINE-ENHANCE (nnz=1695369, avg_nnz=1.72, imbalance=4.65, V=1)
RESULT comm=checkerboard_mpi kernel=acc matrix=roadNet-CA.mtx P=4 rank=0 nrows_local=985641 ncols_global=1971281 nnz_local=1071148 n_ghost=-1 compute_avg_ms=0.054477 compute_min_ms=0.053248 compute_max_ms=0.062464 compute_var_ms=0.000002405 compute_gflops=39.324924 eff_bw_gbs=374.414065 pct_peak_bw=40.1250 comm_avg_ms=4.238972 comm_min_ms=4.209728 comm_max_ms=4.305914 comm_var_ms=0.000489767 total_avg_ms=4.293449 total_min_ms=4.264000 total_max_ms=4.360186 total_var_ms=0.000481774 effective_gflops=0.498969
RESULT comm=checkerboard_mpi kernel=acc matrix=roadNet-CA.mtx P=4 rank=1 nrows_local=985641 ncols_global=1971281 nnz_local=1695369 n_ghost=-1 compute_avg_ms=0.056764 compute_min_ms=0.056320 compute_max_ms=0.057344 compute_var_ms=0.000000257 compute_gflops=59.734231 eff_bw_gbs=447.303978 pct_peak_bw=47.9364 comm_avg_ms=3.157409 comm_min_ms=3.130365 comm_max_ms=3.239270 comm_var_ms=0.000647668 total_avg_ms=3.214173 total_min_ms=3.187102 total_max_ms=3.296614 total_var_ms=0.000655479 effective_gflops=1.054933
RESULT comm=checkerboard_mpi kernel=acc matrix=roadNet-CA.mtx P=4 rank=2 nrows_local=985640 ncols_global=1971281 nnz_local=1695369 n_ghost=-1 compute_avg_ms=0.059597 compute_min_ms=0.058368 compute_max_ms=0.063488 compute_var_ms=0.000000867 compute_gflops=56.894631 eff_bw_gbs=426.040315 pct_peak_bw=45.6576 comm_avg_ms=6.689847 comm_min_ms=6.644903 comm_max_ms=6.747624 comm_var_ms=0.000563370 total_avg_ms=6.749443 total_min_ms=6.703271 total_max_ms=6.807016 total_var_ms=0.000556733 effective_gflops=0.502373
RESULT comm=checkerboard_mpi kernel=acc matrix=roadNet-CA.mtx P=4 rank=3 nrows_local=985640 ncols_global=1971281 nnz_local=1071328 n_ghost=-1 compute_avg_ms=0.051985 compute_min_ms=0.051200 compute_max_ms=0.053248 compute_var_ms=0.000000257 compute_gflops=41.216760 eff_bw_gbs=392.387847 pct_peak_bw=42.0512 comm_avg_ms=5.597514 comm_min_ms=5.561157 comm_max_ms=5.653504 comm_var_ms=0.000547408 total_avg_ms=5.649499 total_min_ms=5.612357 total_max_ms=5.704704 total_var_ms=0.000545201 effective_gflops=0.379265
[ERROR CHECKING] OK!

--- P=4 rep=1/3 driver=spmv_2d_nccl_cusparse ---
Grid: P=4 -> P_r=2 x P_c=2
Loaded ../matrices/roadNet-CA.mtx: 1971281 x 1971281, 5533214 nnz
RESULT comm=checkerboard_nccl kernel=cusparse matrix=roadNet-CA.mtx P=4 rank=1 nrows_local=985641 ncols_global=1971281 nnz_local=1695369 n_ghost=-1 compute_avg_ms=0.063590 compute_min_ms=0.062464 compute_max_ms=0.065536 compute_var_ms=0.000000863 compute_gflops=53.321540 eff_bw_gbs=399.284237 pct_peak_bw=42.7902 comm_avg_ms=0.505999 comm_min_ms=0.490962 comm_max_ms=0.520373 comm_var_ms=0.000041323 total_avg_ms=0.569590 total_min_ms=0.553426 total_max_ms=0.583861 total_var_ms=0.000038225 effective_gflops=5.952949
RESULT comm=checkerboard_nccl kernel=cusparse matrix=roadNet-CA.mtx P=4 rank=2 nrows_local=985640 ncols_global=1971281 nnz_local=1695369 n_ghost=-1 compute_avg_ms=0.067482 compute_min_ms=0.066560 compute_max_ms=0.068608 compute_var_ms=0.000000514 compute_gflops=50.246852 eff_bw_gbs=376.260193 pct_peak_bw=40.3228 comm_avg_ms=0.616557 comm_min_ms=0.597593 comm_max_ms=0.632172 comm_var_ms=0.000082235 total_avg_ms=0.684038 total_min_ms=0.665177 total_max_ms=0.699756 total_var_ms=0.000081039 effective_gflops=4.956942
RESULT comm=checkerboard_nccl kernel=cusparse matrix=roadNet-CA.mtx P=4 rank=0 nrows_local=985641 ncols_global=1971281 nnz_local=1071148 n_ghost=-1 compute_avg_ms=0.070861 compute_min_ms=0.068608 compute_max_ms=0.075776 compute_var_ms=0.000002055 compute_gflops=30.232455 eff_bw_gbs=287.844330 pct_peak_bw=30.8475 comm_avg_ms=0.571522 comm_min_ms=0.557920 comm_max_ms=0.583002 comm_var_ms=0.000031904 total_avg_ms=0.642383 total_min_ms=0.630917 total_max_ms=0.653658 total_var_ms=0.000028001 effective_gflops=3.334920
RESULT comm=checkerboard_nccl kernel=cusparse matrix=roadNet-CA.mtx P=4 rank=3 nrows_local=985640 ncols_global=1971281 nnz_local=1071328 n_ghost=-1 compute_avg_ms=0.065673 compute_min_ms=0.064512 compute_max_ms=0.068608 compute_var_ms=0.000001030 compute_gflops=32.626364 eff_bw_gbs=310.606383 pct_peak_bw=33.2869 comm_avg_ms=0.552154 comm_min_ms=0.533665 comm_max_ms=0.564341 comm_var_ms=0.000059054 total_avg_ms=0.617827 total_min_ms=0.598177 total_max_ms=0.628853 total_var_ms=0.000062209 effective_gflops=3.468053
[ERROR CHECKING] OK!

--- P=4 rep=1/3 driver=spmv_2d_nccl_acc ---
Grid: P=4 -> P_r=2 x P_c=2
Loaded ../matrices/roadNet-CA.mtx: 1971281 x 1971281, 5533214 nnz
[kernel] acc -> LINE-ENHANCE (nnz=1071328, avg_nnz=1.09, imbalance=6.44, V=1)
[kernel] acc -> LINE-ENHANCE (nnz=1695369, avg_nnz=1.72, imbalance=4.07, V=1)
[kernel] acc -> LINE-ENHANCE (nnz=1695369, avg_nnz=1.72, imbalance=4.65, V=1)
[kernel] acc -> LINE-ENHANCE (nnz=1071148, avg_nnz=1.09, imbalance=5.52, V=1)
RESULT comm=checkerboard_nccl kernel=acc matrix=roadNet-CA.mtx P=4 rank=1 nrows_local=985641 ncols_global=1971281 nnz_local=1695369 n_ghost=-1 compute_avg_ms=0.057173 compute_min_ms=0.056320 compute_max_ms=0.057344 compute_var_ms=0.000000146 compute_gflops=59.306284 eff_bw_gbs=444.099411 pct_peak_bw=47.5930 comm_avg_ms=0.585602 comm_min_ms=0.574882 comm_max_ms=0.594546 comm_var_ms=0.000017995 total_avg_ms=0.642776 total_min_ms=0.631202 total_max_ms=0.651890 total_var_ms=0.000019536 effective_gflops=5.275149
RESULT comm=checkerboard_nccl kernel=acc matrix=roadNet-CA.mtx P=4 rank=0 nrows_local=985641 ncols_global=1971281 nnz_local=1071148 n_ghost=-1 compute_avg_ms=0.054238 compute_min_ms=0.053248 compute_max_ms=0.055296 compute_var_ms=0.000000174 compute_gflops=39.498161 eff_bw_gbs=376.063465 pct_peak_bw=40.3017 comm_avg_ms=0.661474 comm_min_ms=0.649964 comm_max_ms=0.674009 comm_var_ms=0.000038371 total_avg_ms=0.715712 total_min_ms=0.704236 total_max_ms=0.728281 total_var_ms=0.000039692 effective_gflops=2.993239
RESULT comm=checkerboard_nccl kernel=acc matrix=roadNet-CA.mtx P=4 rank=2 nrows_local=985640 ncols_global=1971281 nnz_local=1695369 n_ghost=-1 compute_avg_ms=0.059802 compute_min_ms=0.059392 compute_max_ms=0.060416 compute_var_ms=0.000000252 compute_gflops=56.699786 eff_bw_gbs=424.581271 pct_peak_bw=45.5013 comm_avg_ms=0.696164 comm_min_ms=0.681527 comm_max_ms=0.711224 comm_var_ms=0.000064349 total_avg_ms=0.755966 total_min_ms=0.740919 total_max_ms=0.770616 total_var_ms=0.000064289 effective_gflops=4.485307
RESULT comm=checkerboard_nccl kernel=acc matrix=roadNet-CA.mtx P=4 rank=3 nrows_local=985640 ncols_global=1971281 nnz_local=1071328 n_ghost=-1 compute_avg_ms=0.052497 compute_min_ms=0.052224 compute_max_ms=0.053248 compute_var_ms=0.000000205 compute_gflops=40.814776 eff_bw_gbs=388.560916 pct_peak_bw=41.6410 comm_avg_ms=0.633690 comm_min_ms=0.621107 comm_max_ms=0.651435 comm_var_ms=0.000042390 total_avg_ms=0.686187 total_min_ms=0.674355 total_max_ms=0.703659 total_var_ms=0.000041684 effective_gflops=3.122555
[ERROR CHECKING] OK!

--- P=4 rep=2/3 driver=spmv_bcast ---
Loaded ../matrices/roadNet-CA.mtx: 1971281 x 1971281, 5533214 nnz
RESULT comm=bcast kernel=cusparse matrix=roadNet-CA.mtx P=4 rank=0 nrows_local=492821 ncols_global=1971281 nnz_local=1383100 n_ghost=-1 compute_avg_ms=0.066765 compute_min_ms=0.062464 compute_max_ms=0.072704 compute_var_ms=0.000004991 compute_gflops=41.432012 eff_bw_gbs=342.882715 pct_peak_bw=36.7458 comm_avg_ms=3.319498 comm_min_ms=3.256907 comm_max_ms=3.383930 comm_var_ms=0.000555524 total_avg_ms=3.386263 total_min_ms=3.325515 total_max_ms=3.446394 total_var_ms=0.000551359 effective_gflops=0.816889
RESULT comm=bcast kernel=cusparse matrix=roadNet-CA.mtx P=4 rank=1 nrows_local=492820 ncols_global=1971281 nnz_local=1383504 n_ghost=-1 compute_avg_ms=0.058914 compute_min_ms=0.055296 compute_max_ms=0.067584 compute_var_ms=0.000015081 compute_gflops=46.966794 eff_bw_gbs=388.628647 pct_peak_bw=41.6483 comm_avg_ms=4.096081 comm_min_ms=4.009204 comm_max_ms=4.134734 comm_var_ms=0.000462209 total_avg_ms=4.154995 total_min_ms=4.074740 total_max_ms=4.191054 total_var_ms=0.000390451 effective_gflops=0.665947
RESULT comm=bcast kernel=cusparse matrix=roadNet-CA.mtx P=4 rank=2 nrows_local=492820 ncols_global=1971281 nnz_local=1383417 n_ghost=-1 compute_avg_ms=0.056047 compute_min_ms=0.053248 compute_max_ms=0.084992 compute_var_ms=0.000030264 compute_gflops=49.366376 eff_bw_gbs=408.497355 pct_peak_bw=43.7776 comm_avg_ms=4.740427 comm_min_ms=4.699992 comm_max_ms=4.960869 comm_var_ms=0.001962364 total_avg_ms=4.796474 total_min_ms=4.754264 total_max_ms=5.021285 total_var_ms=0.002041617 effective_gflops=0.576848
RESULT comm=bcast kernel=cusparse matrix=roadNet-CA.mtx P=4 rank=3 nrows_local=492820 ncols_global=1971281 nnz_local=1383193 n_ghost=-1 compute_avg_ms=0.055433 compute_min_ms=0.054272 compute_max_ms=0.056320 compute_var_ms=0.000000261 compute_gflops=49.905459 eff_bw_gbs=412.992706 pct_peak_bw=44.2593 comm_avg_ms=4.816686 comm_min_ms=4.779712 comm_max_ms=4.930682 comm_var_ms=0.000662712 total_avg_ms=4.872118 total_min_ms=4.836032 total_max_ms=4.985978 total_var_ms=0.000657128 effective_gflops=0.567799
[ERROR CHECKING] OK!

--- P=4 rep=2/3 driver=spmv_ghost_cusparse ---
Loaded ../matrices/roadNet-CA.mtx: 1971281 x 1971281, 5533214 nnz
RESULT comm=ghost_mpi kernel=cusparse matrix=roadNet-CA.mtx P=4 rank=1 nrows_local=492820 ncols_global=1971281 nnz_local=1383504 n_ghost=906706 compute_avg_ms=0.055910 compute_min_ms=0.040960 compute_max_ms=0.060416 compute_var_ms=0.000039259 compute_gflops=49.490040 eff_bw_gbs=368.602258 pct_peak_bw=39.5021 comm_avg_ms=3.698499 comm_min_ms=2.453560 comm_max_ms=5.032533 comm_var_ms=0.441568988 total_avg_ms=3.754409 total_min_ms=2.511928 total_max_ms=5.092949 total_var_ms=0.444929138 effective_gflops=0.737002
RESULT comm=ghost_mpi kernel=cusparse matrix=roadNet-CA.mtx P=4 rank=2 nrows_local=492820 ncols_global=1971281 nnz_local=1383417 n_ghost=906973 compute_avg_ms=0.057446 compute_min_ms=0.056320 compute_max_ms=0.058368 compute_var_ms=0.000000654 compute_gflops=48.163748 eff_bw_gbs=358.753059 pct_peak_bw=38.4466 comm_avg_ms=3.987629 comm_min_ms=2.543587 comm_max_ms=4.929052 comm_var_ms=0.375233153 total_avg_ms=4.045075 total_min_ms=2.601955 total_max_ms=4.985372 total_var_ms=0.375323588 effective_gflops=0.684001
RESULT comm=ghost_mpi kernel=cusparse matrix=roadNet-CA.mtx P=4 rank=3 nrows_local=492820 ncols_global=1971281 nnz_local=1383193 n_ghost=907451 compute_avg_ms=0.057822 compute_min_ms=0.056320 compute_max_ms=0.059392 compute_var_ms=0.000000680 compute_gflops=47.843249 eff_bw_gbs=356.425568 pct_peak_bw=38.1972 comm_avg_ms=4.038426 comm_min_ms=3.002763 comm_max_ms=5.031503 comm_var_ms=0.305462274 total_avg_ms=4.096248 total_min_ms=3.062155 total_max_ms=5.089871 total_var_ms=0.305640385 effective_gflops=0.675346
RESULT comm=ghost_mpi kernel=cusparse matrix=roadNet-CA.mtx P=4 rank=0 nrows_local=492821 ncols_global=1971281 nnz_local=1383100 n_ghost=907422 compute_avg_ms=0.058129 compute_min_ms=0.056320 compute_max_ms=0.059392 compute_var_ms=0.000000677 compute_gflops=47.587207 eff_bw_gbs=354.527344 pct_peak_bw=37.9938 comm_avg_ms=3.269738 comm_min_ms=2.579123 comm_max_ms=4.814267 comm_var_ms=0.483414356 total_avg_ms=3.327867 total_min_ms=2.636467 total_max_ms=4.872635 total_var_ms=0.483797368 effective_gflops=0.831223
[ERROR CHECKING] OK!

--- P=4 rep=2/3 driver=spmv_ghost_acc ---
Loaded ../matrices/roadNet-CA.mtx: 1971281 x 1971281, 5533214 nnz
[kernel] acc -> LINE-ENHANCE (nnz=1383504, avg_nnz=2.81, imbalance=2.85, V=1)
[kernel] acc -> LINE-ENHANCE (nnz=1383193, avg_nnz=2.81, imbalance=3.56, V=1)
[kernel] acc -> LINE-ENHANCE (nnz=1383100, avg_nnz=2.81, imbalance=3.56, V=1)
[kernel] acc -> LINE-ENHANCE (nnz=1383417, avg_nnz=2.81, imbalance=4.27, V=1)
RESULT comm=ghost_mpi kernel=acc matrix=roadNet-CA.mtx P=4 rank=0 nrows_local=492821 ncols_global=1971281 nnz_local=1383100 n_ghost=907422 compute_avg_ms=0.051302 compute_min_ms=0.050176 compute_max_ms=0.052224 compute_var_ms=0.000000304 compute_gflops=53.919506 eff_bw_gbs=401.703322 pct_peak_bw=43.0495 comm_avg_ms=2.898511 comm_min_ms=2.165114 comm_max_ms=4.487572 comm_var_ms=0.296976782 total_avg_ms=2.949813 total_min_ms=2.216314 total_max_ms=4.538772 total_var_ms=0.296990334 effective_gflops=0.937754
RESULT comm=ghost_mpi kernel=acc matrix=roadNet-CA.mtx P=4 rank=2 nrows_local=492820 ncols_global=1971281 nnz_local=1383417 n_ghost=906973 compute_avg_ms=0.050995 compute_min_ms=0.050176 compute_max_ms=0.053248 compute_var_ms=0.000000447 compute_gflops=54.256755 eff_bw_gbs=404.137498 pct_peak_bw=43.3103 comm_avg_ms=3.772940 comm_min_ms=2.434597 comm_max_ms=4.937239 comm_var_ms=0.453115578 total_avg_ms=3.823936 total_min_ms=2.485797 total_max_ms=4.988439 total_var_ms=0.452872198 effective_gflops=0.723557
RESULT comm=ghost_mpi kernel=acc matrix=roadNet-CA.mtx P=4 rank=1 nrows_local=492820 ncols_global=1971281 nnz_local=1383504 n_ghost=906706 compute_avg_ms=0.051644 compute_min_ms=0.051200 compute_max_ms=0.053248 compute_var_ms=0.000000327 compute_gflops=53.578777 eff_bw_gbs=399.055202 pct_peak_bw=42.7657 comm_avg_ms=3.823175 comm_min_ms=2.934022 comm_max_ms=5.097283 comm_var_ms=0.438311635 total_avg_ms=3.874818 total_min_ms=2.985222 total_max_ms=5.149507 total_var_ms=0.438154870 effective_gflops=0.714100
RESULT comm=ghost_mpi kernel=acc matrix=roadNet-CA.mtx P=4 rank=3 nrows_local=492820 ncols_global=1971281 nnz_local=1383193 n_ghost=907451 compute_avg_ms=0.051132 compute_min_ms=0.050176 compute_max_ms=0.052224 compute_var_ms=0.000000345 compute_gflops=54.103115 eff_bw_gbs=403.060706 pct_peak_bw=43.1949 comm_avg_ms=3.878081 comm_min_ms=2.993665 comm_max_ms=5.096020 comm_var_ms=0.399592624 total_avg_ms=3.929212 total_min_ms=3.044865 total_max_ms=5.147220 total_var_ms=0.399652649 effective_gflops=0.704056
[ERROR CHECKING] OK!

--- P=4 rep=2/3 driver=spmv_ghost_nccl_cusparse ---
Loaded ../matrices/roadNet-CA.mtx: 1971281 x 1971281, 5533214 nnz
RESULT comm=ghost_nccl kernel=cusparse matrix=roadNet-CA.mtx P=4 rank=1 nrows_local=492820 ncols_global=1971281 nnz_local=1383504 n_ghost=906706 compute_avg_ms=0.058641 compute_min_ms=0.057344 compute_max_ms=0.060416 compute_var_ms=0.000000555 compute_gflops=47.185498 eff_bw_gbs=351.438007 pct_peak_bw=37.6627 comm_avg_ms=0.929488 comm_min_ms=0.910025 comm_max_ms=0.955039 comm_var_ms=0.000126461 total_avg_ms=0.988129 total_min_ms=0.969417 total_max_ms=1.013407 total_var_ms=0.000126192 effective_gflops=2.800249
RESULT comm=ghost_nccl kernel=cusparse matrix=roadNet-CA.mtx P=4 rank=2 nrows_local=492820 ncols_global=1971281 nnz_local=1383417 n_ghost=906973 compute_avg_ms=0.057890 compute_min_ms=0.056320 compute_max_ms=0.059392 compute_var_ms=0.000000471 compute_gflops=47.794569 eff_bw_gbs=356.003182 pct_peak_bw=38.1519 comm_avg_ms=0.967975 comm_min_ms=0.951490 comm_max_ms=0.987673 comm_var_ms=0.000048545 total_avg_ms=1.025865 total_min_ms=1.009858 total_max_ms=1.046041 total_var_ms=0.000048823 effective_gflops=2.697075
RESULT comm=ghost_nccl kernel=cusparse matrix=roadNet-CA.mtx P=4 rank=0 nrows_local=492821 ncols_global=1971281 nnz_local=1383100 n_ghost=907422 compute_avg_ms=0.058470 compute_min_ms=0.057344 compute_max_ms=0.059392 compute_var_ms=0.000000374 compute_gflops=47.309407 eff_bw_gbs=352.457715 pct_peak_bw=37.7720 comm_avg_ms=0.985148 comm_min_ms=0.967963 comm_max_ms=1.013461 comm_var_ms=0.000139690 total_avg_ms=1.043618 total_min_ms=1.026331 total_max_ms=1.071829 total_var_ms=0.000138931 effective_gflops=2.650586
RESULT comm=ghost_nccl kernel=cusparse matrix=roadNet-CA.mtx P=4 rank=3 nrows_local=492820 ncols_global=1971281 nnz_local=1383193 n_ghost=907451 compute_avg_ms=0.057378 compute_min_ms=0.056320 compute_max_ms=0.058368 compute_var_ms=0.000000453 compute_gflops=48.213244 eff_bw_gbs=359.181983 pct_peak_bw=38.4926 comm_avg_ms=0.966001 comm_min_ms=0.952975 comm_max_ms=0.978526 comm_var_ms=0.000052336 total_avg_ms=1.023379 total_min_ms=1.010046 total_max_ms=1.036894 total_var_ms=0.000055077 effective_gflops=2.703188
[ERROR CHECKING] OK!

--- P=4 rep=2/3 driver=spmv_ghost_nccl_acc ---
Loaded ../matrices/roadNet-CA.mtx: 1971281 x 1971281, 5533214 nnz
[kernel] acc -> LINE-ENHANCE (nnz=1383504, avg_nnz=2.81, imbalance=2.85, V=1)
[kernel] acc -> LINE-ENHANCE (nnz=1383417, avg_nnz=2.81, imbalance=4.27, V=1)
[kernel] acc -> LINE-ENHANCE (nnz=1383100, avg_nnz=2.81, imbalance=3.56, V=1)
[kernel] acc -> LINE-ENHANCE (nnz=1383193, avg_nnz=2.81, imbalance=3.56, V=1)
RESULT comm=ghost_nccl kernel=acc matrix=roadNet-CA.mtx P=4 rank=1 nrows_local=492820 ncols_global=1971281 nnz_local=1383504 n_ghost=906706 compute_avg_ms=0.051814 compute_min_ms=0.051200 compute_max_ms=0.052224 compute_var_ms=0.000000252 compute_gflops=53.402299 eff_bw_gbs=397.740791 pct_peak_bw=42.6248 comm_avg_ms=1.149128 comm_min_ms=0.912907 comm_max_ms=3.441361 comm_var_ms=0.453077401 total_avg_ms=1.200942 total_min_ms=0.965131 total_max_ms=3.492561 total_var_ms=0.452805565 effective_gflops=2.304031
RESULT comm=ghost_nccl kernel=acc matrix=roadNet-CA.mtx P=4 rank=0 nrows_local=492821 ncols_global=1971281 nnz_local=1383100 n_ghost=907422 compute_avg_ms=0.051200 compute_min_ms=0.050176 compute_max_ms=0.052224 compute_var_ms=0.000000350 compute_gflops=54.027345 eff_bw_gbs=402.506729 pct_peak_bw=43.1356 comm_avg_ms=1.135414 comm_min_ms=0.897017 comm_max_ms=3.345215 comm_var_ms=0.416353245 total_avg_ms=1.186614 total_min_ms=0.948217 total_max_ms=3.396415 total_var_ms=0.416233808 effective_gflops=2.331170
RESULT comm=ghost_nccl kernel=acc matrix=roadNet-CA.mtx P=4 rank=2 nrows_local=492820 ncols_global=1971281 nnz_local=1383417 n_ghost=906973 compute_avg_ms=0.051166 compute_min_ms=0.050176 compute_max_ms=0.052224 compute_var_ms=0.000000244 compute_gflops=54.075778 eff_bw_gbs=402.789474 pct_peak_bw=43.1659 comm_avg_ms=1.175008 comm_min_ms=0.942308 comm_max_ms=3.463371 comm_var_ms=0.450657312 total_avg_ms=1.226173 total_min_ms=0.993508 total_max_ms=3.515595 total_var_ms=0.450842152 effective_gflops=2.256478
RESULT comm=ghost_nccl kernel=acc matrix=roadNet-CA.mtx P=4 rank=3 nrows_local=492820 ncols_global=1971281 nnz_local=1383193 n_ghost=907451 compute_avg_ms=0.051302 compute_min_ms=0.050176 compute_max_ms=0.052224 compute_var_ms=0.000000164 compute_gflops=53.923132 eff_bw_gbs=401.719851 pct_peak_bw=43.0513 comm_avg_ms=1.164849 comm_min_ms=0.925004 comm_max_ms=3.454327 comm_var_ms=0.451643566 total_avg_ms=1.216152 total_min_ms=0.976204 total_max_ms=3.504503 total_var_ms=0.451545614 effective_gflops=2.274705
[ERROR CHECKING] OK!

--- P=4 rep=2/3 driver=spmv_2d_cusparse ---
Grid: P=4 -> P_r=2 x P_c=2
Loaded ../matrices/roadNet-CA.mtx: 1971281 x 1971281, 5533214 nnz
RESULT comm=checkerboard_mpi kernel=cusparse matrix=roadNet-CA.mtx P=4 rank=0 nrows_local=985641 ncols_global=1971281 nnz_local=1071148 n_ghost=-1 compute_avg_ms=0.075093 compute_min_ms=0.068608 compute_max_ms=0.083968 compute_var_ms=0.000005616 compute_gflops=28.528444 eff_bw_gbs=271.620374 pct_peak_bw=29.1088 comm_avg_ms=3.944456 comm_min_ms=3.887137 comm_max_ms=4.079246 comm_var_ms=0.001364840 total_avg_ms=4.019549 total_min_ms=3.959841 total_max_ms=4.153998 total_var_ms=0.001406024 effective_gflops=0.532969
RESULT comm=checkerboard_mpi kernel=cusparse matrix=roadNet-CA.mtx P=4 rank=1 nrows_local=985641 ncols_global=1971281 nnz_local=1695369 n_ghost=-1 compute_avg_ms=0.063181 compute_min_ms=0.061440 compute_max_ms=0.066560 compute_var_ms=0.000000849 compute_gflops=53.667223 eff_bw_gbs=401.872790 pct_peak_bw=43.0676 comm_avg_ms=3.061178 comm_min_ms=3.028167 comm_max_ms=3.142305 comm_var_ms=0.000919280 total_avg_ms=3.124359 total_min_ms=3.094727 total_max_ms=3.205793 total_var_ms=0.000909926 effective_gflops=1.085259
RESULT comm=checkerboard_mpi kernel=cusparse matrix=roadNet-CA.mtx P=4 rank=2 nrows_local=985640 ncols_global=1971281 nnz_local=1695369 n_ghost=-1 compute_avg_ms=0.070724 compute_min_ms=0.068608 compute_max_ms=0.073728 compute_var_ms=0.000001463 compute_gflops=47.943062 eff_bw_gbs=359.008875 pct_peak_bw=38.4740 comm_avg_ms=7.763548 comm_min_ms=7.061954 comm_max_ms=8.236818 comm_var_ms=0.088831238 total_avg_ms=7.834272 total_min_ms=7.131586 total_max_ms=8.307474 total_var_ms=0.089030075 effective_gflops=0.432808
RESULT comm=checkerboard_mpi kernel=cusparse matrix=roadNet-CA.mtx P=4 rank=3 nrows_local=985640 ncols_global=1971281 nnz_local=1071328 n_ghost=-1 compute_avg_ms=0.064444 compute_min_ms=0.062464 compute_max_ms=0.067584 compute_var_ms=0.000002092 compute_gflops=33.248478 eff_bw_gbs=316.528964 pct_peak_bw=33.9216 comm_avg_ms=6.334624 comm_min_ms=5.765846 comm_max_ms=6.701816 comm_var_ms=0.056264676 total_avg_ms=6.399068 total_min_ms=5.832406 total_max_ms=6.765304 total_var_ms=0.056260723 effective_gflops=0.334839
[ERROR CHECKING] OK!

--- P=4 rep=2/3 driver=spmv_2d_acc ---
Grid: P=4 -> P_r=2 x P_c=2
Loaded ../matrices/roadNet-CA.mtx: 1971281 x 1971281, 5533214 nnz
[kernel] acc -> LINE-ENHANCE (nnz=1071328, avg_nnz=1.09, imbalance=6.44, V=1)
[kernel] acc -> LINE-ENHANCE (nnz=1695369, avg_nnz=1.72, imbalance=4.07, V=1)
[kernel] acc -> LINE-ENHANCE (nnz=1071148, avg_nnz=1.09, imbalance=5.52, V=1)
[kernel] acc -> LINE-ENHANCE (nnz=1695369, avg_nnz=1.72, imbalance=4.65, V=1)
RESULT comm=checkerboard_mpi kernel=acc matrix=roadNet-CA.mtx P=4 rank=0 nrows_local=985641 ncols_global=1971281 nnz_local=1071148 n_ghost=-1 compute_avg_ms=0.054477 compute_min_ms=0.053248 compute_max_ms=0.058368 compute_var_ms=0.000000867 compute_gflops=39.324924 eff_bw_gbs=374.414064 pct_peak_bw=40.1250 comm_avg_ms=3.498184 comm_min_ms=3.478666 comm_max_ms=3.528684 comm_var_ms=0.000199687 total_avg_ms=3.552661 total_min_ms=3.533962 total_max_ms=3.582956 total_var_ms=0.000202761 effective_gflops=0.603012
RESULT comm=checkerboard_mpi kernel=acc matrix=roadNet-CA.mtx P=4 rank=1 nrows_local=985641 ncols_global=1971281 nnz_local=1695369 n_ghost=-1 compute_avg_ms=0.057481 compute_min_ms=0.056320 compute_max_ms=0.075776 compute_var_ms=0.000011795 compute_gflops=58.989327 eff_bw_gbs=441.725959 pct_peak_bw=47.3386 comm_avg_ms=2.640958 comm_min_ms=2.573531 comm_max_ms=2.670953 comm_var_ms=0.000361107 total_avg_ms=2.698438 total_min_ms=2.629851 total_max_ms=2.728297 total_var_ms=0.000346138 effective_gflops=1.256556
RESULT comm=checkerboard_mpi kernel=acc matrix=roadNet-CA.mtx P=4 rank=2 nrows_local=985640 ncols_global=1971281 nnz_local=1695369 n_ghost=-1 compute_avg_ms=0.060109 compute_min_ms=0.059392 compute_max_ms=0.063488 compute_var_ms=0.000001269 compute_gflops=56.410009 eff_bw_gbs=422.411351 pct_peak_bw=45.2687 comm_avg_ms=7.834490 comm_min_ms=7.732465 comm_max_ms=8.364866 comm_var_ms=0.016672988 total_avg_ms=7.894599 total_min_ms=7.791857 total_max_ms=8.425282 total_var_ms=0.016688268 effective_gflops=0.429501
RESULT comm=checkerboard_mpi kernel=acc matrix=roadNet-CA.mtx P=4 rank=3 nrows_local=985640 ncols_global=1971281 nnz_local=1071328 n_ghost=-1 compute_avg_ms=0.053009 compute_min_ms=0.051200 compute_max_ms=0.078848 compute_var_ms=0.000023536 compute_gflops=40.420558 eff_bw_gbs=384.807915 pct_peak_bw=41.2388 comm_avg_ms=6.544582 comm_min_ms=6.458521 comm_max_ms=6.936698 comm_var_ms=0.009170413 total_avg_ms=6.597591 total_min_ms=6.521945 total_max_ms=6.988922 total_var_ms=0.009019905 effective_gflops=0.324763
[ERROR CHECKING] OK!

--- P=4 rep=2/3 driver=spmv_2d_nccl_cusparse ---
Grid: P=4 -> P_r=2 x P_c=2
Loaded ../matrices/roadNet-CA.mtx: 1971281 x 1971281, 5533214 nnz
RESULT comm=checkerboard_nccl kernel=cusparse matrix=roadNet-CA.mtx P=4 rank=1 nrows_local=985641 ncols_global=1971281 nnz_local=1695369 n_ghost=-1 compute_avg_ms=0.063522 compute_min_ms=0.061440 compute_max_ms=0.064512 compute_var_ms=0.000000593 compute_gflops=53.378844 eff_bw_gbs=399.713344 pct_peak_bw=42.8362 comm_avg_ms=0.494638 comm_min_ms=0.483366 comm_max_ms=0.502190 comm_var_ms=0.000020069 total_avg_ms=0.558160 total_min_ms=0.546854 total_max_ms=0.565678 total_var_ms=0.000021795 effective_gflops=6.074848
RESULT comm=checkerboard_nccl kernel=cusparse matrix=roadNet-CA.mtx P=4 rank=2 nrows_local=985640 ncols_global=1971281 nnz_local=1695369 n_ghost=-1 compute_avg_ms=0.067345 compute_min_ms=0.066560 compute_max_ms=0.068608 compute_var_ms=0.000000607 compute_gflops=50.348721 eff_bw_gbs=377.023011 pct_peak_bw=40.4046 comm_avg_ms=0.627528 comm_min_ms=0.611297 comm_max_ms=0.647505 comm_var_ms=0.000082549 total_avg_ms=0.694873 total_min_ms=0.678111 total_max_ms=0.714065 total_var_ms=0.000078532 effective_gflops=4.879651
RESULT comm=checkerboard_nccl kernel=cusparse matrix=roadNet-CA.mtx P=4 rank=0 nrows_local=985641 ncols_global=1971281 nnz_local=1071148 n_ghost=-1 compute_avg_ms=0.071270 compute_min_ms=0.068608 compute_max_ms=0.073728 compute_var_ms=0.000001440 compute_gflops=30.058705 eff_bw_gbs=286.190052 pct_peak_bw=30.6702 comm_avg_ms=0.555602 comm_min_ms=0.543104 comm_max_ms=0.567754 comm_var_ms=0.000030167 total_avg_ms=0.626873 total_min_ms=0.613760 total_max_ms=0.638410 total_var_ms=0.000030601 effective_gflops=3.417435
RESULT comm=checkerboard_nccl kernel=cusparse matrix=roadNet-CA.mtx P=4 rank=3 nrows_local=985640 ncols_global=1971281 nnz_local=1071328 n_ghost=-1 compute_avg_ms=0.065638 compute_min_ms=0.064512 compute_max_ms=0.067584 compute_var_ms=0.000000724 compute_gflops=32.643331 eff_bw_gbs=310.767905 pct_peak_bw=33.3042 comm_avg_ms=0.555497 comm_min_ms=0.540708 comm_max_ms=0.567040 comm_var_ms=0.000057798 total_avg_ms=0.621136 total_min_ms=0.605220 total_max_ms=0.633141 total_var_ms=0.000057707 effective_gflops=3.449578
[ERROR CHECKING] OK!

--- P=4 rep=2/3 driver=spmv_2d_nccl_acc ---
Grid: P=4 -> P_r=2 x P_c=2
Loaded ../matrices/roadNet-CA.mtx: 1971281 x 1971281, 5533214 nnz
[kernel] acc -> LINE-ENHANCE (nnz=1071328, avg_nnz=1.09, imbalance=6.44, V=1)
[kernel] acc -> LINE-ENHANCE (nnz=1695369, avg_nnz=1.72, imbalance=4.07, V=1)
[kernel] acc -> LINE-ENHANCE (nnz=1071148, avg_nnz=1.09, imbalance=5.52, V=1)
[kernel] acc -> LINE-ENHANCE (nnz=1695369, avg_nnz=1.72, imbalance=4.65, V=1)
RESULT comm=checkerboard_nccl kernel=acc matrix=roadNet-CA.mtx P=4 rank=0 nrows_local=985641 ncols_global=1971281 nnz_local=1071148 n_ghost=-1 compute_avg_ms=0.054204 compute_min_ms=0.053248 compute_max_ms=0.055296 compute_var_ms=0.000000135 compute_gflops=39.523034 eff_bw_gbs=376.300281 pct_peak_bw=40.3271 comm_avg_ms=0.569452 comm_min_ms=0.546132 comm_max_ms=0.594431 comm_var_ms=0.000089651 total_avg_ms=0.623656 total_min_ms=0.600404 total_max_ms=0.648703 total_var_ms=0.000090263 effective_gflops=3.435060
RESULT comm=checkerboard_nccl kernel=acc matrix=roadNet-CA.mtx P=4 rank=1 nrows_local=985641 ncols_global=1971281 nnz_local=1695369 n_ghost=-1 compute_avg_ms=0.057276 compute_min_ms=0.056320 compute_max_ms=0.058368 compute_var_ms=0.000000135 compute_gflops=59.200254 eff_bw_gbs=443.305431 pct_peak_bw=47.5079 comm_avg_ms=0.498728 comm_min_ms=0.488874 comm_max_ms=0.514025 comm_var_ms=0.000021983 total_avg_ms=0.556004 total_min_ms=0.546218 total_max_ms=0.571369 total_var_ms=0.000021540 effective_gflops=6.098406
RESULT comm=checkerboard_nccl kernel=acc matrix=roadNet-CA.mtx P=4 rank=3 nrows_local=985640 ncols_global=1971281 nnz_local=1071328 n_ghost=-1 compute_avg_ms=0.052565 compute_min_ms=0.052224 compute_max_ms=0.053248 compute_var_ms=0.000000233 compute_gflops=40.761770 eff_bw_gbs=388.056292 pct_peak_bw=41.5870 comm_avg_ms=0.559224 comm_min_ms=0.541704 comm_max_ms=0.582037 comm_var_ms=0.000057057 total_avg_ms=0.611790 total_min_ms=0.593928 total_max_ms=0.634261 total_var_ms=0.000055981 effective_gflops=3.502276
RESULT comm=checkerboard_nccl kernel=acc matrix=roadNet-CA.mtx P=4 rank=2 nrows_local=985640 ncols_global=1971281 nnz_local=1695369 n_ghost=-1 compute_avg_ms=0.059563 compute_min_ms=0.059392 compute_max_ms=0.060416 compute_var_ms=0.000000146 compute_gflops=56.927235 eff_bw_gbs=426.284462 pct_peak_bw=45.6838 comm_avg_ms=0.622044 comm_min_ms=0.606689 comm_max_ms=0.646291 comm_var_ms=0.000060883 total_avg_ms=0.681607 total_min_ms=0.666081 total_max_ms=0.705683 total_var_ms=0.000060929 effective_gflops=4.974623
[ERROR CHECKING] OK!

--- P=4 rep=3/3 driver=spmv_bcast ---
Loaded ../matrices/roadNet-CA.mtx: 1971281 x 1971281, 5533214 nnz
RESULT comm=bcast kernel=cusparse matrix=roadNet-CA.mtx P=4 rank=0 nrows_local=492821 ncols_global=1971281 nnz_local=1383100 n_ghost=-1 compute_avg_ms=0.067686 compute_min_ms=0.056320 compute_max_ms=0.092160 compute_var_ms=0.000037494 compute_gflops=40.867885 eff_bw_gbs=338.214115 pct_peak_bw=36.2455 comm_avg_ms=3.020068 comm_min_ms=2.967288 comm_max_ms=3.090420 comm_var_ms=0.000585719 total_avg_ms=3.087754 total_min_ms=3.031800 total_max_ms=3.170292 total_var_ms=0.000691596 effective_gflops=0.895861
RESULT comm=bcast kernel=cusparse matrix=roadNet-CA.mtx P=4 rank=1 nrows_local=492820 ncols_global=1971281 nnz_local=1383504 n_ghost=-1 compute_avg_ms=0.059085 compute_min_ms=0.055296 compute_max_ms=0.067584 compute_var_ms=0.000013991 compute_gflops=46.831131 eff_bw_gbs=387.506092 pct_peak_bw=41.5280 comm_avg_ms=4.018338 comm_min_ms=3.992375 comm_max_ms=4.060935 comm_var_ms=0.000205731 total_avg_ms=4.077423 total_min_ms=4.048695 total_max_ms=4.125447 total_var_ms=0.000253124 effective_gflops=0.678617
RESULT comm=bcast kernel=cusparse matrix=roadNet-CA.mtx P=4 rank=2 nrows_local=492820 ncols_global=1971281 nnz_local=1383417 n_ghost=-1 compute_avg_ms=0.055296 compute_min_ms=0.054272 compute_max_ms=0.060416 compute_var_ms=0.000002027 compute_gflops=50.036784 eff_bw_gbs=414.044849 pct_peak_bw=44.3721 comm_avg_ms=4.605201 comm_min_ms=4.556464 comm_max_ms=4.829054 comm_var_ms=0.001971469 total_avg_ms=4.660497 total_min_ms=4.611760 total_max_ms=4.889470 total_var_ms=0.002054578 effective_gflops=0.593678
RESULT comm=bcast kernel=cusparse matrix=roadNet-CA.mtx P=4 rank=3 nrows_local=492820 ncols_global=1971281 nnz_local=1383193 n_ghost=-1 compute_avg_ms=0.055774 compute_min_ms=0.054272 compute_max_ms=0.064512 compute_var_ms=0.000003057 compute_gflops=49.600040 eff_bw_gbs=410.465211 pct_peak_bw=43.9885 comm_avg_ms=4.673336 comm_min_ms=4.635222 comm_max_ms=4.810301 comm_var_ms=0.000792476 total_avg_ms=4.729109 total_min_ms=4.690518 total_max_ms=4.865597 total_var_ms=0.000792490 effective_gflops=0.584970
[ERROR CHECKING] OK!

--- P=4 rep=3/3 driver=spmv_ghost_cusparse ---
Loaded ../matrices/roadNet-CA.mtx: 1971281 x 1971281, 5533214 nnz
RESULT comm=ghost_mpi kernel=cusparse matrix=roadNet-CA.mtx P=4 rank=1 nrows_local=492820 ncols_global=1971281 nnz_local=1383504 n_ghost=906706 compute_avg_ms=0.058675 compute_min_ms=0.057344 compute_max_ms=0.061440 compute_var_ms=0.000000779 compute_gflops=47.158049 eff_bw_gbs=351.233564 pct_peak_bw=37.6408 comm_avg_ms=3.806344 comm_min_ms=1.917131 comm_max_ms=5.074770 comm_var_ms=0.594117833 total_avg_ms=3.865020 total_min_ms=1.975499 total_max_ms=5.133138 total_var_ms=0.593823169 effective_gflops=0.715910
RESULT comm=ghost_mpi kernel=cusparse matrix=roadNet-CA.mtx P=4 rank=2 nrows_local=492820 ncols_global=1971281 nnz_local=1383417 n_ghost=906973 compute_avg_ms=0.057617 compute_min_ms=0.056320 compute_max_ms=0.059392 compute_var_ms=0.000000485 compute_gflops=48.021083 eff_bw_gbs=357.690401 pct_peak_bw=38.3327 comm_avg_ms=3.887013 comm_min_ms=2.736483 comm_max_ms=5.022063 comm_var_ms=0.430985032 total_avg_ms=3.944630 total_min_ms=2.794851 total_max_ms=5.079407 total_var_ms=0.430688043 effective_gflops=0.701418
RESULT comm=ghost_mpi kernel=cusparse matrix=roadNet-CA.mtx P=4 rank=0 nrows_local=492821 ncols_global=1971281 nnz_local=1383100 n_ghost=907422 compute_avg_ms=0.058197 compute_min_ms=0.056320 compute_max_ms=0.064512 compute_var_ms=0.000001823 compute_gflops=47.531387 eff_bw_gbs=354.111477 pct_peak_bw=37.9492 comm_avg_ms=3.177654 comm_min_ms=2.225698 comm_max_ms=4.563581 comm_var_ms=0.385735631 total_avg_ms=3.235851 total_min_ms=2.283042 total_max_ms=4.621949 total_var_ms=0.385390311 effective_gflops=0.854860
RESULT comm=ghost_mpi kernel=cusparse matrix=roadNet-CA.mtx P=4 rank=3 nrows_local=492820 ncols_global=1971281 nnz_local=1383193 n_ghost=907451 compute_avg_ms=0.053828 compute_min_ms=0.040960 compute_max_ms=0.059392 compute_var_ms=0.000045346 compute_gflops=51.392812 eff_bw_gbs=382.869319 pct_peak_bw=41.0311 comm_avg_ms=3.628172 comm_min_ms=2.436719 comm_max_ms=5.073748 comm_var_ms=0.614820858 total_avg_ms=3.682000 total_min_ms=2.478703 total_max_ms=5.131092 total_var_ms=0.619623483 effective_gflops=0.751327
[ERROR CHECKING] OK!

--- P=4 rep=3/3 driver=spmv_ghost_acc ---
Loaded ../matrices/roadNet-CA.mtx: 1971281 x 1971281, 5533214 nnz
[kernel] acc -> LINE-ENHANCE (nnz=1383504, avg_nnz=2.81, imbalance=2.85, V=1)
[kernel] acc -> LINE-ENHANCE (nnz=1383417, avg_nnz=2.81, imbalance=4.27, V=1)
[kernel] acc -> LINE-ENHANCE (nnz=1383193, avg_nnz=2.81, imbalance=3.56, V=1)
[kernel] acc -> LINE-ENHANCE (nnz=1383100, avg_nnz=2.81, imbalance=3.56, V=1)
RESULT comm=ghost_mpi kernel=acc matrix=roadNet-CA.mtx P=4 rank=0 nrows_local=492821 ncols_global=1971281 nnz_local=1383100 n_ghost=907422 compute_avg_ms=0.051439 compute_min_ms=0.050176 compute_max_ms=0.057344 compute_var_ms=0.000001516 compute_gflops=53.776389 eff_bw_gbs=400.637088 pct_peak_bw=42.9352 comm_avg_ms=3.221162 comm_min_ms=2.236788 comm_max_ms=4.922263 comm_var_ms=0.419348496 total_avg_ms=3.272601 total_min_ms=2.287988 total_max_ms=4.973463 total_var_ms=0.419536661 effective_gflops=0.845260
RESULT comm=ghost_mpi kernel=acc matrix=roadNet-CA.mtx P=4 rank=1 nrows_local=492820 ncols_global=1971281 nnz_local=1383504 n_ghost=906706 compute_avg_ms=0.051814 compute_min_ms=0.051200 compute_max_ms=0.053248 compute_var_ms=0.000000322 compute_gflops=53.402299 eff_bw_gbs=397.740791 pct_peak_bw=42.6248 comm_avg_ms=3.951748 comm_min_ms=1.875470 comm_max_ms=5.012966 comm_var_ms=0.686711685 total_avg_ms=4.003563 total_min_ms=1.926670 total_max_ms=5.064166 total_var_ms=0.686639859 effective_gflops=0.691136
RESULT comm=ghost_mpi kernel=acc matrix=roadNet-CA.mtx P=4 rank=2 nrows_local=492820 ncols_global=1971281 nnz_local=1383417 n_ghost=906973 compute_avg_ms=0.050142 compute_min_ms=0.039936 compute_max_ms=0.052224 compute_var_ms=0.000009890 compute_gflops=55.180117 eff_bw_gbs=411.015262 pct_peak_bw=44.0474 comm_avg_ms=3.908738 comm_min_ms=2.117051 comm_max_ms=5.013356 comm_var_ms=0.680381021 total_avg_ms=3.958879 total_min_ms=2.169275 total_max_ms=5.064556 total_var_ms=0.683058651 effective_gflops=0.698893
RESULT comm=ghost_mpi kernel=acc matrix=roadNet-CA.mtx P=4 rank=3 nrows_local=492820 ncols_global=1971281 nnz_local=1383193 n_ghost=907451 compute_avg_ms=0.049323 compute_min_ms=0.047104 compute_max_ms=0.052224 compute_var_ms=0.000004410 compute_gflops=56.087519 eff_bw_gbs=417.844236 pct_peak_bw=44.7793 comm_avg_ms=3.703201 comm_min_ms=2.549131 comm_max_ms=4.958450 comm_var_ms=0.600510349 total_avg_ms=3.752524 total_min_ms=2.596235 total_max_ms=5.010674 total_var_ms=0.601515969 effective_gflops=0.737207
[ERROR CHECKING] OK!

--- P=4 rep=3/3 driver=spmv_ghost_nccl_cusparse ---
Loaded ../matrices/roadNet-CA.mtx: 1971281 x 1971281, 5533214 nnz
RESULT comm=ghost_nccl kernel=cusparse matrix=roadNet-CA.mtx P=4 rank=0 nrows_local=492821 ncols_global=1971281 nnz_local=1383100 n_ghost=907422 compute_avg_ms=0.058505 compute_min_ms=0.057344 compute_max_ms=0.060416 compute_var_ms=0.000000611 compute_gflops=47.281805 eff_bw_gbs=352.252080 pct_peak_bw=37.7499 comm_avg_ms=1.522746 comm_min_ms=0.897373 comm_max_ms=4.654398 comm_var_ms=1.169047937 total_avg_ms=1.581251 total_min_ms=0.954717 total_max_ms=4.711742 total_var_ms=1.168994971 effective_gflops=1.749375
RESULT comm=ghost_nccl kernel=cusparse matrix=roadNet-CA.mtx P=4 rank=1 nrows_local=492820 ncols_global=1971281 nnz_local=1383504 n_ghost=906706 compute_avg_ms=0.058436 compute_min_ms=0.057344 compute_max_ms=0.060416 compute_var_ms=0.000000485 compute_gflops=47.350868 eff_bw_gbs=352.669682 pct_peak_bw=37.7947 comm_avg_ms=1.510110 comm_min_ms=0.888053 comm_max_ms=4.739646 comm_var_ms=1.187861877 total_avg_ms=1.568546 total_min_ms=0.947445 total_max_ms=4.799038 total_var_ms=1.188214444 effective_gflops=1.764059
RESULT comm=ghost_nccl kernel=cusparse matrix=roadNet-CA.mtx P=4 rank=2 nrows_local=492820 ncols_global=1971281 nnz_local=1383417 n_ghost=906973 compute_avg_ms=0.057515 compute_min_ms=0.056320 compute_max_ms=0.059392 compute_var_ms=0.000000705 compute_gflops=48.106581 eff_bw_gbs=358.327239 pct_peak_bw=38.4010 comm_avg_ms=1.554967 comm_min_ms=0.933699 comm_max_ms=4.790941 comm_var_ms=1.191395683 total_avg_ms=1.612481 total_min_ms=0.991043 total_max_ms=4.847261 total_var_ms=1.190757201 effective_gflops=1.715886
RESULT comm=ghost_nccl kernel=cusparse matrix=roadNet-CA.mtx P=4 rank=3 nrows_local=492820 ncols_global=1971281 nnz_local=1383193 n_ghost=907451 compute_avg_ms=0.057412 compute_min_ms=0.056320 compute_max_ms=0.059392 compute_var_ms=0.000000555 compute_gflops=48.184580 eff_bw_gbs=358.968438 pct_peak_bw=38.4697 comm_avg_ms=1.528911 comm_min_ms=0.904744 comm_max_ms=4.748974 comm_var_ms=1.191305114 total_avg_ms=1.586324 total_min_ms=0.962088 total_max_ms=4.807342 total_var_ms=1.191553440 effective_gflops=1.743898
[ERROR CHECKING] OK!

--- P=4 rep=3/3 driver=spmv_ghost_nccl_acc ---
Loaded ../matrices/roadNet-CA.mtx: 1971281 x 1971281, 5533214 nnz
[kernel] acc -> LINE-ENHANCE (nnz=1383417, avg_nnz=2.81, imbalance=4.27, V=1)
[kernel] acc -> LINE-ENHANCE (nnz=1383193, avg_nnz=2.81, imbalance=3.56, V=1)
[kernel] acc -> LINE-ENHANCE (nnz=1383504, avg_nnz=2.81, imbalance=2.85, V=1)
[kernel] acc -> LINE-ENHANCE (nnz=1383100, avg_nnz=2.81, imbalance=3.56, V=1)
RESULT comm=ghost_nccl kernel=acc matrix=roadNet-CA.mtx P=4 rank=0 nrows_local=492821 ncols_global=1971281 nnz_local=1383100 n_ghost=907422 compute_avg_ms=0.051200 compute_min_ms=0.050176 compute_max_ms=0.052224 compute_var_ms=0.000000210 compute_gflops=54.027345 eff_bw_gbs=402.506729 pct_peak_bw=43.1356 comm_avg_ms=1.196432 comm_min_ms=0.897853 comm_max_ms=3.645004 comm_var_ms=0.400342791 total_avg_ms=1.247632 total_min_ms=0.949053 total_max_ms=3.696204 total_var_ms=0.400406811 effective_gflops=2.217161
RESULT comm=ghost_nccl kernel=acc matrix=roadNet-CA.mtx P=4 rank=1 nrows_local=492820 ncols_global=1971281 nnz_local=1383504 n_ghost=906706 compute_avg_ms=0.051712 compute_min_ms=0.051200 compute_max_ms=0.052224 compute_var_ms=0.000000262 compute_gflops=53.508046 eff_bw_gbs=398.528397 pct_peak_bw=42.7092 comm_avg_ms=1.200154 comm_min_ms=0.895366 comm_max_ms=3.665484 comm_var_ms=0.405976233 total_avg_ms=1.251866 total_min_ms=0.947590 total_max_ms=3.717708 total_var_ms=0.406068354 effective_gflops=2.210306
RESULT comm=ghost_nccl kernel=acc matrix=roadNet-CA.mtx P=4 rank=2 nrows_local=492820 ncols_global=1971281 nnz_local=1383417 n_ghost=906973 compute_avg_ms=0.051371 compute_min_ms=0.050176 compute_max_ms=0.054272 compute_var_ms=0.000000495 compute_gflops=53.860194 eff_bw_gbs=401.183668 pct_peak_bw=42.9938 comm_avg_ms=1.256754 comm_min_ms=0.925190 comm_max_ms=3.678065 comm_var_ms=0.416515104 total_avg_ms=1.308125 total_min_ms=0.976390 total_max_ms=3.729265 total_var_ms=0.416585704 effective_gflops=2.115114
RESULT comm=ghost_nccl kernel=acc matrix=roadNet-CA.mtx P=4 rank=3 nrows_local=492820 ncols_global=1971281 nnz_local=1383193 n_ghost=907451 compute_avg_ms=0.051200 compute_min_ms=0.050176 compute_max_ms=0.052224 compute_var_ms=0.000000350 compute_gflops=54.030978 eff_bw_gbs=402.523291 pct_peak_bw=43.1374 comm_avg_ms=1.217349 comm_min_ms=0.914448 comm_max_ms=3.674255 comm_var_ms=0.404518592 total_avg_ms=1.268549 total_min_ms=0.965648 total_max_ms=3.725455 total_var_ms=0.404463886 effective_gflops=2.180749
[ERROR CHECKING] OK!

--- P=4 rep=3/3 driver=spmv_2d_cusparse ---
Grid: P=4 -> P_r=2 x P_c=2
Loaded ../matrices/roadNet-CA.mtx: 1971281 x 1971281, 5533214 nnz
RESULT comm=checkerboard_mpi kernel=cusparse matrix=roadNet-CA.mtx P=4 rank=0 nrows_local=985641 ncols_global=1971281 nnz_local=1071148 n_ghost=-1 compute_avg_ms=0.074889 compute_min_ms=0.072704 compute_max_ms=0.081920 compute_var_ms=0.000003966 compute_gflops=28.606462 eff_bw_gbs=272.363186 pct_peak_bw=29.1884 comm_avg_ms=4.178040 comm_min_ms=3.938794 comm_max_ms=4.386404 comm_var_ms=0.027631172 total_avg_ms=4.252929 total_min_ms=4.016618 total_max_ms=4.460132 total_var_ms=0.027421598 effective_gflops=0.503723
RESULT comm=checkerboard_mpi kernel=cusparse matrix=roadNet-CA.mtx P=4 rank=1 nrows_local=985641 ncols_global=1971281 nnz_local=1695369 n_ghost=-1 compute_avg_ms=0.062771 compute_min_ms=0.061440 compute_max_ms=0.065536 compute_var_ms=0.000000849 compute_gflops=54.017417 eff_bw_gbs=404.495126 pct_peak_bw=43.3487 comm_avg_ms=3.303856 comm_min_ms=3.099406 comm_max_ms=3.468553 comm_var_ms=0.015896060 total_avg_ms=3.366627 total_min_ms=3.161870 total_max_ms=3.532041 total_var_ms=0.015898801 effective_gflops=1.007162
RESULT comm=checkerboard_mpi kernel=cusparse matrix=roadNet-CA.mtx P=4 rank=2 nrows_local=985640 ncols_global=1971281 nnz_local=1695369 n_ghost=-1 compute_avg_ms=0.070519 compute_min_ms=0.067584 compute_max_ms=0.072704 compute_var_ms=0.000001449 compute_gflops=48.082297 eff_bw_gbs=360.051496 pct_peak_bw=38.5858 comm_avg_ms=7.184656 comm_min_ms=6.590279 comm_max_ms=8.199464 comm_var_ms=0.403126876 total_avg_ms=7.255175 total_min_ms=6.661959 total_max_ms=8.267048 total_var_ms=0.403306307 effective_gflops=0.467354
RESULT comm=checkerboard_mpi kernel=cusparse matrix=roadNet-CA.mtx P=4 rank=3 nrows_local=985640 ncols_global=1971281 nnz_local=1071328 n_ghost=-1 compute_avg_ms=0.063898 compute_min_ms=0.061440 compute_max_ms=0.066560 compute_var_ms=0.000001440 compute_gflops=33.532653 eff_bw_gbs=319.234341 pct_peak_bw=34.2115 comm_avg_ms=6.021741 comm_min_ms=5.582238 comm_max_ms=6.815379 comm_var_ms=0.221675728 total_avg_ms=6.085638 total_min_ms=5.645726 total_max_ms=6.879891 total_var_ms=0.221667327 effective_gflops=0.352084
[ERROR CHECKING] OK!

--- P=4 rep=3/3 driver=spmv_2d_acc ---
Grid: P=4 -> P_r=2 x P_c=2
Loaded ../matrices/roadNet-CA.mtx: 1971281 x 1971281, 5533214 nnz
[kernel] acc -> LINE-ENHANCE (nnz=1071328, avg_nnz=1.09, imbalance=6.44, V=1)
[kernel] acc -> LINE-ENHANCE (nnz=1695369, avg_nnz=1.72, imbalance=4.07, V=1)
[kernel] acc -> LINE-ENHANCE (nnz=1071148, avg_nnz=1.09, imbalance=5.52, V=1)
[kernel] acc -> LINE-ENHANCE (nnz=1695369, avg_nnz=1.72, imbalance=4.65, V=1)
RESULT comm=checkerboard_mpi kernel=acc matrix=roadNet-CA.mtx P=4 rank=0 nrows_local=985641 ncols_global=1971281 nnz_local=1071148 n_ghost=-1 compute_avg_ms=0.054272 compute_min_ms=0.053248 compute_max_ms=0.057344 compute_var_ms=0.000000629 compute_gflops=39.473320 eff_bw_gbs=375.826948 pct_peak_bw=40.2764 comm_avg_ms=4.272949 comm_min_ms=4.137165 comm_max_ms=4.387422 comm_var_ms=0.007294647 total_avg_ms=4.327221 total_min_ms=4.193485 total_max_ms=4.441694 total_var_ms=0.007284991 effective_gflops=0.495074
RESULT comm=checkerboard_mpi kernel=acc matrix=roadNet-CA.mtx P=4 rank=1 nrows_local=985641 ncols_global=1971281 nnz_local=1695369 n_ghost=-1 compute_avg_ms=0.057378 compute_min_ms=0.056320 compute_max_ms=0.065536 compute_var_ms=0.000002690 compute_gflops=59.094602 eff_bw_gbs=442.514286 pct_peak_bw=47.4231 comm_avg_ms=3.222399 comm_min_ms=3.105857 comm_max_ms=3.339376 comm_var_ms=0.005591592 total_avg_ms=3.279777 total_min_ms=3.163201 total_max_ms=3.396720 total_var_ms=0.005542510 effective_gflops=1.033832
RESULT comm=checkerboard_mpi kernel=acc matrix=roadNet-CA.mtx P=4 rank=2 nrows_local=985640 ncols_global=1971281 nnz_local=1695369 n_ghost=-1 compute_avg_ms=0.059938 compute_min_ms=0.058368 compute_max_ms=0.067584 compute_var_ms=0.000002288 compute_gflops=56.570629 eff_bw_gbs=423.614116 pct_peak_bw=45.3976 comm_avg_ms=7.795674 comm_min_ms=7.407757 comm_max_ms=8.356957 comm_var_ms=0.141047002 total_avg_ms=7.855612 total_min_ms=7.467149 total_max_ms=8.416349 total_var_ms=0.141203589 effective_gflops=0.431633
RESULT comm=checkerboard_mpi kernel=acc matrix=roadNet-CA.mtx P=4 rank=3 nrows_local=985640 ncols_global=1971281 nnz_local=1071328 n_ghost=-1 compute_avg_ms=0.052429 compute_min_ms=0.051200 compute_max_ms=0.066560 compute_var_ms=0.000007158 compute_gflops=40.867921 eff_bw_gbs=389.066856 pct_peak_bw=41.6953 comm_avg_ms=6.602958 comm_min_ms=6.290865 comm_max_ms=7.025088 comm_var_ms=0.089036590 total_avg_ms=6.655387 total_min_ms=6.343089 total_max_ms=7.077312 total_var_ms=0.089240722 effective_gflops=0.321943
[ERROR CHECKING] OK!

--- P=4 rep=3/3 driver=spmv_2d_nccl_cusparse ---
Grid: P=4 -> P_r=2 x P_c=2
Loaded ../matrices/roadNet-CA.mtx: 1971281 x 1971281, 5533214 nnz
RESULT comm=checkerboard_nccl kernel=cusparse matrix=roadNet-CA.mtx P=4 rank=1 nrows_local=985641 ncols_global=1971281 nnz_local=1695369 n_ghost=-1 compute_avg_ms=0.063590 compute_min_ms=0.062464 compute_max_ms=0.065536 compute_var_ms=0.000000724 compute_gflops=53.321540 eff_bw_gbs=399.284237 pct_peak_bw=42.7902 comm_avg_ms=0.498791 comm_min_ms=0.486623 comm_max_ms=0.507649 comm_var_ms=0.000020608 total_avg_ms=0.562381 total_min_ms=0.550111 total_max_ms=0.570113 total_var_ms=0.000020106 effective_gflops=6.029254
RESULT comm=checkerboard_nccl kernel=cusparse matrix=roadNet-CA.mtx P=4 rank=2 nrows_local=985640 ncols_global=1971281 nnz_local=1695369 n_ghost=-1 compute_avg_ms=0.067413 compute_min_ms=0.065536 compute_max_ms=0.069632 compute_var_ms=0.000000635 compute_gflops=50.297735 eff_bw_gbs=376.641216 pct_peak_bw=40.3636 comm_avg_ms=0.622842 comm_min_ms=0.610552 comm_max_ms=0.640607 comm_var_ms=0.000050310 total_avg_ms=0.690255 total_min_ms=0.678136 total_max_ms=0.708191 total_var_ms=0.000049890 effective_gflops=4.912297
RESULT comm=checkerboard_nccl kernel=cusparse matrix=roadNet-CA.mtx P=4 rank=0 nrows_local=985641 ncols_global=1971281 nnz_local=1071148 n_ghost=-1 compute_avg_ms=0.071168 compute_min_ms=0.068608 compute_max_ms=0.073728 compute_var_ms=0.000001520 compute_gflops=30.101955 eff_bw_gbs=286.601837 pct_peak_bw=30.7144 comm_avg_ms=0.556587 comm_min_ms=0.543086 comm_max_ms=0.566711 comm_var_ms=0.000037254 total_avg_ms=0.627755 total_min_ms=0.613742 total_max_ms=0.638374 total_var_ms=0.000038521 effective_gflops=3.412633
RESULT comm=checkerboard_nccl kernel=cusparse matrix=roadNet-CA.mtx P=4 rank=3 nrows_local=985640 ncols_global=1971281 nnz_local=1071328 n_ghost=-1 compute_avg_ms=0.065946 compute_min_ms=0.064512 compute_max_ms=0.068608 compute_var_ms=0.000001091 compute_gflops=32.491266 eff_bw_gbs=309.320228 pct_peak_bw=33.1490 comm_avg_ms=0.555918 comm_min_ms=0.541691 comm_max_ms=0.564707 comm_var_ms=0.000041414 total_avg_ms=0.621864 total_min_ms=0.607227 total_max_ms=0.630343 total_var_ms=0.000041772 effective_gflops=3.445538
[ERROR CHECKING] OK!

--- P=4 rep=3/3 driver=spmv_2d_nccl_acc ---
Grid: P=4 -> P_r=2 x P_c=2
Loaded ../matrices/roadNet-CA.mtx: 1971281 x 1971281, 5533214 nnz
[kernel] acc -> LINE-ENHANCE (nnz=1071328, avg_nnz=1.09, imbalance=6.44, V=1)
[kernel] acc -> LINE-ENHANCE (nnz=1695369, avg_nnz=1.72, imbalance=4.07, V=1)
[kernel] acc -> LINE-ENHANCE (nnz=1071148, avg_nnz=1.09, imbalance=5.52, V=1)
[kernel] acc -> LINE-ENHANCE (nnz=1695369, avg_nnz=1.72, imbalance=4.65, V=1)
RESULT comm=checkerboard_nccl kernel=acc matrix=roadNet-CA.mtx P=4 rank=0 nrows_local=985641 ncols_global=1971281 nnz_local=1071148 n_ghost=-1 compute_avg_ms=0.054101 compute_min_ms=0.053248 compute_max_ms=0.054272 compute_var_ms=0.000000146 compute_gflops=39.597841 eff_bw_gbs=377.012522 pct_peak_bw=40.4034 comm_avg_ms=0.570724 comm_min_ms=0.559489 comm_max_ms=0.585080 comm_var_ms=0.000026221 total_avg_ms=0.624825 total_min_ms=0.613761 total_max_ms=0.639352 total_var_ms=0.000026273 effective_gflops=3.428633
RESULT comm=checkerboard_nccl kernel=acc matrix=roadNet-CA.mtx P=4 rank=1 nrows_local=985641 ncols_global=1971281 nnz_local=1695369 n_ghost=-1 compute_avg_ms=0.057412 compute_min_ms=0.056320 compute_max_ms=0.058368 compute_var_ms=0.000000135 compute_gflops=59.059468 eff_bw_gbs=442.251197 pct_peak_bw=47.3949 comm_avg_ms=0.498429 comm_min_ms=0.489485 comm_max_ms=0.511310 comm_var_ms=0.000034787 total_avg_ms=0.555841 total_min_ms=0.546829 total_max_ms=0.568654 total_var_ms=0.000036029 effective_gflops=6.100193
RESULT comm=checkerboard_nccl kernel=acc matrix=roadNet-CA.mtx P=4 rank=3 nrows_local=985640 ncols_global=1971281 nnz_local=1071328 n_ghost=-1 compute_avg_ms=0.052634 compute_min_ms=0.052224 compute_max_ms=0.053248 compute_var_ms=0.000000252 compute_gflops=40.708901 eff_bw_gbs=387.552976 pct_peak_bw=41.5330 comm_avg_ms=0.563918 comm_min_ms=0.549346 comm_max_ms=0.579072 comm_var_ms=0.000054404 total_avg_ms=0.616552 total_min_ms=0.602594 total_max_ms=0.632320 total_var_ms=0.000054964 effective_gflops=3.475225
RESULT comm=checkerboard_nccl kernel=acc matrix=roadNet-CA.mtx P=4 rank=2 nrows_local=985640 ncols_global=1971281 nnz_local=1695369 n_ghost=-1 compute_avg_ms=0.059870 compute_min_ms=0.058368 compute_max_ms=0.060416 compute_var_ms=0.000000331 compute_gflops=56.635134 eff_bw_gbs=424.097141 pct_peak_bw=45.4494 comm_avg_ms=0.628298 comm_min_ms=0.606431 comm_max_ms=0.649194 comm_var_ms=0.000072057 total_avg_ms=0.688168 total_min_ms=0.666847 total_max_ms=0.709610 total_var_ms=0.000070984 effective_gflops=4.927194
[ERROR CHECKING] OK!

=== Job done ===
