--------------------------------------------------------------------------
The call to cuMemHostRegister(0x7f52dfe00008, 134217728, 0) failed.
  Host:  edu01
  cuMemHostRegister return value:  1
  Registration cache:  smcuda
--------------------------------------------------------------------------
[edu01:2086703] 2 more processes have sent help message help-mpi-common-cuda.txt / cuMemHostRegister during init failed
[edu01:2086703] Set MCA parameter "orte_base_help_aggregate" to 0 to see all help / error messages
--------------------------------------------------------------------------
The call to cuMemHostRegister(0x7f33ebe00008, 134217728, 0) failed.
  Host:  edu01
  cuMemHostRegister return value:  1
  Registration cache:  smcuda
--------------------------------------------------------------------------
[edu01:2086734] 2 more processes have sent help message help-mpi-common-cuda.txt / cuMemHostRegister during init failed
[edu01:2086734] Set MCA parameter "orte_base_help_aggregate" to 0 to see all help / error messages
--------------------------------------------------------------------------
The call to cuMemHostRegister(0x7f0623e00008, 134217728, 0) failed.
  Host:  edu01
  cuMemHostRegister return value:  1
  Registration cache:  smcuda
--------------------------------------------------------------------------
[edu01:2086890] 2 more processes have sent help message help-mpi-common-cuda.txt / cuMemHostRegister during init failed
[edu01:2086890] Set MCA parameter "orte_base_help_aggregate" to 0 to see all help / error messages
--------------------------------------------------------------------------
The call to cuMemHostRegister(0x7f32afe00008, 134217728, 0) failed.
  Host:  edu01
  cuMemHostRegister return value:  1
  Registration cache:  smcuda
--------------------------------------------------------------------------
[edu01:2086921] 2 more processes have sent help message help-mpi-common-cuda.txt / cuMemHostRegister during init failed
[edu01:2086921] Set MCA parameter "orte_base_help_aggregate" to 0 to see all help / error messages
--------------------------------------------------------------------------
The call to cuMemHostRegister(0x7fcbcfe00008, 134217728, 0) failed.
  Host:  edu01
  cuMemHostRegister return value:  1
  Registration cache:  smcuda
--------------------------------------------------------------------------
[edu01:2087077] 2 more processes have sent help message help-mpi-common-cuda.txt / cuMemHostRegister during init failed
[edu01:2087077] Set MCA parameter "orte_base_help_aggregate" to 0 to see all help / error messages
--------------------------------------------------------------------------
The call to cuMemHostRegister(0x7fac5be00008, 134217728, 0) failed.
  Host:  edu01
  cuMemHostRegister return value:  1
  Registration cache:  smcuda
--------------------------------------------------------------------------
[edu01:2087108] 2 more processes have sent help message help-mpi-common-cuda.txt / cuMemHostRegister during init failed
[edu01:2087108] Set MCA parameter "orte_base_help_aggregate" to 0 to see all help / error messages
