=== D2_final strong scaling ===
Node:     edu01
Date:     Tue Jul 21 05:22:20 PM CEST 2026
Matrix:   ../matrices/webbase-1M.mtx
P:        4
Reps:     3

--- P=4 rep=1/3 driver=spmv_bcast ---
Loaded ../matrices/webbase-1M.mtx: 1000005 x 1000005, 3105536 nnz
RESULT comm=bcast kernel=cusparse matrix=webbase-1M.mtx P=4 rank=0 nrows_local=250002 ncols_global=1000005 nnz_local=764903 n_ghost=-1 compute_avg_ms=0.037171 compute_min_ms=0.035840 compute_max_ms=0.037888 compute_var_ms=0.000000360 compute_gflops=41.155678 eff_bw_gbs=326.039072 pct_peak_bw=34.9407 comm_avg_ms=1.253667 comm_min_ms=1.234808 comm_max_ms=1.262104 comm_var_ms=0.000028877 total_avg_ms=1.290838 total_min_ms=1.271672 total_max_ms=1.299570 total_var_ms=0.000030817 effective_gflops=1.185126
RESULT comm=bcast kernel=cusparse matrix=webbase-1M.mtx P=4 rank=1 nrows_local=250001 ncols_global=1000005 nnz_local=781981 n_ghost=-1 compute_avg_ms=0.037683 compute_min_ms=0.036864 compute_max_ms=0.038912 compute_var_ms=0.000000238 compute_gflops=41.502896 eff_bw_gbs=325.234575 pct_peak_bw=34.8545 comm_avg_ms=1.820431 comm_min_ms=1.785391 comm_max_ms=1.834699 comm_var_ms=0.000081982 total_avg_ms=1.858114 total_min_ms=1.823279 total_max_ms=1.872587 total_var_ms=0.000082481 effective_gflops=0.841693
RESULT comm=bcast kernel=cusparse matrix=webbase-1M.mtx P=4 rank=2 nrows_local=250001 ncols_global=1000005 nnz_local=775969 n_ghost=-1 compute_avg_ms=0.036523 compute_min_ms=0.035840 compute_max_ms=0.036864 compute_var_ms=0.000000233 compute_gflops=42.492460 eff_bw_gbs=334.252253 pct_peak_bw=35.8209 comm_avg_ms=2.039741 comm_min_ms=2.025981 comm_max_ms=2.117170 comm_var_ms=0.000283319 total_avg_ms=2.076264 total_min_ms=2.062845 total_max_ms=2.154034 total_var_ms=0.000285122 effective_gflops=0.747467
RESULT comm=bcast kernel=cusparse matrix=webbase-1M.mtx P=4 rank=3 nrows_local=250001 ncols_global=1000005 nnz_local=782683 n_ghost=-1 compute_avg_ms=0.037103 compute_min_ms=0.036864 compute_max_ms=0.037888 compute_var_ms=0.000000188 compute_gflops=42.189816 eff_bw_gbs=330.472403 pct_peak_bw=35.4159 comm_avg_ms=2.062743 comm_min_ms=2.048798 comm_max_ms=2.108948 comm_var_ms=0.000126354 total_avg_ms=2.099846 total_min_ms=2.085662 total_max_ms=2.145812 total_var_ms=0.000123839 effective_gflops=0.745467
[ERROR CHECKING] OK!

--- P=4 rep=1/3 driver=spmv_ghost_cusparse ---
Loaded ../matrices/webbase-1M.mtx: 1000005 x 1000005, 3105536 nnz
RESULT comm=ghost_mpi kernel=cusparse matrix=webbase-1M.mtx P=4 rank=0 nrows_local=250002 ncols_global=1000005 nnz_local=764903 n_ghost=50980 compute_avg_ms=0.035328 compute_min_ms=0.034816 compute_max_ms=0.035840 compute_var_ms=0.000000262 compute_gflops=43.302932 eff_bw_gbs=263.903187 pct_peak_bw=28.2818 comm_avg_ms=0.212148 comm_min_ms=0.159633 comm_max_ms=0.291468 comm_var_ms=0.001310212 total_avg_ms=0.247476 total_min_ms=0.194449 total_max_ms=0.327308 total_var_ms=0.001319467 effective_gflops=6.181639
RESULT comm=ghost_mpi kernel=cusparse matrix=webbase-1M.mtx P=4 rank=1 nrows_local=250001 ncols_global=1000005 nnz_local=781981 n_ghost=51751 compute_avg_ms=0.035874 compute_min_ms=0.034816 compute_max_ms=0.036864 compute_var_ms=0.000000174 compute_gflops=43.595812 eff_bw_gbs=263.779689 pct_peak_bw=28.2686 comm_avg_ms=0.254992 comm_min_ms=0.160017 comm_max_ms=0.372908 comm_var_ms=0.003673991 total_avg_ms=0.290866 total_min_ms=0.196881 total_max_ms=0.408748 total_var_ms=0.003670102 effective_gflops=5.376922
RESULT comm=ghost_mpi kernel=cusparse matrix=webbase-1M.mtx P=4 rank=2 nrows_local=250001 ncols_global=1000005 nnz_local=775969 n_ghost=51434 compute_avg_ms=0.035328 compute_min_ms=0.034816 compute_max_ms=0.035840 compute_var_ms=0.000000262 compute_gflops=43.929403 eff_bw_gbs=266.460139 pct_peak_bw=28.5558 comm_avg_ms=0.260523 comm_min_ms=0.154349 comm_max_ms=0.373551 comm_var_ms=0.003667793 total_avg_ms=0.295851 total_min_ms=0.189165 total_max_ms=0.408367 total_var_ms=0.003658386 effective_gflops=5.245672
RESULT comm=ghost_mpi kernel=cusparse matrix=webbase-1M.mtx P=4 rank=3 nrows_local=250001 ncols_global=1000005 nnz_local=782683 n_ghost=52068 compute_avg_ms=0.035430 compute_min_ms=0.034816 compute_max_ms=0.036864 compute_var_ms=0.000000391 compute_gflops=44.181436 eff_bw_gbs=267.277586 pct_peak_bw=28.6434 comm_avg_ms=0.261501 comm_min_ms=0.155861 comm_max_ms=0.372351 comm_var_ms=0.003606620 total_avg_ms=0.296931 total_min_ms=0.191701 total_max_ms=0.408191 total_var_ms=0.003610050 effective_gflops=5.271817
[ERROR CHECKING] OK!

--- P=4 rep=1/3 driver=spmv_ghost_acc ---
Loaded ../matrices/webbase-1M.mtx: 1000005 x 1000005, 3105536 nnz
[kernel] acc -> LINE-ENHANCE (nnz=781981, avg_nnz=3.13, imbalance=1502.60, V=1)
[kernel] acc -> LINE-ENHANCE (nnz=782683, avg_nnz=3.13, imbalance=1184.71, V=1)
[kernel] acc -> LINE-ENHANCE (nnz=764903, avg_nnz=3.06, imbalance=1212.58, V=1)
[kernel] acc -> LINE-ENHANCE (nnz=775969, avg_nnz=3.10, imbalance=1194.64, V=1)
RESULT comm=ghost_mpi kernel=acc matrix=webbase-1M.mtx P=4 rank=0 nrows_local=250002 ncols_global=1000005 nnz_local=764903 n_ghost=50980 compute_avg_ms=0.167014 compute_min_ms=0.165888 compute_max_ms=0.167936 compute_var_ms=0.000000304 compute_gflops=9.159725 eff_bw_gbs=55.822563 pct_peak_bw=5.9824 comm_avg_ms=0.219314 comm_min_ms=0.083093 comm_max_ms=0.311962 comm_var_ms=0.002101917 total_avg_ms=0.386328 total_min_ms=0.250005 total_max_ms=0.478874 total_var_ms=0.002103616 effective_gflops=3.959859
RESULT comm=ghost_mpi kernel=acc matrix=webbase-1M.mtx P=4 rank=2 nrows_local=250001 ncols_global=1000005 nnz_local=775969 n_ghost=51434 compute_avg_ms=0.258219 compute_min_ms=0.257024 compute_max_ms=0.260096 compute_var_ms=0.000000775 compute_gflops=6.010170 eff_bw_gbs=36.455552 pct_peak_bw=3.9068 comm_avg_ms=0.259930 comm_min_ms=0.086193 comm_max_ms=0.364789 comm_var_ms=0.003434341 total_avg_ms=0.518149 total_min_ms=0.344241 total_max_ms=0.621813 total_var_ms=0.003465684 effective_gflops=2.995160
RESULT comm=ghost_mpi kernel=acc matrix=webbase-1M.mtx P=4 rank=1 nrows_local=250001 ncols_global=1000005 nnz_local=781981 n_ghost=51751 compute_avg_ms=0.310170 compute_min_ms=0.309248 compute_max_ms=0.311296 compute_var_ms=0.000000304 compute_gflops=5.042280 eff_bw_gbs=30.508689 pct_peak_bw=3.2695 comm_avg_ms=0.253026 comm_min_ms=0.089562 comm_max_ms=0.363972 comm_var_ms=0.003205896 total_avg_ms=0.563196 total_min_ms=0.398810 total_max_ms=0.674244 total_var_ms=0.003232371 effective_gflops=2.776943
RESULT comm=ghost_mpi kernel=acc matrix=webbase-1M.mtx P=4 rank=3 nrows_local=250001 ncols_global=1000005 nnz_local=782683 n_ghost=52068 compute_avg_ms=0.258697 compute_min_ms=0.258048 compute_max_ms=0.260096 compute_var_ms=0.000000313 compute_gflops=6.050974 eff_bw_gbs=36.605639 pct_peak_bw=3.9229 comm_avg_ms=0.261819 comm_min_ms=0.089582 comm_max_ms=0.363868 comm_var_ms=0.003220015 total_avg_ms=0.520515 total_min_ms=0.347630 total_max_ms=0.622940 total_var_ms=0.003235721 effective_gflops=3.007339
[ERROR CHECKING] OK!

--- P=4 rep=1/3 driver=spmv_ghost_nccl_cusparse ---
Loaded ../matrices/webbase-1M.mtx: 1000005 x 1000005, 3105536 nnz
RESULT comm=ghost_nccl kernel=cusparse matrix=webbase-1M.mtx P=4 rank=1 nrows_local=250001 ncols_global=1000005 nnz_local=781981 n_ghost=51751 compute_avg_ms=0.036045 compute_min_ms=0.034816 compute_max_ms=0.036864 compute_var_ms=0.000000308 compute_gflops=43.389392 eff_bw_gbs=262.530732 pct_peak_bw=28.1347 comm_avg_ms=0.138252 comm_min_ms=0.133735 comm_max_ms=0.143026 comm_var_ms=0.000005535 total_avg_ms=0.174297 total_min_ms=0.169575 total_max_ms=0.178527 total_var_ms=0.000004937 effective_gflops=8.972997
RESULT comm=ghost_nccl kernel=cusparse matrix=webbase-1M.mtx P=4 rank=2 nrows_local=250001 ncols_global=1000005 nnz_local=775969 n_ghost=51434 compute_avg_ms=0.035328 compute_min_ms=0.034816 compute_max_ms=0.035840 compute_var_ms=0.000000262 compute_gflops=43.929403 eff_bw_gbs=266.460139 pct_peak_bw=28.5558 comm_avg_ms=0.116124 comm_min_ms=0.113188 comm_max_ms=0.120238 comm_var_ms=0.000002146 total_avg_ms=0.151452 total_min_ms=0.148004 total_max_ms=0.156078 total_var_ms=0.000002545 effective_gflops=10.247048
RESULT comm=ghost_nccl kernel=cusparse matrix=webbase-1M.mtx P=4 rank=0 nrows_local=250002 ncols_global=1000005 nnz_local=764903 n_ghost=50980 compute_avg_ms=0.035738 compute_min_ms=0.034816 compute_max_ms=0.036864 compute_var_ms=0.000000374 compute_gflops=42.806623 eff_bw_gbs=260.878508 pct_peak_bw=27.9577 comm_avg_ms=0.099994 comm_min_ms=0.096047 comm_max_ms=0.106971 comm_var_ms=0.000006009 total_avg_ms=0.135732 total_min_ms=0.131261 total_max_ms=0.142811 total_var_ms=0.000006686 effective_gflops=11.270825
RESULT comm=ghost_nccl kernel=cusparse matrix=webbase-1M.mtx P=4 rank=3 nrows_local=250001 ncols_global=1000005 nnz_local=782683 n_ghost=52068 compute_avg_ms=0.036045 compute_min_ms=0.034816 compute_max_ms=0.036864 compute_var_ms=0.000000238 compute_gflops=43.428343 eff_bw_gbs=262.721717 pct_peak_bw=28.1552 comm_avg_ms=0.117083 comm_min_ms=0.113338 comm_max_ms=0.124680 comm_var_ms=0.000005409 total_avg_ms=0.153127 total_min_ms=0.149178 total_max_ms=0.160520 total_var_ms=0.000005996 effective_gflops=10.222643
[ERROR CHECKING] OK!

--- P=4 rep=1/3 driver=spmv_ghost_nccl_acc ---
Loaded ../matrices/webbase-1M.mtx: 1000005 x 1000005, 3105536 nnz
[kernel] acc -> LINE-ENHANCE (nnz=781981, avg_nnz=3.13, imbalance=1502.60, V=1)
[kernel] acc -> LINE-ENHANCE (nnz=775969, avg_nnz=3.10, imbalance=1194.64, V=1)
[kernel] acc -> LINE-ENHANCE (nnz=764903, avg_nnz=3.06, imbalance=1212.58, V=1)
[kernel] acc -> LINE-ENHANCE (nnz=782683, avg_nnz=3.13, imbalance=1184.71, V=1)
RESULT comm=ghost_nccl kernel=acc matrix=webbase-1M.mtx P=4 rank=0 nrows_local=250002 ncols_global=1000005 nnz_local=764903 n_ghost=50980 compute_avg_ms=0.168789 compute_min_ms=0.166912 compute_max_ms=0.179200 compute_var_ms=0.000006647 compute_gflops=9.063405 eff_bw_gbs=55.235553 pct_peak_bw=5.9194 comm_avg_ms=0.098152 comm_min_ms=0.094682 comm_max_ms=0.103965 comm_var_ms=0.000005914 total_avg_ms=0.266942 total_min_ms=0.262618 total_max_ms=0.280108 total_var_ms=0.000015006 effective_gflops=5.730865
RESULT comm=ghost_nccl kernel=acc matrix=webbase-1M.mtx P=4 rank=2 nrows_local=250001 ncols_global=1000005 nnz_local=775969 n_ghost=51434 compute_avg_ms=0.259994 compute_min_ms=0.258048 compute_max_ms=0.273408 compute_var_ms=0.000010161 compute_gflops=5.969139 eff_bw_gbs=36.206675 pct_peak_bw=3.8802 comm_avg_ms=0.114167 comm_min_ms=0.111399 comm_max_ms=0.117916 comm_var_ms=0.000002630 total_avg_ms=0.374161 total_min_ms=0.370827 total_max_ms=0.389552 total_var_ms=0.000016410 effective_gflops=4.147786
RESULT comm=ghost_nccl kernel=acc matrix=webbase-1M.mtx P=4 rank=1 nrows_local=250001 ncols_global=1000005 nnz_local=781981 n_ghost=51751 compute_avg_ms=0.310750 compute_min_ms=0.310272 compute_max_ms=0.311296 compute_var_ms=0.000000261 compute_gflops=5.032865 eff_bw_gbs=30.451720 pct_peak_bw=3.2634 comm_avg_ms=0.134836 comm_min_ms=0.129678 comm_max_ms=0.141401 comm_var_ms=0.000006722 total_avg_ms=0.445585 total_min_ms=0.439950 total_max_ms=0.452697 total_var_ms=0.000007579 effective_gflops=3.509903
RESULT comm=ghost_nccl kernel=acc matrix=webbase-1M.mtx P=4 rank=3 nrows_local=250001 ncols_global=1000005 nnz_local=782683 n_ghost=52068 compute_avg_ms=0.260983 compute_min_ms=0.259072 compute_max_ms=0.272384 compute_var_ms=0.000005574 compute_gflops=5.997951 eff_bw_gbs=36.284872 pct_peak_bw=3.8886 comm_avg_ms=0.111773 comm_min_ms=0.107083 comm_max_ms=0.118256 comm_var_ms=0.000009635 total_avg_ms=0.372756 total_min_ms=0.367179 total_max_ms=0.389017 total_var_ms=0.000021050 effective_gflops=4.199433
[ERROR CHECKING] OK!

--- P=4 rep=1/3 driver=spmv_2d_cusparse ---
Grid: P=4 -> P_r=2 x P_c=2
Loaded ../matrices/webbase-1M.mtx: 1000005 x 1000005, 3105536 nnz
RESULT comm=checkerboard_mpi kernel=cusparse matrix=webbase-1M.mtx P=4 rank=0 nrows_local=500003 ncols_global=1000005 nnz_local=1026697 n_ghost=-1 compute_avg_ms=0.043691 compute_min_ms=0.041984 compute_max_ms=0.048128 compute_var_ms=0.000001142 compute_gflops=46.998459 eff_bw_gbs=325.323853 pct_peak_bw=34.8641 comm_avg_ms=2.255216 comm_min_ms=2.233673 comm_max_ms=2.305030 comm_var_ms=0.000302395 total_avg_ms=2.298907 total_min_ms=2.276681 total_max_ms=2.349062 total_var_ms=0.000305605 effective_gflops=0.893205
RESULT comm=checkerboard_mpi kernel=cusparse matrix=webbase-1M.mtx P=4 rank=1 nrows_local=500003 ncols_global=1000005 nnz_local=514175 n_ghost=-1 compute_avg_ms=0.061645 compute_min_ms=0.059392 compute_max_ms=0.063488 compute_var_ms=0.000001286 compute_gflops=16.681861 eff_bw_gbs=164.059840 pct_peak_bw=17.5819 comm_avg_ms=1.473511 comm_min_ms=1.437708 comm_max_ms=1.530602 comm_var_ms=0.000481371 total_avg_ms=1.535156 total_min_ms=1.498124 total_max_ms=1.592042 total_var_ms=0.000477024 effective_gflops=0.669867
RESULT comm=checkerboard_mpi kernel=cusparse matrix=webbase-1M.mtx P=4 rank=2 nrows_local=500002 ncols_global=1000005 nnz_local=551522 n_ghost=-1 compute_avg_ms=0.047104 compute_min_ms=0.045056 compute_max_ms=0.053248 compute_var_ms=0.000001887 compute_gflops=23.417204 eff_bw_gbs=221.047210 pct_peak_bw=23.6890 comm_avg_ms=2.345808 comm_min_ms=2.331312 comm_max_ms=2.382064 comm_var_ms=0.000143396 total_avg_ms=2.392912 total_min_ms=2.377392 total_max_ms=2.429168 total_var_ms=0.000147424 effective_gflops=0.460963
RESULT comm=checkerboard_mpi kernel=cusparse matrix=webbase-1M.mtx P=4 rank=3 nrows_local=500002 ncols_global=1000005 nnz_local=1013142 n_ghost=-1 compute_avg_ms=0.042223 compute_min_ms=0.040960 compute_max_ms=0.043008 compute_var_ms=0.000000257 compute_gflops=47.990129 eff_bw_gbs=334.064052 pct_peak_bw=35.8008 comm_avg_ms=1.878925 comm_min_ms=1.855539 comm_max_ms=1.909508 comm_var_ms=0.000205287 total_avg_ms=1.921147 total_min_ms=1.898547 total_max_ms=1.951380 total_var_ms=0.000203467 effective_gflops=1.054726
[ERROR CHECKING] OK!

--- P=4 rep=1/3 driver=spmv_2d_acc ---
Grid: P=4 -> P_r=2 x P_c=2
Loaded ../matrices/webbase-1M.mtx: 1000005 x 1000005, 3105536 nnz
[kernel] acc -> LINE-ENHANCE (nnz=551522, avg_nnz=1.10, imbalance=2117.78, V=1)
[kernel] acc -> FLAT (nnz=1013142, avg_nnz=2.03, imbalance=1166.67)
[kernel] acc -> LINE-ENHANCE (nnz=514175, avg_nnz=1.03, imbalance=1783.45, V=1)
[kernel] acc -> FLAT (nnz=1026697, avg_nnz=2.05, imbalance=913.61)
RESULT comm=checkerboard_mpi kernel=acc matrix=webbase-1M.mtx P=4 rank=0 nrows_local=500003 ncols_global=1000005 nnz_local=1026697 n_ghost=-1 compute_avg_ms=0.027136 compute_min_ms=0.026624 compute_max_ms=0.029696 compute_var_ms=0.000000472 compute_gflops=75.670475 eff_bw_gbs=523.939714 pct_peak_bw=56.1492 comm_avg_ms=2.103459 comm_min_ms=2.049207 comm_max_ms=2.152794 comm_var_ms=0.000339634 total_avg_ms=2.130595 total_min_ms=2.078903 total_max_ms=2.180442 total_var_ms=0.000331392 effective_gflops=0.963765
RESULT comm=checkerboard_mpi kernel=acc matrix=webbase-1M.mtx P=4 rank=1 nrows_local=500003 ncols_global=1000005 nnz_local=514175 n_ghost=-1 compute_avg_ms=0.195209 compute_min_ms=0.194560 compute_max_ms=0.195584 compute_var_ms=0.000000243 compute_gflops=5.267956 eff_bw_gbs=51.808370 pct_peak_bw=5.5522 comm_avg_ms=1.184179 comm_min_ms=1.170342 comm_max_ms=1.217362 comm_var_ms=0.000086184 total_avg_ms=1.379388 total_min_ms=1.365058 total_max_ms=1.411922 total_var_ms=0.000086313 effective_gflops=0.745512
RESULT comm=checkerboard_mpi kernel=acc matrix=webbase-1M.mtx P=4 rank=2 nrows_local=500002 ncols_global=1000005 nnz_local=551522 n_ghost=-1 compute_avg_ms=0.265216 compute_min_ms=0.264192 compute_max_ms=0.267264 compute_var_ms=0.000000280 compute_gflops=4.159040 eff_bw_gbs=39.259352 pct_peak_bw=4.2073 comm_avg_ms=2.122327 comm_min_ms=2.107389 comm_max_ms=2.194897 comm_var_ms=0.000246734 total_avg_ms=2.387543 total_min_ms=2.372605 total_max_ms=2.460113 total_var_ms=0.000243888 effective_gflops=0.462000
RESULT comm=checkerboard_mpi kernel=acc matrix=webbase-1M.mtx P=4 rank=3 nrows_local=500002 ncols_global=1000005 nnz_local=1013142 n_ghost=-1 compute_avg_ms=0.026556 compute_min_ms=0.025600 compute_max_ms=0.027648 compute_var_ms=0.000000275 compute_gflops=76.303072 eff_bw_gbs=531.302374 pct_peak_bw=56.9383 comm_avg_ms=1.961936 comm_min_ms=1.953613 comm_max_ms=1.977491 comm_var_ms=0.000042119 total_avg_ms=1.988492 total_min_ms=1.980237 total_max_ms=2.003685 total_var_ms=0.000041183 effective_gflops=1.019005
[ERROR CHECKING] OK!

--- P=4 rep=1/3 driver=spmv_2d_nccl_cusparse ---
Grid: P=4 -> P_r=2 x P_c=2
Loaded ../matrices/webbase-1M.mtx: 1000005 x 1000005, 3105536 nnz
RESULT comm=checkerboard_nccl kernel=cusparse matrix=webbase-1M.mtx P=4 rank=1 nrows_local=500003 ncols_global=1000005 nnz_local=514175 n_ghost=-1 compute_avg_ms=0.062635 compute_min_ms=0.061440 compute_max_ms=0.063488 compute_var_ms=0.000000285 compute_gflops=16.418225 eff_bw_gbs=161.467071 pct_peak_bw=17.3040 comm_avg_ms=0.286405 comm_min_ms=0.277839 comm_max_ms=0.292203 comm_var_ms=0.000010724 total_avg_ms=0.349040 total_min_ms=0.340303 total_max_ms=0.354667 total_var_ms=0.000011234 effective_gflops=2.946225
RESULT comm=checkerboard_nccl kernel=cusparse matrix=webbase-1M.mtx P=4 rank=2 nrows_local=500002 ncols_global=1000005 nnz_local=551522 n_ghost=-1 compute_avg_ms=0.046455 compute_min_ms=0.045056 compute_max_ms=0.047104 compute_var_ms=0.000000383 compute_gflops=23.744116 eff_bw_gbs=224.133101 pct_peak_bw=24.0198 comm_avg_ms=0.395342 comm_min_ms=0.375438 comm_max_ms=0.408874 comm_var_ms=0.000062440 total_avg_ms=0.441798 total_min_ms=0.422542 total_max_ms=0.455978 total_var_ms=0.000061224 effective_gflops=2.496717
RESULT comm=checkerboard_nccl kernel=cusparse matrix=webbase-1M.mtx P=4 rank=0 nrows_local=500003 ncols_global=1000005 nnz_local=1026697 n_ghost=-1 compute_avg_ms=0.043452 compute_min_ms=0.043008 compute_max_ms=0.045056 compute_var_ms=0.000000327 compute_gflops=47.256895 eff_bw_gbs=327.112752 pct_peak_bw=35.0558 comm_avg_ms=0.363944 comm_min_ms=0.346483 comm_max_ms=0.382068 comm_var_ms=0.000092715 total_avg_ms=0.407395 total_min_ms=0.390213 total_max_ms=0.425076 total_var_ms=0.000090536 effective_gflops=5.040299
RESULT comm=checkerboard_nccl kernel=cusparse matrix=webbase-1M.mtx P=4 rank=3 nrows_local=500002 ncols_global=1000005 nnz_local=1013142 n_ghost=-1 compute_avg_ms=0.043247 compute_min_ms=0.041984 compute_max_ms=0.045056 compute_var_ms=0.000000327 compute_gflops=46.853820 eff_bw_gbs=326.154088 pct_peak_bw=34.9531 comm_avg_ms=0.333953 comm_min_ms=0.328854 comm_max_ms=0.339479 comm_var_ms=0.000007480 total_avg_ms=0.377200 total_min_ms=0.372235 total_max_ms=0.383511 total_var_ms=0.000007966 effective_gflops=5.371909
[ERROR CHECKING] OK!

--- P=4 rep=1/3 driver=spmv_2d_nccl_acc ---
Grid: P=4 -> P_r=2 x P_c=2
Loaded ../matrices/webbase-1M.mtx: 1000005 x 1000005, 3105536 nnz
[kernel] acc -> LINE-ENHANCE (nnz=551522, avg_nnz=1.10, imbalance=2117.78, V=1)
[kernel] acc -> FLAT (nnz=1013142, avg_nnz=2.03, imbalance=1166.67)
[kernel] acc -> LINE-ENHANCE (nnz=514175, avg_nnz=1.03, imbalance=1783.45, V=1)
[kernel] acc -> FLAT (nnz=1026697, avg_nnz=2.05, imbalance=913.61)
RESULT comm=checkerboard_nccl kernel=acc matrix=webbase-1M.mtx P=4 rank=1 nrows_local=500003 ncols_global=1000005 nnz_local=514175 n_ghost=-1 compute_avg_ms=0.195618 compute_min_ms=0.194560 compute_max_ms=0.196608 compute_var_ms=0.000000313 compute_gflops=5.256926 eff_bw_gbs=51.699890 pct_peak_bw=5.5405 comm_avg_ms=0.282221 comm_min_ms=0.274178 comm_max_ms=0.292031 comm_var_ms=0.000016565 total_avg_ms=0.477839 total_min_ms=0.469762 total_max_ms=0.488639 total_var_ms=0.000017355 effective_gflops=2.152083
RESULT comm=checkerboard_nccl kernel=acc matrix=webbase-1M.mtx P=4 rank=2 nrows_local=500002 ncols_global=1000005 nnz_local=551522 n_ghost=-1 compute_avg_ms=0.265865 compute_min_ms=0.264192 compute_max_ms=0.267264 compute_var_ms=0.000000523 compute_gflops=4.148895 eff_bw_gbs=39.163584 pct_peak_bw=4.1971 comm_avg_ms=0.326523 comm_min_ms=0.321582 comm_max_ms=0.331354 comm_var_ms=0.000007650 total_avg_ms=0.592387 total_min_ms=0.588273 total_max_ms=0.597378 total_var_ms=0.000007151 effective_gflops=1.862032
RESULT comm=checkerboard_nccl kernel=acc matrix=webbase-1M.mtx P=4 rank=0 nrows_local=500003 ncols_global=1000005 nnz_local=1026697 n_ghost=-1 compute_avg_ms=0.028638 compute_min_ms=0.027648 compute_max_ms=0.029696 compute_var_ms=0.000000174 compute_gflops=71.702058 eff_bw_gbs=496.462532 pct_peak_bw=53.2046 comm_avg_ms=0.508157 comm_min_ms=0.498401 comm_max_ms=0.517683 comm_var_ms=0.000024198 total_avg_ms=0.536795 total_min_ms=0.527073 total_max_ms=0.546355 total_var_ms=0.000023899 effective_gflops=3.825285
RESULT comm=checkerboard_nccl kernel=acc matrix=webbase-1M.mtx P=4 rank=3 nrows_local=500002 ncols_global=1000005 nnz_local=1013142 n_ghost=-1 compute_avg_ms=0.027375 compute_min_ms=0.026624 compute_max_ms=0.028672 compute_var_ms=0.000000485 compute_gflops=74.019687 eff_bw_gbs=515.403046 pct_peak_bw=55.2344 comm_avg_ms=0.330706 comm_min_ms=0.323928 comm_max_ms=0.341274 comm_var_ms=0.000011557 total_avg_ms=0.358081 total_min_ms=0.351576 total_max_ms=0.368922 total_var_ms=0.000012804 effective_gflops=5.658730
[ERROR CHECKING] OK!

--- P=4 rep=2/3 driver=spmv_bcast ---
Loaded ../matrices/webbase-1M.mtx: 1000005 x 1000005, 3105536 nnz
RESULT comm=bcast kernel=cusparse matrix=webbase-1M.mtx P=4 rank=0 nrows_local=250002 ncols_global=1000005 nnz_local=764903 n_ghost=-1 compute_avg_ms=0.036830 compute_min_ms=0.035840 compute_max_ms=0.037888 compute_var_ms=0.000000244 compute_gflops=41.537102 eff_bw_gbs=329.060751 pct_peak_bw=35.2646 comm_avg_ms=1.274278 comm_min_ms=1.230601 comm_max_ms=1.316259 comm_var_ms=0.000353266 total_avg_ms=1.311108 total_min_ms=1.267465 total_max_ms=1.352395 total_var_ms=0.000351600 effective_gflops=1.166804
RESULT comm=bcast kernel=cusparse matrix=webbase-1M.mtx P=4 rank=1 nrows_local=250001 ncols_global=1000005 nnz_local=781981 n_ghost=-1 compute_avg_ms=0.037513 compute_min_ms=0.036864 compute_max_ms=0.038912 compute_var_ms=0.000000663 compute_gflops=41.691718 eff_bw_gbs=326.714265 pct_peak_bw=35.0131 comm_avg_ms=1.832317 comm_min_ms=1.773218 comm_max_ms=1.872413 comm_var_ms=0.000323867 total_avg_ms=1.869830 total_min_ms=1.812130 total_max_ms=1.911325 total_var_ms=0.000320994 effective_gflops=0.836419
RESULT comm=bcast kernel=cusparse matrix=webbase-1M.mtx P=4 rank=2 nrows_local=250001 ncols_global=1000005 nnz_local=775969 n_ghost=-1 compute_avg_ms=0.036932 compute_min_ms=0.035840 compute_max_ms=0.037888 compute_var_ms=0.000000135 compute_gflops=42.021194 eff_bw_gbs=330.545202 pct_peak_bw=35.4237 comm_avg_ms=2.059078 comm_min_ms=2.036422 comm_max_ms=2.135644 comm_var_ms=0.000442238 total_avg_ms=2.096010 total_min_ms=2.073286 total_max_ms=2.171484 total_var_ms=0.000435243 effective_gflops=0.740425
RESULT comm=bcast kernel=cusparse matrix=webbase-1M.mtx P=4 rank=3 nrows_local=250001 ncols_global=1000005 nnz_local=782683 n_ghost=-1 compute_avg_ms=0.036864 compute_min_ms=0.035840 compute_max_ms=0.037888 compute_var_ms=0.000000140 compute_gflops=42.463269 eff_bw_gbs=332.614355 pct_peak_bw=35.6454 comm_avg_ms=2.073518 comm_min_ms=2.053768 comm_max_ms=2.123944 comm_var_ms=0.000294201 total_avg_ms=2.110382 total_min_ms=2.090632 total_max_ms=2.160808 total_var_ms=0.000296400 effective_gflops=0.741745
[ERROR CHECKING] OK!

--- P=4 rep=2/3 driver=spmv_ghost_cusparse ---
Loaded ../matrices/webbase-1M.mtx: 1000005 x 1000005, 3105536 nnz
RESULT comm=ghost_mpi kernel=cusparse matrix=webbase-1M.mtx P=4 rank=0 nrows_local=250002 ncols_global=1000005 nnz_local=764903 n_ghost=50980 compute_avg_ms=0.035499 compute_min_ms=0.034816 compute_max_ms=0.036864 compute_var_ms=0.000000303 compute_gflops=43.094744 eff_bw_gbs=262.634421 pct_peak_bw=28.1458 comm_avg_ms=0.219864 comm_min_ms=0.118555 comm_max_ms=0.342902 comm_var_ms=0.003032855 total_avg_ms=0.255363 total_min_ms=0.154395 total_max_ms=0.378742 total_var_ms=0.003044870 effective_gflops=5.990718
RESULT comm=ghost_mpi kernel=cusparse matrix=webbase-1M.mtx P=4 rank=1 nrows_local=250001 ncols_global=1000005 nnz_local=781981 n_ghost=51751 compute_avg_ms=0.035806 compute_min_ms=0.034816 compute_max_ms=0.036864 compute_var_ms=0.000000244 compute_gflops=43.678930 eff_bw_gbs=264.282606 pct_peak_bw=28.3225 comm_avg_ms=0.231053 comm_min_ms=0.126812 comm_max_ms=0.345557 comm_var_ms=0.003097929 total_avg_ms=0.266859 total_min_ms=0.162652 total_max_ms=0.380373 total_var_ms=0.003093222 effective_gflops=5.860628
RESULT comm=ghost_mpi kernel=cusparse matrix=webbase-1M.mtx P=4 rank=2 nrows_local=250001 ncols_global=1000005 nnz_local=775969 n_ghost=51434 compute_avg_ms=0.035396 compute_min_ms=0.034816 compute_max_ms=0.036864 compute_var_ms=0.000000327 compute_gflops=43.844679 eff_bw_gbs=265.946233 pct_peak_bw=28.5008 comm_avg_ms=0.246612 comm_min_ms=0.111076 comm_max_ms=0.346232 comm_var_ms=0.004331294 total_avg_ms=0.282009 total_min_ms=0.146916 total_max_ms=0.381048 total_var_ms=0.004312198 effective_gflops=5.503160
RESULT comm=ghost_mpi kernel=cusparse matrix=webbase-1M.mtx P=4 rank=3 nrows_local=250001 ncols_global=1000005 nnz_local=782683 n_ghost=52068 compute_avg_ms=0.035840 compute_min_ms=0.034816 compute_max_ms=0.038912 compute_var_ms=0.000000559 compute_gflops=43.676506 eff_bw_gbs=264.222985 pct_peak_bw=28.3161 comm_avg_ms=0.247703 comm_min_ms=0.133546 comm_max_ms=0.345616 comm_var_ms=0.004089890 total_avg_ms=0.283543 total_min_ms=0.169386 total_max_ms=0.382480 total_var_ms=0.004094333 effective_gflops=5.520727
[ERROR CHECKING] OK!

--- P=4 rep=2/3 driver=spmv_ghost_acc ---
Loaded ../matrices/webbase-1M.mtx: 1000005 x 1000005, 3105536 nnz
[kernel] acc -> LINE-ENHANCE (nnz=781981, avg_nnz=3.13, imbalance=1502.60, V=1)
[kernel] acc -> LINE-ENHANCE (nnz=775969, avg_nnz=3.10, imbalance=1194.64, V=1)
[kernel] acc -> LINE-ENHANCE (nnz=782683, avg_nnz=3.13, imbalance=1184.71, V=1)
[kernel] acc -> LINE-ENHANCE (nnz=764903, avg_nnz=3.06, imbalance=1212.58, V=1)
RESULT comm=ghost_mpi kernel=acc matrix=webbase-1M.mtx P=4 rank=0 nrows_local=250002 ncols_global=1000005 nnz_local=764903 n_ghost=50980 compute_avg_ms=0.167151 compute_min_ms=0.165888 compute_max_ms=0.167936 compute_var_ms=0.000000257 compute_gflops=9.152243 eff_bw_gbs=55.776966 pct_peak_bw=5.9775 comm_avg_ms=0.217128 comm_min_ms=0.122803 comm_max_ms=0.359870 comm_var_ms=0.002749557 total_avg_ms=0.384279 total_min_ms=0.289715 total_max_ms=0.526782 total_var_ms=0.002754800 effective_gflops=3.980975
RESULT comm=ghost_mpi kernel=acc matrix=webbase-1M.mtx P=4 rank=1 nrows_local=250001 ncols_global=1000005 nnz_local=781981 n_ghost=51751 compute_avg_ms=0.310374 compute_min_ms=0.309248 compute_max_ms=0.311296 compute_var_ms=0.000000304 compute_gflops=5.038953 eff_bw_gbs=30.488558 pct_peak_bw=3.2674 comm_avg_ms=0.256188 comm_min_ms=0.154236 comm_max_ms=0.365196 comm_var_ms=0.003625502 total_avg_ms=0.566562 total_min_ms=0.464508 total_max_ms=0.674444 total_var_ms=0.003617839 effective_gflops=2.760441
RESULT comm=ghost_mpi kernel=acc matrix=webbase-1M.mtx P=4 rank=2 nrows_local=250001 ncols_global=1000005 nnz_local=775969 n_ghost=51434 compute_avg_ms=0.257980 compute_min_ms=0.257024 compute_max_ms=0.260096 compute_var_ms=0.000000624 compute_gflops=6.015736 eff_bw_gbs=36.489316 pct_peak_bw=3.9105 comm_avg_ms=0.264518 comm_min_ms=0.147572 comm_max_ms=0.366273 comm_var_ms=0.004238885 total_avg_ms=0.522497 total_min_ms=0.405620 total_max_ms=0.624321 total_var_ms=0.004239963 effective_gflops=2.970232
RESULT comm=ghost_mpi kernel=acc matrix=webbase-1M.mtx P=4 rank=3 nrows_local=250001 ncols_global=1000005 nnz_local=782683 n_ghost=52068 compute_avg_ms=0.258731 compute_min_ms=0.258048 compute_max_ms=0.260096 compute_var_ms=0.000000373 compute_gflops=6.050176 eff_bw_gbs=36.600810 pct_peak_bw=3.9224 comm_avg_ms=0.267064 comm_min_ms=0.147894 comm_max_ms=0.365583 comm_var_ms=0.004197464 total_avg_ms=0.525794 total_min_ms=0.406966 total_max_ms=0.624655 total_var_ms=0.004206498 effective_gflops=2.977145
[ERROR CHECKING] OK!

--- P=4 rep=2/3 driver=spmv_ghost_nccl_cusparse ---
Loaded ../matrices/webbase-1M.mtx: 1000005 x 1000005, 3105536 nnz
RESULT comm=ghost_nccl kernel=cusparse matrix=webbase-1M.mtx P=4 rank=0 nrows_local=250002 ncols_global=1000005 nnz_local=764903 n_ghost=50980 compute_avg_ms=0.035703 compute_min_ms=0.034816 compute_max_ms=0.036864 compute_var_ms=0.000000401 compute_gflops=42.847547 eff_bw_gbs=261.127914 pct_peak_bw=27.9844 comm_avg_ms=0.100811 comm_min_ms=0.096771 comm_max_ms=0.121288 comm_var_ms=0.000023513 total_avg_ms=0.136514 total_min_ms=0.132611 total_max_ms=0.157128 total_var_ms=0.000023910 effective_gflops=11.206182
RESULT comm=ghost_nccl kernel=cusparse matrix=webbase-1M.mtx P=4 rank=1 nrows_local=250001 ncols_global=1000005 nnz_local=781981 n_ghost=51751 compute_avg_ms=0.035703 compute_min_ms=0.034816 compute_max_ms=0.036864 compute_var_ms=0.000000331 compute_gflops=43.804205 eff_bw_gbs=265.040587 pct_peak_bw=28.4037 comm_avg_ms=0.134633 comm_min_ms=0.129140 comm_max_ms=0.142063 comm_var_ms=0.000010684 total_avg_ms=0.170337 total_min_ms=0.164980 total_max_ms=0.177903 total_var_ms=0.000011200 effective_gflops=9.181599
RESULT comm=ghost_nccl kernel=cusparse matrix=webbase-1M.mtx P=4 rank=2 nrows_local=250001 ncols_global=1000005 nnz_local=775969 n_ghost=51434 compute_avg_ms=0.035260 compute_min_ms=0.034816 compute_max_ms=0.035840 compute_var_ms=0.000000257 compute_gflops=44.014456 eff_bw_gbs=266.976035 pct_peak_bw=28.6111 comm_avg_ms=0.113792 comm_min_ms=0.110340 comm_max_ms=0.127813 comm_var_ms=0.000010275 total_avg_ms=0.149051 total_min_ms=0.145616 total_max_ms=0.163653 total_var_ms=0.000011431 effective_gflops=10.412109
RESULT comm=ghost_nccl kernel=cusparse matrix=webbase-1M.mtx P=4 rank=3 nrows_local=250001 ncols_global=1000005 nnz_local=782683 n_ghost=52068 compute_avg_ms=0.035874 compute_min_ms=0.034816 compute_max_ms=0.036864 compute_var_ms=0.000000244 compute_gflops=43.634948 eff_bw_gbs=263.971582 pct_peak_bw=28.2891 comm_avg_ms=0.116711 comm_min_ms=0.100229 comm_max_ms=0.133101 comm_var_ms=0.000021116 total_avg_ms=0.152585 total_min_ms=0.136069 total_max_ms=0.168941 total_var_ms=0.000021594 effective_gflops=10.258984
[ERROR CHECKING] OK!

--- P=4 rep=2/3 driver=spmv_ghost_nccl_acc ---
Loaded ../matrices/webbase-1M.mtx: 1000005 x 1000005, 3105536 nnz
[kernel] acc -> LINE-ENHANCE (nnz=781981, avg_nnz=3.13, imbalance=1502.60, V=1)
[kernel] acc -> LINE-ENHANCE (nnz=775969, avg_nnz=3.10, imbalance=1194.64, V=1)
[kernel] acc -> LINE-ENHANCE (nnz=782683, avg_nnz=3.13, imbalance=1184.71, V=1)
[kernel] acc -> LINE-ENHANCE (nnz=764903, avg_nnz=3.06, imbalance=1212.58, V=1)
RESULT comm=ghost_nccl kernel=acc matrix=webbase-1M.mtx P=4 rank=0 nrows_local=250002 ncols_global=1000005 nnz_local=764903 n_ghost=50980 compute_avg_ms=0.168550 compute_min_ms=0.166912 compute_max_ms=0.177152 compute_var_ms=0.000005495 compute_gflops=9.076253 eff_bw_gbs=55.313853 pct_peak_bw=5.9278 comm_avg_ms=0.098928 comm_min_ms=0.093623 comm_max_ms=0.113221 comm_var_ms=0.000018087 total_avg_ms=0.267479 total_min_ms=0.261559 total_max_ms=0.281157 total_var_ms=0.000027399 effective_gflops=5.719353
RESULT comm=ghost_nccl kernel=acc matrix=webbase-1M.mtx P=4 rank=1 nrows_local=250001 ncols_global=1000005 nnz_local=781981 n_ghost=51751 compute_avg_ms=0.310818 compute_min_ms=0.309248 compute_max_ms=0.324608 compute_var_ms=0.000006832 compute_gflops=5.031759 eff_bw_gbs=30.445032 pct_peak_bw=3.2627 comm_avg_ms=0.131245 comm_min_ms=0.124079 comm_max_ms=0.136649 comm_var_ms=0.000008801 total_avg_ms=0.442064 total_min_ms=0.434351 total_max_ms=0.455792 total_var_ms=0.000015992 effective_gflops=3.537866
RESULT comm=ghost_nccl kernel=acc matrix=webbase-1M.mtx P=4 rank=2 nrows_local=250001 ncols_global=1000005 nnz_local=775969 n_ghost=51434 compute_avg_ms=0.259891 compute_min_ms=0.257024 compute_max_ms=0.273408 compute_var_ms=0.000011003 compute_gflops=5.971491 eff_bw_gbs=36.220941 pct_peak_bw=3.8817 comm_avg_ms=0.111486 comm_min_ms=0.107127 comm_max_ms=0.116045 comm_var_ms=0.000005124 total_avg_ms=0.371377 total_min_ms=0.365899 total_max_ms=0.387414 total_var_ms=0.000022027 effective_gflops=4.178877
RESULT comm=ghost_nccl kernel=acc matrix=webbase-1M.mtx P=4 rank=3 nrows_local=250001 ncols_global=1000005 nnz_local=782683 n_ghost=52068 compute_avg_ms=0.261973 compute_min_ms=0.260096 compute_max_ms=0.275456 compute_var_ms=0.000013707 compute_gflops=5.975288 eff_bw_gbs=36.147770 pct_peak_bw=3.8739 comm_avg_ms=0.110501 comm_min_ms=0.104696 comm_max_ms=0.117311 comm_var_ms=0.000006869 total_avg_ms=0.372474 total_min_ms=0.366000 total_max_ms=0.392767 total_var_ms=0.000032059 effective_gflops=4.202614
[ERROR CHECKING] OK!

--- P=4 rep=2/3 driver=spmv_2d_cusparse ---
Grid: P=4 -> P_r=2 x P_c=2
Loaded ../matrices/webbase-1M.mtx: 1000005 x 1000005, 3105536 nnz
RESULT comm=checkerboard_mpi kernel=cusparse matrix=webbase-1M.mtx P=4 rank=0 nrows_local=500003 ncols_global=1000005 nnz_local=1026697 n_ghost=-1 compute_avg_ms=0.044134 compute_min_ms=0.043008 compute_max_ms=0.049152 compute_var_ms=0.000001702 compute_gflops=46.525930 eff_bw_gbs=322.053001 pct_peak_bw=34.5136 comm_avg_ms=2.333457 comm_min_ms=2.320050 comm_max_ms=2.357271 comm_var_ms=0.000074435 total_avg_ms=2.377592 total_min_ms=2.364082 total_max_ms=2.401303 total_var_ms=0.000080351 effective_gflops=0.863644
RESULT comm=checkerboard_mpi kernel=cusparse matrix=webbase-1M.mtx P=4 rank=1 nrows_local=500003 ncols_global=1000005 nnz_local=514175 n_ghost=-1 compute_avg_ms=0.061167 compute_min_ms=0.058368 compute_max_ms=0.063488 compute_var_ms=0.000001603 compute_gflops=16.812188 eff_bw_gbs=165.341557 pct_peak_bw=17.7192 comm_avg_ms=1.882210 comm_min_ms=1.863900 comm_max_ms=1.906003 comm_var_ms=0.000101577 total_avg_ms=1.943377 total_min_ms=1.927388 total_max_ms=1.967443 total_var_ms=0.000096894 effective_gflops=0.529156
RESULT comm=checkerboard_mpi kernel=cusparse matrix=webbase-1M.mtx P=4 rank=2 nrows_local=500002 ncols_global=1000005 nnz_local=551522 n_ghost=-1 compute_avg_ms=0.047070 compute_min_ms=0.045056 compute_max_ms=0.052224 compute_var_ms=0.000001572 compute_gflops=23.434185 eff_bw_gbs=221.207506 pct_peak_bw=23.7062 comm_avg_ms=2.217089 comm_min_ms=2.183174 comm_max_ms=2.252293 comm_var_ms=0.000230528 total_avg_ms=2.264159 total_min_ms=2.231302 total_max_ms=2.300421 total_var_ms=0.000233156 effective_gflops=0.487176
RESULT comm=checkerboard_mpi kernel=cusparse matrix=webbase-1M.mtx P=4 rank=3 nrows_local=500002 ncols_global=1000005 nnz_local=1013142 n_ghost=-1 compute_avg_ms=0.042223 compute_min_ms=0.041984 compute_max_ms=0.044032 compute_var_ms=0.000000257 compute_gflops=47.990129 eff_bw_gbs=334.064052 pct_peak_bw=35.8008 comm_avg_ms=1.398029 comm_min_ms=1.373394 comm_max_ms=1.434595 comm_var_ms=0.000202827 total_avg_ms=1.440252 total_min_ms=1.415378 total_max_ms=1.477603 total_var_ms=0.000209193 effective_gflops=1.406896
[ERROR CHECKING] OK!

--- P=4 rep=2/3 driver=spmv_2d_acc ---
Grid: P=4 -> P_r=2 x P_c=2
Loaded ../matrices/webbase-1M.mtx: 1000005 x 1000005, 3105536 nnz
[kernel] acc -> LINE-ENHANCE (nnz=551522, avg_nnz=1.10, imbalance=2117.78, V=1)
[kernel] acc -> FLAT (nnz=1013142, avg_nnz=2.03, imbalance=1166.67)
[kernel] acc -> LINE-ENHANCE (nnz=514175, avg_nnz=1.03, imbalance=1783.45, V=1)
[kernel] acc -> FLAT (nnz=1026697, avg_nnz=2.05, imbalance=913.61)
RESULT comm=checkerboard_mpi kernel=acc matrix=webbase-1M.mtx P=4 rank=1 nrows_local=500003 ncols_global=1000005 nnz_local=514175 n_ghost=-1 compute_avg_ms=0.195345 compute_min_ms=0.194560 compute_max_ms=0.196608 compute_var_ms=0.000000327 compute_gflops=5.264274 eff_bw_gbs=51.772159 pct_peak_bw=5.5483 comm_avg_ms=1.714773 comm_min_ms=1.676578 comm_max_ms=1.949151 comm_var_ms=0.002079628 total_avg_ms=1.910118 total_min_ms=1.872162 total_max_ms=2.144735 total_var_ms=0.002078965 effective_gflops=0.538370
RESULT comm=checkerboard_mpi kernel=acc matrix=webbase-1M.mtx P=4 rank=2 nrows_local=500002 ncols_global=1000005 nnz_local=551522 n_ghost=-1 compute_avg_ms=0.265421 compute_min_ms=0.264192 compute_max_ms=0.271360 compute_var_ms=0.000001636 compute_gflops=4.155831 eff_bw_gbs=39.229059 pct_peak_bw=4.2041 comm_avg_ms=2.263330 comm_min_ms=2.197022 comm_max_ms=2.281890 comm_var_ms=0.000200210 total_avg_ms=2.528751 total_min_ms=2.461214 total_max_ms=2.547106 total_var_ms=0.000207572 effective_gflops=0.436201
RESULT comm=checkerboard_mpi kernel=acc matrix=webbase-1M.mtx P=4 rank=0 nrows_local=500003 ncols_global=1000005 nnz_local=1026697 n_ghost=-1 compute_avg_ms=0.027068 compute_min_ms=0.025600 compute_max_ms=0.029696 compute_var_ms=0.000000607 compute_gflops=75.861321 eff_bw_gbs=525.261126 pct_peak_bw=56.2908 comm_avg_ms=2.518798 comm_min_ms=2.496457 comm_max_ms=2.600732 comm_var_ms=0.000297550 total_avg_ms=2.545866 total_min_ms=2.523081 total_max_ms=2.628380 total_var_ms=0.000302815 effective_gflops=0.806560
RESULT comm=checkerboard_mpi kernel=acc matrix=webbase-1M.mtx P=4 rank=3 nrows_local=500002 ncols_global=1000005 nnz_local=1013142 n_ghost=-1 compute_avg_ms=0.026419 compute_min_ms=0.025600 compute_max_ms=0.027648 compute_var_ms=0.000000238 compute_gflops=76.697403 eff_bw_gbs=534.048124 pct_peak_bw=57.2325 comm_avg_ms=1.896911 comm_min_ms=1.882286 comm_max_ms=1.909139 comm_var_ms=0.000038814 total_avg_ms=1.923330 total_min_ms=1.908910 total_max_ms=1.935763 total_var_ms=0.000040403 effective_gflops=1.053529
[ERROR CHECKING] OK!

--- P=4 rep=2/3 driver=spmv_2d_nccl_cusparse ---
Grid: P=4 -> P_r=2 x P_c=2
Loaded ../matrices/webbase-1M.mtx: 1000005 x 1000005, 3105536 nnz
RESULT comm=checkerboard_nccl kernel=cusparse matrix=webbase-1M.mtx P=4 rank=1 nrows_local=500003 ncols_global=1000005 nnz_local=514175 n_ghost=-1 compute_avg_ms=0.062839 compute_min_ms=0.061440 compute_max_ms=0.064512 compute_var_ms=0.000000593 compute_gflops=16.364716 eff_bw_gbs=160.940834 pct_peak_bw=17.2476 comm_avg_ms=0.285707 comm_min_ms=0.277752 comm_max_ms=0.293080 comm_var_ms=0.000010453 total_avg_ms=0.348546 total_min_ms=0.339192 total_max_ms=0.355544 total_var_ms=0.000012311 effective_gflops=2.950397
RESULT comm=checkerboard_nccl kernel=cusparse matrix=webbase-1M.mtx P=4 rank=2 nrows_local=500002 ncols_global=1000005 nnz_local=551522 n_ghost=-1 compute_avg_ms=0.046285 compute_min_ms=0.046080 compute_max_ms=0.047104 compute_var_ms=0.000000168 compute_gflops=23.831668 eff_bw_gbs=224.959551 pct_peak_bw=24.1083 comm_avg_ms=0.396620 comm_min_ms=0.379867 comm_max_ms=0.418545 comm_var_ms=0.000069584 total_avg_ms=0.442905 total_min_ms=0.425947 total_max_ms=0.464625 total_var_ms=0.000068616 effective_gflops=2.490477
RESULT comm=checkerboard_nccl kernel=cusparse matrix=webbase-1M.mtx P=4 rank=3 nrows_local=500002 ncols_global=1000005 nnz_local=1013142 n_ghost=-1 compute_avg_ms=0.042940 compute_min_ms=0.041984 compute_max_ms=0.044032 compute_var_ms=0.000000275 compute_gflops=47.189022 eff_bw_gbs=328.487464 pct_peak_bw=35.2031 comm_avg_ms=0.332990 comm_min_ms=0.327360 comm_max_ms=0.342060 comm_var_ms=0.000011235 total_avg_ms=0.375930 total_min_ms=0.370368 total_max_ms=0.385068 total_var_ms=0.000011035 effective_gflops=5.390057
RESULT comm=checkerboard_nccl kernel=cusparse matrix=webbase-1M.mtx P=4 rank=0 nrows_local=500003 ncols_global=1000005 nnz_local=1026697 n_ghost=-1 compute_avg_ms=0.043691 compute_min_ms=0.043008 compute_max_ms=0.045056 compute_var_ms=0.000000303 compute_gflops=46.998459 eff_bw_gbs=325.323853 pct_peak_bw=34.8641 comm_avg_ms=0.363524 comm_min_ms=0.347814 comm_max_ms=0.377778 comm_var_ms=0.000070544 total_avg_ms=0.407214 total_min_ms=0.391846 total_max_ms=0.421810 total_var_ms=0.000069243 effective_gflops=5.042537
[ERROR CHECKING] OK!

--- P=4 rep=2/3 driver=spmv_2d_nccl_acc ---
Grid: P=4 -> P_r=2 x P_c=2
Loaded ../matrices/webbase-1M.mtx: 1000005 x 1000005, 3105536 nnz
[kernel] acc -> LINE-ENHANCE (nnz=551522, avg_nnz=1.10, imbalance=2117.78, V=1)
[kernel] acc -> FLAT (nnz=1013142, avg_nnz=2.03, imbalance=1166.67)
[kernel] acc -> LINE-ENHANCE (nnz=514175, avg_nnz=1.03, imbalance=1783.45, V=1)
[kernel] acc -> FLAT (nnz=1026697, avg_nnz=2.05, imbalance=913.61)
RESULT comm=checkerboard_nccl kernel=acc matrix=webbase-1M.mtx P=4 rank=1 nrows_local=500003 ncols_global=1000005 nnz_local=514175 n_ghost=-1 compute_avg_ms=0.195618 compute_min_ms=0.194560 compute_max_ms=0.196608 compute_var_ms=0.000000313 compute_gflops=5.256926 eff_bw_gbs=51.699890 pct_peak_bw=5.5405 comm_avg_ms=0.285569 comm_min_ms=0.280139 comm_max_ms=0.290495 comm_var_ms=0.000009200 total_avg_ms=0.481187 total_min_ms=0.475723 total_max_ms=0.486079 total_var_ms=0.000010023 effective_gflops=2.137112
RESULT comm=checkerboard_nccl kernel=acc matrix=webbase-1M.mtx P=4 rank=2 nrows_local=500002 ncols_global=1000005 nnz_local=551522 n_ghost=-1 compute_avg_ms=0.268083 compute_min_ms=0.267264 compute_max_ms=0.269312 compute_var_ms=0.000000517 compute_gflops=4.114559 eff_bw_gbs=38.839465 pct_peak_bw=4.1623 comm_avg_ms=0.329205 comm_min_ms=0.321301 comm_max_ms=0.337045 comm_var_ms=0.000020384 total_avg_ms=0.597288 total_min_ms=0.588565 total_max_ms=0.605333 total_var_ms=0.000021835 effective_gflops=1.846753
RESULT comm=checkerboard_nccl kernel=acc matrix=webbase-1M.mtx P=4 rank=0 nrows_local=500003 ncols_global=1000005 nnz_local=1026697 n_ghost=-1 compute_avg_ms=0.028706 compute_min_ms=0.027648 compute_max_ms=0.030720 compute_var_ms=0.000000383 compute_gflops=71.531542 eff_bw_gbs=495.281885 pct_peak_bw=53.0780 comm_avg_ms=0.516699 comm_min_ms=0.501003 comm_max_ms=0.532251 comm_var_ms=0.000057276 total_avg_ms=0.545405 total_min_ms=0.529675 total_max_ms=0.560923 total_var_ms=0.000055399 effective_gflops=3.764898
RESULT comm=checkerboard_nccl kernel=acc matrix=webbase-1M.mtx P=4 rank=3 nrows_local=500002 ncols_global=1000005 nnz_local=1013142 n_ghost=-1 compute_avg_ms=0.027443 compute_min_ms=0.026624 compute_max_ms=0.028672 compute_var_ms=0.000000238 compute_gflops=73.835559 eff_bw_gbs=514.120948 pct_peak_bw=55.0970 comm_avg_ms=0.335298 comm_min_ms=0.328570 comm_max_ms=0.350443 comm_var_ms=0.000020377 total_avg_ms=0.362741 total_min_ms=0.355573 total_max_ms=0.377067 total_var_ms=0.000020325 effective_gflops=5.586039
[ERROR CHECKING] OK!

--- P=4 rep=3/3 driver=spmv_bcast ---
Loaded ../matrices/webbase-1M.mtx: 1000005 x 1000005, 3105536 nnz
RESULT comm=bcast kernel=cusparse matrix=webbase-1M.mtx P=4 rank=0 nrows_local=250002 ncols_global=1000005 nnz_local=764903 n_ghost=-1 compute_avg_ms=0.037103 compute_min_ms=0.035840 compute_max_ms=0.037888 compute_var_ms=0.000000327 compute_gflops=41.231402 eff_bw_gbs=326.638960 pct_peak_bw=35.0050 comm_avg_ms=1.265475 comm_min_ms=1.256149 comm_max_ms=1.276307 comm_var_ms=0.000020164 total_avg_ms=1.302578 total_min_ms=1.293013 total_max_ms=1.314195 total_var_ms=0.000021042 effective_gflops=1.174445
RESULT comm=bcast kernel=cusparse matrix=webbase-1M.mtx P=4 rank=1 nrows_local=250001 ncols_global=1000005 nnz_local=781981 n_ghost=-1 compute_avg_ms=0.037683 compute_min_ms=0.036864 compute_max_ms=0.038912 compute_var_ms=0.000000238 compute_gflops=41.502896 eff_bw_gbs=325.234575 pct_peak_bw=34.8545 comm_avg_ms=1.869965 comm_min_ms=1.856605 comm_max_ms=1.891712 comm_var_ms=0.000042413 total_avg_ms=1.907648 total_min_ms=1.894493 total_max_ms=1.929600 total_var_ms=0.000042594 effective_gflops=0.819838
RESULT comm=bcast kernel=cusparse matrix=webbase-1M.mtx P=4 rank=2 nrows_local=250001 ncols_global=1000005 nnz_local=775969 n_ghost=-1 compute_avg_ms=0.036557 compute_min_ms=0.035840 compute_max_ms=0.036864 compute_var_ms=0.000000220 compute_gflops=42.452784 eff_bw_gbs=333.940159 pct_peak_bw=35.7875 comm_avg_ms=2.088728 comm_min_ms=2.075199 comm_max_ms=2.150454 comm_var_ms=0.000202650 total_avg_ms=2.125285 total_min_ms=2.112063 total_max_ms=2.187318 total_var_ms=0.000204152 effective_gflops=0.730226
RESULT comm=bcast kernel=cusparse matrix=webbase-1M.mtx P=4 rank=3 nrows_local=250001 ncols_global=1000005 nnz_local=782683 n_ghost=-1 compute_avg_ms=0.037001 compute_min_ms=0.035840 compute_max_ms=0.037888 compute_var_ms=0.000000261 compute_gflops=42.306578 eff_bw_gbs=331.386995 pct_peak_bw=35.5139 comm_avg_ms=2.116770 comm_min_ms=2.105134 comm_max_ms=2.145154 comm_var_ms=0.000104673 total_avg_ms=2.153771 total_min_ms=2.141998 total_max_ms=2.182018 total_var_ms=0.000103830 effective_gflops=0.726802
[ERROR CHECKING] OK!

--- P=4 rep=3/3 driver=spmv_ghost_cusparse ---
Loaded ../matrices/webbase-1M.mtx: 1000005 x 1000005, 3105536 nnz
RESULT comm=ghost_mpi kernel=cusparse matrix=webbase-1M.mtx P=4 rank=0 nrows_local=250002 ncols_global=1000005 nnz_local=764903 n_ghost=50980 compute_avg_ms=0.035294 compute_min_ms=0.034816 compute_max_ms=0.035840 compute_var_ms=0.000000261 compute_gflops=43.344811 eff_bw_gbs=264.158413 pct_peak_bw=28.3092 comm_avg_ms=0.215970 comm_min_ms=0.157745 comm_max_ms=0.345619 comm_var_ms=0.001740497 total_avg_ms=0.251264 total_min_ms=0.192561 total_max_ms=0.381459 total_var_ms=0.001754520 effective_gflops=6.088442
RESULT comm=ghost_mpi kernel=cusparse matrix=webbase-1M.mtx P=4 rank=1 nrows_local=250001 ncols_global=1000005 nnz_local=781981 n_ghost=51751 compute_avg_ms=0.035977 compute_min_ms=0.034816 compute_max_ms=0.036864 compute_var_ms=0.000000331 compute_gflops=43.471725 eff_bw_gbs=263.028893 pct_peak_bw=28.1881 comm_avg_ms=0.251079 comm_min_ms=0.156427 comm_max_ms=0.353352 comm_var_ms=0.002090961 total_avg_ms=0.287056 total_min_ms=0.192267 total_max_ms=0.389192 total_var_ms=0.002085671 effective_gflops=5.448290
RESULT comm=ghost_mpi kernel=cusparse matrix=webbase-1M.mtx P=4 rank=2 nrows_local=250001 ncols_global=1000005 nnz_local=775969 n_ghost=51434 compute_avg_ms=0.035055 compute_min_ms=0.033792 compute_max_ms=0.035840 compute_var_ms=0.000000257 compute_gflops=44.271600 eff_bw_gbs=268.535779 pct_peak_bw=28.7783 comm_avg_ms=0.257865 comm_min_ms=0.153175 comm_max_ms=0.354265 comm_var_ms=0.002326782 total_avg_ms=0.292920 total_min_ms=0.187991 total_max_ms=0.389081 total_var_ms=0.002337614 effective_gflops=5.298172
RESULT comm=ghost_mpi kernel=cusparse matrix=webbase-1M.mtx P=4 rank=3 nrows_local=250001 ncols_global=1000005 nnz_local=782683 n_ghost=52068 compute_avg_ms=0.035908 compute_min_ms=0.034816 compute_max_ms=0.036864 compute_var_ms=0.000000135 compute_gflops=43.593470 eff_bw_gbs=263.720659 pct_peak_bw=28.2622 comm_avg_ms=0.258778 comm_min_ms=0.153147 comm_max_ms=0.354294 comm_var_ms=0.002404650 total_avg_ms=0.294686 total_min_ms=0.188987 total_max_ms=0.390134 total_var_ms=0.002416393 effective_gflops=5.311980
[ERROR CHECKING] OK!

--- P=4 rep=3/3 driver=spmv_ghost_acc ---
Loaded ../matrices/webbase-1M.mtx: 1000005 x 1000005, 3105536 nnz
[kernel] acc -> LINE-ENHANCE (nnz=781981, avg_nnz=3.13, imbalance=1502.60, V=1)
[kernel] acc -> LINE-ENHANCE (nnz=782683, avg_nnz=3.13, imbalance=1184.71, V=1)
[kernel] acc -> LINE-ENHANCE (nnz=764903, avg_nnz=3.06, imbalance=1212.58, V=1)
[kernel] acc -> LINE-ENHANCE (nnz=775969, avg_nnz=3.10, imbalance=1194.64, V=1)
RESULT comm=ghost_mpi kernel=acc matrix=webbase-1M.mtx P=4 rank=0 nrows_local=250002 ncols_global=1000005 nnz_local=764903 n_ghost=50980 compute_avg_ms=0.167083 compute_min_ms=0.165888 compute_max_ms=0.167936 compute_var_ms=0.000000285 compute_gflops=9.155983 eff_bw_gbs=55.799755 pct_peak_bw=5.9799 comm_avg_ms=0.227265 comm_min_ms=0.114373 comm_max_ms=0.354446 comm_var_ms=0.002388179 total_avg_ms=0.394348 total_min_ms=0.281285 total_max_ms=0.521358 total_var_ms=0.002383705 effective_gflops=3.879334
RESULT comm=ghost_mpi kernel=acc matrix=webbase-1M.mtx P=4 rank=2 nrows_local=250001 ncols_global=1000005 nnz_local=775969 n_ghost=51434 compute_avg_ms=0.258150 compute_min_ms=0.257024 compute_max_ms=0.261120 compute_var_ms=0.000000863 compute_gflops=6.011759 eff_bw_gbs=36.465193 pct_peak_bw=3.9079 comm_avg_ms=0.278501 comm_min_ms=0.177147 comm_max_ms=0.390662 comm_var_ms=0.002503814 total_avg_ms=0.536652 total_min_ms=0.434171 total_max_ms=0.648710 total_var_ms=0.002502295 effective_gflops=2.891890
RESULT comm=ghost_mpi kernel=acc matrix=webbase-1M.mtx P=4 rank=1 nrows_local=250001 ncols_global=1000005 nnz_local=781981 n_ghost=51751 compute_avg_ms=0.310238 compute_min_ms=0.309248 compute_max_ms=0.311296 compute_var_ms=0.000000174 compute_gflops=5.041170 eff_bw_gbs=30.501976 pct_peak_bw=3.2688 comm_avg_ms=0.266615 comm_min_ms=0.163675 comm_max_ms=0.388777 comm_var_ms=0.002581877 total_avg_ms=0.576853 total_min_ms=0.474971 total_max_ms=0.699049 total_var_ms=0.002576906 effective_gflops=2.711198
RESULT comm=ghost_mpi kernel=acc matrix=webbase-1M.mtx P=4 rank=3 nrows_local=250001 ncols_global=1000005 nnz_local=782683 n_ghost=52068 compute_avg_ms=0.258765 compute_min_ms=0.258048 compute_max_ms=0.260096 compute_var_ms=0.000000430 compute_gflops=6.049378 eff_bw_gbs=36.595982 pct_peak_bw=3.9219 comm_avg_ms=0.279095 comm_min_ms=0.183103 comm_max_ms=0.390980 comm_var_ms=0.002493026 total_avg_ms=0.537860 total_min_ms=0.441151 total_max_ms=0.649028 total_var_ms=0.002472777 effective_gflops=2.910359
[ERROR CHECKING] OK!

--- P=4 rep=3/3 driver=spmv_ghost_nccl_cusparse ---
Loaded ../matrices/webbase-1M.mtx: 1000005 x 1000005, 3105536 nnz
RESULT comm=ghost_nccl kernel=cusparse matrix=webbase-1M.mtx P=4 rank=0 nrows_local=250002 ncols_global=1000005 nnz_local=764903 n_ghost=50980 compute_avg_ms=0.035703 compute_min_ms=0.034816 compute_max_ms=0.036864 compute_var_ms=0.000000261 compute_gflops=42.847547 eff_bw_gbs=261.127914 pct_peak_bw=27.9844 comm_avg_ms=0.096965 comm_min_ms=0.093440 comm_max_ms=0.099656 comm_var_ms=0.000003747 total_avg_ms=0.132669 total_min_ms=0.129280 total_max_ms=0.136496 total_var_ms=0.000003864 effective_gflops=11.531021
RESULT comm=ghost_nccl kernel=cusparse matrix=webbase-1M.mtx P=4 rank=1 nrows_local=250001 ncols_global=1000005 nnz_local=781981 n_ghost=51751 compute_avg_ms=0.035874 compute_min_ms=0.034816 compute_max_ms=0.037888 compute_var_ms=0.000000523 compute_gflops=43.595812 eff_bw_gbs=263.779689 pct_peak_bw=28.2686 comm_avg_ms=0.138636 comm_min_ms=0.135515 comm_max_ms=0.141159 comm_var_ms=0.000002898 total_avg_ms=0.174510 total_min_ms=0.171355 total_max_ms=0.177936 total_var_ms=0.000003432 effective_gflops=8.961999
RESULT comm=ghost_nccl kernel=cusparse matrix=webbase-1M.mtx P=4 rank=2 nrows_local=250001 ncols_global=1000005 nnz_local=775969 n_ghost=51434 compute_avg_ms=0.035328 compute_min_ms=0.033792 compute_max_ms=0.035840 compute_var_ms=0.000000332 compute_gflops=43.929403 eff_bw_gbs=266.460139 pct_peak_bw=28.5558 comm_avg_ms=0.114054 comm_min_ms=0.111214 comm_max_ms=0.117539 comm_var_ms=0.000002670 total_avg_ms=0.149382 total_min_ms=0.146030 total_max_ms=0.153379 total_var_ms=0.000002314 effective_gflops=10.389054
RESULT comm=ghost_nccl kernel=cusparse matrix=webbase-1M.mtx P=4 rank=3 nrows_local=250001 ncols_global=1000005 nnz_local=782683 n_ghost=52068 compute_avg_ms=0.036011 compute_min_ms=0.034816 compute_max_ms=0.036864 compute_var_ms=0.000000425 compute_gflops=43.469508 eff_bw_gbs=262.970742 pct_peak_bw=28.1819 comm_avg_ms=0.111406 comm_min_ms=0.106009 comm_max_ms=0.115328 comm_var_ms=0.000004602 total_avg_ms=0.147417 total_min_ms=0.142873 total_max_ms=0.151168 total_var_ms=0.000004158 effective_gflops=10.618631
[ERROR CHECKING] OK!

--- P=4 rep=3/3 driver=spmv_ghost_nccl_acc ---
Loaded ../matrices/webbase-1M.mtx: 1000005 x 1000005, 3105536 nnz
[kernel] acc -> LINE-ENHANCE (nnz=781981, avg_nnz=3.13, imbalance=1502.60, V=1)
[kernel] acc -> LINE-ENHANCE (nnz=782683, avg_nnz=3.13, imbalance=1184.71, V=1)
[kernel] acc -> LINE-ENHANCE (nnz=764903, avg_nnz=3.06, imbalance=1212.58, V=1)
[kernel] acc -> LINE-ENHANCE (nnz=775969, avg_nnz=3.10, imbalance=1194.64, V=1)
RESULT comm=ghost_nccl kernel=acc matrix=webbase-1M.mtx P=4 rank=0 nrows_local=250002 ncols_global=1000005 nnz_local=764903 n_ghost=50980 compute_avg_ms=0.168346 compute_min_ms=0.166912 compute_max_ms=0.178176 compute_var_ms=0.000004376 compute_gflops=9.087294 eff_bw_gbs=55.381145 pct_peak_bw=5.9351 comm_avg_ms=0.101319 comm_min_ms=0.094612 comm_max_ms=0.116566 comm_var_ms=0.000017566 total_avg_ms=0.269665 total_min_ms=0.262548 total_max_ms=0.284502 total_var_ms=0.000024733 effective_gflops=5.672990
RESULT comm=ghost_nccl kernel=acc matrix=webbase-1M.mtx P=4 rank=2 nrows_local=250001 ncols_global=1000005 nnz_local=775969 n_ghost=51434 compute_avg_ms=0.259243 compute_min_ms=0.258048 compute_max_ms=0.265216 compute_var_ms=0.000001614 compute_gflops=5.986430 eff_bw_gbs=36.311553 pct_peak_bw=3.8914 comm_avg_ms=0.116023 comm_min_ms=0.111541 comm_max_ms=0.137331 comm_var_ms=0.000019184 total_avg_ms=0.375266 total_min_ms=0.370583 total_max_ms=0.398451 total_var_ms=0.000024726 effective_gflops=4.135571
RESULT comm=ghost_nccl kernel=acc matrix=webbase-1M.mtx P=4 rank=1 nrows_local=250001 ncols_global=1000005 nnz_local=781981 n_ghost=51751 compute_avg_ms=0.310989 compute_min_ms=0.309248 compute_max_ms=0.326656 compute_var_ms=0.000008819 compute_gflops=5.028998 eff_bw_gbs=30.428324 pct_peak_bw=3.2609 comm_avg_ms=0.137231 comm_min_ms=0.122121 comm_max_ms=0.142970 comm_var_ms=0.000012395 total_avg_ms=0.448220 total_min_ms=0.433417 total_max_ms=0.468606 total_var_ms=0.000025071 effective_gflops=3.489275
RESULT comm=ghost_nccl kernel=acc matrix=webbase-1M.mtx P=4 rank=3 nrows_local=250001 ncols_global=1000005 nnz_local=782683 n_ghost=52068 compute_avg_ms=0.260437 compute_min_ms=0.259072 compute_max_ms=0.264192 compute_var_ms=0.000000722 compute_gflops=6.010528 eff_bw_gbs=36.360961 pct_peak_bw=3.8967 comm_avg_ms=0.116398 comm_min_ms=0.097270 comm_max_ms=0.122062 comm_var_ms=0.000018898 total_avg_ms=0.376836 total_min_ms=0.358390 total_max_ms=0.382476 total_var_ms=0.000018324 effective_gflops=4.153977
[ERROR CHECKING] OK!

--- P=4 rep=3/3 driver=spmv_2d_cusparse ---
Grid: P=4 -> P_r=2 x P_c=2
Loaded ../matrices/webbase-1M.mtx: 1000005 x 1000005, 3105536 nnz
RESULT comm=checkerboard_mpi kernel=cusparse matrix=webbase-1M.mtx P=4 rank=0 nrows_local=500003 ncols_global=1000005 nnz_local=1026697 n_ghost=-1 compute_avg_ms=0.044203 compute_min_ms=0.041984 compute_max_ms=0.049152 compute_var_ms=0.000002033 compute_gflops=46.454075 eff_bw_gbs=321.555622 pct_peak_bw=34.4603 comm_avg_ms=2.152689 comm_min_ms=2.112211 comm_max_ms=2.192243 comm_var_ms=0.000228573 total_avg_ms=2.196892 total_min_ms=2.155219 total_max_ms=2.236275 total_var_ms=0.000232080 effective_gflops=0.934681
RESULT comm=checkerboard_mpi kernel=cusparse matrix=webbase-1M.mtx P=4 rank=1 nrows_local=500003 ncols_global=1000005 nnz_local=514175 n_ghost=-1 compute_avg_ms=0.061167 compute_min_ms=0.059392 compute_max_ms=0.064512 compute_var_ms=0.000001254 compute_gflops=16.812188 eff_bw_gbs=165.341558 pct_peak_bw=17.7192 comm_avg_ms=1.381830 comm_min_ms=1.363272 comm_max_ms=1.409557 comm_var_ms=0.000071985 total_avg_ms=1.442997 total_min_ms=1.423688 total_max_ms=1.469973 total_var_ms=0.000070224 effective_gflops=0.712649
RESULT comm=checkerboard_mpi kernel=cusparse matrix=webbase-1M.mtx P=4 rank=2 nrows_local=500002 ncols_global=1000005 nnz_local=551522 n_ghost=-1 compute_avg_ms=0.047889 compute_min_ms=0.046080 compute_max_ms=0.055296 compute_var_ms=0.000003403 compute_gflops=23.033315 eff_bw_gbs=217.423485 pct_peak_bw=23.3007 comm_avg_ms=2.353250 comm_min_ms=2.338605 comm_max_ms=2.367004 comm_var_ms=0.000059959 total_avg_ms=2.401139 total_min_ms=2.389172 total_max_ms=2.415132 total_var_ms=0.000054657 effective_gflops=0.459384
RESULT comm=checkerboard_mpi kernel=cusparse matrix=webbase-1M.mtx P=4 rank=3 nrows_local=500002 ncols_global=1000005 nnz_local=1013142 n_ghost=-1 compute_avg_ms=0.042121 compute_min_ms=0.040960 compute_max_ms=0.043008 compute_var_ms=0.000000261 compute_gflops=48.106799 eff_bw_gbs=334.876202 pct_peak_bw=35.8878 comm_avg_ms=1.929445 comm_min_ms=1.913993 comm_max_ms=1.956872 comm_var_ms=0.000097437 total_avg_ms=1.971566 total_min_ms=1.955977 total_max_ms=1.998856 total_var_ms=0.000094077 effective_gflops=1.027754
[ERROR CHECKING] OK!

--- P=4 rep=3/3 driver=spmv_2d_acc ---
Grid: P=4 -> P_r=2 x P_c=2
Loaded ../matrices/webbase-1M.mtx: 1000005 x 1000005, 3105536 nnz
[kernel] acc -> LINE-ENHANCE (nnz=551522, avg_nnz=1.10, imbalance=2117.78, V=1)
[kernel] acc -> FLAT (nnz=1013142, avg_nnz=2.03, imbalance=1166.67)
[kernel] acc -> LINE-ENHANCE (nnz=514175, avg_nnz=1.03, imbalance=1783.45, V=1)
[kernel] acc -> FLAT (nnz=1026697, avg_nnz=2.05, imbalance=913.61)
RESULT comm=checkerboard_mpi kernel=acc matrix=webbase-1M.mtx P=4 rank=0 nrows_local=500003 ncols_global=1000005 nnz_local=1026697 n_ghost=-1 compute_avg_ms=0.027477 compute_min_ms=0.026624 compute_max_ms=0.028672 compute_var_ms=0.000000285 compute_gflops=74.730469 eff_bw_gbs=517.431143 pct_peak_bw=55.4517 comm_avg_ms=2.346506 comm_min_ms=2.317167 comm_max_ms=2.392717 comm_var_ms=0.000249933 total_avg_ms=2.373983 total_min_ms=2.344728 total_max_ms=2.420365 total_var_ms=0.000248535 effective_gflops=0.864957
RESULT comm=checkerboard_mpi kernel=acc matrix=webbase-1M.mtx P=4 rank=1 nrows_local=500003 ncols_global=1000005 nnz_local=514175 n_ghost=-1 compute_avg_ms=0.195345 compute_min_ms=0.194560 compute_max_ms=0.196608 compute_var_ms=0.000000397 compute_gflops=5.264274 eff_bw_gbs=51.772159 pct_peak_bw=5.5483 comm_avg_ms=1.405456 comm_min_ms=1.381159 comm_max_ms=1.424068 comm_var_ms=0.000099762 total_avg_ms=1.600801 total_min_ms=1.576743 total_max_ms=1.619652 total_var_ms=0.000101372 effective_gflops=0.642397
RESULT comm=checkerboard_mpi kernel=acc matrix=webbase-1M.mtx P=4 rank=2 nrows_local=500002 ncols_global=1000005 nnz_local=551522 n_ghost=-1 compute_avg_ms=0.265114 compute_min_ms=0.264192 compute_max_ms=0.270336 compute_var_ms=0.000001283 compute_gflops=4.160647 eff_bw_gbs=39.274516 pct_peak_bw=4.2089 comm_avg_ms=2.323221 comm_min_ms=2.311780 comm_max_ms=2.352474 comm_var_ms=0.000075262 total_avg_ms=2.588334 total_min_ms=2.576362 total_max_ms=2.617690 total_var_ms=0.000072248 effective_gflops=0.426160
RESULT comm=checkerboard_mpi kernel=acc matrix=webbase-1M.mtx P=4 rank=3 nrows_local=500002 ncols_global=1000005 nnz_local=1013142 n_ghost=-1 compute_avg_ms=0.026726 compute_min_ms=0.025600 compute_max_ms=0.027648 compute_var_ms=0.000000444 compute_gflops=75.815823 eff_bw_gbs=527.909638 pct_peak_bw=56.5747 comm_avg_ms=2.145999 comm_min_ms=2.134176 comm_max_ms=2.166335 comm_var_ms=0.000053582 total_avg_ms=2.172726 total_min_ms=2.160800 total_max_ms=2.192959 total_var_ms=0.000053046 effective_gflops=0.932600
[ERROR CHECKING] OK!

--- P=4 rep=3/3 driver=spmv_2d_nccl_cusparse ---
Grid: P=4 -> P_r=2 x P_c=2
Loaded ../matrices/webbase-1M.mtx: 1000005 x 1000005, 3105536 nnz
RESULT comm=checkerboard_nccl kernel=cusparse matrix=webbase-1M.mtx P=4 rank=1 nrows_local=500003 ncols_global=1000005 nnz_local=514175 n_ghost=-1 compute_avg_ms=0.063215 compute_min_ms=0.062464 compute_max_ms=0.064512 compute_var_ms=0.000000415 compute_gflops=16.267517 eff_bw_gbs=159.984922 pct_peak_bw=17.1452 comm_avg_ms=0.285427 comm_min_ms=0.279230 comm_max_ms=0.290517 comm_var_ms=0.000010429 total_avg_ms=0.348642 total_min_ms=0.341694 total_max_ms=0.354005 total_var_ms=0.000010101 effective_gflops=2.949589
RESULT comm=checkerboard_nccl kernel=cusparse matrix=webbase-1M.mtx P=4 rank=2 nrows_local=500002 ncols_global=1000005 nnz_local=551522 n_ghost=-1 compute_avg_ms=0.046729 compute_min_ms=0.045056 compute_max_ms=0.048128 compute_var_ms=0.000000523 compute_gflops=23.605363 eff_bw_gbs=222.823338 pct_peak_bw=23.8794 comm_avg_ms=0.393368 comm_min_ms=0.375414 comm_max_ms=0.405436 comm_var_ms=0.000041582 total_avg_ms=0.440096 total_min_ms=0.423542 total_max_ms=0.450992 total_var_ms=0.000039844 effective_gflops=2.506370
RESULT comm=checkerboard_nccl kernel=cusparse matrix=webbase-1M.mtx P=4 rank=0 nrows_local=500003 ncols_global=1000005 nnz_local=1026697 n_ghost=-1 compute_avg_ms=0.043383 compute_min_ms=0.041984 compute_max_ms=0.044032 compute_var_ms=0.000000313 compute_gflops=47.331257 eff_bw_gbs=327.627485 pct_peak_bw=35.1110 comm_avg_ms=0.370347 comm_min_ms=0.355526 comm_max_ms=0.388067 comm_var_ms=0.000073331 total_avg_ms=0.413731 total_min_ms=0.398534 total_max_ms=0.431075 total_var_ms=0.000071289 effective_gflops=4.963118
RESULT comm=checkerboard_nccl kernel=cusparse matrix=webbase-1M.mtx P=4 rank=3 nrows_local=500002 ncols_global=1000005 nnz_local=1013142 n_ghost=-1 compute_avg_ms=0.043213 compute_min_ms=0.041984 compute_max_ms=0.045056 compute_var_ms=0.000000517 compute_gflops=46.890829 eff_bw_gbs=326.411713 pct_peak_bw=34.9807 comm_avg_ms=0.332408 comm_min_ms=0.323908 comm_max_ms=0.339501 comm_var_ms=0.000016422 total_avg_ms=0.375621 total_min_ms=0.366916 total_max_ms=0.382509 total_var_ms=0.000017071 effective_gflops=5.394490
[ERROR CHECKING] OK!

--- P=4 rep=3/3 driver=spmv_2d_nccl_acc ---
Grid: P=4 -> P_r=2 x P_c=2
Loaded ../matrices/webbase-1M.mtx: 1000005 x 1000005, 3105536 nnz
[kernel] acc -> LINE-ENHANCE (nnz=551522, avg_nnz=1.10, imbalance=2117.78, V=1)
[kernel] acc -> FLAT (nnz=1013142, avg_nnz=2.03, imbalance=1166.67)
[kernel] acc -> LINE-ENHANCE (nnz=514175, avg_nnz=1.03, imbalance=1783.45, V=1)
[kernel] acc -> FLAT (nnz=1026697, avg_nnz=2.05, imbalance=913.61)
RESULT comm=checkerboard_nccl kernel=acc matrix=webbase-1M.mtx P=4 rank=1 nrows_local=500003 ncols_global=1000005 nnz_local=514175 n_ghost=-1 compute_avg_ms=0.195482 compute_min_ms=0.194560 compute_max_ms=0.196608 compute_var_ms=0.000000164 compute_gflops=5.260597 eff_bw_gbs=51.736000 pct_peak_bw=5.5444 comm_avg_ms=0.283858 comm_min_ms=0.276604 comm_max_ms=0.288645 comm_var_ms=0.000008971 total_avg_ms=0.479340 total_min_ms=0.472188 total_max_ms=0.484229 total_var_ms=0.000009405 effective_gflops=2.145348
RESULT comm=checkerboard_nccl kernel=acc matrix=webbase-1M.mtx P=4 rank=0 nrows_local=500003 ncols_global=1000005 nnz_local=1026697 n_ghost=-1 compute_avg_ms=0.028638 compute_min_ms=0.027648 compute_max_ms=0.029696 compute_var_ms=0.000000383 compute_gflops=71.702058 eff_bw_gbs=496.462532 pct_peak_bw=53.2046 comm_avg_ms=0.507125 comm_min_ms=0.492183 comm_max_ms=0.520149 comm_var_ms=0.000063694 total_avg_ms=0.535763 total_min_ms=0.519831 total_max_ms=0.548821 total_var_ms=0.000062808 effective_gflops=3.832657
RESULT comm=checkerboard_nccl kernel=acc matrix=webbase-1M.mtx P=4 rank=2 nrows_local=500002 ncols_global=1000005 nnz_local=551522 n_ghost=-1 compute_avg_ms=0.265660 compute_min_ms=0.264192 compute_max_ms=0.267264 compute_var_ms=0.000000467 compute_gflops=4.152093 eff_bw_gbs=39.193776 pct_peak_bw=4.2003 comm_avg_ms=0.325343 comm_min_ms=0.299328 comm_max_ms=0.330731 comm_var_ms=0.000029052 total_avg_ms=0.591002 total_min_ms=0.564544 total_max_ms=0.596407 total_var_ms=0.000030370 effective_gflops=1.866395
RESULT comm=checkerboard_nccl kernel=acc matrix=webbase-1M.mtx P=4 rank=3 nrows_local=500002 ncols_global=1000005 nnz_local=1013142 n_ghost=-1 compute_avg_ms=0.027511 compute_min_ms=0.026624 compute_max_ms=0.028672 compute_var_ms=0.000000331 compute_gflops=73.652344 eff_bw_gbs=512.845214 pct_peak_bw=54.9603 comm_avg_ms=0.328600 comm_min_ms=0.313970 comm_max_ms=0.332609 comm_var_ms=0.000014631 total_avg_ms=0.356112 total_min_ms=0.340594 total_max_ms=0.360358 total_var_ms=0.000015308 effective_gflops=5.690023
[ERROR CHECKING] OK!

=== Job done ===
