--------------------------------------------------------------------------
The call to cuMemHostRegister(0x7f161fe00008, 134217728, 0) failed.
  Host:  edu01
  cuMemHostRegister return value:  1
  Registration cache:  smcuda
--------------------------------------------------------------------------
[edu01:2126933] 3 more processes have sent help message help-mpi-common-cuda.txt / cuMemHostRegister during init failed
[edu01:2126933] Set MCA parameter "orte_base_help_aggregate" to 0 to see all help / error messages
--------------------------------------------------------------------------
The call to cuMemHostRegister(0x7f8973e00008, 134217728, 0) failed.
  Host:  edu01
  cuMemHostRegister return value:  1
  Registration cache:  smcuda
--------------------------------------------------------------------------
[edu01:2126969] 3 more processes have sent help message help-mpi-common-cuda.txt / cuMemHostRegister during init failed
[edu01:2126969] Set MCA parameter "orte_base_help_aggregate" to 0 to see all help / error messages
--------------------------------------------------------------------------
The call to cuMemHostRegister(0x7f9c5fe00008, 134217728, 0) failed.
  Host:  edu01
  cuMemHostRegister return value:  1
  Registration cache:  smcuda
--------------------------------------------------------------------------
[edu01:2127120] 3 more processes have sent help message help-mpi-common-cuda.txt / cuMemHostRegister during init failed
[edu01:2127120] Set MCA parameter "orte_base_help_aggregate" to 0 to see all help / error messages
--------------------------------------------------------------------------
The call to cuMemHostRegister(0x7f9d37e00008, 134217728, 0) failed.
  Host:  edu01
  cuMemHostRegister return value:  1
  Registration cache:  smcuda
--------------------------------------------------------------------------
[edu01:2127156] 3 more processes have sent help message help-mpi-common-cuda.txt / cuMemHostRegister during init failed
[edu01:2127156] Set MCA parameter "orte_base_help_aggregate" to 0 to see all help / error messages
--------------------------------------------------------------------------
The call to cuMemHostRegister(0x7f192fe00008, 134217728, 0) failed.
  Host:  edu01
  cuMemHostRegister return value:  1
  Registration cache:  smcuda
--------------------------------------------------------------------------
[edu01:2127359] 3 more processes have sent help message help-mpi-common-cuda.txt / cuMemHostRegister during init failed
[edu01:2127359] Set MCA parameter "orte_base_help_aggregate" to 0 to see all help / error messages
--------------------------------------------------------------------------
The call to cuMemHostRegister(0x7ff85fe00008, 134217728, 0) failed.
  Host:  edu01
  cuMemHostRegister return value:  1
  Registration cache:  smcuda
--------------------------------------------------------------------------
[edu01:2127395] 3 more processes have sent help message help-mpi-common-cuda.txt / cuMemHostRegister during init failed
[edu01:2127395] Set MCA parameter "orte_base_help_aggregate" to 0 to see all help / error messages
--------------------------------------------------------------------------
The call to cuMemHostRegister(0x7fd72be00008, 134217728, 0) failed.
  Host:  edu01
  cuMemHostRegister return value:  1
  Registration cache:  smcuda
--------------------------------------------------------------------------
[edu01:2127545] 3 more processes have sent help message help-mpi-common-cuda.txt / cuMemHostRegister during init failed
[edu01:2127545] Set MCA parameter "orte_base_help_aggregate" to 0 to see all help / error messages
--------------------------------------------------------------------------
The call to cuMemHostRegister(0x7fb987e00008, 134217728, 0) failed.
  Host:  edu01
  cuMemHostRegister return value:  1
  Registration cache:  smcuda
--------------------------------------------------------------------------
[edu01:2127581] 3 more processes have sent help message help-mpi-common-cuda.txt / cuMemHostRegister during init failed
[edu01:2127581] Set MCA parameter "orte_base_help_aggregate" to 0 to see all help / error messages
--------------------------------------------------------------------------
The call to cuMemHostRegister(0x7fd02fe00008, 134217728, 0) failed.
  Host:  edu01
  cuMemHostRegister return value:  1
  Registration cache:  smcuda
--------------------------------------------------------------------------
[edu01:2127782] 3 more processes have sent help message help-mpi-common-cuda.txt / cuMemHostRegister during init failed
[edu01:2127782] Set MCA parameter "orte_base_help_aggregate" to 0 to see all help / error messages
--------------------------------------------------------------------------
The call to cuMemHostRegister(0x7f70b7e00008, 134217728, 0) failed.
  Host:  edu01
  cuMemHostRegister return value:  1
  Registration cache:  smcuda
--------------------------------------------------------------------------
[edu01:2127818] 3 more processes have sent help message help-mpi-common-cuda.txt / cuMemHostRegister during init failed
[edu01:2127818] Set MCA parameter "orte_base_help_aggregate" to 0 to see all help / error messages
--------------------------------------------------------------------------
The call to cuMemHostRegister(0x7fe29fe00008, 134217728, 0) failed.
  Host:  edu01
  cuMemHostRegister return value:  1
  Registration cache:  smcuda
--------------------------------------------------------------------------
[edu01:2127969] 3 more processes have sent help message help-mpi-common-cuda.txt / cuMemHostRegister during init failed
[edu01:2127969] Set MCA parameter "orte_base_help_aggregate" to 0 to see all help / error messages
--------------------------------------------------------------------------
The call to cuMemHostRegister(0x7f50ebe00008, 134217728, 0) failed.
  Host:  edu01
  cuMemHostRegister return value:  1
  Registration cache:  smcuda
--------------------------------------------------------------------------
[edu01:2128005] 3 more processes have sent help message help-mpi-common-cuda.txt / cuMemHostRegister during init failed
[edu01:2128005] Set MCA parameter "orte_base_help_aggregate" to 0 to see all help / error messages
