=== D2_final strong scaling ===
Node:     edu01
Date:     Tue Jul 21 07:58:23 PM CEST 2026
Matrix:   ../matrices/roadNet-CA.mtx
P:        3
Reps:     3

--- P=3 rep=1/3 driver=spmv_bcast ---
Loaded ../matrices/roadNet-CA.mtx: 1971281 x 1971281, 5533214 nnz
RESULT comm=bcast kernel=cusparse matrix=roadNet-CA.mtx P=3 rank=1 nrows_local=657094 ncols_global=1971281 nnz_local=1843883 n_ghost=-1 compute_avg_ms=0.067755 compute_min_ms=0.066560 compute_max_ms=0.068608 compute_var_ms=0.000000495 compute_gflops=54.428221 eff_bw_gbs=411.675610 pct_peak_bw=44.1182 comm_avg_ms=2.235089 comm_min_ms=2.206817 comm_max_ms=2.287294 comm_var_ms=0.000412834 total_avg_ms=2.302843 total_min_ms=2.273377 total_max_ms=2.355902 total_var_ms=0.000422974 effective_gflops=1.601397
RESULT comm=bcast kernel=cusparse matrix=roadNet-CA.mtx P=3 rank=0 nrows_local=657094 ncols_global=1971281 nnz_local=1845127 n_ghost=-1 compute_avg_ms=0.071031 compute_min_ms=0.066560 compute_max_ms=0.077824 compute_var_ms=0.000010659 compute_gflops=51.952382 eff_bw_gbs=392.824430 pct_peak_bw=42.0980 comm_avg_ms=2.805370 comm_min_ms=2.776560 comm_max_ms=2.860156 comm_var_ms=0.000406067 total_avg_ms=2.876401 total_min_ms=2.843120 total_max_ms=2.934908 total_var_ms=0.000417783 effective_gflops=1.282941
RESULT comm=bcast kernel=cusparse matrix=roadNet-CA.mtx P=3 rank=2 nrows_local=657093 ncols_global=1971281 nnz_local=1844204 n_ghost=-1 compute_avg_ms=0.065946 compute_min_ms=0.064512 compute_max_ms=0.067584 compute_var_ms=0.000000531 compute_gflops=55.931070 eff_bw_gbs=423.007813 pct_peak_bw=45.3326 comm_avg_ms=2.827459 comm_min_ms=2.805712 comm_max_ms=2.911264 comm_var_ms=0.000431143 total_avg_ms=2.893405 total_min_ms=2.872272 total_max_ms=2.978848 total_var_ms=0.000442044 effective_gflops=1.274764
[ERROR CHECKING] OK!

--- P=3 rep=1/3 driver=spmv_ghost_cusparse ---
Loaded ../matrices/roadNet-CA.mtx: 1971281 x 1971281, 5533214 nnz
RESULT comm=ghost_mpi kernel=cusparse matrix=roadNet-CA.mtx P=3 rank=0 nrows_local=657094 ncols_global=1971281 nnz_local=1845127 n_ghost=992336 compute_avg_ms=0.070144 compute_min_ms=0.068608 compute_max_ms=0.071680 compute_var_ms=0.000000472 compute_gflops=52.609688 eff_bw_gbs=379.440743 pct_peak_bw=40.6637 comm_avg_ms=2.872098 comm_min_ms=2.531730 comm_max_ms=3.362899 comm_var_ms=0.017463073 total_avg_ms=2.942242 total_min_ms=2.602386 total_max_ms=3.432531 total_var_ms=0.017474913 effective_gflops=1.254232
RESULT comm=ghost_mpi kernel=cusparse matrix=roadNet-CA.mtx P=3 rank=1 nrows_local=657094 ncols_global=1971281 nnz_local=1843883 n_ghost=992533 compute_avg_ms=0.070246 compute_min_ms=0.068608 compute_max_ms=0.071680 compute_var_ms=0.000000601 compute_gflops=52.497579 eff_bw_gbs=378.757167 pct_peak_bw=40.5904 comm_avg_ms=2.330425 comm_min_ms=1.989617 comm_max_ms=2.855229 comm_var_ms=0.018528812 total_avg_ms=2.400672 total_min_ms=2.059249 total_max_ms=2.925885 total_var_ms=0.018614706 effective_gflops=1.536139
RESULT comm=ghost_mpi kernel=cusparse matrix=roadNet-CA.mtx P=3 rank=2 nrows_local=657093 ncols_global=1971281 nnz_local=1844204 n_ghost=992733 compute_avg_ms=0.069052 compute_min_ms=0.067584 compute_max_ms=0.070656 compute_var_ms=0.000000607 compute_gflops=53.415139 eff_bw_gbs=385.358663 pct_peak_bw=41.2979 comm_avg_ms=2.872093 comm_min_ms=2.531833 comm_max_ms=3.362957 comm_var_ms=0.017462231 total_avg_ms=2.941145 total_min_ms=2.601465 total_max_ms=3.431565 total_var_ms=0.017410066 effective_gflops=1.254072
[ERROR CHECKING] OK!

--- P=3 rep=1/3 driver=spmv_ghost_acc ---
Loaded ../matrices/roadNet-CA.mtx: 1971281 x 1971281, 5533214 nnz
[kernel] acc -> LINE-ENHANCE (nnz=1843883, avg_nnz=2.81, imbalance=3.56, V=1)
[kernel] acc -> LINE-ENHANCE (nnz=1845127, avg_nnz=2.81, imbalance=4.27, V=1)
[kernel] acc -> LINE-ENHANCE (nnz=1844204, avg_nnz=2.81, imbalance=3.56, V=1)
RESULT comm=ghost_mpi kernel=acc matrix=roadNet-CA.mtx P=3 rank=1 nrows_local=657094 ncols_global=1971281 nnz_local=1843883 n_ghost=992533 compute_avg_ms=0.064785 compute_min_ms=0.063488 compute_max_ms=0.065536 compute_var_ms=0.000000345 compute_gflops=56.923088 eff_bw_gbs=410.686128 pct_peak_bw=44.0121 comm_avg_ms=2.252126 comm_min_ms=1.893330 comm_max_ms=2.360007 comm_var_ms=0.010294749 total_avg_ms=2.316911 total_min_ms=1.958866 total_max_ms=2.424519 total_var_ms=0.010264659 effective_gflops=1.591673
RESULT comm=ghost_mpi kernel=acc matrix=roadNet-CA.mtx P=3 rank=0 nrows_local=657094 ncols_global=1971281 nnz_local=1845127 n_ghost=992336 compute_avg_ms=0.064137 compute_min_ms=0.062464 compute_max_ms=0.065536 compute_var_ms=0.000000523 compute_gflops=57.537473 eff_bw_gbs=414.981772 pct_peak_bw=44.4725 comm_avg_ms=2.783558 comm_min_ms=2.341749 comm_max_ms=2.905538 comm_var_ms=0.013657206 total_avg_ms=2.847695 total_min_ms=2.406261 total_max_ms=2.969026 total_var_ms=0.013615825 effective_gflops=1.295874
RESULT comm=ghost_mpi kernel=acc matrix=roadNet-CA.mtx P=3 rank=2 nrows_local=657093 ncols_global=1971281 nnz_local=1844204 n_ghost=992733 compute_avg_ms=0.063932 compute_min_ms=0.062464 compute_max_ms=0.065536 compute_var_ms=0.000000677 compute_gflops=57.692915 eff_bw_gbs=416.220285 pct_peak_bw=44.6052 comm_avg_ms=2.783609 comm_min_ms=2.341795 comm_max_ms=2.905641 comm_var_ms=0.013660133 total_avg_ms=2.847541 total_min_ms=2.406307 total_max_ms=2.969129 total_var_ms=0.013614668 effective_gflops=1.295296
[ERROR CHECKING] OK!

--- P=3 rep=1/3 driver=spmv_ghost_nccl_cusparse ---
Loaded ../matrices/roadNet-CA.mtx: 1971281 x 1971281, 5533214 nnz
RESULT comm=ghost_nccl kernel=cusparse matrix=roadNet-CA.mtx P=3 rank=0 nrows_local=657094 ncols_global=1971281 nnz_local=1845127 n_ghost=992336 compute_avg_ms=0.070417 compute_min_ms=0.068608 compute_max_ms=0.071680 compute_var_ms=0.000000747 compute_gflops=52.405675 eff_bw_gbs=377.969329 pct_peak_bw=40.5060 comm_avg_ms=0.869046 comm_min_ms=0.826145 comm_max_ms=0.894563 comm_var_ms=0.000234319 total_avg_ms=0.939463 total_min_ms=0.896801 total_max_ms=0.965219 total_var_ms=0.000236025 effective_gflops=3.928045
RESULT comm=ghost_nccl kernel=cusparse matrix=roadNet-CA.mtx P=3 rank=1 nrows_local=657094 ncols_global=1971281 nnz_local=1843883 n_ghost=992533 compute_avg_ms=0.070588 compute_min_ms=0.068608 compute_max_ms=0.072704 compute_var_ms=0.000000624 compute_gflops=52.243722 eff_bw_gbs=376.925652 pct_peak_bw=40.3941 comm_avg_ms=0.882900 comm_min_ms=0.843823 comm_max_ms=0.924935 comm_var_ms=0.000552261 total_avg_ms=0.953487 total_min_ms=0.914479 total_max_ms=0.996615 total_var_ms=0.000561676 effective_gflops=3.867661
RESULT comm=ghost_nccl kernel=cusparse matrix=roadNet-CA.mtx P=3 rank=2 nrows_local=657093 ncols_global=1971281 nnz_local=1844204 n_ghost=992733 compute_avg_ms=0.069495 compute_min_ms=0.067584 compute_max_ms=0.071680 compute_var_ms=0.000000750 compute_gflops=53.074080 eff_bw_gbs=382.898120 pct_peak_bw=41.0342 comm_avg_ms=0.901204 comm_min_ms=0.881146 comm_max_ms=0.916250 comm_var_ms=0.000099402 total_avg_ms=0.970699 total_min_ms=0.949754 total_max_ms=0.986493 total_var_ms=0.000106189 effective_gflops=3.799744
[ERROR CHECKING] OK!

--- P=3 rep=1/3 driver=spmv_ghost_nccl_acc ---
Loaded ../matrices/roadNet-CA.mtx: 1971281 x 1971281, 5533214 nnz
[kernel] acc -> LINE-ENHANCE (nnz=1843883, avg_nnz=2.81, imbalance=3.56, V=1)
[kernel] acc -> LINE-ENHANCE (nnz=1844204, avg_nnz=2.81, imbalance=3.56, V=1)
[kernel] acc -> LINE-ENHANCE (nnz=1845127, avg_nnz=2.81, imbalance=4.27, V=1)
RESULT comm=ghost_nccl kernel=acc matrix=roadNet-CA.mtx P=3 rank=0 nrows_local=657094 ncols_global=1971281 nnz_local=1845127 n_ghost=992336 compute_avg_ms=0.064614 compute_min_ms=0.063488 compute_max_ms=0.065536 compute_var_ms=0.000000234 compute_gflops=57.111945 eff_bw_gbs=411.912704 pct_peak_bw=44.1436 comm_avg_ms=0.868218 comm_min_ms=0.826569 comm_max_ms=0.899344 comm_var_ms=0.000229784 total_avg_ms=0.932833 total_min_ms=0.891081 total_max_ms=0.963856 total_var_ms=0.000228882 effective_gflops=3.955966
RESULT comm=ghost_nccl kernel=acc matrix=roadNet-CA.mtx P=3 rank=2 nrows_local=657093 ncols_global=1971281 nnz_local=1844204 n_ghost=992733 compute_avg_ms=0.063898 compute_min_ms=0.063488 compute_max_ms=0.064512 compute_var_ms=0.000000252 compute_gflops=57.723734 eff_bw_gbs=416.442625 pct_peak_bw=44.6291 comm_avg_ms=0.898500 comm_min_ms=0.875259 comm_max_ms=0.920570 comm_var_ms=0.000138787 total_avg_ms=0.962398 total_min_ms=0.938747 total_max_ms=0.984058 total_var_ms=0.000139432 effective_gflops=3.832518
RESULT comm=ghost_nccl kernel=acc matrix=roadNet-CA.mtx P=3 rank=1 nrows_local=657094 ncols_global=1971281 nnz_local=1843883 n_ghost=992533 compute_avg_ms=0.064717 compute_min_ms=0.063488 compute_max_ms=0.065536 compute_var_ms=0.000000308 compute_gflops=56.983133 eff_bw_gbs=411.119341 pct_peak_bw=44.0586 comm_avg_ms=0.872757 comm_min_ms=0.824010 comm_max_ms=0.916415 comm_var_ms=0.000857016 total_avg_ms=0.937474 total_min_ms=0.888522 total_max_ms=0.980927 total_var_ms=0.000847628 effective_gflops=3.933726
[ERROR CHECKING] OK!

--- P=3 rep=2/3 driver=spmv_bcast ---
Loaded ../matrices/roadNet-CA.mtx: 1971281 x 1971281, 5533214 nnz
RESULT comm=bcast kernel=cusparse matrix=roadNet-CA.mtx P=3 rank=1 nrows_local=657094 ncols_global=1971281 nnz_local=1843883 n_ghost=-1 compute_avg_ms=0.067379 compute_min_ms=0.066560 compute_max_ms=0.068608 compute_var_ms=0.000000377 compute_gflops=54.731519 eff_bw_gbs=413.969650 pct_peak_bw=44.3640 comm_avg_ms=2.243214 comm_min_ms=2.202320 comm_max_ms=2.345982 comm_var_ms=0.000750783 total_avg_ms=2.310594 total_min_ms=2.269904 total_max_ms=2.412542 total_var_ms=0.000739612 effective_gflops=1.596025
RESULT comm=bcast kernel=cusparse matrix=roadNet-CA.mtx P=3 rank=2 nrows_local=657093 ncols_global=1971281 nnz_local=1844204 n_ghost=-1 compute_avg_ms=0.066048 compute_min_ms=0.064512 compute_max_ms=0.067584 compute_var_ms=0.000000751 compute_gflops=55.844356 eff_bw_gbs=422.351986 pct_peak_bw=45.2623 comm_avg_ms=2.849938 comm_min_ms=2.816977 comm_max_ms=2.973436 comm_var_ms=0.000780109 total_avg_ms=2.915986 total_min_ms=2.883793 total_max_ms=3.038972 total_var_ms=0.000776577 effective_gflops=1.264892
RESULT comm=bcast kernel=cusparse matrix=roadNet-CA.mtx P=3 rank=0 nrows_local=657094 ncols_global=1971281 nnz_local=1845127 n_ghost=-1 compute_avg_ms=0.069495 compute_min_ms=0.065536 compute_max_ms=0.075776 compute_var_ms=0.000007951 compute_gflops=53.100643 eff_bw_gbs=401.506701 pct_peak_bw=43.0284 comm_avg_ms=2.824158 comm_min_ms=2.781537 comm_max_ms=2.962523 comm_var_ms=0.001048875 total_avg_ms=2.893653 total_min_ms=2.853217 total_max_ms=3.033179 total_var_ms=0.001044850 effective_gflops=1.275292
[ERROR CHECKING] OK!

--- P=3 rep=2/3 driver=spmv_ghost_cusparse ---
Loaded ../matrices/roadNet-CA.mtx: 1971281 x 1971281, 5533214 nnz
RESULT comm=ghost_mpi kernel=cusparse matrix=roadNet-CA.mtx P=3 rank=1 nrows_local=657094 ncols_global=1971281 nnz_local=1843883 n_ghost=992533 compute_avg_ms=0.070178 compute_min_ms=0.069632 compute_max_ms=0.071680 compute_var_ms=0.000000331 compute_gflops=52.548647 eff_bw_gbs=379.125608 pct_peak_bw=40.6299 comm_avg_ms=2.268616 comm_min_ms=1.812819 comm_max_ms=2.383410 comm_var_ms=0.014385836 total_avg_ms=2.338794 total_min_ms=1.883475 total_max_ms=2.454066 total_var_ms=0.014347717 effective_gflops=1.576781
RESULT comm=ghost_mpi kernel=cusparse matrix=roadNet-CA.mtx P=3 rank=2 nrows_local=657093 ncols_global=1971281 nnz_local=1844204 n_ghost=992733 compute_avg_ms=0.069018 compute_min_ms=0.067584 compute_max_ms=0.070656 compute_var_ms=0.000000531 compute_gflops=53.441556 eff_bw_gbs=385.549246 pct_peak_bw=41.3183 comm_avg_ms=2.802106 comm_min_ms=2.399165 comm_max_ms=2.941899 comm_var_ms=0.014074015 total_avg_ms=2.871123 total_min_ms=2.467773 total_max_ms=3.011531 total_var_ms=0.014062837 effective_gflops=1.284657
RESULT comm=ghost_mpi kernel=cusparse matrix=roadNet-CA.mtx P=3 rank=0 nrows_local=657094 ncols_global=1971281 nnz_local=1845127 n_ghost=992336 compute_avg_ms=0.070110 compute_min_ms=0.068608 compute_max_ms=0.071680 compute_var_ms=0.000000750 compute_gflops=52.635301 eff_bw_gbs=379.625476 pct_peak_bw=40.6835 comm_avg_ms=2.802042 comm_min_ms=2.399347 comm_max_ms=2.941975 comm_var_ms=0.014075349 total_avg_ms=2.872152 total_min_ms=2.470003 total_max_ms=3.012631 total_var_ms=0.014034255 effective_gflops=1.284839
[ERROR CHECKING] OK!

--- P=3 rep=2/3 driver=spmv_ghost_acc ---
Loaded ../matrices/roadNet-CA.mtx: 1971281 x 1971281, 5533214 nnz
[kernel] acc -> LINE-ENHANCE (nnz=1843883, avg_nnz=2.81, imbalance=3.56, V=1)
[kernel] acc -> LINE-ENHANCE (nnz=1845127, avg_nnz=2.81, imbalance=4.27, V=1)
[kernel] acc -> LINE-ENHANCE (nnz=1844204, avg_nnz=2.81, imbalance=3.56, V=1)
RESULT comm=ghost_mpi kernel=acc matrix=roadNet-CA.mtx P=3 rank=1 nrows_local=657094 ncols_global=1971281 nnz_local=1843883 n_ghost=992533 compute_avg_ms=0.064683 compute_min_ms=0.063488 compute_max_ms=0.065536 compute_var_ms=0.000000425 compute_gflops=57.013203 eff_bw_gbs=411.336291 pct_peak_bw=44.0818 comm_avg_ms=2.292494 comm_min_ms=1.763531 comm_max_ms=2.435430 comm_var_ms=0.014283625 total_avg_ms=2.357177 total_min_ms=1.828043 total_max_ms=2.499942 total_var_ms=0.014262360 effective_gflops=1.564484
RESULT comm=ghost_mpi kernel=acc matrix=roadNet-CA.mtx P=3 rank=0 nrows_local=657094 ncols_global=1971281 nnz_local=1845127 n_ghost=992336 compute_avg_ms=0.064000 compute_min_ms=0.063488 compute_max_ms=0.064512 compute_var_ms=0.000000262 compute_gflops=57.660219 eff_bw_gbs=415.867067 pct_peak_bw=44.5674 comm_avg_ms=2.821624 comm_min_ms=2.314750 comm_max_ms=2.985123 comm_var_ms=0.013275707 total_avg_ms=2.885624 total_min_ms=2.379262 total_max_ms=3.049635 total_var_ms=0.013260139 effective_gflops=1.278841
RESULT comm=ghost_mpi kernel=acc matrix=roadNet-CA.mtx P=3 rank=2 nrows_local=657093 ncols_global=1971281 nnz_local=1844204 n_ghost=992733 compute_avg_ms=0.063454 compute_min_ms=0.062464 compute_max_ms=0.064512 compute_var_ms=0.000000453 compute_gflops=58.127396 eff_bw_gbs=419.354813 pct_peak_bw=44.9411 comm_avg_ms=2.821680 comm_min_ms=2.314819 comm_max_ms=2.985206 comm_var_ms=0.013275921 total_avg_ms=2.885134 total_min_ms=2.377283 total_max_ms=3.048694 total_var_ms=0.013312284 effective_gflops=1.278418
[ERROR CHECKING] OK!

--- P=3 rep=2/3 driver=spmv_ghost_nccl_cusparse ---
Loaded ../matrices/roadNet-CA.mtx: 1971281 x 1971281, 5533214 nnz
RESULT comm=ghost_nccl kernel=cusparse matrix=roadNet-CA.mtx P=3 rank=0 nrows_local=657094 ncols_global=1971281 nnz_local=1845127 n_ghost=992336 compute_avg_ms=0.070246 compute_min_ms=0.068608 compute_max_ms=0.072704 compute_var_ms=0.000000741 compute_gflops=52.532997 eff_bw_gbs=378.887622 pct_peak_bw=40.6044 comm_avg_ms=0.875568 comm_min_ms=0.841403 comm_max_ms=0.895349 comm_var_ms=0.000195769 total_avg_ms=0.945815 total_min_ms=0.911035 total_max_ms=0.964991 total_var_ms=0.000201065 effective_gflops=3.901666
RESULT comm=ghost_nccl kernel=cusparse matrix=roadNet-CA.mtx P=3 rank=1 nrows_local=657094 ncols_global=1971281 nnz_local=1843883 n_ghost=992533 compute_avg_ms=0.070622 compute_min_ms=0.068608 compute_max_ms=0.072704 compute_var_ms=0.000000803 compute_gflops=52.218471 eff_bw_gbs=376.743474 pct_peak_bw=40.3746 comm_avg_ms=0.864292 comm_min_ms=0.822829 comm_max_ms=0.892128 comm_var_ms=0.000278339 total_avg_ms=0.934914 total_min_ms=0.893485 total_max_ms=0.964151 total_var_ms=0.000279238 effective_gflops=3.944498
RESULT comm=ghost_nccl kernel=cusparse matrix=roadNet-CA.mtx P=3 rank=2 nrows_local=657093 ncols_global=1971281 nnz_local=1844204 n_ghost=992733 compute_avg_ms=0.069530 compute_min_ms=0.068608 compute_max_ms=0.071680 compute_var_ms=0.000000654 compute_gflops=53.048025 eff_bw_gbs=382.710149 pct_peak_bw=41.0140 comm_avg_ms=0.902302 comm_min_ms=0.877755 comm_max_ms=0.917470 comm_var_ms=0.000084947 total_avg_ms=0.971832 total_min_ms=0.948411 total_max_ms=0.986078 total_var_ms=0.000087133 effective_gflops=3.795315
[ERROR CHECKING] OK!

--- P=3 rep=2/3 driver=spmv_ghost_nccl_acc ---
Loaded ../matrices/roadNet-CA.mtx: 1971281 x 1971281, 5533214 nnz
[kernel] acc -> LINE-ENHANCE (nnz=1843883, avg_nnz=2.81, imbalance=3.56, V=1)
[kernel] acc -> LINE-ENHANCE (nnz=1844204, avg_nnz=2.81, imbalance=3.56, V=1)
[kernel] acc -> LINE-ENHANCE (nnz=1845127, avg_nnz=2.81, imbalance=4.27, V=1)
RESULT comm=ghost_nccl kernel=acc matrix=roadNet-CA.mtx P=3 rank=0 nrows_local=657094 ncols_global=1971281 nnz_local=1845127 n_ghost=992336 compute_avg_ms=0.064717 compute_min_ms=0.064512 compute_max_ms=0.065536 compute_var_ms=0.000000168 compute_gflops=57.021577 eff_bw_gbs=411.260943 pct_peak_bw=44.0737 comm_avg_ms=0.863950 comm_min_ms=0.834844 comm_max_ms=0.896111 comm_var_ms=0.000158567 total_avg_ms=0.928667 total_min_ms=0.899356 total_max_ms=0.960623 total_var_ms=0.000159918 effective_gflops=3.973710
RESULT comm=ghost_nccl kernel=acc matrix=roadNet-CA.mtx P=3 rank=1 nrows_local=657094 ncols_global=1971281 nnz_local=1843883 n_ghost=992533 compute_avg_ms=0.064853 compute_min_ms=0.063488 compute_max_ms=0.065536 compute_var_ms=0.000000373 compute_gflops=56.863169 eff_bw_gbs=410.253827 pct_peak_bw=43.9658 comm_avg_ms=0.885575 comm_min_ms=0.840613 comm_max_ms=0.916455 comm_var_ms=0.000477157 total_avg_ms=0.950428 total_min_ms=0.906149 total_max_ms=0.981991 total_var_ms=0.000477519 effective_gflops=3.880110
RESULT comm=ghost_nccl kernel=acc matrix=roadNet-CA.mtx P=3 rank=2 nrows_local=657093 ncols_global=1971281 nnz_local=1844204 n_ghost=992733 compute_avg_ms=0.064137 compute_min_ms=0.063488 compute_max_ms=0.065536 compute_var_ms=0.000000313 compute_gflops=57.508690 eff_bw_gbs=414.891215 pct_peak_bw=44.4628 comm_avg_ms=0.900120 comm_min_ms=0.878894 comm_max_ms=0.918485 comm_var_ms=0.000084317 total_avg_ms=0.964256 total_min_ms=0.942382 total_max_ms=0.982997 total_var_ms=0.000088201 effective_gflops=3.825132
[ERROR CHECKING] OK!

--- P=3 rep=3/3 driver=spmv_bcast ---
Loaded ../matrices/roadNet-CA.mtx: 1971281 x 1971281, 5533214 nnz
RESULT comm=bcast kernel=cusparse matrix=roadNet-CA.mtx P=3 rank=0 nrows_local=657094 ncols_global=1971281 nnz_local=1845127 n_ghost=-1 compute_avg_ms=0.068779 compute_min_ms=0.065536 compute_max_ms=0.072704 compute_var_ms=0.000004200 compute_gflops=53.654049 eff_bw_gbs=405.691139 pct_peak_bw=43.4768 comm_avg_ms=2.866086 comm_min_ms=2.825899 comm_max_ms=2.933017 comm_var_ms=0.000434735 total_avg_ms=2.934864 total_min_ms=2.895395 total_max_ms=3.005721 total_var_ms=0.000445536 effective_gflops=1.257385
RESULT comm=bcast kernel=cusparse matrix=roadNet-CA.mtx P=3 rank=1 nrows_local=657094 ncols_global=1971281 nnz_local=1843883 n_ghost=-1 compute_avg_ms=0.067345 compute_min_ms=0.065536 compute_max_ms=0.069632 compute_var_ms=0.000000537 compute_gflops=54.759259 eff_bw_gbs=414.179467 pct_peak_bw=44.3865 comm_avg_ms=2.253217 comm_min_ms=2.230839 comm_max_ms=2.298080 comm_var_ms=0.000292681 total_avg_ms=2.320562 total_min_ms=2.298423 total_max_ms=2.365664 total_var_ms=0.000294832 effective_gflops=1.589169
RESULT comm=bcast kernel=cusparse matrix=roadNet-CA.mtx P=3 rank=2 nrows_local=657093 ncols_global=1971281 nnz_local=1844204 n_ghost=-1 compute_avg_ms=0.065980 compute_min_ms=0.064512 compute_max_ms=0.067584 compute_var_ms=0.000000677 compute_gflops=55.902136 eff_bw_gbs=422.788978 pct_peak_bw=45.3092 comm_avg_ms=2.898115 comm_min_ms=2.874494 comm_max_ms=2.963386 comm_var_ms=0.000376847 total_avg_ms=2.964095 total_min_ms=2.941054 total_max_ms=3.028922 total_var_ms=0.000372157 effective_gflops=1.244362
[ERROR CHECKING] OK!

--- P=3 rep=3/3 driver=spmv_ghost_cusparse ---
Loaded ../matrices/roadNet-CA.mtx: 1971281 x 1971281, 5533214 nnz
RESULT comm=ghost_mpi kernel=cusparse matrix=roadNet-CA.mtx P=3 rank=0 nrows_local=657094 ncols_global=1971281 nnz_local=1845127 n_ghost=992336 compute_avg_ms=0.069939 compute_min_ms=0.068608 compute_max_ms=0.071680 compute_var_ms=0.000000500 compute_gflops=52.763742 eff_bw_gbs=380.551844 pct_peak_bw=40.7827 comm_avg_ms=2.827249 comm_min_ms=2.506142 comm_max_ms=2.958392 comm_var_ms=0.011079699 total_avg_ms=2.897188 total_min_ms=2.576798 total_max_ms=3.029048 total_var_ms=0.011053301 effective_gflops=1.273736
RESULT comm=ghost_mpi kernel=cusparse matrix=roadNet-CA.mtx P=3 rank=1 nrows_local=657094 ncols_global=1971281 nnz_local=1843883 n_ghost=992533 compute_avg_ms=0.070485 compute_min_ms=0.069632 compute_max_ms=0.071680 compute_var_ms=0.000000565 compute_gflops=52.319621 eff_bw_gbs=377.473244 pct_peak_bw=40.4528 comm_avg_ms=2.287991 comm_min_ms=1.984305 comm_max_ms=2.379082 comm_var_ms=0.008781795 total_avg_ms=2.358476 total_min_ms=2.053937 total_max_ms=2.450359 total_var_ms=0.008834319 effective_gflops=1.563622
RESULT comm=ghost_mpi kernel=cusparse matrix=roadNet-CA.mtx P=3 rank=2 nrows_local=657093 ncols_global=1971281 nnz_local=1844204 n_ghost=992733 compute_avg_ms=0.068983 compute_min_ms=0.067584 compute_max_ms=0.070656 compute_var_ms=0.000000663 compute_gflops=53.467999 eff_bw_gbs=385.740017 pct_peak_bw=41.3387 comm_avg_ms=2.827772 comm_min_ms=2.520743 comm_max_ms=2.958484 comm_var_ms=0.010780662 total_avg_ms=2.896755 total_min_ms=2.590375 total_max_ms=3.028116 total_var_ms=0.010779668 effective_gflops=1.273290
[ERROR CHECKING] OK!

--- P=3 rep=3/3 driver=spmv_ghost_acc ---
Loaded ../matrices/roadNet-CA.mtx: 1971281 x 1971281, 5533214 nnz
[kernel] acc -> LINE-ENHANCE (nnz=1843883, avg_nnz=2.81, imbalance=3.56, V=1)
[kernel] acc -> LINE-ENHANCE (nnz=1845127, avg_nnz=2.81, imbalance=4.27, V=1)
[kernel] acc -> LINE-ENHANCE (nnz=1844204, avg_nnz=2.81, imbalance=3.56, V=1)
RESULT comm=ghost_mpi kernel=acc matrix=roadNet-CA.mtx P=3 rank=1 nrows_local=657094 ncols_global=1971281 nnz_local=1843883 n_ghost=992533 compute_avg_ms=0.064717 compute_min_ms=0.063488 compute_max_ms=0.065536 compute_var_ms=0.000000377 compute_gflops=56.983133 eff_bw_gbs=411.119341 pct_peak_bw=44.0586 comm_avg_ms=2.291294 comm_min_ms=1.784436 comm_max_ms=2.612490 comm_var_ms=0.019385372 total_avg_ms=2.356010 total_min_ms=1.847924 total_max_ms=2.677002 total_var_ms=0.019429118 effective_gflops=1.565259
RESULT comm=ghost_mpi kernel=acc matrix=roadNet-CA.mtx P=3 rank=0 nrows_local=657094 ncols_global=1971281 nnz_local=1845127 n_ghost=992336 compute_avg_ms=0.063898 compute_min_ms=0.062464 compute_max_ms=0.064512 compute_var_ms=0.000000322 compute_gflops=57.752624 eff_bw_gbs=416.533521 pct_peak_bw=44.6388 comm_avg_ms=2.811253 comm_min_ms=2.325865 comm_max_ms=2.966882 comm_var_ms=0.018578161 total_avg_ms=2.875151 total_min_ms=2.390377 total_max_ms=3.030370 total_var_ms=0.018593965 effective_gflops=1.283499
RESULT comm=ghost_mpi kernel=acc matrix=roadNet-CA.mtx P=3 rank=2 nrows_local=657093 ncols_global=1971281 nnz_local=1844204 n_ghost=992733 compute_avg_ms=0.063795 compute_min_ms=0.062464 compute_max_ms=0.064512 compute_var_ms=0.000000290 compute_gflops=57.816388 eff_bw_gbs=417.111073 pct_peak_bw=44.7007 comm_avg_ms=2.810254 comm_min_ms=2.326456 comm_max_ms=2.966986 comm_var_ms=0.019005982 total_avg_ms=2.874049 total_min_ms=2.389944 total_max_ms=3.030474 total_var_ms=0.019042106 effective_gflops=1.283349
[ERROR CHECKING] OK!

--- P=3 rep=3/3 driver=spmv_ghost_nccl_cusparse ---
Loaded ../matrices/roadNet-CA.mtx: 1971281 x 1971281, 5533214 nnz
RESULT comm=ghost_nccl kernel=cusparse matrix=roadNet-CA.mtx P=3 rank=1 nrows_local=657094 ncols_global=1971281 nnz_local=1843883 n_ghost=992533 compute_avg_ms=0.070758 compute_min_ms=0.069632 compute_max_ms=0.072704 compute_var_ms=0.000000654 compute_gflops=52.117712 eff_bw_gbs=376.016521 pct_peak_bw=40.2967 comm_avg_ms=0.900796 comm_min_ms=0.845567 comm_max_ms=0.923102 comm_var_ms=0.000406454 total_avg_ms=0.971555 total_min_ms=0.916223 total_max_ms=0.994782 total_var_ms=0.000402225 effective_gflops=3.795737
RESULT comm=ghost_nccl kernel=cusparse matrix=roadNet-CA.mtx P=3 rank=0 nrows_local=657094 ncols_global=1971281 nnz_local=1845127 n_ghost=992336 compute_avg_ms=0.070007 compute_min_ms=0.068608 compute_max_ms=0.071680 compute_var_ms=0.000000733 compute_gflops=52.712291 eff_bw_gbs=380.180754 pct_peak_bw=40.7430 comm_avg_ms=0.855442 comm_min_ms=0.804072 comm_max_ms=0.881340 comm_var_ms=0.000324435 total_avg_ms=0.925449 total_min_ms=0.875752 total_max_ms=0.950972 total_var_ms=0.000324536 effective_gflops=3.987528
RESULT comm=ghost_nccl kernel=cusparse matrix=roadNet-CA.mtx P=3 rank=2 nrows_local=657093 ncols_global=1971281 nnz_local=1844204 n_ghost=992733 compute_avg_ms=0.069393 compute_min_ms=0.067584 compute_max_ms=0.071680 compute_var_ms=0.000000817 compute_gflops=53.152399 eff_bw_gbs=383.463145 pct_peak_bw=41.0947 comm_avg_ms=0.906837 comm_min_ms=0.878446 comm_max_ms=0.923290 comm_var_ms=0.000122895 total_avg_ms=0.976230 total_min_ms=0.947054 total_max_ms=0.992922 total_var_ms=0.000124291 effective_gflops=3.778215
[ERROR CHECKING] OK!

--- P=3 rep=3/3 driver=spmv_ghost_nccl_acc ---
Loaded ../matrices/roadNet-CA.mtx: 1971281 x 1971281, 5533214 nnz
[kernel] acc -> LINE-ENHANCE (nnz=1843883, avg_nnz=2.81, imbalance=3.56, V=1)
[kernel] acc -> LINE-ENHANCE (nnz=1844204, avg_nnz=2.81, imbalance=3.56, V=1)
[kernel] acc -> LINE-ENHANCE (nnz=1845127, avg_nnz=2.81, imbalance=4.27, V=1)
RESULT comm=ghost_nccl kernel=acc matrix=roadNet-CA.mtx P=3 rank=0 nrows_local=657094 ncols_global=1971281 nnz_local=1845127 n_ghost=992336 compute_avg_ms=0.064546 compute_min_ms=0.063488 compute_max_ms=0.065536 compute_var_ms=0.000000244 compute_gflops=57.172348 eff_bw_gbs=412.348360 pct_peak_bw=44.1903 comm_avg_ms=0.863489 comm_min_ms=0.831546 comm_max_ms=0.877351 comm_var_ms=0.000135147 total_avg_ms=0.928035 total_min_ms=0.896058 total_max_ms=0.942887 total_var_ms=0.000134499 effective_gflops=3.976416
RESULT comm=ghost_nccl kernel=acc matrix=roadNet-CA.mtx P=3 rank=2 nrows_local=657093 ncols_global=1971281 nnz_local=1844204 n_ghost=992733 compute_avg_ms=0.064137 compute_min_ms=0.063488 compute_max_ms=0.065536 compute_var_ms=0.000000313 compute_gflops=57.508690 eff_bw_gbs=414.891215 pct_peak_bw=44.4628 comm_avg_ms=0.901371 comm_min_ms=0.882172 comm_max_ms=0.923875 comm_var_ms=0.000081505 total_avg_ms=0.965508 total_min_ms=0.946684 total_max_ms=0.988387 total_var_ms=0.000083925 effective_gflops=3.820174
RESULT comm=ghost_nccl kernel=acc matrix=roadNet-CA.mtx P=3 rank=1 nrows_local=657094 ncols_global=1971281 nnz_local=1843883 n_ghost=992533 compute_avg_ms=0.064683 compute_min_ms=0.063488 compute_max_ms=0.065536 compute_var_ms=0.000000216 compute_gflops=57.013203 eff_bw_gbs=411.336291 pct_peak_bw=44.0818 comm_avg_ms=0.870274 comm_min_ms=0.841538 comm_max_ms=0.905812 comm_var_ms=0.000230851 total_avg_ms=0.934957 total_min_ms=0.906050 total_max_ms=0.970324 total_var_ms=0.000227242 effective_gflops=3.944318
[ERROR CHECKING] OK!

=== Job done ===
