=== D2_final strong scaling ===
Node:     edu01
Date:     Tue Jul 21 07:46:53 PM CEST 2026
Matrix:   ../matrices/cit-Patents.mtx
P:        3
Reps:     3

--- P=3 rep=1/3 driver=spmv_bcast ---
Loaded ../matrices/cit-Patents.mtx: 3774768 x 3774768, 16518948 nnz
RESULT comm=bcast kernel=cusparse matrix=cit-Patents.mtx P=3 rank=0 nrows_local=1258256 ncols_global=3774768 nnz_local=5511600 n_ghost=-1 compute_avg_ms=0.280678 compute_min_ms=0.277504 compute_max_ms=0.287744 compute_var_ms=0.000005058 compute_gflops=39.273417 eff_bw_gbs=246.751882 pct_peak_bw=26.4437 comm_avg_ms=5.722926 comm_min_ms=5.646428 comm_max_ms=5.812541 comm_var_ms=0.001673851 total_avg_ms=6.003604 total_min_ms=5.930076 total_max_ms=6.093117 total_var_ms=0.001619758 effective_gflops=1.836097
RESULT comm=bcast kernel=cusparse matrix=cit-Patents.mtx P=3 rank=1 nrows_local=1258256 ncols_global=3774768 nnz_local=5499536 n_ghost=-1 compute_avg_ms=0.281805 compute_min_ms=0.280576 compute_max_ms=0.283648 compute_var_ms=0.000000797 compute_gflops=39.030818 eff_bw_gbs=245.423116 pct_peak_bw=26.3013 comm_avg_ms=4.659727 comm_min_ms=4.587056 comm_max_ms=4.738876 comm_var_ms=0.001505239 total_avg_ms=4.941531 total_min_ms=4.869680 total_max_ms=5.021500 total_var_ms=0.001518683 effective_gflops=2.225843
RESULT comm=bcast kernel=cusparse matrix=cit-Patents.mtx P=3 rank=2 nrows_local=1258256 ncols_global=3774768 nnz_local=5507812 n_ghost=-1 compute_avg_ms=0.276548 compute_min_ms=0.274432 compute_max_ms=0.282624 compute_var_ms=0.000003980 compute_gflops=39.832554 eff_bw_gbs=250.327439 pct_peak_bw=26.8269 comm_avg_ms=5.724147 comm_min_ms=5.663838 comm_max_ms=5.812397 comm_var_ms=0.001635355 total_avg_ms=6.000696 total_min_ms=5.938270 total_max_ms=6.088877 total_var_ms=0.001610298 effective_gflops=1.835725
[ERROR CHECKING] OK!

--- P=3 rep=1/3 driver=spmv_ghost_cusparse ---
Loaded ../matrices/cit-Patents.mtx: 3774768 x 3774768, 16518948 nnz
RESULT comm=ghost_mpi kernel=cusparse matrix=cit-Patents.mtx P=3 rank=0 nrows_local=1258256 ncols_global=3774768 nnz_local=5511600 n_ghost=1451232 compute_avg_ms=0.265079 compute_min_ms=0.189440 compute_max_ms=0.280576 compute_var_ms=0.001025978 compute_gflops=41.584510 eff_bw_gbs=245.197425 pct_peak_bw=26.2772 comm_avg_ms=3.688144 comm_min_ms=2.865555 comm_max_ms=4.246420 comm_var_ms=0.143630293 total_avg_ms=3.953223 total_min_ms=3.054995 total_max_ms=4.524948 total_var_ms=0.157944875 effective_gflops=2.788408
RESULT comm=ghost_mpi kernel=cusparse matrix=cit-Patents.mtx P=3 rank=1 nrows_local=1258256 ncols_global=3774768 nnz_local=5499536 n_ghost=1448543 compute_avg_ms=0.264533 compute_min_ms=0.215040 compute_max_ms=0.283648 compute_var_ms=0.000850279 compute_gflops=41.579153 eff_bw_gbs=245.298143 pct_peak_bw=26.2880 comm_avg_ms=3.366735 comm_min_ms=2.973749 comm_max_ms=3.879014 comm_var_ms=0.039344300 total_avg_ms=3.631268 total_min_ms=3.256373 total_max_ms=4.095078 total_var_ms=0.035184453 effective_gflops=3.028989
RESULT comm=ghost_mpi kernel=cusparse matrix=cit-Patents.mtx P=3 rank=2 nrows_local=1258256 ncols_global=3774768 nnz_local=5507812 n_ghost=1450028 compute_avg_ms=0.274876 compute_min_ms=0.273408 compute_max_ms=0.276480 compute_var_ms=0.000000537 compute_gflops=40.074923 eff_bw_gbs=236.331093 pct_peak_bw=25.3270 comm_avg_ms=3.776137 comm_min_ms=3.229790 comm_max_ms=4.246508 comm_var_ms=0.083218411 total_avg_ms=4.051012 total_min_ms=3.504222 total_max_ms=4.521964 total_var_ms=0.083218216 effective_gflops=2.719227
[ERROR CHECKING] OK!

--- P=3 rep=1/3 driver=spmv_ghost_acc ---
Loaded ../matrices/cit-Patents.mtx: 3774768 x 3774768, 16518948 nnz
[kernel] acc -> FLAT (nnz=5499536, avg_nnz=4.37, imbalance=176.17)
[kernel] acc -> FLAT (nnz=5507812, avg_nnz=4.38, imbalance=142.32)
[kernel] acc -> FLAT (nnz=5511600, avg_nnz=4.38, imbalance=170.08)
RESULT comm=ghost_mpi kernel=acc matrix=cit-Patents.mtx P=3 rank=0 nrows_local=1258256 ncols_global=3774768 nnz_local=5511600 n_ghost=1451232 compute_avg_ms=1.492924 compute_min_ms=1.239040 compute_max_ms=1.717248 compute_var_ms=0.051710665 compute_gflops=7.383632 eff_bw_gbs=43.551010 pct_peak_bw=4.6672 comm_avg_ms=3.455501 comm_min_ms=2.824257 comm_max_ms=4.237757 comm_var_ms=0.104647358 total_avg_ms=4.948424 total_min_ms=4.076609 total_max_ms=5.947837 total_var_ms=0.261590973 effective_gflops=2.227618
RESULT comm=ghost_mpi kernel=acc matrix=cit-Patents.mtx P=3 rank=2 nrows_local=1258256 ncols_global=3774768 nnz_local=5507812 n_ghost=1450028 compute_avg_ms=1.691102 compute_min_ms=1.677312 compute_max_ms=1.709056 compute_var_ms=0.000044791 compute_gflops=6.513874 eff_bw_gbs=38.426544 pct_peak_bw=4.1181 comm_avg_ms=3.629351 comm_min_ms=3.217895 comm_max_ms=4.237777 comm_var_ms=0.055081254 total_avg_ms=5.320453 total_min_ms=4.911591 total_max_ms=5.922257 total_var_ms=0.054677292 effective_gflops=2.070430
RESULT comm=ghost_mpi kernel=acc matrix=cit-Patents.mtx P=3 rank=1 nrows_local=1258256 ncols_global=3774768 nnz_local=5499536 n_ghost=1448543 compute_avg_ms=1.534669 compute_min_ms=1.400832 compute_max_ms=1.727488 compute_var_ms=0.022345373 compute_gflops=7.167066 eff_bw_gbs=42.296436 pct_peak_bw=4.5328 comm_avg_ms=3.353710 comm_min_ms=2.961559 comm_max_ms=3.920715 comm_var_ms=0.078719312 total_avg_ms=4.888379 total_min_ms=4.454701 total_max_ms=5.331787 total_var_ms=0.079267558 effective_gflops=2.250045
[ERROR CHECKING] OK!

--- P=3 rep=1/3 driver=spmv_ghost_nccl_cusparse ---
Loaded ../matrices/cit-Patents.mtx: 3774768 x 3774768, 16518948 nnz
RESULT comm=ghost_nccl kernel=cusparse matrix=cit-Patents.mtx P=3 rank=1 nrows_local=1258256 ncols_global=3774768 nnz_local=5499536 n_ghost=1448543 compute_avg_ms=0.281566 compute_min_ms=0.280576 compute_max_ms=0.282624 compute_var_ms=0.000000593 compute_gflops=39.063940 eff_bw_gbs=230.459527 pct_peak_bw=24.6977 comm_avg_ms=0.827317 comm_min_ms=0.810877 comm_max_ms=0.851326 comm_var_ms=0.000080626 total_avg_ms=1.108883 total_min_ms=1.092477 total_max_ms=1.133950 total_var_ms=0.000083161 effective_gflops=9.919056
RESULT comm=ghost_nccl kernel=cusparse matrix=cit-Patents.mtx P=3 rank=0 nrows_local=1258256 ncols_global=3774768 nnz_local=5511600 n_ghost=1451232 compute_avg_ms=0.278118 compute_min_ms=0.276480 compute_max_ms=0.279552 compute_var_ms=0.000000741 compute_gflops=39.634918 eff_bw_gbs=233.701918 pct_peak_bw=25.0452 comm_avg_ms=0.995990 comm_min_ms=0.975790 comm_max_ms=1.016219 comm_var_ms=0.000124933 total_avg_ms=1.274109 total_min_ms=1.253992 total_max_ms=1.293723 total_var_ms=0.000130237 effective_gflops=8.651695
RESULT comm=ghost_nccl kernel=cusparse matrix=cit-Patents.mtx P=3 rank=2 nrows_local=1258256 ncols_global=3774768 nnz_local=5507812 n_ghost=1450028 compute_avg_ms=0.274739 compute_min_ms=0.273408 compute_max_ms=0.276480 compute_var_ms=0.000000710 compute_gflops=40.094839 eff_bw_gbs=236.448542 pct_peak_bw=25.3396 comm_avg_ms=1.041076 comm_min_ms=1.015921 comm_max_ms=1.066658 comm_var_ms=0.000120950 total_avg_ms=1.315816 total_min_ms=1.290353 total_max_ms=1.341090 total_var_ms=0.000125922 effective_gflops=8.371708
[ERROR CHECKING] OK!

--- P=3 rep=1/3 driver=spmv_ghost_nccl_acc ---
Loaded ../matrices/cit-Patents.mtx: 3774768 x 3774768, 16518948 nnz
[kernel] acc -> FLAT (nnz=5499536, avg_nnz=4.37, imbalance=176.17)
[kernel] acc -> FLAT (nnz=5507812, avg_nnz=4.38, imbalance=142.32)
[kernel] acc -> FLAT (nnz=5511600, avg_nnz=4.38, imbalance=170.08)
RESULT comm=ghost_nccl kernel=acc matrix=cit-Patents.mtx P=3 rank=1 nrows_local=1258256 ncols_global=3774768 nnz_local=5499536 n_ghost=1448543 compute_avg_ms=1.716463 compute_min_ms=1.705984 compute_max_ms=1.732608 compute_var_ms=0.000036958 compute_gflops=6.407987 eff_bw_gbs=37.816733 pct_peak_bw=4.0527 comm_avg_ms=0.830261 comm_min_ms=0.820849 comm_max_ms=0.843684 comm_var_ms=0.000027725 total_avg_ms=2.546724 total_min_ms=2.532115 total_max_ms=2.560088 total_var_ms=0.000066594 effective_gflops=4.318910
RESULT comm=ghost_nccl kernel=acc matrix=cit-Patents.mtx P=3 rank=0 nrows_local=1258256 ncols_global=3774768 nnz_local=5511600 n_ghost=1451232 compute_avg_ms=1.705711 compute_min_ms=1.697792 compute_max_ms=1.724416 compute_var_ms=0.000048999 compute_gflops=6.462525 eff_bw_gbs=38.118028 pct_peak_bw=4.0850 comm_avg_ms=0.997776 comm_min_ms=0.976890 comm_max_ms=1.018256 comm_var_ms=0.000088885 total_avg_ms=2.703487 total_min_ms=2.674682 total_max_ms=2.722917 total_var_ms=0.000128685 effective_gflops=4.077401
RESULT comm=ghost_nccl kernel=acc matrix=cit-Patents.mtx P=3 rank=2 nrows_local=1258256 ncols_global=3774768 nnz_local=5507812 n_ghost=1450028 compute_avg_ms=1.686084 compute_min_ms=1.675264 compute_max_ms=1.695744 compute_var_ms=0.000019901 compute_gflops=6.533258 eff_bw_gbs=38.540897 pct_peak_bw=4.1303 comm_avg_ms=1.037179 comm_min_ms=1.019392 comm_max_ms=1.051585 comm_var_ms=0.000096449 total_avg_ms=2.723264 total_min_ms=2.699776 total_max_ms=2.737984 total_var_ms=0.000122460 effective_gflops=4.045008
[ERROR CHECKING] OK!

--- P=3 rep=2/3 driver=spmv_bcast ---
Loaded ../matrices/cit-Patents.mtx: 3774768 x 3774768, 16518948 nnz
RESULT comm=bcast kernel=cusparse matrix=cit-Patents.mtx P=3 rank=0 nrows_local=1258256 ncols_global=3774768 nnz_local=5511600 n_ghost=-1 compute_avg_ms=0.280371 compute_min_ms=0.277504 compute_max_ms=0.285696 compute_var_ms=0.000002405 compute_gflops=39.316449 eff_bw_gbs=247.022246 pct_peak_bw=26.4727 comm_avg_ms=5.760896 comm_min_ms=5.703689 comm_max_ms=5.826254 comm_var_ms=0.001066586 total_avg_ms=6.041267 total_min_ms=5.983241 total_max_ms=6.106830 total_var_ms=0.001074451 effective_gflops=1.824650
RESULT comm=bcast kernel=cusparse matrix=cit-Patents.mtx P=3 rank=1 nrows_local=1258256 ncols_global=3774768 nnz_local=5499536 n_ghost=-1 compute_avg_ms=0.281975 compute_min_ms=0.280576 compute_max_ms=0.283648 compute_var_ms=0.000000873 compute_gflops=39.007195 eff_bw_gbs=245.274571 pct_peak_bw=26.2854 comm_avg_ms=4.696106 comm_min_ms=4.642079 comm_max_ms=4.766218 comm_var_ms=0.001093591 total_avg_ms=4.978081 total_min_ms=4.924703 total_max_ms=5.047818 total_var_ms=0.001089948 effective_gflops=2.209500
RESULT comm=bcast kernel=cusparse matrix=cit-Patents.mtx P=3 rank=2 nrows_local=1258256 ncols_global=3774768 nnz_local=5507812 n_ghost=-1 compute_avg_ms=0.276958 compute_min_ms=0.275456 compute_max_ms=0.279552 compute_var_ms=0.000001170 compute_gflops=39.773646 eff_bw_gbs=249.957229 pct_peak_bw=26.7873 comm_avg_ms=5.762374 comm_min_ms=5.691883 comm_max_ms=5.826619 comm_var_ms=0.001287344 total_avg_ms=6.039332 total_min_ms=5.969387 total_max_ms=6.103099 total_var_ms=0.001262757 effective_gflops=1.823980
[ERROR CHECKING] OK!

--- P=3 rep=2/3 driver=spmv_ghost_cusparse ---
Loaded ../matrices/cit-Patents.mtx: 3774768 x 3774768, 16518948 nnz
RESULT comm=ghost_mpi kernel=cusparse matrix=cit-Patents.mtx P=3 rank=1 nrows_local=1258256 ncols_global=3774768 nnz_local=5499536 n_ghost=1448543 compute_avg_ms=0.282180 compute_min_ms=0.280576 compute_max_ms=0.283648 compute_var_ms=0.000000817 compute_gflops=38.978884 eff_bw_gbs=229.957736 pct_peak_bw=24.6440 comm_avg_ms=3.357927 comm_min_ms=3.017105 comm_max_ms=3.512770 comm_var_ms=0.009252614 total_avg_ms=3.640107 total_min_ms=3.300753 total_max_ms=3.795394 total_var_ms=0.009242752 effective_gflops=3.021634
RESULT comm=ghost_mpi kernel=cusparse matrix=cit-Patents.mtx P=3 rank=2 nrows_local=1258256 ncols_global=3774768 nnz_local=5507812 n_ghost=1450028 compute_avg_ms=0.275354 compute_min_ms=0.274432 compute_max_ms=0.276480 compute_var_ms=0.000000514 compute_gflops=40.005374 eff_bw_gbs=235.920950 pct_peak_bw=25.2830 comm_avg_ms=3.896766 comm_min_ms=3.416921 comm_max_ms=4.367440 comm_var_ms=0.074845593 total_avg_ms=4.172120 total_min_ms=3.693401 total_max_ms=4.642896 total_var_ms=0.074796042 effective_gflops=2.640294
RESULT comm=ghost_mpi kernel=cusparse matrix=cit-Patents.mtx P=3 rank=0 nrows_local=1258256 ncols_global=3774768 nnz_local=5511600 n_ghost=1451232 compute_avg_ms=0.279552 compute_min_ms=0.278528 compute_max_ms=0.280576 compute_var_ms=0.000000419 compute_gflops=39.431661 eff_bw_gbs=232.503443 pct_peak_bw=24.9168 comm_avg_ms=3.896706 comm_min_ms=3.416936 comm_max_ms=4.367400 comm_var_ms=0.074838878 total_avg_ms=4.176258 total_min_ms=3.695464 total_max_ms=4.646952 total_var_ms=0.074854294 effective_gflops=2.639492
[ERROR CHECKING] OK!

--- P=3 rep=2/3 driver=spmv_ghost_acc ---
Loaded ../matrices/cit-Patents.mtx: 3774768 x 3774768, 16518948 nnz
[kernel] acc -> FLAT (nnz=5499536, avg_nnz=4.37, imbalance=176.17)
[kernel] acc -> FLAT (nnz=5507812, avg_nnz=4.38, imbalance=142.32)
[kernel] acc -> FLAT (nnz=5511600, avg_nnz=4.38, imbalance=170.08)
RESULT comm=ghost_mpi kernel=acc matrix=cit-Patents.mtx P=3 rank=2 nrows_local=1258256 ncols_global=3774768 nnz_local=5507812 n_ghost=1450028 compute_avg_ms=1.512073 compute_min_ms=1.238016 compute_max_ms=1.699840 compute_var_ms=0.046857886 compute_gflops=7.285116 eff_bw_gbs=42.976245 pct_peak_bw=4.6057 comm_avg_ms=3.571098 comm_min_ms=2.970903 comm_max_ms=4.400464 comm_var_ms=0.169445719 total_avg_ms=5.083170 total_min_ms=4.215063 total_max_ms=6.079824 total_var_ms=0.284430458 effective_gflops=2.167078
RESULT comm=ghost_mpi kernel=acc matrix=cit-Patents.mtx P=3 rank=1 nrows_local=1258256 ncols_global=3774768 nnz_local=5499536 n_ghost=1448543 compute_avg_ms=1.623962 compute_min_ms=1.245184 compute_max_ms=1.726464 compute_var_ms=0.035342564 compute_gflops=6.772988 eff_bw_gbs=39.970785 pct_peak_bw=4.2836 comm_avg_ms=3.299641 comm_min_ms=2.717227 comm_max_ms=3.837186 comm_var_ms=0.068376297 total_avg_ms=4.923603 total_min_ms=3.965483 total_max_ms=5.344434 total_var_ms=0.124268862 effective_gflops=2.233948
RESULT comm=ghost_mpi kernel=acc matrix=cit-Patents.mtx P=3 rank=0 nrows_local=1258256 ncols_global=3774768 nnz_local=5511600 n_ghost=1451232 compute_avg_ms=1.661884 compute_min_ms=1.241088 compute_max_ms=1.730560 compute_var_ms=0.019213124 compute_gflops=6.632955 eff_bw_gbs=39.123276 pct_peak_bw=4.1927 comm_avg_ms=3.611059 comm_min_ms=2.969929 comm_max_ms=4.400464 comm_var_ms=0.148260940 total_avg_ms=5.272942 total_min_ms=4.214334 total_max_ms=6.105424 total_var_ms=0.145812064 effective_gflops=2.090522
[ERROR CHECKING] OK!

--- P=3 rep=2/3 driver=spmv_ghost_nccl_cusparse ---
Loaded ../matrices/cit-Patents.mtx: 3774768 x 3774768, 16518948 nnz
RESULT comm=ghost_nccl kernel=cusparse matrix=cit-Patents.mtx P=3 rank=1 nrows_local=1258256 ncols_global=3774768 nnz_local=5499536 n_ghost=1448543 compute_avg_ms=0.281122 compute_min_ms=0.278528 compute_max_ms=0.283648 compute_var_ms=0.000000960 compute_gflops=39.125600 eff_bw_gbs=230.823293 pct_peak_bw=24.7367 comm_avg_ms=0.862382 comm_min_ms=0.849805 comm_max_ms=0.873701 comm_var_ms=0.000039659 total_avg_ms=1.143504 total_min_ms=1.132429 total_max_ms=1.156884 total_var_ms=0.000041102 effective_gflops=9.618742
RESULT comm=ghost_nccl kernel=cusparse matrix=cit-Patents.mtx P=3 rank=2 nrows_local=1258256 ncols_global=3774768 nnz_local=5507812 n_ghost=1450028 compute_avg_ms=0.274500 compute_min_ms=0.273408 compute_max_ms=0.277504 compute_var_ms=0.000000764 compute_gflops=40.129738 eff_bw_gbs=236.654354 pct_peak_bw=25.3616 comm_avg_ms=1.064070 comm_min_ms=1.045382 comm_max_ms=1.090510 comm_var_ms=0.000107317 total_avg_ms=1.338570 total_min_ms=1.318790 total_max_ms=1.364942 total_var_ms=0.000111211 effective_gflops=8.229395
RESULT comm=ghost_nccl kernel=cusparse matrix=cit-Patents.mtx P=3 rank=0 nrows_local=1258256 ncols_global=3774768 nnz_local=5511600 n_ghost=1451232 compute_avg_ms=0.278494 compute_min_ms=0.276480 compute_max_ms=0.280576 compute_var_ms=0.000000663 compute_gflops=39.581482 eff_bw_gbs=233.386839 pct_peak_bw=25.0114 comm_avg_ms=1.013646 comm_min_ms=0.990017 comm_max_ms=1.031935 comm_var_ms=0.000135786 total_avg_ms=1.292139 total_min_ms=1.269569 total_max_ms=1.310463 total_var_ms=0.000131719 effective_gflops=8.530968
[ERROR CHECKING] OK!

--- P=3 rep=2/3 driver=spmv_ghost_nccl_acc ---
Loaded ../matrices/cit-Patents.mtx: 3774768 x 3774768, 16518948 nnz
[kernel] acc -> FLAT (nnz=5499536, avg_nnz=4.37, imbalance=176.17)
[kernel] acc -> FLAT (nnz=5511600, avg_nnz=4.38, imbalance=170.08)
[kernel] acc -> FLAT (nnz=5507812, avg_nnz=4.38, imbalance=142.32)
RESULT comm=ghost_nccl kernel=acc matrix=cit-Patents.mtx P=3 rank=1 nrows_local=1258256 ncols_global=3774768 nnz_local=5499536 n_ghost=1448543 compute_avg_ms=1.716702 compute_min_ms=1.702912 compute_max_ms=1.731584 compute_var_ms=0.000046538 compute_gflops=6.407095 eff_bw_gbs=37.811469 pct_peak_bw=4.0522 comm_avg_ms=0.842591 comm_min_ms=0.826223 comm_max_ms=0.857206 comm_var_ms=0.000042302 total_avg_ms=2.559293 total_min_ms=2.542450 total_max_ms=2.576360 total_var_ms=0.000065206 effective_gflops=4.297700
RESULT comm=ghost_nccl kernel=acc matrix=cit-Patents.mtx P=3 rank=0 nrows_local=1258256 ncols_global=3774768 nnz_local=5511600 n_ghost=1451232 compute_avg_ms=1.703799 compute_min_ms=1.693696 compute_max_ms=1.717248 compute_var_ms=0.000031578 compute_gflops=6.469775 eff_bw_gbs=38.160791 pct_peak_bw=4.0896 comm_avg_ms=1.004565 comm_min_ms=0.986760 comm_max_ms=1.033092 comm_var_ms=0.000117293 total_avg_ms=2.708364 total_min_ms=2.685519 total_max_ms=2.734980 total_var_ms=0.000140189 effective_gflops=4.070058
RESULT comm=ghost_nccl kernel=acc matrix=cit-Patents.mtx P=3 rank=2 nrows_local=1258256 ncols_global=3774768 nnz_local=5507812 n_ghost=1450028 compute_avg_ms=1.685641 compute_min_ms=1.678336 compute_max_ms=1.700864 compute_var_ms=0.000024518 compute_gflops=6.534978 eff_bw_gbs=38.551042 pct_peak_bw=4.1314 comm_avg_ms=1.050813 comm_min_ms=1.031639 comm_max_ms=1.069028 comm_var_ms=0.000095153 total_avg_ms=2.736454 total_min_ms=2.715022 total_max_ms=2.761293 total_var_ms=0.000129109 effective_gflops=4.025511
[ERROR CHECKING] OK!

--- P=3 rep=3/3 driver=spmv_bcast ---
Loaded ../matrices/cit-Patents.mtx: 3774768 x 3774768, 16518948 nnz
RESULT comm=bcast kernel=cusparse matrix=cit-Patents.mtx P=3 rank=0 nrows_local=1258256 ncols_global=3774768 nnz_local=5511600 n_ghost=-1 compute_avg_ms=0.284911 compute_min_ms=0.279552 compute_max_ms=0.290816 compute_var_ms=0.000007108 compute_gflops=38.689986 eff_bw_gbs=243.086227 pct_peak_bw=26.0509 comm_avg_ms=5.666724 comm_min_ms=5.581397 comm_max_ms=5.962839 comm_var_ms=0.004935531 total_avg_ms=5.951635 total_min_ms=5.872213 total_max_ms=6.249559 total_var_ms=0.004970829 effective_gflops=1.852130
RESULT comm=bcast kernel=cusparse matrix=cit-Patents.mtx P=3 rank=1 nrows_local=1258256 ncols_global=3774768 nnz_local=5499536 n_ghost=-1 compute_avg_ms=0.281975 compute_min_ms=0.280576 compute_max_ms=0.283648 compute_var_ms=0.000000663 compute_gflops=39.007195 eff_bw_gbs=245.274571 pct_peak_bw=26.2854 comm_avg_ms=4.644222 comm_min_ms=4.559638 comm_max_ms=4.888385 comm_var_ms=0.004151084 total_avg_ms=4.926197 total_min_ms=4.841238 total_max_ms=5.169985 total_var_ms=0.004145760 effective_gflops=2.232771
RESULT comm=bcast kernel=cusparse matrix=cit-Patents.mtx P=3 rank=2 nrows_local=1258256 ncols_global=3774768 nnz_local=5507812 n_ghost=-1 compute_avg_ms=0.275763 compute_min_ms=0.273408 compute_max_ms=0.281600 compute_var_ms=0.000002457 compute_gflops=39.945953 eff_bw_gbs=251.040092 pct_peak_bw=26.9033 comm_avg_ms=5.695224 comm_min_ms=5.617990 comm_max_ms=6.000376 comm_var_ms=0.005281308 total_avg_ms=5.970987 total_min_ms=5.893446 total_max_ms=6.276856 total_var_ms=0.005253541 effective_gflops=1.844858
[ERROR CHECKING] OK!

--- P=3 rep=3/3 driver=spmv_ghost_cusparse ---
Loaded ../matrices/cit-Patents.mtx: 3774768 x 3774768, 16518948 nnz
RESULT comm=ghost_mpi kernel=cusparse matrix=cit-Patents.mtx P=3 rank=1 nrows_local=1258256 ncols_global=3774768 nnz_local=5499536 n_ghost=1448543 compute_avg_ms=0.282419 compute_min_ms=0.280576 compute_max_ms=0.283648 compute_var_ms=0.000000657 compute_gflops=38.945907 eff_bw_gbs=229.763185 pct_peak_bw=24.6231 comm_avg_ms=3.352117 comm_min_ms=3.017452 comm_max_ms=3.474606 comm_var_ms=0.009002632 total_avg_ms=3.634536 total_min_ms=3.300076 total_max_ms=3.756206 total_var_ms=0.008964264 effective_gflops=3.026266
RESULT comm=ghost_mpi kernel=cusparse matrix=cit-Patents.mtx P=3 rank=2 nrows_local=1258256 ncols_global=3774768 nnz_local=5507812 n_ghost=1450028 compute_avg_ms=0.275456 compute_min_ms=0.274432 compute_max_ms=0.277504 compute_var_ms=0.000000629 compute_gflops=39.990502 eff_bw_gbs=235.833247 pct_peak_bw=25.2736 comm_avg_ms=3.799388 comm_min_ms=3.454679 comm_max_ms=4.241647 comm_var_ms=0.051103508 total_avg_ms=4.074844 total_min_ms=3.730135 total_max_ms=4.517103 total_var_ms=0.051092374 effective_gflops=2.703324
RESULT comm=ghost_mpi kernel=cusparse matrix=cit-Patents.mtx P=3 rank=0 nrows_local=1258256 ncols_global=3774768 nnz_local=5511600 n_ghost=1451232 compute_avg_ms=0.279620 compute_min_ms=0.278528 compute_max_ms=0.280576 compute_var_ms=0.000000555 compute_gflops=39.422035 eff_bw_gbs=232.446681 pct_peak_bw=24.9107 comm_avg_ms=3.799369 comm_min_ms=3.454680 comm_max_ms=4.241574 comm_var_ms=0.051089780 total_avg_ms=4.078989 total_min_ms=3.734232 total_max_ms=4.521126 total_var_ms=0.051020913 effective_gflops=2.702434
[ERROR CHECKING] OK!

--- P=3 rep=3/3 driver=spmv_ghost_acc ---
Loaded ../matrices/cit-Patents.mtx: 3774768 x 3774768, 16518948 nnz
[kernel] acc -> FLAT (nnz=5499536, avg_nnz=4.37, imbalance=176.17)
[kernel] acc -> FLAT (nnz=5507812, avg_nnz=4.38, imbalance=142.32)
[kernel] acc -> FLAT (nnz=5511600, avg_nnz=4.38, imbalance=170.08)
RESULT comm=ghost_mpi kernel=acc matrix=cit-Patents.mtx P=3 rank=0 nrows_local=1258256 ncols_global=3774768 nnz_local=5511600 n_ghost=1451232 compute_avg_ms=1.711411 compute_min_ms=1.695744 compute_max_ms=1.726464 compute_var_ms=0.000039647 compute_gflops=6.441000 eff_bw_gbs=37.991066 pct_peak_bw=4.0714 comm_avg_ms=3.730489 comm_min_ms=2.947872 comm_max_ms=4.300873 comm_var_ms=0.101558568 total_avg_ms=5.441900 total_min_ms=4.656928 total_max_ms=6.021193 total_var_ms=0.103097107 effective_gflops=2.025616
RESULT comm=ghost_mpi kernel=acc matrix=cit-Patents.mtx P=3 rank=2 nrows_local=1258256 ncols_global=3774768 nnz_local=5507812 n_ghost=1450028 compute_avg_ms=1.690965 compute_min_ms=1.683456 compute_max_ms=1.699840 compute_var_ms=0.000019317 compute_gflops=6.514400 eff_bw_gbs=38.429647 pct_peak_bw=4.1184 comm_avg_ms=3.730720 comm_min_ms=2.948388 comm_max_ms=4.300873 comm_var_ms=0.101521403 total_avg_ms=5.421685 total_min_ms=4.644132 total_max_ms=5.991497 total_var_ms=0.101116269 effective_gflops=2.031771
RESULT comm=ghost_mpi kernel=acc matrix=cit-Patents.mtx P=3 rank=1 nrows_local=1258256 ncols_global=3774768 nnz_local=5499536 n_ghost=1448543 compute_avg_ms=1.721207 compute_min_ms=1.712128 compute_max_ms=1.740800 compute_var_ms=0.000035423 compute_gflops=6.390323 eff_bw_gbs=37.712490 pct_peak_bw=4.0415 comm_avg_ms=3.300564 comm_min_ms=2.705161 comm_max_ms=3.459666 comm_var_ms=0.034335645 total_avg_ms=5.021772 total_min_ms=4.445961 total_max_ms=5.171794 total_var_ms=0.033737137 effective_gflops=2.190277
[ERROR CHECKING] OK!

--- P=3 rep=3/3 driver=spmv_ghost_nccl_cusparse ---
Loaded ../matrices/cit-Patents.mtx: 3774768 x 3774768, 16518948 nnz
RESULT comm=ghost_nccl kernel=cusparse matrix=cit-Patents.mtx P=3 rank=1 nrows_local=1258256 ncols_global=3774768 nnz_local=5499536 n_ghost=1448543 compute_avg_ms=0.281190 compute_min_ms=0.279552 compute_max_ms=0.283648 compute_var_ms=0.000000951 compute_gflops=39.116101 eff_bw_gbs=230.767253 pct_peak_bw=24.7307 comm_avg_ms=0.833758 comm_min_ms=0.822400 comm_max_ms=0.856377 comm_var_ms=0.000079293 total_avg_ms=1.114948 total_min_ms=1.101952 total_max_ms=1.137977 total_var_ms=0.000079669 effective_gflops=9.865099
RESULT comm=ghost_nccl kernel=cusparse matrix=cit-Patents.mtx P=3 rank=2 nrows_local=1258256 ncols_global=3774768 nnz_local=5507812 n_ghost=1450028 compute_avg_ms=0.274637 compute_min_ms=0.273408 compute_max_ms=0.276480 compute_var_ms=0.000000587 compute_gflops=40.109788 eff_bw_gbs=236.536702 pct_peak_bw=25.3490 comm_avg_ms=1.030428 comm_min_ms=1.015294 comm_max_ms=1.050951 comm_var_ms=0.000058659 total_avg_ms=1.305065 total_min_ms=1.290750 total_max_ms=1.325383 total_var_ms=0.000060951 effective_gflops=8.440672
RESULT comm=ghost_nccl kernel=cusparse matrix=cit-Patents.mtx P=3 rank=0 nrows_local=1258256 ncols_global=3774768 nnz_local=5511600 n_ghost=1451232 compute_avg_ms=0.278357 compute_min_ms=0.276480 compute_max_ms=0.279552 compute_var_ms=0.000000845 compute_gflops=39.600896 eff_bw_gbs=233.501314 pct_peak_bw=25.0237 comm_avg_ms=1.010738 comm_min_ms=0.983535 comm_max_ms=1.037856 comm_var_ms=0.000151000 total_avg_ms=1.289095 total_min_ms=1.263087 total_max_ms=1.316384 total_var_ms=0.000149502 effective_gflops=8.551113
[ERROR CHECKING] OK!

--- P=3 rep=3/3 driver=spmv_ghost_nccl_acc ---
Loaded ../matrices/cit-Patents.mtx: 3774768 x 3774768, 16518948 nnz
[kernel] acc -> FLAT (nnz=5499536, avg_nnz=4.37, imbalance=176.17)
[kernel] acc -> FLAT (nnz=5507812, avg_nnz=4.38, imbalance=142.32)
[kernel] acc -> FLAT (nnz=5511600, avg_nnz=4.38, imbalance=170.08)
RESULT comm=ghost_nccl kernel=acc matrix=cit-Patents.mtx P=3 rank=2 nrows_local=1258256 ncols_global=3774768 nnz_local=5507812 n_ghost=1450028 compute_avg_ms=1.684548 compute_min_ms=1.670144 compute_max_ms=1.708032 compute_var_ms=0.000049838 compute_gflops=6.539215 eff_bw_gbs=38.576039 pct_peak_bw=4.1341 comm_avg_ms=1.048124 comm_min_ms=1.013404 comm_max_ms=1.075486 comm_var_ms=0.000148556 total_avg_ms=2.732673 total_min_ms=2.696860 total_max_ms=2.765086 total_var_ms=0.000219554 effective_gflops=4.031081
RESULT comm=ghost_nccl kernel=acc matrix=cit-Patents.mtx P=3 rank=1 nrows_local=1258256 ncols_global=3774768 nnz_local=5499536 n_ghost=1448543 compute_avg_ms=1.715849 compute_min_ms=1.699840 compute_max_ms=1.735680 compute_var_ms=0.000047220 compute_gflops=6.410281 eff_bw_gbs=37.830274 pct_peak_bw=4.0542 comm_avg_ms=0.833700 comm_min_ms=0.812489 comm_max_ms=0.858628 comm_var_ms=0.000093095 total_avg_ms=2.549549 total_min_ms=2.526665 total_max_ms=2.580996 total_var_ms=0.000181529 effective_gflops=4.314125
RESULT comm=ghost_nccl kernel=acc matrix=cit-Patents.mtx P=3 rank=0 nrows_local=1258256 ncols_global=3774768 nnz_local=5511600 n_ghost=1451232 compute_avg_ms=1.705233 compute_min_ms=1.696768 compute_max_ms=1.715200 compute_var_ms=0.000022505 compute_gflops=6.464336 eff_bw_gbs=38.128709 pct_peak_bw=4.0862 comm_avg_ms=1.009387 comm_min_ms=0.989698 comm_max_ms=1.033207 comm_var_ms=0.000126175 total_avg_ms=2.714620 total_min_ms=2.697890 total_max_ms=2.745335 total_var_ms=0.000149981 effective_gflops=4.060679
[ERROR CHECKING] OK!

=== Job done ===
