=== D2_final strong scaling ===
Node:     edu01
Date:     Tue Jul 21 08:40:54 PM CEST 2026
Matrix:   ../matrices/cit-Patents.mtx
P:        4
Reps:     3

--- P=4 rep=1/3 driver=spmv_bcast ---
Loaded ../matrices/cit-Patents.mtx: 3774768 x 3774768, 16518948 nnz
RESULT comm=bcast kernel=cusparse matrix=cit-Patents.mtx P=4 rank=0 nrows_local=943692 ncols_global=3774768 nnz_local=4130660 n_ghost=-1 compute_avg_ms=0.229717 compute_min_ms=0.225280 compute_max_ms=0.239616 compute_var_ms=0.000007713 compute_gflops=35.962981 eff_bw_gbs=242.445319 pct_peak_bw=25.9822 comm_avg_ms=6.013708 comm_min_ms=5.929977 comm_max_ms=6.278460 comm_var_ms=0.003890352 total_avg_ms=6.243425 total_min_ms=6.164473 total_max_ms=6.510908 total_var_ms=0.003956054 effective_gflops=1.323203
RESULT comm=bcast kernel=cusparse matrix=cit-Patents.mtx P=4 rank=1 nrows_local=943692 ncols_global=3774768 nnz_local=4129263 n_ghost=-1 compute_avg_ms=0.230263 compute_min_ms=0.226304 compute_max_ms=0.236544 compute_var_ms=0.000007042 compute_gflops=35.865551 eff_bw_gbs=241.821757 pct_peak_bw=25.9154 comm_avg_ms=8.405334 comm_min_ms=8.353707 comm_max_ms=8.498151 comm_var_ms=0.000964715 total_avg_ms=8.635597 total_min_ms=8.582059 total_max_ms=8.726503 total_var_ms=0.000925442 effective_gflops=0.956335
RESULT comm=bcast kernel=cusparse matrix=cit-Patents.mtx P=4 rank=2 nrows_local=943692 ncols_global=3774768 nnz_local=4126579 n_ghost=-1 compute_avg_ms=0.214050 compute_min_ms=0.212992 compute_max_ms=0.215040 compute_var_ms=0.000000663 compute_gflops=38.557126 eff_bw_gbs=260.038352 pct_peak_bw=27.8676 comm_avg_ms=9.195348 comm_min_ms=9.123889 comm_max_ms=9.366195 comm_var_ms=0.002067428 total_avg_ms=9.409398 total_min_ms=9.336881 total_max_ms=9.581235 total_var_ms=0.002087644 effective_gflops=0.877119
RESULT comm=bcast kernel=cusparse matrix=cit-Patents.mtx P=4 rank=3 nrows_local=943692 ncols_global=3774768 nnz_local=4132446 n_ghost=-1 compute_avg_ms=0.219648 compute_min_ms=0.218112 compute_max_ms=0.224256 compute_var_ms=0.000001381 compute_gflops=37.627896 eff_bw_gbs=253.624802 pct_peak_bw=27.1803 comm_avg_ms=9.549732 comm_min_ms=9.478353 comm_max_ms=9.956106 comm_var_ms=0.006419352 total_avg_ms=9.769380 total_min_ms=9.697489 total_max_ms=10.180362 total_var_ms=0.006553309 effective_gflops=0.846000
[ERROR CHECKING] OK!

--- P=4 rep=1/3 driver=spmv_ghost_cusparse ---
Loaded ../matrices/cit-Patents.mtx: 3774768 x 3774768, 16518948 nnz
RESULT comm=ghost_mpi kernel=cusparse matrix=cit-Patents.mtx P=4 rank=1 nrows_local=943692 ncols_global=3774768 nnz_local=4129263 n_ghost=1415861 compute_avg_ms=0.184730 compute_min_ms=0.145408 compute_max_ms=0.220160 compute_var_ms=0.001278955 compute_gflops=44.706024 eff_bw_gbs=270.784192 pct_peak_bw=29.0192 comm_avg_ms=5.596687 comm_min_ms=2.608199 comm_max_ms=7.697535 comm_var_ms=2.131104952 total_avg_ms=5.781416 total_min_ms=2.754631 total_max_ms=7.914623 total_var_ms=2.196134211 effective_gflops=1.428461
RESULT comm=ghost_mpi kernel=cusparse matrix=cit-Patents.mtx P=4 rank=2 nrows_local=943692 ncols_global=3774768 nnz_local=4126579 n_ghost=1416747 compute_avg_ms=0.197291 compute_min_ms=0.145408 compute_max_ms=0.214016 compute_var_ms=0.000792467 compute_gflops=41.832480 eff_bw_gbs=253.453082 pct_peak_bw=27.1619 comm_avg_ms=6.162768 comm_min_ms=2.936772 comm_max_ms=8.954684 comm_var_ms=2.151545029 total_avg_ms=6.360058 total_min_ms=3.082180 total_max_ms=9.167676 total_var_ms=2.201400845 effective_gflops=1.297654
RESULT comm=ghost_mpi kernel=cusparse matrix=cit-Patents.mtx P=4 rank=0 nrows_local=943692 ncols_global=3774768 nnz_local=4130660 n_ghost=1415420 compute_avg_ms=0.215962 compute_min_ms=0.215040 compute_max_ms=0.217088 compute_var_ms=0.000000304 compute_gflops=38.253652 eff_bw_gbs=231.667422 pct_peak_bw=24.8272 comm_avg_ms=5.206632 comm_min_ms=3.516412 comm_max_ms=8.582106 comm_var_ms=1.620710853 total_avg_ms=5.422594 total_min_ms=3.732476 total_max_ms=8.798170 total_var_ms=1.620722403 effective_gflops=1.523500
RESULT comm=ghost_mpi kernel=cusparse matrix=cit-Patents.mtx P=4 rank=3 nrows_local=943692 ncols_global=3774768 nnz_local=4132446 n_ghost=1415810 compute_avg_ms=0.194082 compute_min_ms=0.145408 compute_max_ms=0.219136 compute_var_ms=0.001140692 compute_gflops=42.584507 eff_bw_gbs=257.865650 pct_peak_bw=27.6348 comm_avg_ms=6.186641 comm_min_ms=3.142396 comm_max_ms=8.955043 comm_var_ms=2.303113598 total_avg_ms=6.380723 total_min_ms=3.288828 total_max_ms=9.100451 total_var_ms=2.374500208 effective_gflops=1.295291
[ERROR CHECKING] OK!

--- P=4 rep=1/3 driver=spmv_ghost_acc ---
Loaded ../matrices/cit-Patents.mtx: 3774768 x 3774768, 16518948 nnz
[kernel] acc -> FLAT (nnz=4129263, avg_nnz=4.38, imbalance=175.97)
[kernel] acc -> FLAT (nnz=4126579, avg_nnz=4.37, imbalance=142.70)
[kernel] acc -> FLAT (nnz=4132446, avg_nnz=4.38, imbalance=142.95)
[kernel] acc -> FLAT (nnz=4130660, avg_nnz=4.38, imbalance=168.38)
RESULT comm=ghost_mpi kernel=acc matrix=cit-Patents.mtx P=4 rank=1 nrows_local=943692 ncols_global=3774768 nnz_local=4129263 n_ghost=1415861 compute_avg_ms=1.112849 compute_min_ms=0.933888 compute_max_ms=1.301504 compute_var_ms=0.031238872 compute_gflops=7.421066 eff_bw_gbs=44.963859 pct_peak_bw=4.8187 comm_avg_ms=5.839759 comm_min_ms=3.177490 comm_max_ms=8.063422 comm_var_ms=2.002497292 total_avg_ms=6.952608 total_min_ms=4.113426 total_max_ms=9.354686 total_var_ms=2.358743465 effective_gflops=1.187831
RESULT comm=ghost_mpi kernel=acc matrix=cit-Patents.mtx P=4 rank=2 nrows_local=943692 ncols_global=3774768 nnz_local=4126579 n_ghost=1416747 compute_avg_ms=1.169067 compute_min_ms=0.932864 compute_max_ms=1.278976 compute_var_ms=0.023375860 compute_gflops=7.059613 eff_bw_gbs=42.786309 pct_peak_bw=4.5853 comm_avg_ms=6.024077 comm_min_ms=3.762911 comm_max_ms=7.886522 comm_var_ms=1.684382498 total_avg_ms=7.193144 total_min_ms=4.700895 total_max_ms=9.159354 total_var_ms=1.958290643 effective_gflops=1.147365
RESULT comm=ghost_mpi kernel=acc matrix=cit-Patents.mtx P=4 rank=0 nrows_local=943692 ncols_global=3774768 nnz_local=4130660 n_ghost=1415420 compute_avg_ms=1.154423 compute_min_ms=1.090560 compute_max_ms=1.291264 compute_var_ms=0.007445693 compute_gflops=7.156230 eff_bw_gbs=43.352725 pct_peak_bw=4.6460 comm_avg_ms=4.793284 comm_min_ms=3.118669 comm_max_ms=7.029699 comm_var_ms=0.977602879 total_avg_ms=5.947708 total_min_ms=4.219469 total_max_ms=8.127427 total_var_ms=0.961508711 effective_gflops=1.388992
RESULT comm=ghost_mpi kernel=acc matrix=cit-Patents.mtx P=4 rank=3 nrows_local=943692 ncols_global=3774768 nnz_local=4132446 n_ghost=1415810 compute_avg_ms=1.134285 compute_min_ms=0.925696 compute_max_ms=1.292288 compute_var_ms=0.028848573 compute_gflops=7.286435 eff_bw_gbs=44.136411 pct_peak_bw=4.7300 comm_avg_ms=5.896112 comm_min_ms=3.744934 comm_max_ms=8.063421 comm_var_ms=2.107123483 total_avg_ms=7.030397 total_min_ms=4.673702 total_max_ms=9.345469 total_var_ms=2.489931289 effective_gflops=1.175594
[ERROR CHECKING] OK!

--- P=4 rep=1/3 driver=spmv_ghost_nccl_cusparse ---
Loaded ../matrices/cit-Patents.mtx: 3774768 x 3774768, 16518948 nnz
RESULT comm=ghost_nccl kernel=cusparse matrix=cit-Patents.mtx P=4 rank=0 nrows_local=943692 ncols_global=3774768 nnz_local=4130660 n_ghost=1415420 compute_avg_ms=0.215552 compute_min_ms=0.215040 compute_max_ms=0.217088 compute_var_ms=0.000000472 compute_gflops=38.326343 eff_bw_gbs=232.107648 pct_peak_bw=24.8744 comm_avg_ms=2.317674 comm_min_ms=0.638388 comm_max_ms=7.161227 comm_var_ms=3.577398464 total_avg_ms=2.533226 total_min_ms=0.853428 total_max_ms=7.376267 total_var_ms=3.577813304 effective_gflops=3.261186
RESULT comm=ghost_nccl kernel=cusparse matrix=cit-Patents.mtx P=4 rank=1 nrows_local=943692 ncols_global=3774768 nnz_local=4129263 n_ghost=1415861 compute_avg_ms=0.217702 compute_min_ms=0.216064 compute_max_ms=0.220160 compute_var_ms=0.000000531 compute_gflops=37.934933 eff_bw_gbs=229.771722 pct_peak_bw=24.6240 comm_avg_ms=2.792085 comm_min_ms=1.143901 comm_max_ms=7.656037 comm_var_ms=3.557619051 total_avg_ms=3.009788 total_min_ms=1.360989 total_max_ms=7.874149 total_var_ms=3.557531900 effective_gflops=2.743890
RESULT comm=ghost_nccl kernel=cusparse matrix=cit-Patents.mtx P=4 rank=2 nrows_local=943692 ncols_global=3774768 nnz_local=4126579 n_ghost=1416747 compute_avg_ms=0.212207 compute_min_ms=0.210944 compute_max_ms=0.214016 compute_var_ms=0.000000607 compute_gflops=38.892028 eff_bw_gbs=235.637577 pct_peak_bw=25.2527 comm_avg_ms=3.067473 comm_min_ms=1.412839 comm_max_ms=7.864162 comm_var_ms=3.572108308 total_avg_ms=3.279680 total_min_ms=1.624807 total_max_ms=8.076130 total_var_ms=3.571133203 effective_gflops=2.516453
RESULT comm=ghost_nccl kernel=cusparse matrix=cit-Patents.mtx P=4 rank=3 nrows_local=943692 ncols_global=3774768 nnz_local=4132446 n_ghost=1415810 compute_avg_ms=0.217600 compute_min_ms=0.216064 compute_max_ms=0.219136 compute_var_ms=0.000000402 compute_gflops=37.982040 eff_bw_gbs=229.995934 pct_peak_bw=24.6481 comm_avg_ms=3.029502 comm_min_ms=1.369047 comm_max_ms=7.866784 comm_var_ms=3.589079395 total_avg_ms=3.247102 total_min_ms=1.588183 total_max_ms=8.084896 total_var_ms=3.589585938 effective_gflops=2.545313
[ERROR CHECKING] OK!

--- P=4 rep=1/3 driver=spmv_ghost_nccl_acc ---
Loaded ../matrices/cit-Patents.mtx: 3774768 x 3774768, 16518948 nnz
[kernel] acc -> FLAT (nnz=4129263, avg_nnz=4.38, imbalance=175.97)
[kernel] acc -> FLAT (nnz=4126579, avg_nnz=4.37, imbalance=142.70)
[kernel] acc -> FLAT (nnz=4132446, avg_nnz=4.38, imbalance=142.95)
[kernel] acc -> FLAT (nnz=4130660, avg_nnz=4.38, imbalance=168.38)
RESULT comm=ghost_nccl kernel=acc matrix=cit-Patents.mtx P=4 rank=0 nrows_local=943692 ncols_global=3774768 nnz_local=4130660 n_ghost=1415420 compute_avg_ms=1.266961 compute_min_ms=1.079296 compute_max_ms=1.288192 compute_var_ms=0.002490503 compute_gflops=6.520579 eff_bw_gbs=39.501927 pct_peak_bw=4.2333 comm_avg_ms=1.300592 comm_min_ms=0.664843 comm_max_ms=3.693630 comm_var_ms=1.069682676 total_avg_ms=2.567553 total_min_ms=1.762857 total_max_ms=4.973630 total_var_ms=1.056196675 effective_gflops=3.217585
RESULT comm=ghost_nccl kernel=acc matrix=cit-Patents.mtx P=4 rank=1 nrows_local=943692 ncols_global=3774768 nnz_local=4129263 n_ghost=1415861 compute_avg_ms=1.289557 compute_min_ms=1.281024 compute_max_ms=1.313792 compute_var_ms=0.000044203 compute_gflops=6.404156 eff_bw_gbs=38.802453 pct_peak_bw=4.1584 comm_avg_ms=1.782486 comm_min_ms=1.153049 comm_max_ms=4.147793 comm_var_ms=1.046639805 total_avg_ms=3.072044 total_min_ms=2.434073 total_max_ms=5.430865 total_var_ms=1.046455372 effective_gflops=2.688284
RESULT comm=ghost_nccl kernel=acc matrix=cit-Patents.mtx P=4 rank=2 nrows_local=943692 ncols_global=3774768 nnz_local=4126579 n_ghost=1416747 compute_avg_ms=1.266039 compute_min_ms=1.257472 compute_max_ms=1.280000 compute_var_ms=0.000031072 compute_gflops=6.518879 eff_bw_gbs=39.509075 pct_peak_bw=4.2341 comm_avg_ms=2.043232 comm_min_ms=1.404156 comm_max_ms=4.436277 comm_var_ms=1.074962659 total_avg_ms=3.309271 total_min_ms=2.663686 total_max_ms=5.711157 total_var_ms=1.075793750 effective_gflops=2.493950
RESULT comm=ghost_nccl kernel=acc matrix=cit-Patents.mtx P=4 rank=3 nrows_local=943692 ncols_global=3774768 nnz_local=4132446 n_ghost=1415810 compute_avg_ms=1.276962 compute_min_ms=1.265664 compute_max_ms=1.285120 compute_var_ms=0.000025619 compute_gflops=6.472308 eff_bw_gbs=39.204968 pct_peak_bw=4.2015 comm_avg_ms=2.000576 comm_min_ms=1.357145 comm_max_ms=4.389396 comm_var_ms=1.073530036 total_avg_ms=3.277538 total_min_ms=2.635320 total_max_ms=5.655060 total_var_ms=1.071857784 effective_gflops=2.521677
[ERROR CHECKING] OK!

--- P=4 rep=1/3 driver=spmv_2d_cusparse ---
Grid: P=4 -> P_r=2 x P_c=2
Loaded ../matrices/cit-Patents.mtx: 3774768 x 3774768, 16518948 nnz
RESULT comm=checkerboard_mpi kernel=cusparse matrix=cit-Patents.mtx P=4 rank=0 nrows_local=1887384 ncols_global=3774768 nnz_local=4126232 n_ghost=-1 compute_avg_ms=0.227055 compute_min_ms=0.224256 compute_max_ms=0.232448 compute_var_ms=0.000002232 compute_gflops=36.345672 eff_bw_gbs=245.132169 pct_peak_bw=26.2702 comm_avg_ms=7.855696 comm_min_ms=7.815640 comm_max_ms=7.899809 comm_var_ms=0.000278063 total_avg_ms=8.082751 total_min_ms=8.045016 total_max_ms=8.126113 total_var_ms=0.000275280 effective_gflops=1.020997
RESULT comm=checkerboard_mpi kernel=cusparse matrix=cit-Patents.mtx P=4 rank=1 nrows_local=1887384 ncols_global=3774768 nnz_local=4131007 n_ghost=-1 compute_avg_ms=0.226714 compute_min_ms=0.225280 compute_max_ms=0.228352 compute_var_ms=0.000000881 compute_gflops=36.442516 eff_bw_gbs=245.669729 pct_peak_bw=26.3278 comm_avg_ms=5.714121 comm_min_ms=5.664437 comm_max_ms=5.778203 comm_var_ms=0.000363852 total_avg_ms=5.940834 total_min_ms=5.890741 total_max_ms=6.003483 total_var_ms=0.000359682 effective_gflops=1.390716
RESULT comm=checkerboard_mpi kernel=cusparse matrix=cit-Patents.mtx P=4 rank=2 nrows_local=1887384 ncols_global=3774768 nnz_local=4130224 n_ghost=-1 compute_avg_ms=0.221764 compute_min_ms=0.220160 compute_max_ms=0.224256 compute_var_ms=0.000001236 compute_gflops=37.248779 eff_bw_gbs=251.124338 pct_peak_bw=26.9123 comm_avg_ms=11.368770 comm_min_ms=11.332426 comm_max_ms=11.470498 comm_var_ms=0.000869591 total_avg_ms=11.590534 total_min_ms=11.553610 total_max_ms=11.692706 total_var_ms=0.000878626 effective_gflops=0.712689
RESULT comm=checkerboard_mpi kernel=cusparse matrix=cit-Patents.mtx P=4 rank=3 nrows_local=1887384 ncols_global=3774768 nnz_local=4131485 n_ghost=-1 compute_avg_ms=0.226441 compute_min_ms=0.224256 compute_max_ms=0.228352 compute_var_ms=0.000000680 compute_gflops=36.490685 eff_bw_gbs=245.982871 pct_peak_bw=26.3613 comm_avg_ms=9.441418 comm_min_ms=9.411253 comm_max_ms=9.537665 comm_var_ms=0.000683582 total_avg_ms=9.667858 total_min_ms=9.639605 total_max_ms=9.762945 total_var_ms=0.000671473 effective_gflops=0.854685
[ERROR CHECKING] OK!

--- P=4 rep=1/3 driver=spmv_2d_acc ---
Grid: P=4 -> P_r=2 x P_c=2
Loaded ../matrices/cit-Patents.mtx: 3774768 x 3774768, 16518948 nnz
[kernel] acc -> FLAT (nnz=4131485, avg_nnz=2.19, imbalance=172.22)
[kernel] acc -> FLAT (nnz=4130224, avg_nnz=2.19, imbalance=179.59)
[kernel] acc -> FLAT (nnz=4126232, avg_nnz=2.19, imbalance=171.53)
[kernel] acc -> FLAT (nnz=4131007, avg_nnz=2.19, imbalance=165.39)
RESULT comm=checkerboard_mpi kernel=acc matrix=cit-Patents.mtx P=4 rank=0 nrows_local=1887384 ncols_global=3774768 nnz_local=4126232 n_ghost=-1 compute_avg_ms=2.451934 compute_min_ms=2.426880 compute_max_ms=2.471936 compute_var_ms=0.000079114 compute_gflops=3.365696 eff_bw_gbs=22.706399 pct_peak_bw=2.4334 comm_avg_ms=7.062532 comm_min_ms=7.002001 comm_max_ms=7.128941 comm_var_ms=0.000736177 total_avg_ms=9.514466 total_min_ms=9.455505 total_max_ms=9.577325 total_var_ms=0.000778170 effective_gflops=0.867360
RESULT comm=checkerboard_mpi kernel=acc matrix=cit-Patents.mtx P=4 rank=1 nrows_local=1887384 ncols_global=3774768 nnz_local=4131007 n_ghost=-1 compute_avg_ms=2.464973 compute_min_ms=2.456576 compute_max_ms=2.481152 compute_var_ms=0.000036588 compute_gflops=3.351767 eff_bw_gbs=22.601795 pct_peak_bw=2.4222 comm_avg_ms=4.723805 comm_min_ms=4.677693 comm_max_ms=4.775843 comm_var_ms=0.000531501 total_avg_ms=7.188777 total_min_ms=7.151385 total_max_ms=7.240611 total_var_ms=0.000477375 effective_gflops=1.149293
RESULT comm=checkerboard_mpi kernel=acc matrix=cit-Patents.mtx P=4 rank=2 nrows_local=1887384 ncols_global=3774768 nnz_local=4130224 n_ghost=-1 compute_avg_ms=2.428587 compute_min_ms=2.412544 compute_max_ms=2.448384 compute_var_ms=0.000085097 compute_gflops=3.401340 eff_bw_gbs=22.937843 pct_peak_bw=2.4582 comm_avg_ms=11.202220 comm_min_ms=11.136989 comm_max_ms=11.278384 comm_var_ms=0.001219669 total_avg_ms=13.630806 total_min_ms=13.553629 total_max_ms=13.716128 total_var_ms=0.001377065 effective_gflops=0.606013
RESULT comm=checkerboard_mpi kernel=acc matrix=cit-Patents.mtx P=4 rank=3 nrows_local=1887384 ncols_global=3774768 nnz_local=4131485 n_ghost=-1 compute_avg_ms=2.448418 compute_min_ms=2.438144 compute_max_ms=2.461696 compute_var_ms=0.000047989 compute_gflops=3.374820 eff_bw_gbs=22.756175 pct_peak_bw=2.4387 comm_avg_ms=9.128181 comm_min_ms=9.066137 comm_max_ms=9.217146 comm_var_ms=0.000831851 total_avg_ms=11.576599 total_min_ms=11.525785 total_max_ms=11.659386 total_var_ms=0.000835692 effective_gflops=0.713765
[ERROR CHECKING] OK!

--- P=4 rep=1/3 driver=spmv_2d_nccl_cusparse ---
Grid: P=4 -> P_r=2 x P_c=2
Loaded ../matrices/cit-Patents.mtx: 3774768 x 3774768, 16518948 nnz
RESULT comm=checkerboard_nccl kernel=cusparse matrix=cit-Patents.mtx P=4 rank=0 nrows_local=1887384 ncols_global=3774768 nnz_local=4126232 n_ghost=-1 compute_avg_ms=0.224973 compute_min_ms=0.223232 compute_max_ms=0.227328 compute_var_ms=0.000000849 compute_gflops=36.682053 eff_bw_gbs=247.400879 pct_peak_bw=26.5133 comm_avg_ms=0.967748 comm_min_ms=0.947675 comm_max_ms=0.989775 comm_var_ms=0.000130321 total_avg_ms=1.192720 total_min_ms=1.172757 total_max_ms=1.215186 total_var_ms=0.000132912 effective_gflops=6.919027
RESULT comm=checkerboard_nccl kernel=cusparse matrix=cit-Patents.mtx P=4 rank=1 nrows_local=1887384 ncols_global=3774768 nnz_local=4131007 n_ghost=-1 compute_avg_ms=0.226167 compute_min_ms=0.225280 compute_max_ms=0.227328 compute_var_ms=0.000000680 compute_gflops=36.530515 eff_bw_gbs=246.262953 pct_peak_bw=26.3913 comm_avg_ms=0.901072 comm_min_ms=0.884659 comm_max_ms=0.922860 comm_var_ms=0.000125524 total_avg_ms=1.127239 total_min_ms=1.110963 total_max_ms=1.148140 total_var_ms=0.000122942 effective_gflops=7.329424
RESULT comm=checkerboard_nccl kernel=cusparse matrix=cit-Patents.mtx P=4 rank=2 nrows_local=1887384 ncols_global=3774768 nnz_local=4130224 n_ghost=-1 compute_avg_ms=0.221525 compute_min_ms=0.220160 compute_max_ms=0.223232 compute_var_ms=0.000001002 compute_gflops=37.288955 eff_bw_gbs=251.395197 pct_peak_bw=26.9414 comm_avg_ms=1.041273 comm_min_ms=1.022534 comm_max_ms=1.060720 comm_var_ms=0.000097485 total_avg_ms=1.262798 total_min_ms=1.243718 total_max_ms=1.281630 total_var_ms=0.000096729 effective_gflops=6.541384
RESULT comm=checkerboard_nccl kernel=cusparse matrix=cit-Patents.mtx P=4 rank=3 nrows_local=1887384 ncols_global=3774768 nnz_local=4131485 n_ghost=-1 compute_avg_ms=0.226782 compute_min_ms=0.226304 compute_max_ms=0.228352 compute_var_ms=0.000000401 compute_gflops=36.435762 eff_bw_gbs=245.612639 pct_peak_bw=26.3217 comm_avg_ms=0.965733 comm_min_ms=0.946582 comm_max_ms=0.990119 comm_var_ms=0.000123184 total_avg_ms=1.192515 total_min_ms=1.172886 total_max_ms=1.216423 total_var_ms=0.000119633 effective_gflops=6.929027
[ERROR CHECKING] OK!

--- P=4 rep=1/3 driver=spmv_2d_nccl_acc ---
Grid: P=4 -> P_r=2 x P_c=2
Loaded ../matrices/cit-Patents.mtx: 3774768 x 3774768, 16518948 nnz
[kernel] acc -> FLAT (nnz=4131485, avg_nnz=2.19, imbalance=172.22)
[kernel] acc -> FLAT (nnz=4130224, avg_nnz=2.19, imbalance=179.59)
[kernel] acc -> FLAT (nnz=4126232, avg_nnz=2.19, imbalance=171.53)
[kernel] acc -> FLAT (nnz=4131007, avg_nnz=2.19, imbalance=165.39)
RESULT comm=checkerboard_nccl kernel=acc matrix=cit-Patents.mtx P=4 rank=0 nrows_local=1887384 ncols_global=3774768 nnz_local=4126232 n_ghost=-1 compute_avg_ms=2.320828 compute_min_ms=1.943552 compute_max_ms=2.464768 compute_var_ms=0.049951898 compute_gflops=3.555828 eff_bw_gbs=23.989108 pct_peak_bw=2.5708 comm_avg_ms=1.108220 comm_min_ms=0.955067 comm_max_ms=1.486580 comm_var_ms=0.048320400 total_avg_ms=3.429048 total_min_ms=3.407909 total_max_ms=3.462127 total_var_ms=0.000199670 effective_gflops=2.406634
RESULT comm=checkerboard_nccl kernel=acc matrix=cit-Patents.mtx P=4 rank=1 nrows_local=1887384 ncols_global=3774768 nnz_local=4131007 n_ghost=-1 compute_avg_ms=2.464461 compute_min_ms=2.447360 compute_max_ms=2.477056 compute_var_ms=0.000056843 compute_gflops=3.352463 eff_bw_gbs=22.606490 pct_peak_bw=2.4227 comm_avg_ms=0.898331 comm_min_ms=0.877094 comm_max_ms=0.924071 comm_var_ms=0.000110872 total_avg_ms=3.362792 total_min_ms=3.341985 total_max_ms=3.384416 total_var_ms=0.000145350 effective_gflops=2.456891
RESULT comm=checkerboard_nccl kernel=acc matrix=cit-Patents.mtx P=4 rank=2 nrows_local=1887384 ncols_global=3774768 nnz_local=4130224 n_ghost=-1 compute_avg_ms=2.431898 compute_min_ms=2.420736 compute_max_ms=2.451456 compute_var_ms=0.000054270 compute_gflops=3.396709 eff_bw_gbs=22.906614 pct_peak_bw=2.4548 comm_avg_ms=1.057581 comm_min_ms=1.025605 comm_max_ms=1.101241 comm_var_ms=0.000227128 total_avg_ms=3.489479 total_min_ms=3.457633 total_max_ms=3.524025 total_var_ms=0.000213597 effective_gflops=2.367244
RESULT comm=checkerboard_nccl kernel=acc matrix=cit-Patents.mtx P=4 rank=3 nrows_local=1887384 ncols_global=3774768 nnz_local=4131485 n_ghost=-1 compute_avg_ms=2.450842 compute_min_ms=2.434048 compute_max_ms=2.480128 compute_var_ms=0.000077567 compute_gflops=3.371483 eff_bw_gbs=22.733673 pct_peak_bw=2.4363 comm_avg_ms=0.963859 comm_min_ms=0.941861 comm_max_ms=0.987651 comm_var_ms=0.000096181 total_avg_ms=3.414701 total_min_ms=3.385125 total_max_ms=3.452351 total_var_ms=0.000172454 effective_gflops=2.419823
[ERROR CHECKING] OK!

--- P=4 rep=2/3 driver=spmv_bcast ---
Loaded ../matrices/cit-Patents.mtx: 3774768 x 3774768, 16518948 nnz
RESULT comm=bcast kernel=cusparse matrix=cit-Patents.mtx P=4 rank=0 nrows_local=943692 ncols_global=3774768 nnz_local=4130660 n_ghost=-1 compute_avg_ms=0.229581 compute_min_ms=0.227328 compute_max_ms=0.233472 compute_var_ms=0.000001845 compute_gflops=35.984368 eff_bw_gbs=242.589503 pct_peak_bw=25.9977 comm_avg_ms=6.053460 comm_min_ms=6.008593 comm_max_ms=6.309997 comm_var_ms=0.002724232 total_avg_ms=6.283040 total_min_ms=6.237969 total_max_ms=6.540397 total_var_ms=0.002737729 effective_gflops=1.314860
RESULT comm=bcast kernel=cusparse matrix=cit-Patents.mtx P=4 rank=1 nrows_local=943692 ncols_global=3774768 nnz_local=4129263 n_ghost=-1 compute_avg_ms=0.228898 compute_min_ms=0.226304 compute_max_ms=0.235520 compute_var_ms=0.000002708 compute_gflops=36.079482 eff_bw_gbs=243.264178 pct_peak_bw=26.0700 comm_avg_ms=8.331151 comm_min_ms=8.203750 comm_max_ms=8.570581 comm_var_ms=0.002817684 total_avg_ms=8.560049 total_min_ms=8.432102 total_max_ms=8.799957 total_var_ms=0.002846255 effective_gflops=0.964776
RESULT comm=bcast kernel=cusparse matrix=cit-Patents.mtx P=4 rank=2 nrows_local=943692 ncols_global=3774768 nnz_local=4126579 n_ghost=-1 compute_avg_ms=0.214494 compute_min_ms=0.211968 compute_max_ms=0.220160 compute_var_ms=0.000002917 compute_gflops=38.477361 eff_bw_gbs=259.500396 pct_peak_bw=27.8100 comm_avg_ms=9.181011 comm_min_ms=9.109272 comm_max_ms=9.404073 comm_var_ms=0.003339492 total_avg_ms=9.395505 total_min_ms=9.323288 total_max_ms=9.618089 total_var_ms=0.003386808 effective_gflops=0.878416
RESULT comm=bcast kernel=cusparse matrix=cit-Patents.mtx P=4 rank=3 nrows_local=943692 ncols_global=3774768 nnz_local=4132446 n_ghost=-1 compute_avg_ms=0.219307 compute_min_ms=0.218112 compute_max_ms=0.225280 compute_var_ms=0.000001823 compute_gflops=37.686460 eff_bw_gbs=254.019546 pct_peak_bw=27.2226 comm_avg_ms=9.498290 comm_min_ms=9.451634 comm_max_ms=9.794727 comm_var_ms=0.005660785 total_avg_ms=9.717597 total_min_ms=9.670770 total_max_ms=10.020007 total_var_ms=0.005788783 effective_gflops=0.850508
[ERROR CHECKING] OK!

--- P=4 rep=2/3 driver=spmv_ghost_cusparse ---
Loaded ../matrices/cit-Patents.mtx: 3774768 x 3774768, 16518948 nnz
RESULT comm=ghost_mpi kernel=cusparse matrix=cit-Patents.mtx P=4 rank=0 nrows_local=943692 ncols_global=3774768 nnz_local=4130660 n_ghost=1415420 compute_avg_ms=0.199270 compute_min_ms=0.182272 compute_max_ms=0.217088 compute_var_ms=0.000268897 compute_gflops=41.457838 eff_bw_gbs=251.072250 pct_peak_bw=26.9067 comm_avg_ms=4.874057 comm_min_ms=3.483563 comm_max_ms=7.557130 comm_var_ms=1.089293871 total_avg_ms=5.073327 total_min_ms=3.699627 total_max_ms=7.739402 total_var_ms=1.073949721 effective_gflops=1.628383
RESULT comm=ghost_mpi kernel=cusparse matrix=cit-Patents.mtx P=4 rank=1 nrows_local=943692 ncols_global=3774768 nnz_local=4129263 n_ghost=1415861 compute_avg_ms=0.194662 compute_min_ms=0.146432 compute_max_ms=0.221184 compute_var_ms=0.001158701 compute_gflops=42.424865 eff_bw_gbs=256.967220 pct_peak_bw=27.5385 comm_avg_ms=6.271005 comm_min_ms=3.644069 comm_max_ms=7.857598 comm_var_ms=1.817846590 total_avg_ms=6.465667 total_min_ms=3.862181 total_max_ms=8.075710 total_var_ms=1.873851311 effective_gflops=1.277289
RESULT comm=ghost_mpi kernel=cusparse matrix=cit-Patents.mtx P=4 rank=2 nrows_local=943692 ncols_global=3774768 nnz_local=4126579 n_ghost=1416747 compute_avg_ms=0.208623 compute_min_ms=0.146432 compute_max_ms=0.215040 compute_var_ms=0.000276889 compute_gflops=39.560166 eff_bw_gbs=239.685671 pct_peak_bw=25.6865 comm_avg_ms=6.531968 comm_min_ms=3.379383 comm_max_ms=7.887380 comm_var_ms=1.733771949 total_avg_ms=6.740591 total_min_ms=3.525815 total_max_ms=8.100852 total_var_ms=1.750175352 effective_gflops=1.224397
RESULT comm=ghost_mpi kernel=cusparse matrix=cit-Patents.mtx P=4 rank=3 nrows_local=943692 ncols_global=3774768 nnz_local=4132446 n_ghost=1415810 compute_avg_ms=0.203332 compute_min_ms=0.145408 compute_max_ms=0.219136 compute_var_ms=0.000829471 compute_gflops=40.647223 eff_bw_gbs=246.134646 pct_peak_bw=26.3776 comm_avg_ms=6.593217 comm_min_ms=3.812853 comm_max_ms=7.887389 comm_var_ms=1.502242291 total_avg_ms=6.796549 total_min_ms=3.958261 total_max_ms=8.105501 total_var_ms=1.539373349 effective_gflops=1.216042
[ERROR CHECKING] OK!

--- P=4 rep=2/3 driver=spmv_ghost_acc ---
Loaded ../matrices/cit-Patents.mtx: 3774768 x 3774768, 16518948 nnz
[kernel] acc -> FLAT (nnz=4129263, avg_nnz=4.38, imbalance=175.97)
[kernel] acc -> FLAT (nnz=4126579, avg_nnz=4.37, imbalance=142.70)
[kernel] acc -> FLAT (nnz=4130660, avg_nnz=4.38, imbalance=168.38)
[kernel] acc -> FLAT (nnz=4132446, avg_nnz=4.38, imbalance=142.95)
RESULT comm=ghost_mpi kernel=acc matrix=cit-Patents.mtx P=4 rank=0 nrows_local=943692 ncols_global=3774768 nnz_local=4130660 n_ghost=1415420 compute_avg_ms=1.214293 compute_min_ms=1.180672 compute_max_ms=1.292288 compute_var_ms=0.001869267 compute_gflops=6.803397 eff_bw_gbs=41.215251 pct_peak_bw=4.4169 comm_avg_ms=5.218602 comm_min_ms=3.791901 comm_max_ms=7.552484 comm_var_ms=1.244756766 total_avg_ms=6.432896 total_min_ms=4.979741 total_max_ms=8.734180 total_var_ms=1.211833795 effective_gflops=1.284230
RESULT comm=ghost_mpi kernel=acc matrix=cit-Patents.mtx P=4 rank=1 nrows_local=943692 ncols_global=3774768 nnz_local=4129263 n_ghost=1415861 compute_avg_ms=1.078886 compute_min_ms=0.929792 compute_max_ms=1.309696 compute_var_ms=0.030239157 compute_gflops=7.654676 eff_bw_gbs=46.379293 pct_peak_bw=4.9703 comm_avg_ms=5.632694 comm_min_ms=2.851823 comm_max_ms=8.215262 comm_var_ms=2.384930819 total_avg_ms=6.711580 total_min_ms=3.781615 total_max_ms=9.500382 total_var_ms=2.763760154 effective_gflops=1.230489
RESULT comm=ghost_mpi kernel=acc matrix=cit-Patents.mtx P=4 rank=2 nrows_local=943692 ncols_global=3774768 nnz_local=4126579 n_ghost=1416747 compute_avg_ms=1.147290 compute_min_ms=0.928768 compute_max_ms=1.280000 compute_var_ms=0.025976556 compute_gflops=7.193614 eff_bw_gbs=43.598450 pct_peak_bw=4.6723 comm_avg_ms=5.894568 comm_min_ms=3.114084 comm_max_ms=8.357894 comm_var_ms=2.956104779 total_avg_ms=7.041858 total_min_ms=4.045924 total_max_ms=9.628678 total_var_ms=3.415037850 effective_gflops=1.172014
RESULT comm=ghost_mpi kernel=acc matrix=cit-Patents.mtx P=4 rank=3 nrows_local=943692 ncols_global=3774768 nnz_local=4132446 n_ghost=1415810 compute_avg_ms=1.103701 compute_min_ms=0.922624 compute_max_ms=1.290240 compute_var_ms=0.031097834 compute_gflops=7.488341 eff_bw_gbs=45.359427 pct_peak_bw=4.8610 comm_avg_ms=6.120258 comm_min_ms=3.292120 comm_max_ms=8.358020 comm_var_ms=2.152223154 total_avg_ms=7.223960 total_min_ms=4.220888 total_max_ms=9.648260 total_var_ms=2.595943244 effective_gflops=1.144094
[ERROR CHECKING] OK!

--- P=4 rep=2/3 driver=spmv_ghost_nccl_cusparse ---
Loaded ../matrices/cit-Patents.mtx: 3774768 x 3774768, 16518948 nnz
RESULT comm=ghost_nccl kernel=cusparse matrix=cit-Patents.mtx P=4 rank=0 nrows_local=943692 ncols_global=3774768 nnz_local=4130660 n_ghost=1415420 compute_avg_ms=0.215620 compute_min_ms=0.215040 compute_max_ms=0.217088 compute_var_ms=0.000000467 compute_gflops=38.314209 eff_bw_gbs=232.034161 pct_peak_bw=24.8665 comm_avg_ms=2.910281 comm_min_ms=0.658574 comm_max_ms=15.988465 comm_var_ms=11.659563919 total_avg_ms=3.125901 total_min_ms=0.874638 total_max_ms=16.203505 total_var_ms=11.658816662 effective_gflops=2.642860
RESULT comm=ghost_nccl kernel=cusparse matrix=cit-Patents.mtx P=4 rank=1 nrows_local=943692 ncols_global=3774768 nnz_local=4129263 n_ghost=1415861 compute_avg_ms=0.217702 compute_min_ms=0.216064 compute_max_ms=0.219136 compute_var_ms=0.000000531 compute_gflops=37.934933 eff_bw_gbs=229.771722 pct_peak_bw=24.6240 comm_avg_ms=3.388736 comm_min_ms=1.153816 comm_max_ms=16.546381 comm_var_ms=11.732214750 total_avg_ms=3.606439 total_min_ms=1.371928 total_max_ms=16.763469 total_var_ms=11.732044266 effective_gflops=2.289940
RESULT comm=ghost_nccl kernel=cusparse matrix=cit-Patents.mtx P=4 rank=2 nrows_local=943692 ncols_global=3774768 nnz_local=4126579 n_ghost=1416747 compute_avg_ms=0.199339 compute_min_ms=0.156672 compute_max_ms=0.214016 compute_var_ms=0.000535776 compute_gflops=41.402695 eff_bw_gbs=250.849113 pct_peak_bw=26.8828 comm_avg_ms=3.621937 comm_min_ms=1.237905 comm_max_ms=16.649732 comm_var_ms=11.639150881 total_avg_ms=3.821276 total_min_ms=1.394577 total_max_ms=16.807428 total_var_ms=11.606942834 effective_gflops=2.159791
RESULT comm=ghost_nccl kernel=cusparse matrix=cit-Patents.mtx P=4 rank=3 nrows_local=943692 ncols_global=3774768 nnz_local=4132446 n_ghost=1415810 compute_avg_ms=0.211422 compute_min_ms=0.200704 compute_max_ms=0.218112 compute_var_ms=0.000057653 compute_gflops=39.091945 eff_bw_gbs=236.716838 pct_peak_bw=25.3683 comm_avg_ms=3.581684 comm_min_ms=1.222494 comm_max_ms=16.640455 comm_var_ms=11.684294211 total_avg_ms=3.793106 total_min_ms=1.424222 total_max_ms=16.842183 total_var_ms=11.673338609 effective_gflops=2.178925
[ERROR CHECKING] OK!

--- P=4 rep=2/3 driver=spmv_ghost_nccl_acc ---
Loaded ../matrices/cit-Patents.mtx: 3774768 x 3774768, 16518948 nnz
[kernel] acc -> FLAT (nnz=4129263, avg_nnz=4.38, imbalance=175.97)
[kernel] acc -> FLAT (nnz=4126579, avg_nnz=4.37, imbalance=142.70)
[kernel] acc -> FLAT (nnz=4132446, avg_nnz=4.38, imbalance=142.95)
[kernel] acc -> FLAT (nnz=4130660, avg_nnz=4.38, imbalance=168.38)
RESULT comm=ghost_nccl kernel=acc matrix=cit-Patents.mtx P=4 rank=0 nrows_local=943692 ncols_global=3774768 nnz_local=4130660 n_ghost=1415420 compute_avg_ms=1.176815 compute_min_ms=0.928768 compute_max_ms=1.289216 compute_var_ms=0.025285899 compute_gflops=7.020067 eff_bw_gbs=42.527846 pct_peak_bw=4.5576 comm_avg_ms=3.809739 comm_min_ms=0.675494 comm_max_ms=10.823908 comm_var_ms=6.295667453 total_avg_ms=4.986554 total_min_ms=1.953410 total_max_ms=12.101860 total_var_ms=6.072409253 effective_gflops=1.656719
RESULT comm=ghost_nccl kernel=acc matrix=cit-Patents.mtx P=4 rank=1 nrows_local=943692 ncols_global=3774768 nnz_local=4129263 n_ghost=1415861 compute_avg_ms=1.254707 compute_min_ms=0.927744 compute_max_ms=1.305600 compute_var_ms=0.011794325 compute_gflops=6.582034 eff_bw_gbs=39.880211 pct_peak_bw=4.2739 comm_avg_ms=4.275155 comm_min_ms=1.145013 comm_max_ms=11.241835 comm_var_ms=6.215271790 total_avg_ms=5.529862 total_min_ms=2.426037 total_max_ms=12.547435 total_var_ms=6.156705225 effective_gflops=1.493442
RESULT comm=ghost_nccl kernel=acc matrix=cit-Patents.mtx P=4 rank=2 nrows_local=943692 ncols_global=3774768 nnz_local=4126579 n_ghost=1416747 compute_avg_ms=1.266483 compute_min_ms=1.258496 compute_max_ms=1.275904 compute_var_ms=0.000017924 compute_gflops=6.516595 eff_bw_gbs=39.495232 pct_peak_bw=4.2326 comm_avg_ms=4.538190 comm_min_ms=1.419846 comm_max_ms=11.615147 comm_var_ms=6.211903204 total_avg_ms=5.804673 total_min_ms=2.685510 total_max_ms=12.880811 total_var_ms=6.214093002 effective_gflops=1.421813
RESULT comm=ghost_nccl kernel=acc matrix=cit-Patents.mtx P=4 rank=3 nrows_local=943692 ncols_global=3774768 nnz_local=4132446 n_ghost=1415810 compute_avg_ms=1.277099 compute_min_ms=1.271808 compute_max_ms=1.288192 compute_var_ms=0.000013288 compute_gflops=6.471616 eff_bw_gbs=39.200777 pct_peak_bw=4.2010 comm_avg_ms=4.490993 comm_min_ms=1.370795 comm_max_ms=11.548305 comm_var_ms=6.204455440 total_avg_ms=5.768092 total_min_ms=2.644651 total_max_ms=12.826257 total_var_ms=6.204134383 effective_gflops=1.432864
[ERROR CHECKING] OK!

--- P=4 rep=2/3 driver=spmv_2d_cusparse ---
Grid: P=4 -> P_r=2 x P_c=2
Loaded ../matrices/cit-Patents.mtx: 3774768 x 3774768, 16518948 nnz
RESULT comm=checkerboard_mpi kernel=cusparse matrix=cit-Patents.mtx P=4 rank=0 nrows_local=1887384 ncols_global=3774768 nnz_local=4126232 n_ghost=-1 compute_avg_ms=0.226782 compute_min_ms=0.225280 compute_max_ms=0.232448 compute_var_ms=0.000001659 compute_gflops=36.389435 eff_bw_gbs=245.427333 pct_peak_bw=26.3018 comm_avg_ms=8.172393 comm_min_ms=8.136736 comm_max_ms=8.248158 comm_var_ms=0.000553490 total_avg_ms=8.399175 total_min_ms=8.364064 total_max_ms=8.476510 total_var_ms=0.000558554 effective_gflops=0.982533
RESULT comm=checkerboard_mpi kernel=cusparse matrix=cit-Patents.mtx P=4 rank=1 nrows_local=1887384 ncols_global=3774768 nnz_local=4131007 n_ghost=-1 compute_avg_ms=0.226133 compute_min_ms=0.224256 compute_max_ms=0.228352 compute_var_ms=0.000000984 compute_gflops=36.536029 eff_bw_gbs=246.300125 pct_peak_bw=26.3953 comm_avg_ms=5.982624 comm_min_ms=5.946565 comm_max_ms=6.042095 comm_var_ms=0.000531147 total_avg_ms=6.208758 total_min_ms=6.172869 total_max_ms=6.266351 total_var_ms=0.000514115 effective_gflops=1.330703
RESULT comm=checkerboard_mpi kernel=cusparse matrix=cit-Patents.mtx P=4 rank=2 nrows_local=1887384 ncols_global=3774768 nnz_local=4130224 n_ghost=-1 compute_avg_ms=0.222071 compute_min_ms=0.220160 compute_max_ms=0.224256 compute_var_ms=0.000000960 compute_gflops=37.197251 eff_bw_gbs=250.776949 pct_peak_bw=26.8751 comm_avg_ms=11.568689 comm_min_ms=11.520658 comm_max_ms=11.618541 comm_var_ms=0.000379324 total_avg_ms=11.790760 total_min_ms=11.741842 total_max_ms=11.841773 total_var_ms=0.000395453 effective_gflops=0.700587
RESULT comm=checkerboard_mpi kernel=cusparse matrix=cit-Patents.mtx P=4 rank=3 nrows_local=1887384 ncols_global=3774768 nnz_local=4131485 n_ghost=-1 compute_avg_ms=0.227021 compute_min_ms=0.224256 compute_max_ms=0.229376 compute_var_ms=0.000001059 compute_gflops=36.397414 eff_bw_gbs=245.354136 pct_peak_bw=26.2940 comm_avg_ms=9.695502 comm_min_ms=9.649652 comm_max_ms=9.735407 comm_var_ms=0.000354129 total_avg_ms=9.922523 total_min_ms=9.874932 total_max_ms=9.961711 total_var_ms=0.000358199 effective_gflops=0.832749
[ERROR CHECKING] OK!

--- P=4 rep=2/3 driver=spmv_2d_acc ---
Grid: P=4 -> P_r=2 x P_c=2
Loaded ../matrices/cit-Patents.mtx: 3774768 x 3774768, 16518948 nnz
[kernel] acc -> FLAT (nnz=4131485, avg_nnz=2.19, imbalance=172.22)
[kernel] acc -> FLAT (nnz=4130224, avg_nnz=2.19, imbalance=179.59)
[kernel] acc -> FLAT (nnz=4126232, avg_nnz=2.19, imbalance=171.53)
[kernel] acc -> FLAT (nnz=4131007, avg_nnz=2.19, imbalance=165.39)
RESULT comm=checkerboard_mpi kernel=acc matrix=cit-Patents.mtx P=4 rank=0 nrows_local=1887384 ncols_global=3774768 nnz_local=4126232 n_ghost=-1 compute_avg_ms=2.450739 compute_min_ms=2.436096 compute_max_ms=2.462720 compute_var_ms=0.000047406 compute_gflops=3.367337 eff_bw_gbs=22.717467 pct_peak_bw=2.4346 comm_avg_ms=7.174228 comm_min_ms=7.086120 comm_max_ms=7.225299 comm_var_ms=0.000867904 total_avg_ms=9.624967 total_min_ms=9.538600 total_max_ms=9.684680 total_var_ms=0.000919235 effective_gflops=0.857402
RESULT comm=checkerboard_mpi kernel=acc matrix=cit-Patents.mtx P=4 rank=1 nrows_local=1887384 ncols_global=3774768 nnz_local=4131007 n_ghost=-1 compute_avg_ms=2.462891 compute_min_ms=2.444288 compute_max_ms=2.493440 compute_var_ms=0.000075363 compute_gflops=3.354600 eff_bw_gbs=22.620902 pct_peak_bw=2.4242 comm_avg_ms=5.178550 comm_min_ms=5.103466 comm_max_ms=5.251492 comm_var_ms=0.000948318 total_avg_ms=7.641441 total_min_ms=7.574378 total_max_ms=7.702876 total_var_ms=0.000742064 effective_gflops=1.081212
RESULT comm=checkerboard_mpi kernel=acc matrix=cit-Patents.mtx P=4 rank=2 nrows_local=1887384 ncols_global=3774768 nnz_local=4130224 n_ghost=-1 compute_avg_ms=2.428621 compute_min_ms=2.416640 compute_max_ms=2.447360 compute_var_ms=0.000059220 compute_gflops=3.401292 eff_bw_gbs=22.937521 pct_peak_bw=2.4582 comm_avg_ms=11.956158 comm_min_ms=11.902668 comm_max_ms=12.097384 comm_var_ms=0.001344120 total_avg_ms=14.384779 total_min_ms=14.330572 total_max_ms=14.523240 total_var_ms=0.001367489 effective_gflops=0.574249
RESULT comm=checkerboard_mpi kernel=acc matrix=cit-Patents.mtx P=4 rank=3 nrows_local=1887384 ncols_global=3774768 nnz_local=4131485 n_ghost=-1 compute_avg_ms=2.444288 compute_min_ms=2.428928 compute_max_ms=2.460672 compute_var_ms=0.000054596 compute_gflops=3.380522 eff_bw_gbs=22.794626 pct_peak_bw=2.4428 comm_avg_ms=9.886540 comm_min_ms=9.827680 comm_max_ms=10.037247 comm_var_ms=0.001430262 total_avg_ms=12.330828 total_min_ms=12.283443 total_max_ms=12.479487 total_var_ms=0.001368891 effective_gflops=0.670107
[ERROR CHECKING] OK!

--- P=4 rep=2/3 driver=spmv_2d_nccl_cusparse ---
Grid: P=4 -> P_r=2 x P_c=2
Loaded ../matrices/cit-Patents.mtx: 3774768 x 3774768, 16518948 nnz
RESULT comm=checkerboard_nccl kernel=cusparse matrix=cit-Patents.mtx P=4 rank=0 nrows_local=1887384 ncols_global=3774768 nnz_local=4126232 n_ghost=-1 compute_avg_ms=0.225007 compute_min_ms=0.223232 compute_max_ms=0.226304 compute_var_ms=0.000000834 compute_gflops=36.676488 eff_bw_gbs=247.363348 pct_peak_bw=26.5093 comm_avg_ms=0.962593 comm_min_ms=0.945925 comm_max_ms=0.991861 comm_var_ms=0.000090970 total_avg_ms=1.187600 total_min_ms=1.172229 total_max_ms=1.216117 total_var_ms=0.000087405 effective_gflops=6.948859
RESULT comm=checkerboard_nccl kernel=cusparse matrix=cit-Patents.mtx P=4 rank=1 nrows_local=1887384 ncols_global=3774768 nnz_local=4131007 n_ghost=-1 compute_avg_ms=0.226065 compute_min_ms=0.224256 compute_max_ms=0.227328 compute_var_ms=0.000000887 compute_gflops=36.547062 eff_bw_gbs=246.374503 pct_peak_bw=26.4033 comm_avg_ms=0.896697 comm_min_ms=0.879518 comm_max_ms=0.926578 comm_var_ms=0.000076193 total_avg_ms=1.122762 total_min_ms=1.106846 total_max_ms=1.153906 total_var_ms=0.000077042 effective_gflops=7.358650
RESULT comm=checkerboard_nccl kernel=cusparse matrix=cit-Patents.mtx P=4 rank=2 nrows_local=1887384 ncols_global=3774768 nnz_local=4130224 n_ghost=-1 compute_avg_ms=0.221628 compute_min_ms=0.220160 compute_max_ms=0.223232 compute_var_ms=0.000000537 compute_gflops=37.271726 eff_bw_gbs=251.279044 pct_peak_bw=26.9289 comm_avg_ms=1.048162 comm_min_ms=1.027211 comm_max_ms=1.069241 comm_var_ms=0.000084352 total_avg_ms=1.269790 total_min_ms=1.248395 total_max_ms=1.290425 total_var_ms=0.000083436 effective_gflops=6.505364
RESULT comm=checkerboard_nccl kernel=cusparse matrix=cit-Patents.mtx P=4 rank=3 nrows_local=1887384 ncols_global=3774768 nnz_local=4131485 n_ghost=-1 compute_avg_ms=0.227260 compute_min_ms=0.226304 compute_max_ms=0.229376 compute_var_ms=0.000000624 compute_gflops=36.359147 eff_bw_gbs=245.096179 pct_peak_bw=26.2663 comm_avg_ms=0.970535 comm_min_ms=0.949468 comm_max_ms=0.989303 comm_var_ms=0.000081707 total_avg_ms=1.197795 total_min_ms=1.177820 total_max_ms=1.216631 total_var_ms=0.000085288 effective_gflops=6.898484
[ERROR CHECKING] OK!

--- P=4 rep=2/3 driver=spmv_2d_nccl_acc ---
Grid: P=4 -> P_r=2 x P_c=2
Loaded ../matrices/cit-Patents.mtx: 3774768 x 3774768, 16518948 nnz
[kernel] acc -> FLAT (nnz=4131485, avg_nnz=2.19, imbalance=172.22)
[kernel] acc -> FLAT (nnz=4130224, avg_nnz=2.19, imbalance=179.59)
[kernel] acc -> FLAT (nnz=4131007, avg_nnz=2.19, imbalance=165.39)
[kernel] acc -> FLAT (nnz=4126232, avg_nnz=2.19, imbalance=171.53)
RESULT comm=checkerboard_nccl kernel=acc matrix=cit-Patents.mtx P=4 rank=0 nrows_local=1887384 ncols_global=3774768 nnz_local=4126232 n_ghost=-1 compute_avg_ms=2.337246 compute_min_ms=1.847296 compute_max_ms=2.461696 compute_var_ms=0.053849401 compute_gflops=3.530850 eff_bw_gbs=23.820595 pct_peak_bw=2.5528 comm_avg_ms=1.093634 comm_min_ms=0.955065 comm_max_ms=1.573171 comm_var_ms=0.051492651 total_avg_ms=3.430880 total_min_ms=3.406759 total_max_ms=3.457266 total_var_ms=0.000156338 effective_gflops=2.405349
RESULT comm=checkerboard_nccl kernel=acc matrix=cit-Patents.mtx P=4 rank=2 nrows_local=1887384 ncols_global=3774768 nnz_local=4130224 n_ghost=-1 compute_avg_ms=2.429406 compute_min_ms=2.416640 compute_max_ms=2.446336 compute_var_ms=0.000049893 compute_gflops=3.400193 eff_bw_gbs=22.930108 pct_peak_bw=2.4574 comm_avg_ms=1.063668 comm_min_ms=1.040178 comm_max_ms=1.090583 comm_var_ms=0.000159940 total_avg_ms=3.493073 total_min_ms=3.464859 total_max_ms=3.513243 total_var_ms=0.000156731 effective_gflops=2.364808
RESULT comm=checkerboard_nccl kernel=acc matrix=cit-Patents.mtx P=4 rank=1 nrows_local=1887384 ncols_global=3774768 nnz_local=4131007 n_ghost=-1 compute_avg_ms=2.466202 compute_min_ms=2.455552 compute_max_ms=2.481152 compute_var_ms=0.000058762 compute_gflops=3.350097 eff_bw_gbs=22.590533 pct_peak_bw=2.4210 comm_avg_ms=0.898644 comm_min_ms=0.875237 comm_max_ms=0.920588 comm_var_ms=0.000092421 total_avg_ms=3.364846 total_min_ms=3.344101 total_max_ms=3.381474 total_var_ms=0.000113657 effective_gflops=2.455391
RESULT comm=checkerboard_nccl kernel=acc matrix=cit-Patents.mtx P=4 rank=3 nrows_local=1887384 ncols_global=3774768 nnz_local=4131485 n_ghost=-1 compute_avg_ms=2.449886 compute_min_ms=2.430976 compute_max_ms=2.473984 compute_var_ms=0.000088062 compute_gflops=3.372798 eff_bw_gbs=22.742542 pct_peak_bw=2.4373 comm_avg_ms=0.972639 comm_min_ms=0.941580 comm_max_ms=0.996029 comm_var_ms=0.000108324 total_avg_ms=3.422525 total_min_ms=3.399180 total_max_ms=3.441727 total_var_ms=0.000117238 effective_gflops=2.414290
[ERROR CHECKING] OK!

--- P=4 rep=3/3 driver=spmv_bcast ---
Loaded ../matrices/cit-Patents.mtx: 3774768 x 3774768, 16518948 nnz
RESULT comm=bcast kernel=cusparse matrix=cit-Patents.mtx P=4 rank=0 nrows_local=943692 ncols_global=3774768 nnz_local=4130660 n_ghost=-1 compute_avg_ms=0.229922 compute_min_ms=0.225280 compute_max_ms=0.243712 compute_var_ms=0.000009628 compute_gflops=35.930947 eff_bw_gbs=242.229365 pct_peak_bw=25.9591 comm_avg_ms=6.018878 comm_min_ms=5.971076 comm_max_ms=6.086506 comm_var_ms=0.000701976 total_avg_ms=6.248800 total_min_ms=6.200452 total_max_ms=6.316906 total_var_ms=0.000708699 effective_gflops=1.322065
RESULT comm=bcast kernel=cusparse matrix=cit-Patents.mtx P=4 rank=1 nrows_local=943692 ncols_global=3774768 nnz_local=4129263 n_ghost=-1 compute_avg_ms=0.227840 compute_min_ms=0.225280 compute_max_ms=0.235520 compute_var_ms=0.000003897 compute_gflops=36.247042 eff_bw_gbs=244.393943 pct_peak_bw=26.1911 comm_avg_ms=8.447100 comm_min_ms=8.390823 comm_max_ms=8.487704 comm_var_ms=0.000376724 total_avg_ms=8.674940 total_min_ms=8.617127 total_max_ms=8.714008 total_var_ms=0.000412196 effective_gflops=0.951998
RESULT comm=bcast kernel=cusparse matrix=cit-Patents.mtx P=4 rank=2 nrows_local=943692 ncols_global=3774768 nnz_local=4126579 n_ghost=-1 compute_avg_ms=0.214596 compute_min_ms=0.212992 compute_max_ms=0.222208 compute_var_ms=0.000004312 compute_gflops=38.459001 eff_bw_gbs=259.376570 pct_peak_bw=27.7967 comm_avg_ms=9.276070 comm_min_ms=9.230478 comm_max_ms=9.478612 comm_var_ms=0.001942645 total_avg_ms=9.490667 total_min_ms=9.445518 total_max_ms=9.700820 total_var_ms=0.002045944 effective_gflops=0.869608
RESULT comm=bcast kernel=cusparse matrix=cit-Patents.mtx P=4 rank=3 nrows_local=943692 ncols_global=3774768 nnz_local=4132446 n_ghost=-1 compute_avg_ms=0.219580 compute_min_ms=0.218112 compute_max_ms=0.224256 compute_var_ms=0.000001236 compute_gflops=37.639594 eff_bw_gbs=253.703654 pct_peak_bw=27.1887 comm_avg_ms=9.602745 comm_min_ms=9.562290 comm_max_ms=9.830887 comm_var_ms=0.002173733 total_avg_ms=9.822325 total_min_ms=9.781898 total_max_ms=10.055143 total_var_ms=0.002254663 effective_gflops=0.841439
[ERROR CHECKING] OK!

--- P=4 rep=3/3 driver=spmv_ghost_cusparse ---
Loaded ../matrices/cit-Patents.mtx: 3774768 x 3774768, 16518948 nnz
RESULT comm=ghost_mpi kernel=cusparse matrix=cit-Patents.mtx P=4 rank=1 nrows_local=943692 ncols_global=3774768 nnz_local=4129263 n_ghost=1415861 compute_avg_ms=0.177596 compute_min_ms=0.158720 compute_max_ms=0.220160 compute_var_ms=0.000716085 compute_gflops=46.501827 eff_bw_gbs=281.661365 pct_peak_bw=30.1849 comm_avg_ms=5.392281 comm_min_ms=3.202801 comm_max_ms=7.743042 comm_var_ms=0.943690838 total_avg_ms=5.569876 total_min_ms=3.362545 total_max_ms=7.961154 total_var_ms=0.963013115 effective_gflops=1.482713
RESULT comm=ghost_mpi kernel=cusparse matrix=cit-Patents.mtx P=4 rank=2 nrows_local=943692 ncols_global=3774768 nnz_local=4126579 n_ghost=1416747 compute_avg_ms=0.190259 compute_min_ms=0.145408 compute_max_ms=0.214016 compute_var_ms=0.000952484 compute_gflops=43.378496 eff_bw_gbs=262.820024 pct_peak_bw=28.1657 comm_avg_ms=5.717771 comm_min_ms=2.803923 comm_max_ms=9.097584 comm_var_ms=1.620459668 total_avg_ms=5.908030 total_min_ms=2.951379 total_max_ms=9.309552 total_var_ms=1.660381218 effective_gflops=1.396939
RESULT comm=ghost_mpi kernel=cusparse matrix=cit-Patents.mtx P=4 rank=0 nrows_local=943692 ncols_global=3774768 nnz_local=4130660 n_ghost=1415420 compute_avg_ms=0.215893 compute_min_ms=0.215040 compute_max_ms=0.217088 compute_var_ms=0.000000285 compute_gflops=38.265748 eff_bw_gbs=231.740677 pct_peak_bw=24.8350 comm_avg_ms=5.458689 comm_min_ms=4.088308 comm_max_ms=8.639755 comm_var_ms=0.915828643 total_avg_ms=5.674582 total_min_ms=4.304372 total_max_ms=8.855819 total_var_ms=0.916048638 effective_gflops=1.455846
RESULT comm=ghost_mpi kernel=cusparse matrix=cit-Patents.mtx P=4 rank=3 nrows_local=943692 ncols_global=3774768 nnz_local=4132446 n_ghost=1415810 compute_avg_ms=0.180053 compute_min_ms=0.145408 compute_max_ms=0.219136 compute_var_ms=0.001316947 compute_gflops=45.902466 eff_bw_gbs=277.957175 pct_peak_bw=29.7879 comm_avg_ms=5.051790 comm_min_ms=2.890305 comm_max_ms=9.097142 comm_var_ms=2.791496306 total_avg_ms=5.231844 total_min_ms=3.035713 total_max_ms=9.243574 total_var_ms=2.871887575 effective_gflops=1.579728
[ERROR CHECKING] OK!

--- P=4 rep=3/3 driver=spmv_ghost_acc ---
Loaded ../matrices/cit-Patents.mtx: 3774768 x 3774768, 16518948 nnz
[kernel] acc -> FLAT (nnz=4126579, avg_nnz=4.37, imbalance=142.70)
[kernel] acc -> FLAT (nnz=4129263, avg_nnz=4.38, imbalance=175.97)
[kernel] acc -> FLAT (nnz=4132446, avg_nnz=4.38, imbalance=142.95)
[kernel] acc -> FLAT (nnz=4130660, avg_nnz=4.38, imbalance=168.38)
RESULT comm=ghost_mpi kernel=acc matrix=cit-Patents.mtx P=4 rank=0 nrows_local=943692 ncols_global=3774768 nnz_local=4130660 n_ghost=1415420 compute_avg_ms=1.239415 compute_min_ms=0.933888 compute_max_ms=1.305600 compute_var_ms=0.014083808 compute_gflops=6.665497 eff_bw_gbs=40.379845 pct_peak_bw=4.3274 comm_avg_ms=5.733259 comm_min_ms=4.093914 comm_max_ms=8.249418 comm_var_ms=1.128920702 total_avg_ms=6.972674 total_min_ms=5.084263 total_max_ms=9.541706 total_var_ms=1.250143584 effective_gflops=1.184814
RESULT comm=ghost_mpi kernel=acc matrix=cit-Patents.mtx P=4 rank=2 nrows_local=943692 ncols_global=3774768 nnz_local=4126579 n_ghost=1416747 compute_avg_ms=1.089638 compute_min_ms=0.934912 compute_max_ms=1.276928 compute_var_ms=0.025865948 compute_gflops=7.574217 eff_bw_gbs=45.905181 pct_peak_bw=4.9195 comm_avg_ms=5.717698 comm_min_ms=3.143234 comm_max_ms=8.389480 comm_var_ms=2.086531952 total_avg_ms=6.807337 total_min_ms=4.082242 total_max_ms=9.659240 total_var_ms=2.417037258 effective_gflops=1.212392
RESULT comm=ghost_mpi kernel=acc matrix=cit-Patents.mtx P=4 rank=1 nrows_local=943692 ncols_global=3774768 nnz_local=4129263 n_ghost=1415861 compute_avg_ms=1.128516 compute_min_ms=1.095680 compute_max_ms=1.294336 compute_var_ms=0.003986752 compute_gflops=7.318039 eff_bw_gbs=44.339625 pct_peak_bw=4.7518 comm_avg_ms=5.860923 comm_min_ms=3.320680 comm_max_ms=7.414686 comm_var_ms=0.800481292 total_avg_ms=6.989439 total_min_ms=4.416360 total_max_ms=8.701854 total_var_ms=0.833739980 effective_gflops=1.181572
RESULT comm=ghost_mpi kernel=acc matrix=cit-Patents.mtx P=4 rank=3 nrows_local=943692 ncols_global=3774768 nnz_local=4132446 n_ghost=1415810 compute_avg_ms=1.022225 compute_min_ms=0.922624 compute_max_ms=1.289216 compute_var_ms=0.024467259 compute_gflops=8.085198 eff_bw_gbs=48.974792 pct_peak_bw=5.2485 comm_avg_ms=5.305884 comm_min_ms=2.812782 comm_max_ms=8.388643 comm_var_ms=2.162204972 total_avg_ms=6.328109 total_min_ms=3.741550 total_max_ms=9.676835 total_var_ms=2.508591037 effective_gflops=1.306060
[ERROR CHECKING] OK!

--- P=4 rep=3/3 driver=spmv_ghost_nccl_cusparse ---
Loaded ../matrices/cit-Patents.mtx: 3774768 x 3774768, 16518948 nnz
RESULT comm=ghost_nccl kernel=cusparse matrix=cit-Patents.mtx P=4 rank=0 nrows_local=943692 ncols_global=3774768 nnz_local=4130660 n_ghost=1415420 compute_avg_ms=0.215825 compute_min_ms=0.215040 compute_max_ms=0.217088 compute_var_ms=0.000000607 compute_gflops=38.277852 eff_bw_gbs=231.813980 pct_peak_bw=24.8429 comm_avg_ms=3.092128 comm_min_ms=0.660167 comm_max_ms=12.693833 comm_var_ms=8.942324956 total_avg_ms=3.307953 total_min_ms=0.876231 total_max_ms=12.908873 total_var_ms=8.941142514 effective_gflops=2.497411
RESULT comm=ghost_nccl kernel=cusparse matrix=cit-Patents.mtx P=4 rank=1 nrows_local=943692 ncols_global=3774768 nnz_local=4129263 n_ghost=1415861 compute_avg_ms=0.217532 compute_min_ms=0.216064 compute_max_ms=0.219136 compute_var_ms=0.000000397 compute_gflops=37.964695 eff_bw_gbs=229.951992 pct_peak_bw=24.6433 comm_avg_ms=3.571329 comm_min_ms=1.151630 comm_max_ms=13.207091 comm_var_ms=8.974332830 total_avg_ms=3.788861 total_min_ms=1.368718 total_max_ms=13.424179 total_var_ms=8.973697979 effective_gflops=2.179686
RESULT comm=ghost_nccl kernel=cusparse matrix=cit-Patents.mtx P=4 rank=2 nrows_local=943692 ncols_global=3774768 nnz_local=4126579 n_ghost=1416747 compute_avg_ms=0.184422 compute_min_ms=0.147456 compute_max_ms=0.212992 compute_var_ms=0.001001275 compute_gflops=44.751386 eff_bw_gbs=271.138037 pct_peak_bw=29.0571 comm_avg_ms=3.743973 comm_min_ms=1.211745 comm_max_ms=13.500171 comm_var_ms=9.061526873 total_avg_ms=3.928395 total_min_ms=1.360225 total_max_ms=13.712139 total_var_ms=9.104782511 effective_gflops=2.100898
RESULT comm=ghost_nccl kernel=cusparse matrix=cit-Patents.mtx P=4 rank=3 nrows_local=943692 ncols_global=3774768 nnz_local=4132446 n_ghost=1415810 compute_avg_ms=0.209545 compute_min_ms=0.205824 compute_max_ms=0.219136 compute_var_ms=0.000020796 compute_gflops=39.442174 eff_bw_gbs=238.837613 pct_peak_bw=25.5956 comm_avg_ms=3.707683 comm_min_ms=1.178936 comm_max_ms=13.483070 comm_var_ms=9.077557933 total_avg_ms=3.917228 total_min_ms=1.386932 total_max_ms=13.700158 total_var_ms=9.083690332 effective_gflops=2.109883
[ERROR CHECKING] OK!

--- P=4 rep=3/3 driver=spmv_ghost_nccl_acc ---
Loaded ../matrices/cit-Patents.mtx: 3774768 x 3774768, 16518948 nnz
[kernel] acc -> FLAT (nnz=4129263, avg_nnz=4.38, imbalance=175.97)
[kernel] acc -> FLAT (nnz=4126579, avg_nnz=4.37, imbalance=142.70)
[kernel] acc -> FLAT (nnz=4132446, avg_nnz=4.38, imbalance=142.95)
[kernel] acc -> FLAT (nnz=4130660, avg_nnz=4.38, imbalance=168.38)
RESULT comm=ghost_nccl kernel=acc matrix=cit-Patents.mtx P=4 rank=0 nrows_local=943692 ncols_global=3774768 nnz_local=4130660 n_ghost=1415420 compute_avg_ms=1.279829 compute_min_ms=1.268736 compute_max_ms=1.289216 compute_var_ms=0.000016294 compute_gflops=6.455017 eff_bw_gbs=39.104749 pct_peak_bw=4.1908 comm_avg_ms=2.956341 comm_min_ms=0.664567 comm_max_ms=12.057610 comm_var_ms=7.642063860 total_avg_ms=4.236170 total_min_ms=1.953783 total_max_ms=13.335562 total_var_ms=7.641515882 effective_gflops=1.950186
RESULT comm=ghost_nccl kernel=acc matrix=cit-Patents.mtx P=4 rank=1 nrows_local=943692 ncols_global=3774768 nnz_local=4129263 n_ghost=1415861 compute_avg_ms=1.287646 compute_min_ms=1.281024 compute_max_ms=1.295360 compute_var_ms=0.000014522 compute_gflops=6.413662 eff_bw_gbs=38.860054 pct_peak_bw=4.1645 comm_avg_ms=3.451063 comm_min_ms=1.156930 comm_max_ms=12.536430 comm_var_ms=7.620412545 total_avg_ms=4.738709 total_min_ms=2.442050 total_max_ms=13.829742 total_var_ms=7.628262959 effective_gflops=1.742780
RESULT comm=ghost_nccl kernel=acc matrix=cit-Patents.mtx P=4 rank=2 nrows_local=943692 ncols_global=3774768 nnz_local=4126579 n_ghost=1416747 compute_avg_ms=1.154526 compute_min_ms=0.983040 compute_max_ms=1.277952 compute_var_ms=0.019079940 compute_gflops=7.148526 eff_bw_gbs=43.325186 pct_peak_bw=4.6430 comm_avg_ms=3.626064 comm_min_ms=1.243788 comm_max_ms=12.567621 comm_var_ms=7.413512826 total_avg_ms=4.780590 total_min_ms=2.226828 total_max_ms=13.552709 total_var_ms=7.149375771 effective_gflops=1.726389
RESULT comm=ghost_nccl kernel=acc matrix=cit-Patents.mtx P=4 rank=3 nrows_local=943692 ncols_global=3774768 nnz_local=4132446 n_ghost=1415810 compute_avg_ms=1.277747 compute_min_ms=1.266688 compute_max_ms=1.292288 compute_var_ms=0.000042250 compute_gflops=6.468331 eff_bw_gbs=39.180880 pct_peak_bw=4.1989 comm_avg_ms=3.583641 comm_min_ms=1.221158 comm_max_ms=12.515566 comm_var_ms=7.412894364 total_avg_ms=4.861388 total_min_ms=2.501158 total_max_ms=13.805806 total_var_ms=7.420565067 effective_gflops=1.700110
[ERROR CHECKING] OK!

--- P=4 rep=3/3 driver=spmv_2d_cusparse ---
Grid: P=4 -> P_r=2 x P_c=2
Loaded ../matrices/cit-Patents.mtx: 3774768 x 3774768, 16518948 nnz
RESULT comm=checkerboard_mpi kernel=cusparse matrix=cit-Patents.mtx P=4 rank=0 nrows_local=1887384 ncols_global=3774768 nnz_local=4126232 n_ghost=-1 compute_avg_ms=0.226850 compute_min_ms=0.225280 compute_max_ms=0.232448 compute_var_ms=0.000002148 compute_gflops=36.378484 eff_bw_gbs=245.353473 pct_peak_bw=26.2939 comm_avg_ms=7.372606 comm_min_ms=7.352092 comm_max_ms=7.406106 comm_var_ms=0.000146022 total_avg_ms=7.599456 total_min_ms=7.578396 total_max_ms=7.633434 total_var_ms=0.000151282 effective_gflops=1.085928
RESULT comm=checkerboard_mpi kernel=cusparse matrix=cit-Patents.mtx P=4 rank=1 nrows_local=1887384 ncols_global=3774768 nnz_local=4131007 n_ghost=-1 compute_avg_ms=0.226884 compute_min_ms=0.225280 compute_max_ms=0.228352 compute_var_ms=0.000000607 compute_gflops=36.415103 eff_bw_gbs=245.484930 pct_peak_bw=26.3080 comm_avg_ms=5.069463 comm_min_ms=5.041176 comm_max_ms=5.099984 comm_var_ms=0.000205824 total_avg_ms=5.296347 total_min_ms=5.267480 total_max_ms=5.326288 total_var_ms=0.000203756 effective_gflops=1.559946
RESULT comm=checkerboard_mpi kernel=cusparse matrix=cit-Patents.mtx P=4 rank=2 nrows_local=1887384 ncols_global=3774768 nnz_local=4130224 n_ghost=-1 compute_avg_ms=0.222140 compute_min_ms=0.219136 compute_max_ms=0.226304 compute_var_ms=0.000002232 compute_gflops=37.185820 eff_bw_gbs=250.699883 pct_peak_bw=26.8668 comm_avg_ms=11.023703 comm_min_ms=10.982261 comm_max_ms=11.097259 comm_var_ms=0.000628172 total_avg_ms=11.245843 total_min_ms=11.204469 total_max_ms=11.319467 total_var_ms=0.000626812 effective_gflops=0.734533
RESULT comm=checkerboard_mpi kernel=cusparse matrix=cit-Patents.mtx P=4 rank=3 nrows_local=1887384 ncols_global=3774768 nnz_local=4131485 n_ghost=-1 compute_avg_ms=0.226850 compute_min_ms=0.225280 compute_max_ms=0.229376 compute_var_ms=0.000000890 compute_gflops=36.424797 eff_bw_gbs=245.538722 pct_peak_bw=26.3137 comm_avg_ms=8.983905 comm_min_ms=8.946466 comm_max_ms=9.044952 comm_var_ms=0.000479104 total_avg_ms=9.210755 total_min_ms=9.171746 total_max_ms=9.274328 total_var_ms=0.000488684 effective_gflops=0.897100
[ERROR CHECKING] OK!

--- P=4 rep=3/3 driver=spmv_2d_acc ---
Grid: P=4 -> P_r=2 x P_c=2
Loaded ../matrices/cit-Patents.mtx: 3774768 x 3774768, 16518948 nnz
[kernel] acc -> FLAT (nnz=4131485, avg_nnz=2.19, imbalance=172.22)
[kernel] acc -> FLAT (nnz=4130224, avg_nnz=2.19, imbalance=179.59)
[kernel] acc -> FLAT (nnz=4126232, avg_nnz=2.19, imbalance=171.53)
[kernel] acc -> FLAT (nnz=4131007, avg_nnz=2.19, imbalance=165.39)
RESULT comm=checkerboard_mpi kernel=acc matrix=cit-Patents.mtx P=4 rank=0 nrows_local=1887384 ncols_global=3774768 nnz_local=4126232 n_ghost=-1 compute_avg_ms=2.451319 compute_min_ms=2.436096 compute_max_ms=2.468864 compute_var_ms=0.000048076 compute_gflops=3.366540 eff_bw_gbs=22.712090 pct_peak_bw=2.4340 comm_avg_ms=8.270263 comm_min_ms=8.230719 comm_max_ms=8.319627 comm_var_ms=0.000488060 total_avg_ms=10.721582 total_min_ms=10.682175 total_max_ms=10.772107 total_var_ms=0.000466979 effective_gflops=0.769706
RESULT comm=checkerboard_mpi kernel=acc matrix=cit-Patents.mtx P=4 rank=1 nrows_local=1887384 ncols_global=3774768 nnz_local=4131007 n_ghost=-1 compute_avg_ms=2.465997 compute_min_ms=2.449408 compute_max_ms=2.479104 compute_var_ms=0.000062453 compute_gflops=3.350375 eff_bw_gbs=22.592409 pct_peak_bw=2.4212 comm_avg_ms=6.044826 comm_min_ms=6.016988 comm_max_ms=6.095188 comm_var_ms=0.000266029 total_avg_ms=8.510823 total_min_ms=8.491291 total_max_ms=8.553812 total_var_ms=0.000200175 effective_gflops=0.970766
RESULT comm=checkerboard_mpi kernel=acc matrix=cit-Patents.mtx P=4 rank=2 nrows_local=1887384 ncols_global=3774768 nnz_local=4130224 n_ghost=-1 compute_avg_ms=2.428791 compute_min_ms=2.413568 compute_max_ms=2.446336 compute_var_ms=0.000073311 compute_gflops=3.401053 eff_bw_gbs=22.935909 pct_peak_bw=2.4580 comm_avg_ms=12.197194 comm_min_ms=12.141940 comm_max_ms=12.295646 comm_var_ms=0.000988053 total_avg_ms=14.625986 total_min_ms=14.556532 total_max_ms=14.720357 total_var_ms=0.001184463 effective_gflops=0.564779
RESULT comm=checkerboard_mpi kernel=acc matrix=cit-Patents.mtx P=4 rank=3 nrows_local=1887384 ncols_global=3774768 nnz_local=4131485 n_ghost=-1 compute_avg_ms=2.445995 compute_min_ms=2.426880 compute_max_ms=2.464768 compute_var_ms=0.000062239 compute_gflops=3.378164 eff_bw_gbs=22.778722 pct_peak_bw=2.4411 comm_avg_ms=10.169953 comm_min_ms=10.129715 comm_max_ms=10.261824 comm_var_ms=0.001010705 total_avg_ms=12.615948 total_min_ms=12.582195 total_max_ms=12.709651 total_var_ms=0.000944923 effective_gflops=0.654962
[ERROR CHECKING] OK!

--- P=4 rep=3/3 driver=spmv_2d_nccl_cusparse ---
Grid: P=4 -> P_r=2 x P_c=2
Loaded ../matrices/cit-Patents.mtx: 3774768 x 3774768, 16518948 nnz
RESULT comm=checkerboard_nccl kernel=cusparse matrix=cit-Patents.mtx P=4 rank=0 nrows_local=1887384 ncols_global=3774768 nnz_local=4126232 n_ghost=-1 compute_avg_ms=0.225417 compute_min_ms=0.223232 compute_max_ms=0.227328 compute_var_ms=0.000001030 compute_gflops=36.609844 eff_bw_gbs=246.913869 pct_peak_bw=26.4611 comm_avg_ms=0.961610 comm_min_ms=0.943166 comm_max_ms=0.989344 comm_var_ms=0.000113619 total_avg_ms=1.187026 total_min_ms=1.168446 total_max_ms=1.214624 total_var_ms=0.000115538 effective_gflops=6.952218
RESULT comm=checkerboard_nccl kernel=cusparse matrix=cit-Patents.mtx P=4 rank=1 nrows_local=1887384 ncols_global=3774768 nnz_local=4131007 n_ghost=-1 compute_avg_ms=0.226338 compute_min_ms=0.224256 compute_max_ms=0.228352 compute_var_ms=0.000000803 compute_gflops=36.502970 eff_bw_gbs=246.077263 pct_peak_bw=26.3714 comm_avg_ms=0.892827 comm_min_ms=0.876866 comm_max_ms=0.918451 comm_var_ms=0.000090783 total_avg_ms=1.119165 total_min_ms=1.103170 total_max_ms=1.144755 total_var_ms=0.000091827 effective_gflops=7.382303
RESULT comm=checkerboard_nccl kernel=cusparse matrix=cit-Patents.mtx P=4 rank=2 nrows_local=1887384 ncols_global=3774768 nnz_local=4130224 n_ghost=-1 compute_avg_ms=0.221730 compute_min_ms=0.220160 compute_max_ms=0.224256 compute_var_ms=0.000000680 compute_gflops=37.254513 eff_bw_gbs=251.162997 pct_peak_bw=26.9165 comm_avg_ms=1.056522 comm_min_ms=1.034726 comm_max_ms=1.084213 comm_var_ms=0.000110083 total_avg_ms=1.278252 total_min_ms=1.255910 total_max_ms=1.305397 total_var_ms=0.000106652 effective_gflops=6.462300
RESULT comm=checkerboard_nccl kernel=cusparse matrix=cit-Patents.mtx P=4 rank=3 nrows_local=1887384 ncols_global=3774768 nnz_local=4131485 n_ghost=-1 compute_avg_ms=0.226918 compute_min_ms=0.225280 compute_max_ms=0.228352 compute_var_ms=0.000000881 compute_gflops=36.413839 eff_bw_gbs=245.464856 pct_peak_bw=26.3058 comm_avg_ms=0.971824 comm_min_ms=0.954804 comm_max_ms=0.999406 comm_var_ms=0.000081796 total_avg_ms=1.198742 total_min_ms=1.182132 total_max_ms=1.224686 total_var_ms=0.000081388 effective_gflops=6.893033
[ERROR CHECKING] OK!

--- P=4 rep=3/3 driver=spmv_2d_nccl_acc ---
Grid: P=4 -> P_r=2 x P_c=2
Loaded ../matrices/cit-Patents.mtx: 3774768 x 3774768, 16518948 nnz
[kernel] acc -> FLAT (nnz=4131485, avg_nnz=2.19, imbalance=172.22)
[kernel] acc -> FLAT (nnz=4130224, avg_nnz=2.19, imbalance=179.59)
[kernel] acc -> FLAT (nnz=4131007, avg_nnz=2.19, imbalance=165.39)
[kernel] acc -> FLAT (nnz=4126232, avg_nnz=2.19, imbalance=171.53)
RESULT comm=checkerboard_nccl kernel=acc matrix=cit-Patents.mtx P=4 rank=0 nrows_local=1887384 ncols_global=3774768 nnz_local=4126232 n_ghost=-1 compute_avg_ms=2.375305 compute_min_ms=2.282496 compute_max_ms=2.466816 compute_var_ms=0.006623538 compute_gflops=3.474276 eff_bw_gbs=23.438926 pct_peak_bw=2.5119 comm_avg_ms=0.982258 comm_min_ms=0.885670 comm_max_ms=1.159077 comm_var_ms=0.007097793 total_avg_ms=3.357562 total_min_ms=3.174310 total_max_ms=3.449765 total_var_ms=0.010788411 effective_gflops=2.457874
RESULT comm=checkerboard_nccl kernel=acc matrix=cit-Patents.mtx P=4 rank=2 nrows_local=1887384 ncols_global=3774768 nnz_local=4130224 n_ghost=-1 compute_avg_ms=2.432171 compute_min_ms=2.413568 compute_max_ms=2.447360 compute_var_ms=0.000084730 compute_gflops=3.396327 eff_bw_gbs=22.904042 pct_peak_bw=2.4546 comm_avg_ms=1.036113 comm_min_ms=0.978582 comm_max_ms=1.076259 comm_var_ms=0.000925240 total_avg_ms=3.468283 total_min_ms=3.410582 total_max_ms=3.507744 total_var_ms=0.000911271 effective_gflops=2.381711
RESULT comm=checkerboard_nccl kernel=acc matrix=cit-Patents.mtx P=4 rank=1 nrows_local=1887384 ncols_global=3774768 nnz_local=4131007 n_ghost=-1 compute_avg_ms=2.341069 compute_min_ms=1.994752 compute_max_ms=2.477056 compute_var_ms=0.041589830 compute_gflops=3.529163 eff_bw_gbs=23.798023 pct_peak_bw=2.5504 comm_avg_ms=0.851650 comm_min_ms=0.724693 comm_max_ms=0.920908 comm_var_ms=0.005248330 total_avg_ms=3.192719 total_min_ms=2.720910 total_max_ms=3.393868 total_var_ms=0.075937236 effective_gflops=2.587767
RESULT comm=checkerboard_nccl kernel=acc matrix=cit-Patents.mtx P=4 rank=3 nrows_local=1887384 ncols_global=3774768 nnz_local=4131485 n_ghost=-1 compute_avg_ms=2.450842 compute_min_ms=2.433024 compute_max_ms=2.471936 compute_var_ms=0.000094833 compute_gflops=3.371483 eff_bw_gbs=22.733673 pct_peak_bw=2.4363 comm_avg_ms=0.946003 comm_min_ms=0.890399 comm_max_ms=0.986202 comm_var_ms=0.000947471 total_avg_ms=3.396845 total_min_ms=3.330756 total_max_ms=3.439367 total_var_ms=0.000976378 effective_gflops=2.432543
[ERROR CHECKING] OK!

=== Job done ===
