=== D2_final strong scaling ===
Node:     edu01
Date:     Tue Jul 21 07:49:53 PM CEST 2026
Matrix:   ../matrices/cit-Patents.mtx
P:        4
Reps:     3

--- P=4 rep=1/3 driver=spmv_bcast ---
Loaded ../matrices/cit-Patents.mtx: 3774768 x 3774768, 16518948 nnz
RESULT comm=bcast kernel=cusparse matrix=cit-Patents.mtx P=4 rank=0 nrows_local=943692 ncols_global=3774768 nnz_local=4130660 n_ghost=-1 compute_avg_ms=0.229444 compute_min_ms=0.225280 compute_max_ms=0.235520 compute_var_ms=0.000006287 compute_gflops=36.005781 eff_bw_gbs=242.733858 pct_peak_bw=26.0131 comm_avg_ms=5.999551 comm_min_ms=5.924165 comm_max_ms=6.037676 comm_var_ms=0.000723285 total_avg_ms=6.228995 total_min_ms=6.156613 total_max_ms=6.265004 total_var_ms=0.000674619 effective_gflops=1.326268
RESULT comm=bcast kernel=cusparse matrix=cit-Patents.mtx P=4 rank=1 nrows_local=943692 ncols_global=3774768 nnz_local=4129263 n_ghost=-1 compute_avg_ms=0.229956 compute_min_ms=0.227328 compute_max_ms=0.234496 compute_var_ms=0.000002984 compute_gflops=35.913464 eff_bw_gbs=242.144808 pct_peak_bw=25.9500 comm_avg_ms=8.305358 comm_min_ms=8.215922 comm_max_ms=8.356359 comm_var_ms=0.000576271 total_avg_ms=8.535314 total_min_ms=8.445298 total_max_ms=8.585735 total_var_ms=0.000586681 effective_gflops=0.967571
RESULT comm=bcast kernel=cusparse matrix=cit-Patents.mtx P=4 rank=2 nrows_local=943692 ncols_global=3774768 nnz_local=4126579 n_ghost=-1 compute_avg_ms=0.214596 compute_min_ms=0.211968 compute_max_ms=0.222208 compute_var_ms=0.000003403 compute_gflops=38.459000 eff_bw_gbs=259.376569 pct_peak_bw=27.7967 comm_avg_ms=9.132593 comm_min_ms=9.075787 comm_max_ms=9.356075 comm_var_ms=0.002334919 total_avg_ms=9.347189 total_min_ms=9.289803 total_max_ms=9.578283 total_var_ms=0.002459457 effective_gflops=0.882956
RESULT comm=bcast kernel=cusparse matrix=cit-Patents.mtx P=4 rank=3 nrows_local=943692 ncols_global=3774768 nnz_local=4132446 n_ghost=-1 compute_avg_ms=0.219580 compute_min_ms=0.218112 compute_max_ms=0.227328 compute_var_ms=0.000002564 compute_gflops=37.639594 eff_bw_gbs=253.703652 pct_peak_bw=27.1887 comm_avg_ms=9.439953 comm_min_ms=9.404247 comm_max_ms=9.714872 comm_var_ms=0.002875969 total_avg_ms=9.659532 total_min_ms=9.623383 total_max_ms=9.942200 total_var_ms=0.003023847 effective_gflops=0.855620
[ERROR CHECKING] OK!

--- P=4 rep=1/3 driver=spmv_ghost_cusparse ---
Loaded ../matrices/cit-Patents.mtx: 3774768 x 3774768, 16518948 nnz
RESULT comm=ghost_mpi kernel=cusparse matrix=cit-Patents.mtx P=4 rank=0 nrows_local=943692 ncols_global=3774768 nnz_local=4130660 n_ghost=1415420 compute_avg_ms=0.194833 compute_min_ms=0.145408 compute_max_ms=0.217088 compute_var_ms=0.000999778 compute_gflops=42.402042 eff_bw_gbs=256.790434 pct_peak_bw=27.5196 comm_avg_ms=4.809226 comm_min_ms=2.735786 comm_max_ms=7.579765 comm_var_ms=1.166390305 total_avg_ms=5.004059 total_min_ms=2.882218 total_max_ms=7.795829 total_var_ms=1.190873945 effective_gflops=1.650924
RESULT comm=ghost_mpi kernel=cusparse matrix=cit-Patents.mtx P=4 rank=1 nrows_local=943692 ncols_global=3774768 nnz_local=4129263 n_ghost=1415861 compute_avg_ms=0.184764 compute_min_ms=0.145408 compute_max_ms=0.219136 compute_var_ms=0.001285952 compute_gflops=44.697765 eff_bw_gbs=270.734168 pct_peak_bw=29.0139 comm_avg_ms=5.991268 comm_min_ms=3.493909 comm_max_ms=8.188714 comm_var_ms=2.006609762 total_avg_ms=6.176032 total_min_ms=3.640341 total_max_ms=8.335146 total_var_ms=2.060574616 effective_gflops=1.337190
RESULT comm=ghost_mpi kernel=cusparse matrix=cit-Patents.mtx P=4 rank=2 nrows_local=943692 ncols_global=3774768 nnz_local=4126579 n_ghost=1416747 compute_avg_ms=0.179951 compute_min_ms=0.145408 compute_max_ms=0.214016 compute_var_ms=0.001083384 compute_gflops=45.863379 eff_bw_gbs=277.875344 pct_peak_bw=29.7792 comm_avg_ms=6.280581 comm_min_ms=3.811845 comm_max_ms=7.886266 comm_var_ms=1.194602597 total_avg_ms=6.460532 total_min_ms=3.957253 total_max_ms=8.035770 total_var_ms=1.233263564 effective_gflops=1.277474
RESULT comm=ghost_mpi kernel=cusparse matrix=cit-Patents.mtx P=4 rank=3 nrows_local=943692 ncols_global=3774768 nnz_local=4132446 n_ghost=1415810 compute_avg_ms=0.208794 compute_min_ms=0.145408 compute_max_ms=0.219136 compute_var_ms=0.000575483 compute_gflops=39.584029 eff_bw_gbs=239.696597 pct_peak_bw=25.6876 comm_avg_ms=6.486321 comm_min_ms=4.680567 comm_max_ms=8.188306 comm_var_ms=0.873133102 total_avg_ms=6.695115 total_min_ms=4.898679 total_max_ms=8.334738 total_var_ms=0.870867639 effective_gflops=1.234466
[ERROR CHECKING] OK!

--- P=4 rep=1/3 driver=spmv_ghost_acc ---
Loaded ../matrices/cit-Patents.mtx: 3774768 x 3774768, 16518948 nnz
[kernel] acc -> FLAT (nnz=4129263, avg_nnz=4.38, imbalance=175.97)
[kernel] acc -> FLAT (nnz=4126579, avg_nnz=4.37, imbalance=142.70)
[kernel] acc -> FLAT (nnz=4130660, avg_nnz=4.38, imbalance=168.38)
[kernel] acc -> FLAT (nnz=4132446, avg_nnz=4.38, imbalance=142.95)
RESULT comm=ghost_mpi kernel=acc matrix=cit-Patents.mtx P=4 rank=0 nrows_local=943692 ncols_global=3774768 nnz_local=4130660 n_ghost=1415420 compute_avg_ms=1.249519 compute_min_ms=0.933888 compute_max_ms=1.300480 compute_var_ms=0.010798912 compute_gflops=6.611600 eff_bw_gbs=40.053338 pct_peak_bw=4.2924 comm_avg_ms=6.061571 comm_min_ms=4.400605 comm_max_ms=7.680278 comm_var_ms=1.074780699 total_avg_ms=7.311089 total_min_ms=5.334493 total_max_ms=8.958230 total_var_ms=1.159062865 effective_gflops=1.129971
RESULT comm=ghost_mpi kernel=acc matrix=cit-Patents.mtx P=4 rank=2 nrows_local=943692 ncols_global=3774768 nnz_local=4126579 n_ghost=1416747 compute_avg_ms=1.180126 compute_min_ms=0.932864 compute_max_ms=1.274880 compute_var_ms=0.021423718 compute_gflops=6.993456 eff_bw_gbs=42.385350 pct_peak_bw=4.5423 comm_avg_ms=6.539069 comm_min_ms=3.198978 comm_max_ms=8.245246 comm_var_ms=1.503251568 total_avg_ms=7.719195 total_min_ms=4.131842 total_max_ms=9.183230 total_var_ms=1.704806220 effective_gflops=1.069173
RESULT comm=ghost_mpi kernel=acc matrix=cit-Patents.mtx P=4 rank=1 nrows_local=943692 ncols_global=3774768 nnz_local=4129263 n_ghost=1415861 compute_avg_ms=1.197193 compute_min_ms=0.932864 compute_max_ms=1.309696 compute_var_ms=0.024935539 compute_gflops=6.898244 eff_bw_gbs=41.796107 pct_peak_bw=4.4792 comm_avg_ms=6.460841 comm_min_ms=3.245501 comm_max_ms=7.836751 comm_var_ms=1.192824813 total_avg_ms=7.658033 total_min_ms=4.180413 total_max_ms=8.978477 total_var_ms=1.364377158 effective_gflops=1.078413
RESULT comm=ghost_mpi kernel=acc matrix=cit-Patents.mtx P=4 rank=3 nrows_local=943692 ncols_global=3774768 nnz_local=4132446 n_ghost=1415810 compute_avg_ms=1.055198 compute_min_ms=1.002496 compute_max_ms=1.292288 compute_var_ms=0.010421568 compute_gflops=7.832552 eff_bw_gbs=47.444429 pct_peak_bw=5.0845 comm_avg_ms=5.164392 comm_min_ms=3.067605 comm_max_ms=8.245648 comm_var_ms=1.889453172 total_avg_ms=6.219590 total_min_ms=4.081365 total_max_ms=9.248144 total_var_ms=2.065404283 effective_gflops=1.328848
[ERROR CHECKING] OK!

--- P=4 rep=1/3 driver=spmv_ghost_nccl_cusparse ---
Loaded ../matrices/cit-Patents.mtx: 3774768 x 3774768, 16518948 nnz
RESULT comm=ghost_nccl kernel=cusparse matrix=cit-Patents.mtx P=4 rank=0 nrows_local=943692 ncols_global=3774768 nnz_local=4130660 n_ghost=1415420 compute_avg_ms=0.215518 compute_min_ms=0.214016 compute_max_ms=0.217088 compute_var_ms=0.000000541 compute_gflops=38.332413 eff_bw_gbs=232.144407 pct_peak_bw=24.8783 comm_avg_ms=3.088934 comm_min_ms=0.674339 comm_max_ms=11.364396 comm_var_ms=7.029433995 total_avg_ms=3.304452 total_min_ms=0.888766 total_max_ms=11.580460 total_var_ms=7.030081251 effective_gflops=2.500057
RESULT comm=ghost_nccl kernel=cusparse matrix=cit-Patents.mtx P=4 rank=1 nrows_local=943692 ncols_global=3774768 nnz_local=4129263 n_ghost=1415861 compute_avg_ms=0.217805 compute_min_ms=0.217088 compute_max_ms=0.219136 compute_var_ms=0.000000570 compute_gflops=37.917098 eff_bw_gbs=229.663697 pct_peak_bw=24.6125 comm_avg_ms=3.575736 comm_min_ms=1.163772 comm_max_ms=11.879722 comm_var_ms=7.097340728 total_avg_ms=3.793541 total_min_ms=1.381884 total_max_ms=12.096810 total_var_ms=7.096010054 effective_gflops=2.176997
RESULT comm=ghost_nccl kernel=cusparse matrix=cit-Patents.mtx P=4 rank=2 nrows_local=943692 ncols_global=3774768 nnz_local=4126579 n_ghost=1416747 compute_avg_ms=0.211729 compute_min_ms=0.210944 compute_max_ms=0.212992 compute_var_ms=0.000000467 compute_gflops=38.979806 eff_bw_gbs=236.169405 pct_peak_bw=25.3097 comm_avg_ms=3.851424 comm_min_ms=1.408334 comm_max_ms=12.199476 comm_var_ms=7.082334375 total_avg_ms=4.063153 total_min_ms=1.620302 total_max_ms=12.410420 total_var_ms=7.081473090 effective_gflops=2.031220
RESULT comm=ghost_nccl kernel=cusparse matrix=cit-Patents.mtx P=4 rank=3 nrows_local=943692 ncols_global=3774768 nnz_local=4132446 n_ghost=1415810 compute_avg_ms=0.217771 compute_min_ms=0.216064 compute_max_ms=0.219136 compute_var_ms=0.000000583 compute_gflops=37.952273 eff_bw_gbs=229.815687 pct_peak_bw=24.6287 comm_avg_ms=3.808668 comm_min_ms=1.371537 comm_max_ms=12.177989 comm_var_ms=7.107393107 total_avg_ms=4.026438 total_min_ms=1.587601 total_max_ms=12.395077 total_var_ms=7.107008947 effective_gflops=2.052656
[ERROR CHECKING] OK!

--- P=4 rep=1/3 driver=spmv_ghost_nccl_acc ---
Loaded ../matrices/cit-Patents.mtx: 3774768 x 3774768, 16518948 nnz
[kernel] acc -> FLAT (nnz=4126579, avg_nnz=4.37, imbalance=142.70)
[kernel] acc -> FLAT (nnz=4129263, avg_nnz=4.38, imbalance=175.97)
[kernel] acc -> FLAT (nnz=4132446, avg_nnz=4.38, imbalance=142.95)
[kernel] acc -> FLAT (nnz=4130660, avg_nnz=4.38, imbalance=168.38)
RESULT comm=ghost_nccl kernel=acc matrix=cit-Patents.mtx P=4 rank=0 nrows_local=943692 ncols_global=3774768 nnz_local=4130660 n_ghost=1415420 compute_avg_ms=1.189137 compute_min_ms=0.932864 compute_max_ms=1.301504 compute_var_ms=0.023414908 compute_gflops=6.947324 eff_bw_gbs=42.087162 pct_peak_bw=4.5104 comm_avg_ms=5.355023 comm_min_ms=0.684288 comm_max_ms=10.100073 comm_var_ms=8.979188125 total_avg_ms=6.544160 total_min_ms=1.651910 total_max_ms=11.309765 total_var_ms=8.773565626 effective_gflops=1.262396
RESULT comm=ghost_nccl kernel=acc matrix=cit-Patents.mtx P=4 rank=1 nrows_local=943692 ncols_global=3774768 nnz_local=4129263 n_ghost=1415861 compute_avg_ms=1.146607 compute_min_ms=0.926720 compute_max_ms=1.296384 compute_var_ms=0.030481192 compute_gflops=7.202578 eff_bw_gbs=43.640054 pct_peak_bw=4.6768 comm_avg_ms=5.796073 comm_min_ms=1.010899 comm_max_ms=10.526795 comm_var_ms=8.799760580 total_avg_ms=6.942680 total_min_ms=1.939667 total_max_ms=11.800962 total_var_ms=8.380373087 effective_gflops=1.189530
RESULT comm=ghost_nccl kernel=acc matrix=cit-Patents.mtx P=4 rank=2 nrows_local=943692 ncols_global=3774768 nnz_local=4126579 n_ghost=1416747 compute_avg_ms=1.134455 compute_min_ms=0.927744 compute_max_ms=1.278976 compute_var_ms=0.026726645 compute_gflops=7.274995 eff_bw_gbs=44.091681 pct_peak_bw=4.7252 comm_avg_ms=6.005296 comm_min_ms=1.235609 comm_max_ms=10.780183 comm_var_ms=8.767955850 total_avg_ms=7.139752 total_min_ms=2.171545 total_max_ms=12.059159 total_var_ms=8.372267062 effective_gflops=1.155945
RESULT comm=ghost_nccl kernel=acc matrix=cit-Patents.mtx P=4 rank=3 nrows_local=943692 ncols_global=3774768 nnz_local=4132446 n_ghost=1415810 compute_avg_ms=1.226206 compute_min_ms=0.921600 compute_max_ms=1.296384 compute_var_ms=0.014729677 compute_gflops=6.740216 eff_bw_gbs=40.827777 pct_peak_bw=4.3754 comm_avg_ms=5.978864 comm_min_ms=1.255433 comm_max_ms=10.745971 comm_var_ms=8.773098980 total_avg_ms=7.205069 total_min_ms=2.354185 total_max_ms=12.026995 total_var_ms=8.635824956 effective_gflops=1.147094
[ERROR CHECKING] OK!

--- P=4 rep=1/3 driver=spmv_2d_cusparse ---
Grid: P=4 -> P_r=2 x P_c=2
Loaded ../matrices/cit-Patents.mtx: 3774768 x 3774768, 16518948 nnz
RESULT comm=checkerboard_mpi kernel=cusparse matrix=cit-Patents.mtx P=4 rank=0 nrows_local=1887384 ncols_global=3774768 nnz_local=4126232 n_ghost=-1 compute_avg_ms=0.226441 compute_min_ms=0.224256 compute_max_ms=0.232448 compute_var_ms=0.000002079 compute_gflops=36.444288 eff_bw_gbs=245.797287 pct_peak_bw=26.3414 comm_avg_ms=8.448311 comm_min_ms=8.299575 comm_max_ms=8.585499 comm_var_ms=0.003900411 total_avg_ms=8.674752 total_min_ms=8.525879 total_max_ms=8.812827 total_var_ms=0.003896671 effective_gflops=0.951320
RESULT comm=checkerboard_mpi kernel=cusparse matrix=cit-Patents.mtx P=4 rank=1 nrows_local=1887384 ncols_global=3774768 nnz_local=4131007 n_ghost=-1 compute_avg_ms=0.226372 compute_min_ms=0.225280 compute_max_ms=0.227328 compute_var_ms=0.000000485 compute_gflops=36.497466 eff_bw_gbs=246.040159 pct_peak_bw=26.3675 comm_avg_ms=6.378641 comm_min_ms=6.305110 comm_max_ms=6.450850 comm_var_ms=0.001463038 total_avg_ms=6.605013 total_min_ms=6.530390 total_max_ms=6.678178 total_var_ms=0.001469749 effective_gflops=1.250870
RESULT comm=checkerboard_mpi kernel=cusparse matrix=cit-Patents.mtx P=4 rank=2 nrows_local=1887384 ncols_global=3774768 nnz_local=4130224 n_ghost=-1 compute_avg_ms=0.221901 compute_min_ms=0.220160 compute_max_ms=0.224256 compute_var_ms=0.000000989 compute_gflops=37.225860 eff_bw_gbs=250.969824 pct_peak_bw=26.8958 comm_avg_ms=11.507378 comm_min_ms=11.439043 comm_max_ms=11.597339 comm_var_ms=0.001328514 total_avg_ms=11.729278 total_min_ms=11.662275 total_max_ms=11.819547 total_var_ms=0.001319991 effective_gflops=0.704259
RESULT comm=checkerboard_mpi kernel=cusparse matrix=cit-Patents.mtx P=4 rank=3 nrows_local=1887384 ncols_global=3774768 nnz_local=4131485 n_ghost=-1 compute_avg_ms=0.226714 compute_min_ms=0.225280 compute_max_ms=0.229376 compute_var_ms=0.000001021 compute_gflops=36.446733 eff_bw_gbs=245.686595 pct_peak_bw=26.3296 comm_avg_ms=9.522718 comm_min_ms=9.451215 comm_max_ms=9.617639 comm_var_ms=0.001196413 total_avg_ms=9.749432 total_min_ms=9.677519 total_max_ms=9.844967 total_var_ms=0.001218746 effective_gflops=0.847533
[ERROR CHECKING] OK!

--- P=4 rep=1/3 driver=spmv_2d_acc ---
Grid: P=4 -> P_r=2 x P_c=2
Loaded ../matrices/cit-Patents.mtx: 3774768 x 3774768, 16518948 nnz
[kernel] acc -> FLAT (nnz=4131485, avg_nnz=2.19, imbalance=172.22)
[kernel] acc -> FLAT (nnz=4130224, avg_nnz=2.19, imbalance=179.59)
[kernel] acc -> FLAT (nnz=4126232, avg_nnz=2.19, imbalance=171.53)
[kernel] acc -> FLAT (nnz=4131007, avg_nnz=2.19, imbalance=165.39)
RESULT comm=checkerboard_mpi kernel=acc matrix=cit-Patents.mtx P=4 rank=0 nrows_local=1887384 ncols_global=3774768 nnz_local=4126232 n_ghost=-1 compute_avg_ms=2.449920 compute_min_ms=2.432000 compute_max_ms=2.460672 compute_var_ms=0.000036403 compute_gflops=3.368463 eff_bw_gbs=22.725063 pct_peak_bw=2.4354 comm_avg_ms=7.212925 comm_min_ms=7.190588 comm_max_ms=7.247163 comm_var_ms=0.000168903 total_avg_ms=9.662845 total_min_ms=9.633623 total_max_ms=9.701691 total_var_ms=0.000213855 effective_gflops=0.854041
RESULT comm=checkerboard_mpi kernel=acc matrix=cit-Patents.mtx P=4 rank=1 nrows_local=1887384 ncols_global=3774768 nnz_local=4131007 n_ghost=-1 compute_avg_ms=2.462447 compute_min_ms=2.452480 compute_max_ms=2.476032 compute_var_ms=0.000037604 compute_gflops=3.355205 eff_bw_gbs=22.624978 pct_peak_bw=2.4247 comm_avg_ms=5.077779 comm_min_ms=5.047189 comm_max_ms=5.104538 comm_var_ms=0.000169064 total_avg_ms=7.540226 total_min_ms=7.522867 total_max_ms=7.563095 total_var_ms=0.000123046 effective_gflops=1.095725
RESULT comm=checkerboard_mpi kernel=acc matrix=cit-Patents.mtx P=4 rank=2 nrows_local=1887384 ncols_global=3774768 nnz_local=4130224 n_ghost=-1 compute_avg_ms=2.429747 compute_min_ms=2.416640 compute_max_ms=2.444288 compute_var_ms=0.000038336 compute_gflops=3.399715 eff_bw_gbs=22.926888 pct_peak_bw=2.4570 comm_avg_ms=11.208123 comm_min_ms=11.149311 comm_max_ms=11.351351 comm_var_ms=0.001057852 total_avg_ms=13.637871 total_min_ms=13.576191 total_max_ms=13.787447 total_var_ms=0.001223977 effective_gflops=0.605699
RESULT comm=checkerboard_mpi kernel=acc matrix=cit-Patents.mtx P=4 rank=3 nrows_local=1887384 ncols_global=3774768 nnz_local=4131485 n_ghost=-1 compute_avg_ms=2.446643 compute_min_ms=2.432000 compute_max_ms=2.460672 compute_var_ms=0.000040416 compute_gflops=3.377268 eff_bw_gbs=22.772684 pct_peak_bw=2.4405 comm_avg_ms=9.221648 comm_min_ms=9.174838 comm_max_ms=9.361168 comm_var_ms=0.001144458 total_avg_ms=11.668292 total_min_ms=11.624246 total_max_ms=11.810576 total_var_ms=0.001107921 effective_gflops=0.708156
[ERROR CHECKING] OK!

--- P=4 rep=1/3 driver=spmv_2d_nccl_cusparse ---
Grid: P=4 -> P_r=2 x P_c=2
Loaded ../matrices/cit-Patents.mtx: 3774768 x 3774768, 16518948 nnz
RESULT comm=checkerboard_nccl kernel=cusparse matrix=cit-Patents.mtx P=4 rank=0 nrows_local=1887384 ncols_global=3774768 nnz_local=4126232 n_ghost=-1 compute_avg_ms=0.225075 compute_min_ms=0.223232 compute_max_ms=0.226304 compute_var_ms=0.000000727 compute_gflops=36.665364 eff_bw_gbs=247.288323 pct_peak_bw=26.5012 comm_avg_ms=0.964582 comm_min_ms=0.943003 comm_max_ms=0.993498 comm_var_ms=0.000125778 total_avg_ms=1.189657 total_min_ms=1.167259 total_max_ms=1.217754 total_var_ms=0.000124900 effective_gflops=6.936843
RESULT comm=checkerboard_nccl kernel=cusparse matrix=cit-Patents.mtx P=4 rank=1 nrows_local=1887384 ncols_global=3774768 nnz_local=4131007 n_ghost=-1 compute_avg_ms=0.226202 compute_min_ms=0.224256 compute_max_ms=0.227328 compute_var_ms=0.000000374 compute_gflops=36.525003 eff_bw_gbs=246.225795 pct_peak_bw=26.3874 comm_avg_ms=0.897600 comm_min_ms=0.881090 comm_max_ms=0.919599 comm_var_ms=0.000103164 total_avg_ms=1.123802 total_min_ms=1.107394 total_max_ms=1.146927 total_var_ms=0.000102951 effective_gflops=7.351844
RESULT comm=checkerboard_nccl kernel=cusparse matrix=cit-Patents.mtx P=4 rank=2 nrows_local=1887384 ncols_global=3774768 nnz_local=4130224 n_ghost=-1 compute_avg_ms=0.221935 compute_min_ms=0.220160 compute_max_ms=0.224256 compute_var_ms=0.000000904 compute_gflops=37.220135 eff_bw_gbs=250.931225 pct_peak_bw=26.8916 comm_avg_ms=1.047921 comm_min_ms=1.035031 comm_max_ms=1.065615 comm_var_ms=0.000081945 total_avg_ms=1.269856 total_min_ms=1.257137 total_max_ms=1.287823 total_var_ms=0.000085592 effective_gflops=6.505027
RESULT comm=checkerboard_nccl kernel=cusparse matrix=cit-Patents.mtx P=4 rank=3 nrows_local=1887384 ncols_global=3774768 nnz_local=4131485 n_ghost=-1 compute_avg_ms=0.227089 compute_min_ms=0.225280 compute_max_ms=0.228352 compute_var_ms=0.000000677 compute_gflops=36.386472 eff_bw_gbs=245.280380 pct_peak_bw=26.2860 comm_avg_ms=0.972258 comm_min_ms=0.959574 comm_max_ms=0.987647 comm_var_ms=0.000060900 total_avg_ms=1.199347 total_min_ms=1.186902 total_max_ms=1.215999 total_var_ms=0.000060801 effective_gflops=6.889557
[ERROR CHECKING] OK!

--- P=4 rep=1/3 driver=spmv_2d_nccl_acc ---
Grid: P=4 -> P_r=2 x P_c=2
Loaded ../matrices/cit-Patents.mtx: 3774768 x 3774768, 16518948 nnz
[kernel] acc -> FLAT (nnz=4131485, avg_nnz=2.19, imbalance=172.22)
[kernel] acc -> FLAT (nnz=4130224, avg_nnz=2.19, imbalance=179.59)
[kernel] acc -> FLAT (nnz=4131007, avg_nnz=2.19, imbalance=165.39)
[kernel] acc -> FLAT (nnz=4126232, avg_nnz=2.19, imbalance=171.53)
RESULT comm=checkerboard_nccl kernel=acc matrix=cit-Patents.mtx P=4 rank=1 nrows_local=1887384 ncols_global=3774768 nnz_local=4131007 n_ghost=-1 compute_avg_ms=2.466167 compute_min_ms=2.450432 compute_max_ms=2.488320 compute_var_ms=0.000055818 compute_gflops=3.350143 eff_bw_gbs=22.590846 pct_peak_bw=2.4210 comm_avg_ms=0.885733 comm_min_ms=0.869200 comm_max_ms=0.907625 comm_var_ms=0.000097738 total_avg_ms=3.351900 total_min_ms=3.336016 total_max_ms=3.390511 total_var_ms=0.000124373 effective_gflops=2.464875
RESULT comm=checkerboard_nccl kernel=acc matrix=cit-Patents.mtx P=4 rank=0 nrows_local=1887384 ncols_global=3774768 nnz_local=4126232 n_ghost=-1 compute_avg_ms=2.456098 compute_min_ms=2.444288 compute_max_ms=2.479104 compute_var_ms=0.000054996 compute_gflops=3.359990 eff_bw_gbs=22.667900 pct_peak_bw=2.4293 comm_avg_ms=0.962514 comm_min_ms=0.938491 comm_max_ms=1.002971 comm_var_ms=0.000179874 total_avg_ms=3.418612 total_min_ms=3.397115 total_max_ms=3.456475 total_var_ms=0.000146773 effective_gflops=2.413981
RESULT comm=checkerboard_nccl kernel=acc matrix=cit-Patents.mtx P=4 rank=2 nrows_local=1887384 ncols_global=3774768 nnz_local=4130224 n_ghost=-1 compute_avg_ms=2.430737 compute_min_ms=2.410496 compute_max_ms=2.445312 compute_var_ms=0.000063242 compute_gflops=3.398331 eff_bw_gbs=22.917551 pct_peak_bw=2.4560 comm_avg_ms=1.044179 comm_min_ms=1.011840 comm_max_ms=1.078579 comm_var_ms=0.000242684 total_avg_ms=3.474916 total_min_ms=3.451008 total_max_ms=3.503688 total_var_ms=0.000182657 effective_gflops=2.377165
RESULT comm=checkerboard_nccl kernel=acc matrix=cit-Patents.mtx P=4 rank=3 nrows_local=1887384 ncols_global=3774768 nnz_local=4131485 n_ghost=-1 compute_avg_ms=2.447462 compute_min_ms=2.423808 compute_max_ms=2.462720 compute_var_ms=0.000083911 compute_gflops=3.376138 eff_bw_gbs=22.765061 pct_peak_bw=2.4397 comm_avg_ms=0.957397 comm_min_ms=0.941803 comm_max_ms=0.976878 comm_var_ms=0.000083674 total_avg_ms=3.404860 total_min_ms=3.382790 total_max_ms=3.430009 total_var_ms=0.000151747 effective_gflops=2.426817
[ERROR CHECKING] OK!

--- P=4 rep=2/3 driver=spmv_bcast ---
Loaded ../matrices/cit-Patents.mtx: 3774768 x 3774768, 16518948 nnz
RESULT comm=bcast kernel=cusparse matrix=cit-Patents.mtx P=4 rank=0 nrows_local=943692 ncols_global=3774768 nnz_local=4130660 n_ghost=-1 compute_avg_ms=0.231902 compute_min_ms=0.227328 compute_max_ms=0.242688 compute_var_ms=0.000010188 compute_gflops=35.624206 eff_bw_gbs=240.161464 pct_peak_bw=25.7375 comm_avg_ms=6.123476 comm_min_ms=6.059224 comm_max_ms=6.188086 comm_var_ms=0.001045553 total_avg_ms=6.355377 total_min_ms=6.290648 total_max_ms=6.423606 total_var_ms=0.001005032 effective_gflops=1.299894
RESULT comm=bcast kernel=cusparse matrix=cit-Patents.mtx P=4 rank=1 nrows_local=943692 ncols_global=3774768 nnz_local=4129263 n_ghost=-1 compute_avg_ms=0.229615 compute_min_ms=0.227328 compute_max_ms=0.235520 compute_var_ms=0.000003683 compute_gflops=35.966851 eff_bw_gbs=242.504767 pct_peak_bw=25.9886 comm_avg_ms=8.386651 comm_min_ms=8.318608 comm_max_ms=8.437491 comm_var_ms=0.000844782 total_avg_ms=8.616265 total_min_ms=8.554128 total_max_ms=8.665843 total_var_ms=0.000813204 effective_gflops=0.958481
RESULT comm=bcast kernel=cusparse matrix=cit-Patents.mtx P=4 rank=2 nrows_local=943692 ncols_global=3774768 nnz_local=4126579 n_ghost=-1 compute_avg_ms=0.215040 compute_min_ms=0.212992 compute_max_ms=0.222208 compute_var_ms=0.000005662 compute_gflops=38.379641 eff_bw_gbs=258.841350 pct_peak_bw=27.7393 comm_avg_ms=9.270600 comm_min_ms=9.199424 comm_max_ms=9.465737 comm_var_ms=0.002370036 total_avg_ms=9.485640 total_min_ms=9.414464 total_max_ms=9.687945 total_var_ms=0.002483081 effective_gflops=0.870069
RESULT comm=bcast kernel=cusparse matrix=cit-Patents.mtx P=4 rank=3 nrows_local=943692 ncols_global=3774768 nnz_local=4132446 n_ghost=-1 compute_avg_ms=0.219477 compute_min_ms=0.218112 compute_max_ms=0.224256 compute_var_ms=0.000001421 compute_gflops=37.657155 eff_bw_gbs=253.822021 pct_peak_bw=27.2014 comm_avg_ms=9.535398 comm_min_ms=9.477544 comm_max_ms=9.903266 comm_var_ms=0.005355436 total_avg_ms=9.754875 total_min_ms=9.697366 total_max_ms=10.127522 total_var_ms=0.005492530 effective_gflops=0.847258
[ERROR CHECKING] OK!

--- P=4 rep=2/3 driver=spmv_ghost_cusparse ---
Loaded ../matrices/cit-Patents.mtx: 3774768 x 3774768, 16518948 nnz
RESULT comm=ghost_mpi kernel=cusparse matrix=cit-Patents.mtx P=4 rank=1 nrows_local=943692 ncols_global=3774768 nnz_local=4129263 n_ghost=1415861 compute_avg_ms=0.218522 compute_min_ms=0.217088 compute_max_ms=0.220160 compute_var_ms=0.000000391 compute_gflops=37.792721 eff_bw_gbs=228.910347 pct_peak_bw=24.5317 comm_avg_ms=6.810210 comm_min_ms=4.996335 comm_max_ms=7.962891 comm_var_ms=0.663723610 total_avg_ms=7.028732 total_min_ms=5.214447 total_max_ms=8.182027 total_var_ms=0.663846003 effective_gflops=1.174967
RESULT comm=ghost_mpi kernel=cusparse matrix=cit-Patents.mtx P=4 rank=2 nrows_local=943692 ncols_global=3774768 nnz_local=4126579 n_ghost=1416747 compute_avg_ms=0.212787 compute_min_ms=0.210944 compute_max_ms=0.214016 compute_var_ms=0.000000587 compute_gflops=38.785970 eff_bw_gbs=234.994999 pct_peak_bw=25.1838 comm_avg_ms=6.828337 comm_min_ms=5.005650 comm_max_ms=7.962962 comm_var_ms=0.630603372 total_avg_ms=7.041124 total_min_ms=5.218642 total_max_ms=8.175954 total_var_ms=0.630895498 effective_gflops=1.172136
RESULT comm=ghost_mpi kernel=cusparse matrix=cit-Patents.mtx P=4 rank=0 nrows_local=943692 ncols_global=3774768 nnz_local=4130660 n_ghost=1415420 compute_avg_ms=0.216132 compute_min_ms=0.215040 compute_max_ms=0.217088 compute_var_ms=0.000000485 compute_gflops=38.223445 eff_bw_gbs=231.484489 pct_peak_bw=24.8076 comm_avg_ms=5.928534 comm_min_ms=4.318567 comm_max_ms=7.479455 comm_var_ms=1.160259195 total_avg_ms=6.144666 total_min_ms=4.534631 total_max_ms=7.696543 total_var_ms=1.160402451 effective_gflops=1.344470
RESULT comm=ghost_mpi kernel=cusparse matrix=cit-Patents.mtx P=4 rank=3 nrows_local=943692 ncols_global=3774768 nnz_local=4132446 n_ghost=1415810 compute_avg_ms=0.173193 compute_min_ms=0.148480 compute_max_ms=0.219136 compute_var_ms=0.001044153 compute_gflops=47.720833 eff_bw_gbs=288.968088 pct_peak_bw=30.9679 comm_avg_ms=5.051489 comm_min_ms=3.068488 comm_max_ms=7.946856 comm_var_ms=2.031695087 total_avg_ms=5.224681 total_min_ms=3.219016 total_max_ms=8.164968 total_var_ms=2.110001469 effective_gflops=1.581894
[ERROR CHECKING] OK!

--- P=4 rep=2/3 driver=spmv_ghost_acc ---
Loaded ../matrices/cit-Patents.mtx: 3774768 x 3774768, 16518948 nnz
[kernel] acc -> FLAT (nnz=4129263, avg_nnz=4.38, imbalance=175.97)
[kernel] acc -> FLAT (nnz=4126579, avg_nnz=4.37, imbalance=142.70)
[kernel] acc -> FLAT (nnz=4130660, avg_nnz=4.38, imbalance=168.38)
[kernel] acc -> FLAT (nnz=4132446, avg_nnz=4.38, imbalance=142.95)
RESULT comm=ghost_mpi kernel=acc matrix=cit-Patents.mtx P=4 rank=0 nrows_local=943692 ncols_global=3774768 nnz_local=4130660 n_ghost=1415420 compute_avg_ms=1.248973 compute_min_ms=0.936960 compute_max_ms=1.289216 compute_var_ms=0.010464520 compute_gflops=6.614491 eff_bw_gbs=40.070851 pct_peak_bw=4.2943 comm_avg_ms=6.117964 comm_min_ms=3.152369 comm_max_ms=7.603711 comm_var_ms=1.297039137 total_avg_ms=7.366937 total_min_ms=4.089329 total_max_ms=8.887807 total_var_ms=1.414598668 effective_gflops=1.121405
RESULT comm=ghost_mpi kernel=acc matrix=cit-Patents.mtx P=4 rank=2 nrows_local=943692 ncols_global=3774768 nnz_local=4126579 n_ghost=1416747 compute_avg_ms=1.191049 compute_min_ms=0.931840 compute_max_ms=1.278976 compute_var_ms=0.019689302 compute_gflops=6.929321 eff_bw_gbs=41.996650 pct_peak_bw=4.5007 comm_avg_ms=6.564629 comm_min_ms=3.228030 comm_max_ms=8.017663 comm_var_ms=1.532930066 total_avg_ms=7.755678 total_min_ms=4.168062 total_max_ms=9.245671 total_var_ms=1.748771980 effective_gflops=1.064144
RESULT comm=ghost_mpi kernel=acc matrix=cit-Patents.mtx P=4 rank=1 nrows_local=943692 ncols_global=3774768 nnz_local=4129263 n_ghost=1415861 compute_avg_ms=1.196203 compute_min_ms=0.926720 compute_max_ms=1.297408 compute_var_ms=0.024868103 compute_gflops=6.903952 eff_bw_gbs=41.830694 pct_peak_bw=4.4829 comm_avg_ms=6.418395 comm_min_ms=3.399155 comm_max_ms=7.972149 comm_var_ms=1.641916616 total_avg_ms=7.614598 total_min_ms=4.335091 total_max_ms=9.267509 total_var_ms=1.908957181 effective_gflops=1.084565
RESULT comm=ghost_mpi kernel=acc matrix=cit-Patents.mtx P=4 rank=3 nrows_local=943692 ncols_global=3774768 nnz_local=4132446 n_ghost=1415810 compute_avg_ms=1.098411 compute_min_ms=1.036288 compute_max_ms=1.293312 compute_var_ms=0.005123086 compute_gflops=7.524410 eff_bw_gbs=45.577908 pct_peak_bw=4.8845 comm_avg_ms=5.136911 comm_min_ms=4.005299 comm_max_ms=8.017347 comm_var_ms=1.537868147 total_avg_ms=6.235321 total_min_ms=5.074355 total_max_ms=9.092547 total_var_ms=1.658146323 effective_gflops=1.325496
[ERROR CHECKING] OK!

--- P=4 rep=2/3 driver=spmv_ghost_nccl_cusparse ---
Loaded ../matrices/cit-Patents.mtx: 3774768 x 3774768, 16518948 nnz
RESULT comm=ghost_nccl kernel=cusparse matrix=cit-Patents.mtx P=4 rank=0 nrows_local=943692 ncols_global=3774768 nnz_local=4130660 n_ghost=1415420 compute_avg_ms=0.215313 compute_min_ms=0.214016 compute_max_ms=0.217088 compute_var_ms=0.000000485 compute_gflops=38.368874 eff_bw_gbs=232.365218 pct_peak_bw=24.9020 comm_avg_ms=2.437100 comm_min_ms=0.671184 comm_max_ms=5.830192 comm_var_ms=3.677685687 total_avg_ms=2.652414 total_min_ms=0.886224 total_max_ms=6.045232 total_var_ms=3.677307774 effective_gflops=3.114643
RESULT comm=ghost_nccl kernel=cusparse matrix=cit-Patents.mtx P=4 rank=1 nrows_local=943692 ncols_global=3774768 nnz_local=4129263 n_ghost=1415861 compute_avg_ms=0.218112 compute_min_ms=0.216064 compute_max_ms=0.219136 compute_var_ms=0.000000350 compute_gflops=37.863693 eff_bw_gbs=229.340223 pct_peak_bw=24.5778 comm_avg_ms=2.937007 comm_min_ms=1.175756 comm_max_ms=6.308916 comm_var_ms=3.667563691 total_avg_ms=3.155119 total_min_ms=1.392844 total_max_ms=6.527028 total_var_ms=3.667694165 effective_gflops=2.617501
RESULT comm=ghost_nccl kernel=cusparse matrix=cit-Patents.mtx P=4 rank=2 nrows_local=943692 ncols_global=3774768 nnz_local=4126579 n_ghost=1416747 compute_avg_ms=0.212241 compute_min_ms=0.210944 compute_max_ms=0.215040 compute_var_ms=0.000000764 compute_gflops=38.885773 eff_bw_gbs=235.599681 pct_peak_bw=25.2486 comm_avg_ms=3.163596 comm_min_ms=1.419235 comm_max_ms=6.461733 comm_var_ms=3.558152599 total_avg_ms=3.375838 total_min_ms=1.631203 total_max_ms=6.673701 total_var_ms=3.558560935 effective_gflops=2.444773
RESULT comm=ghost_nccl kernel=cusparse matrix=cit-Patents.mtx P=4 rank=3 nrows_local=943692 ncols_global=3774768 nnz_local=4132446 n_ghost=1415810 compute_avg_ms=0.204902 compute_min_ms=0.192512 compute_max_ms=0.219136 compute_var_ms=0.000139974 compute_gflops=40.335750 eff_bw_gbs=244.248557 pct_peak_bw=26.1755 comm_avg_ms=3.131906 comm_min_ms=1.363931 comm_max_ms=6.414706 comm_var_ms=3.563895591 total_avg_ms=3.336808 total_min_ms=1.582043 total_max_ms=6.608242 total_var_ms=3.572219006 effective_gflops=2.476886
[ERROR CHECKING] OK!

--- P=4 rep=2/3 driver=spmv_ghost_nccl_acc ---
Loaded ../matrices/cit-Patents.mtx: 3774768 x 3774768, 16518948 nnz
[kernel] acc -> FLAT (nnz=4129263, avg_nnz=4.38, imbalance=175.97)
[kernel] acc -> FLAT (nnz=4126579, avg_nnz=4.37, imbalance=142.70)
[kernel] acc -> FLAT (nnz=4132446, avg_nnz=4.38, imbalance=142.95)
[kernel] acc -> FLAT (nnz=4130660, avg_nnz=4.38, imbalance=168.38)
RESULT comm=ghost_nccl kernel=acc matrix=cit-Patents.mtx P=4 rank=0 nrows_local=943692 ncols_global=3774768 nnz_local=4130660 n_ghost=1415420 compute_avg_ms=1.281331 compute_min_ms=1.271808 compute_max_ms=1.292288 compute_var_ms=0.000031887 compute_gflops=6.447451 eff_bw_gbs=39.058913 pct_peak_bw=4.1858 comm_avg_ms=2.193218 comm_min_ms=0.677096 comm_max_ms=10.493957 comm_var_ms=4.154495067 total_avg_ms=3.474549 total_min_ms=1.954035 total_max_ms=11.773957 total_var_ms=4.152678953 effective_gflops=2.377667
RESULT comm=ghost_nccl kernel=acc matrix=cit-Patents.mtx P=4 rank=1 nrows_local=943692 ncols_global=3774768 nnz_local=4129263 n_ghost=1415861 compute_avg_ms=1.226547 compute_min_ms=0.927744 compute_max_ms=1.297408 compute_var_ms=0.017717119 compute_gflops=6.733150 eff_bw_gbs=40.795811 pct_peak_bw=4.3720 comm_avg_ms=2.658643 comm_min_ms=0.989675 comm_max_ms=10.959739 comm_var_ms=4.132299486 total_avg_ms=3.885190 total_min_ms=1.917419 total_max_ms=12.247931 total_var_ms=4.155940994 effective_gflops=2.125643
RESULT comm=ghost_nccl kernel=acc matrix=cit-Patents.mtx P=4 rank=2 nrows_local=943692 ncols_global=3774768 nnz_local=4126579 n_ghost=1416747 compute_avg_ms=1.265357 compute_min_ms=1.178624 compute_max_ms=1.277952 compute_var_ms=0.000273689 compute_gflops=6.522396 eff_bw_gbs=39.530390 pct_peak_bw=4.2364 comm_avg_ms=2.923732 comm_min_ms=1.411973 comm_max_ms=11.141209 comm_var_ms=4.080562208 total_avg_ms=4.189089 total_min_ms=2.683781 total_max_ms=12.409945 total_var_ms=4.080155192 effective_gflops=1.970156
RESULT comm=ghost_nccl kernel=acc matrix=cit-Patents.mtx P=4 rank=3 nrows_local=943692 ncols_global=3774768 nnz_local=4132446 n_ghost=1415810 compute_avg_ms=1.277133 compute_min_ms=1.266688 compute_max_ms=1.287168 compute_var_ms=0.000031905 compute_gflops=6.471443 eff_bw_gbs=39.199729 pct_peak_bw=4.2009 comm_avg_ms=2.880730 comm_min_ms=1.356583 comm_max_ms=11.082842 comm_var_ms=4.071071673 total_avg_ms=4.157862 total_min_ms=2.626343 total_max_ms=12.354650 total_var_ms=4.070952666 effective_gflops=1.987774
[ERROR CHECKING] OK!

--- P=4 rep=2/3 driver=spmv_2d_cusparse ---
Grid: P=4 -> P_r=2 x P_c=2
Loaded ../matrices/cit-Patents.mtx: 3774768 x 3774768, 16518948 nnz
RESULT comm=checkerboard_mpi kernel=cusparse matrix=cit-Patents.mtx P=4 rank=0 nrows_local=1887384 ncols_global=3774768 nnz_local=4126232 n_ghost=-1 compute_avg_ms=0.227055 compute_min_ms=0.225280 compute_max_ms=0.230400 compute_var_ms=0.000001324 compute_gflops=36.345672 eff_bw_gbs=245.132169 pct_peak_bw=26.2702 comm_avg_ms=8.842910 comm_min_ms=8.716125 comm_max_ms=9.382971 comm_var_ms=0.011804807 total_avg_ms=9.069965 total_min_ms=8.944477 total_max_ms=9.611323 total_var_ms=0.011836437 effective_gflops=0.909867
RESULT comm=checkerboard_mpi kernel=cusparse matrix=cit-Patents.mtx P=4 rank=1 nrows_local=1887384 ncols_global=3774768 nnz_local=4131007 n_ghost=-1 compute_avg_ms=0.226236 compute_min_ms=0.225280 compute_max_ms=0.227328 compute_var_ms=0.000000415 compute_gflops=36.519492 eff_bw_gbs=246.188645 pct_peak_bw=26.3834 comm_avg_ms=6.477421 comm_min_ms=6.424441 comm_max_ms=6.539232 comm_var_ms=0.000585000 total_avg_ms=6.703657 total_min_ms=6.650745 total_max_ms=6.764512 total_var_ms=0.000581984 effective_gflops=1.232464
RESULT comm=checkerboard_mpi kernel=cusparse matrix=cit-Patents.mtx P=4 rank=2 nrows_local=1887384 ncols_global=3774768 nnz_local=4130224 n_ghost=-1 compute_avg_ms=0.223027 compute_min_ms=0.221184 compute_max_ms=0.225280 compute_var_ms=0.000001426 compute_gflops=37.037851 eff_bw_gbs=249.702299 pct_peak_bw=26.7599 comm_avg_ms=11.583749 comm_min_ms=11.545359 comm_max_ms=11.698459 comm_var_ms=0.000907649 total_avg_ms=11.806776 total_min_ms=11.766543 total_max_ms=11.920667 total_var_ms=0.000924527 effective_gflops=0.699636
RESULT comm=checkerboard_mpi kernel=cusparse matrix=cit-Patents.mtx P=4 rank=3 nrows_local=1887384 ncols_global=3774768 nnz_local=4131485 n_ghost=-1 compute_avg_ms=0.226338 compute_min_ms=0.225280 compute_max_ms=0.227328 compute_var_ms=0.000000523 compute_gflops=36.507194 eff_bw_gbs=246.094158 pct_peak_bw=26.3733 comm_avg_ms=9.716650 comm_min_ms=9.673133 comm_max_ms=9.837104 comm_var_ms=0.000938734 total_avg_ms=9.942988 total_min_ms=9.900461 total_max_ms=10.064432 total_var_ms=0.000941846 effective_gflops=0.831035
[ERROR CHECKING] OK!

--- P=4 rep=2/3 driver=spmv_2d_acc ---
Grid: P=4 -> P_r=2 x P_c=2
Loaded ../matrices/cit-Patents.mtx: 3774768 x 3774768, 16518948 nnz
[kernel] acc -> FLAT (nnz=4131485, avg_nnz=2.19, imbalance=172.22)
[kernel] acc -> FLAT (nnz=4130224, avg_nnz=2.19, imbalance=179.59)
[kernel] acc -> FLAT (nnz=4126232, avg_nnz=2.19, imbalance=171.53)
[kernel] acc -> FLAT (nnz=4131007, avg_nnz=2.19, imbalance=165.39)
RESULT comm=checkerboard_mpi kernel=acc matrix=cit-Patents.mtx P=4 rank=0 nrows_local=1887384 ncols_global=3774768 nnz_local=4126232 n_ghost=-1 compute_avg_ms=2.451593 compute_min_ms=2.439168 compute_max_ms=2.466816 compute_var_ms=0.000043113 compute_gflops=3.366165 eff_bw_gbs=22.709560 pct_peak_bw=2.4337 comm_avg_ms=9.195006 comm_min_ms=9.006586 comm_max_ms=9.309210 comm_var_ms=0.003320059 total_avg_ms=11.646598 total_min_ms=11.454970 total_max_ms=11.755546 total_var_ms=0.003514515 effective_gflops=0.708573
RESULT comm=checkerboard_mpi kernel=acc matrix=cit-Patents.mtx P=4 rank=1 nrows_local=1887384 ncols_global=3774768 nnz_local=4131007 n_ghost=-1 compute_avg_ms=2.460672 compute_min_ms=2.446336 compute_max_ms=2.470912 compute_var_ms=0.000043830 compute_gflops=3.357625 eff_bw_gbs=22.641298 pct_peak_bw=2.4264 comm_avg_ms=6.583211 comm_min_ms=6.521511 comm_max_ms=6.641788 comm_var_ms=0.000599730 total_avg_ms=9.043883 total_min_ms=8.987303 total_max_ms=9.095292 total_var_ms=0.000508432 effective_gflops=0.913547
RESULT comm=checkerboard_mpi kernel=acc matrix=cit-Patents.mtx P=4 rank=3 nrows_local=1887384 ncols_global=3774768 nnz_local=4131485 n_ghost=-1 compute_avg_ms=2.445141 compute_min_ms=2.429952 compute_max_ms=2.460672 compute_var_ms=0.000065437 compute_gflops=3.379342 eff_bw_gbs=22.786671 pct_peak_bw=2.4420 comm_avg_ms=9.346472 comm_min_ms=9.306595 comm_max_ms=9.392466 comm_var_ms=0.000356243 total_avg_ms=11.791613 total_min_ms=11.760099 total_max_ms=11.836754 total_var_ms=0.000355591 effective_gflops=0.700750
RESULT comm=checkerboard_mpi kernel=acc matrix=cit-Patents.mtx P=4 rank=2 nrows_local=1887384 ncols_global=3774768 nnz_local=4130224 n_ghost=-1 compute_avg_ms=2.426880 compute_min_ms=2.403328 compute_max_ms=2.443264 compute_var_ms=0.000078293 compute_gflops=3.403732 eff_bw_gbs=22.953974 pct_peak_bw=2.4599 comm_avg_ms=11.368516 comm_min_ms=11.339532 comm_max_ms=11.450640 comm_var_ms=0.000472752 total_avg_ms=13.795396 total_min_ms=13.766357 total_max_ms=13.873424 total_var_ms=0.000487140 effective_gflops=0.598783
[ERROR CHECKING] OK!

--- P=4 rep=2/3 driver=spmv_2d_nccl_cusparse ---
Grid: P=4 -> P_r=2 x P_c=2
Loaded ../matrices/cit-Patents.mtx: 3774768 x 3774768, 16518948 nnz
RESULT comm=checkerboard_nccl kernel=cusparse matrix=cit-Patents.mtx P=4 rank=0 nrows_local=1887384 ncols_global=3774768 nnz_local=4126232 n_ghost=-1 compute_avg_ms=0.224700 compute_min_ms=0.223232 compute_max_ms=0.226304 compute_var_ms=0.000000607 compute_gflops=36.726630 eff_bw_gbs=247.701534 pct_peak_bw=26.5455 comm_avg_ms=0.968869 comm_min_ms=0.950921 comm_max_ms=0.995787 comm_var_ms=0.000109665 total_avg_ms=1.193569 total_min_ms=1.175177 total_max_ms=1.220043 total_var_ms=0.000107045 effective_gflops=6.914107
RESULT comm=checkerboard_nccl kernel=cusparse matrix=cit-Patents.mtx P=4 rank=1 nrows_local=1887384 ncols_global=3774768 nnz_local=4131007 n_ghost=-1 compute_avg_ms=0.226441 compute_min_ms=0.225280 compute_max_ms=0.227328 compute_var_ms=0.000000331 compute_gflops=36.486463 eff_bw_gbs=245.965984 pct_peak_bw=26.3595 comm_avg_ms=0.897130 comm_min_ms=0.881148 comm_max_ms=0.924093 comm_var_ms=0.000082193 total_avg_ms=1.123571 total_min_ms=1.107452 total_max_ms=1.151421 total_var_ms=0.000083735 effective_gflops=7.353353
RESULT comm=checkerboard_nccl kernel=cusparse matrix=cit-Patents.mtx P=4 rank=2 nrows_local=1887384 ncols_global=3774768 nnz_local=4130224 n_ghost=-1 compute_avg_ms=0.221935 compute_min_ms=0.220160 compute_max_ms=0.224256 compute_var_ms=0.000000974 compute_gflops=37.220135 eff_bw_gbs=250.931227 pct_peak_bw=26.8916 comm_avg_ms=1.045626 comm_min_ms=1.024996 comm_max_ms=1.077309 comm_var_ms=0.000143057 total_avg_ms=1.267561 total_min_ms=1.247204 total_max_ms=1.300541 total_var_ms=0.000139695 effective_gflops=6.516804
RESULT comm=checkerboard_nccl kernel=cusparse matrix=cit-Patents.mtx P=4 rank=3 nrows_local=1887384 ncols_global=3774768 nnz_local=4131485 n_ghost=-1 compute_avg_ms=0.227260 compute_min_ms=0.224256 compute_max_ms=0.228352 compute_var_ms=0.000000834 compute_gflops=36.359147 eff_bw_gbs=245.096178 pct_peak_bw=26.2663 comm_avg_ms=0.964326 comm_min_ms=0.940590 comm_max_ms=0.989147 comm_var_ms=0.000084622 total_avg_ms=1.191585 total_min_ms=1.167918 total_max_ms=1.216475 total_var_ms=0.000082998 effective_gflops=6.934433
[ERROR CHECKING] OK!

--- P=4 rep=2/3 driver=spmv_2d_nccl_acc ---
Grid: P=4 -> P_r=2 x P_c=2
Loaded ../matrices/cit-Patents.mtx: 3774768 x 3774768, 16518948 nnz
[kernel] acc -> FLAT (nnz=4131485, avg_nnz=2.19, imbalance=172.22)
[kernel] acc -> FLAT (nnz=4130224, avg_nnz=2.19, imbalance=179.59)
[kernel] acc -> FLAT (nnz=4131007, avg_nnz=2.19, imbalance=165.39)
[kernel] acc -> FLAT (nnz=4126232, avg_nnz=2.19, imbalance=171.53)
RESULT comm=checkerboard_nccl kernel=acc matrix=cit-Patents.mtx P=4 rank=1 nrows_local=1887384 ncols_global=3774768 nnz_local=4131007 n_ghost=-1 compute_avg_ms=2.467738 compute_min_ms=2.444288 compute_max_ms=2.486272 compute_var_ms=0.000098731 compute_gflops=3.348012 eff_bw_gbs=22.576472 pct_peak_bw=2.4195 comm_avg_ms=0.903239 comm_min_ms=0.887139 comm_max_ms=0.926097 comm_var_ms=0.000103913 total_avg_ms=3.370976 total_min_ms=3.338405 total_max_ms=3.403153 total_var_ms=0.000194798 effective_gflops=2.450926
RESULT comm=checkerboard_nccl kernel=acc matrix=cit-Patents.mtx P=4 rank=0 nrows_local=1887384 ncols_global=3774768 nnz_local=4126232 n_ghost=-1 compute_avg_ms=2.456303 compute_min_ms=2.438144 compute_max_ms=2.481152 compute_var_ms=0.000094856 compute_gflops=3.359709 eff_bw_gbs=22.666010 pct_peak_bw=2.4291 comm_avg_ms=0.990592 comm_min_ms=0.955458 comm_max_ms=1.030899 comm_var_ms=0.000403696 total_avg_ms=3.446895 total_min_ms=3.420429 total_max_ms=3.485427 total_var_ms=0.000254896 effective_gflops=2.394173
RESULT comm=checkerboard_nccl kernel=acc matrix=cit-Patents.mtx P=4 rank=2 nrows_local=1887384 ncols_global=3774768 nnz_local=4130224 n_ghost=-1 compute_avg_ms=2.429884 compute_min_ms=2.416640 compute_max_ms=2.445312 compute_var_ms=0.000057247 compute_gflops=3.399524 eff_bw_gbs=22.925599 pct_peak_bw=2.4569 comm_avg_ms=1.062449 comm_min_ms=1.025308 comm_max_ms=1.094119 comm_var_ms=0.000251354 total_avg_ms=3.492333 total_min_ms=3.455260 total_max_ms=3.523047 total_var_ms=0.000202161 effective_gflops=2.365310
RESULT comm=checkerboard_nccl kernel=acc matrix=cit-Patents.mtx P=4 rank=3 nrows_local=1887384 ncols_global=3774768 nnz_local=4131485 n_ghost=-1 compute_avg_ms=2.446541 compute_min_ms=2.429952 compute_max_ms=2.466816 compute_var_ms=0.000077273 compute_gflops=3.377409 eff_bw_gbs=22.773637 pct_peak_bw=2.4406 comm_avg_ms=0.974593 comm_min_ms=0.952354 comm_max_ms=0.991877 comm_var_ms=0.000089941 total_avg_ms=3.421134 total_min_ms=3.382306 total_max_ms=3.444357 total_var_ms=0.000181157 effective_gflops=2.415272
[ERROR CHECKING] OK!

--- P=4 rep=3/3 driver=spmv_bcast ---
Loaded ../matrices/cit-Patents.mtx: 3774768 x 3774768, 16518948 nnz
RESULT comm=bcast kernel=cusparse matrix=cit-Patents.mtx P=4 rank=0 nrows_local=943692 ncols_global=3774768 nnz_local=4130660 n_ghost=-1 compute_avg_ms=0.230571 compute_min_ms=0.226304 compute_max_ms=0.243712 compute_var_ms=0.000008674 compute_gflops=35.829883 eff_bw_gbs=241.548038 pct_peak_bw=25.8861 comm_avg_ms=6.091732 comm_min_ms=5.955225 comm_max_ms=6.156656 comm_var_ms=0.001672978 total_avg_ms=6.322303 total_min_ms=6.184601 total_max_ms=6.389104 total_var_ms=0.001742894 effective_gflops=1.306695
RESULT comm=bcast kernel=cusparse matrix=cit-Patents.mtx P=4 rank=1 nrows_local=943692 ncols_global=3774768 nnz_local=4129263 n_ghost=-1 compute_avg_ms=0.229444 compute_min_ms=0.225280 compute_max_ms=0.235520 compute_var_ms=0.000003700 compute_gflops=35.993604 eff_bw_gbs=242.685148 pct_peak_bw=26.0079 comm_avg_ms=8.355636 comm_min_ms=8.314369 comm_max_ms=8.416577 comm_var_ms=0.000664028 total_avg_ms=8.585081 total_min_ms=8.543745 total_max_ms=8.646657 total_var_ms=0.000653207 effective_gflops=0.961963
RESULT comm=bcast kernel=cusparse matrix=cit-Patents.mtx P=4 rank=2 nrows_local=943692 ncols_global=3774768 nnz_local=4126579 n_ghost=-1 compute_avg_ms=0.215313 compute_min_ms=0.212992 compute_max_ms=0.224256 compute_var_ms=0.000004819 compute_gflops=38.330966 eff_bw_gbs=258.513077 pct_peak_bw=27.7042 comm_avg_ms=9.209472 comm_min_ms=9.134430 comm_max_ms=9.493209 comm_var_ms=0.003676338 total_avg_ms=9.424785 total_min_ms=9.349470 total_max_ms=9.717465 total_var_ms=0.003845676 effective_gflops=0.875687
RESULT comm=bcast kernel=cusparse matrix=cit-Patents.mtx P=4 rank=3 nrows_local=943692 ncols_global=3774768 nnz_local=4132446 n_ghost=-1 compute_avg_ms=0.219409 compute_min_ms=0.218112 compute_max_ms=0.224256 compute_var_ms=0.000001533 compute_gflops=37.668872 eff_bw_gbs=253.900994 pct_peak_bw=27.2099 comm_avg_ms=9.509665 comm_min_ms=9.456330 comm_max_ms=9.864274 comm_var_ms=0.005080344 total_avg_ms=9.729074 total_min_ms=9.677514 total_max_ms=10.088530 total_var_ms=0.005181016 effective_gflops=0.849504
[ERROR CHECKING] OK!

--- P=4 rep=3/3 driver=spmv_ghost_cusparse ---
Loaded ../matrices/cit-Patents.mtx: 3774768 x 3774768, 16518948 nnz
RESULT comm=ghost_mpi kernel=cusparse matrix=cit-Patents.mtx P=4 rank=0 nrows_local=943692 ncols_global=3774768 nnz_local=4130660 n_ghost=1415420 compute_avg_ms=0.190396 compute_min_ms=0.145408 compute_max_ms=0.217088 compute_var_ms=0.001114632 compute_gflops=43.390258 eff_bw_gbs=262.775151 pct_peak_bw=28.1609 comm_avg_ms=5.450943 comm_min_ms=2.819591 comm_max_ms=8.271663 comm_var_ms=1.726653431 total_avg_ms=5.641339 total_min_ms=3.035655 total_max_ms=8.487727 total_var_ms=1.731702610 effective_gflops=1.464425
RESULT comm=ghost_mpi kernel=cusparse matrix=cit-Patents.mtx P=4 rank=1 nrows_local=943692 ncols_global=3774768 nnz_local=4129263 n_ghost=1415861 compute_avg_ms=0.175104 compute_min_ms=0.145408 compute_max_ms=0.219136 compute_var_ms=0.001243332 compute_gflops=47.163548 eff_bw_gbs=285.669406 pct_peak_bw=30.6144 comm_avg_ms=5.998687 comm_min_ms=3.236221 comm_max_ms=8.726260 comm_var_ms=1.958176360 total_avg_ms=6.173791 total_min_ms=3.381629 total_max_ms=8.872692 total_var_ms=1.976713903 effective_gflops=1.337675
RESULT comm=ghost_mpi kernel=cusparse matrix=cit-Patents.mtx P=4 rank=2 nrows_local=943692 ncols_global=3774768 nnz_local=4126579 n_ghost=1416747 compute_avg_ms=0.179849 compute_min_ms=0.145408 compute_max_ms=0.214016 compute_var_ms=0.001089924 compute_gflops=45.889493 eff_bw_gbs=278.033559 pct_peak_bw=29.7961 comm_avg_ms=6.633888 comm_min_ms=3.853030 comm_max_ms=8.477872 comm_var_ms=1.585313927 total_avg_ms=6.813737 total_min_ms=3.999462 total_max_ms=8.624304 total_var_ms=1.590675192 effective_gflops=1.211253
RESULT comm=ghost_mpi kernel=cusparse matrix=cit-Patents.mtx P=4 rank=3 nrows_local=943692 ncols_global=3774768 nnz_local=4132446 n_ghost=1415810 compute_avg_ms=0.192137 compute_min_ms=0.145408 compute_max_ms=0.219136 compute_var_ms=0.001205267 compute_gflops=43.015723 eff_bw_gbs=260.476833 pct_peak_bw=27.9146 comm_avg_ms=6.736004 comm_min_ms=4.491817 comm_max_ms=8.726267 comm_var_ms=1.269799229 total_avg_ms=6.928141 total_min_ms=4.649092 total_max_ms=8.872699 total_var_ms=1.255851847 effective_gflops=1.192945
[ERROR CHECKING] OK!

--- P=4 rep=3/3 driver=spmv_ghost_acc ---
Loaded ../matrices/cit-Patents.mtx: 3774768 x 3774768, 16518948 nnz
[kernel] acc -> FLAT (nnz=4129263, avg_nnz=4.38, imbalance=175.97)
[kernel] acc -> FLAT (nnz=4126579, avg_nnz=4.37, imbalance=142.70)
[kernel] acc -> FLAT (nnz=4132446, avg_nnz=4.38, imbalance=142.95)
[kernel] acc -> FLAT (nnz=4130660, avg_nnz=4.38, imbalance=168.38)
RESULT comm=ghost_mpi kernel=acc matrix=cit-Patents.mtx P=4 rank=0 nrows_local=943692 ncols_global=3774768 nnz_local=4130660 n_ghost=1415420 compute_avg_ms=1.243511 compute_min_ms=0.933888 compute_max_ms=1.301504 compute_var_ms=0.011628462 compute_gflops=6.643541 eff_bw_gbs=40.246838 pct_peak_bw=4.3131 comm_avg_ms=6.031959 comm_min_ms=3.071628 comm_max_ms=7.708974 comm_var_ms=1.645275454 total_avg_ms=7.275471 total_min_ms=4.009612 total_max_ms=8.989998 total_var_ms=1.754545875 effective_gflops=1.135503
RESULT comm=ghost_mpi kernel=acc matrix=cit-Patents.mtx P=4 rank=1 nrows_local=943692 ncols_global=3774768 nnz_local=4129263 n_ghost=1415861 compute_avg_ms=1.185792 compute_min_ms=0.933888 compute_max_ms=1.300480 compute_var_ms=0.026646620 compute_gflops=6.964565 eff_bw_gbs=42.197947 pct_peak_bw=4.5222 comm_avg_ms=6.241725 comm_min_ms=3.525329 comm_max_ms=7.970191 comm_var_ms=1.802093184 total_avg_ms=7.427517 total_min_ms=4.459217 total_max_ms=9.167324 total_var_ms=2.093888604 effective_gflops=1.111882
RESULT comm=ghost_mpi kernel=acc matrix=cit-Patents.mtx P=4 rank=2 nrows_local=943692 ncols_global=3774768 nnz_local=4126579 n_ghost=1416747 compute_avg_ms=1.202756 compute_min_ms=0.931840 compute_max_ms=1.276928 compute_var_ms=0.017856599 compute_gflops=6.861871 eff_bw_gbs=41.587850 pct_peak_bw=4.4569 comm_avg_ms=6.767375 comm_min_ms=5.133857 comm_max_ms=7.873553 comm_var_ms=0.631759791 total_avg_ms=7.970132 total_min_ms=6.160802 total_max_ms=9.140241 total_var_ms=0.685296276 effective_gflops=1.035511
RESULT comm=ghost_mpi kernel=acc matrix=cit-Patents.mtx P=4 rank=3 nrows_local=943692 ncols_global=3774768 nnz_local=4132446 n_ghost=1415810 compute_avg_ms=1.156676 compute_min_ms=0.929792 compute_max_ms=1.280000 compute_var_ms=0.006325757 compute_gflops=7.145380 eff_bw_gbs=43.281998 pct_peak_bw=4.6384 comm_avg_ms=5.307521 comm_min_ms=3.714466 comm_max_ms=7.969945 comm_var_ms=1.700285697 total_avg_ms=6.464198 total_min_ms=4.885922 total_max_ms=9.089480 total_var_ms=1.655970235 effective_gflops=1.278564
[ERROR CHECKING] OK!

--- P=4 rep=3/3 driver=spmv_ghost_nccl_cusparse ---
Loaded ../matrices/cit-Patents.mtx: 3774768 x 3774768, 16518948 nnz
RESULT comm=ghost_nccl kernel=cusparse matrix=cit-Patents.mtx P=4 rank=0 nrows_local=943692 ncols_global=3774768 nnz_local=4130660 n_ghost=1415420 compute_avg_ms=0.200567 compute_min_ms=0.185344 compute_max_ms=0.217088 compute_var_ms=0.000204174 compute_gflops=41.189731 eff_bw_gbs=249.448570 pct_peak_bw=26.7327 comm_avg_ms=3.382676 comm_min_ms=0.680540 comm_max_ms=12.484047 comm_var_ms=8.213800529 total_avg_ms=3.583243 total_min_ms=0.874416 total_max_ms=12.700111 total_var_ms=8.222588255 effective_gflops=2.305543
RESULT comm=ghost_nccl kernel=cusparse matrix=cit-Patents.mtx P=4 rank=1 nrows_local=943692 ncols_global=3774768 nnz_local=4129263 n_ghost=1415861 compute_avg_ms=0.217702 compute_min_ms=0.216064 compute_max_ms=0.219136 compute_var_ms=0.000000461 compute_gflops=37.934933 eff_bw_gbs=229.771722 pct_peak_bw=24.6240 comm_avg_ms=3.884307 comm_min_ms=1.170432 comm_max_ms=12.966627 comm_var_ms=8.237547588 total_avg_ms=4.102010 total_min_ms=1.386496 total_max_ms=13.184739 total_var_ms=8.238290527 effective_gflops=2.013288
RESULT comm=ghost_nccl kernel=cusparse matrix=cit-Patents.mtx P=4 rank=2 nrows_local=943692 ncols_global=3774768 nnz_local=4126579 n_ghost=1416747 compute_avg_ms=0.198690 compute_min_ms=0.190464 compute_max_ms=0.212992 compute_var_ms=0.000090771 compute_gflops=41.537835 eff_bw_gbs=251.667896 pct_peak_bw=26.9706 comm_avg_ms=4.082018 comm_min_ms=1.321759 comm_max_ms=13.076932 comm_var_ms=8.177128736 total_avg_ms=4.280708 total_min_ms=1.515295 total_max_ms=13.275588 total_var_ms=8.179384361 effective_gflops=1.927989
RESULT comm=ghost_nccl kernel=cusparse matrix=cit-Patents.mtx P=4 rank=3 nrows_local=943692 ncols_global=3774768 nnz_local=4132446 n_ghost=1415810 compute_avg_ms=0.191181 compute_min_ms=0.159744 compute_max_ms=0.219136 compute_var_ms=0.000810071 compute_gflops=43.230764 eff_bw_gbs=261.778986 pct_peak_bw=28.0542 comm_avg_ms=4.063630 comm_min_ms=1.311087 comm_max_ms=13.038140 comm_var_ms=8.184297019 total_avg_ms=4.254810 total_min_ms=1.490725 total_max_ms=13.256252 total_var_ms=8.194867189 effective_gflops=1.942482
[ERROR CHECKING] OK!

--- P=4 rep=3/3 driver=spmv_ghost_nccl_acc ---
Loaded ../matrices/cit-Patents.mtx: 3774768 x 3774768, 16518948 nnz
[kernel] acc -> FLAT (nnz=4129263, avg_nnz=4.38, imbalance=175.97)
[kernel] acc -> FLAT (nnz=4126579, avg_nnz=4.37, imbalance=142.70)
[kernel] acc -> FLAT (nnz=4132446, avg_nnz=4.38, imbalance=142.95)
[kernel] acc -> FLAT (nnz=4130660, avg_nnz=4.38, imbalance=168.38)
RESULT comm=ghost_nccl kernel=acc matrix=cit-Patents.mtx P=4 rank=0 nrows_local=943692 ncols_global=3774768 nnz_local=4130660 n_ghost=1415420 compute_avg_ms=1.166302 compute_min_ms=0.931840 compute_max_ms=1.290240 compute_var_ms=0.027073705 compute_gflops=7.083346 eff_bw_gbs=42.911193 pct_peak_bw=4.5987 comm_avg_ms=3.899557 comm_min_ms=0.647491 comm_max_ms=9.456897 comm_var_ms=5.716455955 total_avg_ms=5.065859 total_min_ms=1.583427 total_max_ms=10.391809 total_var_ms=5.476999412 effective_gflops=1.630784
RESULT comm=ghost_nccl kernel=acc matrix=cit-Patents.mtx P=4 rank=1 nrows_local=943692 ncols_global=3774768 nnz_local=4129263 n_ghost=1415861 compute_avg_ms=1.134558 compute_min_ms=1.033216 compute_max_ms=1.302528 compute_var_ms=0.014467520 compute_gflops=7.279070 eff_bw_gbs=44.103514 pct_peak_bw=4.7265 comm_avg_ms=4.306998 comm_min_ms=1.024071 comm_max_ms=9.811951 comm_var_ms=5.633938111 total_avg_ms=5.441556 total_min_ms=2.073671 total_max_ms=10.858479 total_var_ms=5.461456150 effective_gflops=1.517677
RESULT comm=ghost_nccl kernel=acc matrix=cit-Patents.mtx P=4 rank=2 nrows_local=943692 ncols_global=3774768 nnz_local=4126579 n_ghost=1416747 compute_avg_ms=1.113907 compute_min_ms=0.926720 compute_max_ms=1.272832 compute_var_ms=0.027042523 compute_gflops=7.409197 eff_bw_gbs=44.905041 pct_peak_bw=4.8124 comm_avg_ms=4.559182 comm_min_ms=1.248946 comm_max_ms=10.146048 comm_var_ms=5.646807967 total_avg_ms=5.673089 total_min_ms=2.181810 total_max_ms=11.079936 total_var_ms=5.486289768 effective_gflops=1.454791
RESULT comm=ghost_nccl kernel=acc matrix=cit-Patents.mtx P=4 rank=3 nrows_local=943692 ncols_global=3774768 nnz_local=4132446 n_ghost=1415810 compute_avg_ms=1.172036 compute_min_ms=0.919552 compute_max_ms=1.289216 compute_var_ms=0.026230737 compute_gflops=7.051737 eff_bw_gbs=42.714770 pct_peak_bw=4.5776 comm_avg_ms=4.533348 comm_min_ms=1.206904 comm_max_ms=10.107098 comm_var_ms=5.655140074 total_avg_ms=5.705385 total_min_ms=2.126456 total_max_ms=11.030746 total_var_ms=5.429086610 effective_gflops=1.448613
[ERROR CHECKING] OK!

--- P=4 rep=3/3 driver=spmv_2d_cusparse ---
Grid: P=4 -> P_r=2 x P_c=2
Loaded ../matrices/cit-Patents.mtx: 3774768 x 3774768, 16518948 nnz
RESULT comm=checkerboard_mpi kernel=cusparse matrix=cit-Patents.mtx P=4 rank=0 nrows_local=1887384 ncols_global=3774768 nnz_local=4126232 n_ghost=-1 compute_avg_ms=0.228181 compute_min_ms=0.225280 compute_max_ms=0.258048 compute_var_ms=0.000032512 compute_gflops=36.166254 eff_bw_gbs=243.922093 pct_peak_bw=26.1405 comm_avg_ms=8.195894 comm_min_ms=8.157454 comm_max_ms=8.253121 comm_var_ms=0.000624296 total_avg_ms=8.424075 total_min_ms=8.382734 total_max_ms=8.484183 total_var_ms=0.000673566 effective_gflops=0.979628
RESULT comm=checkerboard_mpi kernel=cusparse matrix=cit-Patents.mtx P=4 rank=1 nrows_local=1887384 ncols_global=3774768 nnz_local=4131007 n_ghost=-1 compute_avg_ms=0.226816 compute_min_ms=0.224256 compute_max_ms=0.229376 compute_var_ms=0.000001171 compute_gflops=36.426064 eff_bw_gbs=245.558816 pct_peak_bw=26.3159 comm_avg_ms=6.087243 comm_min_ms=6.032231 comm_max_ms=6.197193 comm_var_ms=0.001391396 total_avg_ms=6.314059 total_min_ms=6.258535 total_max_ms=6.423497 total_var_ms=0.001405974 effective_gflops=1.308511
RESULT comm=checkerboard_mpi kernel=cusparse matrix=cit-Patents.mtx P=4 rank=2 nrows_local=1887384 ncols_global=3774768 nnz_local=4130224 n_ghost=-1 compute_avg_ms=0.222310 compute_min_ms=0.220160 compute_max_ms=0.225280 compute_var_ms=0.000001003 compute_gflops=37.157273 eff_bw_gbs=250.507422 pct_peak_bw=26.8462 comm_avg_ms=11.600281 comm_min_ms=11.533834 comm_max_ms=11.691414 comm_var_ms=0.001337620 total_avg_ms=11.822591 total_min_ms=11.758090 total_max_ms=11.913622 total_var_ms=0.001331484 effective_gflops=0.698700
RESULT comm=checkerboard_mpi kernel=cusparse matrix=cit-Patents.mtx P=4 rank=3 nrows_local=1887384 ncols_global=3774768 nnz_local=4131485 n_ghost=-1 compute_avg_ms=0.226748 compute_min_ms=0.225280 compute_max_ms=0.228352 compute_var_ms=0.000000887 compute_gflops=36.441246 eff_bw_gbs=245.649609 pct_peak_bw=26.3256 comm_avg_ms=9.731839 comm_min_ms=9.683201 comm_max_ms=9.814770 comm_var_ms=0.000818453 total_avg_ms=9.958587 total_min_ms=9.911553 total_max_ms=10.040050 total_var_ms=0.000798778 effective_gflops=0.829733
[ERROR CHECKING] OK!

--- P=4 rep=3/3 driver=spmv_2d_acc ---
Grid: P=4 -> P_r=2 x P_c=2
Loaded ../matrices/cit-Patents.mtx: 3774768 x 3774768, 16518948 nnz
[kernel] acc -> FLAT (nnz=4130224, avg_nnz=2.19, imbalance=179.59)
[kernel] acc -> FLAT (nnz=4131485, avg_nnz=2.19, imbalance=172.22)
[kernel] acc -> FLAT (nnz=4131007, avg_nnz=2.19, imbalance=165.39)
[kernel] acc -> FLAT (nnz=4126232, avg_nnz=2.19, imbalance=171.53)
RESULT comm=checkerboard_mpi kernel=acc matrix=cit-Patents.mtx P=4 rank=0 nrows_local=1887384 ncols_global=3774768 nnz_local=4126232 n_ghost=-1 compute_avg_ms=2.454903 compute_min_ms=2.434048 compute_max_ms=2.467840 compute_var_ms=0.000066583 compute_gflops=3.361625 eff_bw_gbs=22.678932 pct_peak_bw=2.4304 comm_avg_ms=6.322758 comm_min_ms=6.126330 comm_max_ms=6.547807 comm_var_ms=0.010163095 total_avg_ms=8.777662 total_min_ms=8.583930 total_max_ms=8.985951 total_var_ms=0.010287830 effective_gflops=0.940167
RESULT comm=checkerboard_mpi kernel=acc matrix=cit-Patents.mtx P=4 rank=1 nrows_local=1887384 ncols_global=3774768 nnz_local=4131007 n_ghost=-1 compute_avg_ms=2.462720 compute_min_ms=2.447360 compute_max_ms=2.483200 compute_var_ms=0.000053407 compute_gflops=3.354833 eff_bw_gbs=22.622470 pct_peak_bw=2.4244 comm_avg_ms=4.316942 comm_min_ms=4.180873 comm_max_ms=4.554925 comm_var_ms=0.008451516 total_avg_ms=6.779662 total_min_ms=6.631305 total_max_ms=7.014573 total_var_ms=0.008684955 effective_gflops=1.218647
RESULT comm=checkerboard_mpi kernel=acc matrix=cit-Patents.mtx P=4 rank=2 nrows_local=1887384 ncols_global=3774768 nnz_local=4130224 n_ghost=-1 compute_avg_ms=2.430054 compute_min_ms=2.416640 compute_max_ms=2.446336 compute_var_ms=0.000063008 compute_gflops=3.399285 eff_bw_gbs=22.923989 pct_peak_bw=2.4567 comm_avg_ms=18.974548 comm_min_ms=16.932686 comm_max_ms=19.598617 comm_var_ms=0.243858807 total_avg_ms=21.404602 total_min_ms=19.369806 total_max_ms=22.020377 total_var_ms=0.242561021 effective_gflops=0.385919
RESULT comm=checkerboard_mpi kernel=acc matrix=cit-Patents.mtx P=4 rank=3 nrows_local=1887384 ncols_global=3774768 nnz_local=4131485 n_ghost=-1 compute_avg_ms=2.448111 compute_min_ms=2.425856 compute_max_ms=2.485248 compute_var_ms=0.000118415 compute_gflops=3.375243 eff_bw_gbs=22.759030 pct_peak_bw=2.4390 comm_avg_ms=15.798575 comm_min_ms=14.103787 comm_max_ms=16.282978 comm_var_ms=0.156657209 total_avg_ms=18.246686 total_min_ms=16.550123 total_max_ms=18.721122 total_var_ms=0.155343237 effective_gflops=0.452848
[ERROR CHECKING] OK!

--- P=4 rep=3/3 driver=spmv_2d_nccl_cusparse ---
Grid: P=4 -> P_r=2 x P_c=2
