--------------------------------------------------------------------------
The call to cuMemHostRegister(0x7fdbb7e00008, 134217728, 0) failed.
  Host:  edu01
  cuMemHostRegister return value:  1
  Registration cache:  smcuda
--------------------------------------------------------------------------
[edu01:2096753] 1 more process has sent help message help-mpi-common-cuda.txt / cuMemHostRegister during init failed
[edu01:2096753] Set MCA parameter "orte_base_help_aggregate" to 0 to see all help / error messages
--------------------------------------------------------------------------
The call to cuMemHostRegister(0x7f5fa3e00008, 134217728, 0) failed.
  Host:  edu01
  cuMemHostRegister return value:  1
  Registration cache:  smcuda
--------------------------------------------------------------------------
[edu01:2096779] 1 more process has sent help message help-mpi-common-cuda.txt / cuMemHostRegister during init failed
[edu01:2096779] Set MCA parameter "orte_base_help_aggregate" to 0 to see all help / error messages
--------------------------------------------------------------------------
The call to cuMemHostRegister(0x7fce27e00008, 134217728, 0) failed.
  Host:  edu01
  cuMemHostRegister return value:  1
  Registration cache:  smcuda
--------------------------------------------------------------------------
[edu01:2096881] 1 more process has sent help message help-mpi-common-cuda.txt / cuMemHostRegister during init failed
[edu01:2096881] Set MCA parameter "orte_base_help_aggregate" to 0 to see all help / error messages
--------------------------------------------------------------------------
The call to cuMemHostRegister(0x7f1ee3e00008, 134217728, 0) failed.
  Host:  edu01
  cuMemHostRegister return value:  1
  Registration cache:  smcuda
--------------------------------------------------------------------------
[edu01:2096907] 1 more process has sent help message help-mpi-common-cuda.txt / cuMemHostRegister during init failed
[edu01:2096907] Set MCA parameter "orte_base_help_aggregate" to 0 to see all help / error messages
--------------------------------------------------------------------------
The call to cuMemHostRegister(0x7fe943e00008, 134217728, 0) failed.
  Host:  edu01
  cuMemHostRegister return value:  1
  Registration cache:  smcuda
--------------------------------------------------------------------------
[edu01:2097041] 1 more process has sent help message help-mpi-common-cuda.txt / cuMemHostRegister during init failed
[edu01:2097041] Set MCA parameter "orte_base_help_aggregate" to 0 to see all help / error messages
--------------------------------------------------------------------------
The call to cuMemHostRegister(0x7fc0f7e00008, 134217728, 0) failed.
  Host:  edu01
  cuMemHostRegister return value:  1
  Registration cache:  smcuda
--------------------------------------------------------------------------
[edu01:2097067] 1 more process has sent help message help-mpi-common-cuda.txt / cuMemHostRegister during init failed
[edu01:2097067] Set MCA parameter "orte_base_help_aggregate" to 0 to see all help / error messages
--------------------------------------------------------------------------
The call to cuMemHostRegister(0x7f22afe00008, 134217728, 0) failed.
  Host:  edu01
  cuMemHostRegister return value:  1
  Registration cache:  smcuda
--------------------------------------------------------------------------
[edu01:2097167] 1 more process has sent help message help-mpi-common-cuda.txt / cuMemHostRegister during init failed
[edu01:2097167] Set MCA parameter "orte_base_help_aggregate" to 0 to see all help / error messages
--------------------------------------------------------------------------
The call to cuMemHostRegister(0x7f89a7e00008, 134217728, 0) failed.
  Host:  edu01
  cuMemHostRegister return value:  1
  Registration cache:  smcuda
--------------------------------------------------------------------------
[edu01:2097193] 1 more process has sent help message help-mpi-common-cuda.txt / cuMemHostRegister during init failed
[edu01:2097193] Set MCA parameter "orte_base_help_aggregate" to 0 to see all help / error messages
--------------------------------------------------------------------------
The call to cuMemHostRegister(0x7f0a4fe00008, 134217728, 0) failed.
  Host:  edu01
  cuMemHostRegister return value:  1
  Registration cache:  smcuda
--------------------------------------------------------------------------
[edu01:2097327] 1 more process has sent help message help-mpi-common-cuda.txt / cuMemHostRegister during init failed
[edu01:2097327] Set MCA parameter "orte_base_help_aggregate" to 0 to see all help / error messages
--------------------------------------------------------------------------
The call to cuMemHostRegister(0x7f6f77e00008, 134217728, 0) failed.
  Host:  edu01
  cuMemHostRegister return value:  1
  Registration cache:  smcuda
--------------------------------------------------------------------------
[edu01:2097353] 1 more process has sent help message help-mpi-common-cuda.txt / cuMemHostRegister during init failed
[edu01:2097353] Set MCA parameter "orte_base_help_aggregate" to 0 to see all help / error messages
--------------------------------------------------------------------------
The call to cuMemHostRegister(0x7ff2a7e00008, 134217728, 0) failed.
  Host:  edu01
  cuMemHostRegister return value:  1
  Registration cache:  smcuda
--------------------------------------------------------------------------
[edu01:2097453] 1 more process has sent help message help-mpi-common-cuda.txt / cuMemHostRegister during init failed
[edu01:2097453] Set MCA parameter "orte_base_help_aggregate" to 0 to see all help / error messages
--------------------------------------------------------------------------
The call to cuMemHostRegister(0x7f92c3e00008, 134217728, 0) failed.
  Host:  edu01
  cuMemHostRegister return value:  1
  Registration cache:  smcuda
--------------------------------------------------------------------------
[edu01:2097482] 1 more process has sent help message help-mpi-common-cuda.txt / cuMemHostRegister during init failed
[edu01:2097482] Set MCA parameter "orte_base_help_aggregate" to 0 to see all help / error messages
