=== D2_final strong scaling ===
Node:     edu01
Date:     Tue Jul 21 07:38:23 PM CEST 2026
Matrix:   ../matrices/amazon0302.mtx
P:        4
Reps:     3

--- P=4 rep=1/3 driver=spmv_bcast ---
Loaded ../matrices/amazon0302.mtx: 262111 x 262111, 1234877 nnz
RESULT comm=bcast kernel=cusparse matrix=amazon0302.mtx P=4 rank=0 nrows_local=65528 ncols_global=262111 nnz_local=308442 n_ghost=-1 compute_avg_ms=0.028809 compute_min_ms=0.028672 compute_max_ms=0.029696 compute_var_ms=0.000000121 compute_gflops=21.413238 eff_bw_gbs=140.243444 pct_peak_bw=15.0295 comm_avg_ms=0.438862 comm_min_ms=0.430217 comm_max_ms=0.454745 comm_var_ms=0.000037984 total_avg_ms=0.467671 total_min_ms=0.458889 total_max_ms=0.483417 total_var_ms=0.000038265 effective_gflops=1.319057
RESULT comm=bcast kernel=cusparse matrix=amazon0302.mtx P=4 rank=1 nrows_local=65528 ncols_global=262111 nnz_local=308660 n_ghost=-1 compute_avg_ms=0.029321 compute_min_ms=0.028672 compute_max_ms=0.029696 compute_var_ms=0.000000244 compute_gflops=21.054187 eff_bw_gbs=137.853970 pct_peak_bw=14.7734 comm_avg_ms=0.430004 comm_min_ms=0.421900 comm_max_ms=0.442628 comm_var_ms=0.000024582 total_avg_ms=0.459325 total_min_ms=0.450572 total_max_ms=0.472324 total_var_ms=0.000025074 effective_gflops=1.343973
RESULT comm=bcast kernel=cusparse matrix=amazon0302.mtx P=4 rank=2 nrows_local=65528 ncols_global=262111 nnz_local=308727 n_ghost=-1 compute_avg_ms=0.028604 compute_min_ms=0.027648 compute_max_ms=0.029696 compute_var_ms=0.000000415 compute_gflops=21.586483 eff_bw_gbs=141.327284 pct_peak_bw=15.1457 comm_avg_ms=0.429730 comm_min_ms=0.419344 comm_max_ms=0.444551 comm_var_ms=0.000036142 total_avg_ms=0.458333 total_min_ms=0.446992 total_max_ms=0.473223 total_var_ms=0.000034155 effective_gflops=1.347172
RESULT comm=bcast kernel=cusparse matrix=amazon0302.mtx P=4 rank=3 nrows_local=65527 ncols_global=262111 nnz_local=309048 n_ghost=-1 compute_avg_ms=0.029321 compute_min_ms=0.028672 compute_max_ms=0.029696 compute_var_ms=0.000000244 compute_gflops=21.080653 eff_bw_gbs=137.959561 pct_peak_bw=14.7848 comm_avg_ms=0.437384 comm_min_ms=0.428891 comm_max_ms=0.451471 comm_var_ms=0.000030059 total_avg_ms=0.466705 total_min_ms=0.457563 total_max_ms=0.480720 total_var_ms=0.000030346 effective_gflops=1.324383
[ERROR CHECKING] OK!

--- P=4 rep=1/3 driver=spmv_ghost_cusparse ---
Loaded ../matrices/amazon0302.mtx: 262111 x 262111, 1234877 nnz
RESULT comm=ghost_mpi kernel=cusparse matrix=amazon0302.mtx P=4 rank=0 nrows_local=65528 ncols_global=262111 nnz_local=308442 n_ghost=128352 compute_avg_ms=0.031061 compute_min_ms=0.030720 compute_max_ms=0.031744 compute_var_ms=0.000000233 compute_gflops=19.860191 eff_bw_gbs=121.285331 pct_peak_bw=12.9978 comm_avg_ms=0.521674 comm_min_ms=0.372734 comm_max_ms=0.770499 comm_var_ms=0.008184979 total_avg_ms=0.552735 total_min_ms=0.403454 total_max_ms=0.801219 total_var_ms=0.008182218 effective_gflops=1.116058
RESULT comm=ghost_mpi kernel=cusparse matrix=amazon0302.mtx P=4 rank=1 nrows_local=65528 ncols_global=262111 nnz_local=308660 n_ghost=128265 compute_avg_ms=0.031334 compute_min_ms=0.030720 compute_max_ms=0.031744 compute_var_ms=0.000000252 compute_gflops=19.701032 eff_bw_gbs=120.272929 pct_peak_bw=12.8893 comm_avg_ms=0.640694 comm_min_ms=0.355617 comm_max_ms=0.818250 comm_var_ms=0.015026214 total_avg_ms=0.672028 total_min_ms=0.386337 total_max_ms=0.848970 total_var_ms=0.015026560 effective_gflops=0.918592
RESULT comm=ghost_mpi kernel=cusparse matrix=amazon0302.mtx P=4 rank=2 nrows_local=65528 ncols_global=262111 nnz_local=308727 n_ghost=127791 compute_avg_ms=0.030686 compute_min_ms=0.029696 compute_max_ms=0.031744 compute_var_ms=0.000000174 compute_gflops=20.121772 eff_bw_gbs=122.770529 pct_peak_bw=13.1570 comm_avg_ms=0.666783 comm_min_ms=0.370809 comm_max_ms=0.827350 comm_var_ms=0.014928607 total_avg_ms=0.697469 total_min_ms=0.401529 total_max_ms=0.858070 total_var_ms=0.014931814 effective_gflops=0.885278
RESULT comm=ghost_mpi kernel=cusparse matrix=amazon0302.mtx P=4 rank=3 nrows_local=65527 ncols_global=262111 nnz_local=309048 n_ghost=128433 compute_avg_ms=0.031676 compute_min_ms=0.030720 compute_max_ms=0.032768 compute_var_ms=0.000000135 compute_gflops=19.513234 eff_bw_gbs=119.095713 pct_peak_bw=12.7632 comm_avg_ms=0.674870 comm_min_ms=0.372517 comm_max_ms=0.826853 comm_var_ms=0.013431319 total_avg_ms=0.706546 total_min_ms=0.403237 total_max_ms=0.858597 total_var_ms=0.013443486 effective_gflops=0.874813
[ERROR CHECKING] OK!

--- P=4 rep=1/3 driver=spmv_ghost_acc ---
Loaded ../matrices/amazon0302.mtx: 262111 x 262111, 1234877 nnz
[kernel] acc -> LINE-ENHANCE (nnz=308660, avg_nnz=4.71, imbalance=1.06, V=1)
[kernel] acc -> LINE-ENHANCE (nnz=308727, avg_nnz=4.71, imbalance=1.06, V=1)
[kernel] acc -> LINE-ENHANCE (nnz=309048, avg_nnz=4.72, imbalance=1.06, V=1)
[kernel] acc -> LINE-ENHANCE (nnz=308442, avg_nnz=4.71, imbalance=1.06, V=1)
RESULT comm=ghost_mpi kernel=acc matrix=amazon0302.mtx P=4 rank=0 nrows_local=65528 ncols_global=262111 nnz_local=308442 n_ghost=128352 compute_avg_ms=0.022255 compute_min_ms=0.021504 compute_max_ms=0.023552 compute_var_ms=0.000000275 compute_gflops=27.718978 eff_bw_gbs=169.278601 pct_peak_bw=18.1411 comm_avg_ms=0.513800 comm_min_ms=0.340956 comm_max_ms=0.797170 comm_var_ms=0.009313285 total_avg_ms=0.536055 total_min_ms=0.364508 total_max_ms=0.819698 total_var_ms=0.009307288 effective_gflops=1.150786
RESULT comm=ghost_mpi kernel=acc matrix=amazon0302.mtx P=4 rank=1 nrows_local=65528 ncols_global=262111 nnz_local=308660 n_ghost=128265 compute_avg_ms=0.022562 compute_min_ms=0.021504 compute_max_ms=0.023552 compute_var_ms=0.000000244 compute_gflops=27.360888 eff_bw_gbs=167.035622 pct_peak_bw=17.9008 comm_avg_ms=0.615051 comm_min_ms=0.359988 comm_max_ms=0.840468 comm_var_ms=0.020118049 total_avg_ms=0.637613 total_min_ms=0.382516 total_max_ms=0.862996 total_var_ms=0.020131778 effective_gflops=0.968173
RESULT comm=ghost_mpi kernel=acc matrix=amazon0302.mtx P=4 rank=2 nrows_local=65528 ncols_global=262111 nnz_local=308727 n_ghost=127791 compute_avg_ms=0.021914 compute_min_ms=0.021504 compute_max_ms=0.022528 compute_var_ms=0.000000252 compute_gflops=28.176749 eff_bw_gbs=171.916983 pct_peak_bw=18.4239 comm_avg_ms=0.615978 comm_min_ms=0.355069 comm_max_ms=0.847887 comm_var_ms=0.024404005 total_avg_ms=0.637891 total_min_ms=0.376573 total_max_ms=0.870415 total_var_ms=0.024429959 effective_gflops=0.967961
RESULT comm=ghost_mpi kernel=acc matrix=amazon0302.mtx P=4 rank=3 nrows_local=65527 ncols_global=262111 nnz_local=309048 n_ghost=128433 compute_avg_ms=0.022528 compute_min_ms=0.021504 compute_max_ms=0.023552 compute_var_ms=0.000000140 compute_gflops=27.436790 eff_bw_gbs=167.455787 pct_peak_bw=17.9458 comm_avg_ms=0.635946 comm_min_ms=0.359983 comm_max_ms=0.847487 comm_var_ms=0.021395629 total_avg_ms=0.658474 total_min_ms=0.383535 total_max_ms=0.870015 total_var_ms=0.021361790 effective_gflops=0.938679
[ERROR CHECKING] OK!

--- P=4 rep=1/3 driver=spmv_ghost_nccl_cusparse ---
Loaded ../matrices/amazon0302.mtx: 262111 x 262111, 1234877 nnz
RESULT comm=ghost_nccl kernel=cusparse matrix=amazon0302.mtx P=4 rank=0 nrows_local=65528 ncols_global=262111 nnz_local=308442 n_ghost=128352 compute_avg_ms=0.031949 compute_min_ms=0.031744 compute_max_ms=0.032768 compute_var_ms=0.000000168 compute_gflops=19.308519 eff_bw_gbs=117.916292 pct_peak_bw=12.6368 comm_avg_ms=0.119525 comm_min_ms=0.115934 comm_max_ms=0.128192 comm_var_ms=0.000009172 total_avg_ms=0.151474 total_min_ms=0.147678 total_max_ms=0.159936 total_var_ms=0.000009020 effective_gflops=4.072541
RESULT comm=ghost_nccl kernel=cusparse matrix=amazon0302.mtx P=4 rank=1 nrows_local=65528 ncols_global=262111 nnz_local=308660 n_ghost=128265 compute_avg_ms=0.032017 compute_min_ms=0.031744 compute_max_ms=0.032768 compute_var_ms=0.000000205 compute_gflops=19.280967 eff_bw_gbs=117.708473 pct_peak_bw=12.6145 comm_avg_ms=0.168155 comm_min_ms=0.162988 comm_max_ms=0.175096 comm_var_ms=0.000007902 total_avg_ms=0.200172 total_min_ms=0.194732 total_max_ms=0.206840 total_var_ms=0.000007570 effective_gflops=3.083947
RESULT comm=ghost_nccl kernel=cusparse matrix=amazon0302.mtx P=4 rank=2 nrows_local=65528 ncols_global=262111 nnz_local=308727 n_ghost=127791 compute_avg_ms=0.031437 compute_min_ms=0.030720 compute_max_ms=0.032768 compute_var_ms=0.000000430 compute_gflops=19.641122 eff_bw_gbs=119.837899 pct_peak_bw=12.8427 comm_avg_ms=0.176752 comm_min_ms=0.173500 comm_max_ms=0.180245 comm_var_ms=0.000004152 total_avg_ms=0.208189 total_min_ms=0.204220 total_max_ms=0.212869 total_var_ms=0.000005413 effective_gflops=2.965834
RESULT comm=ghost_nccl kernel=cusparse matrix=amazon0302.mtx P=4 rank=3 nrows_local=65527 ncols_global=262111 nnz_local=309048 n_ghost=128433 compute_avg_ms=0.032393 compute_min_ms=0.031744 compute_max_ms=0.032768 compute_var_ms=0.000000244 compute_gflops=19.081435 eff_bw_gbs=116.460296 pct_peak_bw=12.4807 comm_avg_ms=0.197998 comm_min_ms=0.185844 comm_max_ms=0.204175 comm_var_ms=0.000012864 total_avg_ms=0.230391 total_min_ms=0.218612 total_max_ms=0.235919 total_var_ms=0.000013181 effective_gflops=2.682818
[ERROR CHECKING] OK!

--- P=4 rep=1/3 driver=spmv_ghost_nccl_acc ---
Loaded ../matrices/amazon0302.mtx: 262111 x 262111, 1234877 nnz
[kernel] acc -> LINE-ENHANCE (nnz=308727, avg_nnz=4.71, imbalance=1.06, V=1)
[kernel] acc -> LINE-ENHANCE (nnz=308442, avg_nnz=4.71, imbalance=1.06, V=1)
[kernel] acc -> LINE-ENHANCE (nnz=309048, avg_nnz=4.72, imbalance=1.06, V=1)
[kernel] acc -> LINE-ENHANCE (nnz=308660, avg_nnz=4.71, imbalance=1.06, V=1)
RESULT comm=ghost_nccl kernel=acc matrix=amazon0302.mtx P=4 rank=0 nrows_local=65528 ncols_global=262111 nnz_local=308442 n_ghost=128352 compute_avg_ms=0.022426 compute_min_ms=0.021504 compute_max_ms=0.023552 compute_var_ms=0.000000304 compute_gflops=27.508026 eff_bw_gbs=167.990331 pct_peak_bw=18.0031 comm_avg_ms=0.125543 comm_min_ms=0.121671 comm_max_ms=0.131610 comm_var_ms=0.000006792 total_avg_ms=0.147969 total_min_ms=0.144199 total_max_ms=0.155162 total_var_ms=0.000007645 effective_gflops=4.169012
RESULT comm=ghost_nccl kernel=acc matrix=amazon0302.mtx P=4 rank=1 nrows_local=65528 ncols_global=262111 nnz_local=308660 n_ghost=128265 compute_avg_ms=0.023040 compute_min_ms=0.022528 compute_max_ms=0.023552 compute_var_ms=0.000000262 compute_gflops=26.793402 eff_bw_gbs=163.571178 pct_peak_bw=17.5295 comm_avg_ms=0.171749 comm_min_ms=0.165611 comm_max_ms=0.178974 comm_var_ms=0.000010311 total_avg_ms=0.194789 total_min_ms=0.188139 total_max_ms=0.201867 total_var_ms=0.000010050 effective_gflops=3.169174
RESULT comm=ghost_nccl kernel=acc matrix=amazon0302.mtx P=4 rank=2 nrows_local=65528 ncols_global=262111 nnz_local=308727 n_ghost=127791 compute_avg_ms=0.022494 compute_min_ms=0.021504 compute_max_ms=0.023552 compute_var_ms=0.000000244 compute_gflops=27.449882 eff_bw_gbs=167.482098 pct_peak_bw=17.9486 comm_avg_ms=0.183954 comm_min_ms=0.178119 comm_max_ms=0.193317 comm_var_ms=0.000011729 total_avg_ms=0.206448 total_min_ms=0.200647 total_max_ms=0.215845 total_var_ms=0.000012039 effective_gflops=2.990850
RESULT comm=ghost_nccl kernel=acc matrix=amazon0302.mtx P=4 rank=3 nrows_local=65527 ncols_global=262111 nnz_local=309048 n_ghost=128433 compute_avg_ms=0.022596 compute_min_ms=0.021504 compute_max_ms=0.023552 compute_var_ms=0.000000135 compute_gflops=27.353899 eff_bw_gbs=166.949878 pct_peak_bw=17.8916 comm_avg_ms=0.207962 comm_min_ms=0.191449 comm_max_ms=0.215417 comm_var_ms=0.000019022 total_avg_ms=0.230558 total_min_ms=0.213977 total_max_ms=0.238969 total_var_ms=0.000020045 effective_gflops=2.680865
[ERROR CHECKING] OK!

--- P=4 rep=1/3 driver=spmv_2d_cusparse ---
Grid: P=4 -> P_r=2 x P_c=2
Loaded ../matrices/amazon0302.mtx: 262111 x 262111, 1234877 nnz
RESULT comm=checkerboard_mpi kernel=cusparse matrix=amazon0302.mtx P=4 rank=1 nrows_local=131056 ncols_global=262111 nnz_local=328077 n_ghost=-1 compute_avg_ms=0.030993 compute_min_ms=0.029696 compute_max_ms=0.032768 compute_var_ms=0.000000345 compute_gflops=21.170994 eff_bw_gbs=135.426679 pct_peak_bw=14.5133 comm_avg_ms=0.496568 comm_min_ms=0.482541 comm_max_ms=0.511039 comm_var_ms=0.000035802 total_avg_ms=0.527561 total_min_ms=0.514285 total_max_ms=0.542783 total_var_ms=0.000036554 effective_gflops=1.243749
RESULT comm=checkerboard_mpi kernel=cusparse matrix=amazon0302.mtx P=4 rank=2 nrows_local=131055 ncols_global=262111 nnz_local=325436 n_ghost=-1 compute_avg_ms=0.031437 compute_min_ms=0.029696 compute_max_ms=0.036864 compute_var_ms=0.000001478 compute_gflops=20.704143 eff_bw_gbs=132.842912 pct_peak_bw=14.2364 comm_avg_ms=0.680043 comm_min_ms=0.668599 comm_max_ms=0.687399 comm_var_ms=0.000020869 total_avg_ms=0.711480 total_min_ms=0.700343 total_max_ms=0.720167 total_var_ms=0.000019584 effective_gflops=0.914814
RESULT comm=checkerboard_mpi kernel=cusparse matrix=amazon0302.mtx P=4 rank=0 nrows_local=131056 ncols_global=262111 nnz_local=289092 n_ghost=-1 compute_avg_ms=0.030857 compute_min_ms=0.029696 compute_max_ms=0.037888 compute_var_ms=0.000002568 compute_gflops=18.737815 eff_bw_gbs=125.918618 pct_peak_bw=13.4944 comm_avg_ms=0.675309 comm_min_ms=0.660843 comm_max_ms=0.685578 comm_var_ms=0.000032949 total_avg_ms=0.706166 total_min_ms=0.691563 total_max_ms=0.715274 total_var_ms=0.000029778 effective_gflops=0.818765
RESULT comm=checkerboard_mpi kernel=cusparse matrix=amazon0302.mtx P=4 rank=3 nrows_local=131055 ncols_global=262111 nnz_local=292272 n_ghost=-1 compute_avg_ms=0.030925 compute_min_ms=0.029696 compute_max_ms=0.033792 compute_var_ms=0.000000587 compute_gflops=18.902111 eff_bw_gbs=126.462906 pct_peak_bw=13.5527 comm_avg_ms=0.496918 comm_min_ms=0.488391 comm_max_ms=0.505616 comm_var_ms=0.000016279 total_avg_ms=0.527843 total_min_ms=0.518087 total_max_ms=0.536336 total_var_ms=0.000019253 effective_gflops=1.107420
[ERROR CHECKING] OK!

--- P=4 rep=1/3 driver=spmv_2d_acc ---
Grid: P=4 -> P_r=2 x P_c=2
Loaded ../matrices/amazon0302.mtx: 262111 x 262111, 1234877 nnz
[kernel] acc -> LINE-ENHANCE (nnz=292272, avg_nnz=2.23, imbalance=2.24, V=1)
[kernel] acc -> LINE-ENHANCE (nnz=325436, avg_nnz=2.48, imbalance=2.01, V=1)
[kernel] acc -> LINE-ENHANCE (nnz=328077, avg_nnz=2.50, imbalance=2.00, V=1)
[kernel] acc -> LINE-ENHANCE (nnz=289092, avg_nnz=2.21, imbalance=2.27, V=1)
RESULT comm=checkerboard_mpi kernel=acc matrix=amazon0302.mtx P=4 rank=2 nrows_local=131055 ncols_global=262111 nnz_local=325436 n_ghost=-1 compute_avg_ms=0.022630 compute_min_ms=0.020480 compute_max_ms=0.070656 compute_var_ms=0.000080066 compute_gflops=28.760959 eff_bw_gbs=184.537439 pct_peak_bw=19.7764 comm_avg_ms=0.659413 comm_min_ms=0.603496 comm_max_ms=0.671168 comm_var_ms=0.000127955 total_avg_ms=0.682044 total_min_ms=0.673655 total_max_ms=0.691961 total_var_ms=0.000022214 effective_gflops=0.954297
RESULT comm=checkerboard_mpi kernel=acc matrix=amazon0302.mtx P=4 rank=1 nrows_local=131056 ncols_global=262111 nnz_local=328077 n_ghost=-1 compute_avg_ms=0.021709 compute_min_ms=0.020480 compute_max_ms=0.025600 compute_var_ms=0.000000867 compute_gflops=30.225255 eff_bw_gbs=193.345004 pct_peak_bw=20.7203 comm_avg_ms=0.491758 comm_min_ms=0.405828 comm_max_ms=0.502138 comm_var_ms=0.000267618 total_avg_ms=0.513466 total_min_ms=0.427332 total_max_ms=0.523642 total_var_ms=0.000267925 effective_gflops=1.277891
RESULT comm=checkerboard_mpi kernel=acc matrix=amazon0302.mtx P=4 rank=0 nrows_local=131056 ncols_global=262111 nnz_local=289092 n_ghost=-1 compute_avg_ms=0.021026 compute_min_ms=0.020480 compute_max_ms=0.021504 compute_var_ms=0.000000261 compute_gflops=27.498352 eff_bw_gbs=184.789662 pct_peak_bw=19.8034 comm_avg_ms=0.666070 comm_min_ms=0.630562 comm_max_ms=0.674907 comm_var_ms=0.000054971 total_avg_ms=0.687096 total_min_ms=0.652066 total_max_ms=0.695387 total_var_ms=0.000055109 effective_gflops=0.841490
RESULT comm=checkerboard_mpi kernel=acc matrix=amazon0302.mtx P=4 rank=3 nrows_local=131055 ncols_global=262111 nnz_local=292272 n_ghost=-1 compute_avg_ms=0.021026 compute_min_ms=0.020480 compute_max_ms=0.021504 compute_var_ms=0.000000261 compute_gflops=27.800832 eff_bw_gbs=185.999014 pct_peak_bw=19.9330 comm_avg_ms=0.481220 comm_min_ms=0.471132 comm_max_ms=0.517488 comm_var_ms=0.000078778 total_avg_ms=0.502246 total_min_ms=0.492636 total_max_ms=0.537968 total_var_ms=0.000077564 effective_gflops=1.163860
[ERROR CHECKING] OK!

--- P=4 rep=1/3 driver=spmv_2d_nccl_cusparse ---
Grid: P=4 -> P_r=2 x P_c=2
Loaded ../matrices/amazon0302.mtx: 262111 x 262111, 1234877 nnz
RESULT comm=checkerboard_nccl kernel=cusparse matrix=amazon0302.mtx P=4 rank=1 nrows_local=131056 ncols_global=262111 nnz_local=328077 n_ghost=-1 compute_avg_ms=0.031539 compute_min_ms=0.030720 compute_max_ms=0.032768 compute_var_ms=0.000000238 compute_gflops=20.804396 eff_bw_gbs=133.081628 pct_peak_bw=14.2620 comm_avg_ms=0.123449 comm_min_ms=0.121970 comm_max_ms=0.132486 comm_var_ms=0.000003334 total_avg_ms=0.154988 total_min_ms=0.152690 total_max_ms=0.163206 total_var_ms=0.000002827 effective_gflops=4.233568
RESULT comm=checkerboard_nccl kernel=cusparse matrix=amazon0302.mtx P=4 rank=2 nrows_local=131055 ncols_global=262111 nnz_local=325436 n_ghost=-1 compute_avg_ms=0.030925 compute_min_ms=0.029696 compute_max_ms=0.031744 compute_var_ms=0.000000447 compute_gflops=21.046927 eff_bw_gbs=135.042298 pct_peak_bw=14.4721 comm_avg_ms=0.178582 comm_min_ms=0.169236 comm_max_ms=0.193293 comm_var_ms=0.000013863 total_avg_ms=0.209506 total_min_ms=0.199956 total_max_ms=0.224013 total_var_ms=0.000014108 effective_gflops=3.106693
RESULT comm=checkerboard_nccl kernel=cusparse matrix=amazon0302.mtx P=4 rank=3 nrows_local=131055 ncols_global=262111 nnz_local=292272 n_ghost=-1 compute_avg_ms=0.031266 compute_min_ms=0.030720 compute_max_ms=0.032768 compute_var_ms=0.000000331 compute_gflops=18.695756 eff_bw_gbs=125.082307 pct_peak_bw=13.4047 comm_avg_ms=0.151402 comm_min_ms=0.149170 comm_max_ms=0.160520 comm_var_ms=0.000004027 total_avg_ms=0.182668 total_min_ms=0.180821 total_max_ms=0.191240 total_var_ms=0.000003989 effective_gflops=3.200036
RESULT comm=checkerboard_nccl kernel=cusparse matrix=amazon0302.mtx P=4 rank=0 nrows_local=131056 ncols_global=262111 nnz_local=289092 n_ghost=-1 compute_avg_ms=0.030447 compute_min_ms=0.029696 compute_max_ms=0.031744 compute_var_ms=0.000000345 compute_gflops=18.989893 eff_bw_gbs=127.612590 pct_peak_bw=13.6759 comm_avg_ms=0.152736 comm_min_ms=0.150154 comm_max_ms=0.167756 comm_var_ms=0.000011311 total_avg_ms=0.183183 total_min_ms=0.180874 total_max_ms=0.197452 total_var_ms=0.000011154 effective_gflops=3.156325
[ERROR CHECKING] OK!

--- P=4 rep=1/3 driver=spmv_2d_nccl_acc ---
Grid: P=4 -> P_r=2 x P_c=2
Loaded ../matrices/amazon0302.mtx: 262111 x 262111, 1234877 nnz
[kernel] acc -> LINE-ENHANCE (nnz=325436, avg_nnz=2.48, imbalance=2.01, V=1)
[kernel] acc -> LINE-ENHANCE (nnz=292272, avg_nnz=2.23, imbalance=2.24, V=1)
[kernel] acc -> LINE-ENHANCE (nnz=328077, avg_nnz=2.50, imbalance=2.00, V=1)
[kernel] acc -> LINE-ENHANCE (nnz=289092, avg_nnz=2.21, imbalance=2.27, V=1)
RESULT comm=checkerboard_nccl kernel=acc matrix=amazon0302.mtx P=4 rank=1 nrows_local=131056 ncols_global=262111 nnz_local=328077 n_ghost=-1 compute_avg_ms=0.021470 compute_min_ms=0.020480 compute_max_ms=0.023552 compute_var_ms=0.000000523 compute_gflops=30.561625 eff_bw_gbs=195.496698 pct_peak_bw=20.9509 comm_avg_ms=0.122969 comm_min_ms=0.121347 comm_max_ms=0.124573 comm_var_ms=0.000000906 total_avg_ms=0.144439 total_min_ms=0.141918 total_max_ms=0.147832 total_var_ms=0.000002168 effective_gflops=4.542778
RESULT comm=checkerboard_nccl kernel=acc matrix=amazon0302.mtx P=4 rank=2 nrows_local=131055 ncols_global=262111 nnz_local=325436 n_ghost=-1 compute_avg_ms=0.021231 compute_min_ms=0.020480 compute_max_ms=0.022528 compute_var_ms=0.000000624 compute_gflops=30.656778 eff_bw_gbs=196.701482 pct_peak_bw=21.0800 comm_avg_ms=0.186186 comm_min_ms=0.175207 comm_max_ms=0.198111 comm_var_ms=0.000091732 total_avg_ms=0.207417 total_min_ms=0.195687 total_max_ms=0.219539 total_var_ms=0.000094987 effective_gflops=3.137983
RESULT comm=checkerboard_nccl kernel=acc matrix=amazon0302.mtx P=4 rank=0 nrows_local=131056 ncols_global=262111 nnz_local=289092 n_ghost=-1 compute_avg_ms=0.021129 compute_min_ms=0.020480 compute_max_ms=0.021504 compute_var_ms=0.000000244 compute_gflops=27.365080 eff_bw_gbs=183.894073 pct_peak_bw=19.7074 comm_avg_ms=0.155594 comm_min_ms=0.148224 comm_max_ms=0.163013 comm_var_ms=0.000030237 total_avg_ms=0.176722 total_min_ms=0.168704 total_max_ms=0.184517 total_var_ms=0.000032259 effective_gflops=3.271713
RESULT comm=checkerboard_nccl kernel=acc matrix=amazon0302.mtx P=4 rank=3 nrows_local=131055 ncols_global=262111 nnz_local=292272 n_ghost=-1 compute_avg_ms=0.021026 compute_min_ms=0.020480 compute_max_ms=0.022528 compute_var_ms=0.000000331 compute_gflops=27.800832 eff_bw_gbs=185.999014 pct_peak_bw=19.9330 comm_avg_ms=0.155214 comm_min_ms=0.147851 comm_max_ms=0.161871 comm_var_ms=0.000030052 total_avg_ms=0.176240 total_min_ms=0.168849 total_max_ms=0.182900 total_var_ms=0.000032375 effective_gflops=3.316742
[ERROR CHECKING] OK!

--- P=4 rep=2/3 driver=spmv_bcast ---
Loaded ../matrices/amazon0302.mtx: 262111 x 262111, 1234877 nnz
RESULT comm=bcast kernel=cusparse matrix=amazon0302.mtx P=4 rank=0 nrows_local=65528 ncols_global=262111 nnz_local=308442 n_ghost=-1 compute_avg_ms=0.029457 compute_min_ms=0.028672 compute_max_ms=0.029696 compute_var_ms=0.000000188 compute_gflops=20.941800 eff_bw_gbs=137.155812 pct_peak_bw=14.6986 comm_avg_ms=0.435545 comm_min_ms=0.427869 comm_max_ms=0.452362 comm_var_ms=0.000038140 total_avg_ms=0.465002 total_min_ms=0.457565 total_max_ms=0.482058 total_var_ms=0.000037739 effective_gflops=1.326626
RESULT comm=bcast kernel=cusparse matrix=amazon0302.mtx P=4 rank=1 nrows_local=65528 ncols_global=262111 nnz_local=308660 n_ghost=-1 compute_avg_ms=0.029457 compute_min_ms=0.028672 compute_max_ms=0.029696 compute_var_ms=0.000000188 compute_gflops=20.956601 eff_bw_gbs=137.215017 pct_peak_bw=14.7050 comm_avg_ms=0.430596 comm_min_ms=0.420924 comm_max_ms=0.455513 comm_var_ms=0.000086439 total_avg_ms=0.460053 total_min_ms=0.450620 total_max_ms=0.484185 total_var_ms=0.000086370 effective_gflops=1.341845
RESULT comm=bcast kernel=cusparse matrix=amazon0302.mtx P=4 rank=2 nrows_local=65528 ncols_global=262111 nnz_local=308727 n_ghost=-1 compute_avg_ms=0.028774 compute_min_ms=0.028672 compute_max_ms=0.029696 compute_var_ms=0.000000094 compute_gflops=21.458449 eff_bw_gbs=140.489044 pct_peak_bw=15.0558 comm_avg_ms=0.427069 comm_min_ms=0.419683 comm_max_ms=0.443920 comm_var_ms=0.000041951 total_avg_ms=0.455844 total_min_ms=0.448412 total_max_ms=0.472592 total_var_ms=0.000041299 effective_gflops=1.354530
RESULT comm=bcast kernel=cusparse matrix=amazon0302.mtx P=4 rank=3 nrows_local=65527 ncols_global=262111 nnz_local=309048 n_ghost=-1 compute_avg_ms=0.029252 compute_min_ms=0.028672 compute_max_ms=0.029696 compute_var_ms=0.000000257 compute_gflops=21.129849 eff_bw_gbs=138.281521 pct_peak_bw=14.8193 comm_avg_ms=0.435805 comm_min_ms=0.422625 comm_max_ms=0.455313 comm_var_ms=0.000044793 total_avg_ms=0.465057 total_min_ms=0.452321 total_max_ms=0.483985 total_var_ms=0.000042343 effective_gflops=1.329074
[ERROR CHECKING] OK!

--- P=4 rep=2/3 driver=spmv_ghost_cusparse ---
Loaded ../matrices/amazon0302.mtx: 262111 x 262111, 1234877 nnz
RESULT comm=ghost_mpi kernel=cusparse matrix=amazon0302.mtx P=4 rank=0 nrows_local=65528 ncols_global=262111 nnz_local=308442 n_ghost=128352 compute_avg_ms=0.031266 compute_min_ms=0.030720 compute_max_ms=0.031744 compute_var_ms=0.000000261 compute_gflops=19.730102 eff_bw_gbs=120.490885 pct_peak_bw=12.9127 comm_avg_ms=0.483410 comm_min_ms=0.318848 comm_max_ms=0.783685 comm_var_ms=0.006658481 total_avg_ms=0.514676 total_min_ms=0.350592 total_max_ms=0.815429 total_var_ms=0.006666915 effective_gflops=1.198586
RESULT comm=ghost_mpi kernel=cusparse matrix=amazon0302.mtx P=4 rank=1 nrows_local=65528 ncols_global=262111 nnz_local=308660 n_ghost=128265 compute_avg_ms=0.031539 compute_min_ms=0.030720 compute_max_ms=0.032768 compute_var_ms=0.000000308 compute_gflops=19.573103 eff_bw_gbs=119.491936 pct_peak_bw=12.8056 comm_avg_ms=0.580591 comm_min_ms=0.315363 comm_max_ms=0.762679 comm_var_ms=0.021386546 total_avg_ms=0.612130 total_min_ms=0.347107 total_max_ms=0.795447 total_var_ms=0.021361746 effective_gflops=1.008478
RESULT comm=ghost_mpi kernel=cusparse matrix=amazon0302.mtx P=4 rank=2 nrows_local=65528 ncols_global=262111 nnz_local=308727 n_ghost=127791 compute_avg_ms=0.030652 compute_min_ms=0.029696 compute_max_ms=0.031744 compute_var_ms=0.000000205 compute_gflops=20.144179 eff_bw_gbs=122.907244 pct_peak_bw=13.1716 comm_avg_ms=0.605162 comm_min_ms=0.317940 comm_max_ms=0.775031 comm_var_ms=0.015772995 total_avg_ms=0.635813 total_min_ms=0.348660 total_max_ms=0.804991 total_var_ms=0.015756983 effective_gflops=0.971124
RESULT comm=ghost_mpi kernel=cusparse matrix=amazon0302.mtx P=4 rank=3 nrows_local=65527 ncols_global=262111 nnz_local=309048 n_ghost=128433 compute_avg_ms=0.031846 compute_min_ms=0.031744 compute_max_ms=0.032768 compute_var_ms=0.000000094 compute_gflops=19.408662 eff_bw_gbs=118.457472 pct_peak_bw=12.6948 comm_avg_ms=0.610429 comm_min_ms=0.318018 comm_max_ms=0.783133 comm_var_ms=0.016237369 total_avg_ms=0.642275 total_min_ms=0.349762 total_max_ms=0.814877 total_var_ms=0.016243762 effective_gflops=0.962354
[ERROR CHECKING] OK!

--- P=4 rep=2/3 driver=spmv_ghost_acc ---
Loaded ../matrices/amazon0302.mtx: 262111 x 262111, 1234877 nnz
[kernel] acc -> LINE-ENHANCE (nnz=308727, avg_nnz=4.71, imbalance=1.06, V=1)
[kernel] acc -> LINE-ENHANCE (nnz=309048, avg_nnz=4.72, imbalance=1.06, V=1)
[kernel] acc -> LINE-ENHANCE (nnz=308442, avg_nnz=4.71, imbalance=1.06, V=1)
[kernel] acc -> LINE-ENHANCE (nnz=308660, avg_nnz=4.71, imbalance=1.06, V=1)
RESULT comm=ghost_mpi kernel=acc matrix=amazon0302.mtx P=4 rank=0 nrows_local=65528 ncols_global=262111 nnz_local=308442 n_ghost=128352 compute_avg_ms=0.022255 compute_min_ms=0.021504 compute_max_ms=0.023552 compute_var_ms=0.000000275 compute_gflops=27.718978 eff_bw_gbs=169.278601 pct_peak_bw=18.1411 comm_avg_ms=0.502543 comm_min_ms=0.321075 comm_max_ms=0.772220 comm_var_ms=0.012604340 total_avg_ms=0.524798 total_min_ms=0.343603 total_max_ms=0.794748 total_var_ms=0.012604019 effective_gflops=1.175469
RESULT comm=ghost_mpi kernel=acc matrix=amazon0302.mtx P=4 rank=1 nrows_local=65528 ncols_global=262111 nnz_local=308660 n_ghost=128265 compute_avg_ms=0.022391 compute_min_ms=0.021504 compute_max_ms=0.023552 compute_var_ms=0.000000331 compute_gflops=27.569431 eff_bw_gbs=168.308760 pct_peak_bw=18.0372 comm_avg_ms=0.618398 comm_min_ms=0.375787 comm_max_ms=0.792295 comm_var_ms=0.014082510 total_avg_ms=0.640790 total_min_ms=0.397291 total_max_ms=0.814823 total_var_ms=0.014109716 effective_gflops=0.963374
RESULT comm=ghost_mpi kernel=acc matrix=amazon0302.mtx P=4 rank=2 nrows_local=65528 ncols_global=262111 nnz_local=308727 n_ghost=127791 compute_avg_ms=0.021845 compute_min_ms=0.021504 compute_max_ms=0.022528 compute_var_ms=0.000000233 compute_gflops=28.264801 eff_bw_gbs=172.454224 pct_peak_bw=18.4815 comm_avg_ms=0.626192 comm_min_ms=0.376608 comm_max_ms=0.805300 comm_var_ms=0.015069510 total_avg_ms=0.648038 total_min_ms=0.398112 total_max_ms=0.826804 total_var_ms=0.015088543 effective_gflops=0.952806
RESULT comm=ghost_mpi kernel=acc matrix=amazon0302.mtx P=4 rank=3 nrows_local=65527 ncols_global=262111 nnz_local=309048 n_ghost=128433 compute_avg_ms=0.022665 compute_min_ms=0.021504 compute_max_ms=0.024576 compute_var_ms=0.000000261 compute_gflops=27.271508 eff_bw_gbs=166.447017 pct_peak_bw=17.8377 comm_avg_ms=0.641430 comm_min_ms=0.363104 comm_max_ms=0.804569 comm_var_ms=0.014460279 total_avg_ms=0.664095 total_min_ms=0.385632 total_max_ms=0.827097 total_var_ms=0.014457309 effective_gflops=0.930734
[ERROR CHECKING] OK!

--- P=4 rep=2/3 driver=spmv_ghost_nccl_cusparse ---
Loaded ../matrices/amazon0302.mtx: 262111 x 262111, 1234877 nnz
RESULT comm=ghost_nccl kernel=cusparse matrix=amazon0302.mtx P=4 rank=0 nrows_local=65528 ncols_global=262111 nnz_local=308442 n_ghost=128352 compute_avg_ms=0.031881 compute_min_ms=0.030720 compute_max_ms=0.032768 compute_var_ms=0.000000191 compute_gflops=19.349865 eff_bw_gbs=118.168790 pct_peak_bw=12.6638 comm_avg_ms=0.123099 comm_min_ms=0.117990 comm_max_ms=0.127651 comm_var_ms=0.000007211 total_avg_ms=0.154980 total_min_ms=0.149734 total_max_ms=0.159582 total_var_ms=0.000008352 effective_gflops=3.980416
RESULT comm=ghost_nccl kernel=cusparse matrix=amazon0302.mtx P=4 rank=1 nrows_local=65528 ncols_global=262111 nnz_local=308660 n_ghost=128265 compute_avg_ms=0.031915 compute_min_ms=0.030720 compute_max_ms=0.032768 compute_var_ms=0.000000216 compute_gflops=19.342831 eff_bw_gbs=118.086148 pct_peak_bw=12.6550 comm_avg_ms=0.182024 comm_min_ms=0.174562 comm_max_ms=0.193216 comm_var_ms=0.000014538 total_avg_ms=0.213939 total_min_ms=0.206306 total_max_ms=0.224960 total_var_ms=0.000014591 effective_gflops=2.885493
RESULT comm=ghost_nccl kernel=cusparse matrix=amazon0302.mtx P=4 rank=2 nrows_local=65528 ncols_global=262111 nnz_local=308727 n_ghost=127791 compute_avg_ms=0.031369 compute_min_ms=0.030720 compute_max_ms=0.032768 compute_var_ms=0.000000313 compute_gflops=19.683866 eff_bw_gbs=120.098700 pct_peak_bw=12.8707 comm_avg_ms=0.189422 comm_min_ms=0.182822 comm_max_ms=0.195539 comm_var_ms=0.000007899 total_avg_ms=0.220791 total_min_ms=0.213542 total_max_ms=0.227283 total_var_ms=0.000008093 effective_gflops=2.796558
RESULT comm=ghost_nccl kernel=cusparse matrix=amazon0302.mtx P=4 rank=3 nrows_local=65527 ncols_global=262111 nnz_local=309048 n_ghost=128433 compute_avg_ms=0.032358 compute_min_ms=0.031744 compute_max_ms=0.033792 compute_var_ms=0.000000322 compute_gflops=19.101563 eff_bw_gbs=116.583145 pct_peak_bw=12.4939 comm_avg_ms=0.205103 comm_min_ms=0.197013 comm_max_ms=0.212431 comm_var_ms=0.000017675 total_avg_ms=0.237461 total_min_ms=0.228757 total_max_ms=0.245199 total_var_ms=0.000019265 effective_gflops=2.602935
[ERROR CHECKING] OK!

--- P=4 rep=2/3 driver=spmv_ghost_nccl_acc ---
Loaded ../matrices/amazon0302.mtx: 262111 x 262111, 1234877 nnz
[kernel] acc -> LINE-ENHANCE (nnz=308660, avg_nnz=4.71, imbalance=1.06, V=1)
[kernel] acc -> LINE-ENHANCE (nnz=308442, avg_nnz=4.71, imbalance=1.06, V=1)
[kernel] acc -> LINE-ENHANCE (nnz=308727, avg_nnz=4.71, imbalance=1.06, V=1)
[kernel] acc -> LINE-ENHANCE (nnz=309048, avg_nnz=4.72, imbalance=1.06, V=1)
RESULT comm=ghost_nccl kernel=acc matrix=amazon0302.mtx P=4 rank=0 nrows_local=65528 ncols_global=262111 nnz_local=308442 n_ghost=128352 compute_avg_ms=0.022665 compute_min_ms=0.021504 compute_max_ms=0.023552 compute_var_ms=0.000000331 compute_gflops=27.218032 eff_bw_gbs=166.219348 pct_peak_bw=17.8133 comm_avg_ms=0.123761 comm_min_ms=0.117579 comm_max_ms=0.137248 comm_var_ms=0.000012961 total_avg_ms=0.146425 total_min_ms=0.141131 total_max_ms=0.159776 total_var_ms=0.000012992 effective_gflops=4.212960
RESULT comm=ghost_nccl kernel=acc matrix=amazon0302.mtx P=4 rank=1 nrows_local=65528 ncols_global=262111 nnz_local=308660 n_ghost=128265 compute_avg_ms=0.022938 compute_min_ms=0.021504 compute_max_ms=0.023552 compute_var_ms=0.000000322 compute_gflops=26.913016 eff_bw_gbs=164.301407 pct_peak_bw=17.6077 comm_avg_ms=0.172447 comm_min_ms=0.166196 comm_max_ms=0.207082 comm_var_ms=0.000053230 total_avg_ms=0.195385 total_min_ms=0.188724 total_max_ms=0.229610 total_var_ms=0.000052614 effective_gflops=3.159506
RESULT comm=ghost_nccl kernel=acc matrix=amazon0302.mtx P=4 rank=2 nrows_local=65528 ncols_global=262111 nnz_local=308727 n_ghost=127791 compute_avg_ms=0.022221 compute_min_ms=0.021504 compute_max_ms=0.023552 compute_var_ms=0.000000430 compute_gflops=27.787208 eff_bw_gbs=169.540250 pct_peak_bw=18.1692 comm_avg_ms=0.180881 comm_min_ms=0.173267 comm_max_ms=0.194674 comm_var_ms=0.000022778 total_avg_ms=0.203102 total_min_ms=0.195349 total_max_ms=0.216178 total_var_ms=0.000024492 effective_gflops=3.040120
RESULT comm=ghost_nccl kernel=acc matrix=amazon0302.mtx P=4 rank=3 nrows_local=65527 ncols_global=262111 nnz_local=309048 n_ghost=128433 compute_avg_ms=0.022869 compute_min_ms=0.022528 compute_max_ms=0.023552 compute_var_ms=0.000000233 compute_gflops=27.027285 eff_bw_gbs=164.956446 pct_peak_bw=17.6779 comm_avg_ms=0.205945 comm_min_ms=0.199390 comm_max_ms=0.234717 comm_var_ms=0.000038100 total_avg_ms=0.228814 total_min_ms=0.221918 total_max_ms=0.257245 total_var_ms=0.000038649 effective_gflops=2.701302
[ERROR CHECKING] OK!

--- P=4 rep=2/3 driver=spmv_2d_cusparse ---
Grid: P=4 -> P_r=2 x P_c=2
Loaded ../matrices/amazon0302.mtx: 262111 x 262111, 1234877 nnz
RESULT comm=checkerboard_mpi kernel=cusparse matrix=amazon0302.mtx P=4 rank=1 nrows_local=131056 ncols_global=262111 nnz_local=328077 n_ghost=-1 compute_avg_ms=0.031027 compute_min_ms=0.029696 compute_max_ms=0.035840 compute_var_ms=0.000001269 compute_gflops=21.147703 eff_bw_gbs=135.277694 pct_peak_bw=14.4974 comm_avg_ms=0.523984 comm_min_ms=0.511081 comm_max_ms=0.541875 comm_var_ms=0.000035938 total_avg_ms=0.555011 total_min_ms=0.541801 total_max_ms=0.572595 total_var_ms=0.000035707 effective_gflops=1.182235
RESULT comm=checkerboard_mpi kernel=cusparse matrix=amazon0302.mtx P=4 rank=0 nrows_local=131056 ncols_global=262111 nnz_local=289092 n_ghost=-1 compute_avg_ms=0.030720 compute_min_ms=0.029696 compute_max_ms=0.035840 compute_var_ms=0.000001608 compute_gflops=18.821094 eff_bw_gbs=126.478256 pct_peak_bw=13.5543 comm_avg_ms=0.663483 comm_min_ms=0.657130 comm_max_ms=0.685667 comm_var_ms=0.000034959 total_avg_ms=0.694203 total_min_ms=0.687107 total_max_ms=0.716387 total_var_ms=0.000038312 effective_gflops=0.832874
RESULT comm=checkerboard_mpi kernel=cusparse matrix=amazon0302.mtx P=4 rank=2 nrows_local=131055 ncols_global=262111 nnz_local=325436 n_ghost=-1 compute_avg_ms=0.031198 compute_min_ms=0.029696 compute_max_ms=0.035840 compute_var_ms=0.000001240 compute_gflops=20.862709 eff_bw_gbs=133.860309 pct_peak_bw=14.3455 comm_avg_ms=0.669373 comm_min_ms=0.651713 comm_max_ms=0.709308 comm_var_ms=0.000091682 total_avg_ms=0.700571 total_min_ms=0.683457 total_max_ms=0.740028 total_var_ms=0.000088132 effective_gflops=0.929059
RESULT comm=checkerboard_mpi kernel=cusparse matrix=amazon0302.mtx P=4 rank=3 nrows_local=131055 ncols_global=262111 nnz_local=292272 n_ghost=-1 compute_avg_ms=0.030857 compute_min_ms=0.029696 compute_max_ms=0.035840 compute_var_ms=0.000001659 compute_gflops=18.943930 eff_bw_gbs=126.742689 pct_peak_bw=13.5827 comm_avg_ms=0.437457 comm_min_ms=0.421764 comm_max_ms=0.518490 comm_var_ms=0.000347727 total_avg_ms=0.468313 total_min_ms=0.451460 total_max_ms=0.549210 total_var_ms=0.000343445 effective_gflops=1.248190
[ERROR CHECKING] OK!

--- P=4 rep=2/3 driver=spmv_2d_acc ---
Grid: P=4 -> P_r=2 x P_c=2
Loaded ../matrices/amazon0302.mtx: 262111 x 262111, 1234877 nnz
[kernel] acc -> LINE-ENHANCE (nnz=292272, avg_nnz=2.23, imbalance=2.24, V=1)
[kernel] acc -> LINE-ENHANCE (nnz=325436, avg_nnz=2.48, imbalance=2.01, V=1)
[kernel] acc -> LINE-ENHANCE (nnz=289092, avg_nnz=2.21, imbalance=2.27, V=1)
[kernel] acc -> LINE-ENHANCE (nnz=328077, avg_nnz=2.50, imbalance=2.00, V=1)
RESULT comm=checkerboard_mpi kernel=acc matrix=amazon0302.mtx P=4 rank=0 nrows_local=131056 ncols_global=262111 nnz_local=289092 n_ghost=-1 compute_avg_ms=0.021060 compute_min_ms=0.020480 compute_max_ms=0.022528 compute_var_ms=0.000000397 compute_gflops=27.453784 eff_bw_gbs=184.490164 pct_peak_bw=19.7713 comm_avg_ms=0.673424 comm_min_ms=0.664924 comm_max_ms=0.681548 comm_var_ms=0.000012693 total_avg_ms=0.694484 total_min_ms=0.685404 total_max_ms=0.702028 total_var_ms=0.000012442 effective_gflops=0.832538
RESULT comm=checkerboard_mpi kernel=acc matrix=amazon0302.mtx P=4 rank=1 nrows_local=131056 ncols_global=262111 nnz_local=328077 n_ghost=-1 compute_avg_ms=0.021436 compute_min_ms=0.020480 compute_max_ms=0.022528 compute_var_ms=0.000000275 compute_gflops=30.610290 eff_bw_gbs=195.807998 pct_peak_bw=20.9842 comm_avg_ms=0.492718 comm_min_ms=0.482646 comm_max_ms=0.512151 comm_var_ms=0.000027718 total_avg_ms=0.514154 total_min_ms=0.504150 total_max_ms=0.533655 total_var_ms=0.000028234 effective_gflops=1.276182
RESULT comm=checkerboard_mpi kernel=acc matrix=amazon0302.mtx P=4 rank=2 nrows_local=131055 ncols_global=262111 nnz_local=325436 n_ghost=-1 compute_avg_ms=0.020787 compute_min_ms=0.020480 compute_max_ms=0.021504 compute_var_ms=0.000000220 compute_gflops=31.311192 eff_bw_gbs=200.900366 pct_peak_bw=21.5300 comm_avg_ms=0.673201 comm_min_ms=0.665018 comm_max_ms=0.678752 comm_var_ms=0.000012923 total_avg_ms=0.693988 total_min_ms=0.686522 total_max_ms=0.699232 total_var_ms=0.000012835 effective_gflops=0.937872
RESULT comm=checkerboard_mpi kernel=acc matrix=amazon0302.mtx P=4 rank=3 nrows_local=131055 ncols_global=262111 nnz_local=292272 n_ghost=-1 compute_avg_ms=0.021129 compute_min_ms=0.020480 compute_max_ms=0.021504 compute_var_ms=0.000000244 compute_gflops=27.666095 eff_bw_gbs=185.097564 pct_peak_bw=19.8364 comm_avg_ms=0.491012 comm_min_ms=0.477317 comm_max_ms=0.497625 comm_var_ms=0.000019751 total_avg_ms=0.512141 total_min_ms=0.497797 total_max_ms=0.518990 total_var_ms=0.000021013 effective_gflops=1.141374
[ERROR CHECKING] OK!

--- P=4 rep=2/3 driver=spmv_2d_nccl_cusparse ---
Grid: P=4 -> P_r=2 x P_c=2
Loaded ../matrices/amazon0302.mtx: 262111 x 262111, 1234877 nnz
RESULT comm=checkerboard_nccl kernel=cusparse matrix=amazon0302.mtx P=4 rank=1 nrows_local=131056 ncols_global=262111 nnz_local=328077 n_ghost=-1 compute_avg_ms=0.031710 compute_min_ms=0.030720 compute_max_ms=0.032768 compute_var_ms=0.000000244 compute_gflops=20.692424 eff_bw_gbs=132.365364 pct_peak_bw=14.1852 comm_avg_ms=0.123327 comm_min_ms=0.122321 comm_max_ms=0.125336 comm_var_ms=0.000000423 total_avg_ms=0.155037 total_min_ms=0.153390 total_max_ms=0.156700 total_var_ms=0.000000600 effective_gflops=4.232237
RESULT comm=checkerboard_nccl kernel=cusparse matrix=amazon0302.mtx P=4 rank=2 nrows_local=131055 ncols_global=262111 nnz_local=325436 n_ghost=-1 compute_avg_ms=0.030993 compute_min_ms=0.029696 compute_max_ms=0.031744 compute_var_ms=0.000000275 compute_gflops=21.000568 eff_bw_gbs=134.744849 pct_peak_bw=14.4402 comm_avg_ms=0.177269 comm_min_ms=0.169883 comm_max_ms=0.181716 comm_var_ms=0.000003653 total_avg_ms=0.208262 total_min_ms=0.200603 total_max_ms=0.212436 total_var_ms=0.000004218 effective_gflops=3.125251
RESULT comm=checkerboard_nccl kernel=cusparse matrix=amazon0302.mtx P=4 rank=0 nrows_local=131056 ncols_global=262111 nnz_local=289092 n_ghost=-1 compute_avg_ms=0.030720 compute_min_ms=0.029696 compute_max_ms=0.031744 compute_var_ms=0.000000350 compute_gflops=18.821094 eff_bw_gbs=126.478257 pct_peak_bw=13.5543 comm_avg_ms=0.151706 comm_min_ms=0.149368 comm_max_ms=0.157387 comm_var_ms=0.000001991 total_avg_ms=0.182426 total_min_ms=0.179912 total_max_ms=0.188107 total_var_ms=0.000002337 effective_gflops=3.169425
RESULT comm=checkerboard_nccl kernel=cusparse matrix=amazon0302.mtx P=4 rank=3 nrows_local=131055 ncols_global=262111 nnz_local=292272 n_ghost=-1 compute_avg_ms=0.030857 compute_min_ms=0.029696 compute_max_ms=0.031744 compute_var_ms=0.000000191 compute_gflops=18.943930 eff_bw_gbs=126.742691 pct_peak_bw=13.5827 comm_avg_ms=0.149943 comm_min_ms=0.148541 comm_max_ms=0.153339 comm_var_ms=0.000000902 total_avg_ms=0.180799 total_min_ms=0.179261 total_max_ms=0.185083 total_var_ms=0.000001373 effective_gflops=3.233108
[ERROR CHECKING] OK!

--- P=4 rep=2/3 driver=spmv_2d_nccl_acc ---
Grid: P=4 -> P_r=2 x P_c=2
Loaded ../matrices/amazon0302.mtx: 262111 x 262111, 1234877 nnz
[kernel] acc -> LINE-ENHANCE (nnz=328077, avg_nnz=2.50, imbalance=2.00, V=1)
[kernel] acc -> LINE-ENHANCE (nnz=325436, avg_nnz=2.48, imbalance=2.01, V=1)
[kernel] acc -> LINE-ENHANCE (nnz=292272, avg_nnz=2.23, imbalance=2.24, V=1)
[kernel] acc -> LINE-ENHANCE (nnz=289092, avg_nnz=2.21, imbalance=2.27, V=1)
RESULT comm=checkerboard_nccl kernel=acc matrix=amazon0302.mtx P=4 rank=1 nrows_local=131056 ncols_global=262111 nnz_local=328077 n_ghost=-1 compute_avg_ms=0.021333 compute_min_ms=0.020480 compute_max_ms=0.022528 compute_var_ms=0.000000355 compute_gflops=30.757219 eff_bw_gbs=196.747877 pct_peak_bw=21.0849 comm_avg_ms=0.123035 comm_min_ms=0.121899 comm_max_ms=0.125613 comm_var_ms=0.000000784 total_avg_ms=0.144368 total_min_ms=0.142632 total_max_ms=0.147117 total_var_ms=0.000001356 effective_gflops=4.545009
RESULT comm=checkerboard_nccl kernel=acc matrix=amazon0302.mtx P=4 rank=0 nrows_local=131056 ncols_global=262111 nnz_local=289092 n_ghost=-1 compute_avg_ms=0.021129 compute_min_ms=0.020480 compute_max_ms=0.022528 compute_var_ms=0.000000313 compute_gflops=27.365080 eff_bw_gbs=183.894073 pct_peak_bw=19.7074 comm_avg_ms=0.156017 comm_min_ms=0.149027 comm_max_ms=0.177526 comm_var_ms=0.000041274 total_avg_ms=0.177145 total_min_ms=0.170227 total_max_ms=0.199030 total_var_ms=0.000043238 effective_gflops=3.263899
RESULT comm=checkerboard_nccl kernel=acc matrix=amazon0302.mtx P=4 rank=2 nrows_local=131055 ncols_global=262111 nnz_local=325436 n_ghost=-1 compute_avg_ms=0.021163 compute_min_ms=0.020480 compute_max_ms=0.022528 compute_var_ms=0.000000373 compute_gflops=30.755671 eff_bw_gbs=197.336003 pct_peak_bw=21.1480 comm_avg_ms=0.185865 comm_min_ms=0.173696 comm_max_ms=0.198774 comm_var_ms=0.000095356 total_avg_ms=0.207027 total_min_ms=0.195200 total_max_ms=0.220278 total_var_ms=0.000101158 effective_gflops=3.143896
RESULT comm=checkerboard_nccl kernel=acc matrix=amazon0302.mtx P=4 rank=3 nrows_local=131055 ncols_global=262111 nnz_local=292272 n_ghost=-1 compute_avg_ms=0.021299 compute_min_ms=0.020480 compute_max_ms=0.022528 compute_var_ms=0.000000238 compute_gflops=27.444411 eff_bw_gbs=183.614410 pct_peak_bw=19.6775 comm_avg_ms=0.154535 comm_min_ms=0.146949 comm_max_ms=0.161766 comm_var_ms=0.000027603 total_avg_ms=0.175834 total_min_ms=0.168453 total_max_ms=0.183270 total_var_ms=0.000030319 effective_gflops=3.324406
[ERROR CHECKING] OK!

--- P=4 rep=3/3 driver=spmv_bcast ---
Loaded ../matrices/amazon0302.mtx: 262111 x 262111, 1234877 nnz
RESULT comm=bcast kernel=cusparse matrix=amazon0302.mtx P=4 rank=0 nrows_local=65528 ncols_global=262111 nnz_local=308442 n_ghost=-1 compute_avg_ms=0.029594 compute_min_ms=0.028672 compute_max_ms=0.029696 compute_var_ms=0.000000094 compute_gflops=20.845182 eff_bw_gbs=136.523029 pct_peak_bw=14.6308 comm_avg_ms=0.439271 comm_min_ms=0.429087 comm_max_ms=0.454071 comm_var_ms=0.000035111 total_avg_ms=0.468864 total_min_ms=0.458783 total_max_ms=0.483767 total_var_ms=0.000034430 effective_gflops=1.315698
RESULT comm=bcast kernel=cusparse matrix=amazon0302.mtx P=4 rank=1 nrows_local=65528 ncols_global=262111 nnz_local=308660 n_ghost=-1 compute_avg_ms=0.029423 compute_min_ms=0.028672 compute_max_ms=0.030720 compute_var_ms=0.000000275 compute_gflops=20.980912 eff_bw_gbs=137.374200 pct_peak_bw=14.7220 comm_avg_ms=0.429219 comm_min_ms=0.418493 comm_max_ms=0.442119 comm_var_ms=0.000030549 total_avg_ms=0.458642 total_min_ms=0.447165 total_max_ms=0.471815 total_var_ms=0.000032913 effective_gflops=1.345975
RESULT comm=bcast kernel=cusparse matrix=amazon0302.mtx P=4 rank=2 nrows_local=65528 ncols_global=262111 nnz_local=308727 n_ghost=-1 compute_avg_ms=0.028570 compute_min_ms=0.027648 compute_max_ms=0.029696 compute_var_ms=0.000000234 compute_gflops=21.612273 eff_bw_gbs=141.496134 pct_peak_bw=15.1638 comm_avg_ms=0.427833 comm_min_ms=0.417058 comm_max_ms=0.439459 comm_var_ms=0.000027546 total_avg_ms=0.456402 total_min_ms=0.445730 total_max_ms=0.468131 total_var_ms=0.000025799 effective_gflops=1.352873
RESULT comm=bcast kernel=cusparse matrix=amazon0302.mtx P=4 rank=3 nrows_local=65527 ncols_global=262111 nnz_local=309048 n_ghost=-1 compute_avg_ms=0.030140 compute_min_ms=0.029696 compute_max_ms=0.030720 compute_var_ms=0.000000257 compute_gflops=20.507680 eff_bw_gbs=134.209813 pct_peak_bw=14.3829 comm_avg_ms=0.438134 comm_min_ms=0.427601 comm_max_ms=0.451993 comm_var_ms=0.000031134 total_avg_ms=0.468274 total_min_ms=0.458321 total_max_ms=0.482254 total_var_ms=0.000030927 effective_gflops=1.319945
[ERROR CHECKING] OK!

--- P=4 rep=3/3 driver=spmv_ghost_cusparse ---
Loaded ../matrices/amazon0302.mtx: 262111 x 262111, 1234877 nnz
RESULT comm=ghost_mpi kernel=cusparse matrix=amazon0302.mtx P=4 rank=0 nrows_local=65528 ncols_global=262111 nnz_local=308442 n_ghost=128352 compute_avg_ms=0.031061 compute_min_ms=0.030720 compute_max_ms=0.031744 compute_var_ms=0.000000233 compute_gflops=19.860191 eff_bw_gbs=121.285331 pct_peak_bw=12.9978 comm_avg_ms=0.501452 comm_min_ms=0.294119 comm_max_ms=0.737452 comm_var_ms=0.009716542 total_avg_ms=0.532514 total_min_ms=0.324839 total_max_ms=0.769196 total_var_ms=0.009745259 effective_gflops=1.158438
RESULT comm=ghost_mpi kernel=cusparse matrix=amazon0302.mtx P=4 rank=1 nrows_local=65528 ncols_global=262111 nnz_local=308660 n_ghost=128265 compute_avg_ms=0.031403 compute_min_ms=0.030720 compute_max_ms=0.033792 compute_var_ms=0.000000443 compute_gflops=19.658203 eff_bw_gbs=120.011466 pct_peak_bw=12.8613 comm_avg_ms=0.639766 comm_min_ms=0.439878 comm_max_ms=0.796285 comm_var_ms=0.009440730 total_avg_ms=0.671169 total_min_ms=0.470598 total_max_ms=0.827005 total_var_ms=0.009462287 effective_gflops=0.919768
RESULT comm=ghost_mpi kernel=cusparse matrix=amazon0302.mtx P=4 rank=2 nrows_local=65528 ncols_global=262111 nnz_local=308727 n_ghost=127791 compute_avg_ms=0.030515 compute_min_ms=0.029696 compute_max_ms=0.031744 compute_var_ms=0.000000308 compute_gflops=20.234310 eff_bw_gbs=123.457164 pct_peak_bw=13.2306 comm_avg_ms=0.663254 comm_min_ms=0.441939 comm_max_ms=0.809038 comm_var_ms=0.008083157 total_avg_ms=0.693769 total_min_ms=0.471635 total_max_ms=0.838734 total_var_ms=0.008077906 effective_gflops=0.890000
RESULT comm=ghost_mpi kernel=cusparse matrix=amazon0302.mtx P=4 rank=3 nrows_local=65527 ncols_global=262111 nnz_local=309048 n_ghost=128433 compute_avg_ms=0.031949 compute_min_ms=0.031744 compute_max_ms=0.034816 compute_var_ms=0.000000377 compute_gflops=19.346455 eff_bw_gbs=118.077801 pct_peak_bw=12.6541 comm_avg_ms=0.669019 comm_min_ms=0.442072 comm_max_ms=0.808378 comm_var_ms=0.007990375 total_avg_ms=0.700968 total_min_ms=0.473816 total_max_ms=0.840122 total_var_ms=0.007963829 effective_gflops=0.881775
[ERROR CHECKING] OK!

--- P=4 rep=3/3 driver=spmv_ghost_acc ---
Loaded ../matrices/amazon0302.mtx: 262111 x 262111, 1234877 nnz
[kernel] acc -> LINE-ENHANCE (nnz=308727, avg_nnz=4.71, imbalance=1.06, V=1)
[kernel] acc -> LINE-ENHANCE (nnz=308442, avg_nnz=4.71, imbalance=1.06, V=1)
[kernel] acc -> LINE-ENHANCE (nnz=309048, avg_nnz=4.72, imbalance=1.06, V=1)
[kernel] acc -> LINE-ENHANCE (nnz=308660, avg_nnz=4.71, imbalance=1.06, V=1)
RESULT comm=ghost_mpi kernel=acc matrix=amazon0302.mtx P=4 rank=0 nrows_local=65528 ncols_global=262111 nnz_local=308442 n_ghost=128352 compute_avg_ms=0.022050 compute_min_ms=0.021504 compute_max_ms=0.022528 compute_var_ms=0.000000261 compute_gflops=27.976429 eff_bw_gbs=170.850849 pct_peak_bw=18.3096 comm_avg_ms=0.512024 comm_min_ms=0.382582 comm_max_ms=0.728706 comm_var_ms=0.009504416 total_avg_ms=0.534074 total_min_ms=0.404086 total_max_ms=0.750210 total_var_ms=0.009499542 effective_gflops=1.155054
RESULT comm=ghost_mpi kernel=acc matrix=amazon0302.mtx P=4 rank=2 nrows_local=65528 ncols_global=262111 nnz_local=308727 n_ghost=127791 compute_avg_ms=0.021845 compute_min_ms=0.021504 compute_max_ms=0.022528 compute_var_ms=0.000000233 compute_gflops=28.264801 eff_bw_gbs=172.454224 pct_peak_bw=18.4815 comm_avg_ms=0.633295 comm_min_ms=0.382604 comm_max_ms=0.774551 comm_var_ms=0.014224003 total_avg_ms=0.655140 total_min_ms=0.404108 total_max_ms=0.797079 total_var_ms=0.014270607 effective_gflops=0.942477
RESULT comm=ghost_mpi kernel=acc matrix=amazon0302.mtx P=4 rank=1 nrows_local=65528 ncols_global=262111 nnz_local=308660 n_ghost=128265 compute_avg_ms=0.022528 compute_min_ms=0.021504 compute_max_ms=0.023552 compute_var_ms=0.000000140 compute_gflops=27.402344 eff_bw_gbs=167.288706 pct_peak_bw=17.9279 comm_avg_ms=0.608743 comm_min_ms=0.382808 comm_max_ms=0.811755 comm_var_ms=0.013630312 total_avg_ms=0.631271 total_min_ms=0.405336 total_max_ms=0.834283 total_var_ms=0.013633810 effective_gflops=0.977900
RESULT comm=ghost_mpi kernel=acc matrix=amazon0302.mtx P=4 rank=3 nrows_local=65527 ncols_global=262111 nnz_local=309048 n_ghost=128433 compute_avg_ms=0.022357 compute_min_ms=0.021504 compute_max_ms=0.023552 compute_var_ms=0.000000285 compute_gflops=27.646231 eff_bw_gbs=168.734076 pct_peak_bw=18.0828 comm_avg_ms=0.643520 comm_min_ms=0.382753 comm_max_ms=0.811636 comm_var_ms=0.013473349 total_avg_ms=0.665877 total_min_ms=0.405281 total_max_ms=0.834164 total_var_ms=0.013475495 effective_gflops=0.928243
[ERROR CHECKING] OK!

--- P=4 rep=3/3 driver=spmv_ghost_nccl_cusparse ---
Loaded ../matrices/amazon0302.mtx: 262111 x 262111, 1234877 nnz
RESULT comm=ghost_nccl kernel=cusparse matrix=amazon0302.mtx P=4 rank=0 nrows_local=65528 ncols_global=262111 nnz_local=308442 n_ghost=128352 compute_avg_ms=0.031505 compute_min_ms=0.030720 compute_max_ms=0.031744 compute_var_ms=0.000000188 compute_gflops=19.580470 eff_bw_gbs=119.577086 pct_peak_bw=12.8148 comm_avg_ms=0.119511 comm_min_ms=0.114311 comm_max_ms=0.130360 comm_var_ms=0.000008949 total_avg_ms=0.151016 total_min_ms=0.146055 total_max_ms=0.162104 total_var_ms=0.000009231 effective_gflops=4.084889
RESULT comm=ghost_nccl kernel=cusparse matrix=amazon0302.mtx P=4 rank=1 nrows_local=65528 ncols_global=262111 nnz_local=308660 n_ghost=128265 compute_avg_ms=0.032188 compute_min_ms=0.031744 compute_max_ms=0.032768 compute_var_ms=0.000000257 compute_gflops=19.178735 eff_bw_gbs=117.084356 pct_peak_bw=12.5476 comm_avg_ms=0.181706 comm_min_ms=0.176901 comm_max_ms=0.191349 comm_var_ms=0.000008369 total_avg_ms=0.213894 total_min_ms=0.208645 total_max_ms=0.223093 total_var_ms=0.000008110 effective_gflops=2.886100
RESULT comm=ghost_nccl kernel=cusparse matrix=amazon0302.mtx P=4 rank=2 nrows_local=65528 ncols_global=262111 nnz_local=308727 n_ghost=127791 compute_avg_ms=0.031573 compute_min_ms=0.030720 compute_max_ms=0.035840 compute_var_ms=0.000000915 compute_gflops=19.556187 eff_bw_gbs=119.319681 pct_peak_bw=12.7872 comm_avg_ms=0.187435 comm_min_ms=0.180351 comm_max_ms=0.195307 comm_var_ms=0.000009155 total_avg_ms=0.219009 total_min_ms=0.212095 total_max_ms=0.227051 total_var_ms=0.000008868 effective_gflops=2.819313
RESULT comm=ghost_nccl kernel=cusparse matrix=amazon0302.mtx P=4 rank=3 nrows_local=65527 ncols_global=262111 nnz_local=309048 n_ghost=128433 compute_avg_ms=0.032461 compute_min_ms=0.031744 compute_max_ms=0.034816 compute_var_ms=0.000000430 compute_gflops=19.041305 eff_bw_gbs=116.215374 pct_peak_bw=12.4545 comm_avg_ms=0.204852 comm_min_ms=0.198729 comm_max_ms=0.212278 comm_var_ms=0.000011315 total_avg_ms=0.237313 total_min_ms=0.230473 total_max_ms=0.244042 total_var_ms=0.000012816 effective_gflops=2.604562
[ERROR CHECKING] OK!

--- P=4 rep=3/3 driver=spmv_ghost_nccl_acc ---
Loaded ../matrices/amazon0302.mtx: 262111 x 262111, 1234877 nnz
[kernel] acc -> LINE-ENHANCE (nnz=308660, avg_nnz=4.71, imbalance=1.06, V=1)
[kernel] acc -> LINE-ENHANCE (nnz=308442, avg_nnz=4.71, imbalance=1.06, V=1)
[kernel] acc -> LINE-ENHANCE (nnz=308727, avg_nnz=4.71, imbalance=1.06, V=1)
[kernel] acc -> LINE-ENHANCE (nnz=309048, avg_nnz=4.72, imbalance=1.06, V=1)
RESULT comm=ghost_nccl kernel=acc matrix=amazon0302.mtx P=4 rank=0 nrows_local=65528 ncols_global=262111 nnz_local=308442 n_ghost=128352 compute_avg_ms=0.022391 compute_min_ms=0.021504 compute_max_ms=0.023552 compute_var_ms=0.000000331 compute_gflops=27.549959 eff_bw_gbs=168.246414 pct_peak_bw=18.0305 comm_avg_ms=0.119730 comm_min_ms=0.115087 comm_max_ms=0.123205 comm_var_ms=0.000006282 total_avg_ms=0.142121 total_min_ms=0.137615 total_max_ms=0.145733 total_var_ms=0.000007438 effective_gflops=4.340543
RESULT comm=ghost_nccl kernel=acc matrix=amazon0302.mtx P=4 rank=1 nrows_local=65528 ncols_global=262111 nnz_local=308660 n_ghost=128265 compute_avg_ms=0.022767 compute_min_ms=0.021504 compute_max_ms=0.023552 compute_var_ms=0.000000257 compute_gflops=27.114763 eff_bw_gbs=165.533052 pct_peak_bw=17.7397 comm_avg_ms=0.170369 comm_min_ms=0.164100 comm_max_ms=0.188911 comm_var_ms=0.000016496 total_avg_ms=0.193136 total_min_ms=0.186628 total_max_ms=0.211439 total_var_ms=0.000016931 effective_gflops=3.196291
RESULT comm=ghost_nccl kernel=acc matrix=amazon0302.mtx P=4 rank=3 nrows_local=65527 ncols_global=262111 nnz_local=309048 n_ghost=128433 compute_avg_ms=0.022630 compute_min_ms=0.021504 compute_max_ms=0.023552 compute_var_ms=0.000000374 compute_gflops=27.312641 eff_bw_gbs=166.698068 pct_peak_bw=17.8646 comm_avg_ms=0.202761 comm_min_ms=0.198082 comm_max_ms=0.210350 comm_var_ms=0.000007469 total_avg_ms=0.225392 total_min_ms=0.220610 total_max_ms=0.232878 total_var_ms=0.000008051 effective_gflops=2.742318
RESULT comm=ghost_nccl kernel=acc matrix=amazon0302.mtx P=4 rank=2 nrows_local=65528 ncols_global=262111 nnz_local=308727 n_ghost=127791 compute_avg_ms=0.022118 compute_min_ms=0.021504 compute_max_ms=0.023552 compute_var_ms=0.000000391 compute_gflops=27.915853 eff_bw_gbs=170.325159 pct_peak_bw=18.2533 comm_avg_ms=0.178283 comm_min_ms=0.173492 comm_max_ms=0.187775 comm_var_ms=0.000011269 total_avg_ms=0.200401 total_min_ms=0.196020 total_max_ms=0.211327 total_var_ms=0.000013089 effective_gflops=3.081089
[ERROR CHECKING] OK!

--- P=4 rep=3/3 driver=spmv_2d_cusparse ---
Grid: P=4 -> P_r=2 x P_c=2
Loaded ../matrices/amazon0302.mtx: 262111 x 262111, 1234877 nnz
RESULT comm=checkerboard_mpi kernel=cusparse matrix=amazon0302.mtx P=4 rank=0 nrows_local=131056 ncols_global=262111 nnz_local=289092 n_ghost=-1 compute_avg_ms=0.030549 compute_min_ms=0.029696 compute_max_ms=0.033792 compute_var_ms=0.000000705 compute_gflops=18.926240 eff_bw_gbs=127.184839 pct_peak_bw=13.6301 comm_avg_ms=0.592758 comm_min_ms=0.568685 comm_max_ms=0.649715 comm_var_ms=0.000324087 total_avg_ms=0.623308 total_min_ms=0.598381 total_max_ms=0.679411 total_var_ms=0.000319811 effective_gflops=0.927606
RESULT comm=checkerboard_mpi kernel=cusparse matrix=amazon0302.mtx P=4 rank=1 nrows_local=131056 ncols_global=262111 nnz_local=328077 n_ghost=-1 compute_avg_ms=0.030720 compute_min_ms=0.029696 compute_max_ms=0.033792 compute_var_ms=0.000000769 compute_gflops=21.359180 eff_bw_gbs=136.630470 pct_peak_bw=14.6423 comm_avg_ms=0.418602 comm_min_ms=0.402485 comm_max_ms=0.431983 comm_var_ms=0.000039262 total_avg_ms=0.449322 total_min_ms=0.434229 total_max_ms=0.463727 total_var_ms=0.000038946 effective_gflops=1.460320
RESULT comm=checkerboard_mpi kernel=cusparse matrix=amazon0302.mtx P=4 rank=2 nrows_local=131055 ncols_global=262111 nnz_local=325436 n_ghost=-1 compute_avg_ms=0.031095 compute_min_ms=0.029696 compute_max_ms=0.032768 compute_var_ms=0.000000383 compute_gflops=20.931412 eff_bw_gbs=134.301123 pct_peak_bw=14.3927 comm_avg_ms=0.693395 comm_min_ms=0.672704 comm_max_ms=0.708038 comm_var_ms=0.000052685 total_avg_ms=0.724491 total_min_ms=0.704448 total_max_ms=0.739782 total_var_ms=0.000054900 effective_gflops=0.898386
RESULT comm=checkerboard_mpi kernel=cusparse matrix=amazon0302.mtx P=4 rank=3 nrows_local=131055 ncols_global=262111 nnz_local=292272 n_ghost=-1 compute_avg_ms=0.030686 compute_min_ms=0.029696 compute_max_ms=0.032768 compute_var_ms=0.000000523 compute_gflops=19.049291 eff_bw_gbs=127.447600 pct_peak_bw=13.6582 comm_avg_ms=0.579719 comm_min_ms=0.537218 comm_max_ms=0.592811 comm_var_ms=0.000114563 total_avg_ms=0.610405 total_min_ms=0.567938 total_max_ms=0.622507 total_var_ms=0.000115525 effective_gflops=0.957634
[ERROR CHECKING] OK!

--- P=4 rep=3/3 driver=spmv_2d_acc ---
Grid: P=4 -> P_r=2 x P_c=2
Loaded ../matrices/amazon0302.mtx: 262111 x 262111, 1234877 nnz
[kernel] acc -> LINE-ENHANCE (nnz=292272, avg_nnz=2.23, imbalance=2.24, V=1)
[kernel] acc -> LINE-ENHANCE (nnz=325436, avg_nnz=2.48, imbalance=2.01, V=1)
[kernel] acc -> LINE-ENHANCE (nnz=289092, avg_nnz=2.21, imbalance=2.27, V=1)
[kernel] acc -> LINE-ENHANCE (nnz=328077, avg_nnz=2.50, imbalance=2.00, V=1)
RESULT comm=checkerboard_mpi kernel=acc matrix=amazon0302.mtx P=4 rank=0 nrows_local=131056 ncols_global=262111 nnz_local=289092 n_ghost=-1 compute_avg_ms=0.021094 compute_min_ms=0.020480 compute_max_ms=0.021504 compute_var_ms=0.000000252 compute_gflops=27.409360 eff_bw_gbs=184.191636 pct_peak_bw=19.7393 comm_avg_ms=0.709416 comm_min_ms=0.700720 comm_max_ms=0.716760 comm_var_ms=0.000017781 total_avg_ms=0.730510 total_min_ms=0.721200 total_max_ms=0.738264 total_var_ms=0.000017228 effective_gflops=0.791479
RESULT comm=checkerboard_mpi kernel=acc matrix=amazon0302.mtx P=4 rank=2 nrows_local=131055 ncols_global=262111 nnz_local=325436 n_ghost=-1 compute_avg_ms=0.021026 compute_min_ms=0.020480 compute_max_ms=0.022528 compute_var_ms=0.000000401 compute_gflops=30.955383 eff_bw_gbs=198.617406 pct_peak_bw=21.2853 comm_avg_ms=0.646639 comm_min_ms=0.630645 comm_max_ms=0.685086 comm_var_ms=0.000148146 total_avg_ms=0.667665 total_min_ms=0.651125 total_max_ms=0.705566 total_var_ms=0.000147403 effective_gflops=0.974847
RESULT comm=checkerboard_mpi kernel=acc matrix=amazon0302.mtx P=4 rank=1 nrows_local=131056 ncols_global=262111 nnz_local=328077 n_ghost=-1 compute_avg_ms=0.021504 compute_min_ms=0.020480 compute_max_ms=0.022528 compute_var_ms=0.000000489 compute_gflops=30.513114 eff_bw_gbs=195.186385 pct_peak_bw=20.9176 comm_avg_ms=0.591633 comm_min_ms=0.583957 comm_max_ms=0.598945 comm_var_ms=0.000015035 total_avg_ms=0.613137 total_min_ms=0.605461 total_max_ms=0.621473 total_var_ms=0.000015174 effective_gflops=1.070159
RESULT comm=checkerboard_mpi kernel=acc matrix=amazon0302.mtx P=4 rank=3 nrows_local=131055 ncols_global=262111 nnz_local=292272 n_ghost=-1 compute_avg_ms=0.021299 compute_min_ms=0.020480 compute_max_ms=0.022528 compute_var_ms=0.000000308 compute_gflops=27.444411 eff_bw_gbs=183.614410 pct_peak_bw=19.6775 comm_avg_ms=0.448050 comm_min_ms=0.431819 comm_max_ms=0.459765 comm_var_ms=0.000028368 total_avg_ms=0.469350 total_min_ms=0.453323 total_max_ms=0.481269 total_var_ms=0.000028708 effective_gflops=1.245434
[ERROR CHECKING] OK!

--- P=4 rep=3/3 driver=spmv_2d_nccl_cusparse ---
Grid: P=4 -> P_r=2 x P_c=2
Loaded ../matrices/amazon0302.mtx: 262111 x 262111, 1234877 nnz
RESULT comm=checkerboard_nccl kernel=cusparse matrix=amazon0302.mtx P=4 rank=1 nrows_local=131056 ncols_global=262111 nnz_local=328077 n_ghost=-1 compute_avg_ms=0.031437 compute_min_ms=0.030720 compute_max_ms=0.031744 compute_var_ms=0.000000220 compute_gflops=20.872163 eff_bw_gbs=133.515118 pct_peak_bw=14.3085 comm_avg_ms=0.122926 comm_min_ms=0.121116 comm_max_ms=0.125717 comm_var_ms=0.000000896 total_avg_ms=0.154363 total_min_ms=0.152098 total_max_ms=0.157461 total_var_ms=0.000000925 effective_gflops=4.250717
RESULT comm=checkerboard_nccl kernel=cusparse matrix=amazon0302.mtx P=4 rank=2 nrows_local=131055 ncols_global=262111 nnz_local=325436 n_ghost=-1 compute_avg_ms=0.030891 compute_min_ms=0.029696 compute_max_ms=0.031744 compute_var_ms=0.000000216 compute_gflops=21.070183 eff_bw_gbs=135.191517 pct_peak_bw=14.4881 comm_avg_ms=0.176816 comm_min_ms=0.167995 comm_max_ms=0.181356 comm_var_ms=0.000004984 total_avg_ms=0.207707 total_min_ms=0.198715 total_max_ms=0.212076 total_var_ms=0.000004498 effective_gflops=3.133611
RESULT comm=checkerboard_nccl kernel=cusparse matrix=amazon0302.mtx P=4 rank=0 nrows_local=131056 ncols_global=262111 nnz_local=289092 n_ghost=-1 compute_avg_ms=0.030788 compute_min_ms=0.029696 compute_max_ms=0.031744 compute_var_ms=0.000000275 compute_gflops=18.779362 eff_bw_gbs=126.197818 pct_peak_bw=13.5243 comm_avg_ms=0.150839 comm_min_ms=0.148537 comm_max_ms=0.155721 comm_var_ms=0.000002049 total_avg_ms=0.181627 total_min_ms=0.179257 total_max_ms=0.186441 total_var_ms=0.000002160 effective_gflops=3.183362
RESULT comm=checkerboard_nccl kernel=cusparse matrix=amazon0302.mtx P=4 rank=3 nrows_local=131055 ncols_global=262111 nnz_local=292272 n_ghost=-1 compute_avg_ms=0.031300 compute_min_ms=0.030720 compute_max_ms=0.031744 compute_var_ms=0.000000257 compute_gflops=18.675368 eff_bw_gbs=124.945903 pct_peak_bw=13.3901 comm_avg_ms=0.150295 comm_min_ms=0.148912 comm_max_ms=0.154090 comm_var_ms=0.000000949 total_avg_ms=0.181595 total_min_ms=0.179773 total_max_ms=0.185834 total_var_ms=0.000001444 effective_gflops=3.218937
[ERROR CHECKING] OK!

--- P=4 rep=3/3 driver=spmv_2d_nccl_acc ---
Grid: P=4 -> P_r=2 x P_c=2
Loaded ../matrices/amazon0302.mtx: 262111 x 262111, 1234877 nnz
[kernel] acc -> LINE-ENHANCE (nnz=292272, avg_nnz=2.23, imbalance=2.24, V=1)
[kernel] acc -> LINE-ENHANCE (nnz=325436, avg_nnz=2.48, imbalance=2.01, V=1)
[kernel] acc -> LINE-ENHANCE (nnz=289092, avg_nnz=2.21, imbalance=2.27, V=1)
[kernel] acc -> LINE-ENHANCE (nnz=328077, avg_nnz=2.50, imbalance=2.00, V=1)
RESULT comm=checkerboard_nccl kernel=acc matrix=amazon0302.mtx P=4 rank=0 nrows_local=131056 ncols_global=262111 nnz_local=289092 n_ghost=-1 compute_avg_ms=0.021129 compute_min_ms=0.020480 compute_max_ms=0.022528 compute_var_ms=0.000000383 compute_gflops=27.365080 eff_bw_gbs=183.894073 pct_peak_bw=19.7074 comm_avg_ms=0.155370 comm_min_ms=0.148624 comm_max_ms=0.162562 comm_var_ms=0.000024745 total_avg_ms=0.176499 total_min_ms=0.169104 total_max_ms=0.184099 total_var_ms=0.000026596 effective_gflops=3.275857
RESULT comm=checkerboard_nccl kernel=acc matrix=amazon0302.mtx P=4 rank=1 nrows_local=131056 ncols_global=262111 nnz_local=328077 n_ghost=-1 compute_avg_ms=0.021606 compute_min_ms=0.020480 compute_max_ms=0.022528 compute_var_ms=0.000000514 compute_gflops=30.368502 eff_bw_gbs=194.261331 pct_peak_bw=20.8185 comm_avg_ms=0.122746 comm_min_ms=0.121611 comm_max_ms=0.124502 comm_var_ms=0.000000419 total_avg_ms=0.144352 total_min_ms=0.142484 total_max_ms=0.147030 total_var_ms=0.000001214 effective_gflops=4.545515
RESULT comm=checkerboard_nccl kernel=acc matrix=amazon0302.mtx P=4 rank=3 nrows_local=131055 ncols_global=262111 nnz_local=292272 n_ghost=-1 compute_avg_ms=0.021231 compute_min_ms=0.020480 compute_max_ms=0.022528 compute_var_ms=0.000000415 compute_gflops=27.532657 eff_bw_gbs=184.204810 pct_peak_bw=19.7407 comm_avg_ms=0.155009 comm_min_ms=0.148761 comm_max_ms=0.163223 comm_var_ms=0.000026269 total_avg_ms=0.176240 total_min_ms=0.169778 total_max_ms=0.184727 total_var_ms=0.000027502 effective_gflops=3.316745
RESULT comm=checkerboard_nccl kernel=acc matrix=amazon0302.mtx P=4 rank=2 nrows_local=131055 ncols_global=262111 nnz_local=325436 n_ghost=-1 compute_avg_ms=0.021265 compute_min_ms=0.020480 compute_max_ms=0.022528 compute_var_ms=0.000000327 compute_gflops=30.607570 eff_bw_gbs=196.385749 pct_peak_bw=21.0461 comm_avg_ms=0.186317 comm_min_ms=0.172805 comm_max_ms=0.198731 comm_var_ms=0.000088329 total_avg_ms=0.207582 total_min_ms=0.195333 total_max_ms=0.220235 total_var_ms=0.000092651 effective_gflops=3.135487
[ERROR CHECKING] OK!

=== Job done ===
