=== D2_final strong scaling ===
Node:     edu01
Date:     Tue Jul 21 04:52:19 PM CEST 2026
Matrix:   ../matrices/parabolic_fem.mtx
P:        1
Reps:     3

--- P=1 rep=1/3 driver=spmv_bcast ---
Loaded ../matrices/parabolic_fem.mtx: 525825 x 525825, 3674625 nnz
RESULT comm=bcast kernel=cusparse matrix=parabolic_fem.mtx P=1 rank=0 nrows_local=525825 ncols_global=525825 nnz_local=3674625 n_ghost=-1 compute_avg_ms=0.079599 compute_min_ms=0.077824 compute_max_ms=0.080896 compute_var_ms=0.000000415 compute_gflops=92.328502 eff_bw_gbs=448.585223 pct_peak_bw=48.0737 comm_avg_ms=0.115211 comm_min_ms=0.113399 comm_max_ms=0.119926 comm_var_ms=0.000003003 total_avg_ms=0.194810 total_min_ms=0.192538 total_max_ms=0.199798 total_var_ms=0.000003263 effective_gflops=37.725149
[ERROR CHECKING] OK!

--- P=1 rep=1/3 driver=spmv_ghost_cusparse ---
Loaded ../matrices/parabolic_fem.mtx: 525825 x 525825, 3674625 nnz
RESULT comm=ghost_mpi kernel=cusparse matrix=parabolic_fem.mtx P=1 rank=0 nrows_local=525825 ncols_global=525825 nnz_local=3674625 n_ghost=0 compute_avg_ms=0.078916 compute_min_ms=0.077824 compute_max_ms=0.079872 compute_var_ms=0.000000485 compute_gflops=93.127192 eff_bw_gbs=452.465720 pct_peak_bw=48.4896 comm_avg_ms=0.000562 comm_min_ms=0.000538 comm_max_ms=0.000625 comm_var_ms=0.000000000 total_avg_ms=0.079479 total_min_ms=0.078362 total_max_ms=0.080461 total_var_ms=0.000000486 effective_gflops=92.468174
[ERROR CHECKING] OK!

--- P=1 rep=1/3 driver=spmv_ghost_acc ---
Loaded ../matrices/parabolic_fem.mtx: 525825 x 525825, 3674625 nnz
[kernel] acc -> LINE-ENHANCE (nnz=3674625, avg_nnz=6.99, imbalance=1.00, V=1)
RESULT comm=ghost_mpi kernel=acc matrix=parabolic_fem.mtx P=1 rank=0 nrows_local=525825 ncols_global=525825 nnz_local=3674625 n_ghost=0 compute_avg_ms=0.079394 compute_min_ms=0.078848 compute_max_ms=0.080896 compute_var_ms=0.000000331 compute_gflops=92.566667 eff_bw_gbs=449.742365 pct_peak_bw=48.1977 comm_avg_ms=0.000551 comm_min_ms=0.000532 comm_max_ms=0.000592 comm_var_ms=0.000000000 total_avg_ms=0.079945 total_min_ms=0.079380 total_max_ms=0.081452 total_var_ms=0.000000325 effective_gflops=91.928254
[ERROR CHECKING] OK!

--- P=1 rep=1/3 driver=spmv_ghost_nccl_cusparse ---
Loaded ../matrices/parabolic_fem.mtx: 525825 x 525825, 3674625 nnz
RESULT comm=ghost_nccl kernel=cusparse matrix=parabolic_fem.mtx P=1 rank=0 nrows_local=525825 ncols_global=525825 nnz_local=3674625 n_ghost=0 compute_avg_ms=0.078848 compute_min_ms=0.077824 compute_max_ms=0.079872 compute_var_ms=0.000000280 compute_gflops=93.207821 eff_bw_gbs=452.857465 pct_peak_bw=48.5315 comm_avg_ms=0.001020 comm_min_ms=0.000991 comm_max_ms=0.001083 comm_var_ms=0.000000001 total_avg_ms=0.079868 total_min_ms=0.078826 total_max_ms=0.080933 total_var_ms=0.000000284 effective_gflops=92.017841
[ERROR CHECKING] OK!

--- P=1 rep=1/3 driver=spmv_ghost_nccl_acc ---
Loaded ../matrices/parabolic_fem.mtx: 525825 x 525825, 3674625 nnz
[kernel] acc -> LINE-ENHANCE (nnz=3674625, avg_nnz=6.99, imbalance=1.00, V=1)
RESULT comm=ghost_nccl kernel=acc matrix=parabolic_fem.mtx P=1 rank=0 nrows_local=525825 ncols_global=525825 nnz_local=3674625 n_ghost=0 compute_avg_ms=0.079667 compute_min_ms=0.077824 compute_max_ms=0.080896 compute_var_ms=0.000000657 compute_gflops=92.249386 eff_bw_gbs=448.200831 pct_peak_bw=48.0325 comm_avg_ms=0.000988 comm_min_ms=0.000948 comm_max_ms=0.001080 comm_var_ms=0.000000001 total_avg_ms=0.080655 total_min_ms=0.078787 total_max_ms=0.081882 total_var_ms=0.000000660 effective_gflops=91.119398
[ERROR CHECKING] OK!

--- P=1 rep=1/3 driver=spmv_2d_cusparse ---
Grid: P=1 -> P_r=1 x P_c=1
Loaded ../matrices/parabolic_fem.mtx: 525825 x 525825, 3674625 nnz
RESULT comm=checkerboard_mpi kernel=cusparse matrix=parabolic_fem.mtx P=1 rank=0 nrows_local=525825 ncols_global=525825 nnz_local=3674625 n_ghost=-1 compute_avg_ms=0.079019 compute_min_ms=0.077824 compute_max_ms=0.080896 compute_var_ms=0.000000565 compute_gflops=93.006508 eff_bw_gbs=451.879371 pct_peak_bw=48.4267 comm_avg_ms=0.933388 comm_min_ms=0.928759 comm_max_ms=0.940313 comm_var_ms=0.000009763 total_avg_ms=1.012406 total_min_ms=1.008469 total_max_ms=1.018158 total_var_ms=0.000008832 effective_gflops=7.259189
[ERROR CHECKING] OK!

--- P=1 rep=1/3 driver=spmv_2d_acc ---
Grid: P=1 -> P_r=1 x P_c=1
Loaded ../matrices/parabolic_fem.mtx: 525825 x 525825, 3674625 nnz
[kernel] acc -> LINE-ENHANCE (nnz=3674625, avg_nnz=6.99, imbalance=1.00, V=1)
RESULT comm=checkerboard_mpi kernel=acc matrix=parabolic_fem.mtx P=1 rank=0 nrows_local=525825 ncols_global=525825 nnz_local=3674625 n_ghost=-1 compute_avg_ms=0.080589 compute_min_ms=0.079872 compute_max_ms=0.081920 compute_var_ms=0.000000290 compute_gflops=91.194437 eff_bw_gbs=443.075280 pct_peak_bw=47.4832 comm_avg_ms=0.975512 comm_min_ms=0.967561 comm_max_ms=0.986021 comm_var_ms=0.000016466 total_avg_ms=1.056100 total_min_ms=1.048457 total_max_ms=1.065893 total_var_ms=0.000016445 effective_gflops=6.958855
[ERROR CHECKING] OK!

--- P=1 rep=1/3 driver=spmv_2d_nccl_cusparse ---
Grid: P=1 -> P_r=1 x P_c=1
Loaded ../matrices/parabolic_fem.mtx: 525825 x 525825, 3674625 nnz
RESULT comm=checkerboard_nccl kernel=cusparse matrix=parabolic_fem.mtx P=1 rank=0 nrows_local=525825 ncols_global=525825 nnz_local=3674625 n_ghost=-1 compute_avg_ms=0.078677 compute_min_ms=0.077824 compute_max_ms=0.079872 compute_var_ms=0.000000425 compute_gflops=93.410007 eff_bw_gbs=453.839803 pct_peak_bw=48.6368 comm_avg_ms=0.019802 comm_min_ms=0.019449 comm_max_ms=0.020310 comm_var_ms=0.000000053 total_avg_ms=0.098479 total_min_ms=0.097474 total_max_ms=0.099723 total_var_ms=0.000000413 effective_gflops=74.627462
[ERROR CHECKING] OK!

--- P=1 rep=1/3 driver=spmv_2d_nccl_acc ---
Grid: P=1 -> P_r=1 x P_c=1
Loaded ../matrices/parabolic_fem.mtx: 525825 x 525825, 3674625 nnz
[kernel] acc -> LINE-ENHANCE (nnz=3674625, avg_nnz=6.99, imbalance=1.00, V=1)
RESULT comm=checkerboard_nccl kernel=acc matrix=parabolic_fem.mtx P=1 rank=0 nrows_local=525825 ncols_global=525825 nnz_local=3674625 n_ghost=-1 compute_avg_ms=0.080828 compute_min_ms=0.079872 compute_max_ms=0.082944 compute_var_ms=0.000000555 compute_gflops=90.924859 eff_bw_gbs=441.765513 pct_peak_bw=47.3428 comm_avg_ms=0.020515 comm_min_ms=0.019979 comm_max_ms=0.021886 comm_var_ms=0.000000188 total_avg_ms=0.101343 total_min_ms=0.099884 total_max_ms=0.103806 total_var_ms=0.000000792 effective_gflops=72.518553
[ERROR CHECKING] OK!

--- P=1 rep=2/3 driver=spmv_bcast ---
Loaded ../matrices/parabolic_fem.mtx: 525825 x 525825, 3674625 nnz
RESULT comm=bcast kernel=cusparse matrix=parabolic_fem.mtx P=1 rank=0 nrows_local=525825 ncols_global=525825 nnz_local=3674625 n_ghost=-1 compute_avg_ms=0.079497 compute_min_ms=0.078848 compute_max_ms=0.080896 compute_var_ms=0.000000523 compute_gflops=92.447431 eff_bw_gbs=449.163049 pct_peak_bw=48.1356 comm_avg_ms=0.115382 comm_min_ms=0.114263 comm_max_ms=0.118528 comm_var_ms=0.000001663 total_avg_ms=0.194878 total_min_ms=0.193111 total_max_ms=0.197376 total_var_ms=0.000001597 effective_gflops=37.711992
[ERROR CHECKING] OK!

--- P=1 rep=2/3 driver=spmv_ghost_cusparse ---
Loaded ../matrices/parabolic_fem.mtx: 525825 x 525825, 3674625 nnz
RESULT comm=ghost_mpi kernel=cusparse matrix=parabolic_fem.mtx P=1 rank=0 nrows_local=525825 ncols_global=525825 nnz_local=3674625 n_ghost=0 compute_avg_ms=0.079053 compute_min_ms=0.077824 compute_max_ms=0.079872 compute_var_ms=0.000000377 compute_gflops=92.966350 eff_bw_gbs=451.684259 pct_peak_bw=48.4058 comm_avg_ms=0.000533 comm_min_ms=0.000505 comm_max_ms=0.000584 comm_var_ms=0.000000000 total_avg_ms=0.079586 total_min_ms=0.078333 total_max_ms=0.080447 total_var_ms=0.000000383 effective_gflops=92.344009
[ERROR CHECKING] OK!

--- P=1 rep=2/3 driver=spmv_ghost_acc ---
Loaded ../matrices/parabolic_fem.mtx: 525825 x 525825, 3674625 nnz
[kernel] acc -> LINE-ENHANCE (nnz=3674625, avg_nnz=6.99, imbalance=1.00, V=1)
RESULT comm=ghost_mpi kernel=acc matrix=parabolic_fem.mtx P=1 rank=0 nrows_local=525825 ncols_global=525825 nnz_local=3674625 n_ghost=0 compute_avg_ms=0.079667 compute_min_ms=0.077824 compute_max_ms=0.080896 compute_var_ms=0.000000587 compute_gflops=92.249386 eff_bw_gbs=448.200831 pct_peak_bw=48.0325 comm_avg_ms=0.000504 comm_min_ms=0.000481 comm_max_ms=0.000533 comm_var_ms=0.000000000 total_avg_ms=0.080171 total_min_ms=0.078339 total_max_ms=0.081427 total_var_ms=0.000000588 effective_gflops=91.669722
[ERROR CHECKING] OK!

--- P=1 rep=2/3 driver=spmv_ghost_nccl_cusparse ---
Loaded ../matrices/parabolic_fem.mtx: 525825 x 525825, 3674625 nnz
RESULT comm=ghost_nccl kernel=cusparse matrix=parabolic_fem.mtx P=1 rank=0 nrows_local=525825 ncols_global=525825 nnz_local=3674625 n_ghost=0 compute_avg_ms=0.078677 compute_min_ms=0.076800 compute_max_ms=0.079872 compute_var_ms=0.000000495 compute_gflops=93.410007 eff_bw_gbs=453.839801 pct_peak_bw=48.6368 comm_avg_ms=0.001031 comm_min_ms=0.000958 comm_max_ms=0.001566 comm_var_ms=0.000000011 total_avg_ms=0.079708 total_min_ms=0.077771 total_max_ms=0.081012 total_var_ms=0.000000529 effective_gflops=92.202205
[ERROR CHECKING] OK!

--- P=1 rep=2/3 driver=spmv_ghost_nccl_acc ---
Loaded ../matrices/parabolic_fem.mtx: 525825 x 525825, 3674625 nnz
[kernel] acc -> LINE-ENHANCE (nnz=3674625, avg_nnz=6.99, imbalance=1.00, V=1)
RESULT comm=ghost_nccl kernel=acc matrix=parabolic_fem.mtx P=1 rank=0 nrows_local=525825 ncols_global=525825 nnz_local=3674625 n_ghost=0 compute_avg_ms=0.079258 compute_min_ms=0.077824 compute_max_ms=0.080896 compute_var_ms=0.000000601 compute_gflops=92.726127 eff_bw_gbs=450.517116 pct_peak_bw=48.2807 comm_avg_ms=0.001009 comm_min_ms=0.000974 comm_max_ms=0.001169 comm_var_ms=0.000000001 total_avg_ms=0.080267 total_min_ms=0.078814 total_max_ms=0.081893 total_var_ms=0.000000611 effective_gflops=91.560579
[ERROR CHECKING] OK!

--- P=1 rep=2/3 driver=spmv_2d_cusparse ---
Grid: P=1 -> P_r=1 x P_c=1
Loaded ../matrices/parabolic_fem.mtx: 525825 x 525825, 3674625 nnz
RESULT comm=checkerboard_mpi kernel=cusparse matrix=parabolic_fem.mtx P=1 rank=0 nrows_local=525825 ncols_global=525825 nnz_local=3674625 n_ghost=-1 compute_avg_ms=0.079599 compute_min_ms=0.078848 compute_max_ms=0.080896 compute_var_ms=0.000000415 compute_gflops=92.328502 eff_bw_gbs=448.585223 pct_peak_bw=48.0737 comm_avg_ms=1.116479 comm_min_ms=1.110290 comm_max_ms=1.121745 comm_var_ms=0.000006466 total_avg_ms=1.196078 total_min_ms=1.189138 total_max_ms=1.201617 total_var_ms=0.000007084 effective_gflops=6.144457
[ERROR CHECKING] OK!

--- P=1 rep=2/3 driver=spmv_2d_acc ---
Grid: P=1 -> P_r=1 x P_c=1
Loaded ../matrices/parabolic_fem.mtx: 525825 x 525825, 3674625 nnz
[kernel] acc -> LINE-ENHANCE (nnz=3674625, avg_nnz=6.99, imbalance=1.00, V=1)
RESULT comm=checkerboard_mpi kernel=acc matrix=parabolic_fem.mtx P=1 rank=0 nrows_local=525825 ncols_global=525825 nnz_local=3674625 n_ghost=-1 compute_avg_ms=0.080623 compute_min_ms=0.078848 compute_max_ms=0.082944 compute_var_ms=0.000000764 compute_gflops=91.155828 eff_bw_gbs=442.887695 pct_peak_bw=47.4631 comm_avg_ms=1.109747 comm_min_ms=1.099774 comm_max_ms=1.116306 comm_var_ms=0.000012368 total_avg_ms=1.190370 total_min_ms=1.181694 total_max_ms=1.197202 total_var_ms=0.000012236 effective_gflops=6.173920
[ERROR CHECKING] OK!

--- P=1 rep=2/3 driver=spmv_2d_nccl_cusparse ---
Grid: P=1 -> P_r=1 x P_c=1
Loaded ../matrices/parabolic_fem.mtx: 525825 x 525825, 3674625 nnz
RESULT comm=checkerboard_nccl kernel=cusparse matrix=parabolic_fem.mtx P=1 rank=0 nrows_local=525825 ncols_global=525825 nnz_local=3674625 n_ghost=-1 compute_avg_ms=0.078814 compute_min_ms=0.077824 compute_max_ms=0.079872 compute_var_ms=0.000000453 compute_gflops=93.248188 eff_bw_gbs=453.053592 pct_peak_bw=48.5526 comm_avg_ms=0.019784 comm_min_ms=0.019274 comm_max_ms=0.021591 comm_var_ms=0.000000171 total_avg_ms=0.098598 total_min_ms=0.097274 total_max_ms=0.099978 total_var_ms=0.000000570 effective_gflops=74.537846
[ERROR CHECKING] OK!

--- P=1 rep=2/3 driver=spmv_2d_nccl_acc ---
Grid: P=1 -> P_r=1 x P_c=1
Loaded ../matrices/parabolic_fem.mtx: 525825 x 525825, 3674625 nnz
[kernel] acc -> LINE-ENHANCE (nnz=3674625, avg_nnz=6.99, imbalance=1.00, V=1)
RESULT comm=checkerboard_nccl kernel=acc matrix=parabolic_fem.mtx P=1 rank=0 nrows_local=525825 ncols_global=525825 nnz_local=3674625 n_ghost=-1 compute_avg_ms=0.080896 compute_min_ms=0.079872 compute_max_ms=0.082944 compute_var_ms=0.000000559 compute_gflops=90.848129 eff_bw_gbs=441.392715 pct_peak_bw=47.3029 comm_avg_ms=0.020519 comm_min_ms=0.019994 comm_max_ms=0.021695 comm_var_ms=0.000000104 total_avg_ms=0.101415 total_min_ms=0.099866 total_max_ms=0.103686 total_var_ms=0.000000761 effective_gflops=72.466830
[ERROR CHECKING] OK!

--- P=1 rep=3/3 driver=spmv_bcast ---
Loaded ../matrices/parabolic_fem.mtx: 525825 x 525825, 3674625 nnz
RESULT comm=bcast kernel=cusparse matrix=parabolic_fem.mtx P=1 rank=0 nrows_local=525825 ncols_global=525825 nnz_local=3674625 n_ghost=-1 compute_avg_ms=0.079360 compute_min_ms=0.077824 compute_max_ms=0.079872 compute_var_ms=0.000000332 compute_gflops=92.606480 eff_bw_gbs=449.935803 pct_peak_bw=48.2184 comm_avg_ms=0.115810 comm_min_ms=0.114438 comm_max_ms=0.122933 comm_var_ms=0.000003336 total_avg_ms=0.195170 total_min_ms=0.193286 total_max_ms=0.201781 total_var_ms=0.000003065 effective_gflops=37.655544
[ERROR CHECKING] OK!

--- P=1 rep=3/3 driver=spmv_ghost_cusparse ---
Loaded ../matrices/parabolic_fem.mtx: 525825 x 525825, 3674625 nnz
RESULT comm=ghost_mpi kernel=cusparse matrix=parabolic_fem.mtx P=1 rank=0 nrows_local=525825 ncols_global=525825 nnz_local=3674625 n_ghost=0 compute_avg_ms=0.078882 compute_min_ms=0.077824 compute_max_ms=0.080896 compute_var_ms=0.000000663 compute_gflops=93.167489 eff_bw_gbs=452.661508 pct_peak_bw=48.5105 comm_avg_ms=0.000505 comm_min_ms=0.000481 comm_max_ms=0.000558 comm_var_ms=0.000000000 total_avg_ms=0.079387 total_min_ms=0.078305 total_max_ms=0.081426 total_var_ms=0.000000668 effective_gflops=92.575218
[ERROR CHECKING] OK!

--- P=1 rep=3/3 driver=spmv_ghost_acc ---
Loaded ../matrices/parabolic_fem.mtx: 525825 x 525825, 3674625 nnz
[kernel] acc -> LINE-ENHANCE (nnz=3674625, avg_nnz=6.99, imbalance=1.00, V=1)
RESULT comm=ghost_mpi kernel=acc matrix=parabolic_fem.mtx P=1 rank=0 nrows_local=525825 ncols_global=525825 nnz_local=3674625 n_ghost=0 compute_avg_ms=0.079462 compute_min_ms=0.077824 compute_max_ms=0.080896 compute_var_ms=0.000000461 compute_gflops=92.487142 eff_bw_gbs=449.355989 pct_peak_bw=48.1563 comm_avg_ms=0.000506 comm_min_ms=0.000483 comm_max_ms=0.000589 comm_var_ms=0.000000001 total_avg_ms=0.079968 total_min_ms=0.078311 total_max_ms=0.081394 total_var_ms=0.000000462 effective_gflops=91.902274
[ERROR CHECKING] OK!

--- P=1 rep=3/3 driver=spmv_ghost_nccl_cusparse ---
Loaded ../matrices/parabolic_fem.mtx: 525825 x 525825, 3674625 nnz
RESULT comm=ghost_nccl kernel=cusparse matrix=parabolic_fem.mtx P=1 rank=0 nrows_local=525825 ncols_global=525825 nnz_local=3674625 n_ghost=0 compute_avg_ms=0.079019 compute_min_ms=0.077824 compute_max_ms=0.080896 compute_var_ms=0.000000495 compute_gflops=93.006508 eff_bw_gbs=451.879371 pct_peak_bw=48.4267 comm_avg_ms=0.000990 comm_min_ms=0.000966 comm_max_ms=0.001066 comm_var_ms=0.000000000 total_avg_ms=0.080009 total_min_ms=0.078790 total_max_ms=0.081888 total_var_ms=0.000000499 effective_gflops=91.855563
[ERROR CHECKING] OK!

--- P=1 rep=3/3 driver=spmv_ghost_nccl_acc ---
Loaded ../matrices/parabolic_fem.mtx: 525825 x 525825, 3674625 nnz
[kernel] acc -> LINE-ENHANCE (nnz=3674625, avg_nnz=6.99, imbalance=1.00, V=1)
RESULT comm=ghost_nccl kernel=acc matrix=parabolic_fem.mtx P=1 rank=0 nrows_local=525825 ncols_global=525825 nnz_local=3674625 n_ghost=0 compute_avg_ms=0.079223 compute_min_ms=0.077824 compute_max_ms=0.080896 compute_var_ms=0.000000453 compute_gflops=92.766078 eff_bw_gbs=450.711220 pct_peak_bw=48.3015 comm_avg_ms=0.000968 comm_min_ms=0.000928 comm_max_ms=0.001061 comm_var_ms=0.000000001 total_avg_ms=0.080191 total_min_ms=0.078796 total_max_ms=0.081848 total_var_ms=0.000000447 effective_gflops=91.646707
[ERROR CHECKING] OK!

--- P=1 rep=3/3 driver=spmv_2d_cusparse ---
Grid: P=1 -> P_r=1 x P_c=1
Loaded ../matrices/parabolic_fem.mtx: 525825 x 525825, 3674625 nnz
RESULT comm=checkerboard_mpi kernel=cusparse matrix=parabolic_fem.mtx P=1 rank=0 nrows_local=525825 ncols_global=525825 nnz_local=3674625 n_ghost=-1 compute_avg_ms=0.079599 compute_min_ms=0.078848 compute_max_ms=0.080896 compute_var_ms=0.000000345 compute_gflops=92.328502 eff_bw_gbs=448.585223 pct_peak_bw=48.0737 comm_avg_ms=1.115573 comm_min_ms=1.110347 comm_max_ms=1.121818 comm_var_ms=0.000010453 total_avg_ms=1.195172 total_min_ms=1.189392 total_max_ms=1.201690 total_var_ms=0.000010382 effective_gflops=6.149113
[ERROR CHECKING] OK!

--- P=1 rep=3/3 driver=spmv_2d_acc ---
Grid: P=1 -> P_r=1 x P_c=1
Loaded ../matrices/parabolic_fem.mtx: 525825 x 525825, 3674625 nnz
[kernel] acc -> LINE-ENHANCE (nnz=3674625, avg_nnz=6.99, imbalance=1.00, V=1)
RESULT comm=checkerboard_mpi kernel=acc matrix=parabolic_fem.mtx P=1 rank=0 nrows_local=525825 ncols_global=525825 nnz_local=3674625 n_ghost=-1 compute_avg_ms=0.080862 compute_min_ms=0.079872 compute_max_ms=0.081920 compute_var_ms=0.000000383 compute_gflops=90.886477 eff_bw_gbs=441.579035 pct_peak_bw=47.3229 comm_avg_ms=0.969248 comm_min_ms=0.963874 comm_max_ms=0.981222 comm_var_ms=0.000011468 total_avg_ms=1.050110 total_min_ms=1.044770 total_max_ms=1.063142 total_var_ms=0.000012332 effective_gflops=6.998551
[ERROR CHECKING] OK!

--- P=1 rep=3/3 driver=spmv_2d_nccl_cusparse ---
Grid: P=1 -> P_r=1 x P_c=1
Loaded ../matrices/parabolic_fem.mtx: 525825 x 525825, 3674625 nnz
RESULT comm=checkerboard_nccl kernel=cusparse matrix=parabolic_fem.mtx P=1 rank=0 nrows_local=525825 ncols_global=525825 nnz_local=3674625 n_ghost=-1 compute_avg_ms=0.078848 compute_min_ms=0.077824 compute_max_ms=0.079872 compute_var_ms=0.000000559 compute_gflops=93.207821 eff_bw_gbs=452.857465 pct_peak_bw=48.5315 comm_avg_ms=0.019768 comm_min_ms=0.019310 comm_max_ms=0.020638 comm_var_ms=0.000000087 total_avg_ms=0.098616 total_min_ms=0.097174 total_max_ms=0.099804 total_var_ms=0.000000504 effective_gflops=74.524014
[ERROR CHECKING] OK!

--- P=1 rep=3/3 driver=spmv_2d_nccl_acc ---
Grid: P=1 -> P_r=1 x P_c=1
Loaded ../matrices/parabolic_fem.mtx: 525825 x 525825, 3674625 nnz
[kernel] acc -> LINE-ENHANCE (nnz=3674625, avg_nnz=6.99, imbalance=1.00, V=1)
RESULT comm=checkerboard_nccl kernel=acc matrix=parabolic_fem.mtx P=1 rank=0 nrows_local=525825 ncols_global=525825 nnz_local=3674625 n_ghost=-1 compute_avg_ms=0.080998 compute_min_ms=0.079872 compute_max_ms=0.081920 compute_var_ms=0.000000374 compute_gflops=90.733276 eff_bw_gbs=440.834696 pct_peak_bw=47.2431 comm_avg_ms=0.020676 comm_min_ms=0.020234 comm_max_ms=0.021585 comm_var_ms=0.000000098 total_avg_ms=0.101675 total_min_ms=0.100174 total_max_ms=0.102841 total_var_ms=0.000000509 effective_gflops=72.281971
[ERROR CHECKING] OK!

=== Job done ===
