=== D2_final strong scaling ===
Node:     edu01
Date:     Tue Jul 21 05:01:19 PM CEST 2026
Matrix:   ../matrices/poisson3Da.mtx
P:        4
Reps:     3

--- P=4 rep=1/3 driver=spmv_bcast ---
Loaded ../matrices/poisson3Da.mtx: 13514 x 13514, 352762 nnz
RESULT comm=bcast kernel=cusparse matrix=poisson3Da.mtx P=4 rank=1 nrows_local=3379 ncols_global=13514 nnz_local=88233 n_ghost=-1 compute_avg_ms=0.019763 compute_min_ms=0.019456 compute_max_ms=0.020480 compute_var_ms=0.000000220 compute_gflops=8.929020 eff_bw_gbs=39.819262 pct_peak_bw=4.2673 comm_avg_ms=0.027999 comm_min_ms=0.023698 comm_max_ms=0.033919 comm_var_ms=0.000012037 total_avg_ms=0.047762 total_min_ms=0.043494 total_max_ms=0.053650 total_var_ms=0.000012224 effective_gflops=3.694684
RESULT comm=bcast kernel=cusparse matrix=poisson3Da.mtx P=4 rank=2 nrows_local=3378 ncols_global=13514 nnz_local=88081 n_ghost=-1 compute_avg_ms=0.019115 compute_min_ms=0.018432 compute_max_ms=0.020480 compute_var_ms=0.000000443 compute_gflops=9.216065 eff_bw_gbs=41.106236 pct_peak_bw=4.4052 comm_avg_ms=0.029927 comm_min_ms=0.024818 comm_max_ms=0.040100 comm_var_ms=0.000016850 total_avg_ms=0.049042 total_min_ms=0.043417 total_max_ms=0.059556 total_var_ms=0.000017195 effective_gflops=3.592086
RESULT comm=bcast kernel=cusparse matrix=poisson3Da.mtx P=4 rank=3 nrows_local=3378 ncols_global=13514 nnz_local=88131 n_ghost=-1 compute_avg_ms=0.019251 compute_min_ms=0.018432 compute_max_ms=0.020480 compute_var_ms=0.000000447 compute_gflops=9.155897 eff_bw_gbs=40.835481 pct_peak_bw=4.3762 comm_avg_ms=0.033724 comm_min_ms=0.029380 comm_max_ms=0.042081 comm_var_ms=0.000009238 total_avg_ms=0.052975 total_min_ms=0.047812 total_max_ms=0.061537 total_var_ms=0.000010256 effective_gflops=3.327278
RESULT comm=bcast kernel=cusparse matrix=poisson3Da.mtx P=4 rank=0 nrows_local=3379 ncols_global=13514 nnz_local=88317 n_ghost=-1 compute_avg_ms=0.019319 compute_min_ms=0.018432 compute_max_ms=0.020480 compute_var_ms=0.000000191 compute_gflops=9.142799 eff_bw_gbs=40.768622 pct_peak_bw=4.3691 comm_avg_ms=0.035955 comm_min_ms=0.030255 comm_max_ms=0.046395 comm_var_ms=0.000017607 total_avg_ms=0.055274 total_min_ms=0.049711 total_max_ms=0.065851 total_var_ms=0.000016875 effective_gflops=3.195602
[ERROR CHECKING] OK!

--- P=4 rep=1/3 driver=spmv_ghost_cusparse ---
Loaded ../matrices/poisson3Da.mtx: 13514 x 13514, 352762 nnz
RESULT comm=ghost_mpi kernel=cusparse matrix=poisson3Da.mtx P=4 rank=1 nrows_local=3379 ncols_global=13514 nnz_local=88233 n_ghost=10090 compute_avg_ms=0.019763 compute_min_ms=0.019456 compute_max_ms=0.020480 compute_var_ms=0.000000220 compute_gflops=8.929020 eff_bw_gbs=39.810154 pct_peak_bw=4.2663 comm_avg_ms=0.063121 comm_min_ms=0.039912 comm_max_ms=0.087819 comm_var_ms=0.000174545 total_avg_ms=0.082884 total_min_ms=0.059368 total_max_ms=0.107275 total_var_ms=0.000173573 effective_gflops=2.129067
RESULT comm=ghost_mpi kernel=cusparse matrix=poisson3Da.mtx P=4 rank=2 nrows_local=3378 ncols_global=13514 nnz_local=88081 n_ghost=10086 compute_avg_ms=0.019490 compute_min_ms=0.018432 compute_max_ms=0.021504 compute_var_ms=0.000000313 compute_gflops=9.038522 eff_bw_gbs=40.304087 pct_peak_bw=4.3193 comm_avg_ms=0.062364 comm_min_ms=0.038426 comm_max_ms=0.089883 comm_var_ms=0.000196926 total_avg_ms=0.081855 total_min_ms=0.058751 total_max_ms=0.109339 total_var_ms=0.000195033 effective_gflops=2.152134
RESULT comm=ghost_mpi kernel=cusparse matrix=poisson3Da.mtx P=4 rank=3 nrows_local=3378 ncols_global=13514 nnz_local=88131 n_ghost=10069 compute_avg_ms=0.019797 compute_min_ms=0.019456 compute_max_ms=0.020480 compute_var_ms=0.000000233 compute_gflops=8.903321 eff_bw_gbs=39.695449 pct_peak_bw=4.2541 comm_avg_ms=0.063272 comm_min_ms=0.039397 comm_max_ms=0.089224 comm_var_ms=0.000186609 total_avg_ms=0.083070 total_min_ms=0.059365 total_max_ms=0.108680 total_var_ms=0.000184464 effective_gflops=2.121860
RESULT comm=ghost_mpi kernel=cusparse matrix=poisson3Da.mtx P=4 rank=0 nrows_local=3379 ncols_global=13514 nnz_local=88317 n_ghost=10066 compute_avg_ms=0.020070 compute_min_ms=0.019456 compute_max_ms=0.020480 compute_var_ms=0.000000252 compute_gflops=8.800722 eff_bw_gbs=39.229513 pct_peak_bw=4.2041 comm_avg_ms=0.060878 comm_min_ms=0.037055 comm_max_ms=0.088240 comm_var_ms=0.000189398 total_avg_ms=0.080949 total_min_ms=0.057535 total_max_ms=0.108720 total_var_ms=0.000189911 effective_gflops=2.182050
[ERROR CHECKING] OK!

--- P=4 rep=1/3 driver=spmv_ghost_acc ---
Loaded ../matrices/poisson3Da.mtx: 13514 x 13514, 352762 nnz
[kernel] acc -> LINE-ENHANCE (nnz=88233, avg_nnz=26.11, imbalance=3.83, V=4)
[kernel] acc -> LINE-ENHANCE (nnz=88131, avg_nnz=26.09, imbalance=3.83, V=4)
[kernel] acc -> LINE-ENHANCE (nnz=88081, avg_nnz=26.07, imbalance=4.22, V=4)
[kernel] acc -> LINE-ENHANCE (nnz=88317, avg_nnz=26.14, imbalance=3.83, V=4)
RESULT comm=ghost_mpi kernel=acc matrix=poisson3Da.mtx P=4 rank=2 nrows_local=3378 ncols_global=13514 nnz_local=88081 n_ghost=10086 compute_avg_ms=0.023177 compute_min_ms=0.022528 compute_max_ms=0.023552 compute_var_ms=0.000000244 compute_gflops=7.600878 eff_bw_gbs=33.893420 pct_peak_bw=3.6323 comm_avg_ms=0.060749 comm_min_ms=0.037810 comm_max_ms=0.092414 comm_var_ms=0.000186502 total_avg_ms=0.083926 total_min_ms=0.060347 total_max_ms=0.114942 total_var_ms=0.000184066 effective_gflops=2.099016
RESULT comm=ghost_mpi kernel=acc matrix=poisson3Da.mtx P=4 rank=1 nrows_local=3379 ncols_global=13514 nnz_local=88233 n_ghost=10090 compute_avg_ms=0.023381 compute_min_ms=0.022528 compute_max_ms=0.024576 compute_var_ms=0.000000216 compute_gflops=7.547303 eff_bw_gbs=33.649748 pct_peak_bw=3.6062 comm_avg_ms=0.060842 comm_min_ms=0.038791 comm_max_ms=0.092292 comm_var_ms=0.000174657 total_avg_ms=0.084224 total_min_ms=0.062343 total_max_ms=0.115844 total_var_ms=0.000178185 effective_gflops=2.095207
RESULT comm=ghost_mpi kernel=acc matrix=poisson3Da.mtx P=4 rank=0 nrows_local=3379 ncols_global=13514 nnz_local=88317 n_ghost=10066 compute_avg_ms=0.023450 compute_min_ms=0.022528 compute_max_ms=0.024576 compute_var_ms=0.000000234 compute_gflops=7.532495 eff_bw_gbs=33.576350 pct_peak_bw=3.5983 comm_avg_ms=0.058038 comm_min_ms=0.036714 comm_max_ms=0.090164 comm_var_ms=0.000222812 total_avg_ms=0.081487 total_min_ms=0.060266 total_max_ms=0.112692 total_var_ms=0.000220252 effective_gflops=2.167625
RESULT comm=ghost_mpi kernel=acc matrix=poisson3Da.mtx P=4 rank=3 nrows_local=3378 ncols_global=13514 nnz_local=88131 n_ghost=10069 compute_avg_ms=0.023142 compute_min_ms=0.022528 compute_max_ms=0.023552 compute_var_ms=0.000000252 compute_gflops=7.616410 eff_bw_gbs=33.957757 pct_peak_bw=3.6392 comm_avg_ms=0.060139 comm_min_ms=0.038088 comm_max_ms=0.085080 comm_var_ms=0.000142003 total_avg_ms=0.083281 total_min_ms=0.060616 total_max_ms=0.107608 total_var_ms=0.000139090 effective_gflops=2.116470
[ERROR CHECKING] OK!

--- P=4 rep=1/3 driver=spmv_ghost_nccl_cusparse ---
Loaded ../matrices/poisson3Da.mtx: 13514 x 13514, 352762 nnz
RESULT comm=ghost_nccl kernel=cusparse matrix=poisson3Da.mtx P=4 rank=1 nrows_local=3379 ncols_global=13514 nnz_local=88233 n_ghost=10090 compute_avg_ms=0.019354 compute_min_ms=0.018432 compute_max_ms=0.020480 compute_var_ms=0.000000374 compute_gflops=9.117994 eff_bw_gbs=40.652696 pct_peak_bw=4.3566 comm_avg_ms=0.059659 comm_min_ms=0.057880 comm_max_ms=0.063350 comm_var_ms=0.000002371 total_avg_ms=0.079012 total_min_ms=0.076587 total_max_ms=0.083165 total_var_ms=0.000002440 effective_gflops=2.233404
RESULT comm=ghost_nccl kernel=cusparse matrix=poisson3Da.mtx P=4 rank=2 nrows_local=3378 ncols_global=13514 nnz_local=88081 n_ghost=10086 compute_avg_ms=0.018876 compute_min_ms=0.017408 compute_max_ms=0.019456 compute_var_ms=0.000000397 compute_gflops=9.332724 eff_bw_gbs=41.615973 pct_peak_bw=4.4599 comm_avg_ms=0.058894 comm_min_ms=0.056358 comm_max_ms=0.061829 comm_var_ms=0.000001741 total_avg_ms=0.077769 total_min_ms=0.074790 total_max_ms=0.080261 total_var_ms=0.000002164 effective_gflops=2.265183
RESULT comm=ghost_nccl kernel=cusparse matrix=poisson3Da.mtx P=4 rank=0 nrows_local=3379 ncols_global=13514 nnz_local=88317 n_ghost=10066 compute_avg_ms=0.019388 compute_min_ms=0.018432 compute_max_ms=0.020480 compute_var_ms=0.000000135 compute_gflops=9.110606 eff_bw_gbs=40.610834 pct_peak_bw=4.3522 comm_avg_ms=0.059337 comm_min_ms=0.056222 comm_max_ms=0.062581 comm_var_ms=0.000002789 total_avg_ms=0.078725 total_min_ms=0.075678 total_max_ms=0.081888 total_var_ms=0.000002449 effective_gflops=2.243682
RESULT comm=ghost_nccl kernel=cusparse matrix=poisson3Da.mtx P=4 rank=3 nrows_local=3378 ncols_global=13514 nnz_local=88131 n_ghost=10069 compute_avg_ms=0.019627 compute_min_ms=0.018432 compute_max_ms=0.020480 compute_var_ms=0.000000355 compute_gflops=8.980741 eff_bw_gbs=40.040626 pct_peak_bw=4.2910 comm_avg_ms=0.057819 comm_min_ms=0.055200 comm_max_ms=0.060811 comm_var_ms=0.000001501 total_avg_ms=0.077445 total_min_ms=0.074440 total_max_ms=0.080267 total_var_ms=0.000001701 effective_gflops=2.275950
[ERROR CHECKING] OK!

--- P=4 rep=1/3 driver=spmv_ghost_nccl_acc ---
Loaded ../matrices/poisson3Da.mtx: 13514 x 13514, 352762 nnz
[kernel] acc -> LINE-ENHANCE (nnz=88233, avg_nnz=26.11, imbalance=3.83, V=4)
[kernel] acc -> LINE-ENHANCE (nnz=88081, avg_nnz=26.07, imbalance=4.22, V=4)
[kernel] acc -> LINE-ENHANCE (nnz=88131, avg_nnz=26.09, imbalance=3.83, V=4)
[kernel] acc -> LINE-ENHANCE (nnz=88317, avg_nnz=26.14, imbalance=3.83, V=4)
RESULT comm=ghost_nccl kernel=acc matrix=poisson3Da.mtx P=4 rank=1 nrows_local=3379 ncols_global=13514 nnz_local=88233 n_ghost=10090 compute_avg_ms=0.023825 compute_min_ms=0.023552 compute_max_ms=0.024576 compute_var_ms=0.000000205 compute_gflops=7.406737 eff_bw_gbs=33.023034 pct_peak_bw=3.5390 comm_avg_ms=0.060103 comm_min_ms=0.056726 comm_max_ms=0.068066 comm_var_ms=0.000005128 total_avg_ms=0.083928 total_min_ms=0.080278 total_max_ms=0.091618 total_var_ms=0.000005108 effective_gflops=2.102596
RESULT comm=ghost_nccl kernel=acc matrix=poisson3Da.mtx P=4 rank=2 nrows_local=3378 ncols_global=13514 nnz_local=88081 n_ghost=10086 compute_avg_ms=0.023620 compute_min_ms=0.023552 compute_max_ms=0.024576 compute_var_ms=0.000000065 compute_gflops=7.458087 eff_bw_gbs=33.256694 pct_peak_bw=3.5640 comm_avg_ms=0.059266 comm_min_ms=0.057490 comm_max_ms=0.062656 comm_var_ms=0.000002099 total_avg_ms=0.082886 total_min_ms=0.081042 total_max_ms=0.086208 total_var_ms=0.000002221 effective_gflops=2.125357
RESULT comm=ghost_nccl kernel=acc matrix=poisson3Da.mtx P=4 rank=0 nrows_local=3379 ncols_global=13514 nnz_local=88317 n_ghost=10066 compute_avg_ms=0.023893 compute_min_ms=0.023552 compute_max_ms=0.024576 compute_var_ms=0.000000233 compute_gflops=7.392606 eff_bw_gbs=32.952789 pct_peak_bw=3.5315 comm_avg_ms=0.059837 comm_min_ms=0.055864 comm_max_ms=0.071188 comm_var_ms=0.000010247 total_avg_ms=0.083730 total_min_ms=0.079416 total_max_ms=0.095764 total_var_ms=0.000010687 effective_gflops=2.109566
RESULT comm=ghost_nccl kernel=acc matrix=poisson3Da.mtx P=4 rank=3 nrows_local=3378 ncols_global=13514 nnz_local=88131 n_ghost=10069 compute_avg_ms=0.023689 compute_min_ms=0.022528 compute_max_ms=0.024576 compute_var_ms=0.000000191 compute_gflops=7.440815 eff_bw_gbs=33.174869 pct_peak_bw=3.5553 comm_avg_ms=0.058278 comm_min_ms=0.056418 comm_max_ms=0.060329 comm_var_ms=0.000000951 total_avg_ms=0.081966 total_min_ms=0.079970 total_max_ms=0.083881 total_var_ms=0.000001203 effective_gflops=2.150423
[ERROR CHECKING] OK!

--- P=4 rep=1/3 driver=spmv_2d_cusparse ---
Grid: P=4 -> P_r=2 x P_c=2
Loaded ../matrices/poisson3Da.mtx: 13514 x 13514, 352762 nnz
RESULT comm=checkerboard_mpi kernel=cusparse matrix=poisson3Da.mtx P=4 rank=1 nrows_local=6757 ncols_global=13514 nnz_local=85257 n_ghost=-1 compute_avg_ms=0.020139 compute_min_ms=0.018432 compute_max_ms=0.043008 compute_var_ms=0.000018129 compute_gflops=8.466996 eff_bw_gbs=37.894466 pct_peak_bw=4.0610 comm_avg_ms=0.066040 comm_min_ms=0.061709 comm_max_ms=0.103622 comm_var_ms=0.000053682 total_avg_ms=0.086179 total_min_ms=0.081165 total_max_ms=0.146630 total_var_ms=0.000131081 effective_gflops=1.978605
RESULT comm=checkerboard_mpi kernel=cusparse matrix=poisson3Da.mtx P=4 rank=0 nrows_local=6757 ncols_global=13514 nnz_local=91141 n_ghost=-1 compute_avg_ms=0.019183 compute_min_ms=0.018432 compute_max_ms=0.020480 compute_var_ms=0.000000275 compute_gflops=9.502301 eff_bw_gbs=42.236294 pct_peak_bw=4.5264 comm_avg_ms=0.114367 comm_min_ms=0.079162 comm_max_ms=1.011003 comm_var_ms=0.027733309 total_avg_ms=0.133550 total_min_ms=0.098988 total_max_ms=1.030459 total_var_ms=0.027749658 effective_gflops=1.364898
RESULT comm=checkerboard_mpi kernel=cusparse matrix=poisson3Da.mtx P=4 rank=2 nrows_local=6757 ncols_global=13514 nnz_local=85257 n_ghost=-1 compute_avg_ms=0.019388 compute_min_ms=0.018432 compute_max_ms=0.020480 compute_var_ms=0.000000135 compute_gflops=8.794943 eff_bw_gbs=39.362210 pct_peak_bw=4.2183 comm_avg_ms=0.082967 comm_min_ms=0.076218 comm_max_ms=0.112605 comm_var_ms=0.000041913 total_avg_ms=0.102355 total_min_ms=0.095674 total_max_ms=0.132061 total_var_ms=0.000042592 effective_gflops=1.665914
RESULT comm=checkerboard_mpi kernel=cusparse matrix=poisson3Da.mtx P=4 rank=3 nrows_local=6757 ncols_global=13514 nnz_local=91107 n_ghost=-1 compute_avg_ms=0.019661 compute_min_ms=0.018432 compute_max_ms=0.020480 compute_var_ms=0.000000308 compute_gflops=9.267884 eff_bw_gbs=41.195884 pct_peak_bw=4.4149 comm_avg_ms=0.062688 comm_min_ms=0.055303 comm_max_ms=0.091124 comm_var_ms=0.000035354 total_avg_ms=0.082349 total_min_ms=0.074759 total_max_ms=0.110580 total_var_ms=0.000034889 effective_gflops=2.212704
[ERROR CHECKING] OK!

--- P=4 rep=1/3 driver=spmv_2d_acc ---
Grid: P=4 -> P_r=2 x P_c=2
Loaded ../matrices/poisson3Da.mtx: 13514 x 13514, 352762 nnz
[kernel] acc -> LINE-ENHANCE (nnz=85257, avg_nnz=12.62, imbalance=4.20, V=2)
[kernel] acc -> LINE-ENHANCE (nnz=85257, avg_nnz=12.62, imbalance=3.96, V=2)
[kernel] acc -> LINE-ENHANCE (nnz=91107, avg_nnz=13.48, imbalance=4.30, V=2)
[kernel] acc -> LINE-ENHANCE (nnz=91141, avg_nnz=13.49, imbalance=4.30, V=2)
RESULT comm=checkerboard_mpi kernel=acc matrix=poisson3Da.mtx P=4 rank=1 nrows_local=6757 ncols_global=13514 nnz_local=85257 n_ghost=-1 compute_avg_ms=0.022903 compute_min_ms=0.022528 compute_max_ms=0.023552 compute_var_ms=0.000000244 compute_gflops=7.444899 eff_bw_gbs=33.320021 pct_peak_bw=3.5708 comm_avg_ms=0.057161 comm_min_ms=0.052794 comm_max_ms=0.063038 comm_var_ms=0.000004290 total_avg_ms=0.080064 total_min_ms=0.075322 total_max_ms=0.086590 total_var_ms=0.000005031 effective_gflops=2.129715
RESULT comm=checkerboard_mpi kernel=acc matrix=poisson3Da.mtx P=4 rank=2 nrows_local=6757 ncols_global=13514 nnz_local=85257 n_ghost=-1 compute_avg_ms=0.022187 compute_min_ms=0.021504 compute_max_ms=0.022528 compute_var_ms=0.000000233 compute_gflops=7.685427 eff_bw_gbs=34.396514 pct_peak_bw=3.6862 comm_avg_ms=0.080618 comm_min_ms=0.076424 comm_max_ms=0.083514 comm_var_ms=0.000002594 total_avg_ms=0.102804 total_min_ms=0.098952 total_max_ms=0.105534 total_var_ms=0.000002337 effective_gflops=1.658626
RESULT comm=checkerboard_mpi kernel=acc matrix=poisson3Da.mtx P=4 rank=0 nrows_local=6757 ncols_global=13514 nnz_local=91141 n_ghost=-1 compute_avg_ms=0.022869 compute_min_ms=0.022528 compute_max_ms=0.023552 compute_var_ms=0.000000233 compute_gflops=7.970586 eff_bw_gbs=35.428055 pct_peak_bw=3.7967 comm_avg_ms=0.078717 comm_min_ms=0.076182 comm_max_ms=0.083829 comm_var_ms=0.000003065 total_avg_ms=0.101587 total_min_ms=0.098710 total_max_ms=0.107381 total_var_ms=0.000003090 effective_gflops=1.794352
RESULT comm=checkerboard_mpi kernel=acc matrix=poisson3Da.mtx P=4 rank=3 nrows_local=6757 ncols_global=13514 nnz_local=91107 n_ghost=-1 compute_avg_ms=0.022801 compute_min_ms=0.022528 compute_max_ms=0.023552 compute_var_ms=0.000000205 compute_gflops=7.991468 eff_bw_gbs=35.522197 pct_peak_bw=3.8068 comm_avg_ms=0.062892 comm_min_ms=0.058962 comm_max_ms=0.066891 comm_var_ms=0.000002179 total_avg_ms=0.085693 total_min_ms=0.081490 total_max_ms=0.090443 total_var_ms=0.000002661 effective_gflops=2.126359
[ERROR CHECKING] OK!

--- P=4 rep=1/3 driver=spmv_2d_nccl_cusparse ---
Grid: P=4 -> P_r=2 x P_c=2
Loaded ../matrices/poisson3Da.mtx: 13514 x 13514, 352762 nnz
RESULT comm=checkerboard_nccl kernel=cusparse matrix=poisson3Da.mtx P=4 rank=1 nrows_local=6757 ncols_global=13514 nnz_local=85257 n_ghost=-1 compute_avg_ms=0.020275 compute_min_ms=0.018432 compute_max_ms=0.021504 compute_var_ms=0.000000587 compute_gflops=8.409979 eff_bw_gbs=37.639284 pct_peak_bw=4.0337 comm_avg_ms=0.047400 comm_min_ms=0.046177 comm_max_ms=0.049632 comm_var_ms=0.000000646 total_avg_ms=0.067676 total_min_ms=0.065633 total_max_ms=0.071136 total_var_ms=0.000001756 effective_gflops=2.519577
RESULT comm=checkerboard_nccl kernel=cusparse matrix=poisson3Da.mtx P=4 rank=2 nrows_local=6757 ncols_global=13514 nnz_local=85257 n_ghost=-1 compute_avg_ms=0.019593 compute_min_ms=0.018432 compute_max_ms=0.021504 compute_var_ms=0.000000820 compute_gflops=8.703009 eff_bw_gbs=38.950757 pct_peak_bw=4.1742 comm_avg_ms=0.061578 comm_min_ms=0.056766 comm_max_ms=0.064831 comm_var_ms=0.000002846 total_avg_ms=0.081171 total_min_ms=0.077246 total_max_ms=0.084287 total_var_ms=0.000003555 effective_gflops=2.100682
RESULT comm=checkerboard_nccl kernel=cusparse matrix=poisson3Da.mtx P=4 rank=3 nrows_local=6757 ncols_global=13514 nnz_local=91107 n_ghost=-1 compute_avg_ms=0.020514 compute_min_ms=0.018432 compute_max_ms=0.022528 compute_var_ms=0.000000873 compute_gflops=8.882364 eff_bw_gbs=39.482244 pct_peak_bw=4.2312 comm_avg_ms=0.052335 comm_min_ms=0.050708 comm_max_ms=0.054133 comm_var_ms=0.000000624 total_avg_ms=0.072849 total_min_ms=0.069753 total_max_ms=0.075637 total_var_ms=0.000002112 effective_gflops=2.501239
RESULT comm=checkerboard_nccl kernel=cusparse matrix=poisson3Da.mtx P=4 rank=0 nrows_local=6757 ncols_global=13514 nnz_local=91141 n_ghost=-1 compute_avg_ms=0.020036 compute_min_ms=0.018432 compute_max_ms=0.021504 compute_var_ms=0.000000747 compute_gflops=9.097603 eff_bw_gbs=40.437474 pct_peak_bw=4.3336 comm_avg_ms=0.056033 comm_min_ms=0.053891 comm_max_ms=0.058558 comm_var_ms=0.000000970 total_avg_ms=0.076069 total_min_ms=0.072323 total_max_ms=0.079038 total_var_ms=0.000002180 effective_gflops=2.396274
[ERROR CHECKING] OK!

--- P=4 rep=1/3 driver=spmv_2d_nccl_acc ---
Grid: P=4 -> P_r=2 x P_c=2
Loaded ../matrices/poisson3Da.mtx: 13514 x 13514, 352762 nnz
[kernel] acc -> LINE-ENHANCE (nnz=91107, avg_nnz=13.48, imbalance=4.30, V=2)
[kernel] acc -> LINE-ENHANCE (nnz=85257, avg_nnz=12.62, imbalance=4.20, V=2)
[kernel] acc -> LINE-ENHANCE (nnz=85257, avg_nnz=12.62, imbalance=3.96, V=2)
[kernel] acc -> LINE-ENHANCE (nnz=91141, avg_nnz=13.49, imbalance=4.30, V=2)
RESULT comm=checkerboard_nccl kernel=acc matrix=poisson3Da.mtx P=4 rank=0 nrows_local=6757 ncols_global=13514 nnz_local=91141 n_ghost=-1 compute_avg_ms=0.022869 compute_min_ms=0.022528 compute_max_ms=0.023552 compute_var_ms=0.000000233 compute_gflops=7.970586 eff_bw_gbs=35.428055 pct_peak_bw=3.7967 comm_avg_ms=0.056413 comm_min_ms=0.054694 comm_max_ms=0.060387 comm_var_ms=0.000001416 total_avg_ms=0.079283 total_min_ms=0.077339 total_max_ms=0.082915 total_var_ms=0.000001589 effective_gflops=2.299138
RESULT comm=checkerboard_nccl kernel=acc matrix=poisson3Da.mtx P=4 rank=1 nrows_local=6757 ncols_global=13514 nnz_local=85257 n_ghost=-1 compute_avg_ms=0.022869 compute_min_ms=0.022528 compute_max_ms=0.023552 compute_var_ms=0.000000233 compute_gflops=7.456011 eff_bw_gbs=33.369752 pct_peak_bw=3.5761 comm_avg_ms=0.048133 comm_min_ms=0.047065 comm_max_ms=0.049752 comm_var_ms=0.000000515 total_avg_ms=0.071002 total_min_ms=0.069593 total_max_ms=0.073123 total_var_ms=0.000000666 effective_gflops=2.401541
RESULT comm=checkerboard_nccl kernel=acc matrix=poisson3Da.mtx P=4 rank=2 nrows_local=6757 ncols_global=13514 nnz_local=85257 n_ghost=-1 compute_avg_ms=0.022323 compute_min_ms=0.021504 compute_max_ms=0.025600 compute_var_ms=0.000000587 compute_gflops=7.638421 eff_bw_gbs=34.186138 pct_peak_bw=3.6636 comm_avg_ms=0.061924 comm_min_ms=0.059472 comm_max_ms=0.065418 comm_var_ms=0.000001481 total_avg_ms=0.084248 total_min_ms=0.082000 total_max_ms=0.086922 total_var_ms=0.000001220 effective_gflops=2.023965
RESULT comm=checkerboard_nccl kernel=acc matrix=poisson3Da.mtx P=4 rank=3 nrows_local=6757 ncols_global=13514 nnz_local=91107 n_ghost=-1 compute_avg_ms=0.023006 compute_min_ms=0.022528 compute_max_ms=0.025600 compute_var_ms=0.000000471 compute_gflops=7.920327 eff_bw_gbs=35.205976 pct_peak_bw=3.7729 comm_avg_ms=0.052902 comm_min_ms=0.051857 comm_max_ms=0.056692 comm_var_ms=0.000001078 total_avg_ms=0.075908 total_min_ms=0.074385 total_max_ms=0.080244 total_var_ms=0.000001777 effective_gflops=2.400470
[ERROR CHECKING] OK!

--- P=4 rep=2/3 driver=spmv_bcast ---
Loaded ../matrices/poisson3Da.mtx: 13514 x 13514, 352762 nnz
RESULT comm=bcast kernel=cusparse matrix=poisson3Da.mtx P=4 rank=1 nrows_local=3379 ncols_global=13514 nnz_local=88233 n_ghost=-1 compute_avg_ms=0.019593 compute_min_ms=0.018432 compute_max_ms=0.020480 compute_var_ms=0.000000191 compute_gflops=9.006799 eff_bw_gbs=40.166119 pct_peak_bw=4.3045 comm_avg_ms=0.027721 comm_min_ms=0.022937 comm_max_ms=0.039299 comm_var_ms=0.000011349 total_avg_ms=0.047313 total_min_ms=0.042393 total_max_ms=0.059779 total_var_ms=0.000012671 effective_gflops=3.729741
RESULT comm=bcast kernel=cusparse matrix=poisson3Da.mtx P=4 rank=2 nrows_local=3378 ncols_global=13514 nnz_local=88081 n_ghost=-1 compute_avg_ms=0.019081 compute_min_ms=0.018432 compute_max_ms=0.019456 compute_var_ms=0.000000244 compute_gflops=9.232551 eff_bw_gbs=41.179772 pct_peak_bw=4.4131 comm_avg_ms=0.028816 comm_min_ms=0.023969 comm_max_ms=0.036724 comm_var_ms=0.000008272 total_avg_ms=0.047897 total_min_ms=0.043425 total_max_ms=0.056180 total_var_ms=0.000008908 effective_gflops=3.677967
RESULT comm=bcast kernel=cusparse matrix=poisson3Da.mtx P=4 rank=0 nrows_local=3379 ncols_global=13514 nnz_local=88317 n_ghost=-1 compute_avg_ms=0.019319 compute_min_ms=0.018432 compute_max_ms=0.020480 compute_var_ms=0.000000191 compute_gflops=9.142799 eff_bw_gbs=40.768622 pct_peak_bw=4.3691 comm_avg_ms=0.035306 comm_min_ms=0.030362 comm_max_ms=0.043402 comm_var_ms=0.000007779 total_avg_ms=0.054626 total_min_ms=0.049818 total_max_ms=0.063882 total_var_ms=0.000008512 effective_gflops=3.233523
RESULT comm=bcast kernel=cusparse matrix=poisson3Da.mtx P=4 rank=3 nrows_local=3378 ncols_global=13514 nnz_local=88131 n_ghost=-1 compute_avg_ms=0.018944 compute_min_ms=0.018432 compute_max_ms=0.019456 compute_var_ms=0.000000262 compute_gflops=9.304371 eff_bw_gbs=41.497678 pct_peak_bw=4.4472 comm_avg_ms=0.034251 comm_min_ms=0.029416 comm_max_ms=0.044504 comm_var_ms=0.000009525 total_avg_ms=0.053195 total_min_ms=0.048423 total_max_ms=0.063960 total_var_ms=0.000010570 effective_gflops=3.313488
[ERROR CHECKING] OK!

--- P=4 rep=2/3 driver=spmv_ghost_cusparse ---
Loaded ../matrices/poisson3Da.mtx: 13514 x 13514, 352762 nnz
RESULT comm=ghost_mpi kernel=cusparse matrix=poisson3Da.mtx P=4 rank=1 nrows_local=3379 ncols_global=13514 nnz_local=88233 n_ghost=10090 compute_avg_ms=0.020070 compute_min_ms=0.019456 compute_max_ms=0.022528 compute_var_ms=0.000000461 compute_gflops=8.792351 eff_bw_gbs=39.200814 pct_peak_bw=4.2010 comm_avg_ms=0.062428 comm_min_ms=0.039353 comm_max_ms=0.088049 comm_var_ms=0.000152481 total_avg_ms=0.082499 total_min_ms=0.059833 total_max_ms=0.108529 total_var_ms=0.000152686 effective_gflops=2.139014
RESULT comm=ghost_mpi kernel=cusparse matrix=poisson3Da.mtx P=4 rank=2 nrows_local=3378 ncols_global=13514 nnz_local=88081 n_ghost=10086 compute_avg_ms=0.019558 compute_min_ms=0.018432 compute_max_ms=0.021504 compute_var_ms=0.000000304 compute_gflops=9.006974 eff_bw_gbs=40.163409 pct_peak_bw=4.3042 comm_avg_ms=0.062230 comm_min_ms=0.038219 comm_max_ms=0.090076 comm_var_ms=0.000164067 total_avg_ms=0.081788 total_min_ms=0.058503 total_max_ms=0.109532 total_var_ms=0.000159339 effective_gflops=2.153873
RESULT comm=ghost_mpi kernel=cusparse matrix=poisson3Da.mtx P=4 rank=3 nrows_local=3378 ncols_global=13514 nnz_local=88131 n_ghost=10069 compute_avg_ms=0.019627 compute_min_ms=0.019456 compute_max_ms=0.020480 compute_var_ms=0.000000146 compute_gflops=8.980741 eff_bw_gbs=40.040627 pct_peak_bw=4.2910 comm_avg_ms=0.062237 comm_min_ms=0.039061 comm_max_ms=0.089859 comm_var_ms=0.000153484 total_avg_ms=0.081864 total_min_ms=0.058517 total_max_ms=0.109315 total_var_ms=0.000153466 effective_gflops=2.153106
RESULT comm=ghost_mpi kernel=cusparse matrix=poisson3Da.mtx P=4 rank=0 nrows_local=3379 ncols_global=13514 nnz_local=88317 n_ghost=10066 compute_avg_ms=0.019695 compute_min_ms=0.019456 compute_max_ms=0.020480 compute_var_ms=0.000000188 compute_gflops=8.968500 eff_bw_gbs=39.977390 pct_peak_bw=4.2843 comm_avg_ms=0.059238 comm_min_ms=0.037685 comm_max_ms=0.087591 comm_var_ms=0.000165488 total_avg_ms=0.078933 total_min_ms=0.058165 total_max_ms=0.108071 total_var_ms=0.000162305 effective_gflops=2.237761
[ERROR CHECKING] OK!

--- P=4 rep=2/3 driver=spmv_ghost_acc ---
Loaded ../matrices/poisson3Da.mtx: 13514 x 13514, 352762 nnz
[kernel] acc -> LINE-ENHANCE (nnz=88131, avg_nnz=26.09, imbalance=3.83, V=4)
[kernel] acc -> LINE-ENHANCE (nnz=88081, avg_nnz=26.07, imbalance=4.22, V=4)
[kernel] acc -> LINE-ENHANCE (nnz=88317, avg_nnz=26.14, imbalance=3.83, V=4)
[kernel] acc -> LINE-ENHANCE (nnz=88233, avg_nnz=26.11, imbalance=3.83, V=4)
RESULT comm=ghost_mpi kernel=acc matrix=poisson3Da.mtx P=4 rank=0 nrows_local=3379 ncols_global=13514 nnz_local=88317 n_ghost=10066 compute_avg_ms=0.023518 compute_min_ms=0.022528 compute_max_ms=0.024576 compute_var_ms=0.000000313 compute_gflops=7.510630 eff_bw_gbs=33.478886 pct_peak_bw=3.5878 comm_avg_ms=0.059172 comm_min_ms=0.037438 comm_max_ms=0.082262 comm_var_ms=0.000122328 total_avg_ms=0.082689 total_min_ms=0.059966 total_max_ms=0.105814 total_var_ms=0.000124382 effective_gflops=2.136113
RESULT comm=ghost_mpi kernel=acc matrix=poisson3Da.mtx P=4 rank=2 nrows_local=3378 ncols_global=13514 nnz_local=88081 n_ghost=10086 compute_avg_ms=0.023279 compute_min_ms=0.022528 compute_max_ms=0.023552 compute_var_ms=0.000000205 compute_gflops=7.567443 eff_bw_gbs=33.744329 pct_peak_bw=3.6163 comm_avg_ms=0.061436 comm_min_ms=0.037679 comm_max_ms=0.084048 comm_var_ms=0.000105760 total_avg_ms=0.084715 total_min_ms=0.060516 total_max_ms=0.107600 total_var_ms=0.000106010 effective_gflops=2.079466
RESULT comm=ghost_mpi kernel=acc matrix=poisson3Da.mtx P=4 rank=1 nrows_local=3379 ncols_global=13514 nnz_local=88233 n_ghost=10090 compute_avg_ms=0.023415 compute_min_ms=0.022528 compute_max_ms=0.024576 compute_var_ms=0.000000331 compute_gflops=7.536301 eff_bw_gbs=33.600696 pct_peak_bw=3.6009 comm_avg_ms=0.062480 comm_min_ms=0.038820 comm_max_ms=0.094176 comm_var_ms=0.000131601 total_avg_ms=0.085895 total_min_ms=0.061348 total_max_ms=0.117728 total_var_ms=0.000132188 effective_gflops=2.054432
RESULT comm=ghost_mpi kernel=acc matrix=poisson3Da.mtx P=4 rank=3 nrows_local=3378 ncols_global=13514 nnz_local=88131 n_ghost=10069 compute_avg_ms=0.023006 compute_min_ms=0.022528 compute_max_ms=0.023552 compute_var_ms=0.000000261 compute_gflops=7.661611 eff_bw_gbs=34.159286 pct_peak_bw=3.6608 comm_avg_ms=0.062151 comm_min_ms=0.038654 comm_max_ms=0.094803 comm_var_ms=0.000134240 total_avg_ms=0.085157 total_min_ms=0.061247 total_max_ms=0.117331 total_var_ms=0.000134720 effective_gflops=2.069842
[ERROR CHECKING] OK!

--- P=4 rep=2/3 driver=spmv_ghost_nccl_cusparse ---
Loaded ../matrices/poisson3Da.mtx: 13514 x 13514, 352762 nnz
RESULT comm=ghost_nccl kernel=cusparse matrix=poisson3Da.mtx P=4 rank=1 nrows_local=3379 ncols_global=13514 nnz_local=88233 n_ghost=10090 compute_avg_ms=0.019388 compute_min_ms=0.018432 compute_max_ms=0.020480 compute_var_ms=0.000000205 compute_gflops=9.101941 eff_bw_gbs=40.581125 pct_peak_bw=4.3490 comm_avg_ms=0.059945 comm_min_ms=0.057279 comm_max_ms=0.065693 comm_var_ms=0.000005311 total_avg_ms=0.079333 total_min_ms=0.076735 total_max_ms=0.085149 total_var_ms=0.000005810 effective_gflops=2.224379
RESULT comm=ghost_nccl kernel=cusparse matrix=poisson3Da.mtx P=4 rank=2 nrows_local=3378 ncols_global=13514 nnz_local=88081 n_ghost=10086 compute_avg_ms=0.018773 compute_min_ms=0.018432 compute_max_ms=0.019456 compute_var_ms=0.000000233 compute_gflops=9.383629 eff_bw_gbs=41.842968 pct_peak_bw=4.4842 comm_avg_ms=0.059917 comm_min_ms=0.056943 comm_max_ms=0.068914 comm_var_ms=0.000006147 total_avg_ms=0.078690 total_min_ms=0.075750 total_max_ms=0.088370 total_var_ms=0.000006759 effective_gflops=2.238674
RESULT comm=ghost_nccl kernel=cusparse matrix=poisson3Da.mtx P=4 rank=3 nrows_local=3378 ncols_global=13514 nnz_local=88131 n_ghost=10069 compute_avg_ms=0.019183 compute_min_ms=0.018432 compute_max_ms=0.019456 compute_var_ms=0.000000205 compute_gflops=9.188480 eff_bw_gbs=40.966833 pct_peak_bw=4.3903 comm_avg_ms=0.057809 comm_min_ms=0.054927 comm_max_ms=0.061246 comm_var_ms=0.000001541 total_avg_ms=0.076992 total_min_ms=0.073359 total_max_ms=0.080702 total_var_ms=0.000002041 effective_gflops=2.289358
RESULT comm=ghost_nccl kernel=cusparse matrix=poisson3Da.mtx P=4 rank=0 nrows_local=3379 ncols_global=13514 nnz_local=88317 n_ghost=10066 compute_avg_ms=0.019627 compute_min_ms=0.018432 compute_max_ms=0.020480 compute_var_ms=0.000000285 compute_gflops=8.999695 eff_bw_gbs=40.116442 pct_peak_bw=4.2992 comm_avg_ms=0.059732 comm_min_ms=0.056484 comm_max_ms=0.070076 comm_var_ms=0.000007953 total_avg_ms=0.079359 total_min_ms=0.075940 total_max_ms=0.090556 total_var_ms=0.000008421 effective_gflops=2.225765
[ERROR CHECKING] OK!

--- P=4 rep=2/3 driver=spmv_ghost_nccl_acc ---
Loaded ../matrices/poisson3Da.mtx: 13514 x 13514, 352762 nnz
[kernel] acc -> LINE-ENHANCE (nnz=88233, avg_nnz=26.11, imbalance=3.83, V=4)
[kernel] acc -> LINE-ENHANCE (nnz=88131, avg_nnz=26.09, imbalance=3.83, V=4)
[kernel] acc -> LINE-ENHANCE (nnz=88317, avg_nnz=26.14, imbalance=3.83, V=4)
[kernel] acc -> LINE-ENHANCE (nnz=88081, avg_nnz=26.07, imbalance=4.22, V=4)
RESULT comm=ghost_nccl kernel=acc matrix=poisson3Da.mtx P=4 rank=0 nrows_local=3379 ncols_global=13514 nnz_local=88317 n_ghost=10066 compute_avg_ms=0.023757 compute_min_ms=0.022528 compute_max_ms=0.024576 compute_var_ms=0.000000238 compute_gflops=7.435092 eff_bw_gbs=33.142173 pct_peak_bw=3.5518 comm_avg_ms=0.062067 comm_min_ms=0.056362 comm_max_ms=0.126766 comm_var_ms=0.000150824 total_avg_ms=0.085824 total_min_ms=0.080219 total_max_ms=0.150318 total_var_ms=0.000150107 effective_gflops=2.058095
RESULT comm=ghost_nccl kernel=acc matrix=poisson3Da.mtx P=4 rank=1 nrows_local=3379 ncols_global=13514 nnz_local=88233 n_ghost=10090 compute_avg_ms=0.024132 compute_min_ms=0.023552 compute_max_ms=0.024576 compute_var_ms=0.000000257 compute_gflops=7.312450 eff_bw_gbs=32.602655 pct_peak_bw=3.4939 comm_avg_ms=0.062132 comm_min_ms=0.057364 comm_max_ms=0.137265 comm_var_ms=0.000196421 total_avg_ms=0.086264 total_min_ms=0.081617 total_max_ms=0.161841 total_var_ms=0.000199113 effective_gflops=2.045643
RESULT comm=ghost_nccl kernel=acc matrix=poisson3Da.mtx P=4 rank=2 nrows_local=3378 ncols_global=13514 nnz_local=88081 n_ghost=10086 compute_avg_ms=0.023552 compute_min_ms=0.023552 compute_max_ms=0.023552 compute_var_ms=0.000000000 compute_gflops=7.479704 eff_bw_gbs=33.353090 pct_peak_bw=3.5744 comm_avg_ms=0.061870 comm_min_ms=0.056638 comm_max_ms=0.135558 comm_var_ms=0.000190181 total_avg_ms=0.085422 total_min_ms=0.080190 total_max_ms=0.159110 total_var_ms=0.000190181 effective_gflops=2.062258
RESULT comm=ghost_nccl kernel=acc matrix=poisson3Da.mtx P=4 rank=3 nrows_local=3378 ncols_global=13514 nnz_local=88131 n_ghost=10069 compute_avg_ms=0.023586 compute_min_ms=0.022528 compute_max_ms=0.024576 compute_var_ms=0.000000244 compute_gflops=7.473120 eff_bw_gbs=33.318898 pct_peak_bw=3.5707 comm_avg_ms=0.066759 comm_min_ms=0.055618 comm_max_ms=0.257073 comm_var_ms=0.001438245 total_avg_ms=0.090345 total_min_ms=0.078494 total_max_ms=0.281649 total_var_ms=0.001451520 effective_gflops=1.950994
[ERROR CHECKING] OK!

--- P=4 rep=2/3 driver=spmv_2d_cusparse ---
Grid: P=4 -> P_r=2 x P_c=2
Loaded ../matrices/poisson3Da.mtx: 13514 x 13514, 352762 nnz
RESULT comm=checkerboard_mpi kernel=cusparse matrix=poisson3Da.mtx P=4 rank=1 nrows_local=6757 ncols_global=13514 nnz_local=85257 n_ghost=-1 compute_avg_ms=0.019831 compute_min_ms=0.019456 compute_max_ms=0.020480 compute_var_ms=0.000000244 compute_gflops=8.598154 eff_bw_gbs=38.481472 pct_peak_bw=4.1240 comm_avg_ms=0.062261 comm_min_ms=0.058412 comm_max_ms=0.082518 comm_var_ms=0.000016020 total_avg_ms=0.082092 total_min_ms=0.078892 total_max_ms=0.101974 total_var_ms=0.000015611 effective_gflops=2.077108
RESULT comm=checkerboard_mpi kernel=cusparse matrix=poisson3Da.mtx P=4 rank=2 nrows_local=6757 ncols_global=13514 nnz_local=85257 n_ghost=-1 compute_avg_ms=0.019046 compute_min_ms=0.018432 compute_max_ms=0.019456 compute_var_ms=0.000000252 compute_gflops=8.952558 eff_bw_gbs=40.067625 pct_peak_bw=4.2939 comm_avg_ms=0.079879 comm_min_ms=0.074832 comm_max_ms=0.095542 comm_var_ms=0.000012103 total_avg_ms=0.098925 total_min_ms=0.094288 total_max_ms=0.114998 total_var_ms=0.000012337 effective_gflops=1.723669
RESULT comm=checkerboard_mpi kernel=cusparse matrix=poisson3Da.mtx P=4 rank=3 nrows_local=6757 ncols_global=13514 nnz_local=91107 n_ghost=-1 compute_avg_ms=0.019763 compute_min_ms=0.019456 compute_max_ms=0.020480 compute_var_ms=0.000000220 compute_gflops=9.219864 eff_bw_gbs=40.982434 pct_peak_bw=4.3920 comm_avg_ms=0.059316 comm_min_ms=0.052236 comm_max_ms=0.077628 comm_var_ms=0.000017333 total_avg_ms=0.079079 total_min_ms=0.071692 total_max_ms=0.098108 total_var_ms=0.000018044 effective_gflops=2.304196
RESULT comm=checkerboard_mpi kernel=cusparse matrix=poisson3Da.mtx P=4 rank=0 nrows_local=6757 ncols_global=13514 nnz_local=91141 n_ghost=-1 compute_avg_ms=0.019217 compute_min_ms=0.018432 compute_max_ms=0.020480 compute_var_ms=0.000000257 compute_gflops=9.485423 eff_bw_gbs=42.161274 pct_peak_bw=4.5183 comm_avg_ms=0.081502 comm_min_ms=0.077612 comm_max_ms=0.098933 comm_var_ms=0.000013825 total_avg_ms=0.100719 total_min_ms=0.096044 total_max_ms=0.117365 total_var_ms=0.000013526 effective_gflops=1.809806
[ERROR CHECKING] OK!

--- P=4 rep=2/3 driver=spmv_2d_acc ---
Grid: P=4 -> P_r=2 x P_c=2
Loaded ../matrices/poisson3Da.mtx: 13514 x 13514, 352762 nnz
[kernel] acc -> LINE-ENHANCE (nnz=85257, avg_nnz=12.62, imbalance=3.96, V=2)
[kernel] acc -> LINE-ENHANCE (nnz=91107, avg_nnz=13.48, imbalance=4.30, V=2)
[kernel] acc -> LINE-ENHANCE (nnz=91141, avg_nnz=13.49, imbalance=4.30, V=2)
[kernel] acc -> LINE-ENHANCE (nnz=85257, avg_nnz=12.62, imbalance=4.20, V=2)
RESULT comm=checkerboard_mpi kernel=acc matrix=poisson3Da.mtx P=4 rank=0 nrows_local=6757 ncols_global=13514 nnz_local=91141 n_ghost=-1 compute_avg_ms=0.022767 compute_min_ms=0.022528 compute_max_ms=0.023552 compute_var_ms=0.000000188 compute_gflops=8.006436 eff_bw_gbs=35.587401 pct_peak_bw=3.8138 comm_avg_ms=0.079489 comm_min_ms=0.076612 comm_max_ms=0.092821 comm_var_ms=0.000010048 total_avg_ms=0.102256 total_min_ms=0.099140 total_max_ms=0.115349 total_var_ms=0.000010239 effective_gflops=1.782606
RESULT comm=checkerboard_mpi kernel=acc matrix=poisson3Da.mtx P=4 rank=2 nrows_local=6757 ncols_global=13514 nnz_local=85257 n_ghost=-1 compute_avg_ms=0.022323 compute_min_ms=0.021504 compute_max_ms=0.023552 compute_var_ms=0.000000308 compute_gflops=7.638421 eff_bw_gbs=34.186138 pct_peak_bw=3.6636 comm_avg_ms=0.078680 comm_min_ms=0.075231 comm_max_ms=0.093944 comm_var_ms=0.000012344 total_avg_ms=0.101003 total_min_ms=0.097759 total_max_ms=0.116472 total_var_ms=0.000013156 effective_gflops=1.688205
RESULT comm=checkerboard_mpi kernel=acc matrix=poisson3Da.mtx P=4 rank=1 nrows_local=6757 ncols_global=13514 nnz_local=85257 n_ghost=-1 compute_avg_ms=0.023142 compute_min_ms=0.022528 compute_max_ms=0.023552 compute_var_ms=0.000000252 compute_gflops=7.368034 eff_bw_gbs=32.976009 pct_peak_bw=3.5340 comm_avg_ms=0.061367 comm_min_ms=0.058901 comm_max_ms=0.075250 comm_var_ms=0.000009559 total_avg_ms=0.084509 total_min_ms=0.081902 total_max_ms=0.098802 total_var_ms=0.000010390 effective_gflops=2.017692
RESULT comm=checkerboard_mpi kernel=acc matrix=poisson3Da.mtx P=4 rank=3 nrows_local=6757 ncols_global=13514 nnz_local=91107 n_ghost=-1 compute_avg_ms=0.022665 compute_min_ms=0.022528 compute_max_ms=0.023552 compute_var_ms=0.000000121 compute_gflops=8.039610 eff_bw_gbs=35.736187 pct_peak_bw=3.8298 comm_avg_ms=0.057978 comm_min_ms=0.054671 comm_max_ms=0.066357 comm_var_ms=0.000006019 total_avg_ms=0.080643 total_min_ms=0.077199 total_max_ms=0.088885 total_var_ms=0.000005871 effective_gflops=2.259519
[ERROR CHECKING] OK!

--- P=4 rep=2/3 driver=spmv_2d_nccl_cusparse ---
Grid: P=4 -> P_r=2 x P_c=2
Loaded ../matrices/poisson3Da.mtx: 13514 x 13514, 352762 nnz
RESULT comm=checkerboard_nccl kernel=cusparse matrix=poisson3Da.mtx P=4 rank=1 nrows_local=6757 ncols_global=13514 nnz_local=85257 n_ghost=-1 compute_avg_ms=0.020139 compute_min_ms=0.018432 compute_max_ms=0.021504 compute_var_ms=0.000000932 compute_gflops=8.466996 eff_bw_gbs=37.894466 pct_peak_bw=4.0610 comm_avg_ms=0.047864 comm_min_ms=0.046590 comm_max_ms=0.049191 comm_var_ms=0.000000452 total_avg_ms=0.068003 total_min_ms=0.065541 total_max_ms=0.070695 total_var_ms=0.000001922 effective_gflops=2.507453
RESULT comm=checkerboard_nccl kernel=cusparse matrix=poisson3Da.mtx P=4 rank=2 nrows_local=6757 ncols_global=13514 nnz_local=85257 n_ghost=-1 compute_avg_ms=0.019866 compute_min_ms=0.018432 compute_max_ms=0.021504 compute_var_ms=0.000001091 compute_gflops=8.583380 eff_bw_gbs=38.415352 pct_peak_bw=4.1169 comm_avg_ms=0.061112 comm_min_ms=0.058590 comm_max_ms=0.063494 comm_var_ms=0.000001384 total_avg_ms=0.080977 total_min_ms=0.077022 total_max_ms=0.084998 total_var_ms=0.000003423 effective_gflops=2.105701
RESULT comm=checkerboard_nccl kernel=cusparse matrix=poisson3Da.mtx P=4 rank=3 nrows_local=6757 ncols_global=13514 nnz_local=91107 n_ghost=-1 compute_avg_ms=0.020378 compute_min_ms=0.018432 compute_max_ms=0.022528 compute_var_ms=0.000001073 compute_gflops=8.941878 eff_bw_gbs=39.746782 pct_peak_bw=4.2596 comm_avg_ms=0.052011 comm_min_ms=0.049895 comm_max_ms=0.053783 comm_var_ms=0.000000902 total_avg_ms=0.072389 total_min_ms=0.069351 total_max_ms=0.075287 total_var_ms=0.000002794 effective_gflops=2.517167
RESULT comm=checkerboard_nccl kernel=cusparse matrix=poisson3Da.mtx P=4 rank=0 nrows_local=6757 ncols_global=13514 nnz_local=91141 n_ghost=-1 compute_avg_ms=0.020207 compute_min_ms=0.018432 compute_max_ms=0.021504 compute_var_ms=0.000000834 compute_gflops=9.020765 eff_bw_gbs=40.095942 pct_peak_bw=4.2970 comm_avg_ms=0.055962 comm_min_ms=0.053669 comm_max_ms=0.060138 comm_var_ms=0.000002359 total_avg_ms=0.076169 total_min_ms=0.072706 total_max_ms=0.079850 total_var_ms=0.000003818 effective_gflops=2.393130
[ERROR CHECKING] OK!

--- P=4 rep=2/3 driver=spmv_2d_nccl_acc ---
Grid: P=4 -> P_r=2 x P_c=2
Loaded ../matrices/poisson3Da.mtx: 13514 x 13514, 352762 nnz
[kernel] acc -> LINE-ENHANCE (nnz=85257, avg_nnz=12.62, imbalance=3.96, V=2)
[kernel] acc -> LINE-ENHANCE (nnz=85257, avg_nnz=12.62, imbalance=4.20, V=2)
[kernel] acc -> LINE-ENHANCE (nnz=91141, avg_nnz=13.49, imbalance=4.30, V=2)
[kernel] acc -> LINE-ENHANCE (nnz=91107, avg_nnz=13.48, imbalance=4.30, V=2)
RESULT comm=checkerboard_nccl kernel=acc matrix=poisson3Da.mtx P=4 rank=0 nrows_local=6757 ncols_global=13514 nnz_local=91141 n_ghost=-1 compute_avg_ms=0.022938 compute_min_ms=0.022528 compute_max_ms=0.023552 compute_var_ms=0.000000252 compute_gflops=7.946864 eff_bw_gbs=35.322614 pct_peak_bw=3.7854 comm_avg_ms=0.056846 comm_min_ms=0.054638 comm_max_ms=0.072291 comm_var_ms=0.000009518 total_avg_ms=0.079783 total_min_ms=0.077166 total_max_ms=0.094819 total_var_ms=0.000009252 effective_gflops=2.284717
RESULT comm=checkerboard_nccl kernel=acc matrix=poisson3Da.mtx P=4 rank=1 nrows_local=6757 ncols_global=13514 nnz_local=85257 n_ghost=-1 compute_avg_ms=0.022903 compute_min_ms=0.022528 compute_max_ms=0.023552 compute_var_ms=0.000000244 compute_gflops=7.444899 eff_bw_gbs=33.320021 pct_peak_bw=3.5708 comm_avg_ms=0.048205 comm_min_ms=0.046990 comm_max_ms=0.050087 comm_var_ms=0.000000578 total_avg_ms=0.071109 total_min_ms=0.069518 total_max_ms=0.073639 total_var_ms=0.000000806 effective_gflops=2.397929
RESULT comm=checkerboard_nccl kernel=acc matrix=poisson3Da.mtx P=4 rank=2 nrows_local=6757 ncols_global=13514 nnz_local=85257 n_ghost=-1 compute_avg_ms=0.022187 compute_min_ms=0.021504 compute_max_ms=0.022528 compute_var_ms=0.000000233 compute_gflops=7.685427 eff_bw_gbs=34.396514 pct_peak_bw=3.6862 comm_avg_ms=0.063121 comm_min_ms=0.060644 comm_max_ms=0.077089 comm_var_ms=0.000007436 total_avg_ms=0.085308 total_min_ms=0.082566 total_max_ms=0.099617 total_var_ms=0.000007781 effective_gflops=1.998811
RESULT comm=checkerboard_nccl kernel=acc matrix=poisson3Da.mtx P=4 rank=3 nrows_local=6757 ncols_global=13514 nnz_local=91107 n_ghost=-1 compute_avg_ms=0.023040 compute_min_ms=0.022528 compute_max_ms=0.023552 compute_var_ms=0.000000262 compute_gflops=7.908594 eff_bw_gbs=35.153819 pct_peak_bw=3.7673 comm_avg_ms=0.053495 comm_min_ms=0.052233 comm_max_ms=0.056150 comm_var_ms=0.000000972 total_avg_ms=0.076535 total_min_ms=0.074780 total_max_ms=0.078844 total_var_ms=0.000001346 effective_gflops=2.380802
[ERROR CHECKING] OK!

--- P=4 rep=3/3 driver=spmv_bcast ---
Loaded ../matrices/poisson3Da.mtx: 13514 x 13514, 352762 nnz
RESULT comm=bcast kernel=cusparse matrix=poisson3Da.mtx P=4 rank=1 nrows_local=3379 ncols_global=13514 nnz_local=88233 n_ghost=-1 compute_avg_ms=0.019763 compute_min_ms=0.019456 compute_max_ms=0.020480 compute_var_ms=0.000000220 compute_gflops=8.929020 eff_bw_gbs=39.819262 pct_peak_bw=4.2673 comm_avg_ms=0.028387 comm_min_ms=0.023530 comm_max_ms=0.039680 comm_var_ms=0.000015915 total_avg_ms=0.048150 total_min_ms=0.042986 total_max_ms=0.059136 total_var_ms=0.000016093 effective_gflops=3.664917
RESULT comm=bcast kernel=cusparse matrix=poisson3Da.mtx P=4 rank=2 nrows_local=3378 ncols_global=13514 nnz_local=88081 n_ghost=-1 compute_avg_ms=0.019251 compute_min_ms=0.018432 compute_max_ms=0.020480 compute_var_ms=0.000000447 compute_gflops=9.150702 eff_bw_gbs=40.814703 pct_peak_bw=4.3740 comm_avg_ms=0.029813 comm_min_ms=0.024035 comm_max_ms=0.036896 comm_var_ms=0.000009693 total_avg_ms=0.049064 total_min_ms=0.043491 total_max_ms=0.056352 total_var_ms=0.000009390 effective_gflops=3.590463
RESULT comm=bcast kernel=cusparse matrix=poisson3Da.mtx P=4 rank=3 nrows_local=3378 ncols_global=13514 nnz_local=88131 n_ghost=-1 compute_avg_ms=0.019217 compute_min_ms=0.018432 compute_max_ms=0.019456 compute_var_ms=0.000000188 compute_gflops=9.172160 eff_bw_gbs=40.908013 pct_peak_bw=4.3840 comm_avg_ms=0.034463 comm_min_ms=0.029906 comm_max_ms=0.040591 comm_var_ms=0.000010401 total_avg_ms=0.053680 total_min_ms=0.049074 total_max_ms=0.060047 total_var_ms=0.000010655 effective_gflops=3.283586
RESULT comm=bcast kernel=cusparse matrix=poisson3Da.mtx P=4 rank=0 nrows_local=3379 ncols_global=13514 nnz_local=88317 n_ghost=-1 compute_avg_ms=0.019422 compute_min_ms=0.018432 compute_max_ms=0.020480 compute_var_ms=0.000000244 compute_gflops=9.094595 eff_bw_gbs=40.553673 pct_peak_bw=4.3460 comm_avg_ms=0.035200 comm_min_ms=0.030290 comm_max_ms=0.041743 comm_var_ms=0.000007030 total_avg_ms=0.054622 total_min_ms=0.049746 total_max_ms=0.061237 total_var_ms=0.000007710 effective_gflops=3.233744
[ERROR CHECKING] OK!

--- P=4 rep=3/3 driver=spmv_ghost_cusparse ---
Loaded ../matrices/poisson3Da.mtx: 13514 x 13514, 352762 nnz
RESULT comm=ghost_mpi kernel=cusparse matrix=poisson3Da.mtx P=4 rank=1 nrows_local=3379 ncols_global=13514 nnz_local=88233 n_ghost=10090 compute_avg_ms=0.020139 compute_min_ms=0.019456 compute_max_ms=0.021504 compute_var_ms=0.000000303 compute_gflops=8.762547 eff_bw_gbs=39.067930 pct_peak_bw=4.1868 comm_avg_ms=0.063547 comm_min_ms=0.043181 comm_max_ms=0.085889 comm_var_ms=0.000127447 total_avg_ms=0.083686 total_min_ms=0.063661 total_max_ms=0.106369 total_var_ms=0.000129226 effective_gflops=2.108669
RESULT comm=ghost_mpi kernel=cusparse matrix=poisson3Da.mtx P=4 rank=2 nrows_local=3378 ncols_global=13514 nnz_local=88081 n_ghost=10086 compute_avg_ms=0.019354 compute_min_ms=0.018432 compute_max_ms=0.020480 compute_var_ms=0.000000164 compute_gflops=9.102286 eff_bw_gbs=40.588419 pct_peak_bw=4.3498 comm_avg_ms=0.063504 comm_min_ms=0.041838 comm_max_ms=0.086927 comm_var_ms=0.000143895 total_avg_ms=0.082858 total_min_ms=0.060270 total_max_ms=0.105359 total_var_ms=0.000142903 effective_gflops=2.126083
RESULT comm=ghost_mpi kernel=cusparse matrix=poisson3Da.mtx P=4 rank=3 nrows_local=3378 ncols_global=13514 nnz_local=88131 n_ghost=10069 compute_avg_ms=0.019900 compute_min_ms=0.019456 compute_max_ms=0.020480 compute_var_ms=0.000000257 compute_gflops=8.857506 eff_bw_gbs=39.491184 pct_peak_bw=4.2322 comm_avg_ms=0.063834 comm_min_ms=0.043344 comm_max_ms=0.086987 comm_var_ms=0.000125995 total_avg_ms=0.083734 total_min_ms=0.062800 total_max_ms=0.106443 total_var_ms=0.000128029 effective_gflops=2.105018
RESULT comm=ghost_mpi kernel=cusparse matrix=poisson3Da.mtx P=4 rank=0 nrows_local=3379 ncols_global=13514 nnz_local=88317 n_ghost=10066 compute_avg_ms=0.019934 compute_min_ms=0.019456 compute_max_ms=0.020480 compute_var_ms=0.000000261 compute_gflops=8.861001 eff_bw_gbs=39.498209 pct_peak_bw=4.2329 comm_avg_ms=0.061051 comm_min_ms=0.039735 comm_max_ms=0.084916 comm_var_ms=0.000139508 total_avg_ms=0.080985 total_min_ms=0.060215 total_max_ms=0.105396 total_var_ms=0.000139960 effective_gflops=2.181063
[ERROR CHECKING] OK!

--- P=4 rep=3/3 driver=spmv_ghost_acc ---
Loaded ../matrices/poisson3Da.mtx: 13514 x 13514, 352762 nnz
[kernel] acc -> LINE-ENHANCE (nnz=88233, avg_nnz=26.11, imbalance=3.83, V=4)
[kernel] acc -> LINE-ENHANCE (nnz=88081, avg_nnz=26.07, imbalance=4.22, V=4)
[kernel] acc -> LINE-ENHANCE (nnz=88131, avg_nnz=26.09, imbalance=3.83, V=4)
[kernel] acc -> LINE-ENHANCE (nnz=88317, avg_nnz=26.14, imbalance=3.83, V=4)
RESULT comm=ghost_mpi kernel=acc matrix=poisson3Da.mtx P=4 rank=1 nrows_local=3379 ncols_global=13514 nnz_local=88233 n_ghost=10090 compute_avg_ms=0.023552 compute_min_ms=0.022528 compute_max_ms=0.024576 compute_var_ms=0.000000280 compute_gflops=7.492612 eff_bw_gbs=33.405910 pct_peak_bw=3.5800 comm_avg_ms=0.064117 comm_min_ms=0.045182 comm_max_ms=0.091728 comm_var_ms=0.000123301 total_avg_ms=0.087669 total_min_ms=0.068734 total_max_ms=0.114256 total_var_ms=0.000119878 effective_gflops=2.012860
RESULT comm=ghost_mpi kernel=acc matrix=poisson3Da.mtx P=4 rank=2 nrows_local=3378 ncols_global=13514 nnz_local=88081 n_ghost=10086 compute_avg_ms=0.023245 compute_min_ms=0.022528 compute_max_ms=0.024576 compute_var_ms=0.000000360 compute_gflops=7.578555 eff_bw_gbs=33.793880 pct_peak_bw=3.6216 comm_avg_ms=0.064405 comm_min_ms=0.044375 comm_max_ms=0.093185 comm_var_ms=0.000133322 total_avg_ms=0.087649 total_min_ms=0.067927 total_max_ms=0.115713 total_var_ms=0.000136475 effective_gflops=2.009848
RESULT comm=ghost_mpi kernel=acc matrix=poisson3Da.mtx P=4 rank=0 nrows_local=3379 ncols_global=13514 nnz_local=88317 n_ghost=10066 compute_avg_ms=0.023347 compute_min_ms=0.022528 compute_max_ms=0.023552 compute_var_ms=0.000000168 compute_gflops=7.565532 eff_bw_gbs=33.723615 pct_peak_bw=3.6141 comm_avg_ms=0.060212 comm_min_ms=0.041459 comm_max_ms=0.091092 comm_var_ms=0.000155221 total_avg_ms=0.083559 total_min_ms=0.065011 total_max_ms=0.114644 total_var_ms=0.000155093 effective_gflops=2.113890
RESULT comm=ghost_mpi kernel=acc matrix=poisson3Da.mtx P=4 rank=3 nrows_local=3378 ncols_global=13514 nnz_local=88131 n_ghost=10069 compute_avg_ms=0.023279 compute_min_ms=0.022528 compute_max_ms=0.024576 compute_var_ms=0.000000275 compute_gflops=7.571739 eff_bw_gbs=33.758591 pct_peak_bw=3.6178 comm_avg_ms=0.064273 comm_min_ms=0.043476 comm_max_ms=0.092739 comm_var_ms=0.000136057 total_avg_ms=0.087552 total_min_ms=0.066004 total_max_ms=0.116291 total_var_ms=0.000137726 effective_gflops=2.013218
[ERROR CHECKING] OK!

--- P=4 rep=3/3 driver=spmv_ghost_nccl_cusparse ---
Loaded ../matrices/poisson3Da.mtx: 13514 x 13514, 352762 nnz
RESULT comm=ghost_nccl kernel=cusparse matrix=poisson3Da.mtx P=4 rank=1 nrows_local=3379 ncols_global=13514 nnz_local=88233 n_ghost=10090 compute_avg_ms=0.019456 compute_min_ms=0.018432 compute_max_ms=0.020480 compute_var_ms=0.000000070 compute_gflops=9.070004 eff_bw_gbs=40.438735 pct_peak_bw=4.3337 comm_avg_ms=0.059340 comm_min_ms=0.057029 comm_max_ms=0.064630 comm_var_ms=0.000003357 total_avg_ms=0.078796 total_min_ms=0.076485 total_max_ms=0.084086 total_var_ms=0.000003392 effective_gflops=2.239521
RESULT comm=ghost_nccl kernel=cusparse matrix=poisson3Da.mtx P=4 rank=2 nrows_local=3378 ncols_global=13514 nnz_local=88081 n_ghost=10086 compute_avg_ms=0.019046 compute_min_ms=0.018432 compute_max_ms=0.019456 compute_var_ms=0.000000252 compute_gflops=9.249097 eff_bw_gbs=41.243070 pct_peak_bw=4.4199 comm_avg_ms=0.059455 comm_min_ms=0.056559 comm_max_ms=0.063970 comm_var_ms=0.000004168 total_avg_ms=0.078501 total_min_ms=0.075743 total_max_ms=0.083426 total_var_ms=0.000003882 effective_gflops=2.244070
RESULT comm=ghost_nccl kernel=cusparse matrix=poisson3Da.mtx P=4 rank=3 nrows_local=3378 ncols_global=13514 nnz_local=88131 n_ghost=10069 compute_avg_ms=0.019456 compute_min_ms=0.018432 compute_max_ms=0.020480 compute_var_ms=0.000000070 compute_gflops=9.059519 eff_bw_gbs=40.391860 pct_peak_bw=4.3287 comm_avg_ms=0.058910 comm_min_ms=0.055514 comm_max_ms=0.066384 comm_var_ms=0.000004632 total_avg_ms=0.078366 total_min_ms=0.074970 total_max_ms=0.085840 total_var_ms=0.000004502 effective_gflops=2.249227
RESULT comm=ghost_nccl kernel=cusparse matrix=poisson3Da.mtx P=4 rank=0 nrows_local=3379 ncols_global=13514 nnz_local=88317 n_ghost=10066 compute_avg_ms=0.019456 compute_min_ms=0.018432 compute_max_ms=0.020480 compute_var_ms=0.000000350 compute_gflops=9.078639 eff_bw_gbs=40.468340 pct_peak_bw=4.3369 comm_avg_ms=0.059008 comm_min_ms=0.056264 comm_max_ms=0.062344 comm_var_ms=0.000001674 total_avg_ms=0.078464 total_min_ms=0.075720 total_max_ms=0.080852 total_var_ms=0.000001460 effective_gflops=2.251154
[ERROR CHECKING] OK!

--- P=4 rep=3/3 driver=spmv_ghost_nccl_acc ---
Loaded ../matrices/poisson3Da.mtx: 13514 x 13514, 352762 nnz
[kernel] acc -> LINE-ENHANCE (nnz=88131, avg_nnz=26.09, imbalance=3.83, V=4)
[kernel] acc -> LINE-ENHANCE (nnz=88233, avg_nnz=26.11, imbalance=3.83, V=4)
[kernel] acc -> LINE-ENHANCE (nnz=88081, avg_nnz=26.07, imbalance=4.22, V=4)
[kernel] acc -> LINE-ENHANCE (nnz=88317, avg_nnz=26.14, imbalance=3.83, V=4)
RESULT comm=ghost_nccl kernel=acc matrix=poisson3Da.mtx P=4 rank=1 nrows_local=3379 ncols_global=13514 nnz_local=88233 n_ghost=10090 compute_avg_ms=0.023859 compute_min_ms=0.023552 compute_max_ms=0.024576 compute_var_ms=0.000000220 compute_gflops=7.396140 eff_bw_gbs=32.975790 pct_peak_bw=3.5339 comm_avg_ms=0.060252 comm_min_ms=0.056972 comm_max_ms=0.067120 comm_var_ms=0.000007696 total_avg_ms=0.084111 total_min_ms=0.080524 total_max_ms=0.091696 total_var_ms=0.000008685 effective_gflops=2.098017
RESULT comm=ghost_nccl kernel=acc matrix=poisson3Da.mtx P=4 rank=2 nrows_local=3378 ncols_global=13514 nnz_local=88081 n_ghost=10086 compute_avg_ms=0.023620 compute_min_ms=0.023552 compute_max_ms=0.024576 compute_var_ms=0.000000065 compute_gflops=7.458087 eff_bw_gbs=33.256694 pct_peak_bw=3.5640 comm_avg_ms=0.059460 comm_min_ms=0.057488 comm_max_ms=0.062680 comm_var_ms=0.000001578 total_avg_ms=0.083080 total_min_ms=0.081040 total_max_ms=0.086232 total_var_ms=0.000001627 effective_gflops=2.120388
RESULT comm=ghost_nccl kernel=acc matrix=poisson3Da.mtx P=4 rank=0 nrows_local=3379 ncols_global=13514 nnz_local=88317 n_ghost=10066 compute_avg_ms=0.023723 compute_min_ms=0.023552 compute_max_ms=0.024576 compute_var_ms=0.000000146 compute_gflops=7.445790 eff_bw_gbs=33.189860 pct_peak_bw=3.5569 comm_avg_ms=0.059063 comm_min_ms=0.056743 comm_max_ms=0.068663 comm_var_ms=0.000004663 total_avg_ms=0.082786 total_min_ms=0.080561 total_max_ms=0.092215 total_var_ms=0.000004541 effective_gflops=2.133633
RESULT comm=ghost_nccl kernel=acc matrix=poisson3Da.mtx P=4 rank=3 nrows_local=3378 ncols_global=13514 nnz_local=88131 n_ghost=10069 compute_avg_ms=0.023723 compute_min_ms=0.023552 compute_max_ms=0.024576 compute_var_ms=0.000000146 compute_gflops=7.430109 eff_bw_gbs=33.127135 pct_peak_bw=3.5501 comm_avg_ms=0.058234 comm_min_ms=0.055339 comm_max_ms=0.061453 comm_var_ms=0.000002706 total_avg_ms=0.081957 total_min_ms=0.078891 total_max_ms=0.085005 total_var_ms=0.000002645 effective_gflops=2.150661
[ERROR CHECKING] OK!

--- P=4 rep=3/3 driver=spmv_2d_cusparse ---
Grid: P=4 -> P_r=2 x P_c=2
Loaded ../matrices/poisson3Da.mtx: 13514 x 13514, 352762 nnz
RESULT comm=checkerboard_mpi kernel=cusparse matrix=poisson3Da.mtx P=4 rank=1 nrows_local=6757 ncols_global=13514 nnz_local=85257 n_ghost=-1 compute_avg_ms=0.019524 compute_min_ms=0.018432 compute_max_ms=0.020480 compute_var_ms=0.000000135 compute_gflops=8.733440 eff_bw_gbs=39.086950 pct_peak_bw=4.1888 comm_avg_ms=0.058437 comm_min_ms=0.054581 comm_max_ms=0.065238 comm_var_ms=0.000006081 total_avg_ms=0.077961 total_min_ms=0.073013 total_max_ms=0.084694 total_var_ms=0.000006187 effective_gflops=2.187165
RESULT comm=checkerboard_mpi kernel=cusparse matrix=poisson3Da.mtx P=4 rank=0 nrows_local=6757 ncols_global=13514 nnz_local=91141 n_ghost=-1 compute_avg_ms=0.019251 compute_min_ms=0.018432 compute_max_ms=0.020480 compute_var_ms=0.000000377 compute_gflops=9.468605 eff_bw_gbs=42.086520 pct_peak_bw=4.5103 comm_avg_ms=0.079171 comm_min_ms=0.076007 comm_max_ms=0.084042 comm_var_ms=0.000004331 total_avg_ms=0.098422 total_min_ms=0.094439 total_max_ms=0.103586 total_var_ms=0.000004926 effective_gflops=1.852040
RESULT comm=checkerboard_mpi kernel=cusparse matrix=poisson3Da.mtx P=4 rank=2 nrows_local=6757 ncols_global=13514 nnz_local=85257 n_ghost=-1 compute_avg_ms=0.018842 compute_min_ms=0.017408 compute_max_ms=0.020480 compute_var_ms=0.000000391 compute_gflops=9.049868 eff_bw_gbs=40.503142 pct_peak_bw=4.3406 comm_avg_ms=0.080798 comm_min_ms=0.076266 comm_max_ms=0.087284 comm_var_ms=0.000005723 total_avg_ms=0.099640 total_min_ms=0.095722 total_max_ms=0.105716 total_var_ms=0.000005444 effective_gflops=1.711309
RESULT comm=checkerboard_mpi kernel=cusparse matrix=poisson3Da.mtx P=4 rank=3 nrows_local=6757 ncols_global=13514 nnz_local=91107 n_ghost=-1 compute_avg_ms=0.019388 compute_min_ms=0.018432 compute_max_ms=0.020480 compute_var_ms=0.000000135 compute_gflops=9.398417 eff_bw_gbs=41.776107 pct_peak_bw=4.4770 comm_avg_ms=0.062454 comm_min_ms=0.059656 comm_max_ms=0.067592 comm_var_ms=0.000003562 total_avg_ms=0.081842 total_min_ms=0.078088 total_max_ms=0.087048 total_var_ms=0.000004015 effective_gflops=2.226407
[ERROR CHECKING] OK!

--- P=4 rep=3/3 driver=spmv_2d_acc ---
Grid: P=4 -> P_r=2 x P_c=2
Loaded ../matrices/poisson3Da.mtx: 13514 x 13514, 352762 nnz
[kernel] acc -> LINE-ENHANCE (nnz=85257, avg_nnz=12.62, imbalance=4.20, V=2)
[kernel] acc -> LINE-ENHANCE (nnz=85257, avg_nnz=12.62, imbalance=3.96, V=2)
[kernel] acc -> LINE-ENHANCE (nnz=91107, avg_nnz=13.48, imbalance=4.30, V=2)
[kernel] acc -> LINE-ENHANCE (nnz=91141, avg_nnz=13.49, imbalance=4.30, V=2)
RESULT comm=checkerboard_mpi kernel=acc matrix=poisson3Da.mtx P=4 rank=0 nrows_local=6757 ncols_global=13514 nnz_local=91141 n_ghost=-1 compute_avg_ms=0.022699 compute_min_ms=0.022528 compute_max_ms=0.023552 compute_var_ms=0.000000146 compute_gflops=8.030516 eff_bw_gbs=35.694431 pct_peak_bw=3.8253 comm_avg_ms=0.083174 comm_min_ms=0.073153 comm_max_ms=0.088960 comm_var_ms=0.000008645 total_avg_ms=0.105872 total_min_ms=0.095681 total_max_ms=0.111488 total_var_ms=0.000008608 effective_gflops=1.721714
RESULT comm=checkerboard_mpi kernel=acc matrix=poisson3Da.mtx P=4 rank=1 nrows_local=6757 ncols_global=13514 nnz_local=85257 n_ghost=-1 compute_avg_ms=0.022903 compute_min_ms=0.022528 compute_max_ms=0.023552 compute_var_ms=0.000000244 compute_gflops=7.444899 eff_bw_gbs=33.320021 pct_peak_bw=3.5708 comm_avg_ms=0.062251 comm_min_ms=0.056449 comm_max_ms=0.068128 comm_var_ms=0.000003797 total_avg_ms=0.085154 total_min_ms=0.078977 total_max_ms=0.090656 total_var_ms=0.000004270 effective_gflops=2.002420
RESULT comm=checkerboard_mpi kernel=acc matrix=poisson3Da.mtx P=4 rank=2 nrows_local=6757 ncols_global=13514 nnz_local=85257 n_ghost=-1 compute_avg_ms=0.028740 compute_min_ms=0.021504 compute_max_ms=0.220160 compute_var_ms=0.001263739 compute_gflops=5.932930 eff_bw_gbs=26.553129 pct_peak_bw=2.8456 comm_avg_ms=0.086003 comm_min_ms=0.076302 comm_max_ms=0.092749 comm_var_ms=0.000008601 total_avg_ms=0.114743 total_min_ms=0.106005 total_max_ms=0.296462 total_var_ms=0.001143344 effective_gflops=1.486049
RESULT comm=checkerboard_mpi kernel=acc matrix=poisson3Da.mtx P=4 rank=3 nrows_local=6757 ncols_global=13514 nnz_local=91107 n_ghost=-1 compute_avg_ms=0.022938 compute_min_ms=0.022528 compute_max_ms=0.023552 compute_var_ms=0.000000252 compute_gflops=7.943900 eff_bw_gbs=35.310756 pct_peak_bw=3.7842 comm_avg_ms=0.074690 comm_min_ms=0.066141 comm_max_ms=0.256793 comm_var_ms=0.001147577 total_avg_ms=0.097628 total_min_ms=0.089022 total_max_ms=0.280345 total_var_ms=0.001155190 effective_gflops=1.866420
[ERROR CHECKING] OK!

--- P=4 rep=3/3 driver=spmv_2d_nccl_cusparse ---
Grid: P=4 -> P_r=2 x P_c=2
Loaded ../matrices/poisson3Da.mtx: 13514 x 13514, 352762 nnz
RESULT comm=checkerboard_nccl kernel=cusparse matrix=poisson3Da.mtx P=4 rank=0 nrows_local=6757 ncols_global=13514 nnz_local=91141 n_ghost=-1 compute_avg_ms=0.020070 compute_min_ms=0.018432 compute_max_ms=0.021504 compute_var_ms=0.000000881 compute_gflops=9.082131 eff_bw_gbs=40.368703 pct_peak_bw=4.3262 comm_avg_ms=0.058856 comm_min_ms=0.054286 comm_max_ms=0.086955 comm_var_ms=0.000043272 total_avg_ms=0.078926 total_min_ms=0.073742 total_max_ms=0.108459 total_var_ms=0.000048863 effective_gflops=2.309529
RESULT comm=checkerboard_nccl kernel=cusparse matrix=poisson3Da.mtx P=4 rank=1 nrows_local=6757 ncols_global=13514 nnz_local=85257 n_ghost=-1 compute_avg_ms=0.020378 compute_min_ms=0.018432 compute_max_ms=0.021504 compute_var_ms=0.000001003 compute_gflops=8.367718 eff_bw_gbs=37.450142 pct_peak_bw=4.0134 comm_avg_ms=0.048396 comm_min_ms=0.046527 comm_max_ms=0.050613 comm_var_ms=0.000000775 total_avg_ms=0.068774 total_min_ms=0.064959 total_max_ms=0.071327 total_var_ms=0.000002085 effective_gflops=2.479343
RESULT comm=checkerboard_nccl kernel=cusparse matrix=poisson3Da.mtx P=4 rank=2 nrows_local=6757 ncols_global=13514 nnz_local=85257 n_ghost=-1 compute_avg_ms=0.019797 compute_min_ms=0.018432 compute_max_ms=0.021504 compute_var_ms=0.000001072 compute_gflops=8.612978 eff_bw_gbs=38.547818 pct_peak_bw=4.1311 comm_avg_ms=0.061414 comm_min_ms=0.057113 comm_max_ms=0.082783 comm_var_ms=0.000018593 total_avg_ms=0.081212 total_min_ms=0.075545 total_max_ms=0.103263 total_var_ms=0.000022176 effective_gflops=2.099627
RESULT comm=checkerboard_nccl kernel=cusparse matrix=poisson3Da.mtx P=4 rank=3 nrows_local=6757 ncols_global=13514 nnz_local=91107 n_ghost=-1 compute_avg_ms=0.020480 compute_min_ms=0.018432 compute_max_ms=0.021504 compute_var_ms=0.000000979 compute_gflops=8.897168 eff_bw_gbs=39.548048 pct_peak_bw=4.2383 comm_avg_ms=0.052104 comm_min_ms=0.050473 comm_max_ms=0.055509 comm_var_ms=0.000001281 total_avg_ms=0.072584 total_min_ms=0.068905 total_max_ms=0.077013 total_var_ms=0.000003213 effective_gflops=2.510372
[ERROR CHECKING] OK!

--- P=4 rep=3/3 driver=spmv_2d_nccl_acc ---
Grid: P=4 -> P_r=2 x P_c=2
Loaded ../matrices/poisson3Da.mtx: 13514 x 13514, 352762 nnz
[kernel] acc -> LINE-ENHANCE (nnz=85257, avg_nnz=12.62, imbalance=4.20, V=2)
[kernel] acc -> LINE-ENHANCE (nnz=85257, avg_nnz=12.62, imbalance=3.96, V=2)
[kernel] acc -> LINE-ENHANCE (nnz=91107, avg_nnz=13.48, imbalance=4.30, V=2)
[kernel] acc -> LINE-ENHANCE (nnz=91141, avg_nnz=13.49, imbalance=4.30, V=2)
RESULT comm=checkerboard_nccl kernel=acc matrix=poisson3Da.mtx P=4 rank=0 nrows_local=6757 ncols_global=13514 nnz_local=91141 n_ghost=-1 compute_avg_ms=0.022767 compute_min_ms=0.022528 compute_max_ms=0.023552 compute_var_ms=0.000000188 compute_gflops=8.006436 eff_bw_gbs=35.587401 pct_peak_bw=3.8138 comm_avg_ms=0.057334 comm_min_ms=0.056022 comm_max_ms=0.061018 comm_var_ms=0.000001059 total_avg_ms=0.080101 total_min_ms=0.078550 total_max_ms=0.083546 total_var_ms=0.000001092 effective_gflops=2.275666
RESULT comm=checkerboard_nccl kernel=acc matrix=poisson3Da.mtx P=4 rank=1 nrows_local=6757 ncols_global=13514 nnz_local=85257 n_ghost=-1 compute_avg_ms=0.022938 compute_min_ms=0.022528 compute_max_ms=0.023552 compute_var_ms=0.000000252 compute_gflops=7.433820 eff_bw_gbs=33.270438 pct_peak_bw=3.5655 comm_avg_ms=0.048541 comm_min_ms=0.046825 comm_max_ms=0.051403 comm_var_ms=0.000000937 total_avg_ms=0.071479 total_min_ms=0.069353 total_max_ms=0.073931 total_var_ms=0.000001080 effective_gflops=2.385527
RESULT comm=checkerboard_nccl kernel=acc matrix=poisson3Da.mtx P=4 rank=2 nrows_local=6757 ncols_global=13514 nnz_local=85257 n_ghost=-1 compute_avg_ms=0.022050 compute_min_ms=0.021504 compute_max_ms=0.022528 compute_var_ms=0.000000261 compute_gflops=7.733014 eff_bw_gbs=34.609496 pct_peak_bw=3.7090 comm_avg_ms=0.062114 comm_min_ms=0.058383 comm_max_ms=0.064262 comm_var_ms=0.000001368 total_avg_ms=0.084164 total_min_ms=0.080911 total_max_ms=0.086790 total_var_ms=0.000001603 effective_gflops=2.025976
RESULT comm=checkerboard_nccl kernel=acc matrix=poisson3Da.mtx P=4 rank=3 nrows_local=6757 ncols_global=13514 nnz_local=91107 n_ghost=-1 compute_avg_ms=0.023211 compute_min_ms=0.022528 compute_max_ms=0.023552 compute_var_ms=0.000000233 compute_gflops=7.850442 eff_bw_gbs=34.895335 pct_peak_bw=3.7396 comm_avg_ms=0.052597 comm_min_ms=0.051362 comm_max_ms=0.054855 comm_var_ms=0.000000802 total_avg_ms=0.075808 total_min_ms=0.074040 total_max_ms=0.078407 total_var_ms=0.000001131 effective_gflops=2.403632
[ERROR CHECKING] OK!

=== Job done ===
