=== D2_final strong scaling ===
Node:     edu01
Date:     Tue Jul 21 05:14:49 PM CEST 2026
Matrix:   ../matrices/thermal2.mtx
P:        4
Reps:     3

--- P=4 rep=1/3 driver=spmv_bcast ---
Loaded ../matrices/thermal2.mtx: 1228045 x 1228045, 8580313 nnz
RESULT comm=bcast kernel=cusparse matrix=thermal2.mtx P=4 rank=0 nrows_local=307012 ncols_global=1228045 nnz_local=2144684 n_ghost=-1 compute_avg_ms=0.063829 compute_min_ms=0.062464 compute_max_ms=0.065536 compute_var_ms=0.000000513 compute_gflops=67.200577 eff_bw_gbs=384.239518 pct_peak_bw=41.1779 comm_avg_ms=1.589569 comm_min_ms=1.558196 comm_max_ms=1.619384 comm_var_ms=0.000154311 total_avg_ms=1.653398 total_min_ms=1.621684 total_max_ms=1.682872 total_var_ms=0.000158195 effective_gflops=2.594274
RESULT comm=bcast kernel=cusparse matrix=thermal2.mtx P=4 rank=1 nrows_local=307011 ncols_global=1228045 nnz_local=2145380 n_ghost=-1 compute_avg_ms=0.064375 compute_min_ms=0.063488 compute_max_ms=0.065536 compute_var_ms=0.000000331 compute_gflops=66.652100 eff_bw_gbs=381.066165 pct_peak_bw=40.8379 comm_avg_ms=2.210106 comm_min_ms=2.161537 comm_max_ms=2.247487 comm_var_ms=0.000219551 total_avg_ms=2.274482 total_min_ms=2.225025 total_max_ms=2.311999 total_var_ms=0.000220411 effective_gflops=1.886478
RESULT comm=bcast kernel=cusparse matrix=thermal2.mtx P=4 rank=2 nrows_local=307011 ncols_global=1228045 nnz_local=2145376 n_ghost=-1 compute_avg_ms=0.063625 compute_min_ms=0.062464 compute_max_ms=0.064512 compute_var_ms=0.000000331 compute_gflops=67.438641 eff_bw_gbs=385.563226 pct_peak_bw=41.3198 comm_avg_ms=2.504244 comm_min_ms=2.484208 comm_max_ms=2.600866 comm_var_ms=0.000520562 total_avg_ms=2.567869 total_min_ms=2.548720 total_max_ms=2.665378 total_var_ms=0.000522057 effective_gflops=1.670939
RESULT comm=bcast kernel=cusparse matrix=thermal2.mtx P=4 rank=3 nrows_local=307011 ncols_global=1228045 nnz_local=2144873 n_ghost=-1 compute_avg_ms=0.063010 compute_min_ms=0.062464 compute_max_ms=0.064512 compute_var_ms=0.000000331 compute_gflops=68.080257 eff_bw_gbs=389.258919 pct_peak_bw=41.7158 comm_avg_ms=2.540648 comm_min_ms=2.523360 comm_max_ms=2.617025 comm_var_ms=0.000350679 total_avg_ms=2.603658 total_min_ms=2.586848 total_max_ms=2.680513 total_var_ms=0.000351596 effective_gflops=1.647584
[ERROR CHECKING] OK!

--- P=4 rep=1/3 driver=spmv_ghost_cusparse ---
Loaded ../matrices/thermal2.mtx: 1228045 x 1228045, 8580313 nnz
RESULT comm=ghost_mpi kernel=cusparse matrix=thermal2.mtx P=4 rank=0 nrows_local=307012 ncols_global=1228045 nnz_local=2144684 n_ghost=805846 compute_avg_ms=0.072021 compute_min_ms=0.069632 compute_max_ms=0.073728 compute_var_ms=0.000000583 compute_gflops=59.556907 eff_bw_gbs=334.137154 pct_peak_bw=35.8086 comm_avg_ms=2.885416 comm_min_ms=2.325676 comm_max_ms=4.171926 comm_var_ms=0.186699283 total_avg_ms=2.957437 total_min_ms=2.398380 total_max_ms=4.243606 total_var_ms=0.186688147 effective_gflops=1.450367
RESULT comm=ghost_mpi kernel=cusparse matrix=thermal2.mtx P=4 rank=1 nrows_local=307011 ncols_global=1228045 nnz_local=2145380 n_ghost=805220 compute_avg_ms=0.072943 compute_min_ms=0.071680 compute_max_ms=0.074752 compute_var_ms=0.000000467 compute_gflops=58.823517 eff_bw_gbs=329.957326 pct_peak_bw=35.3607 comm_avg_ms=3.784092 comm_min_ms=2.737833 comm_max_ms=4.475342 comm_var_ms=0.315841019 total_avg_ms=3.857035 total_min_ms=2.811561 total_max_ms=4.547022 total_var_ms=0.315814922 effective_gflops=1.112450
RESULT comm=ghost_mpi kernel=cusparse matrix=thermal2.mtx P=4 rank=2 nrows_local=307011 ncols_global=1228045 nnz_local=2145376 n_ghost=805720 compute_avg_ms=0.071475 compute_min_ms=0.069632 compute_max_ms=0.072704 compute_var_ms=0.000000797 compute_gflops=60.031338 eff_bw_gbs=336.760490 pct_peak_bw=36.0897 comm_avg_ms=3.829720 comm_min_ms=2.572403 comm_max_ms=4.476143 comm_var_ms=0.292411394 total_avg_ms=3.901195 total_min_ms=2.644083 total_max_ms=4.547823 total_var_ms=0.292413300 effective_gflops=1.099856
RESULT comm=ghost_mpi kernel=cusparse matrix=thermal2.mtx P=4 rank=3 nrows_local=307011 ncols_global=1228045 nnz_local=2144873 n_ghost=805703 compute_avg_ms=0.071782 compute_min_ms=0.066560 compute_max_ms=0.073728 compute_var_ms=0.000001423 compute_gflops=59.760413 eff_bw_gbs=335.262284 pct_peak_bw=35.9292 comm_avg_ms=3.855758 comm_min_ms=2.809243 comm_max_ms=4.474805 comm_var_ms=0.213122303 total_avg_ms=3.927540 total_min_ms=2.880923 total_max_ms=4.546485 total_var_ms=0.213227631 effective_gflops=1.092222
[ERROR CHECKING] OK!

--- P=4 rep=1/3 driver=spmv_ghost_acc ---
Loaded ../matrices/thermal2.mtx: 1228045 x 1228045, 8580313 nnz
[kernel] acc -> LINE-ENHANCE (nnz=2145376, avg_nnz=6.99, imbalance=1.57, V=1)
[kernel] acc -> LINE-ENHANCE (nnz=2145380, avg_nnz=6.99, imbalance=1.57, V=1)
[kernel] acc -> LINE-ENHANCE (nnz=2144873, avg_nnz=6.99, imbalance=1.57, V=1)
[kernel] acc -> LINE-ENHANCE (nnz=2144684, avg_nnz=6.99, imbalance=1.57, V=1)
RESULT comm=ghost_mpi kernel=acc matrix=thermal2.mtx P=4 rank=0 nrows_local=307012 ncols_global=1228045 nnz_local=2144684 n_ghost=805846 compute_avg_ms=0.067721 compute_min_ms=0.065536 compute_max_ms=0.070656 compute_var_ms=0.000000960 compute_gflops=63.339253 eff_bw_gbs=355.357565 pct_peak_bw=38.0827 comm_avg_ms=2.558736 comm_min_ms=1.999994 comm_max_ms=3.090196 comm_var_ms=0.072927986 total_avg_ms=2.626457 total_min_ms=2.067578 total_max_ms=3.156756 total_var_ms=0.072874533 effective_gflops=1.633139
RESULT comm=ghost_mpi kernel=acc matrix=thermal2.mtx P=4 rank=2 nrows_local=307011 ncols_global=1228045 nnz_local=2145376 n_ghost=805720 compute_avg_ms=0.067550 compute_min_ms=0.066560 compute_max_ms=0.069632 compute_var_ms=0.000000663 compute_gflops=63.519770 eff_bw_gbs=356.329701 pct_peak_bw=38.1869 comm_avg_ms=3.684238 comm_min_ms=2.757197 comm_max_ms=4.430749 comm_var_ms=0.249607889 total_avg_ms=3.751788 total_min_ms=2.823757 total_max_ms=4.499357 total_var_ms=0.249726554 effective_gflops=1.143655
RESULT comm=ghost_mpi kernel=acc matrix=thermal2.mtx P=4 rank=1 nrows_local=307011 ncols_global=1228045 nnz_local=2145380 n_ghost=805220 compute_avg_ms=0.068335 compute_min_ms=0.066560 compute_max_ms=0.070656 compute_var_ms=0.000000834 compute_gflops=62.790139 eff_bw_gbs=352.207203 pct_peak_bw=37.7451 comm_avg_ms=3.739582 comm_min_ms=2.768790 comm_max_ms=4.627774 comm_var_ms=0.331439607 total_avg_ms=3.807917 total_min_ms=2.837398 total_max_ms=4.694334 total_var_ms=0.331255908 effective_gflops=1.126800
RESULT comm=ghost_mpi kernel=acc matrix=thermal2.mtx P=4 rank=3 nrows_local=307011 ncols_global=1228045 nnz_local=2144873 n_ghost=805703 compute_avg_ms=0.066867 compute_min_ms=0.061440 compute_max_ms=0.068608 compute_var_ms=0.000001898 compute_gflops=64.153217 eff_bw_gbs=359.906380 pct_peak_bw=38.5702 comm_avg_ms=3.765159 comm_min_ms=2.759006 comm_max_ms=4.626864 comm_var_ms=0.296398207 total_avg_ms=3.832027 total_min_ms=2.827614 total_max_ms=4.693424 total_var_ms=0.296359452 effective_gflops=1.119446
[ERROR CHECKING] OK!

--- P=4 rep=1/3 driver=spmv_ghost_nccl_cusparse ---
Loaded ../matrices/thermal2.mtx: 1228045 x 1228045, 8580313 nnz
RESULT comm=ghost_nccl kernel=cusparse matrix=thermal2.mtx P=4 rank=0 nrows_local=307012 ncols_global=1228045 nnz_local=2144684 n_ghost=805846 compute_avg_ms=0.071748 compute_min_ms=0.070656 compute_max_ms=0.072704 compute_var_ms=0.000000205 compute_gflops=59.783575 eff_bw_gbs=335.408846 pct_peak_bw=35.9449 comm_avg_ms=0.987364 comm_min_ms=0.660442 comm_max_ms=3.340224 comm_var_ms=0.530479675 total_avg_ms=1.059112 total_min_ms=0.731098 total_max_ms=3.411904 total_var_ms=0.530624145 effective_gflops=4.049967
RESULT comm=ghost_nccl kernel=cusparse matrix=thermal2.mtx P=4 rank=1 nrows_local=307011 ncols_global=1228045 nnz_local=2145380 n_ghost=805220 compute_avg_ms=0.072055 compute_min_ms=0.070656 compute_max_ms=0.073728 compute_var_ms=0.000000523 compute_gflops=59.548013 eff_bw_gbs=334.021226 pct_peak_bw=35.7962 comm_avg_ms=1.182374 comm_min_ms=0.846310 comm_max_ms=3.609856 comm_var_ms=0.566107135 total_avg_ms=1.254430 total_min_ms=0.917990 total_max_ms=3.682560 total_var_ms=0.566420051 effective_gflops=3.420486
RESULT comm=ghost_nccl kernel=cusparse matrix=thermal2.mtx P=4 rank=2 nrows_local=307011 ncols_global=1228045 nnz_local=2145376 n_ghost=805720 compute_avg_ms=0.070690 compute_min_ms=0.068608 compute_max_ms=0.072704 compute_var_ms=0.000000733 compute_gflops=60.698031 eff_bw_gbs=340.500468 pct_peak_bw=36.4905 comm_avg_ms=1.268310 comm_min_ms=0.926817 comm_max_ms=3.690492 comm_var_ms=0.565645649 total_avg_ms=1.339000 total_min_ms=0.997473 total_max_ms=3.762172 total_var_ms=0.565928677 effective_gflops=3.204446
RESULT comm=ghost_nccl kernel=cusparse matrix=thermal2.mtx P=4 rank=3 nrows_local=307011 ncols_global=1228045 nnz_local=2144873 n_ghost=805703 compute_avg_ms=0.071475 compute_min_ms=0.070656 compute_max_ms=0.072704 compute_var_ms=0.000000447 compute_gflops=60.017263 eff_bw_gbs=336.703239 pct_peak_bw=36.0836 comm_avg_ms=1.246761 comm_min_ms=0.907552 comm_max_ms=3.675750 comm_var_ms=0.567308820 total_avg_ms=1.318236 total_min_ms=0.979232 total_max_ms=3.748454 total_var_ms=0.567441237 effective_gflops=3.254156
[ERROR CHECKING] OK!

--- P=4 rep=1/3 driver=spmv_ghost_nccl_acc ---
Loaded ../matrices/thermal2.mtx: 1228045 x 1228045, 8580313 nnz
[kernel] acc -> LINE-ENHANCE (nnz=2145380, avg_nnz=6.99, imbalance=1.57, V=1)
[kernel] acc -> LINE-ENHANCE (nnz=2144873, avg_nnz=6.99, imbalance=1.57, V=1)
[kernel] acc -> LINE-ENHANCE (nnz=2144684, avg_nnz=6.99, imbalance=1.57, V=1)
[kernel] acc -> LINE-ENHANCE (nnz=2145376, avg_nnz=6.99, imbalance=1.57, V=1)
RESULT comm=ghost_nccl kernel=acc matrix=thermal2.mtx P=4 rank=0 nrows_local=307012 ncols_global=1228045 nnz_local=2144684 n_ghost=805846 compute_avg_ms=0.068301 compute_min_ms=0.066560 compute_max_ms=0.069632 compute_var_ms=0.000000710 compute_gflops=62.801138 eff_bw_gbs=352.338534 pct_peak_bw=37.7592 comm_avg_ms=1.027261 comm_min_ms=0.660793 comm_max_ms=3.171132 comm_var_ms=0.608230306 total_avg_ms=1.095562 total_min_ms=0.729401 total_max_ms=3.239740 total_var_ms=0.608142013 effective_gflops=3.915222
RESULT comm=ghost_nccl kernel=acc matrix=thermal2.mtx P=4 rank=2 nrows_local=307011 ncols_global=1228045 nnz_local=2145376 n_ghost=805720 compute_avg_ms=0.067857 compute_min_ms=0.066560 compute_max_ms=0.069632 compute_var_ms=0.000000764 compute_gflops=63.232205 eff_bw_gbs=354.716538 pct_peak_bw=38.0140 comm_avg_ms=1.292225 comm_min_ms=0.914238 comm_max_ms=3.467946 comm_var_ms=0.616214513 total_avg_ms=1.360083 total_min_ms=0.982846 total_max_ms=3.535530 total_var_ms=0.616128522 effective_gflops=3.154773
RESULT comm=ghost_nccl kernel=acc matrix=thermal2.mtx P=4 rank=1 nrows_local=307011 ncols_global=1228045 nnz_local=2145380 n_ghost=805220 compute_avg_ms=0.068745 compute_min_ms=0.067584 compute_max_ms=0.069632 compute_var_ms=0.000000471 compute_gflops=62.416017 eff_bw_gbs=350.108649 pct_peak_bw=37.5202 comm_avg_ms=1.206677 comm_min_ms=0.844373 comm_max_ms=3.384848 comm_var_ms=0.617973884 total_avg_ms=1.275421 total_min_ms=0.912981 total_max_ms=3.453456 total_var_ms=0.617939592 effective_gflops=3.364190
RESULT comm=ghost_nccl kernel=acc matrix=thermal2.mtx P=4 rank=3 nrows_local=307011 ncols_global=1228045 nnz_local=2144873 n_ghost=805703 compute_avg_ms=0.067209 compute_min_ms=0.065536 compute_max_ms=0.068608 compute_var_ms=0.000000733 compute_gflops=63.827401 eff_bw_gbs=358.078516 pct_peak_bw=38.3743 comm_avg_ms=1.269873 comm_min_ms=0.907955 comm_max_ms=3.439120 comm_var_ms=0.618286111 total_avg_ms=1.337081 total_min_ms=0.975539 total_max_ms=3.505680 total_var_ms=0.618169904 effective_gflops=3.208292
[ERROR CHECKING] OK!

--- P=4 rep=1/3 driver=spmv_2d_cusparse ---
Grid: P=4 -> P_r=2 x P_c=2
Loaded ../matrices/thermal2.mtx: 1228045 x 1228045, 8580313 nnz
RESULT comm=checkerboard_mpi kernel=cusparse matrix=thermal2.mtx P=4 rank=0 nrows_local=614023 ncols_global=1228045 nnz_local=2363915 n_ghost=-1 compute_avg_ms=0.072124 compute_min_ms=0.070656 compute_max_ms=0.074752 compute_var_ms=0.000000677 compute_gflops=65.551652 eff_bw_gbs=364.368260 pct_peak_bw=39.0484 comm_avg_ms=2.106022 comm_min_ms=2.091629 comm_max_ms=2.130305 comm_var_ms=0.000080973 total_avg_ms=2.178145 total_min_ms=2.163309 total_max_ms=2.201985 total_var_ms=0.000081693 effective_gflops=2.170576
RESULT comm=checkerboard_mpi kernel=cusparse matrix=thermal2.mtx P=4 rank=1 nrows_local=614023 ncols_global=1228045 nnz_local=1926145 n_ghost=-1 compute_avg_ms=0.064000 compute_min_ms=0.062464 compute_max_ms=0.070656 compute_var_ms=0.000002010 compute_gflops=60.192032 eff_bw_gbs=355.897441 pct_peak_bw=38.1406 comm_avg_ms=1.622502 comm_min_ms=1.608402 comm_max_ms=1.642641 comm_var_ms=0.000091973 total_avg_ms=1.686502 total_min_ms=1.672914 total_max_ms=1.707153 total_var_ms=0.000088655 effective_gflops=2.284190
RESULT comm=checkerboard_mpi kernel=cusparse matrix=thermal2.mtx P=4 rank=2 nrows_local=614022 ncols_global=1228045 nnz_local=1926145 n_ghost=-1 compute_avg_ms=0.067106 compute_min_ms=0.065536 compute_max_ms=0.069632 compute_var_ms=0.000000820 compute_gflops=57.405930 eff_bw_gbs=339.423995 pct_peak_bw=36.3752 comm_avg_ms=4.988682 comm_min_ms=4.962657 comm_max_ms=5.013338 comm_var_ms=0.000209516 total_avg_ms=5.055788 total_min_ms=5.029217 total_max_ms=5.079898 total_var_ms=0.000207745 effective_gflops=0.761956
RESULT comm=checkerboard_mpi kernel=cusparse matrix=thermal2.mtx P=4 rank=3 nrows_local=614022 ncols_global=1228045 nnz_local=2364108 n_ghost=-1 compute_avg_ms=0.068847 compute_min_ms=0.067584 compute_max_ms=0.069632 compute_var_ms=0.000000327 compute_gflops=68.677219 eff_bw_gbs=381.732786 pct_peak_bw=40.9093 comm_avg_ms=4.275931 comm_min_ms=4.254888 comm_max_ms=4.302839 comm_var_ms=0.000117601 total_avg_ms=4.344777 total_min_ms=4.324520 total_max_ms=4.371447 total_var_ms=0.000115153 effective_gflops=1.088253
[ERROR CHECKING] OK!

--- P=4 rep=1/3 driver=spmv_2d_acc ---
Grid: P=4 -> P_r=2 x P_c=2
Loaded ../matrices/thermal2.mtx: 1228045 x 1228045, 8580313 nnz
[kernel] acc -> LINE-ENHANCE (nnz=1926145, avg_nnz=3.14, imbalance=2.55, V=1)
[kernel] acc -> LINE-ENHANCE (nnz=2364108, avg_nnz=3.85, imbalance=2.34, V=1)
[kernel] acc -> LINE-ENHANCE (nnz=1926145, avg_nnz=3.14, imbalance=2.87, V=1)
[kernel] acc -> LINE-ENHANCE (nnz=2363915, avg_nnz=3.85, imbalance=2.34, V=1)
RESULT comm=checkerboard_mpi kernel=acc matrix=thermal2.mtx P=4 rank=0 nrows_local=614023 ncols_global=1228045 nnz_local=2363915 n_ghost=-1 compute_avg_ms=0.063522 compute_min_ms=0.062464 compute_max_ms=0.067584 compute_var_ms=0.000000943 compute_gflops=74.428074 eff_bw_gbs=413.707774 pct_peak_bw=44.3360 comm_avg_ms=2.369686 comm_min_ms=2.357137 comm_max_ms=2.400790 comm_var_ms=0.000091513 total_avg_ms=2.433208 total_min_ms=2.421649 total_max_ms=2.463254 total_var_ms=0.000088369 effective_gflops=1.943044
RESULT comm=checkerboard_mpi kernel=acc matrix=thermal2.mtx P=4 rank=1 nrows_local=614023 ncols_global=1228045 nnz_local=1926145 n_ghost=-1 compute_avg_ms=0.058948 compute_min_ms=0.057344 compute_max_ms=0.060416 compute_var_ms=0.000000397 compute_gflops=65.350351 eff_bw_gbs=386.397035 pct_peak_bw=41.4091 comm_avg_ms=1.882731 comm_min_ms=1.864465 comm_max_ms=1.916377 comm_var_ms=0.000119197 total_avg_ms=1.941679 total_min_ms=1.923857 total_max_ms=1.975769 total_var_ms=0.000119465 effective_gflops=1.983999
RESULT comm=checkerboard_mpi kernel=acc matrix=thermal2.mtx P=4 rank=2 nrows_local=614022 ncols_global=1228045 nnz_local=1926145 n_ghost=-1 compute_avg_ms=0.060416 compute_min_ms=0.059392 compute_max_ms=0.063488 compute_var_ms=0.000000629 compute_gflops=63.762744 eff_bw_gbs=377.009923 pct_peak_bw=40.4032 comm_avg_ms=5.127881 comm_min_ms=5.097672 comm_max_ms=5.216282 comm_var_ms=0.000578628 total_avg_ms=5.188297 total_min_ms=5.157064 total_max_ms=5.276698 total_var_ms=0.000575415 effective_gflops=0.742496
RESULT comm=checkerboard_mpi kernel=acc matrix=thermal2.mtx P=4 rank=3 nrows_local=614022 ncols_global=1228045 nnz_local=2364108 n_ghost=-1 compute_avg_ms=0.062396 compute_min_ms=0.060416 compute_max_ms=0.063488 compute_var_ms=0.000000415 compute_gflops=75.777875 eff_bw_gbs=421.200795 pct_peak_bw=45.1390 comm_avg_ms=4.396459 comm_min_ms=4.367970 comm_max_ms=4.485080 comm_var_ms=0.000526503 total_avg_ms=4.458854 total_min_ms=4.430434 total_max_ms=4.547544 total_var_ms=0.000525235 effective_gflops=1.060411
[ERROR CHECKING] OK!

--- P=4 rep=1/3 driver=spmv_2d_nccl_cusparse ---
Grid: P=4 -> P_r=2 x P_c=2
Loaded ../matrices/thermal2.mtx: 1228045 x 1228045, 8580313 nnz
RESULT comm=checkerboard_nccl kernel=cusparse matrix=thermal2.mtx P=4 rank=1 nrows_local=614023 ncols_global=1228045 nnz_local=1926145 n_ghost=-1 compute_avg_ms=0.064102 compute_min_ms=0.062464 compute_max_ms=0.065536 compute_var_ms=0.000000391 compute_gflops=60.095878 eff_bw_gbs=355.328915 pct_peak_bw=38.0797 comm_avg_ms=0.333370 comm_min_ms=0.327701 comm_max_ms=0.337863 comm_var_ms=0.000007683 total_avg_ms=0.397472 total_min_ms=0.392213 total_max_ms=0.402375 total_var_ms=0.000007589 effective_gflops=9.691975
RESULT comm=checkerboard_nccl kernel=cusparse matrix=thermal2.mtx P=4 rank=2 nrows_local=614022 ncols_global=1228045 nnz_local=1926145 n_ghost=-1 compute_avg_ms=0.063351 compute_min_ms=0.062464 compute_max_ms=0.064512 compute_var_ms=0.000000331 compute_gflops=60.808222 eff_bw_gbs=359.540726 pct_peak_bw=38.5310 comm_avg_ms=0.460153 comm_min_ms=0.451227 comm_max_ms=0.470903 comm_var_ms=0.000021665 total_avg_ms=0.523505 total_min_ms=0.514715 total_max_ms=0.534391 total_var_ms=0.000020652 effective_gflops=7.358652
RESULT comm=checkerboard_nccl kernel=cusparse matrix=thermal2.mtx P=4 rank=0 nrows_local=614023 ncols_global=1228045 nnz_local=2363915 n_ghost=-1 compute_avg_ms=0.068881 compute_min_ms=0.067584 compute_max_ms=0.069632 compute_var_ms=0.000000415 compute_gflops=68.637583 eff_bw_gbs=381.521380 pct_peak_bw=40.8866 comm_avg_ms=0.394434 comm_min_ms=0.383859 comm_max_ms=0.429156 comm_var_ms=0.000065484 total_avg_ms=0.463315 total_min_ms=0.452467 total_max_ms=0.496740 total_var_ms=0.000061086 effective_gflops=10.204359
RESULT comm=checkerboard_nccl kernel=cusparse matrix=thermal2.mtx P=4 rank=3 nrows_local=614022 ncols_global=1228045 nnz_local=2364108 n_ghost=-1 compute_avg_ms=0.068403 compute_min_ms=0.066560 compute_max_ms=0.070656 compute_var_ms=0.000000517 compute_gflops=69.122730 eff_bw_gbs=384.209097 pct_peak_bw=41.1747 comm_avg_ms=0.388919 comm_min_ms=0.382560 comm_max_ms=0.397026 comm_var_ms=0.000012548 total_avg_ms=0.457322 total_min_ms=0.450518 total_max_ms=0.465634 total_var_ms=0.000012991 effective_gflops=10.338913
[ERROR CHECKING] OK!

--- P=4 rep=1/3 driver=spmv_2d_nccl_acc ---
Grid: P=4 -> P_r=2 x P_c=2
Loaded ../matrices/thermal2.mtx: 1228045 x 1228045, 8580313 nnz
[kernel] acc -> LINE-ENHANCE (nnz=1926145, avg_nnz=3.14, imbalance=2.55, V=1)
[kernel] acc -> LINE-ENHANCE (nnz=2364108, avg_nnz=3.85, imbalance=2.34, V=1)
[kernel] acc -> LINE-ENHANCE (nnz=1926145, avg_nnz=3.14, imbalance=2.87, V=1)
[kernel] acc -> LINE-ENHANCE (nnz=2363915, avg_nnz=3.85, imbalance=2.34, V=1)
RESULT comm=checkerboard_nccl kernel=acc matrix=thermal2.mtx P=4 rank=0 nrows_local=614023 ncols_global=1228045 nnz_local=2363915 n_ghost=-1 compute_avg_ms=0.063522 compute_min_ms=0.062464 compute_max_ms=0.067584 compute_var_ms=0.000000873 compute_gflops=74.428074 eff_bw_gbs=413.707774 pct_peak_bw=44.3360 comm_avg_ms=0.398043 comm_min_ms=0.367469 comm_max_ms=0.410804 comm_var_ms=0.000054160 total_avg_ms=0.461565 total_min_ms=0.429933 total_max_ms=0.473268 total_var_ms=0.000058353 effective_gflops=10.243034
RESULT comm=checkerboard_nccl kernel=acc matrix=thermal2.mtx P=4 rank=1 nrows_local=614023 ncols_global=1228045 nnz_local=1926145 n_ghost=-1 compute_avg_ms=0.059187 compute_min_ms=0.058368 compute_max_ms=0.063488 compute_var_ms=0.000001077 compute_gflops=65.086538 eff_bw_gbs=384.837186 pct_peak_bw=41.2420 comm_avg_ms=0.338215 comm_min_ms=0.331911 comm_max_ms=0.342904 comm_var_ms=0.000009230 total_avg_ms=0.397402 total_min_ms=0.390455 total_max_ms=0.404773 total_var_ms=0.000010946 effective_gflops=9.693688
RESULT comm=checkerboard_nccl kernel=acc matrix=thermal2.mtx P=4 rank=2 nrows_local=614022 ncols_global=1228045 nnz_local=1926145 n_ghost=-1 compute_avg_ms=0.060211 compute_min_ms=0.058368 compute_max_ms=0.061440 compute_var_ms=0.000000517 compute_gflops=63.979624 eff_bw_gbs=378.292270 pct_peak_bw=40.5406 comm_avg_ms=0.464076 comm_min_ms=0.454090 comm_max_ms=0.472139 comm_var_ms=0.000023236 total_avg_ms=0.524287 total_min_ms=0.515530 total_max_ms=0.532555 total_var_ms=0.000021522 effective_gflops=7.347672
RESULT comm=checkerboard_nccl kernel=acc matrix=thermal2.mtx P=4 rank=3 nrows_local=614022 ncols_global=1228045 nnz_local=2364108 n_ghost=-1 compute_avg_ms=0.062737 compute_min_ms=0.062464 compute_max_ms=0.063488 compute_var_ms=0.000000205 compute_gflops=75.365591 eff_bw_gbs=418.909169 pct_peak_bw=44.8934 comm_avg_ms=0.393114 comm_min_ms=0.386599 comm_max_ms=0.401126 comm_var_ms=0.000013201 total_avg_ms=0.455851 total_min_ms=0.449063 total_max_ms=0.463590 total_var_ms=0.000012358 effective_gflops=10.372289
[ERROR CHECKING] OK!

--- P=4 rep=2/3 driver=spmv_bcast ---
Loaded ../matrices/thermal2.mtx: 1228045 x 1228045, 8580313 nnz
RESULT comm=bcast kernel=cusparse matrix=thermal2.mtx P=4 rank=0 nrows_local=307012 ncols_global=1228045 nnz_local=2144684 n_ghost=-1 compute_avg_ms=0.063932 compute_min_ms=0.062464 compute_max_ms=0.065536 compute_var_ms=0.000000607 compute_gflops=67.092942 eff_bw_gbs=383.624078 pct_peak_bw=41.1120 comm_avg_ms=1.564445 comm_min_ms=1.536837 comm_max_ms=1.581972 comm_var_ms=0.000093506 total_avg_ms=1.628377 total_min_ms=1.602373 total_max_ms=1.646484 total_var_ms=0.000090062 effective_gflops=2.634138
RESULT comm=bcast kernel=cusparse matrix=thermal2.mtx P=4 rank=1 nrows_local=307011 ncols_global=1228045 nnz_local=2145380 n_ghost=-1 compute_avg_ms=0.064102 compute_min_ms=0.063488 compute_max_ms=0.064512 compute_var_ms=0.000000252 compute_gflops=66.936028 eff_bw_gbs=382.689451 pct_peak_bw=41.0118 comm_avg_ms=2.207442 comm_min_ms=2.129751 comm_max_ms=2.239521 comm_var_ms=0.000301566 total_avg_ms=2.271544 total_min_ms=2.193239 total_max_ms=2.303009 total_var_ms=0.000303268 effective_gflops=1.888918
RESULT comm=bcast kernel=cusparse matrix=thermal2.mtx P=4 rank=2 nrows_local=307011 ncols_global=1228045 nnz_local=2145376 n_ghost=-1 compute_avg_ms=0.063590 compute_min_ms=0.062464 compute_max_ms=0.064512 compute_var_ms=0.000000304 compute_gflops=67.474840 eff_bw_gbs=385.770184 pct_peak_bw=41.3420 comm_avg_ms=2.503732 comm_min_ms=2.484178 comm_max_ms=2.628401 comm_var_ms=0.000664424 total_avg_ms=2.567323 total_min_ms=2.546642 total_max_ms=2.692913 total_var_ms=0.000673260 effective_gflops=1.671294
RESULT comm=bcast kernel=cusparse matrix=thermal2.mtx P=4 rank=3 nrows_local=307011 ncols_global=1228045 nnz_local=2144873 n_ghost=-1 compute_avg_ms=0.063078 compute_min_ms=0.061440 compute_max_ms=0.064512 compute_var_ms=0.000000391 compute_gflops=68.006577 eff_bw_gbs=388.837643 pct_peak_bw=41.6707 comm_avg_ms=2.524853 comm_min_ms=2.505047 comm_max_ms=2.589430 comm_var_ms=0.000296383 total_avg_ms=2.587931 total_min_ms=2.568535 total_max_ms=2.652918 total_var_ms=0.000294189 effective_gflops=1.657596
[ERROR CHECKING] OK!

--- P=4 rep=2/3 driver=spmv_ghost_cusparse ---
Loaded ../matrices/thermal2.mtx: 1228045 x 1228045, 8580313 nnz
RESULT comm=ghost_mpi kernel=cusparse matrix=thermal2.mtx P=4 rank=0 nrows_local=307012 ncols_global=1228045 nnz_local=2144684 n_ghost=805846 compute_avg_ms=0.071953 compute_min_ms=0.070656 compute_max_ms=0.072704 compute_var_ms=0.000000694 compute_gflops=59.613413 eff_bw_gbs=334.454172 pct_peak_bw=35.8426 comm_avg_ms=2.736623 comm_min_ms=1.965347 comm_max_ms=4.186145 comm_var_ms=0.226685418 total_avg_ms=2.808576 total_min_ms=2.038051 total_max_ms=4.257825 total_var_ms=0.226504640 effective_gflops=1.527239
RESULT comm=ghost_mpi kernel=cusparse matrix=thermal2.mtx P=4 rank=1 nrows_local=307011 ncols_global=1228045 nnz_local=2145380 n_ghost=805220 compute_avg_ms=0.072704 compute_min_ms=0.071680 compute_max_ms=0.074752 compute_var_ms=0.000000350 compute_gflops=59.016834 eff_bw_gbs=331.041693 pct_peak_bw=35.4769 comm_avg_ms=3.792723 comm_min_ms=2.825266 comm_max_ms=4.757012 comm_var_ms=0.373441133 total_avg_ms=3.865427 total_min_ms=2.897970 total_max_ms=4.829716 total_var_ms=0.373245496 effective_gflops=1.110035
RESULT comm=ghost_mpi kernel=cusparse matrix=thermal2.mtx P=4 rank=2 nrows_local=307011 ncols_global=1228045 nnz_local=2145376 n_ghost=805720 compute_avg_ms=0.071407 compute_min_ms=0.069632 compute_max_ms=0.075776 compute_var_ms=0.000001184 compute_gflops=60.088729 eff_bw_gbs=337.082441 pct_peak_bw=36.1242 comm_avg_ms=3.834334 comm_min_ms=2.830775 comm_max_ms=4.505521 comm_var_ms=0.281181634 total_avg_ms=3.905741 total_min_ms=2.902455 total_max_ms=4.577201 total_var_ms=0.281214003 effective_gflops=1.098576
RESULT comm=ghost_mpi kernel=cusparse matrix=thermal2.mtx P=4 rank=3 nrows_local=307011 ncols_global=1228045 nnz_local=2144873 n_ghost=805703 compute_avg_ms=0.072260 compute_min_ms=0.070656 compute_max_ms=0.073728 compute_var_ms=0.000000607 compute_gflops=59.365210 eff_bw_gbs=333.045149 pct_peak_bw=35.6916 comm_avg_ms=3.869758 comm_min_ms=2.830525 comm_max_ms=4.756088 comm_var_ms=0.327188296 total_avg_ms=3.942018 total_min_ms=2.902205 total_max_ms=4.828792 total_var_ms=0.327490117 effective_gflops=1.088211
[ERROR CHECKING] OK!

--- P=4 rep=2/3 driver=spmv_ghost_acc ---
Loaded ../matrices/thermal2.mtx: 1228045 x 1228045, 8580313 nnz
[kernel] acc -> LINE-ENHANCE (nnz=2145380, avg_nnz=6.99, imbalance=1.57, V=1)
[kernel] acc -> LINE-ENHANCE (nnz=2144873, avg_nnz=6.99, imbalance=1.57, V=1)
[kernel] acc -> LINE-ENHANCE (nnz=2144684, avg_nnz=6.99, imbalance=1.57, V=1)
[kernel] acc -> LINE-ENHANCE (nnz=2145376, avg_nnz=6.99, imbalance=1.57, V=1)
RESULT comm=ghost_mpi kernel=acc matrix=thermal2.mtx P=4 rank=0 nrows_local=307012 ncols_global=1228045 nnz_local=2144684 n_ghost=805846 compute_avg_ms=0.068028 compute_min_ms=0.066560 compute_max_ms=0.069632 compute_var_ms=0.000000677 compute_gflops=63.053225 eff_bw_gbs=353.752838 pct_peak_bw=37.9108 comm_avg_ms=2.659010 comm_min_ms=2.007075 comm_max_ms=3.493898 comm_var_ms=0.123082596 total_avg_ms=2.727038 total_min_ms=2.074659 total_max_ms=3.561482 total_var_ms=0.123145775 effective_gflops=1.572904
RESULT comm=ghost_mpi kernel=acc matrix=thermal2.mtx P=4 rank=2 nrows_local=307011 ncols_global=1228045 nnz_local=2145376 n_ghost=805720 compute_avg_ms=0.067652 compute_min_ms=0.066560 compute_max_ms=0.069632 compute_var_ms=0.000001114 compute_gflops=63.423625 eff_bw_gbs=355.790352 pct_peak_bw=38.1291 comm_avg_ms=3.384101 comm_min_ms=2.355722 comm_max_ms=4.540704 comm_var_ms=0.307131734 total_avg_ms=3.451753 total_min_ms=2.423306 total_max_ms=4.608288 total_var_ms=0.306877411 effective_gflops=1.243065
RESULT comm=ghost_mpi kernel=acc matrix=thermal2.mtx P=4 rank=1 nrows_local=307011 ncols_global=1228045 nnz_local=2145380 n_ghost=805220 compute_avg_ms=0.068506 compute_min_ms=0.066560 compute_max_ms=0.069632 compute_var_ms=0.000000654 compute_gflops=62.633711 eff_bw_gbs=351.329756 pct_peak_bw=37.6511 comm_avg_ms=3.502761 comm_min_ms=2.804904 comm_max_ms=4.577097 comm_var_ms=0.260058920 total_avg_ms=3.571267 total_min_ms=2.873512 total_max_ms=4.646729 total_var_ms=0.259981475 effective_gflops=1.201467
RESULT comm=ghost_mpi kernel=acc matrix=thermal2.mtx P=4 rank=3 nrows_local=307011 ncols_global=1228045 nnz_local=2144873 n_ghost=805703 compute_avg_ms=0.067072 compute_min_ms=0.065536 compute_max_ms=0.068608 compute_var_ms=0.000000751 compute_gflops=63.957329 eff_bw_gbs=358.807429 pct_peak_bw=38.4524 comm_avg_ms=3.495857 comm_min_ms=2.789347 comm_max_ms=4.577010 comm_var_ms=0.257786124 total_avg_ms=3.562929 total_min_ms=2.854883 total_max_ms=4.645618 total_var_ms=0.257885250 effective_gflops=1.203994
[ERROR CHECKING] OK!

--- P=4 rep=2/3 driver=spmv_ghost_nccl_cusparse ---
Loaded ../matrices/thermal2.mtx: 1228045 x 1228045, 8580313 nnz
RESULT comm=ghost_nccl kernel=cusparse matrix=thermal2.mtx P=4 rank=0 nrows_local=307012 ncols_global=1228045 nnz_local=2144684 n_ghost=805846 compute_avg_ms=0.071885 compute_min_ms=0.070656 compute_max_ms=0.072704 compute_var_ms=0.000000377 compute_gflops=59.670026 eff_bw_gbs=334.771792 pct_peak_bw=35.8766 comm_avg_ms=1.062775 comm_min_ms=0.660789 comm_max_ms=5.816103 comm_var_ms=1.241019905 total_avg_ms=1.134659 total_min_ms=0.732469 total_max_ms=5.887783 total_var_ms=1.241049160 effective_gflops=3.780313
RESULT comm=ghost_nccl kernel=cusparse matrix=thermal2.mtx P=4 rank=1 nrows_local=307011 ncols_global=1228045 nnz_local=2145380 n_ghost=805220 compute_avg_ms=0.072329 compute_min_ms=0.070656 compute_max_ms=0.073728 compute_var_ms=0.000000593 compute_gflops=59.323198 eff_bw_gbs=332.760173 pct_peak_bw=35.6610 comm_avg_ms=1.257648 comm_min_ms=0.847923 comm_max_ms=6.028219 comm_var_ms=1.247570274 total_avg_ms=1.329977 total_min_ms=0.920627 total_max_ms=6.099899 total_var_ms=1.247470402 effective_gflops=3.226192
RESULT comm=ghost_nccl kernel=cusparse matrix=thermal2.mtx P=4 rank=2 nrows_local=307011 ncols_global=1228045 nnz_local=2145376 n_ghost=805720 compute_avg_ms=0.070349 compute_min_ms=0.069632 compute_max_ms=0.071680 compute_var_ms=0.000000500 compute_gflops=60.992539 eff_bw_gbs=342.152581 pct_peak_bw=36.6676 comm_avg_ms=1.341172 comm_min_ms=0.931221 comm_max_ms=6.115106 comm_var_ms=1.249377350 total_avg_ms=1.411521 total_min_ms=1.002901 total_max_ms=6.185762 total_var_ms=1.249356911 effective_gflops=3.039807
RESULT comm=ghost_nccl kernel=cusparse matrix=thermal2.mtx P=4 rank=3 nrows_local=307011 ncols_global=1228045 nnz_local=2144873 n_ghost=805703 compute_avg_ms=0.071987 compute_min_ms=0.070656 compute_max_ms=0.072704 compute_var_ms=0.000000360 compute_gflops=59.590398 eff_bw_gbs=334.308479 pct_peak_bw=35.8270 comm_avg_ms=1.320124 comm_min_ms=0.912520 comm_max_ms=6.094596 comm_var_ms=1.249486896 total_avg_ms=1.392111 total_min_ms=0.984200 total_max_ms=6.166276 total_var_ms=1.249439943 effective_gflops=3.081469
[ERROR CHECKING] OK!

--- P=4 rep=2/3 driver=spmv_ghost_nccl_acc ---
Loaded ../matrices/thermal2.mtx: 1228045 x 1228045, 8580313 nnz
[kernel] acc -> LINE-ENHANCE (nnz=2145380, avg_nnz=6.99, imbalance=1.57, V=1)
[kernel] acc -> LINE-ENHANCE (nnz=2144873, avg_nnz=6.99, imbalance=1.57, V=1)
[kernel] acc -> LINE-ENHANCE (nnz=2144684, avg_nnz=6.99, imbalance=1.57, V=1)
[kernel] acc -> LINE-ENHANCE (nnz=2145376, avg_nnz=6.99, imbalance=1.57, V=1)
RESULT comm=ghost_nccl kernel=acc matrix=thermal2.mtx P=4 rank=0 nrows_local=307012 ncols_global=1228045 nnz_local=2144684 n_ghost=805846 compute_avg_ms=0.068471 compute_min_ms=0.066560 compute_max_ms=0.070656 compute_var_ms=0.000000750 compute_gflops=62.644604 eff_bw_gbs=351.460322 pct_peak_bw=37.6651 comm_avg_ms=1.505459 comm_min_ms=0.665570 comm_max_ms=5.470733 comm_var_ms=1.753158419 total_avg_ms=1.573930 total_min_ms=0.732130 total_max_ms=5.539341 total_var_ms=1.752835995 effective_gflops=2.725259
RESULT comm=ghost_nccl kernel=acc matrix=thermal2.mtx P=4 rank=2 nrows_local=307011 ncols_global=1228045 nnz_local=2145376 n_ghost=805720 compute_avg_ms=0.068164 compute_min_ms=0.066560 compute_max_ms=0.069632 compute_var_ms=0.000000887 compute_gflops=62.947233 eff_bw_gbs=353.117915 pct_peak_bw=37.8427 comm_avg_ms=1.790208 comm_min_ms=0.919692 comm_max_ms=5.844539 comm_var_ms=1.821735634 total_avg_ms=1.858373 total_min_ms=0.987276 total_max_ms=5.913147 total_var_ms=1.822002149 effective_gflops=2.308876
RESULT comm=ghost_nccl kernel=acc matrix=thermal2.mtx P=4 rank=1 nrows_local=307011 ncols_global=1228045 nnz_local=2145380 n_ghost=805220 compute_avg_ms=0.068506 compute_min_ms=0.067584 compute_max_ms=0.069632 compute_var_ms=0.000000444 compute_gflops=62.633711 eff_bw_gbs=351.329756 pct_peak_bw=37.6511 comm_avg_ms=1.711353 comm_min_ms=0.846829 comm_max_ms=5.787200 comm_var_ms=1.832299283 total_avg_ms=1.779859 total_min_ms=0.915437 total_max_ms=5.856832 total_var_ms=1.832452705 effective_gflops=2.410730
RESULT comm=ghost_nccl kernel=acc matrix=thermal2.mtx P=4 rank=3 nrows_local=307011 ncols_global=1228045 nnz_local=2144873 n_ghost=805703 compute_avg_ms=0.067174 compute_min_ms=0.064512 compute_max_ms=0.069632 compute_var_ms=0.000000811 compute_gflops=63.859833 eff_bw_gbs=358.260466 pct_peak_bw=38.3938 comm_avg_ms=1.771492 comm_min_ms=0.912317 comm_max_ms=5.839116 comm_var_ms=1.828138252 total_avg_ms=1.838667 total_min_ms=0.979901 total_max_ms=5.905676 total_var_ms=1.828052000 effective_gflops=2.333074
[ERROR CHECKING] OK!

--- P=4 rep=2/3 driver=spmv_2d_cusparse ---
Grid: P=4 -> P_r=2 x P_c=2
Loaded ../matrices/thermal2.mtx: 1228045 x 1228045, 8580313 nnz
RESULT comm=checkerboard_mpi kernel=cusparse matrix=thermal2.mtx P=4 rank=0 nrows_local=614023 ncols_global=1228045 nnz_local=2363915 n_ghost=-1 compute_avg_ms=0.070895 compute_min_ms=0.068608 compute_max_ms=0.072704 compute_var_ms=0.000000957 compute_gflops=66.687839 eff_bw_gbs=370.683745 pct_peak_bw=39.7252 comm_avg_ms=2.219636 comm_min_ms=2.205168 comm_max_ms=2.254255 comm_var_ms=0.000110438 total_avg_ms=2.290531 total_min_ms=2.277872 total_max_ms=2.325935 total_var_ms=0.000113001 effective_gflops=2.064076
RESULT comm=checkerboard_mpi kernel=cusparse matrix=thermal2.mtx P=4 rank=1 nrows_local=614023 ncols_global=1228045 nnz_local=1926145 n_ghost=-1 compute_avg_ms=0.063932 compute_min_ms=0.062464 compute_max_ms=0.064512 compute_var_ms=0.000000397 compute_gflops=60.256305 eff_bw_gbs=356.277471 pct_peak_bw=38.1813 comm_avg_ms=1.730790 comm_min_ms=1.713214 comm_max_ms=1.764200 comm_var_ms=0.000110402 total_avg_ms=1.794722 total_min_ms=1.775678 total_max_ms=1.828712 total_var_ms=0.000111575 effective_gflops=2.146455
RESULT comm=checkerboard_mpi kernel=cusparse matrix=thermal2.mtx P=4 rank=2 nrows_local=614022 ncols_global=1228045 nnz_local=1926145 n_ghost=-1 compute_avg_ms=0.065604 compute_min_ms=0.063488 compute_max_ms=0.067584 compute_var_ms=0.000000764 compute_gflops=58.720114 eff_bw_gbs=347.194370 pct_peak_bw=37.2079 comm_avg_ms=4.440033 comm_min_ms=4.419104 comm_max_ms=4.464784 comm_var_ms=0.000121833 total_avg_ms=4.505637 total_min_ms=4.482592 total_max_ms=4.530320 total_var_ms=0.000121243 effective_gflops=0.854993
RESULT comm=checkerboard_mpi kernel=cusparse matrix=thermal2.mtx P=4 rank=3 nrows_local=614022 ncols_global=1228045 nnz_local=2364108 n_ghost=-1 compute_avg_ms=0.068267 compute_min_ms=0.067584 compute_max_ms=0.069632 compute_var_ms=0.000000303 compute_gflops=69.260976 eff_bw_gbs=384.977515 pct_peak_bw=41.2570 comm_avg_ms=3.727639 comm_min_ms=3.708950 comm_max_ms=3.752605 comm_var_ms=0.000130830 total_avg_ms=3.795906 total_min_ms=3.777558 total_max_ms=3.821213 total_var_ms=0.000134878 effective_gflops=1.245609
[ERROR CHECKING] OK!

--- P=4 rep=2/3 driver=spmv_2d_acc ---
Grid: P=4 -> P_r=2 x P_c=2
Loaded ../matrices/thermal2.mtx: 1228045 x 1228045, 8580313 nnz
[kernel] acc -> LINE-ENHANCE (nnz=1926145, avg_nnz=3.14, imbalance=2.55, V=1)
[kernel] acc -> LINE-ENHANCE (nnz=2364108, avg_nnz=3.85, imbalance=2.34, V=1)
[kernel] acc -> LINE-ENHANCE (nnz=1926145, avg_nnz=3.14, imbalance=2.87, V=1)
[kernel] acc -> LINE-ENHANCE (nnz=2363915, avg_nnz=3.85, imbalance=2.34, V=1)
RESULT comm=checkerboard_mpi kernel=acc matrix=thermal2.mtx P=4 rank=0 nrows_local=614023 ncols_global=1228045 nnz_local=2363915 n_ghost=-1 compute_avg_ms=0.063420 compute_min_ms=0.062464 compute_max_ms=0.067584 compute_var_ms=0.000000904 compute_gflops=74.548249 eff_bw_gbs=414.375763 pct_peak_bw=44.4076 comm_avg_ms=2.072345 comm_min_ms=2.057300 comm_max_ms=2.114127 comm_var_ms=0.000143837 total_avg_ms=2.135765 total_min_ms=2.120788 total_max_ms=2.176591 total_var_ms=0.000139120 effective_gflops=2.213648
RESULT comm=checkerboard_mpi kernel=acc matrix=thermal2.mtx P=4 rank=1 nrows_local=614023 ncols_global=1228045 nnz_local=1926145 n_ghost=-1 compute_avg_ms=0.058948 compute_min_ms=0.058368 compute_max_ms=0.060416 compute_var_ms=0.000000327 compute_gflops=65.350351 eff_bw_gbs=386.397035 pct_peak_bw=41.4091 comm_avg_ms=1.574241 comm_min_ms=1.558559 comm_max_ms=1.611503 comm_var_ms=0.000114640 total_avg_ms=1.633190 total_min_ms=1.616927 total_max_ms=1.670895 total_var_ms=0.000115260 effective_gflops=2.358752
RESULT comm=checkerboard_mpi kernel=acc matrix=thermal2.mtx P=4 rank=2 nrows_local=614022 ncols_global=1228045 nnz_local=1926145 n_ghost=-1 compute_avg_ms=0.059972 compute_min_ms=0.059392 compute_max_ms=0.061440 compute_var_ms=0.000000397 compute_gflops=64.234522 eff_bw_gbs=379.799409 pct_peak_bw=40.7021 comm_avg_ms=4.850594 comm_min_ms=4.822833 comm_max_ms=4.908973 comm_var_ms=0.000350000 total_avg_ms=4.910566 total_min_ms=4.882225 total_max_ms=4.968365 total_var_ms=0.000348454 effective_gflops=0.784490
RESULT comm=checkerboard_mpi kernel=acc matrix=thermal2.mtx P=4 rank=3 nrows_local=614022 ncols_global=1228045 nnz_local=2364108 n_ghost=-1 compute_avg_ms=0.062191 compute_min_ms=0.060416 compute_max_ms=0.063488 compute_var_ms=0.000000415 compute_gflops=76.027418 eff_bw_gbs=422.587845 pct_peak_bw=45.2876 comm_avg_ms=4.140722 comm_min_ms=4.119258 comm_max_ms=4.204708 comm_var_ms=0.000361202 total_avg_ms=4.202913 total_min_ms=4.181722 total_max_ms=4.266148 total_var_ms=0.000359709 effective_gflops=1.124986
[ERROR CHECKING] OK!

--- P=4 rep=2/3 driver=spmv_2d_nccl_cusparse ---
Grid: P=4 -> P_r=2 x P_c=2
Loaded ../matrices/thermal2.mtx: 1228045 x 1228045, 8580313 nnz
RESULT comm=checkerboard_nccl kernel=cusparse matrix=thermal2.mtx P=4 rank=0 nrows_local=614023 ncols_global=1228045 nnz_local=2363915 n_ghost=-1 compute_avg_ms=0.068949 compute_min_ms=0.068608 compute_max_ms=0.070656 compute_var_ms=0.000000303 compute_gflops=68.569625 eff_bw_gbs=381.143636 pct_peak_bw=40.8462 comm_avg_ms=0.393738 comm_min_ms=0.363567 comm_max_ms=0.405039 comm_var_ms=0.000049239 total_avg_ms=0.462688 total_min_ms=0.432175 total_max_ms=0.473647 total_var_ms=0.000048688 effective_gflops=10.218189
RESULT comm=checkerboard_nccl kernel=cusparse matrix=thermal2.mtx P=4 rank=1 nrows_local=614023 ncols_global=1228045 nnz_local=1926145 n_ghost=-1 compute_avg_ms=0.064580 compute_min_ms=0.063488 compute_max_ms=0.065536 compute_var_ms=0.000000415 compute_gflops=59.651194 eff_bw_gbs=352.699630 pct_peak_bw=37.7979 comm_avg_ms=0.333998 comm_min_ms=0.328582 comm_max_ms=0.340719 comm_var_ms=0.000009672 total_avg_ms=0.398578 total_min_ms=0.393094 total_max_ms=0.405231 total_var_ms=0.000009317 effective_gflops=9.665077
RESULT comm=checkerboard_nccl kernel=cusparse matrix=thermal2.mtx P=4 rank=2 nrows_local=614022 ncols_global=1228045 nnz_local=1926145 n_ghost=-1 compute_avg_ms=0.063522 compute_min_ms=0.062464 compute_max_ms=0.065536 compute_var_ms=0.000000453 compute_gflops=60.644847 eff_bw_gbs=358.574738 pct_peak_bw=38.4275 comm_avg_ms=0.464295 comm_min_ms=0.443854 comm_max_ms=0.478518 comm_var_ms=0.000054234 total_avg_ms=0.527817 total_min_ms=0.507342 total_max_ms=0.542006 total_var_ms=0.000054627 effective_gflops=7.298536
RESULT comm=checkerboard_nccl kernel=cusparse matrix=thermal2.mtx P=4 rank=3 nrows_local=614022 ncols_global=1228045 nnz_local=2364108 n_ghost=-1 compute_avg_ms=0.068540 compute_min_ms=0.067584 compute_max_ms=0.069632 compute_var_ms=0.000000555 compute_gflops=68.985036 eff_bw_gbs=383.443740 pct_peak_bw=41.0927 comm_avg_ms=0.393206 comm_min_ms=0.365960 comm_max_ms=0.405453 comm_var_ms=0.000054301 total_avg_ms=0.461746 total_min_ms=0.434568 total_max_ms=0.474061 total_var_ms=0.000057024 effective_gflops=10.239859
[ERROR CHECKING] OK!

--- P=4 rep=2/3 driver=spmv_2d_nccl_acc ---
Grid: P=4 -> P_r=2 x P_c=2
Loaded ../matrices/thermal2.mtx: 1228045 x 1228045, 8580313 nnz
[kernel] acc -> LINE-ENHANCE (nnz=1926145, avg_nnz=3.14, imbalance=2.55, V=1)
[kernel] acc -> LINE-ENHANCE (nnz=2364108, avg_nnz=3.85, imbalance=2.34, V=1)
[kernel] acc -> LINE-ENHANCE (nnz=1926145, avg_nnz=3.14, imbalance=2.87, V=1)
[kernel] acc -> LINE-ENHANCE (nnz=2363915, avg_nnz=3.85, imbalance=2.34, V=1)
RESULT comm=checkerboard_nccl kernel=acc matrix=thermal2.mtx P=4 rank=0 nrows_local=614023 ncols_global=1228045 nnz_local=2363915 n_ghost=-1 compute_avg_ms=0.063078 compute_min_ms=0.061440 compute_max_ms=0.065536 compute_var_ms=0.000000531 compute_gflops=74.951649 eff_bw_gbs=416.618057 pct_peak_bw=44.6479 comm_avg_ms=0.394931 comm_min_ms=0.379103 comm_max_ms=0.402437 comm_var_ms=0.000028212 total_avg_ms=0.458009 total_min_ms=0.442591 total_max_ms=0.464901 total_var_ms=0.000028104 effective_gflops=10.322572
RESULT comm=checkerboard_nccl kernel=acc matrix=thermal2.mtx P=4 rank=1 nrows_local=614023 ncols_global=1228045 nnz_local=1926145 n_ghost=-1 compute_avg_ms=0.058846 compute_min_ms=0.057344 compute_max_ms=0.060416 compute_var_ms=0.000000471 compute_gflops=65.464070 eff_bw_gbs=387.069420 pct_peak_bw=41.4812 comm_avg_ms=0.337519 comm_min_ms=0.329948 comm_max_ms=0.343787 comm_var_ms=0.000010420 total_avg_ms=0.396364 total_min_ms=0.388316 total_max_ms=0.404203 total_var_ms=0.000011140 effective_gflops=9.719062
RESULT comm=checkerboard_nccl kernel=acc matrix=thermal2.mtx P=4 rank=2 nrows_local=614022 ncols_global=1228045 nnz_local=1926145 n_ghost=-1 compute_avg_ms=0.060075 compute_min_ms=0.059392 compute_max_ms=0.061440 compute_var_ms=0.000000373 compute_gflops=64.125032 eff_bw_gbs=379.152024 pct_peak_bw=40.6327 comm_avg_ms=0.464905 comm_min_ms=0.450727 comm_max_ms=0.478466 comm_var_ms=0.000038689 total_avg_ms=0.524979 total_min_ms=0.511143 total_max_ms=0.537858 total_var_ms=0.000037302 effective_gflops=7.337985
RESULT comm=checkerboard_nccl kernel=acc matrix=thermal2.mtx P=4 rank=3 nrows_local=614022 ncols_global=1228045 nnz_local=2364108 n_ghost=-1 compute_avg_ms=0.062703 compute_min_ms=0.061440 compute_max_ms=0.064512 compute_var_ms=0.000000397 compute_gflops=75.406617 eff_bw_gbs=419.137209 pct_peak_bw=44.9178 comm_avg_ms=0.396850 comm_min_ms=0.383125 comm_max_ms=0.409353 comm_var_ms=0.000026815 total_avg_ms=0.459553 total_min_ms=0.445589 total_max_ms=0.472841 total_var_ms=0.000027943 effective_gflops=10.288728
[ERROR CHECKING] OK!

--- P=4 rep=3/3 driver=spmv_bcast ---
Loaded ../matrices/thermal2.mtx: 1228045 x 1228045, 8580313 nnz
RESULT comm=bcast kernel=cusparse matrix=thermal2.mtx P=4 rank=0 nrows_local=307012 ncols_global=1228045 nnz_local=2144684 n_ghost=-1 compute_avg_ms=0.063590 compute_min_ms=0.062464 compute_max_ms=0.064512 compute_var_ms=0.000000444 compute_gflops=67.453076 eff_bw_gbs=385.683253 pct_peak_bw=41.3327 comm_avg_ms=1.627634 comm_min_ms=1.437225 comm_max_ms=1.668157 comm_var_ms=0.001395334 total_avg_ms=1.691225 total_min_ms=1.500713 total_max_ms=1.732669 total_var_ms=0.001402128 effective_gflops=2.536249
RESULT comm=bcast kernel=cusparse matrix=thermal2.mtx P=4 rank=1 nrows_local=307011 ncols_global=1228045 nnz_local=2145380 n_ghost=-1 compute_avg_ms=0.064137 compute_min_ms=0.063488 compute_max_ms=0.065536 compute_var_ms=0.000000523 compute_gflops=66.900405 eff_bw_gbs=382.485784 pct_peak_bw=40.9900 comm_avg_ms=2.313675 comm_min_ms=2.283899 comm_max_ms=2.510004 comm_var_ms=0.001452235 total_avg_ms=2.377811 total_min_ms=2.348411 total_max_ms=2.574516 total_var_ms=0.001459175 effective_gflops=1.804500
RESULT comm=bcast kernel=cusparse matrix=thermal2.mtx P=4 rank=2 nrows_local=307011 ncols_global=1228045 nnz_local=2145376 n_ghost=-1 compute_avg_ms=0.063420 compute_min_ms=0.062464 compute_max_ms=0.064512 compute_var_ms=0.000000135 compute_gflops=67.656419 eff_bw_gbs=386.808317 pct_peak_bw=41.4532 comm_avg_ms=2.594192 comm_min_ms=2.565785 comm_max_ms=2.792113 comm_var_ms=0.001689461 total_avg_ms=2.657612 total_min_ms=2.629273 total_max_ms=2.855601 total_var_ms=0.001691948 effective_gflops=1.614514
RESULT comm=bcast kernel=cusparse matrix=thermal2.mtx P=4 rank=3 nrows_local=307011 ncols_global=1228045 nnz_local=2144873 n_ghost=-1 compute_avg_ms=0.062805 compute_min_ms=0.061440 compute_max_ms=0.064512 compute_var_ms=0.000000373 compute_gflops=68.302258 eff_bw_gbs=390.528242 pct_peak_bw=41.8519 comm_avg_ms=2.632406 comm_min_ms=2.597930 comm_max_ms=2.820877 comm_var_ms=0.001422736 total_avg_ms=2.695212 total_min_ms=2.660394 total_max_ms=2.883341 total_var_ms=0.001425134 effective_gflops=1.591617
[ERROR CHECKING] OK!

--- P=4 rep=3/3 driver=spmv_ghost_cusparse ---
Loaded ../matrices/thermal2.mtx: 1228045 x 1228045, 8580313 nnz
RESULT comm=ghost_mpi kernel=cusparse matrix=thermal2.mtx P=4 rank=0 nrows_local=307012 ncols_global=1228045 nnz_local=2144684 n_ghost=805846 compute_avg_ms=0.071953 compute_min_ms=0.070656 compute_max_ms=0.072704 compute_var_ms=0.000000485 compute_gflops=59.613413 eff_bw_gbs=334.454172 pct_peak_bw=35.8426 comm_avg_ms=2.735998 comm_min_ms=2.007661 comm_max_ms=4.522735 comm_var_ms=0.245760682 total_avg_ms=2.807951 total_min_ms=2.079341 total_max_ms=4.595439 total_var_ms=0.245969896 effective_gflops=1.527579
RESULT comm=ghost_mpi kernel=cusparse matrix=thermal2.mtx P=4 rank=1 nrows_local=307011 ncols_global=1228045 nnz_local=2145380 n_ghost=805220 compute_avg_ms=0.072636 compute_min_ms=0.071680 compute_max_ms=0.073728 compute_var_ms=0.000000415 compute_gflops=59.072301 eff_bw_gbs=331.352823 pct_peak_bw=35.5102 comm_avg_ms=3.676450 comm_min_ms=1.734805 comm_max_ms=4.815677 comm_var_ms=0.412784539 total_avg_ms=3.749086 total_min_ms=1.807509 total_max_ms=4.887357 total_var_ms=0.412742028 effective_gflops=1.144482
RESULT comm=ghost_mpi kernel=cusparse matrix=thermal2.mtx P=4 rank=2 nrows_local=307011 ncols_global=1228045 nnz_local=2145376 n_ghost=805720 compute_avg_ms=0.071202 compute_min_ms=0.069632 compute_max_ms=0.072704 compute_var_ms=0.000000611 compute_gflops=60.261564 eff_bw_gbs=338.051998 pct_peak_bw=36.2281 comm_avg_ms=3.698764 comm_min_ms=2.603151 comm_max_ms=4.597856 comm_var_ms=0.319341909 total_avg_ms=3.769966 total_min_ms=2.674831 total_max_ms=4.669536 total_var_ms=0.319233038 effective_gflops=1.138141
RESULT comm=ghost_mpi kernel=cusparse matrix=thermal2.mtx P=4 rank=3 nrows_local=307011 ncols_global=1228045 nnz_local=2144873 n_ghost=805703 compute_avg_ms=0.072090 compute_min_ms=0.070656 compute_max_ms=0.073728 compute_var_ms=0.000000531 compute_gflops=59.505752 eff_bw_gbs=333.833609 pct_peak_bw=35.7761 comm_avg_ms=3.775032 comm_min_ms=2.801278 comm_max_ms=4.814608 comm_var_ms=0.321617702 total_avg_ms=3.847122 total_min_ms=2.873982 total_max_ms=4.888336 total_var_ms=0.321656827 effective_gflops=1.115053
[ERROR CHECKING] OK!

--- P=4 rep=3/3 driver=spmv_ghost_acc ---
Loaded ../matrices/thermal2.mtx: 1228045 x 1228045, 8580313 nnz
[kernel] acc -> LINE-ENHANCE (nnz=2145380, avg_nnz=6.99, imbalance=1.57, V=1)
[kernel] acc -> LINE-ENHANCE (nnz=2145376, avg_nnz=6.99, imbalance=1.57, V=1)
[kernel] acc -> LINE-ENHANCE (nnz=2144873, avg_nnz=6.99, imbalance=1.57, V=1)
[kernel] acc -> LINE-ENHANCE (nnz=2144684, avg_nnz=6.99, imbalance=1.57, V=1)
RESULT comm=ghost_mpi kernel=acc matrix=thermal2.mtx P=4 rank=0 nrows_local=307012 ncols_global=1228045 nnz_local=2144684 n_ghost=805846 compute_avg_ms=0.068233 compute_min_ms=0.066560 compute_max_ms=0.070656 compute_var_ms=0.000001082 compute_gflops=62.863970 eff_bw_gbs=352.691049 pct_peak_bw=37.7970 comm_avg_ms=2.833090 comm_min_ms=2.310024 comm_max_ms=4.463424 comm_var_ms=0.198703608 total_avg_ms=2.901322 total_min_ms=2.378632 total_max_ms=4.531008 total_var_ms=0.198698845 effective_gflops=1.478418
RESULT comm=ghost_mpi kernel=acc matrix=thermal2.mtx P=4 rank=1 nrows_local=307011 ncols_global=1228045 nnz_local=2145380 n_ghost=805220 compute_avg_ms=0.068540 compute_min_ms=0.066560 compute_max_ms=0.069632 compute_var_ms=0.000000834 compute_gflops=62.602519 eff_bw_gbs=351.154791 pct_peak_bw=37.6323 comm_avg_ms=3.699683 comm_min_ms=2.758876 comm_max_ms=4.555354 comm_var_ms=0.353236780 total_avg_ms=3.768223 total_min_ms=2.826460 total_max_ms=4.623962 total_var_ms=0.353303292 effective_gflops=1.138669
RESULT comm=ghost_mpi kernel=acc matrix=thermal2.mtx P=4 rank=2 nrows_local=307011 ncols_global=1228045 nnz_local=2145376 n_ghost=805720 compute_avg_ms=0.067550 compute_min_ms=0.066560 compute_max_ms=0.069632 compute_var_ms=0.000000663 compute_gflops=63.519770 eff_bw_gbs=356.329701 pct_peak_bw=38.1869 comm_avg_ms=3.773382 comm_min_ms=2.746626 comm_max_ms=4.554547 comm_var_ms=0.352608183 total_avg_ms=3.840932 total_min_ms=2.813186 total_max_ms=4.621107 total_var_ms=0.352705065 effective_gflops=1.117112
RESULT comm=ghost_mpi kernel=acc matrix=thermal2.mtx P=4 rank=3 nrows_local=307011 ncols_global=1228045 nnz_local=2144873 n_ghost=805703 compute_avg_ms=0.067140 compute_min_ms=0.064512 compute_max_ms=0.069632 compute_var_ms=0.000001236 compute_gflops=63.892299 eff_bw_gbs=358.442602 pct_peak_bw=38.4133 comm_avg_ms=3.801793 comm_min_ms=2.748227 comm_max_ms=4.461837 comm_var_ms=0.339430893 total_avg_ms=3.868933 total_min_ms=2.814787 total_max_ms=4.528397 total_var_ms=0.339424875 effective_gflops=1.108767
[ERROR CHECKING] OK!

--- P=4 rep=3/3 driver=spmv_ghost_nccl_cusparse ---
Loaded ../matrices/thermal2.mtx: 1228045 x 1228045, 8580313 nnz
RESULT comm=ghost_nccl kernel=cusparse matrix=thermal2.mtx P=4 rank=0 nrows_local=307012 ncols_global=1228045 nnz_local=2144684 n_ghost=805846 compute_avg_ms=0.071305 compute_min_ms=0.070656 compute_max_ms=0.072704 compute_var_ms=0.000000453 compute_gflops=60.155613 eff_bw_gbs=337.496121 pct_peak_bw=36.1686 comm_avg_ms=0.876943 comm_min_ms=0.662691 comm_max_ms=3.192146 comm_var_ms=0.370196566 total_avg_ms=0.948247 total_min_ms=0.734371 total_max_ms=3.262802 total_var_ms=0.370077890 effective_gflops=4.523471
RESULT comm=ghost_nccl kernel=cusparse matrix=thermal2.mtx P=4 rank=1 nrows_local=307011 ncols_global=1228045 nnz_local=2145380 n_ghost=805220 compute_avg_ms=0.071953 compute_min_ms=0.070656 compute_max_ms=0.073728 compute_var_ms=0.000000555 compute_gflops=59.632759 eff_bw_gbs=334.496588 pct_peak_bw=35.8471 comm_avg_ms=1.064578 comm_min_ms=0.844043 comm_max_ms=3.370809 comm_var_ms=0.384127135 total_avg_ms=1.136531 total_min_ms=0.914699 total_max_ms=3.442489 total_var_ms=0.384159726 effective_gflops=3.775314
RESULT comm=ghost_nccl kernel=cusparse matrix=thermal2.mtx P=4 rank=2 nrows_local=307011 ncols_global=1228045 nnz_local=2145376 n_ghost=805720 compute_avg_ms=0.070485 compute_min_ms=0.068608 compute_max_ms=0.072704 compute_var_ms=0.000000984 compute_gflops=60.874393 eff_bw_gbs=341.489816 pct_peak_bw=36.5966 comm_avg_ms=1.148130 comm_min_ms=0.933660 comm_max_ms=3.454152 comm_var_ms=0.383206948 total_avg_ms=1.218616 total_min_ms=1.004316 total_max_ms=3.523784 total_var_ms=0.383103341 effective_gflops=3.521005
RESULT comm=ghost_nccl kernel=cusparse matrix=thermal2.mtx P=4 rank=3 nrows_local=307011 ncols_global=1228045 nnz_local=2144873 n_ghost=805703 compute_avg_ms=0.071748 compute_min_ms=0.069632 compute_max_ms=0.073728 compute_var_ms=0.000000904 compute_gflops=59.788843 eff_bw_gbs=335.421780 pct_peak_bw=35.9463 comm_avg_ms=1.128032 comm_min_ms=0.914455 comm_max_ms=3.432217 comm_var_ms=0.383403480 total_avg_ms=1.199780 total_min_ms=0.986135 total_max_ms=3.505945 total_var_ms=0.383612528 effective_gflops=3.575443
[ERROR CHECKING] OK!

--- P=4 rep=3/3 driver=spmv_ghost_nccl_acc ---
Loaded ../matrices/thermal2.mtx: 1228045 x 1228045, 8580313 nnz
[kernel] acc -> LINE-ENHANCE (nnz=2145380, avg_nnz=6.99, imbalance=1.57, V=1)
[kernel] acc -> LINE-ENHANCE (nnz=2144873, avg_nnz=6.99, imbalance=1.57, V=1)
[kernel] acc -> LINE-ENHANCE (nnz=2144684, avg_nnz=6.99, imbalance=1.57, V=1)
[kernel] acc -> LINE-ENHANCE (nnz=2145376, avg_nnz=6.99, imbalance=1.57, V=1)
RESULT comm=ghost_nccl kernel=acc matrix=thermal2.mtx P=4 rank=0 nrows_local=307012 ncols_global=1228045 nnz_local=2144684 n_ghost=805846 compute_avg_ms=0.068301 compute_min_ms=0.066560 compute_max_ms=0.069632 compute_var_ms=0.000000570 compute_gflops=62.801138 eff_bw_gbs=352.338534 pct_peak_bw=37.7592 comm_avg_ms=1.104400 comm_min_ms=0.661212 comm_max_ms=5.929395 comm_var_ms=1.588451439 total_avg_ms=1.172701 total_min_ms=0.729820 total_max_ms=5.996979 total_var_ms=1.588147225 effective_gflops=3.657682
RESULT comm=ghost_nccl kernel=acc matrix=thermal2.mtx P=4 rank=2 nrows_local=307011 ncols_global=1228045 nnz_local=2145376 n_ghost=805720 compute_avg_ms=0.068198 compute_min_ms=0.066560 compute_max_ms=0.069632 compute_var_ms=0.000000531 compute_gflops=62.915728 eff_bw_gbs=352.941180 pct_peak_bw=37.8238 comm_avg_ms=1.370801 comm_min_ms=0.927029 comm_max_ms=6.167599 comm_var_ms=1.566709897 total_avg_ms=1.439000 total_min_ms=0.995637 total_max_ms=6.236207 total_var_ms=1.566756238 effective_gflops=2.981760
RESULT comm=ghost_nccl kernel=acc matrix=thermal2.mtx P=4 rank=1 nrows_local=307011 ncols_global=1228045 nnz_local=2145380 n_ghost=805220 compute_avg_ms=0.068745 compute_min_ms=0.066560 compute_max_ms=0.070656 compute_var_ms=0.000000960 compute_gflops=62.416017 eff_bw_gbs=350.108649 pct_peak_bw=37.5202 comm_avg_ms=1.290868 comm_min_ms=0.848675 comm_max_ms=6.089547 comm_var_ms=1.567246903 total_avg_ms=1.359613 total_min_ms=0.917283 total_max_ms=6.159179 total_var_ms=1.567786310 effective_gflops=3.155870
RESULT comm=ghost_nccl kernel=acc matrix=thermal2.mtx P=4 rank=3 nrows_local=307011 ncols_global=1228045 nnz_local=2144873 n_ghost=805703 compute_avg_ms=0.067447 compute_min_ms=0.066560 compute_max_ms=0.069632 compute_var_ms=0.000000750 compute_gflops=63.601291 eff_bw_gbs=356.810018 pct_peak_bw=38.2384 comm_avg_ms=1.352325 comm_min_ms=0.911524 comm_max_ms=6.154693 comm_var_ms=1.568040379 total_avg_ms=1.419773 total_min_ms=0.980132 total_max_ms=6.222277 total_var_ms=1.567706913 effective_gflops=3.021432
[ERROR CHECKING] OK!

--- P=4 rep=3/3 driver=spmv_2d_cusparse ---
Grid: P=4 -> P_r=2 x P_c=2
Loaded ../matrices/thermal2.mtx: 1228045 x 1228045, 8580313 nnz
RESULT comm=checkerboard_mpi kernel=cusparse matrix=thermal2.mtx P=4 rank=0 nrows_local=614023 ncols_global=1228045 nnz_local=2363915 n_ghost=-1 compute_avg_ms=0.072260 compute_min_ms=0.070656 compute_max_ms=0.074752 compute_var_ms=0.000001236 compute_gflops=65.427794 eff_bw_gbs=363.679799 pct_peak_bw=38.9746 comm_avg_ms=2.389046 comm_min_ms=2.367346 comm_max_ms=2.434906 comm_var_ms=0.000247148 total_avg_ms=2.461307 total_min_ms=2.440050 total_max_ms=2.508141 total_var_ms=0.000253088 effective_gflops=1.920862
RESULT comm=checkerboard_mpi kernel=cusparse matrix=thermal2.mtx P=4 rank=1 nrows_local=614023 ncols_global=1228045 nnz_local=1926145 n_ghost=-1 compute_avg_ms=0.063727 compute_min_ms=0.062464 compute_max_ms=0.065536 compute_var_ms=0.000000537 compute_gflops=60.449952 eff_bw_gbs=357.422444 pct_peak_bw=38.3040 comm_avg_ms=1.897350 comm_min_ms=1.879980 comm_max_ms=1.935811 comm_var_ms=0.000152743 total_avg_ms=1.961077 total_min_ms=1.945516 total_max_ms=2.000323 total_var_ms=0.000154101 effective_gflops=1.964375
RESULT comm=checkerboard_mpi kernel=cusparse matrix=thermal2.mtx P=4 rank=2 nrows_local=614022 ncols_global=1228045 nnz_local=1926145 n_ghost=-1 compute_avg_ms=0.066935 compute_min_ms=0.065536 compute_max_ms=0.069632 compute_var_ms=0.000001432 compute_gflops=57.552299 eff_bw_gbs=340.289431 pct_peak_bw=36.4679 comm_avg_ms=4.322470 comm_min_ms=4.300996 comm_max_ms=4.348140 comm_var_ms=0.000138678 total_avg_ms=4.389405 total_min_ms=4.366532 total_max_ms=4.416748 total_var_ms=0.000144689 effective_gflops=0.877634
RESULT comm=checkerboard_mpi kernel=cusparse matrix=thermal2.mtx P=4 rank=3 nrows_local=614022 ncols_global=1228045 nnz_local=2364108 n_ghost=-1 compute_avg_ms=0.068437 compute_min_ms=0.067584 compute_max_ms=0.069632 compute_var_ms=0.000000495 compute_gflops=69.088255 eff_bw_gbs=384.017471 pct_peak_bw=41.1541 comm_avg_ms=3.713712 comm_min_ms=3.695260 comm_max_ms=3.737218 comm_var_ms=0.000121325 total_avg_ms=3.782149 total_min_ms=3.763868 total_max_ms=3.805826 total_var_ms=0.000123252 effective_gflops=1.250140
[ERROR CHECKING] OK!

--- P=4 rep=3/3 driver=spmv_2d_acc ---
Grid: P=4 -> P_r=2 x P_c=2
Loaded ../matrices/thermal2.mtx: 1228045 x 1228045, 8580313 nnz
[kernel] acc -> LINE-ENHANCE (nnz=1926145, avg_nnz=3.14, imbalance=2.55, V=1)
[kernel] acc -> LINE-ENHANCE (nnz=2364108, avg_nnz=3.85, imbalance=2.34, V=1)
[kernel] acc -> LINE-ENHANCE (nnz=1926145, avg_nnz=3.14, imbalance=2.87, V=1)
[kernel] acc -> LINE-ENHANCE (nnz=2363915, avg_nnz=3.85, imbalance=2.34, V=1)
RESULT comm=checkerboard_mpi kernel=acc matrix=thermal2.mtx P=4 rank=0 nrows_local=614023 ncols_global=1228045 nnz_local=2363915 n_ghost=-1 compute_avg_ms=0.063078 compute_min_ms=0.062464 compute_max_ms=0.064512 compute_var_ms=0.000000461 compute_gflops=74.951649 eff_bw_gbs=416.618057 pct_peak_bw=44.6479 comm_avg_ms=2.370029 comm_min_ms=2.354920 comm_max_ms=2.420648 comm_var_ms=0.000137917 total_avg_ms=2.433108 total_min_ms=2.418408 total_max_ms=2.483112 total_var_ms=0.000136846 effective_gflops=1.943124
RESULT comm=checkerboard_mpi kernel=acc matrix=thermal2.mtx P=4 rank=1 nrows_local=614023 ncols_global=1228045 nnz_local=1926145 n_ghost=-1 compute_avg_ms=0.058812 compute_min_ms=0.057344 compute_max_ms=0.060416 compute_var_ms=0.000000397 compute_gflops=65.502064 eff_bw_gbs=387.294069 pct_peak_bw=41.5053 comm_avg_ms=1.868426 comm_min_ms=1.851815 comm_max_ms=1.911574 comm_var_ms=0.000129448 total_avg_ms=1.927238 total_min_ms=1.910183 total_max_ms=1.970966 total_var_ms=0.000129505 effective_gflops=1.998866
RESULT comm=checkerboard_mpi kernel=acc matrix=thermal2.mtx P=4 rank=2 nrows_local=614022 ncols_global=1228045 nnz_local=1926145 n_ghost=-1 compute_avg_ms=0.059904 compute_min_ms=0.059392 compute_max_ms=0.061440 compute_var_ms=0.000000332 compute_gflops=64.307724 eff_bw_gbs=380.232229 pct_peak_bw=40.7485 comm_avg_ms=4.521890 comm_min_ms=4.499464 comm_max_ms=4.554616 comm_var_ms=0.000205744 total_avg_ms=4.581794 total_min_ms=4.559880 total_max_ms=4.614008 total_var_ms=0.000207573 effective_gflops=0.840782
RESULT comm=checkerboard_mpi kernel=acc matrix=thermal2.mtx P=4 rank=3 nrows_local=614022 ncols_global=1228045 nnz_local=2364108 n_ghost=-1 compute_avg_ms=0.061986 compute_min_ms=0.060416 compute_max_ms=0.063488 compute_var_ms=0.000000541 compute_gflops=76.278610 eff_bw_gbs=423.984059 pct_peak_bw=45.4372 comm_avg_ms=3.794132 comm_min_ms=3.777579 comm_max_ms=3.826266 comm_var_ms=0.000195263 total_avg_ms=3.856118 total_min_ms=3.840043 total_max_ms=3.888730 total_var_ms=0.000194754 effective_gflops=1.226160
[ERROR CHECKING] OK!

--- P=4 rep=3/3 driver=spmv_2d_nccl_cusparse ---
Grid: P=4 -> P_r=2 x P_c=2
Loaded ../matrices/thermal2.mtx: 1228045 x 1228045, 8580313 nnz
RESULT comm=checkerboard_nccl kernel=cusparse matrix=thermal2.mtx P=4 rank=0 nrows_local=614023 ncols_global=1228045 nnz_local=2363915 n_ghost=-1 compute_avg_ms=0.068915 compute_min_ms=0.067584 compute_max_ms=0.070656 compute_var_ms=0.000000640 compute_gflops=68.603587 eff_bw_gbs=381.332415 pct_peak_bw=40.8664 comm_avg_ms=0.395109 comm_min_ms=0.385694 comm_max_ms=0.407054 comm_var_ms=0.000021047 total_avg_ms=0.464024 total_min_ms=0.453278 total_max_ms=0.476027 total_var_ms=0.000022543 effective_gflops=10.188765
RESULT comm=checkerboard_nccl kernel=cusparse matrix=thermal2.mtx P=4 rank=1 nrows_local=614023 ncols_global=1228045 nnz_local=1926145 n_ghost=-1 compute_avg_ms=0.064375 compute_min_ms=0.062464 compute_max_ms=0.066560 compute_var_ms=0.000000750 compute_gflops=59.840965 eff_bw_gbs=353.821687 pct_peak_bw=37.9181 comm_avg_ms=0.335737 comm_min_ms=0.326887 comm_max_ms=0.339923 comm_var_ms=0.000008745 total_avg_ms=0.400112 total_min_ms=0.392423 total_max_ms=0.405459 total_var_ms=0.000009453 effective_gflops=9.628022
RESULT comm=checkerboard_nccl kernel=cusparse matrix=thermal2.mtx P=4 rank=2 nrows_local=614022 ncols_global=1228045 nnz_local=1926145 n_ghost=-1 compute_avg_ms=0.063454 compute_min_ms=0.062464 compute_max_ms=0.064512 compute_var_ms=0.000000453 compute_gflops=60.710092 eff_bw_gbs=358.960510 pct_peak_bw=38.4688 comm_avg_ms=0.463747 comm_min_ms=0.453161 comm_max_ms=0.475232 comm_var_ms=0.000027171 total_avg_ms=0.527201 total_min_ms=0.517673 total_max_ms=0.538720 total_var_ms=0.000025136 effective_gflops=7.307062
RESULT comm=checkerboard_nccl kernel=cusparse matrix=thermal2.mtx P=4 rank=3 nrows_local=614022 ncols_global=1228045 nnz_local=2364108 n_ghost=-1 compute_avg_ms=0.068369 compute_min_ms=0.066560 compute_max_ms=0.069632 compute_var_ms=0.000000397 compute_gflops=69.157240 eff_bw_gbs=384.400914 pct_peak_bw=41.1952 comm_avg_ms=0.393164 comm_min_ms=0.385034 comm_max_ms=0.401508 comm_var_ms=0.000016949 total_avg_ms=0.461533 total_min_ms=0.453642 total_max_ms=0.470116 total_var_ms=0.000016442 effective_gflops=10.244583
[ERROR CHECKING] OK!

--- P=4 rep=3/3 driver=spmv_2d_nccl_acc ---
Grid: P=4 -> P_r=2 x P_c=2
Loaded ../matrices/thermal2.mtx: 1228045 x 1228045, 8580313 nnz
[kernel] acc -> LINE-ENHANCE (nnz=1926145, avg_nnz=3.14, imbalance=2.55, V=1)
[kernel] acc -> LINE-ENHANCE (nnz=2364108, avg_nnz=3.85, imbalance=2.34, V=1)
[kernel] acc -> LINE-ENHANCE (nnz=1926145, avg_nnz=3.14, imbalance=2.87, V=1)
[kernel] acc -> LINE-ENHANCE (nnz=2363915, avg_nnz=3.85, imbalance=2.34, V=1)
RESULT comm=checkerboard_nccl kernel=acc matrix=thermal2.mtx P=4 rank=0 nrows_local=614023 ncols_global=1228045 nnz_local=2363915 n_ghost=-1 compute_avg_ms=0.063351 compute_min_ms=0.062464 compute_max_ms=0.064512 compute_var_ms=0.000000331 compute_gflops=74.628581 eff_bw_gbs=414.822288 pct_peak_bw=44.4554 comm_avg_ms=0.398835 comm_min_ms=0.391227 comm_max_ms=0.413327 comm_var_ms=0.000022159 total_avg_ms=0.462187 total_min_ms=0.453691 total_max_ms=0.475791 total_var_ms=0.000022707 effective_gflops=10.229263
RESULT comm=checkerboard_nccl kernel=acc matrix=thermal2.mtx P=4 rank=1 nrows_local=614023 ncols_global=1228045 nnz_local=1926145 n_ghost=-1 compute_avg_ms=0.059153 compute_min_ms=0.058368 compute_max_ms=0.063488 compute_var_ms=0.000001026 compute_gflops=65.124095 eff_bw_gbs=385.059250 pct_peak_bw=41.2658 comm_avg_ms=0.338069 comm_min_ms=0.329704 comm_max_ms=0.345506 comm_var_ms=0.000014106 total_avg_ms=0.397222 total_min_ms=0.388072 total_max_ms=0.405922 total_var_ms=0.000014007 effective_gflops=9.698088
RESULT comm=checkerboard_nccl kernel=acc matrix=thermal2.mtx P=4 rank=2 nrows_local=614022 ncols_global=1228045 nnz_local=1926145 n_ghost=-1 compute_avg_ms=0.059972 compute_min_ms=0.059392 compute_max_ms=0.061440 compute_var_ms=0.000000397 compute_gflops=64.234522 eff_bw_gbs=379.799409 pct_peak_bw=40.7021 comm_avg_ms=0.464245 comm_min_ms=0.444782 comm_max_ms=0.481148 comm_var_ms=0.000062783 total_avg_ms=0.524217 total_min_ms=0.504174 total_max_ms=0.541564 total_var_ms=0.000064736 effective_gflops=7.348651
RESULT comm=checkerboard_nccl kernel=acc matrix=thermal2.mtx P=4 rank=3 nrows_local=614022 ncols_global=1228045 nnz_local=2364108 n_ghost=-1 compute_avg_ms=0.062703 compute_min_ms=0.061440 compute_max_ms=0.066560 compute_var_ms=0.000000887 compute_gflops=75.406617 eff_bw_gbs=419.137209 pct_peak_bw=44.9178 comm_avg_ms=0.395556 comm_min_ms=0.387922 comm_max_ms=0.404418 comm_var_ms=0.000018319 total_avg_ms=0.458259 total_min_ms=0.450386 total_max_ms=0.467906 total_var_ms=0.000018977 effective_gflops=10.317781
[ERROR CHECKING] OK!

=== Job done ===
