--------------------------------------------------------------------------
The call to cuMemHostRegister(0x7f649be00008, 134217728, 0) failed.
  Host:  edu01
  cuMemHostRegister return value:  1
  Registration cache:  smcuda
--------------------------------------------------------------------------
[edu01:2116331] 2 more processes have sent help message help-mpi-common-cuda.txt / cuMemHostRegister during init failed
[edu01:2116331] Set MCA parameter "orte_base_help_aggregate" to 0 to see all help / error messages
--------------------------------------------------------------------------
The call to cuMemHostRegister(0x7f866be00008, 134217728, 0) failed.
  Host:  edu01
  cuMemHostRegister return value:  1
  Registration cache:  smcuda
--------------------------------------------------------------------------
[edu01:2116362] 2 more processes have sent help message help-mpi-common-cuda.txt / cuMemHostRegister during init failed
[edu01:2116362] Set MCA parameter "orte_base_help_aggregate" to 0 to see all help / error messages
--------------------------------------------------------------------------
The call to cuMemHostRegister(0x7f66d3e00008, 134217728, 0) failed.
  Host:  edu01
  cuMemHostRegister return value:  1
  Registration cache:  smcuda
--------------------------------------------------------------------------
[edu01:2116518] 2 more processes have sent help message help-mpi-common-cuda.txt / cuMemHostRegister during init failed
[edu01:2116518] Set MCA parameter "orte_base_help_aggregate" to 0 to see all help / error messages
--------------------------------------------------------------------------
The call to cuMemHostRegister(0x7f7eabe00008, 134217728, 0) failed.
  Host:  edu01
  cuMemHostRegister return value:  1
  Registration cache:  smcuda
--------------------------------------------------------------------------
[edu01:2116549] 2 more processes have sent help message help-mpi-common-cuda.txt / cuMemHostRegister during init failed
[edu01:2116549] Set MCA parameter "orte_base_help_aggregate" to 0 to see all help / error messages
--------------------------------------------------------------------------
The call to cuMemHostRegister(0x7f834fe00008, 134217728, 0) failed.
  Host:  edu01
  cuMemHostRegister return value:  1
  Registration cache:  smcuda
--------------------------------------------------------------------------
[edu01:2116705] 2 more processes have sent help message help-mpi-common-cuda.txt / cuMemHostRegister during init failed
[edu01:2116705] Set MCA parameter "orte_base_help_aggregate" to 0 to see all help / error messages
--------------------------------------------------------------------------
The call to cuMemHostRegister(0x7fda5fe00008, 134217728, 0) failed.
  Host:  edu01
  cuMemHostRegister return value:  1
  Registration cache:  smcuda
--------------------------------------------------------------------------
[edu01:2116736] 2 more processes have sent help message help-mpi-common-cuda.txt / cuMemHostRegister during init failed
[edu01:2116736] Set MCA parameter "orte_base_help_aggregate" to 0 to see all help / error messages
