=== D2_final intelligent-partitioning (1D-Block, cuSPARSE) small-matrix check ===
Node:     edu01
Date:     Thu Jul 23 03:21:30 PM CEST 2026
Matrix:   ../matrices/parabolic_fem.mtx
Reps:     3

--- P=1 rep=1/3 driver=spmv_block_nccl_cusparse ---
Loaded ../matrices/parabolic_fem.mtx: 525825 x 525825, 3674625 nnz
RESULT comm=block_nccl kernel=cusparse matrix=parabolic_fem.mtx P=1 rank=0 nrows_local=525825 ncols_global=525825 nnz_local=3674625 n_ghost=0 compute_avg_ms=0.079087 compute_min_ms=0.077824 compute_max_ms=0.079872 compute_var_ms=0.000000327 compute_gflops=92.926227 eff_bw_gbs=451.489315 pct_peak_bw=48.3849 comm_avg_ms=0.000990 comm_min_ms=0.000957 comm_max_ms=0.001026 comm_var_ms=0.000000000 total_avg_ms=0.080077 total_min_ms=0.078814 total_max_ms=0.080866 total_var_ms=0.000000317 effective_gflops=91.777293
[ERROR CHECKING] OK!

--- P=2 rep=1/3 driver=spmv_block_nccl_cusparse ---
Loaded ../matrices/parabolic_fem.mtx: 525825 x 525825, 3674625 nnz
RESULT comm=block_nccl kernel=cusparse matrix=parabolic_fem.mtx P=2 rank=0 nrows_local=262913 ncols_global=525825 nnz_local=1837313 n_ghost=262912 compute_avg_ms=0.051746 compute_min_ms=0.051200 compute_max_ms=0.053248 compute_var_ms=0.000000331 compute_gflops=71.012573 eff_bw_gbs=365.343480 pct_peak_bw=39.1529 comm_avg_ms=0.322352 comm_min_ms=0.315814 comm_max_ms=0.328285 comm_var_ms=0.000010482 total_avg_ms=0.374099 total_min_ms=0.368038 total_max_ms=0.380509 total_var_ms=0.000010701 effective_gflops=9.822615
RESULT comm=block_nccl kernel=cusparse matrix=parabolic_fem.mtx P=2 rank=1 nrows_local=262912 ncols_global=525825 nnz_local=1837312 n_ghost=262913 compute_avg_ms=0.052224 compute_min_ms=0.051200 compute_max_ms=0.053248 compute_var_ms=0.000000419 compute_gflops=70.362746 eff_bw_gbs=362.000160 pct_peak_bw=38.7946 comm_avg_ms=0.191079 comm_min_ms=0.184854 comm_max_ms=0.229578 comm_var_ms=0.000058879 total_avg_ms=0.243303 total_min_ms=0.236054 total_max_ms=0.281802 total_var_ms=0.000060451 effective_gflops=15.103096
[ERROR CHECKING] OK!

--- P=3 rep=1/3 driver=spmv_block_nccl_cusparse ---
Loaded ../matrices/parabolic_fem.mtx: 525825 x 525825, 3674625 nnz
RESULT comm=block_nccl kernel=cusparse matrix=parabolic_fem.mtx P=3 rank=1 nrows_local=175275 ncols_global=525825 nnz_local=1226925 n_ghost=296065 compute_avg_ms=0.040004 compute_min_ms=0.038912 compute_max_ms=0.040960 compute_var_ms=0.000000275 compute_gflops=61.339709 eff_bw_gbs=327.539174 pct_peak_bw=35.1015 comm_avg_ms=0.320124 comm_min_ms=0.287257 comm_max_ms=1.023593 comm_var_ms=0.017083879 total_avg_ms=0.360128 total_min_ms=0.327193 total_max_ms=1.063529 total_var_ms=0.017080057 effective_gflops=6.813826
RESULT comm=block_nccl kernel=cusparse matrix=parabolic_fem.mtx P=3 rank=2 nrows_local=175275 ncols_global=525825 nnz_local=1223853 n_ghost=328450 compute_avg_ms=0.041472 compute_min_ms=0.040960 compute_max_ms=0.044032 compute_var_ms=0.000000472 compute_gflops=59.020690 eff_bw_gbs=318.478209 pct_peak_bw=34.1305 comm_avg_ms=0.347884 comm_min_ms=0.309982 comm_max_ms=1.149984 comm_var_ms=0.022225130 total_avg_ms=0.389356 total_min_ms=0.351966 total_max_ms=1.194016 total_var_ms=0.022364603 effective_gflops=6.286549
RESULT comm=block_nccl kernel=cusparse matrix=parabolic_fem.mtx P=3 rank=0 nrows_local=175275 ncols_global=525825 nnz_local=1223847 n_ghost=350550 compute_avg_ms=0.043042 compute_min_ms=0.041984 compute_max_ms=0.052224 compute_var_ms=0.000003180 compute_gflops=56.867396 eff_bw_gbs=308.913130 pct_peak_bw=33.1054 comm_avg_ms=0.328656 comm_min_ms=0.289454 comm_max_ms=1.145367 comm_var_ms=0.023043688 total_avg_ms=0.371698 total_min_ms=0.331761 total_max_ms=1.197591 total_var_ms=0.023564195 effective_gflops=6.585163
[ERROR CHECKING] OK!

--- P=4 rep=1/3 driver=spmv_block_nccl_cusparse ---
Loaded ../matrices/parabolic_fem.mtx: 525825 x 525825, 3674625 nnz
RESULT comm=block_nccl kernel=cusparse matrix=parabolic_fem.mtx P=4 rank=0 nrows_local=131457 ncols_global=525825 nnz_local=917633 n_ghost=393981 compute_avg_ms=0.037410 compute_min_ms=0.035840 compute_max_ms=0.037888 compute_var_ms=0.000000331 compute_gflops=49.057989 eff_bw_gbs=280.524945 pct_peak_bw=30.0631 comm_avg_ms=0.781263 comm_min_ms=0.335364 comm_max_ms=3.937725 comm_var_ms=0.843924733 total_avg_ms=0.818673 total_min_ms=0.372405 total_max_ms=3.975613 total_var_ms=0.843850367 effective_gflops=2.241757
RESULT comm=block_nccl kernel=cusparse matrix=parabolic_fem.mtx P=4 rank=1 nrows_local=131456 ncols_global=525825 nnz_local=919680 n_ghost=275308 compute_avg_ms=0.034338 compute_min_ms=0.033792 compute_max_ms=0.035840 compute_var_ms=0.000000401 compute_gflops=53.566103 eff_bw_gbs=292.274125 pct_peak_bw=31.3222 comm_avg_ms=0.724636 comm_min_ms=0.277028 comm_max_ms=3.882251 comm_var_ms=0.849461887 total_avg_ms=0.758974 total_min_ms=0.311411 total_max_ms=3.916043 total_var_ms=0.849435822 effective_gflops=2.423481
RESULT comm=block_nccl kernel=cusparse matrix=parabolic_fem.mtx P=4 rank=2 nrows_local=131456 ncols_global=525825 nnz_local=920192 n_ghost=315385 compute_avg_ms=0.033655 compute_min_ms=0.032768 compute_max_ms=0.034816 compute_var_ms=0.000000261 compute_gflops=54.683063 eff_bw_gbs=303.087520 pct_peak_bw=32.4811 comm_avg_ms=0.839742 comm_min_ms=0.393289 comm_max_ms=4.001970 comm_var_ms=0.852016942 total_avg_ms=0.873397 total_min_ms=0.427081 total_max_ms=4.036786 total_var_ms=0.852381861 effective_gflops=2.107156
RESULT comm=block_nccl kernel=cusparse matrix=parabolic_fem.mtx P=4 rank=3 nrows_local=131456 ncols_global=525825 nnz_local=917120 n_ghost=328450 compute_avg_ms=0.036591 compute_min_ms=0.035840 compute_max_ms=0.038912 compute_var_ms=0.000000415 compute_gflops=50.128263 eff_bw_gbs=279.529238 pct_peak_bw=29.9564 comm_avg_ms=0.862918 comm_min_ms=0.415151 comm_max_ms=4.024900 comm_var_ms=0.852409021 total_avg_ms=0.899509 total_min_ms=0.452015 total_max_ms=4.060740 total_var_ms=0.852237730 effective_gflops=2.039156
[ERROR CHECKING] OK!

--- P=1 rep=2/3 driver=spmv_block_nccl_cusparse ---
Loaded ../matrices/parabolic_fem.mtx: 525825 x 525825, 3674625 nnz
RESULT comm=block_nccl kernel=cusparse matrix=parabolic_fem.mtx P=1 rank=0 nrows_local=525825 ncols_global=525825 nnz_local=3674625 n_ghost=0 compute_avg_ms=0.078985 compute_min_ms=0.077824 compute_max_ms=0.080896 compute_var_ms=0.000000611 compute_gflops=93.046701 eff_bw_gbs=452.074652 pct_peak_bw=48.4476 comm_avg_ms=0.001001 comm_min_ms=0.000941 comm_max_ms=0.001174 comm_var_ms=0.000000002 total_avg_ms=0.079986 total_min_ms=0.078791 total_max_ms=0.081872 total_var_ms=0.000000597 effective_gflops=91.882129
[ERROR CHECKING] OK!

--- P=2 rep=2/3 driver=spmv_block_nccl_cusparse ---
Loaded ../matrices/parabolic_fem.mtx: 525825 x 525825, 3674625 nnz
RESULT comm=block_nccl kernel=cusparse matrix=parabolic_fem.mtx P=2 rank=1 nrows_local=262912 ncols_global=525825 nnz_local=1837312 n_ghost=262913 compute_avg_ms=0.052156 compute_min_ms=0.051200 compute_max_ms=0.053248 compute_var_ms=0.000000345 compute_gflops=70.454844 eff_bw_gbs=362.473982 pct_peak_bw=38.8454 comm_avg_ms=0.186619 comm_min_ms=0.181873 comm_max_ms=0.192332 comm_var_ms=0.000006024 total_avg_ms=0.238774 total_min_ms=0.233558 total_max_ms=0.244556 total_var_ms=0.000006793 effective_gflops=15.389531
RESULT comm=block_nccl kernel=cusparse matrix=parabolic_fem.mtx P=2 rank=0 nrows_local=262913 ncols_global=525825 nnz_local=1837313 n_ghost=262912 compute_avg_ms=0.051951 compute_min_ms=0.051200 compute_max_ms=0.053248 compute_var_ms=0.000000345 compute_gflops=70.732629 eff_bw_gbs=363.903229 pct_peak_bw=38.9985 comm_avg_ms=0.318693 comm_min_ms=0.314486 comm_max_ms=0.323469 comm_var_ms=0.000004354 total_avg_ms=0.370644 total_min_ms=0.365686 total_max_ms=0.375693 total_var_ms=0.000005452 effective_gflops=9.914167
[ERROR CHECKING] OK!

--- P=3 rep=2/3 driver=spmv_block_nccl_cusparse ---
Loaded ../matrices/parabolic_fem.mtx: 525825 x 525825, 3674625 nnz
RESULT comm=block_nccl kernel=cusparse matrix=parabolic_fem.mtx P=3 rank=0 nrows_local=175275 ncols_global=525825 nnz_local=1223847 n_ghost=350550 compute_avg_ms=0.042189 compute_min_ms=0.040960 compute_max_ms=0.043008 compute_var_ms=0.000000238 compute_gflops=58.017626 eff_bw_gbs=315.161374 pct_peak_bw=33.7750 comm_avg_ms=0.290270 comm_min_ms=0.280924 comm_max_ms=0.301070 comm_var_ms=0.000024955 total_avg_ms=0.332459 total_min_ms=0.323932 total_max_ms=0.343054 total_var_ms=0.000025298 effective_gflops=7.362390
RESULT comm=block_nccl kernel=cusparse matrix=parabolic_fem.mtx P=3 rank=1 nrows_local=175275 ncols_global=525825 nnz_local=1226925 n_ghost=296065 compute_avg_ms=0.040107 compute_min_ms=0.038912 compute_max_ms=0.040960 compute_var_ms=0.000000355 compute_gflops=61.183097 eff_bw_gbs=326.702903 pct_peak_bw=35.0119 comm_avg_ms=0.305567 comm_min_ms=0.292381 comm_max_ms=0.329987 comm_var_ms=0.000098182 total_avg_ms=0.345673 total_min_ms=0.332874 total_max_ms=0.369923 total_var_ms=0.000095461 effective_gflops=7.098756
RESULT comm=block_nccl kernel=cusparse matrix=parabolic_fem.mtx P=3 rank=2 nrows_local=175275 ncols_global=525825 nnz_local=1223853 n_ghost=328450 compute_avg_ms=0.041370 compute_min_ms=0.039936 compute_max_ms=0.043008 compute_var_ms=0.000000461 compute_gflops=59.166781 eff_bw_gbs=319.266521 pct_peak_bw=34.2149 comm_avg_ms=0.316463 comm_min_ms=0.305867 comm_max_ms=0.327640 comm_var_ms=0.000027856 total_avg_ms=0.357833 total_min_ms=0.346827 total_max_ms=0.369624 total_var_ms=0.000029257 effective_gflops=6.840366
[ERROR CHECKING] OK!

--- P=4 rep=2/3 driver=spmv_block_nccl_cusparse ---
Loaded ../matrices/parabolic_fem.mtx: 525825 x 525825, 3674625 nnz
RESULT comm=block_nccl kernel=cusparse matrix=parabolic_fem.mtx P=4 rank=1 nrows_local=131456 ncols_global=525825 nnz_local=919680 n_ghost=275308 compute_avg_ms=0.034372 compute_min_ms=0.033792 compute_max_ms=0.034816 compute_var_ms=0.000000257 compute_gflops=53.512909 eff_bw_gbs=291.983882 pct_peak_bw=31.2911 comm_avg_ms=0.713747 comm_min_ms=0.283992 comm_max_ms=4.698795 comm_var_ms=1.078496453 total_avg_ms=0.748120 total_min_ms=0.318808 total_max_ms=4.732587 total_var_ms=1.078553099 effective_gflops=2.458644
RESULT comm=block_nccl kernel=cusparse matrix=parabolic_fem.mtx P=4 rank=2 nrows_local=131456 ncols_global=525825 nnz_local=920192 n_ghost=315385 compute_avg_ms=0.033997 compute_min_ms=0.032768 compute_max_ms=0.034816 compute_var_ms=0.000000238 compute_gflops=54.134036 eff_bw_gbs=300.044472 pct_peak_bw=32.1550 comm_avg_ms=0.826972 comm_min_ms=0.393034 comm_max_ms=4.814041 comm_var_ms=1.079350564 total_avg_ms=0.860969 total_min_ms=0.426826 total_max_ms=4.847833 total_var_ms=1.079345671 effective_gflops=2.137572
RESULT comm=block_nccl kernel=cusparse matrix=parabolic_fem.mtx P=4 rank=0 nrows_local=131457 ncols_global=525825 nnz_local=917633 n_ghost=393981 compute_avg_ms=0.037615 compute_min_ms=0.036864 compute_max_ms=0.038912 compute_var_ms=0.000000275 compute_gflops=48.790886 eff_bw_gbs=278.997586 pct_peak_bw=29.8994 comm_avg_ms=0.764254 comm_min_ms=0.329423 comm_max_ms=4.758563 comm_var_ms=1.071789603 total_avg_ms=0.801869 total_min_ms=0.367311 total_max_ms=4.796451 total_var_ms=1.072186860 effective_gflops=2.288735
RESULT comm=block_nccl kernel=cusparse matrix=parabolic_fem.mtx P=4 rank=3 nrows_local=131456 ncols_global=525825 nnz_local=917120 n_ghost=328450 compute_avg_ms=0.036625 compute_min_ms=0.035840 compute_max_ms=0.036864 compute_var_ms=0.000000188 compute_gflops=50.081545 eff_bw_gbs=279.268725 pct_peak_bw=29.9285 comm_avg_ms=0.851036 comm_min_ms=0.419760 comm_max_ms=4.840269 comm_var_ms=1.080438174 total_avg_ms=0.887661 total_min_ms=0.456624 total_max_ms=4.876109 total_var_ms=1.080197169 effective_gflops=2.066374
[ERROR CHECKING] OK!

--- P=1 rep=3/3 driver=spmv_block_nccl_cusparse ---
Loaded ../matrices/parabolic_fem.mtx: 525825 x 525825, 3674625 nnz
RESULT comm=block_nccl kernel=cusparse matrix=parabolic_fem.mtx P=1 rank=0 nrows_local=525825 ncols_global=525825 nnz_local=3674625 n_ghost=0 compute_avg_ms=0.078711 compute_min_ms=0.076800 compute_max_ms=0.079872 compute_var_ms=0.000000611 compute_gflops=93.369500 eff_bw_gbs=453.642992 pct_peak_bw=48.6157 comm_avg_ms=0.000988 comm_min_ms=0.000953 comm_max_ms=0.001037 comm_var_ms=0.000000001 total_avg_ms=0.079700 total_min_ms=0.077760 total_max_ms=0.080909 total_var_ms=0.000000614 effective_gflops=92.211961
[ERROR CHECKING] OK!

--- P=2 rep=3/3 driver=spmv_block_nccl_cusparse ---
Loaded ../matrices/parabolic_fem.mtx: 525825 x 525825, 3674625 nnz
RESULT comm=block_nccl kernel=cusparse matrix=parabolic_fem.mtx P=2 rank=0 nrows_local=262913 ncols_global=525825 nnz_local=1837313 n_ghost=262912 compute_avg_ms=0.051541 compute_min_ms=0.050176 compute_max_ms=0.053248 compute_var_ms=0.000000373 compute_gflops=71.294742 eff_bw_gbs=366.795176 pct_peak_bw=39.3085 comm_avg_ms=0.325122 comm_min_ms=0.320941 comm_max_ms=0.330707 comm_var_ms=0.000006569 total_avg_ms=0.376663 total_min_ms=0.372141 total_max_ms=0.381907 total_var_ms=0.000006635 effective_gflops=9.755726
RESULT comm=block_nccl kernel=cusparse matrix=parabolic_fem.mtx P=2 rank=1 nrows_local=262912 ncols_global=525825 nnz_local=1837312 n_ghost=262913 compute_avg_ms=0.051849 compute_min_ms=0.051200 compute_max_ms=0.053248 compute_var_ms=0.000000453 compute_gflops=70.872286 eff_bw_gbs=364.621623 pct_peak_bw=39.0755 comm_avg_ms=0.191796 comm_min_ms=0.185834 comm_max_ms=0.198204 comm_var_ms=0.000010671 total_avg_ms=0.243644 total_min_ms=0.237034 total_max_ms=0.250428 total_var_ms=0.000012006 effective_gflops=15.081915
[ERROR CHECKING] OK!

--- P=3 rep=3/3 driver=spmv_block_nccl_cusparse ---
Loaded ../matrices/parabolic_fem.mtx: 525825 x 525825, 3674625 nnz
RESULT comm=block_nccl kernel=cusparse matrix=parabolic_fem.mtx P=3 rank=0 nrows_local=175275 ncols_global=525825 nnz_local=1223847 n_ghost=350550 compute_avg_ms=0.042701 compute_min_ms=0.041984 compute_max_ms=0.044032 compute_var_ms=0.000000430 compute_gflops=57.321971 eff_bw_gbs=311.382460 pct_peak_bw=33.3700 comm_avg_ms=0.295141 comm_min_ms=0.283096 comm_max_ms=0.306712 comm_var_ms=0.000043146 total_avg_ms=0.337842 total_min_ms=0.326104 total_max_ms=0.349720 total_var_ms=0.000044541 effective_gflops=7.245094
RESULT comm=block_nccl kernel=cusparse matrix=parabolic_fem.mtx P=3 rank=1 nrows_local=175275 ncols_global=525825 nnz_local=1226925 n_ghost=296065 compute_avg_ms=0.039936 compute_min_ms=0.038912 compute_max_ms=0.040960 compute_var_ms=0.000000350 compute_gflops=61.444563 eff_bw_gbs=328.099070 pct_peak_bw=35.1615 comm_avg_ms=0.298783 comm_min_ms=0.286088 comm_max_ms=0.318906 comm_var_ms=0.000075826 total_avg_ms=0.338719 total_min_ms=0.326024 total_max_ms=0.358842 total_var_ms=0.000078941 effective_gflops=7.244490
RESULT comm=block_nccl kernel=cusparse matrix=parabolic_fem.mtx P=3 rank=2 nrows_local=175275 ncols_global=525825 nnz_local=1223853 n_ghost=328450 compute_avg_ms=0.041472 compute_min_ms=0.039936 compute_max_ms=0.043008 compute_var_ms=0.000000472 compute_gflops=59.020690 eff_bw_gbs=318.478209 pct_peak_bw=34.1305 comm_avg_ms=0.312890 comm_min_ms=0.301743 comm_max_ms=0.330002 comm_var_ms=0.000035510 total_avg_ms=0.354362 total_min_ms=0.343727 total_max_ms=0.371986 total_var_ms=0.000035267 effective_gflops=6.907361
[ERROR CHECKING] OK!

--- P=4 rep=3/3 driver=spmv_block_nccl_cusparse ---
Loaded ../matrices/parabolic_fem.mtx: 525825 x 525825, 3674625 nnz
RESULT comm=block_nccl kernel=cusparse matrix=parabolic_fem.mtx P=4 rank=1 nrows_local=131456 ncols_global=525825 nnz_local=919680 n_ghost=275308 compute_avg_ms=0.034441 compute_min_ms=0.033792 compute_max_ms=0.035840 compute_var_ms=0.000000383 compute_gflops=53.406838 eff_bw_gbs=291.405123 pct_peak_bw=31.2291 comm_avg_ms=0.730122 comm_min_ms=0.280734 comm_max_ms=2.820341 comm_var_ms=0.791057467 total_avg_ms=0.764562 total_min_ms=0.315550 total_max_ms=2.855157 total_var_ms=0.791076682 effective_gflops=2.405769
RESULT comm=block_nccl kernel=cusparse matrix=parabolic_fem.mtx P=4 rank=2 nrows_local=131456 ncols_global=525825 nnz_local=920192 n_ghost=315385 compute_avg_ms=0.033621 compute_min_ms=0.032768 compute_max_ms=0.034816 compute_var_ms=0.000000285 compute_gflops=54.738578 eff_bw_gbs=303.395223 pct_peak_bw=32.5141 comm_avg_ms=0.842728 comm_min_ms=0.392280 comm_max_ms=2.949240 comm_var_ms=0.791961887 total_avg_ms=0.876349 total_min_ms=0.426072 total_max_ms=2.982008 total_var_ms=0.791821651 effective_gflops=2.100058
RESULT comm=block_nccl kernel=cusparse matrix=parabolic_fem.mtx P=4 rank=0 nrows_local=131457 ncols_global=525825 nnz_local=917633 n_ghost=393981 compute_avg_ms=0.037376 compute_min_ms=0.035840 compute_max_ms=0.038912 compute_var_ms=0.000000402 compute_gflops=49.102791 eff_bw_gbs=280.781133 pct_peak_bw=30.0906 comm_avg_ms=0.788398 comm_min_ms=0.334339 comm_max_ms=2.885927 comm_var_ms=0.801749605 total_avg_ms=0.825774 total_min_ms=0.372227 total_max_ms=2.923815 total_var_ms=0.802001764 effective_gflops=2.222479
RESULT comm=block_nccl kernel=cusparse matrix=parabolic_fem.mtx P=4 rank=3 nrows_local=131456 ncols_global=525825 nnz_local=917120 n_ghost=328450 compute_avg_ms=0.036625 compute_min_ms=0.035840 compute_max_ms=0.037888 compute_var_ms=0.000000327 compute_gflops=50.081545 eff_bw_gbs=279.268725 pct_peak_bw=29.9285 comm_avg_ms=0.867992 comm_min_ms=0.416262 comm_max_ms=2.975085 comm_var_ms=0.791870161 total_avg_ms=0.904617 total_min_ms=0.453126 total_max_ms=3.010925 total_var_ms=0.791736313 effective_gflops=2.027642
[ERROR CHECKING] OK!

=== Job done ===
