=== D2_final intelligent-partitioning (1D-Block, cuSPARSE) small-matrix check ===
Node:     edu01
Date:     Thu Jul 23 03:17:00 PM CEST 2026
Matrix:   ../matrices/cit-Patents.mtx
Reps:     3

--- P=1 rep=1/3 driver=spmv_block_nccl_cusparse ---
Loaded ../matrices/cit-Patents.mtx: 3774768 x 3774768, 16518948 nnz
RESULT comm=block_nccl kernel=cusparse matrix=cit-Patents.mtx P=1 rank=0 nrows_local=3774768 ncols_global=3774768 nnz_local=16518948 n_ghost=0 compute_avg_ms=0.763119 compute_min_ms=0.761856 compute_max_ms=0.764928 compute_var_ms=0.000000607 compute_gflops=43.293246 eff_bw_gbs=232.530992 pct_peak_bw=24.9197 comm_avg_ms=0.001523 comm_min_ms=0.000995 comm_max_ms=0.015473 comm_var_ms=0.000006714 total_avg_ms=0.764642 total_min_ms=0.762874 total_max_ms=0.779377 total_var_ms=0.000008071 effective_gflops=43.207036
[ERROR CHECKING] OK!

--- P=2 rep=1/3 driver=spmv_block_nccl_cusparse ---
Loaded ../matrices/cit-Patents.mtx: 3774768 x 3774768, 16518948 nnz
RESULT comm=block_nccl kernel=cusparse matrix=cit-Patents.mtx P=2 rank=1 nrows_local=1887384 ncols_global=3774768 nnz_local=15371814 n_ghost=1715621 compute_avg_ms=0.705263 compute_min_ms=0.703488 compute_max_ms=0.706560 compute_var_ms=0.000000834 compute_gflops=43.591725 eff_bw_gbs=216.211004 pct_peak_bw=23.1708 comm_avg_ms=0.468963 comm_min_ms=0.459742 comm_max_ms=0.483365 comm_var_ms=0.000041325 total_avg_ms=1.174226 total_min_ms=1.164503 total_max_ms=1.188901 total_var_ms=0.000039722 effective_gflops=26.182028
RESULT comm=block_nccl kernel=cusparse matrix=cit-Patents.mtx P=2 rank=0 nrows_local=1887384 ncols_global=3774768 nnz_local=1147134 n_ghost=12 compute_avg_ms=0.094549 compute_min_ms=0.093184 compute_max_ms=0.096256 compute_var_ms=0.000000443 compute_gflops=24.265300 eff_bw_gbs=336.604502 pct_peak_bw=36.0730 comm_avg_ms=0.425326 comm_min_ms=0.420122 comm_max_ms=0.433170 comm_var_ms=0.000010197 total_avg_ms=0.519876 total_min_ms=0.514513 total_max_ms=0.528402 total_var_ms=0.000011434 effective_gflops=4.413110
[ERROR CHECKING] OK!

--- P=3 rep=1/3 driver=spmv_block_nccl_cusparse ---
Loaded ../matrices/cit-Patents.mtx: 3774768 x 3774768, 16518948 nnz
RESULT comm=block_nccl kernel=cusparse matrix=cit-Patents.mtx P=3 rank=0 nrows_local=1258256 ncols_global=3774768 nnz_local=0 n_ghost=0 compute_avg_ms=0.015804 compute_min_ms=0.015360 compute_max_ms=0.016384 compute_var_ms=0.000000257 compute_gflops=0.000000 eff_bw_gbs=955.411985 pct_peak_bw=102.3890 comm_avg_ms=0.602248 comm_min_ms=0.596132 comm_max_ms=0.612866 comm_var_ms=0.000013398 total_avg_ms=0.618051 total_min_ms=0.611657 total_max_ms=0.628226 total_var_ms=0.000012060 effective_gflops=0.000000
RESULT comm=block_nccl kernel=cusparse matrix=cit-Patents.mtx P=3 rank=1 nrows_local=1258256 ncols_global=3774768 nnz_local=5026808 n_ghost=911200 compute_avg_ms=0.263646 compute_min_ms=0.263168 compute_max_ms=0.266240 compute_var_ms=0.000000541 compute_gflops=38.133031 eff_bw_gbs=223.627022 pct_peak_bw=23.9655 comm_avg_ms=0.819489 comm_min_ms=0.808883 comm_max_ms=0.827324 comm_var_ms=0.000021655 total_avg_ms=1.083135 total_min_ms=1.072051 total_max_ms=1.091516 total_var_ms=0.000023167 effective_gflops=9.281958
RESULT comm=block_nccl kernel=cusparse matrix=cit-Patents.mtx P=3 rank=2 nrows_local=1258256 ncols_global=3774768 nnz_local=11492140 n_ghost=1763441 compute_avg_ms=0.512580 compute_min_ms=0.510976 compute_max_ms=0.514048 compute_var_ms=0.000000677 compute_gflops=44.840353 eff_bw_gbs=222.579698 pct_peak_bw=23.8533 comm_avg_ms=1.032012 comm_min_ms=1.021273 comm_max_ms=1.042406 comm_var_ms=0.000031620 total_avg_ms=1.544592 total_min_ms=1.533273 total_max_ms=1.555430 total_var_ms=0.000033216 effective_gflops=14.880486
[ERROR CHECKING] OK!

--- P=4 rep=1/3 driver=spmv_block_nccl_cusparse ---
Loaded ../matrices/cit-Patents.mtx: 3774768 x 3774768, 16518948 nnz
RESULT comm=block_nccl kernel=cusparse matrix=cit-Patents.mtx P=4 rank=0 nrows_local=943692 ncols_global=3774768 nnz_local=0 n_ghost=0 compute_avg_ms=0.013585 compute_min_ms=0.013312 compute_max_ms=0.014336 compute_var_ms=0.000000205 compute_gflops=0.000000 eff_bw_gbs=833.585018 pct_peak_bw=89.3331 comm_avg_ms=0.492501 comm_min_ms=0.480843 comm_max_ms=0.508628 comm_var_ms=0.000034376 total_avg_ms=0.506086 total_min_ms=0.495179 total_max_ms=0.521940 total_var_ms=0.000033214 effective_gflops=0.000000
RESULT comm=block_nccl kernel=cusparse matrix=cit-Patents.mtx P=4 rank=1 nrows_local=943692 ncols_global=3774768 nnz_local=1147134 n_ghost=257614 compute_avg_ms=0.086050 compute_min_ms=0.084992 compute_max_ms=0.087040 compute_var_ms=0.000000383 compute_gflops=26.661993 eff_bw_gbs=250.224321 pct_peak_bw=26.8159 comm_avg_ms=0.495384 comm_min_ms=0.471193 comm_max_ms=0.515549 comm_var_ms=0.000097267 total_avg_ms=0.581434 total_min_ms=0.557209 total_max_ms=0.602589 total_var_ms=0.000099654 effective_gflops=3.945878
RESULT comm=block_nccl kernel=cusparse matrix=cit-Patents.mtx P=4 rank=2 nrows_local=943692 ncols_global=3774768 nnz_local=6232224 n_ghost=1411849 compute_avg_ms=0.303036 compute_min_ms=0.301056 compute_max_ms=0.304128 compute_var_ms=0.000000904 compute_gflops=41.131941 eff_bw_gbs=220.533383 pct_peak_bw=23.6340 comm_avg_ms=0.622037 comm_min_ms=0.605023 comm_max_ms=0.638200 comm_var_ms=0.000049134 total_avg_ms=0.925072 total_min_ms=0.909151 total_max_ms=0.942328 total_var_ms=0.000049813 effective_gflops=13.474023
RESULT comm=block_nccl kernel=cusparse matrix=cit-Patents.mtx P=4 rank=3 nrows_local=943692 ncols_global=3774768 nnz_local=9139590 n_ghost=1727178 compute_avg_ms=0.420386 compute_min_ms=0.417792 compute_max_ms=0.421888 compute_var_ms=0.000001100 compute_gflops=43.481882 eff_bw_gbs=217.299606 pct_peak_bw=23.2874 comm_avg_ms=0.685451 comm_min_ms=0.677890 comm_max_ms=0.694059 comm_var_ms=0.000016953 total_avg_ms=1.105838 total_min_ms=1.098592 total_max_ms=1.114923 total_var_ms=0.000017127 effective_gflops=16.529714
[ERROR CHECKING] OK!

--- P=1 rep=2/3 driver=spmv_block_nccl_cusparse ---
Loaded ../matrices/cit-Patents.mtx: 3774768 x 3774768, 16518948 nnz
RESULT comm=block_nccl kernel=cusparse matrix=cit-Patents.mtx P=1 rank=0 nrows_local=3774768 ncols_global=3774768 nnz_local=16518948 n_ghost=0 compute_avg_ms=0.762778 compute_min_ms=0.760832 compute_max_ms=0.764928 compute_var_ms=0.000000933 compute_gflops=43.312619 eff_bw_gbs=232.635044 pct_peak_bw=24.9309 comm_avg_ms=0.000988 comm_min_ms=0.000914 comm_max_ms=0.001321 comm_var_ms=0.000000007 total_avg_ms=0.763766 total_min_ms=0.761800 total_max_ms=0.765924 total_var_ms=0.000000920 effective_gflops=43.256586
[ERROR CHECKING] OK!

--- P=2 rep=2/3 driver=spmv_block_nccl_cusparse ---
Loaded ../matrices/cit-Patents.mtx: 3774768 x 3774768, 16518948 nnz
RESULT comm=block_nccl kernel=cusparse matrix=cit-Patents.mtx P=2 rank=1 nrows_local=1887384 ncols_global=3774768 nnz_local=15371814 n_ghost=1715621 compute_avg_ms=0.705399 compute_min_ms=0.703488 compute_max_ms=0.707584 compute_var_ms=0.000000750 compute_gflops=43.583287 eff_bw_gbs=216.169155 pct_peak_bw=23.1663 comm_avg_ms=0.470213 comm_min_ms=0.458862 comm_max_ms=0.485352 comm_var_ms=0.000045051 total_avg_ms=1.175612 total_min_ms=1.163374 total_max_ms=1.190888 total_var_ms=0.000049700 effective_gflops=26.151161
RESULT comm=block_nccl kernel=cusparse matrix=cit-Patents.mtx P=2 rank=0 nrows_local=1887384 ncols_global=3774768 nnz_local=1147134 n_ghost=12 compute_avg_ms=0.094310 compute_min_ms=0.093184 compute_max_ms=0.096256 compute_var_ms=0.000000863 compute_gflops=24.326776 eff_bw_gbs=337.457282 pct_peak_bw=36.1644 comm_avg_ms=0.428396 comm_min_ms=0.423391 comm_max_ms=0.434279 comm_var_ms=0.000007706 total_avg_ms=0.522706 total_min_ms=0.517599 total_max_ms=0.530535 total_var_ms=0.000009587 effective_gflops=4.389210
[ERROR CHECKING] OK!

--- P=3 rep=2/3 driver=spmv_block_nccl_cusparse ---
Loaded ../matrices/cit-Patents.mtx: 3774768 x 3774768, 16518948 nnz
RESULT comm=block_nccl kernel=cusparse matrix=cit-Patents.mtx P=3 rank=0 nrows_local=1258256 ncols_global=3774768 nnz_local=0 n_ghost=0 compute_avg_ms=0.015565 compute_min_ms=0.014336 compute_max_ms=0.016384 compute_var_ms=0.000000308 compute_gflops=0.000000 eff_bw_gbs=970.078398 pct_peak_bw=103.9607 comm_avg_ms=0.603412 comm_min_ms=0.593234 comm_max_ms=0.618312 comm_var_ms=0.000023048 total_avg_ms=0.618977 total_min_ms=0.608594 total_max_ms=0.632648 total_var_ms=0.000022287 effective_gflops=0.000000
RESULT comm=block_nccl kernel=cusparse matrix=cit-Patents.mtx P=3 rank=1 nrows_local=1258256 ncols_global=3774768 nnz_local=5026808 n_ghost=911200 compute_avg_ms=0.263680 compute_min_ms=0.262144 compute_max_ms=0.267264 compute_var_ms=0.000000821 compute_gflops=38.128095 eff_bw_gbs=223.598074 pct_peak_bw=23.9624 comm_avg_ms=0.824387 comm_min_ms=0.812108 comm_max_ms=0.836540 comm_var_ms=0.000039570 total_avg_ms=1.088067 total_min_ms=1.076300 total_max_ms=1.100732 total_var_ms=0.000039983 effective_gflops=9.239887
RESULT comm=block_nccl kernel=cusparse matrix=cit-Patents.mtx P=3 rank=2 nrows_local=1258256 ncols_global=3774768 nnz_local=11492140 n_ghost=1763441 compute_avg_ms=0.512137 compute_min_ms=0.509952 compute_max_ms=0.514048 compute_var_ms=0.000000750 compute_gflops=44.879204 eff_bw_gbs=222.772545 pct_peak_bw=23.8739 comm_avg_ms=1.037520 comm_min_ms=1.022839 comm_max_ms=1.050400 comm_var_ms=0.000045656 total_avg_ms=1.549656 total_min_ms=1.535863 total_max_ms=1.562400 total_var_ms=0.000044507 effective_gflops=14.831857
[ERROR CHECKING] OK!

--- P=4 rep=2/3 driver=spmv_block_nccl_cusparse ---
Loaded ../matrices/cit-Patents.mtx: 3774768 x 3774768, 16518948 nnz
RESULT comm=block_nccl kernel=cusparse matrix=cit-Patents.mtx P=4 rank=0 nrows_local=943692 ncols_global=3774768 nnz_local=0 n_ghost=0 compute_avg_ms=0.013858 compute_min_ms=0.013312 compute_max_ms=0.014336 compute_var_ms=0.000000261 compute_gflops=0.000000 eff_bw_gbs=817.159692 pct_peak_bw=87.5728 comm_avg_ms=0.485946 comm_min_ms=0.477183 comm_max_ms=0.494467 comm_var_ms=0.000014359 total_avg_ms=0.499804 total_min_ms=0.490495 total_max_ms=0.507779 total_var_ms=0.000014913 effective_gflops=0.000000
RESULT comm=block_nccl kernel=cusparse matrix=cit-Patents.mtx P=4 rank=1 nrows_local=943692 ncols_global=3774768 nnz_local=1147134 n_ghost=257614 compute_avg_ms=0.086596 compute_min_ms=0.084992 compute_max_ms=0.089088 compute_var_ms=0.000000817 compute_gflops=26.493844 eff_bw_gbs=248.646240 pct_peak_bw=26.6468 comm_avg_ms=0.485934 comm_min_ms=0.470611 comm_max_ms=0.499212 comm_var_ms=0.000041515 total_avg_ms=0.572530 total_min_ms=0.557651 total_max_ms=0.587276 total_var_ms=0.000040749 effective_gflops=4.007245
RESULT comm=block_nccl kernel=cusparse matrix=cit-Patents.mtx P=4 rank=2 nrows_local=943692 ncols_global=3774768 nnz_local=6232224 n_ghost=1411849 compute_avg_ms=0.303343 compute_min_ms=0.301056 compute_max_ms=0.305152 compute_var_ms=0.000000887 compute_gflops=41.090286 eff_bw_gbs=220.310044 pct_peak_bw=23.6100 comm_avg_ms=0.617080 comm_min_ms=0.603881 comm_max_ms=0.631132 comm_var_ms=0.000041579 total_avg_ms=0.920423 total_min_ms=0.906985 total_max_ms=0.936284 total_var_ms=0.000041628 effective_gflops=13.542089
RESULT comm=block_nccl kernel=cusparse matrix=cit-Patents.mtx P=4 rank=3 nrows_local=943692 ncols_global=3774768 nnz_local=9139590 n_ghost=1727178 compute_avg_ms=0.420045 compute_min_ms=0.418816 compute_max_ms=0.421888 compute_var_ms=0.000000587 compute_gflops=43.517215 eff_bw_gbs=217.476184 pct_peak_bw=23.3063 comm_avg_ms=0.697151 comm_min_ms=0.687452 comm_max_ms=0.705457 comm_var_ms=0.000024389 total_avg_ms=1.117196 total_min_ms=1.107292 total_max_ms=1.126321 total_var_ms=0.000026097 effective_gflops=16.361664
[ERROR CHECKING] OK!

--- P=1 rep=3/3 driver=spmv_block_nccl_cusparse ---
Loaded ../matrices/cit-Patents.mtx: 3774768 x 3774768, 16518948 nnz
RESULT comm=block_nccl kernel=cusparse matrix=cit-Patents.mtx P=1 rank=0 nrows_local=3774768 ncols_global=3774768 nnz_local=16518948 n_ghost=0 compute_avg_ms=0.763051 compute_min_ms=0.760832 compute_max_ms=0.765952 compute_var_ms=0.000000984 compute_gflops=43.297119 eff_bw_gbs=232.551793 pct_peak_bw=24.9220 comm_avg_ms=0.001044 comm_min_ms=0.001001 comm_max_ms=0.001242 comm_var_ms=0.000000003 total_avg_ms=0.764095 total_min_ms=0.761842 total_max_ms=0.766995 total_var_ms=0.000000988 effective_gflops=43.237936
[ERROR CHECKING] OK!

--- P=2 rep=3/3 driver=spmv_block_nccl_cusparse ---
Loaded ../matrices/cit-Patents.mtx: 3774768 x 3774768, 16518948 nnz
RESULT comm=block_nccl kernel=cusparse matrix=cit-Patents.mtx P=2 rank=1 nrows_local=1887384 ncols_global=3774768 nnz_local=15371814 n_ghost=1715621 compute_avg_ms=0.705399 compute_min_ms=0.703488 compute_max_ms=0.707584 compute_var_ms=0.000000820 compute_gflops=43.583287 eff_bw_gbs=216.169155 pct_peak_bw=23.1663 comm_avg_ms=0.472054 comm_min_ms=0.458193 comm_max_ms=0.485987 comm_var_ms=0.000060323 total_avg_ms=1.177453 total_min_ms=1.163590 total_max_ms=1.190499 total_var_ms=0.000064774 effective_gflops=26.110274
RESULT comm=block_nccl kernel=cusparse matrix=cit-Patents.mtx P=2 rank=0 nrows_local=1887384 ncols_global=3774768 nnz_local=1147134 n_ghost=12 compute_avg_ms=0.094481 compute_min_ms=0.093184 compute_max_ms=0.096256 compute_var_ms=0.000000694 compute_gflops=24.282833 eff_bw_gbs=336.847713 pct_peak_bw=36.0991 comm_avg_ms=0.425729 comm_min_ms=0.419255 comm_max_ms=0.433735 comm_var_ms=0.000012430 total_avg_ms=0.520210 total_min_ms=0.513463 total_max_ms=0.527943 total_var_ms=0.000014054 effective_gflops=4.410270
[ERROR CHECKING] OK!

--- P=3 rep=3/3 driver=spmv_block_nccl_cusparse ---
Loaded ../matrices/cit-Patents.mtx: 3774768 x 3774768, 16518948 nnz
RESULT comm=block_nccl kernel=cusparse matrix=cit-Patents.mtx P=3 rank=1 nrows_local=1258256 ncols_global=3774768 nnz_local=5026808 n_ghost=911200 compute_avg_ms=0.263100 compute_min_ms=0.262144 compute_max_ms=0.264192 compute_var_ms=0.000000555 compute_gflops=38.212186 eff_bw_gbs=224.091219 pct_peak_bw=24.0153 comm_avg_ms=0.830319 comm_min_ms=0.815247 comm_max_ms=0.840178 comm_var_ms=0.000025302 total_avg_ms=1.093419 total_min_ms=1.079439 total_max_ms=1.104370 total_var_ms=0.000024653 effective_gflops=9.194663
RESULT comm=block_nccl kernel=cusparse matrix=cit-Patents.mtx P=3 rank=2 nrows_local=1258256 ncols_global=3774768 nnz_local=11492140 n_ghost=1763441 compute_avg_ms=0.512171 compute_min_ms=0.510976 compute_max_ms=0.514048 compute_var_ms=0.000000495 compute_gflops=44.876212 eff_bw_gbs=222.757696 pct_peak_bw=23.8724 comm_avg_ms=1.044672 comm_min_ms=1.024173 comm_max_ms=1.057887 comm_var_ms=0.000041336 total_avg_ms=1.556843 total_min_ms=1.537197 total_max_ms=1.569887 total_var_ms=0.000040492 effective_gflops=14.763391
RESULT comm=block_nccl kernel=cusparse matrix=cit-Patents.mtx P=3 rank=0 nrows_local=1258256 ncols_global=3774768 nnz_local=0 n_ghost=0 compute_avg_ms=0.015804 compute_min_ms=0.014336 compute_max_ms=0.016384 compute_var_ms=0.000000327 compute_gflops=0.000000 eff_bw_gbs=955.411983 pct_peak_bw=102.3890 comm_avg_ms=0.603080 comm_min_ms=0.593274 comm_max_ms=0.612191 comm_var_ms=0.000030400 total_avg_ms=0.618884 total_min_ms=0.608634 total_max_ms=0.628277 total_var_ms=0.000032655 effective_gflops=0.000000
[ERROR CHECKING] OK!

--- P=4 rep=3/3 driver=spmv_block_nccl_cusparse ---
Loaded ../matrices/cit-Patents.mtx: 3774768 x 3774768, 16518948 nnz
RESULT comm=block_nccl kernel=cusparse matrix=cit-Patents.mtx P=4 rank=0 nrows_local=943692 ncols_global=3774768 nnz_local=0 n_ghost=0 compute_avg_ms=0.013517 compute_min_ms=0.012288 compute_max_ms=0.014336 compute_var_ms=0.000000238 compute_gflops=0.000000 eff_bw_gbs=837.795043 pct_peak_bw=89.7843 comm_avg_ms=0.490807 comm_min_ms=0.481381 comm_max_ms=0.502585 comm_var_ms=0.000028477 total_avg_ms=0.504324 total_min_ms=0.494693 total_max_ms=0.515897 total_var_ms=0.000027624 effective_gflops=0.000000
RESULT comm=block_nccl kernel=cusparse matrix=cit-Patents.mtx P=4 rank=1 nrows_local=943692 ncols_global=3774768 nnz_local=1147134 n_ghost=257614 compute_avg_ms=0.086596 compute_min_ms=0.084992 compute_max_ms=0.088064 compute_var_ms=0.000000537 compute_gflops=26.493844 eff_bw_gbs=248.646240 pct_peak_bw=26.6468 comm_avg_ms=0.496633 comm_min_ms=0.483218 comm_max_ms=0.522922 comm_var_ms=0.000113397 total_avg_ms=0.583229 total_min_ms=0.570258 total_max_ms=0.607914 total_var_ms=0.000110230 effective_gflops=3.933734
RESULT comm=block_nccl kernel=cusparse matrix=cit-Patents.mtx P=4 rank=2 nrows_local=943692 ncols_global=3774768 nnz_local=6232224 n_ghost=1411849 compute_avg_ms=0.302899 compute_min_ms=0.301056 compute_max_ms=0.305152 compute_var_ms=0.000000867 compute_gflops=41.150481 eff_bw_gbs=220.632787 pct_peak_bw=23.6446 comm_avg_ms=0.622651 comm_min_ms=0.611308 comm_max_ms=0.639450 comm_var_ms=0.000054622 total_avg_ms=0.925550 total_min_ms=0.913388 total_max_ms=0.942554 total_var_ms=0.000057110 effective_gflops=13.467067
RESULT comm=block_nccl kernel=cusparse matrix=cit-Patents.mtx P=4 rank=3 nrows_local=943692 ncols_global=3774768 nnz_local=9139590 n_ghost=1727178 compute_avg_ms=0.420420 compute_min_ms=0.418816 compute_max_ms=0.421888 compute_var_ms=0.000000817 compute_gflops=43.478352 eff_bw_gbs=217.281963 pct_peak_bw=23.2855 comm_avg_ms=0.683576 comm_min_ms=0.674350 comm_max_ms=0.693096 comm_var_ms=0.000022168 total_avg_ms=1.103996 total_min_ms=1.094190 total_max_ms=1.113960 total_var_ms=0.000021761 effective_gflops=16.557290
[ERROR CHECKING] OK!

=== Job done ===
