=== D2_final intelligent-partitioning (1D-Block, cuSPARSE) small-matrix check ===
Node:     edu01
Date:     Thu Jul 23 03:19:30 PM CEST 2026
Matrix:   ../matrices/crankseg_2.mtx
Reps:     3

--- P=1 rep=1/3 driver=spmv_block_nccl_cusparse ---
Loaded ../matrices/crankseg_2.mtx: 63838 x 63838, 14148858 nnz
RESULT comm=block_nccl kernel=cusparse matrix=crankseg_2.mtx P=1 rank=0 nrows_local=63838 ncols_global=63838 nnz_local=14148858 n_ghost=0 compute_avg_ms=0.162577 compute_min_ms=0.161792 compute_max_ms=0.164864 compute_var_ms=0.000000607 compute_gflops=174.057244 eff_bw_gbs=700.940956 pct_peak_bw=75.1180 comm_avg_ms=0.000965 comm_min_ms=0.000907 comm_max_ms=0.001041 comm_var_ms=0.000000001 total_avg_ms=0.163542 total_min_ms=0.162699 total_max_ms=0.165800 total_var_ms=0.000000608 effective_gflops=173.030198
[ERROR CHECKING] OK!

--- P=2 rep=1/3 driver=spmv_block_nccl_cusparse ---
Loaded ../matrices/crankseg_2.mtx: 63838 x 63838, 14148858 nnz
RESULT comm=block_nccl kernel=cusparse matrix=crankseg_2.mtx P=2 rank=1 nrows_local=31919 ncols_global=63838 nnz_local=6146995 n_ghost=30911 compute_avg_ms=0.084821 compute_min_ms=0.083968 compute_max_ms=0.087040 compute_var_ms=0.000000425 compute_gflops=144.939836 eff_bw_gbs=585.732795 pct_peak_bw=62.7714 comm_avg_ms=0.081043 comm_min_ms=0.077422 comm_max_ms=0.108459 comm_var_ms=0.000027236 total_avg_ms=0.165864 total_min_ms=0.162414 total_max_ms=0.193451 total_var_ms=0.000027854 effective_gflops=74.120683
RESULT comm=block_nccl kernel=cusparse matrix=crankseg_2.mtx P=2 rank=0 nrows_local=31919 ncols_global=63838 nnz_local=8001863 n_ghost=31919 compute_avg_ms=0.101069 compute_min_ms=0.100352 compute_max_ms=0.102400 compute_var_ms=0.000000360 compute_gflops=158.344875 eff_bw_gbs=638.432572 pct_peak_bw=68.4191 comm_avg_ms=0.081715 comm_min_ms=0.079518 comm_max_ms=0.095806 comm_var_ms=0.000008038 total_avg_ms=0.182784 total_min_ms=0.179870 total_max_ms=0.198206 total_var_ms=0.000009579 effective_gflops=87.555368
[ERROR CHECKING] OK!

--- P=3 rep=1/3 driver=spmv_block_nccl_cusparse ---
Loaded ../matrices/crankseg_2.mtx: 63838 x 63838, 14148858 nnz
RESULT comm=block_nccl kernel=cusparse matrix=crankseg_2.mtx P=3 rank=1 nrows_local=21279 ncols_global=63838 nnz_local=5057302 n_ghost=27109 compute_avg_ms=0.072909 compute_min_ms=0.072704 compute_max_ms=0.073728 compute_var_ms=0.000000168 compute_gflops=138.729532 eff_bw_gbs=559.907757 pct_peak_bw=60.0038 comm_avg_ms=0.083570 comm_min_ms=0.081905 comm_max_ms=0.090871 comm_var_ms=0.000002518 total_avg_ms=0.156479 total_min_ms=0.154609 total_max_ms=0.164599 total_var_ms=0.000003050 effective_gflops=64.638689
RESULT comm=block_nccl kernel=cusparse matrix=crankseg_2.mtx P=3 rank=0 nrows_local=21280 ncols_global=63838 nnz_local=5625134 n_ghost=42558 compute_avg_ms=0.077517 compute_min_ms=0.076800 compute_max_ms=0.078848 compute_var_ms=0.000000360 compute_gflops=145.133289 eff_bw_gbs=586.023526 pct_peak_bw=62.8026 comm_avg_ms=0.078621 comm_min_ms=0.076157 comm_max_ms=0.084831 comm_var_ms=0.000002439 total_avg_ms=0.156138 total_min_ms=0.153471 total_max_ms=0.162655 total_var_ms=0.000002842 effective_gflops=72.053533
RESULT comm=block_nccl kernel=cusparse matrix=crankseg_2.mtx P=3 rank=2 nrows_local=21279 ncols_global=63838 nnz_local=3466422 n_ghost=41521 compute_avg_ms=0.057754 compute_min_ms=0.057344 compute_max_ms=0.058368 compute_var_ms=0.000000252 compute_gflops=120.041762 eff_bw_gbs=487.464185 pct_peak_bw=52.2402 comm_avg_ms=0.082318 comm_min_ms=0.078804 comm_max_ms=0.088726 comm_var_ms=0.000005115 total_avg_ms=0.140072 total_min_ms=0.136201 total_max_ms=0.147094 total_var_ms=0.000005736 effective_gflops=49.494883
[ERROR CHECKING] OK!

--- P=4 rep=1/3 driver=spmv_block_nccl_cusparse ---
Loaded ../matrices/crankseg_2.mtx: 63838 x 63838, 14148858 nnz
RESULT comm=block_nccl kernel=cusparse matrix=crankseg_2.mtx P=4 rank=0 nrows_local=15960 ncols_global=63838 nnz_local=4400933 n_ghost=47878 compute_avg_ms=0.064717 compute_min_ms=0.063488 compute_max_ms=0.065536 compute_var_ms=0.000000308 compute_gflops=136.005891 eff_bw_gbs=549.942214 pct_peak_bw=58.9359 comm_avg_ms=0.091216 comm_min_ms=0.086450 comm_max_ms=0.095348 comm_var_ms=0.000003351 total_avg_ms=0.155933 total_min_ms=0.150962 total_max_ms=0.159860 total_var_ms=0.000003929 effective_gflops=56.446461
RESULT comm=block_nccl kernel=cusparse matrix=crankseg_2.mtx P=4 rank=1 nrows_local=15960 ncols_global=63838 nnz_local=3601200 n_ghost=19633 compute_avg_ms=0.057958 compute_min_ms=0.056320 compute_max_ms=0.059392 compute_var_ms=0.000000531 compute_gflops=124.268439 eff_bw_gbs=501.733235 pct_peak_bw=53.7694 comm_avg_ms=0.066297 comm_min_ms=0.064168 comm_max_ms=0.069320 comm_var_ms=0.000001282 total_avg_ms=0.124255 total_min_ms=0.121282 total_max_ms=0.126664 total_var_ms=0.000001533 effective_gflops=57.964560
RESULT comm=block_nccl kernel=cusparse matrix=crankseg_2.mtx P=4 rank=2 nrows_local=15959 ncols_global=63838 nnz_local=3701632 n_ghost=33488 compute_avg_ms=0.058778 compute_min_ms=0.057344 compute_max_ms=0.060416 compute_var_ms=0.000000461 compute_gflops=125.953830 eff_bw_gbs=509.352531 pct_peak_bw=54.5860 comm_avg_ms=0.111952 comm_min_ms=0.107518 comm_max_ms=0.116243 comm_var_ms=0.000004151 total_avg_ms=0.170730 total_min_ms=0.165886 total_max_ms=0.175635 total_var_ms=0.000004473 effective_gflops=43.362535
RESULT comm=block_nccl kernel=cusparse matrix=crankseg_2.mtx P=4 rank=3 nrows_local=15959 ncols_global=63838 nnz_local=2445093 n_ghost=46796 compute_avg_ms=0.047036 compute_min_ms=0.046080 compute_max_ms=0.048128 compute_var_ms=0.000000275 compute_gflops=103.967464 eff_bw_gbs=423.921095 pct_peak_bw=45.4305 comm_avg_ms=0.123319 comm_min_ms=0.119679 comm_max_ms=0.129807 comm_var_ms=0.000007235 total_avg_ms=0.170354 total_min_ms=0.167057 total_max_ms=0.176911 total_var_ms=0.000007507 effective_gflops=28.705956
[ERROR CHECKING] OK!

--- P=1 rep=2/3 driver=spmv_block_nccl_cusparse ---
Loaded ../matrices/crankseg_2.mtx: 63838 x 63838, 14148858 nnz
RESULT comm=block_nccl kernel=cusparse matrix=crankseg_2.mtx P=1 rank=0 nrows_local=63838 ncols_global=63838 nnz_local=14148858 n_ghost=0 compute_avg_ms=0.162304 compute_min_ms=0.160768 compute_max_ms=0.163840 compute_var_ms=0.000000472 compute_gflops=174.350084 eff_bw_gbs=702.120245 pct_peak_bw=75.2444 comm_avg_ms=0.000983 comm_min_ms=0.000947 comm_max_ms=0.001158 comm_var_ms=0.000000002 total_avg_ms=0.163287 total_min_ms=0.161722 total_max_ms=0.164799 total_var_ms=0.000000450 effective_gflops=173.300095
[ERROR CHECKING] OK!

--- P=2 rep=2/3 driver=spmv_block_nccl_cusparse ---
Loaded ../matrices/crankseg_2.mtx: 63838 x 63838, 14148858 nnz
RESULT comm=block_nccl kernel=cusparse matrix=crankseg_2.mtx P=2 rank=1 nrows_local=31919 ncols_global=63838 nnz_local=6146995 n_ghost=30911 compute_avg_ms=0.084548 compute_min_ms=0.083968 compute_max_ms=0.086016 compute_var_ms=0.000000327 compute_gflops=145.407950 eff_bw_gbs=587.624545 pct_peak_bw=62.9742 comm_avg_ms=0.082324 comm_min_ms=0.078185 comm_max_ms=0.156740 comm_var_ms=0.000191804 total_avg_ms=0.166872 total_min_ms=0.162153 total_max_ms=0.240708 total_var_ms=0.000188805 effective_gflops=73.673057
RESULT comm=block_nccl kernel=cusparse matrix=crankseg_2.mtx P=2 rank=0 nrows_local=31919 ncols_global=63838 nnz_local=8001863 n_ghost=31919 compute_avg_ms=0.101069 compute_min_ms=0.100352 compute_max_ms=0.102400 compute_var_ms=0.000000290 compute_gflops=158.344875 eff_bw_gbs=638.432572 pct_peak_bw=68.4191 comm_avg_ms=0.083805 comm_min_ms=0.078642 comm_max_ms=0.168288 comm_var_ms=0.000247107 total_avg_ms=0.184874 total_min_ms=0.179958 total_max_ms=0.269664 total_var_ms=0.000248976 effective_gflops=86.565805
[ERROR CHECKING] OK!

--- P=3 rep=2/3 driver=spmv_block_nccl_cusparse ---
Loaded ../matrices/crankseg_2.mtx: 63838 x 63838, 14148858 nnz
RESULT comm=block_nccl kernel=cusparse matrix=crankseg_2.mtx P=3 rank=0 nrows_local=21280 ncols_global=63838 nnz_local=5625134 n_ghost=42558 compute_avg_ms=0.077414 compute_min_ms=0.076800 compute_max_ms=0.079872 compute_var_ms=0.000000531 compute_gflops=145.325262 eff_bw_gbs=586.798682 pct_peak_bw=62.8857 comm_avg_ms=0.077899 comm_min_ms=0.074366 comm_max_ms=0.080761 comm_var_ms=0.000002239 total_avg_ms=0.155313 total_min_ms=0.151166 total_max_ms=0.158585 total_var_ms=0.000003336 effective_gflops=72.436084
RESULT comm=block_nccl kernel=cusparse matrix=crankseg_2.mtx P=3 rank=1 nrows_local=21279 ncols_global=63838 nnz_local=5057302 n_ghost=27109 compute_avg_ms=0.072363 compute_min_ms=0.071680 compute_max_ms=0.073728 compute_var_ms=0.000000373 compute_gflops=139.776547 eff_bw_gbs=564.133478 pct_peak_bw=60.4567 comm_avg_ms=0.084070 comm_min_ms=0.081123 comm_max_ms=0.086025 comm_var_ms=0.000001821 total_avg_ms=0.156433 total_min_ms=0.153827 total_max_ms=0.158729 total_var_ms=0.000001723 effective_gflops=64.657917
RESULT comm=block_nccl kernel=cusparse matrix=crankseg_2.mtx P=3 rank=2 nrows_local=21279 ncols_global=63838 nnz_local=3466422 n_ghost=41521 compute_avg_ms=0.057958 compute_min_ms=0.057344 compute_max_ms=0.061440 compute_var_ms=0.000000741 compute_gflops=119.617586 eff_bw_gbs=485.741697 pct_peak_bw=52.0557 comm_avg_ms=0.082159 comm_min_ms=0.078525 comm_max_ms=0.085371 comm_var_ms=0.000002819 total_avg_ms=0.140117 total_min_ms=0.135869 total_max_ms=0.143739 total_var_ms=0.000003354 effective_gflops=49.478928
[ERROR CHECKING] OK!

--- P=4 rep=2/3 driver=spmv_block_nccl_cusparse ---
Loaded ../matrices/crankseg_2.mtx: 63838 x 63838, 14148858 nnz
RESULT comm=block_nccl kernel=cusparse matrix=crankseg_2.mtx P=4 rank=1 nrows_local=15960 ncols_global=63838 nnz_local=3601200 n_ghost=19633 compute_avg_ms=0.057958 compute_min_ms=0.057344 compute_max_ms=0.059392 compute_var_ms=0.000000322 compute_gflops=124.268439 eff_bw_gbs=501.733235 pct_peak_bw=53.7694 comm_avg_ms=0.066069 comm_min_ms=0.063535 comm_max_ms=0.069467 comm_var_ms=0.000001695 total_avg_ms=0.124027 total_min_ms=0.121056 total_max_ms=0.126811 total_var_ms=0.000001888 effective_gflops=58.071117
RESULT comm=block_nccl kernel=cusparse matrix=crankseg_2.mtx P=4 rank=2 nrows_local=15959 ncols_global=63838 nnz_local=3701632 n_ghost=33488 compute_avg_ms=0.058505 compute_min_ms=0.057344 compute_max_ms=0.059392 compute_var_ms=0.000000261 compute_gflops=126.541713 eff_bw_gbs=511.729907 pct_peak_bw=54.8407 comm_avg_ms=0.114579 comm_min_ms=0.111686 comm_max_ms=0.117509 comm_var_ms=0.000002022 total_avg_ms=0.173083 total_min_ms=0.170054 total_max_ms=0.176291 total_var_ms=0.000002166 effective_gflops=42.772887
RESULT comm=block_nccl kernel=cusparse matrix=crankseg_2.mtx P=4 rank=0 nrows_local=15960 ncols_global=63838 nnz_local=4400933 n_ghost=47878 compute_avg_ms=0.064990 compute_min_ms=0.064512 compute_max_ms=0.065536 compute_var_ms=0.000000261 compute_gflops=135.434438 eff_bw_gbs=547.631531 pct_peak_bw=58.6882 comm_avg_ms=0.089922 comm_min_ms=0.087139 comm_max_ms=0.092993 comm_var_ms=0.000002421 total_avg_ms=0.154912 total_min_ms=0.151651 total_max_ms=0.158529 total_var_ms=0.000002923 effective_gflops=56.818356
RESULT comm=block_nccl kernel=cusparse matrix=crankseg_2.mtx P=4 rank=3 nrows_local=15959 ncols_global=63838 nnz_local=2445093 n_ghost=46796 compute_avg_ms=0.047377 compute_min_ms=0.046080 compute_max_ms=0.049152 compute_var_ms=0.000000415 compute_gflops=103.218418 eff_bw_gbs=420.866907 pct_peak_bw=45.1032 comm_avg_ms=0.121056 comm_min_ms=0.118051 comm_max_ms=0.125019 comm_var_ms=0.000003504 total_avg_ms=0.168433 total_min_ms=0.165155 total_max_ms=0.172123 total_var_ms=0.000003926 effective_gflops=29.033420
[ERROR CHECKING] OK!

--- P=1 rep=3/3 driver=spmv_block_nccl_cusparse ---
Loaded ../matrices/crankseg_2.mtx: 63838 x 63838, 14148858 nnz
RESULT comm=block_nccl kernel=cusparse matrix=crankseg_2.mtx P=1 rank=0 nrows_local=63838 ncols_global=63838 nnz_local=14148858 n_ghost=0 compute_avg_ms=0.163123 compute_min_ms=0.161792 compute_max_ms=0.164864 compute_var_ms=0.000000640 compute_gflops=173.474503 eff_bw_gbs=698.594217 pct_peak_bw=74.8665 comm_avg_ms=0.001007 comm_min_ms=0.000960 comm_max_ms=0.001381 comm_var_ms=0.000000005 total_avg_ms=0.164130 total_min_ms=0.162754 total_max_ms=0.165873 total_var_ms=0.000000636 effective_gflops=172.410242
[ERROR CHECKING] OK!

--- P=2 rep=3/3 driver=spmv_block_nccl_cusparse ---
Loaded ../matrices/crankseg_2.mtx: 63838 x 63838, 14148858 nnz
RESULT comm=block_nccl kernel=cusparse matrix=crankseg_2.mtx P=2 rank=1 nrows_local=31919 ncols_global=63838 nnz_local=6146995 n_ghost=30911 compute_avg_ms=0.084753 compute_min_ms=0.083968 compute_max_ms=0.087040 compute_var_ms=0.000000607 compute_gflops=145.056582 eff_bw_gbs=586.204589 pct_peak_bw=62.8220 comm_avg_ms=0.079507 comm_min_ms=0.073714 comm_max_ms=0.081988 comm_var_ms=0.000002621 total_avg_ms=0.164260 total_min_ms=0.157682 total_max_ms=0.166980 total_var_ms=0.000003227 effective_gflops=74.844698
RESULT comm=block_nccl kernel=cusparse matrix=crankseg_2.mtx P=2 rank=0 nrows_local=31919 ncols_global=63838 nnz_local=8001863 n_ghost=31919 compute_avg_ms=0.100830 compute_min_ms=0.099328 compute_max_ms=0.102400 compute_var_ms=0.000000401 compute_gflops=158.720100 eff_bw_gbs=639.945446 pct_peak_bw=68.5813 comm_avg_ms=0.090621 comm_min_ms=0.079433 comm_max_ms=0.373569 comm_var_ms=0.002761351 total_avg_ms=0.191451 total_min_ms=0.180194 total_max_ms=0.473921 total_var_ms=0.002752023 effective_gflops=83.591616
[ERROR CHECKING] OK!

--- P=3 rep=3/3 driver=spmv_block_nccl_cusparse ---
Loaded ../matrices/crankseg_2.mtx: 63838 x 63838, 14148858 nnz
RESULT comm=block_nccl kernel=cusparse matrix=crankseg_2.mtx P=3 rank=0 nrows_local=21280 ncols_global=63838 nnz_local=5625134 n_ghost=42558 compute_avg_ms=0.077790 compute_min_ms=0.076800 compute_max_ms=0.079872 compute_var_ms=0.000000453 compute_gflops=144.623828 eff_bw_gbs=583.966410 pct_peak_bw=62.5821 comm_avg_ms=0.077911 comm_min_ms=0.075350 comm_max_ms=0.081506 comm_var_ms=0.000002900 total_avg_ms=0.155701 total_min_ms=0.152366 total_max_ms=0.159225 total_var_ms=0.000002952 effective_gflops=72.255686
RESULT comm=block_nccl kernel=cusparse matrix=crankseg_2.mtx P=3 rank=1 nrows_local=21279 ncols_global=63838 nnz_local=5057302 n_ghost=27109 compute_avg_ms=0.072226 compute_min_ms=0.070656 compute_max_ms=0.073728 compute_var_ms=0.000000401 compute_gflops=140.040775 eff_bw_gbs=565.199893 pct_peak_bw=60.5710 comm_avg_ms=0.084805 comm_min_ms=0.082464 comm_max_ms=0.089478 comm_var_ms=0.000002276 total_avg_ms=0.157031 total_min_ms=0.154478 total_max_ms=0.163206 total_var_ms=0.000002685 effective_gflops=64.411401
RESULT comm=block_nccl kernel=cusparse matrix=crankseg_2.mtx P=3 rank=2 nrows_local=21279 ncols_global=63838 nnz_local=3466422 n_ghost=41521 compute_avg_ms=0.057651 compute_min_ms=0.057344 compute_max_ms=0.059392 compute_var_ms=0.000000290 compute_gflops=120.254980 eff_bw_gbs=488.330019 pct_peak_bw=52.3330 comm_avg_ms=0.082387 comm_min_ms=0.079027 comm_max_ms=0.086556 comm_var_ms=0.000003142 total_avg_ms=0.140038 total_min_ms=0.136371 total_max_ms=0.143900 total_var_ms=0.000003270 effective_gflops=49.506759
[ERROR CHECKING] OK!

--- P=4 rep=3/3 driver=spmv_block_nccl_cusparse ---
Loaded ../matrices/crankseg_2.mtx: 63838 x 63838, 14148858 nnz
RESULT comm=block_nccl kernel=cusparse matrix=crankseg_2.mtx P=4 rank=0 nrows_local=15960 ncols_global=63838 nnz_local=4400933 n_ghost=47878 compute_avg_ms=0.064887 compute_min_ms=0.063488 compute_max_ms=0.066560 compute_var_ms=0.000000383 compute_gflops=135.648169 eff_bw_gbs=548.495758 pct_peak_bw=58.7808 comm_avg_ms=0.087472 comm_min_ms=0.081958 comm_max_ms=0.117764 comm_var_ms=0.000036211 total_avg_ms=0.152359 total_min_ms=0.146470 total_max_ms=0.183300 total_var_ms=0.000038761 effective_gflops=57.770543
RESULT comm=block_nccl kernel=cusparse matrix=crankseg_2.mtx P=4 rank=1 nrows_local=15960 ncols_global=63838 nnz_local=3601200 n_ghost=19633 compute_avg_ms=0.057856 compute_min_ms=0.057344 compute_max_ms=0.058368 compute_var_ms=0.000000262 compute_gflops=124.488383 eff_bw_gbs=502.621258 pct_peak_bw=53.8646 comm_avg_ms=0.066986 comm_min_ms=0.063880 comm_max_ms=0.079854 comm_var_ms=0.000007628 total_avg_ms=0.124842 total_min_ms=0.122033 total_max_ms=0.138222 total_var_ms=0.000008175 effective_gflops=57.692230
RESULT comm=block_nccl kernel=cusparse matrix=crankseg_2.mtx P=4 rank=2 nrows_local=15959 ncols_global=63838 nnz_local=3701632 n_ghost=33488 compute_avg_ms=0.058641 compute_min_ms=0.058368 compute_max_ms=0.059392 compute_var_ms=0.000000205 compute_gflops=126.247087 eff_bw_gbs=510.538452 pct_peak_bw=54.7131 comm_avg_ms=0.103372 comm_min_ms=0.098117 comm_max_ms=0.115172 comm_var_ms=0.000010231 total_avg_ms=0.162013 total_min_ms=0.156485 total_max_ms=0.173540 total_var_ms=0.000010827 effective_gflops=45.695437
RESULT comm=block_nccl kernel=cusparse matrix=crankseg_2.mtx P=4 rank=3 nrows_local=15959 ncols_global=63838 nnz_local=2445093 n_ghost=46796 compute_avg_ms=0.047002 compute_min_ms=0.046080 compute_max_ms=0.048128 compute_var_ms=0.000000234 compute_gflops=104.042967 eff_bw_gbs=424.228953 pct_peak_bw=45.4635 comm_avg_ms=0.117379 comm_min_ms=0.093976 comm_max_ms=0.123321 comm_var_ms=0.000022629 total_avg_ms=0.164381 total_min_ms=0.142104 total_max_ms=0.169401 total_var_ms=0.000020694 effective_gflops=29.749173
[ERROR CHECKING] OK!

=== Job done ===
