=== D2_final intelligent-partitioning (1D-Block, cuSPARSE) small-matrix check ===
Node:     edu01
Date:     Thu Jul 23 03:25:31 PM CEST 2026
Matrix:   ../matrices/webbase-1M.mtx
Reps:     3

--- P=1 rep=1/3 driver=spmv_block_nccl_cusparse ---
Loaded ../matrices/webbase-1M.mtx: 1000005 x 1000005, 3105536 nnz
RESULT comm=block_nccl kernel=cusparse matrix=webbase-1M.mtx P=1 rank=0 nrows_local=1000005 ncols_global=1000005 nnz_local=3105536 n_ghost=0 compute_avg_ms=0.075196 compute_min_ms=0.074752 compute_max_ms=0.076800 compute_var_ms=0.000000397 compute_gflops=82.598726 eff_bw_gbs=489.979269 pct_peak_bw=52.5098 comm_avg_ms=0.000995 comm_min_ms=0.000938 comm_max_ms=0.001119 comm_var_ms=0.000000001 total_avg_ms=0.076191 total_min_ms=0.075707 total_max_ms=0.077789 total_var_ms=0.000000391 effective_gflops=81.519970
[ERROR CHECKING] OK!

--- P=2 rep=1/3 driver=spmv_block_nccl_cusparse ---
Loaded ../matrices/webbase-1M.mtx: 1000005 x 1000005, 3105536 nnz
RESULT comm=block_nccl kernel=cusparse matrix=webbase-1M.mtx P=2 rank=1 nrows_local=500002 ncols_global=1000005 nnz_local=1441749 n_ghost=2592 compute_avg_ms=0.047445 compute_min_ms=0.046080 compute_max_ms=0.049152 compute_var_ms=0.000000443 compute_gflops=60.775164 eff_bw_gbs=369.781100 pct_peak_bw=39.6285 comm_avg_ms=0.044237 comm_min_ms=0.043194 comm_max_ms=0.045403 comm_var_ms=0.000000375 total_avg_ms=0.091682 total_min_ms=0.089274 total_max_ms=0.093200 total_var_ms=0.000000755 effective_gflops=31.450920
RESULT comm=block_nccl kernel=cusparse matrix=webbase-1M.mtx P=2 rank=0 nrows_local=500003 ncols_global=1000005 nnz_local=1663787 n_ghost=10416 compute_avg_ms=0.049562 compute_min_ms=0.048128 compute_max_ms=0.051200 compute_var_ms=0.000000531 compute_gflops=67.140164 eff_bw_gbs=390.463582 pct_peak_bw=41.8449 comm_avg_ms=0.060986 comm_min_ms=0.059690 comm_max_ms=0.062640 comm_var_ms=0.000000389 total_avg_ms=0.110548 total_min_ms=0.108692 total_max_ms=0.113000 total_var_ms=0.000001171 effective_gflops=30.100762
[ERROR CHECKING] OK!

--- P=3 rep=1/3 driver=spmv_block_nccl_cusparse ---
Loaded ../matrices/webbase-1M.mtx: 1000005 x 1000005, 3105536 nnz
RESULT comm=block_nccl kernel=cusparse matrix=webbase-1M.mtx P=3 rank=1 nrows_local=333335 ncols_global=1000005 nnz_local=1053039 n_ghost=12768 compute_avg_ms=0.041677 compute_min_ms=0.040960 compute_max_ms=0.043008 compute_var_ms=0.000000360 compute_gflops=50.533583 eff_bw_gbs=299.336999 pct_peak_bw=32.0792 comm_avg_ms=0.068574 comm_min_ms=0.065976 comm_max_ms=0.071133 comm_var_ms=0.000001528 total_avg_ms=0.110251 total_min_ms=0.107932 total_max_ms=0.113117 total_var_ms=0.000001757 effective_gflops=19.102529
RESULT comm=block_nccl kernel=cusparse matrix=webbase-1M.mtx P=3 rank=2 nrows_local=333335 ncols_global=1000005 nnz_local=758245 n_ghost=10394 compute_avg_ms=0.034338 compute_min_ms=0.033792 compute_max_ms=0.034816 compute_var_ms=0.000000261 compute_gflops=44.163437 eff_bw_gbs=294.353795 pct_peak_bw=31.5451 comm_avg_ms=0.062030 comm_min_ms=0.060817 comm_max_ms=0.063467 comm_var_ms=0.000000667 total_avg_ms=0.096368 total_min_ms=0.094611 total_max_ms=0.097724 total_var_ms=0.000000748 effective_gflops=15.736415
RESULT comm=block_nccl kernel=cusparse matrix=webbase-1M.mtx P=3 rank=0 nrows_local=333335 ncols_global=1000005 nnz_local=1294252 n_ghost=15926 compute_avg_ms=0.043008 compute_min_ms=0.041984 compute_max_ms=0.044032 compute_var_ms=0.000000140 compute_gflops=60.186570 eff_bw_gbs=335.234006 pct_peak_bw=35.9261 comm_avg_ms=0.066010 comm_min_ms=0.063604 comm_max_ms=0.067992 comm_var_ms=0.000001187 total_avg_ms=0.109018 total_min_ms=0.106612 total_max_ms=0.111000 total_var_ms=0.000001256 effective_gflops=23.743815
[ERROR CHECKING] OK!

--- P=4 rep=1/3 driver=spmv_block_nccl_cusparse ---
Loaded ../matrices/webbase-1M.mtx: 1000005 x 1000005, 3105536 nnz
RESULT comm=block_nccl kernel=cusparse matrix=webbase-1M.mtx P=4 rank=0 nrows_local=250002 ncols_global=1000005 nnz_local=1072417 n_ghost=20112 compute_avg_ms=0.039458 compute_min_ms=0.038912 compute_max_ms=0.040960 compute_var_ms=0.000000401 compute_gflops=54.357211 eff_bw_gbs=295.498329 pct_peak_bw=31.6678 comm_avg_ms=0.065829 comm_min_ms=0.063747 comm_max_ms=0.069317 comm_var_ms=0.000001615 total_avg_ms=0.105287 total_min_ms=0.102659 total_max_ms=0.108490 total_var_ms=0.000001915 effective_gflops=20.371341
RESULT comm=block_nccl kernel=cusparse matrix=webbase-1M.mtx P=4 rank=1 nrows_local=250001 ncols_global=1000005 nnz_local=591370 n_ghost=13240 compute_avg_ms=0.031232 compute_min_ms=0.030720 compute_max_ms=0.032768 compute_var_ms=0.000000332 compute_gflops=37.869494 eff_bw_gbs=249.229513 pct_peak_bw=26.7093 comm_avg_ms=0.083860 comm_min_ms=0.082157 comm_max_ms=0.089823 comm_var_ms=0.000002002 total_avg_ms=0.115092 total_min_ms=0.112877 total_max_ms=0.120543 total_var_ms=0.000002066 effective_gflops=10.276445
RESULT comm=block_nccl kernel=cusparse matrix=webbase-1M.mtx P=4 rank=2 nrows_local=250001 ncols_global=1000005 nnz_local=889761 n_ghost=3682 compute_avg_ms=0.035635 compute_min_ms=0.034816 compute_max_ms=0.035840 compute_var_ms=0.000000168 compute_gflops=49.937196 eff_bw_gbs=284.348951 pct_peak_bw=30.4729 comm_avg_ms=0.055646 comm_min_ms=0.053389 comm_max_ms=0.059859 comm_var_ms=0.000001689 total_avg_ms=0.091281 total_min_ms=0.089229 total_max_ms=0.095699 total_var_ms=0.000001837 effective_gflops=19.494966
RESULT comm=block_nccl kernel=cusparse matrix=webbase-1M.mtx P=4 rank=3 nrows_local=250001 ncols_global=1000005 nnz_local=551988 n_ghost=9083 compute_avg_ms=0.029867 compute_min_ms=0.028672 compute_max_ms=0.030720 compute_var_ms=0.000000285 compute_gflops=36.963482 eff_bw_gbs=249.517363 pct_peak_bw=26.7401 comm_avg_ms=0.080695 comm_min_ms=0.078068 comm_max_ms=0.085487 comm_var_ms=0.000002911 total_avg_ms=0.110561 total_min_ms=0.107826 total_max_ms=0.115183 total_var_ms=0.000002666 effective_gflops=9.985185
[ERROR CHECKING] OK!

--- P=1 rep=2/3 driver=spmv_block_nccl_cusparse ---
Loaded ../matrices/webbase-1M.mtx: 1000005 x 1000005, 3105536 nnz
RESULT comm=block_nccl kernel=cusparse matrix=webbase-1M.mtx P=1 rank=0 nrows_local=1000005 ncols_global=1000005 nnz_local=3105536 n_ghost=0 compute_avg_ms=0.074445 compute_min_ms=0.073728 compute_max_ms=0.075776 compute_var_ms=0.000000360 compute_gflops=83.431909 eff_bw_gbs=494.921749 pct_peak_bw=53.0395 comm_avg_ms=0.000963 comm_min_ms=0.000928 comm_max_ms=0.001032 comm_var_ms=0.000000001 total_avg_ms=0.075408 total_min_ms=0.074656 total_max_ms=0.076746 total_var_ms=0.000000355 effective_gflops=82.366655
[ERROR CHECKING] OK!

--- P=2 rep=2/3 driver=spmv_block_nccl_cusparse ---
Loaded ../matrices/webbase-1M.mtx: 1000005 x 1000005, 3105536 nnz
RESULT comm=block_nccl kernel=cusparse matrix=webbase-1M.mtx P=2 rank=1 nrows_local=500002 ncols_global=1000005 nnz_local=1441749 n_ghost=2592 compute_avg_ms=0.047343 compute_min_ms=0.046080 compute_max_ms=0.049152 compute_var_ms=0.000000397 compute_gflops=60.906617 eff_bw_gbs=370.580916 pct_peak_bw=39.7142 comm_avg_ms=0.044045 comm_min_ms=0.043055 comm_max_ms=0.046431 comm_var_ms=0.000000586 total_avg_ms=0.091388 total_min_ms=0.089207 total_max_ms=0.093535 total_var_ms=0.000001064 effective_gflops=31.552122
RESULT comm=block_nccl kernel=cusparse matrix=webbase-1M.mtx P=2 rank=0 nrows_local=500003 ncols_global=1000005 nnz_local=1663787 n_ghost=10416 compute_avg_ms=0.049323 compute_min_ms=0.048128 compute_max_ms=0.050176 compute_var_ms=0.000000285 compute_gflops=67.465410 eff_bw_gbs=392.355096 pct_peak_bw=42.0477 comm_avg_ms=0.060649 comm_min_ms=0.059249 comm_max_ms=0.063017 comm_var_ms=0.000000704 total_avg_ms=0.109972 total_min_ms=0.108401 total_max_ms=0.112169 total_var_ms=0.000000857 effective_gflops=30.258393
[ERROR CHECKING] OK!

--- P=3 rep=2/3 driver=spmv_block_nccl_cusparse ---
Loaded ../matrices/webbase-1M.mtx: 1000005 x 1000005, 3105536 nnz
RESULT comm=block_nccl kernel=cusparse matrix=webbase-1M.mtx P=3 rank=0 nrows_local=333335 ncols_global=1000005 nnz_local=1294252 n_ghost=15926 compute_avg_ms=0.042837 compute_min_ms=0.041984 compute_max_ms=0.044032 compute_var_ms=0.000000425 compute_gflops=60.426358 eff_bw_gbs=336.569600 pct_peak_bw=36.0693 comm_avg_ms=0.066204 comm_min_ms=0.064034 comm_max_ms=0.068864 comm_var_ms=0.000001150 total_avg_ms=0.109041 total_min_ms=0.106807 total_max_ms=0.110955 total_var_ms=0.000001422 effective_gflops=23.738741
RESULT comm=block_nccl kernel=cusparse matrix=webbase-1M.mtx P=3 rank=1 nrows_local=333335 ncols_global=1000005 nnz_local=1053039 n_ghost=12768 compute_avg_ms=0.041301 compute_min_ms=0.040960 compute_max_ms=0.041984 compute_var_ms=0.000000233 compute_gflops=50.992980 eff_bw_gbs=302.058245 pct_peak_bw=32.3708 comm_avg_ms=0.067914 comm_min_ms=0.065351 comm_max_ms=0.072756 comm_var_ms=0.000001973 total_avg_ms=0.109215 total_min_ms=0.106311 total_max_ms=0.114740 total_var_ms=0.000002533 effective_gflops=19.283727
RESULT comm=block_nccl kernel=cusparse matrix=webbase-1M.mtx P=3 rank=2 nrows_local=333335 ncols_global=1000005 nnz_local=758245 n_ghost=10394 compute_avg_ms=0.034236 compute_min_ms=0.032768 compute_max_ms=0.034816 compute_var_ms=0.000000397 compute_gflops=44.295531 eff_bw_gbs=295.234216 pct_peak_bw=31.6395 comm_avg_ms=0.062103 comm_min_ms=0.060216 comm_max_ms=0.064190 comm_var_ms=0.000001019 total_avg_ms=0.096339 total_min_ms=0.093796 total_max_ms=0.098107 total_var_ms=0.000001337 effective_gflops=15.741228
[ERROR CHECKING] OK!

--- P=4 rep=2/3 driver=spmv_block_nccl_cusparse ---
Loaded ../matrices/webbase-1M.mtx: 1000005 x 1000005, 3105536 nnz
RESULT comm=block_nccl kernel=cusparse matrix=webbase-1M.mtx P=4 rank=1 nrows_local=250001 ncols_global=1000005 nnz_local=591370 n_ghost=13240 compute_avg_ms=0.031232 compute_min_ms=0.030720 compute_max_ms=0.032768 compute_var_ms=0.000000472 compute_gflops=37.869494 eff_bw_gbs=249.229513 pct_peak_bw=26.7093 comm_avg_ms=0.084767 comm_min_ms=0.081820 comm_max_ms=0.098469 comm_var_ms=0.000008646 total_avg_ms=0.115999 total_min_ms=0.112540 total_max_ms=0.129189 total_var_ms=0.000009430 effective_gflops=10.196087
RESULT comm=block_nccl kernel=cusparse matrix=webbase-1M.mtx P=4 rank=0 nrows_local=250002 ncols_global=1000005 nnz_local=1072417 n_ghost=20112 compute_avg_ms=0.039458 compute_min_ms=0.038912 compute_max_ms=0.039936 compute_var_ms=0.000000261 compute_gflops=54.357211 eff_bw_gbs=295.498329 pct_peak_bw=31.6678 comm_avg_ms=0.066979 comm_min_ms=0.064594 comm_max_ms=0.089495 comm_var_ms=0.000018572 total_avg_ms=0.106437 total_min_ms=0.103725 total_max_ms=0.129431 total_var_ms=0.000019350 effective_gflops=20.151220
RESULT comm=block_nccl kernel=cusparse matrix=webbase-1M.mtx P=4 rank=2 nrows_local=250001 ncols_global=1000005 nnz_local=889761 n_ghost=3682 compute_avg_ms=0.035669 compute_min_ms=0.034816 compute_max_ms=0.036864 compute_var_ms=0.000000216 compute_gflops=49.889409 eff_bw_gbs=284.076847 pct_peak_bw=30.4438 comm_avg_ms=0.056129 comm_min_ms=0.053231 comm_max_ms=0.067850 comm_var_ms=0.000005978 total_avg_ms=0.091799 total_min_ms=0.089071 total_max_ms=0.103690 total_var_ms=0.000006173 effective_gflops=19.385067
RESULT comm=block_nccl kernel=cusparse matrix=webbase-1M.mtx P=4 rank=3 nrows_local=250001 ncols_global=1000005 nnz_local=551988 n_ghost=9083 compute_avg_ms=0.030345 compute_min_ms=0.029696 compute_max_ms=0.030720 compute_var_ms=0.000000244 compute_gflops=36.381380 eff_bw_gbs=245.587961 pct_peak_bw=26.3190 comm_avg_ms=0.081292 comm_min_ms=0.078289 comm_max_ms=0.089419 comm_var_ms=0.000004152 total_avg_ms=0.111636 total_min_ms=0.109009 total_max_ms=0.120139 total_var_ms=0.000004673 effective_gflops=9.889033
[ERROR CHECKING] OK!

--- P=1 rep=3/3 driver=spmv_block_nccl_cusparse ---
Loaded ../matrices/webbase-1M.mtx: 1000005 x 1000005, 3105536 nnz
RESULT comm=block_nccl kernel=cusparse matrix=webbase-1M.mtx P=1 rank=0 nrows_local=1000005 ncols_global=1000005 nnz_local=3105536 n_ghost=0 compute_avg_ms=0.074752 compute_min_ms=0.073728 compute_max_ms=0.076800 compute_var_ms=0.000000489 compute_gflops=83.089038 eff_bw_gbs=492.887823 pct_peak_bw=52.8215 comm_avg_ms=0.001011 comm_min_ms=0.000965 comm_max_ms=0.001071 comm_var_ms=0.000000001 total_avg_ms=0.075763 total_min_ms=0.074720 total_max_ms=0.077801 total_var_ms=0.000000486 effective_gflops=81.980241
[ERROR CHECKING] OK!

--- P=2 rep=3/3 driver=spmv_block_nccl_cusparse ---
Loaded ../matrices/webbase-1M.mtx: 1000005 x 1000005, 3105536 nnz
RESULT comm=block_nccl kernel=cusparse matrix=webbase-1M.mtx P=2 rank=1 nrows_local=500002 ncols_global=1000005 nnz_local=1441749 n_ghost=2592 compute_avg_ms=0.047309 compute_min_ms=0.046080 compute_max_ms=0.049152 compute_var_ms=0.000000587 compute_gflops=60.950562 eff_bw_gbs=370.848290 pct_peak_bw=39.7428 comm_avg_ms=0.044183 comm_min_ms=0.042708 comm_max_ms=0.045459 comm_var_ms=0.000000426 total_avg_ms=0.091492 total_min_ms=0.088788 total_max_ms=0.093587 total_var_ms=0.000001065 effective_gflops=31.516406
RESULT comm=block_nccl kernel=cusparse matrix=webbase-1M.mtx P=2 rank=0 nrows_local=500003 ncols_global=1000005 nnz_local=1663787 n_ghost=10416 compute_avg_ms=0.049664 compute_min_ms=0.048128 compute_max_ms=0.050176 compute_var_ms=0.000000332 compute_gflops=67.001732 eff_bw_gbs=389.658506 pct_peak_bw=41.7587 comm_avg_ms=0.061621 comm_min_ms=0.060209 comm_max_ms=0.062843 comm_var_ms=0.000000428 total_avg_ms=0.111285 total_min_ms=0.109507 total_max_ms=0.112437 total_var_ms=0.000000659 effective_gflops=29.901442
[ERROR CHECKING] OK!

--- P=3 rep=3/3 driver=spmv_block_nccl_cusparse ---
Loaded ../matrices/webbase-1M.mtx: 1000005 x 1000005, 3105536 nnz
RESULT comm=block_nccl kernel=cusparse matrix=webbase-1M.mtx P=3 rank=0 nrows_local=333335 ncols_global=1000005 nnz_local=1294252 n_ghost=15926 compute_avg_ms=0.042803 compute_min_ms=0.041984 compute_max_ms=0.044032 compute_var_ms=0.000000377 compute_gflops=60.474545 eff_bw_gbs=336.837997 pct_peak_bw=36.0980 comm_avg_ms=0.066112 comm_min_ms=0.063206 comm_max_ms=0.069113 comm_var_ms=0.000001342 total_avg_ms=0.108915 total_min_ms=0.106086 total_max_ms=0.112121 total_var_ms=0.000001582 effective_gflops=23.766218
RESULT comm=block_nccl kernel=cusparse matrix=webbase-1M.mtx P=3 rank=1 nrows_local=333335 ncols_global=1000005 nnz_local=1053039 n_ghost=12768 compute_avg_ms=0.041472 compute_min_ms=0.040960 compute_max_ms=0.043008 compute_var_ms=0.000000332 compute_gflops=50.783132 eff_bw_gbs=300.815207 pct_peak_bw=32.2376 comm_avg_ms=0.067860 comm_min_ms=0.064977 comm_max_ms=0.071885 comm_var_ms=0.000002500 total_avg_ms=0.109332 total_min_ms=0.105937 total_max_ms=0.113566 total_var_ms=0.000002961 effective_gflops=19.263149
RESULT comm=block_nccl kernel=cusparse matrix=webbase-1M.mtx P=3 rank=2 nrows_local=333335 ncols_global=1000005 nnz_local=758245 n_ghost=10394 compute_avg_ms=0.034611 compute_min_ms=0.033792 compute_max_ms=0.035840 compute_var_ms=0.000000377 compute_gflops=43.815007 eff_bw_gbs=292.031477 pct_peak_bw=31.2962 comm_avg_ms=0.064631 comm_min_ms=0.062078 comm_max_ms=0.069263 comm_var_ms=0.000002218 total_avg_ms=0.099242 total_min_ms=0.095870 total_max_ms=0.104079 total_var_ms=0.000002896 effective_gflops=15.280671
[ERROR CHECKING] OK!

--- P=4 rep=3/3 driver=spmv_block_nccl_cusparse ---
Loaded ../matrices/webbase-1M.mtx: 1000005 x 1000005, 3105536 nnz
RESULT comm=block_nccl kernel=cusparse matrix=webbase-1M.mtx P=4 rank=0 nrows_local=250002 ncols_global=1000005 nnz_local=1072417 n_ghost=20112 compute_avg_ms=0.039253 compute_min_ms=0.037888 compute_max_ms=0.040960 compute_var_ms=0.000000513 compute_gflops=54.640814 eff_bw_gbs=297.040057 pct_peak_bw=31.8330 comm_avg_ms=0.066526 comm_min_ms=0.064083 comm_max_ms=0.069145 comm_var_ms=0.000001455 total_avg_ms=0.105779 total_min_ms=0.103388 total_max_ms=0.108655 total_var_ms=0.000001512 effective_gflops=20.276462
RESULT comm=block_nccl kernel=cusparse matrix=webbase-1M.mtx P=4 rank=1 nrows_local=250001 ncols_global=1000005 nnz_local=591370 n_ghost=13240 compute_avg_ms=0.031505 compute_min_ms=0.030720 compute_max_ms=0.032768 compute_var_ms=0.000000257 compute_gflops=37.541264 eff_bw_gbs=247.069343 pct_peak_bw=26.4778 comm_avg_ms=0.083648 comm_min_ms=0.081609 comm_max_ms=0.086251 comm_var_ms=0.000000860 total_avg_ms=0.115153 total_min_ms=0.112329 total_max_ms=0.117995 total_var_ms=0.000001335 effective_gflops=10.271046
RESULT comm=block_nccl kernel=cusparse matrix=webbase-1M.mtx P=4 rank=2 nrows_local=250001 ncols_global=1000005 nnz_local=889761 n_ghost=3682 compute_avg_ms=0.035840 compute_min_ms=0.034816 compute_max_ms=0.036864 compute_var_ms=0.000000350 compute_gflops=49.651840 eff_bw_gbs=282.724100 pct_peak_bw=30.2988 comm_avg_ms=0.056226 comm_min_ms=0.053984 comm_max_ms=0.062317 comm_var_ms=0.000002185 total_avg_ms=0.092066 total_min_ms=0.089702 total_max_ms=0.099181 total_var_ms=0.000003154 effective_gflops=19.328841
RESULT comm=block_nccl kernel=cusparse matrix=webbase-1M.mtx P=4 rank=3 nrows_local=250001 ncols_global=1000005 nnz_local=551988 n_ghost=9083 compute_avg_ms=0.030310 compute_min_ms=0.029696 compute_max_ms=0.030720 compute_var_ms=0.000000252 compute_gflops=36.422350 eff_bw_gbs=245.864523 pct_peak_bw=26.3487 comm_avg_ms=0.080828 comm_min_ms=0.078974 comm_max_ms=0.084880 comm_var_ms=0.000001757 total_avg_ms=0.111138 total_min_ms=0.109038 total_max_ms=0.114576 total_var_ms=0.000001684 effective_gflops=9.933335
[ERROR CHECKING] OK!

=== Job done ===
