=== D2_final intelligent-partitioning (1D-Block, cuSPARSE) small-matrix check ===
Node:     edu01
Date:     Thu Jul 23 03:23:00 PM CEST 2026
Matrix:   ../matrices/roadNet-CA.mtx
Reps:     3

--- P=1 rep=1/3 driver=spmv_block_nccl_cusparse ---
Loaded ../matrices/roadNet-CA.mtx: 1971281 x 1971281, 5533214 nnz
RESULT comm=block_nccl kernel=cusparse matrix=roadNet-CA.mtx P=1 rank=0 nrows_local=1971281 ncols_global=1971281 nnz_local=5533214 n_ghost=0 compute_avg_ms=0.142404 compute_min_ms=0.141312 compute_max_ms=0.144384 compute_var_ms=0.000000764 compute_gflops=77.711352 eff_bw_gbs=476.959643 pct_peak_bw=51.1145 comm_avg_ms=0.000994 comm_min_ms=0.000951 comm_max_ms=0.001189 comm_var_ms=0.000000002 total_avg_ms=0.143398 total_min_ms=0.142269 total_max_ms=0.145381 total_var_ms=0.000000763 effective_gflops=77.172676
[ERROR CHECKING] OK!

--- P=2 rep=1/3 driver=spmv_block_nccl_cusparse ---
Loaded ../matrices/roadNet-CA.mtx: 1971281 x 1971281, 5533214 nnz
RESULT comm=block_nccl kernel=cusparse matrix=roadNet-CA.mtx P=2 rank=1 nrows_local=985640 ncols_global=1971281 nnz_local=2744619 n_ghost=8241 compute_avg_ms=0.077449 compute_min_ms=0.075776 compute_max_ms=0.078848 compute_var_ms=0.000000593 compute_gflops=70.875945 eff_bw_gbs=436.646100 pct_peak_bw=46.7942 comm_avg_ms=0.049160 comm_min_ms=0.047564 comm_max_ms=0.051470 comm_var_ms=0.000000806 total_avg_ms=0.126609 total_min_ms=0.124365 total_max_ms=0.128865 total_var_ms=0.000001387 effective_gflops=43.355839
RESULT comm=block_nccl kernel=cusparse matrix=roadNet-CA.mtx P=2 rank=0 nrows_local=985641 ncols_global=1971281 nnz_local=2788595 n_ghost=7057 compute_avg_ms=0.076937 compute_min_ms=0.075776 compute_max_ms=0.078848 compute_var_ms=0.000000680 compute_gflops=72.490788 eff_bw_gbs=444.063204 pct_peak_bw=47.5891 comm_avg_ms=0.059912 comm_min_ms=0.057666 comm_max_ms=0.061926 comm_var_ms=0.000001108 total_avg_ms=0.136849 total_min_ms=0.134891 total_max_ms=0.140354 total_var_ms=0.000001649 effective_gflops=40.754404
[ERROR CHECKING] OK!

--- P=3 rep=1/3 driver=spmv_block_nccl_cusparse ---
Loaded ../matrices/roadNet-CA.mtx: 1971281 x 1971281, 5533214 nnz
RESULT comm=block_nccl kernel=cusparse matrix=roadNet-CA.mtx P=3 rank=0 nrows_local=657094 ncols_global=1971281 nnz_local=1890911 n_ghost=6495 compute_avg_ms=0.058334 compute_min_ms=0.057344 compute_max_ms=0.059392 compute_var_ms=0.000000244 compute_gflops=64.830640 eff_bw_gbs=394.940382 pct_peak_bw=42.3247 comm_avg_ms=0.053964 comm_min_ms=0.051338 comm_max_ms=0.062010 comm_var_ms=0.000004673 total_avg_ms=0.112298 total_min_ms=0.109706 total_max_ms=0.120378 total_var_ms=0.000005287 effective_gflops=33.676614
RESULT comm=block_nccl kernel=cusparse matrix=roadNet-CA.mtx P=3 rank=1 nrows_local=657094 ncols_global=1971281 nnz_local=1815072 n_ghost=9478 compute_avg_ms=0.059153 compute_min_ms=0.058368 compute_max_ms=0.060416 compute_var_ms=0.000000537 compute_gflops=61.368651 eff_bw_gbs=379.415992 pct_peak_bw=40.6610 comm_avg_ms=0.066137 comm_min_ms=0.055440 comm_max_ms=0.305835 comm_var_ms=0.001983572 total_avg_ms=0.125290 total_min_ms=0.113808 total_max_ms=0.364203 total_var_ms=0.001971515 effective_gflops=28.973986
RESULT comm=block_nccl kernel=cusparse matrix=roadNet-CA.mtx P=3 rank=2 nrows_local=657093 ncols_global=1971281 nnz_local=1827231 n_ghost=5435 compute_avg_ms=0.058334 compute_min_ms=0.057344 compute_max_ms=0.060416 compute_var_ms=0.000000523 compute_gflops=62.647346 eff_bw_gbs=386.134314 pct_peak_bw=41.3810 comm_avg_ms=0.045426 comm_min_ms=0.043276 comm_max_ms=0.048717 comm_var_ms=0.000001593 total_avg_ms=0.103760 total_min_ms=0.102211 total_max_ms=0.107085 total_var_ms=0.000001330 effective_gflops=35.220244
[ERROR CHECKING] OK!

--- P=4 rep=1/3 driver=spmv_block_nccl_cusparse ---
Loaded ../matrices/roadNet-CA.mtx: 1971281 x 1971281, 5533214 nnz
RESULT comm=block_nccl kernel=cusparse matrix=roadNet-CA.mtx P=4 rank=1 nrows_local=492820 ncols_global=1971281 nnz_local=1397036 n_ghost=6602 compute_avg_ms=0.049527 compute_min_ms=0.048128 compute_max_ms=0.050176 compute_var_ms=0.000000313 compute_gflops=56.414595 eff_bw_gbs=345.596919 pct_peak_bw=37.0367 comm_avg_ms=0.061098 comm_min_ms=0.058546 comm_max_ms=0.069452 comm_var_ms=0.000005154 total_avg_ms=0.110625 total_min_ms=0.107598 total_max_ms=0.119628 total_var_ms=0.000005687 effective_gflops=25.257064
RESULT comm=block_nccl kernel=cusparse matrix=roadNet-CA.mtx P=4 rank=0 nrows_local=492821 ncols_global=1971281 nnz_local=1391559 n_ghost=3784 compute_avg_ms=0.049459 compute_min_ms=0.048128 compute_max_ms=0.050176 compute_var_ms=0.000000290 compute_gflops=56.270986 eff_bw_gbs=344.960367 pct_peak_bw=36.9685 comm_avg_ms=0.046825 comm_min_ms=0.045301 comm_max_ms=0.048845 comm_var_ms=0.000000997 total_avg_ms=0.096285 total_min_ms=0.094615 total_max_ms=0.098860 total_var_ms=0.000001116 effective_gflops=28.905111
RESULT comm=block_nccl kernel=cusparse matrix=roadNet-CA.mtx P=4 rank=2 nrows_local=492820 ncols_global=1971281 nnz_local=1380329 n_ghost=6291 compute_avg_ms=0.049118 compute_min_ms=0.048128 compute_max_ms=0.050176 compute_var_ms=0.000000313 compute_gflops=56.204760 eff_bw_gbs=345.732434 pct_peak_bw=37.0512 comm_avg_ms=0.066909 comm_min_ms=0.063589 comm_max_ms=0.071059 comm_var_ms=0.000002959 total_avg_ms=0.116027 total_min_ms=0.112741 total_max_ms=0.121235 total_var_ms=0.000003071 effective_gflops=23.793169
RESULT comm=block_nccl kernel=cusparse matrix=roadNet-CA.mtx P=4 rank=3 nrows_local=492820 ncols_global=1971281 nnz_local=1364290 n_ghost=3448 compute_avg_ms=0.048777 compute_min_ms=0.048128 compute_max_ms=0.051200 compute_var_ms=0.000000523 compute_gflops=55.940423 eff_bw_gbs=345.288080 pct_peak_bw=37.0036 comm_avg_ms=0.045736 comm_min_ms=0.044689 comm_max_ms=0.047102 comm_var_ms=0.000000392 total_avg_ms=0.094513 total_min_ms=0.092941 total_max_ms=0.097162 total_var_ms=0.000000975 effective_gflops=28.869982
[ERROR CHECKING] OK!

--- P=1 rep=2/3 driver=spmv_block_nccl_cusparse ---
Loaded ../matrices/roadNet-CA.mtx: 1971281 x 1971281, 5533214 nnz
RESULT comm=block_nccl kernel=cusparse matrix=roadNet-CA.mtx P=1 rank=0 nrows_local=1971281 ncols_global=1971281 nnz_local=5533214 n_ghost=0 compute_avg_ms=0.142541 compute_min_ms=0.141312 compute_max_ms=0.144384 compute_var_ms=0.000000657 compute_gflops=77.636915 eff_bw_gbs=476.502784 pct_peak_bw=51.0655 comm_avg_ms=0.001006 comm_min_ms=0.000977 comm_max_ms=0.001102 comm_var_ms=0.000000001 total_avg_ms=0.143547 total_min_ms=0.142293 total_max_ms=0.145387 total_var_ms=0.000000665 effective_gflops=77.092644
[ERROR CHECKING] OK!

--- P=2 rep=2/3 driver=spmv_block_nccl_cusparse ---
Loaded ../matrices/roadNet-CA.mtx: 1971281 x 1971281, 5533214 nnz
RESULT comm=block_nccl kernel=cusparse matrix=roadNet-CA.mtx P=2 rank=1 nrows_local=985640 ncols_global=1971281 nnz_local=2744619 n_ghost=8241 compute_avg_ms=0.077687 compute_min_ms=0.076800 compute_max_ms=0.078848 compute_var_ms=0.000000331 compute_gflops=70.657963 eff_bw_gbs=435.303173 pct_peak_bw=46.6503 comm_avg_ms=0.049356 comm_min_ms=0.047430 comm_max_ms=0.051854 comm_var_ms=0.000001192 total_avg_ms=0.127043 total_min_ms=0.125217 total_max_ms=0.129500 total_var_ms=0.000001323 effective_gflops=43.207582
RESULT comm=block_nccl kernel=cusparse matrix=roadNet-CA.mtx P=2 rank=0 nrows_local=985641 ncols_global=1971281 nnz_local=2788595 n_ghost=7057 compute_avg_ms=0.076766 compute_min_ms=0.075776 compute_max_ms=0.078848 compute_var_ms=0.000000733 compute_gflops=72.651950 eff_bw_gbs=445.050447 pct_peak_bw=47.6949 comm_avg_ms=0.060386 comm_min_ms=0.058604 comm_max_ms=0.063409 comm_var_ms=0.000001288 total_avg_ms=0.137152 total_min_ms=0.135279 total_max_ms=0.140209 total_var_ms=0.000001411 effective_gflops=40.664378
[ERROR CHECKING] OK!

--- P=3 rep=2/3 driver=spmv_block_nccl_cusparse ---
Loaded ../matrices/roadNet-CA.mtx: 1971281 x 1971281, 5533214 nnz
RESULT comm=block_nccl kernel=cusparse matrix=roadNet-CA.mtx P=3 rank=1 nrows_local=657094 ncols_global=1971281 nnz_local=1815072 n_ghost=9478 compute_avg_ms=0.059221 compute_min_ms=0.058368 compute_max_ms=0.060416 compute_var_ms=0.000000355 compute_gflops=61.297909 eff_bw_gbs=378.978625 pct_peak_bw=40.6141 comm_avg_ms=0.057177 comm_min_ms=0.055704 comm_max_ms=0.059393 comm_var_ms=0.000000934 total_avg_ms=0.116398 total_min_ms=0.114557 total_max_ms=0.118785 total_var_ms=0.000001257 effective_gflops=31.187286
RESULT comm=block_nccl kernel=cusparse matrix=roadNet-CA.mtx P=3 rank=0 nrows_local=657094 ncols_global=1971281 nnz_local=1890911 n_ghost=6495 compute_avg_ms=0.058470 compute_min_ms=0.057344 compute_max_ms=0.059392 compute_var_ms=0.000000234 compute_gflops=64.679255 eff_bw_gbs=394.018162 pct_peak_bw=42.2259 comm_avg_ms=0.053479 comm_min_ms=0.051929 comm_max_ms=0.055692 comm_var_ms=0.000000880 total_avg_ms=0.111950 total_min_ms=0.110297 total_max_ms=0.114060 total_var_ms=0.000000876 effective_gflops=33.781469
RESULT comm=block_nccl kernel=cusparse matrix=roadNet-CA.mtx P=3 rank=2 nrows_local=657093 ncols_global=1971281 nnz_local=1827231 n_ghost=5435 compute_avg_ms=0.058231 compute_min_ms=0.057344 compute_max_ms=0.059392 compute_var_ms=0.000000331 compute_gflops=62.757511 eff_bw_gbs=386.813331 pct_peak_bw=41.4538 comm_avg_ms=0.044921 comm_min_ms=0.042169 comm_max_ms=0.047800 comm_var_ms=0.000001892 total_avg_ms=0.103153 total_min_ms=0.100537 total_max_ms=0.105984 total_var_ms=0.000002047 effective_gflops=35.427668
[ERROR CHECKING] OK!

--- P=4 rep=2/3 driver=spmv_block_nccl_cusparse ---
Loaded ../matrices/roadNet-CA.mtx: 1971281 x 1971281, 5533214 nnz
RESULT comm=block_nccl kernel=cusparse matrix=roadNet-CA.mtx P=4 rank=0 nrows_local=492821 ncols_global=1971281 nnz_local=1391559 n_ghost=3784 compute_avg_ms=0.049289 compute_min_ms=0.048128 compute_max_ms=0.050176 compute_var_ms=0.000000191 compute_gflops=56.465830 eff_bw_gbs=346.154824 pct_peak_bw=37.0965 comm_avg_ms=0.048071 comm_min_ms=0.044970 comm_max_ms=0.070023 comm_var_ms=0.000018868 total_avg_ms=0.097360 total_min_ms=0.094122 total_max_ms=0.120199 total_var_ms=0.000020525 effective_gflops=28.585924
RESULT comm=block_nccl kernel=cusparse matrix=roadNet-CA.mtx P=4 rank=1 nrows_local=492820 ncols_global=1971281 nnz_local=1397036 n_ghost=6602 compute_avg_ms=0.049186 compute_min_ms=0.048128 compute_max_ms=0.050176 compute_var_ms=0.000000313 compute_gflops=56.806090 eff_bw_gbs=347.995226 pct_peak_bw=37.2937 comm_avg_ms=0.060093 comm_min_ms=0.058093 comm_max_ms=0.064693 comm_var_ms=0.000001801 total_avg_ms=0.109280 total_min_ms=0.106951 total_max_ms=0.114869 total_var_ms=0.000002481 effective_gflops=25.568094
RESULT comm=block_nccl kernel=cusparse matrix=roadNet-CA.mtx P=4 rank=2 nrows_local=492820 ncols_global=1971281 nnz_local=1380329 n_ghost=6291 compute_avg_ms=0.049152 compute_min_ms=0.048128 compute_max_ms=0.050176 compute_var_ms=0.000000419 compute_gflops=56.165730 eff_bw_gbs=345.492343 pct_peak_bw=37.0255 comm_avg_ms=0.067641 comm_min_ms=0.064469 comm_max_ms=0.086012 comm_var_ms=0.000013078 total_avg_ms=0.116793 total_min_ms=0.113055 total_max_ms=0.135164 total_var_ms=0.000013887 effective_gflops=23.637106
RESULT comm=block_nccl kernel=cusparse matrix=roadNet-CA.mtx P=4 rank=3 nrows_local=492820 ncols_global=1971281 nnz_local=1364290 n_ghost=3448 compute_avg_ms=0.048572 compute_min_ms=0.048128 compute_max_ms=0.049152 compute_var_ms=0.000000257 compute_gflops=56.176293 eff_bw_gbs=346.743966 pct_peak_bw=37.1596 comm_avg_ms=0.046295 comm_min_ms=0.044487 comm_max_ms=0.049549 comm_var_ms=0.000001364 total_avg_ms=0.094866 total_min_ms=0.092733 total_max_ms=0.098701 total_var_ms=0.000001684 effective_gflops=28.762363
[ERROR CHECKING] OK!

--- P=1 rep=3/3 driver=spmv_block_nccl_cusparse ---
Loaded ../matrices/roadNet-CA.mtx: 1971281 x 1971281, 5533214 nnz
RESULT comm=block_nccl kernel=cusparse matrix=roadNet-CA.mtx P=1 rank=0 nrows_local=1971281 ncols_global=1971281 nnz_local=5533214 n_ghost=0 compute_avg_ms=0.142507 compute_min_ms=0.141312 compute_max_ms=0.144384 compute_var_ms=0.000000565 compute_gflops=77.655511 eff_bw_gbs=476.616918 pct_peak_bw=51.0778 comm_avg_ms=0.000970 comm_min_ms=0.000933 comm_max_ms=0.001083 comm_var_ms=0.000000001 total_avg_ms=0.143477 total_min_ms=0.142273 total_max_ms=0.145392 total_var_ms=0.000000567 effective_gflops=77.130346
[ERROR CHECKING] OK!

--- P=2 rep=3/3 driver=spmv_block_nccl_cusparse ---
Loaded ../matrices/roadNet-CA.mtx: 1971281 x 1971281, 5533214 nnz
RESULT comm=block_nccl kernel=cusparse matrix=roadNet-CA.mtx P=2 rank=1 nrows_local=985640 ncols_global=1971281 nnz_local=2744619 n_ghost=8241 compute_avg_ms=0.077346 compute_min_ms=0.075776 compute_max_ms=0.077824 compute_var_ms=0.000000331 compute_gflops=70.969779 eff_bw_gbs=437.224186 pct_peak_bw=46.8562 comm_avg_ms=0.049417 comm_min_ms=0.047362 comm_max_ms=0.051700 comm_var_ms=0.000001137 total_avg_ms=0.126763 total_min_ms=0.123229 total_max_ms=0.128500 total_var_ms=0.000001233 effective_gflops=43.303179
RESULT comm=block_nccl kernel=cusparse matrix=roadNet-CA.mtx P=2 rank=0 nrows_local=985641 ncols_global=1971281 nnz_local=2788595 n_ghost=7057 compute_avg_ms=0.076868 compute_min_ms=0.075776 compute_max_ms=0.078848 compute_var_ms=0.000000555 compute_gflops=72.555166 eff_bw_gbs=444.457572 pct_peak_bw=47.6313 comm_avg_ms=0.060641 comm_min_ms=0.058298 comm_max_ms=0.063807 comm_var_ms=0.000001904 total_avg_ms=0.137510 total_min_ms=0.134494 total_max_ms=0.141631 total_var_ms=0.000002237 effective_gflops=40.558559
[ERROR CHECKING] OK!

--- P=3 rep=3/3 driver=spmv_block_nccl_cusparse ---
Loaded ../matrices/roadNet-CA.mtx: 1971281 x 1971281, 5533214 nnz
RESULT comm=block_nccl kernel=cusparse matrix=roadNet-CA.mtx P=3 rank=1 nrows_local=657094 ncols_global=1971281 nnz_local=1815072 n_ghost=9478 compute_avg_ms=0.059324 compute_min_ms=0.057344 compute_max_ms=0.060416 compute_var_ms=0.000000345 compute_gflops=61.192101 eff_bw_gbs=378.324461 pct_peak_bw=40.5440 comm_avg_ms=0.057797 comm_min_ms=0.056126 comm_max_ms=0.061229 comm_var_ms=0.000001599 total_avg_ms=0.117121 total_min_ms=0.115518 total_max_ms=0.119854 total_var_ms=0.000001360 effective_gflops=30.994817
RESULT comm=block_nccl kernel=cusparse matrix=roadNet-CA.mtx P=3 rank=2 nrows_local=657093 ncols_global=1971281 nnz_local=1827231 n_ghost=5435 compute_avg_ms=0.058334 compute_min_ms=0.057344 compute_max_ms=0.059392 compute_var_ms=0.000000174 compute_gflops=62.647346 eff_bw_gbs=386.134314 pct_peak_bw=41.3810 comm_avg_ms=0.045178 comm_min_ms=0.042496 comm_max_ms=0.047015 comm_var_ms=0.000000914 total_avg_ms=0.103512 total_min_ms=0.100864 total_max_ms=0.105519 total_var_ms=0.000001175 effective_gflops=35.304638
RESULT comm=block_nccl kernel=cusparse matrix=roadNet-CA.mtx P=3 rank=0 nrows_local=657094 ncols_global=1971281 nnz_local=1890911 n_ghost=6495 compute_avg_ms=0.058231 compute_min_ms=0.057344 compute_max_ms=0.059392 compute_var_ms=0.000000261 compute_gflops=64.944645 eff_bw_gbs=395.634884 pct_peak_bw=42.3991 comm_avg_ms=0.053587 comm_min_ms=0.051189 comm_max_ms=0.054927 comm_var_ms=0.000000743 total_avg_ms=0.111819 total_min_ms=0.109557 total_max_ms=0.113471 total_var_ms=0.000001158 effective_gflops=33.820955
[ERROR CHECKING] OK!

--- P=4 rep=3/3 driver=spmv_block_nccl_cusparse ---
Loaded ../matrices/roadNet-CA.mtx: 1971281 x 1971281, 5533214 nnz
RESULT comm=block_nccl kernel=cusparse matrix=roadNet-CA.mtx P=4 rank=0 nrows_local=492821 ncols_global=1971281 nnz_local=1391559 n_ghost=3784 compute_avg_ms=0.049254 compute_min_ms=0.048128 compute_max_ms=0.050176 compute_var_ms=0.000000374 compute_gflops=56.504961 eff_bw_gbs=346.394712 pct_peak_bw=37.1222 comm_avg_ms=0.047724 comm_min_ms=0.045171 comm_max_ms=0.060710 comm_var_ms=0.000008493 total_avg_ms=0.096979 total_min_ms=0.094246 total_max_ms=0.109862 total_var_ms=0.000009326 effective_gflops=28.698289
RESULT comm=block_nccl kernel=cusparse matrix=roadNet-CA.mtx P=4 rank=1 nrows_local=492820 ncols_global=1971281 nnz_local=1397036 n_ghost=6602 compute_avg_ms=0.049152 compute_min_ms=0.048128 compute_max_ms=0.050176 compute_var_ms=0.000000419 compute_gflops=56.845539 eff_bw_gbs=348.236891 pct_peak_bw=37.3196 comm_avg_ms=0.061082 comm_min_ms=0.059382 comm_max_ms=0.063819 comm_var_ms=0.000001555 total_avg_ms=0.110234 total_min_ms=0.107575 total_max_ms=0.113706 total_var_ms=0.000002176 effective_gflops=25.346758
RESULT comm=block_nccl kernel=cusparse matrix=roadNet-CA.mtx P=4 rank=2 nrows_local=492820 ncols_global=1971281 nnz_local=1380329 n_ghost=6291 compute_avg_ms=0.049323 compute_min_ms=0.048128 compute_max_ms=0.051200 compute_var_ms=0.000000565 compute_gflops=55.971385 eff_bw_gbs=344.296870 pct_peak_bw=36.8974 comm_avg_ms=0.067903 comm_min_ms=0.065216 comm_max_ms=0.077798 comm_var_ms=0.000006733 total_avg_ms=0.117226 total_min_ms=0.113344 total_max_ms=0.126950 total_var_ms=0.000007786 effective_gflops=23.549958
RESULT comm=block_nccl kernel=cusparse matrix=roadNet-CA.mtx P=4 rank=3 nrows_local=492820 ncols_global=1971281 nnz_local=1364290 n_ghost=3448 compute_avg_ms=0.049015 compute_min_ms=0.048128 compute_max_ms=0.050176 compute_var_ms=0.000000401 compute_gflops=55.667733 eff_bw_gbs=343.604922 pct_peak_bw=36.8232 comm_avg_ms=0.045711 comm_min_ms=0.044156 comm_max_ms=0.048376 comm_var_ms=0.000000815 total_avg_ms=0.094727 total_min_ms=0.092593 total_max_ms=0.097528 total_var_ms=0.000001596 effective_gflops=28.804751
[ERROR CHECKING] OK!

=== Job done ===
