=== D2_final intelligent-partitioning (1D-Block, cuSPARSE) small-matrix check ===
Node:     edu01
Date:     Thu Jul 23 03:13:30 PM CEST 2026
Matrix:   ../matrices/amazon0302.mtx
Reps:     3

--- P=1 rep=1/3 driver=spmv_block_nccl_cusparse ---
Loaded ../matrices/amazon0302.mtx: 262111 x 262111, 1234877 nnz
RESULT comm=block_nccl kernel=cusparse matrix=amazon0302.mtx P=1 rank=0 nrows_local=262111 ncols_global=262111 nnz_local=1234877 n_ghost=0 compute_avg_ms=0.058402 compute_min_ms=0.057344 compute_max_ms=0.060416 compute_var_ms=0.000000593 compute_gflops=42.288763 eff_bw_gbs=223.011575 pct_peak_bw=23.8996 comm_avg_ms=0.001018 comm_min_ms=0.000916 comm_max_ms=0.001634 comm_var_ms=0.000000015 total_avg_ms=0.059420 total_min_ms=0.058260 total_max_ms=0.061464 total_var_ms=0.000000625 effective_gflops=41.564168
[ERROR CHECKING] OK!

--- P=2 rep=1/3 driver=spmv_block_nccl_cusparse ---
Loaded ../matrices/amazon0302.mtx: 262111 x 262111, 1234877 nnz
RESULT comm=block_nccl kernel=cusparse matrix=amazon0302.mtx P=2 rank=1 nrows_local=131055 ncols_global=262111 nnz_local=607367 n_ghost=53448 compute_avg_ms=0.042257 compute_min_ms=0.040960 compute_max_ms=0.046080 compute_var_ms=0.000001114 compute_gflops=28.746293 eff_bw_gbs=157.261084 pct_peak_bw=16.8533 comm_avg_ms=0.099648 comm_min_ms=0.097024 comm_max_ms=0.102258 comm_var_ms=0.000001546 total_avg_ms=0.141905 total_min_ms=0.139008 total_max_ms=0.145449 total_var_ms=0.000002447 effective_gflops=8.560176
RESULT comm=block_nccl kernel=cusparse matrix=amazon0302.mtx P=2 rank=0 nrows_local=131056 ncols_global=262111 nnz_local=627510 n_ghost=27554 compute_avg_ms=0.037410 compute_min_ms=0.035840 compute_max_ms=0.038912 compute_var_ms=0.000000401 compute_gflops=33.547594 eff_bw_gbs=179.175297 pct_peak_bw=19.2017 comm_avg_ms=0.064900 comm_min_ms=0.063088 comm_max_ms=0.068567 comm_var_ms=0.000000817 total_avg_ms=0.102310 total_min_ms=0.099952 total_max_ms=0.105431 total_var_ms=0.000001225 effective_gflops=12.266836
[ERROR CHECKING] OK!

--- P=3 rep=1/3 driver=spmv_block_nccl_cusparse ---
Loaded ../matrices/amazon0302.mtx: 262111 x 262111, 1234877 nnz
RESULT comm=block_nccl kernel=cusparse matrix=amazon0302.mtx P=3 rank=0 nrows_local=87371 ncols_global=262111 nnz_local=419298 n_ghost=26197 compute_avg_ms=0.030037 compute_min_ms=0.029696 compute_max_ms=0.030720 compute_var_ms=0.000000233 compute_gflops=27.918457 eff_bw_gbs=150.067515 pct_peak_bw=16.0823 comm_avg_ms=0.080203 comm_min_ms=0.078036 comm_max_ms=0.082261 comm_var_ms=0.000000813 total_avg_ms=0.110241 total_min_ms=0.107732 total_max_ms=0.112981 total_var_ms=0.000001144 effective_gflops=7.606961
RESULT comm=block_nccl kernel=cusparse matrix=amazon0302.mtx P=3 rank=1 nrows_local=87370 ncols_global=262111 nnz_local=416438 n_ghost=58334 compute_avg_ms=0.032563 compute_min_ms=0.031744 compute_max_ms=0.033792 compute_var_ms=0.000000238 compute_gflops=25.577216 eff_bw_gbs=141.671704 pct_peak_bw=15.1826 comm_avg_ms=0.094225 comm_min_ms=0.091784 comm_max_ms=0.099030 comm_var_ms=0.000002389 total_avg_ms=0.126788 total_min_ms=0.123528 total_max_ms=0.131798 total_var_ms=0.000002999 effective_gflops=6.569048
RESULT comm=block_nccl kernel=cusparse matrix=amazon0302.mtx P=3 rank=2 nrows_local=87370 ncols_global=262111 nnz_local=399141 n_ghost=54126 compute_avg_ms=0.031983 compute_min_ms=0.030720 compute_max_ms=0.032768 compute_var_ms=0.000000397 compute_gflops=24.959625 eff_bw_gbs=139.389217 pct_peak_bw=14.9380 comm_avg_ms=0.098377 comm_min_ms=0.093326 comm_max_ms=0.106184 comm_var_ms=0.000012711 total_avg_ms=0.130360 total_min_ms=0.125070 total_max_ms=0.138952 total_var_ms=0.000013966 effective_gflops=6.123685
[ERROR CHECKING] OK!

--- P=4 rep=1/3 driver=spmv_block_nccl_cusparse ---
Loaded ../matrices/amazon0302.mtx: 262111 x 262111, 1234877 nnz
RESULT comm=block_nccl kernel=cusparse matrix=amazon0302.mtx P=4 rank=0 nrows_local=65528 ncols_global=262111 nnz_local=315560 n_ghost=22541 compute_avg_ms=0.026761 compute_min_ms=0.025600 compute_max_ms=0.027648 compute_var_ms=0.000000191 compute_gflops=23.583985 eff_bw_gbs=127.089546 pct_peak_bw=13.6199 comm_avg_ms=0.078182 comm_min_ms=0.075650 comm_max_ms=0.085709 comm_var_ms=0.000003004 total_avg_ms=0.104943 total_min_ms=0.102274 total_max_ms=0.112333 total_var_ms=0.000003316 effective_gflops=6.013941
RESULT comm=block_nccl kernel=cusparse matrix=amazon0302.mtx P=4 rank=1 nrows_local=65528 ncols_global=262111 nnz_local=311950 n_ghost=55424 compute_avg_ms=0.028126 compute_min_ms=0.027648 compute_max_ms=0.028672 compute_var_ms=0.000000261 compute_gflops=22.182427 eff_bw_gbs=124.569885 pct_peak_bw=13.3498 comm_avg_ms=0.136004 comm_min_ms=0.133782 comm_max_ms=0.143643 comm_var_ms=0.000003711 total_avg_ms=0.164130 total_min_ms=0.161430 total_max_ms=0.171291 total_var_ms=0.000004251 effective_gflops=3.801254
RESULT comm=block_nccl kernel=cusparse matrix=amazon0302.mtx P=4 rank=2 nrows_local=65528 ncols_global=262111 nnz_local=310529 n_ghost=62838 compute_avg_ms=0.028262 compute_min_ms=0.027648 compute_max_ms=0.029696 compute_var_ms=0.000000322 compute_gflops=21.974708 eff_bw_gbs=124.615177 pct_peak_bw=13.3547 comm_avg_ms=0.138355 comm_min_ms=0.134714 comm_max_ms=0.144371 comm_var_ms=0.000005270 total_avg_ms=0.166618 total_min_ms=0.162362 total_max_ms=0.173043 total_var_ms=0.000006213 effective_gflops=3.727447
RESULT comm=block_nccl kernel=cusparse matrix=amazon0302.mtx P=4 rank=3 nrows_local=65527 ncols_global=262111 nnz_local=296838 n_ghost=47919 compute_avg_ms=0.028058 compute_min_ms=0.027648 compute_max_ms=0.028672 compute_var_ms=0.000000252 compute_gflops=21.159187 eff_bw_gbs=119.493755 pct_peak_bw=12.8058 comm_avg_ms=0.098340 comm_min_ms=0.094936 comm_max_ms=0.103660 comm_var_ms=0.000005164 total_avg_ms=0.126397 total_min_ms=0.122584 total_max_ms=0.132332 total_var_ms=0.000006480 effective_gflops=4.696908
[ERROR CHECKING] OK!

--- P=1 rep=2/3 driver=spmv_block_nccl_cusparse ---
Loaded ../matrices/amazon0302.mtx: 262111 x 262111, 1234877 nnz
RESULT comm=block_nccl kernel=cusparse matrix=amazon0302.mtx P=1 rank=0 nrows_local=262111 ncols_global=262111 nnz_local=1234877 n_ghost=0 compute_avg_ms=0.058129 compute_min_ms=0.056320 compute_max_ms=0.059392 compute_var_ms=0.000000537 compute_gflops=42.487418 eff_bw_gbs=224.059193 pct_peak_bw=24.0118 comm_avg_ms=0.000985 comm_min_ms=0.000938 comm_max_ms=0.001186 comm_var_ms=0.000000003 total_avg_ms=0.059114 total_min_ms=0.057289 total_max_ms=0.060507 total_var_ms=0.000000559 effective_gflops=41.779769
[ERROR CHECKING] OK!

--- P=2 rep=2/3 driver=spmv_block_nccl_cusparse ---
Loaded ../matrices/amazon0302.mtx: 262111 x 262111, 1234877 nnz
RESULT comm=block_nccl kernel=cusparse matrix=amazon0302.mtx P=2 rank=0 nrows_local=131056 ncols_global=262111 nnz_local=627510 n_ghost=27554 compute_avg_ms=0.037444 compute_min_ms=0.036864 compute_max_ms=0.038912 compute_var_ms=0.000000397 compute_gflops=33.517013 eff_bw_gbs=179.011966 pct_peak_bw=19.1842 comm_avg_ms=0.064907 comm_min_ms=0.063390 comm_max_ms=0.067652 comm_var_ms=0.000000701 total_avg_ms=0.102352 total_min_ms=0.100819 total_max_ms=0.105540 total_var_ms=0.000001069 effective_gflops=12.261854
RESULT comm=block_nccl kernel=cusparse matrix=amazon0302.mtx P=2 rank=1 nrows_local=131055 ncols_global=262111 nnz_local=607367 n_ghost=53448 compute_avg_ms=0.041984 compute_min_ms=0.040960 compute_max_ms=0.043008 compute_var_ms=0.000000629 compute_gflops=28.933261 eff_bw_gbs=158.283920 pct_peak_bw=16.9629 comm_avg_ms=0.100034 comm_min_ms=0.098626 comm_max_ms=0.103386 comm_var_ms=0.000001134 total_avg_ms=0.142018 total_min_ms=0.139586 total_max_ms=0.146394 total_var_ms=0.000002253 effective_gflops=8.553365
[ERROR CHECKING] OK!

--- P=3 rep=2/3 driver=spmv_block_nccl_cusparse ---
Loaded ../matrices/amazon0302.mtx: 262111 x 262111, 1234877 nnz
RESULT comm=block_nccl kernel=cusparse matrix=amazon0302.mtx P=3 rank=0 nrows_local=87371 ncols_global=262111 nnz_local=419298 n_ghost=26197 compute_avg_ms=0.029901 compute_min_ms=0.028672 compute_max_ms=0.030720 compute_var_ms=0.000000308 compute_gflops=28.045938 eff_bw_gbs=150.752754 pct_peak_bw=16.1558 comm_avg_ms=0.080488 comm_min_ms=0.078182 comm_max_ms=0.083334 comm_var_ms=0.000001480 total_avg_ms=0.110389 total_min_ms=0.107878 total_max_ms=0.113030 total_var_ms=0.000001520 effective_gflops=7.596731
RESULT comm=block_nccl kernel=cusparse matrix=amazon0302.mtx P=3 rank=1 nrows_local=87370 ncols_global=262111 nnz_local=416438 n_ghost=58334 compute_avg_ms=0.032870 compute_min_ms=0.031744 compute_max_ms=0.033792 compute_var_ms=0.000000234 compute_gflops=25.338177 eff_bw_gbs=140.347669 pct_peak_bw=15.0407 comm_avg_ms=0.094749 comm_min_ms=0.092736 comm_max_ms=0.097975 comm_var_ms=0.000001687 total_avg_ms=0.127620 total_min_ms=0.124844 total_max_ms=0.130743 total_var_ms=0.000001935 effective_gflops=6.526234
RESULT comm=block_nccl kernel=cusparse matrix=amazon0302.mtx P=3 rank=2 nrows_local=87370 ncols_global=262111 nnz_local=399141 n_ghost=54126 compute_avg_ms=0.031915 compute_min_ms=0.030720 compute_max_ms=0.032768 compute_var_ms=0.000000355 compute_gflops=25.013014 eff_bw_gbs=139.687376 pct_peak_bw=14.9699 comm_avg_ms=0.095775 comm_min_ms=0.091003 comm_max_ms=0.104214 comm_var_ms=0.000007724 total_avg_ms=0.127690 total_min_ms=0.122747 total_max_ms=0.135958 total_var_ms=0.000007371 effective_gflops=6.251740
[ERROR CHECKING] OK!

--- P=4 rep=2/3 driver=spmv_block_nccl_cusparse ---
Loaded ../matrices/amazon0302.mtx: 262111 x 262111, 1234877 nnz
RESULT comm=block_nccl kernel=cusparse matrix=amazon0302.mtx P=4 rank=0 nrows_local=65528 ncols_global=262111 nnz_local=315560 n_ghost=22541 compute_avg_ms=0.026556 compute_min_ms=0.025600 compute_max_ms=0.027648 compute_var_ms=0.000000275 compute_gflops=23.765866 eff_bw_gbs=128.069671 pct_peak_bw=13.7249 comm_avg_ms=0.078945 comm_min_ms=0.075485 comm_max_ms=0.083954 comm_var_ms=0.000002911 total_avg_ms=0.105501 total_min_ms=0.102109 total_max_ms=0.110578 total_var_ms=0.000003163 effective_gflops=5.982150
RESULT comm=block_nccl kernel=cusparse matrix=amazon0302.mtx P=4 rank=1 nrows_local=65528 ncols_global=262111 nnz_local=311950 n_ghost=55424 compute_avg_ms=0.028160 compute_min_ms=0.027648 compute_max_ms=0.028672 compute_var_ms=0.000000262 compute_gflops=22.155540 eff_bw_gbs=124.418891 pct_peak_bw=13.3336 comm_avg_ms=0.137609 comm_min_ms=0.135206 comm_max_ms=0.140907 comm_var_ms=0.000001742 total_avg_ms=0.165769 total_min_ms=0.162854 total_max_ms=0.169579 total_var_ms=0.000002136 effective_gflops=3.763677
RESULT comm=block_nccl kernel=cusparse matrix=amazon0302.mtx P=4 rank=2 nrows_local=65528 ncols_global=262111 nnz_local=310529 n_ghost=62838 compute_avg_ms=0.028399 compute_min_ms=0.027648 compute_max_ms=0.032768 compute_var_ms=0.000000904 compute_gflops=21.869061 eff_bw_gbs=124.016065 pct_peak_bw=13.2905 comm_avg_ms=0.145041 comm_min_ms=0.138442 comm_max_ms=0.149878 comm_var_ms=0.000007957 total_avg_ms=0.173440 total_min_ms=0.166090 total_max_ms=0.179739 total_var_ms=0.000010474 effective_gflops=3.580821
RESULT comm=block_nccl kernel=cusparse matrix=amazon0302.mtx P=4 rank=3 nrows_local=65527 ncols_global=262111 nnz_local=296838 n_ghost=47919 compute_avg_ms=0.028365 compute_min_ms=0.027648 compute_max_ms=0.029696 compute_var_ms=0.000000290 compute_gflops=20.930026 eff_bw_gbs=118.199598 pct_peak_bw=12.6671 comm_avg_ms=0.097191 comm_min_ms=0.093188 comm_max_ms=0.102453 comm_var_ms=0.000006172 total_avg_ms=0.125556 total_min_ms=0.121280 total_max_ms=0.132149 total_var_ms=0.000006539 effective_gflops=4.728380
[ERROR CHECKING] OK!

--- P=1 rep=3/3 driver=spmv_block_nccl_cusparse ---
Loaded ../matrices/amazon0302.mtx: 262111 x 262111, 1234877 nnz
RESULT comm=block_nccl kernel=cusparse matrix=amazon0302.mtx P=1 rank=0 nrows_local=262111 ncols_global=262111 nnz_local=1234877 n_ghost=0 compute_avg_ms=0.058368 compute_min_ms=0.057344 compute_max_ms=0.060416 compute_var_ms=0.000000769 compute_gflops=42.313493 eff_bw_gbs=223.141991 pct_peak_bw=23.9135 comm_avg_ms=0.000957 comm_min_ms=0.000925 comm_max_ms=0.001064 comm_var_ms=0.000000001 total_avg_ms=0.059325 total_min_ms=0.058271 total_max_ms=0.061384 total_var_ms=0.000000761 effective_gflops=41.630703
[ERROR CHECKING] OK!

--- P=2 rep=3/3 driver=spmv_block_nccl_cusparse ---
Loaded ../matrices/amazon0302.mtx: 262111 x 262111, 1234877 nnz
RESULT comm=block_nccl kernel=cusparse matrix=amazon0302.mtx P=2 rank=0 nrows_local=131056 ncols_global=262111 nnz_local=627510 n_ghost=27554 compute_avg_ms=0.037547 compute_min_ms=0.036864 compute_max_ms=0.038912 compute_var_ms=0.000000373 compute_gflops=33.425603 eff_bw_gbs=178.523751 pct_peak_bw=19.1319 comm_avg_ms=0.063554 comm_min_ms=0.062034 comm_max_ms=0.065067 comm_var_ms=0.000000503 total_avg_ms=0.101101 total_min_ms=0.099710 total_max_ms=0.102955 total_var_ms=0.000000655 effective_gflops=12.413560
RESULT comm=block_nccl kernel=cusparse matrix=amazon0302.mtx P=2 rank=1 nrows_local=131055 ncols_global=262111 nnz_local=607367 n_ghost=53448 compute_avg_ms=0.042086 compute_min_ms=0.040960 compute_max_ms=0.043008 compute_var_ms=0.000000514 compute_gflops=28.862864 eff_bw_gbs=157.898801 pct_peak_bw=16.9216 comm_avg_ms=0.099119 comm_min_ms=0.097336 comm_max_ms=0.100489 comm_var_ms=0.000000841 total_avg_ms=0.141205 total_min_ms=0.138675 total_max_ms=0.143497 total_var_ms=0.000001191 effective_gflops=8.602617
[ERROR CHECKING] OK!

--- P=3 rep=3/3 driver=spmv_block_nccl_cusparse ---
Loaded ../matrices/amazon0302.mtx: 262111 x 262111, 1234877 nnz
RESULT comm=block_nccl kernel=cusparse matrix=amazon0302.mtx P=3 rank=0 nrows_local=87371 ncols_global=262111 nnz_local=419298 n_ghost=26197 compute_avg_ms=0.030310 compute_min_ms=0.029696 compute_max_ms=0.030720 compute_var_ms=0.000000252 compute_gflops=27.666940 eff_bw_gbs=148.715557 pct_peak_bw=15.9375 comm_avg_ms=0.081043 comm_min_ms=0.078917 comm_max_ms=0.084990 comm_var_ms=0.000001733 total_avg_ms=0.111354 total_min_ms=0.109263 total_max_ms=0.115710 total_var_ms=0.000002395 effective_gflops=7.530924
RESULT comm=block_nccl kernel=cusparse matrix=amazon0302.mtx P=3 rank=1 nrows_local=87370 ncols_global=262111 nnz_local=416438 n_ghost=58334 compute_avg_ms=0.032802 compute_min_ms=0.031744 compute_max_ms=0.033792 compute_var_ms=0.000000313 compute_gflops=25.390910 eff_bw_gbs=140.639755 pct_peak_bw=15.0720 comm_avg_ms=0.094576 comm_min_ms=0.092706 comm_max_ms=0.096772 comm_var_ms=0.000001263 total_avg_ms=0.127378 total_min_ms=0.125474 total_max_ms=0.129540 total_var_ms=0.000001107 effective_gflops=6.538607
RESULT comm=block_nccl kernel=cusparse matrix=amazon0302.mtx P=3 rank=2 nrows_local=87370 ncols_global=262111 nnz_local=399141 n_ghost=54126 compute_avg_ms=0.032085 compute_min_ms=0.031744 compute_max_ms=0.032768 compute_var_ms=0.000000233 compute_gflops=24.879966 eff_bw_gbs=138.944358 pct_peak_bw=14.8903 comm_avg_ms=0.099013 comm_min_ms=0.095319 comm_max_ms=0.108217 comm_var_ms=0.000008874 total_avg_ms=0.131099 total_min_ms=0.127063 total_max_ms=0.139961 total_var_ms=0.000009415 effective_gflops=6.089171
[ERROR CHECKING] OK!

--- P=4 rep=3/3 driver=spmv_block_nccl_cusparse ---
Loaded ../matrices/amazon0302.mtx: 262111 x 262111, 1234877 nnz
RESULT comm=block_nccl kernel=cusparse matrix=amazon0302.mtx P=4 rank=0 nrows_local=65528 ncols_global=262111 nnz_local=315560 n_ghost=22541 compute_avg_ms=0.026931 compute_min_ms=0.025600 compute_max_ms=0.027648 compute_var_ms=0.000000290 compute_gflops=23.434530 eff_bw_gbs=126.284162 pct_peak_bw=13.5335 comm_avg_ms=0.073267 comm_min_ms=0.071002 comm_max_ms=0.082579 comm_var_ms=0.000003766 total_avg_ms=0.100198 total_min_ms=0.098368 total_max_ms=0.109203 total_var_ms=0.000003662 effective_gflops=6.298716
RESULT comm=block_nccl kernel=cusparse matrix=amazon0302.mtx P=4 rank=1 nrows_local=65528 ncols_global=262111 nnz_local=311950 n_ghost=55424 compute_avg_ms=0.028399 compute_min_ms=0.027648 compute_max_ms=0.029696 compute_var_ms=0.000000275 compute_gflops=21.969135 eff_bw_gbs=123.372097 pct_peak_bw=13.2215 comm_avg_ms=0.135661 comm_min_ms=0.125407 comm_max_ms=0.138802 comm_var_ms=0.000006052 total_avg_ms=0.164060 total_min_ms=0.154079 total_max_ms=0.167474 total_var_ms=0.000006229 effective_gflops=3.802884
RESULT comm=block_nccl kernel=cusparse matrix=amazon0302.mtx P=4 rank=2 nrows_local=65528 ncols_global=262111 nnz_local=310529 n_ghost=62838 compute_avg_ms=0.028262 compute_min_ms=0.026624 compute_max_ms=0.031744 compute_var_ms=0.000000741 compute_gflops=21.974708 eff_bw_gbs=124.615177 pct_peak_bw=13.3547 comm_avg_ms=0.136855 comm_min_ms=0.131579 comm_max_ms=0.164781 comm_var_ms=0.000033188 total_avg_ms=0.165118 total_min_ms=0.159227 total_max_ms=0.192429 total_var_ms=0.000033070 effective_gflops=3.761303
RESULT comm=block_nccl kernel=cusparse matrix=amazon0302.mtx P=4 rank=3 nrows_local=65527 ncols_global=262111 nnz_local=296838 n_ghost=47919 compute_avg_ms=0.027853 compute_min_ms=0.027648 compute_max_ms=0.028672 compute_var_ms=0.000000168 compute_gflops=21.314769 eff_bw_gbs=120.372386 pct_peak_bw=12.9000 comm_avg_ms=0.099225 comm_min_ms=0.095226 comm_max_ms=0.104094 comm_var_ms=0.000003976 total_avg_ms=0.127078 total_min_ms=0.122874 total_max_ms=0.131742 total_var_ms=0.000003591 effective_gflops=4.671761
[ERROR CHECKING] OK!

=== Job done ===
