=== D2_final intelligent-partitioning (1D-Block, cuSPARSE) small-matrix check ===
Node:     edu01
Date:     Thu Jul 23 03:24:01 PM CEST 2026
Matrix:   ../matrices/thermal2.mtx
Reps:     3

--- P=1 rep=1/3 driver=spmv_block_nccl_cusparse ---
Loaded ../matrices/thermal2.mtx: 1228045 x 1228045, 8580313 nnz
RESULT comm=block_nccl kernel=cusparse matrix=thermal2.mtx P=1 rank=0 nrows_local=1228045 ncols_global=1228045 nnz_local=8580313 n_ghost=0 compute_avg_ms=0.162782 compute_min_ms=0.160768 compute_max_ms=0.164864 compute_var_ms=0.000000803 compute_gflops=105.420993 eff_bw_gbs=512.213366 pct_peak_bw=54.8926 comm_avg_ms=0.000977 comm_min_ms=0.000909 comm_max_ms=0.001521 comm_var_ms=0.000000012 total_avg_ms=0.163758 total_min_ms=0.161766 total_max_ms=0.165828 total_var_ms=0.000000819 effective_gflops=104.792319
[ERROR CHECKING] OK!

--- P=2 rep=1/3 driver=spmv_block_nccl_cusparse ---
Loaded ../matrices/thermal2.mtx: 1228045 x 1228045, 8580313 nnz
RESULT comm=block_nccl kernel=cusparse matrix=thermal2.mtx P=2 rank=1 nrows_local=614022 ncols_global=1228045 nnz_local=4275106 n_ghost=128944 compute_avg_ms=0.090863 compute_min_ms=0.090112 compute_max_ms=0.092160 compute_var_ms=0.000000415 compute_gflops=94.100109 eff_bw_gbs=463.168973 pct_peak_bw=49.6366 comm_avg_ms=0.168956 comm_min_ms=0.165305 comm_max_ms=0.172274 comm_var_ms=0.000003094 total_avg_ms=0.259819 total_min_ms=0.255645 total_max_ms=0.262918 total_var_ms=0.000003089 effective_gflops=32.908403
RESULT comm=block_nccl kernel=cusparse matrix=thermal2.mtx P=2 rank=0 nrows_local=614023 ncols_global=1228045 nnz_local=4305207 n_ghost=51064 compute_avg_ms=0.091102 compute_min_ms=0.090112 compute_max_ms=0.093184 compute_var_ms=0.000000453 compute_gflops=94.514133 eff_bw_gbs=461.178163 pct_peak_bw=49.4232 comm_avg_ms=0.118122 comm_min_ms=0.113068 comm_max_ms=0.122428 comm_var_ms=0.000004623 total_avg_ms=0.209223 total_min_ms=0.203180 total_max_ms=0.215612 total_var_ms=0.000005702 effective_gflops=41.154163
[ERROR CHECKING] OK!

--- P=3 rep=1/3 driver=spmv_block_nccl_cusparse ---
Loaded ../matrices/thermal2.mtx: 1228045 x 1228045, 8580313 nnz
RESULT comm=block_nccl kernel=cusparse matrix=thermal2.mtx P=3 rank=1 nrows_local=409348 ncols_global=1228045 nnz_local=2868948 n_ghost=38396 compute_avg_ms=0.069973 compute_min_ms=0.068608 compute_max_ms=0.071680 compute_var_ms=0.000000373 compute_gflops=82.001180 eff_bw_gbs=400.400354 pct_peak_bw=42.9098 comm_avg_ms=0.108396 comm_min_ms=0.105994 comm_max_ms=0.112522 comm_var_ms=0.000001999 total_avg_ms=0.178369 total_min_ms=0.175626 total_max_ms=0.182154 total_var_ms=0.000002415 effective_gflops=32.168636
RESULT comm=block_nccl kernel=cusparse matrix=thermal2.mtx P=3 rank=0 nrows_local=409349 ncols_global=1228045 nnz_local=2870853 n_ghost=34667 compute_avg_ms=0.070383 compute_min_ms=0.068608 compute_max_ms=0.071680 compute_var_ms=0.000000415 compute_gflops=81.578099 eff_bw_gbs=398.074961 pct_peak_bw=42.6606 comm_avg_ms=0.107032 comm_min_ms=0.103932 comm_max_ms=0.110649 comm_var_ms=0.000002382 total_avg_ms=0.177414 total_min_ms=0.174588 total_max_ms=0.181305 total_var_ms=0.000002907 effective_gflops=32.363240
RESULT comm=block_nccl kernel=cusparse matrix=thermal2.mtx P=3 rank=2 nrows_local=409348 ncols_global=1228045 nnz_local=2840512 n_ghost=170257 compute_avg_ms=0.068574 compute_min_ms=0.067584 compute_max_ms=0.069632 compute_var_ms=0.000000453 compute_gflops=82.845320 eff_bw_gbs=412.945996 pct_peak_bw=44.2543 comm_avg_ms=0.117845 comm_min_ms=0.114781 comm_max_ms=0.121754 comm_var_ms=0.000002810 total_avg_ms=0.186419 total_min_ms=0.183778 total_max_ms=0.190362 total_var_ms=0.000002524 effective_gflops=30.474441
[ERROR CHECKING] OK!

--- P=4 rep=1/3 driver=spmv_block_nccl_cusparse ---
Loaded ../matrices/thermal2.mtx: 1228045 x 1228045, 8580313 nnz
RESULT comm=block_nccl kernel=cusparse matrix=thermal2.mtx P=4 rank=0 nrows_local=307012 ncols_global=1228045 nnz_local=2153250 n_ghost=27033 compute_avg_ms=0.058846 compute_min_ms=0.058368 compute_max_ms=0.059392 compute_var_ms=0.000000261 compute_gflops=73.182708 eff_bw_gbs=357.175121 pct_peak_bw=38.2775 comm_avg_ms=0.078715 comm_min_ms=0.075361 comm_max_ms=0.082599 comm_var_ms=0.000001519 total_avg_ms=0.137561 total_min_ms=0.134753 total_max_ms=0.140967 total_var_ms=0.000001623 effective_gflops=31.306028
RESULT comm=block_nccl kernel=cusparse matrix=thermal2.mtx P=4 rank=1 nrows_local=307011 ncols_global=1228045 nnz_local=2151957 n_ghost=35662 compute_avg_ms=0.057651 compute_min_ms=0.056320 compute_max_ms=0.058368 compute_var_ms=0.000000290 compute_gflops=74.654369 eff_bw_gbs=364.995693 pct_peak_bw=39.1156 comm_avg_ms=0.086302 comm_min_ms=0.083299 comm_max_ms=0.094639 comm_var_ms=0.000004661 total_avg_ms=0.143953 total_min_ms=0.140412 total_max_ms=0.151983 total_var_ms=0.000004896 effective_gflops=29.897960
RESULT comm=block_nccl kernel=cusparse matrix=thermal2.mtx P=4 rank=2 nrows_local=307011 ncols_global=1228045 nnz_local=2149247 n_ghost=28937 compute_avg_ms=0.056627 compute_min_ms=0.056320 compute_max_ms=0.057344 compute_var_ms=0.000000220 compute_gflops=75.908644 eff_bw_gbs=370.738087 pct_peak_bw=39.7310 comm_avg_ms=0.134677 comm_min_ms=0.126886 comm_max_ms=0.140877 comm_var_ms=0.000008136 total_avg_ms=0.191305 total_min_ms=0.183206 total_max_ms=0.197197 total_var_ms=0.000008211 effective_gflops=22.469363
RESULT comm=block_nccl kernel=cusparse matrix=thermal2.mtx P=4 rank=3 nrows_local=307011 ncols_global=1228045 nnz_local=2125859 n_ghost=189211 compute_avg_ms=0.057003 compute_min_ms=0.056320 compute_max_ms=0.058368 compute_var_ms=0.000000303 compute_gflops=74.588053 eff_bw_gbs=376.260498 pct_peak_bw=40.3228 comm_avg_ms=0.173264 comm_min_ms=0.167415 comm_max_ms=0.181154 comm_var_ms=0.000013682 total_avg_ms=0.230266 total_min_ms=0.224759 total_max_ms=0.238498 total_var_ms=0.000013567 effective_gflops=18.464349
[ERROR CHECKING] OK!

--- P=1 rep=2/3 driver=spmv_block_nccl_cusparse ---
Loaded ../matrices/thermal2.mtx: 1228045 x 1228045, 8580313 nnz
RESULT comm=block_nccl kernel=cusparse matrix=thermal2.mtx P=1 rank=0 nrows_local=1228045 ncols_global=1228045 nnz_local=8580313 n_ghost=0 compute_avg_ms=0.162714 compute_min_ms=0.161792 compute_max_ms=0.163840 compute_var_ms=0.000000444 compute_gflops=105.465223 eff_bw_gbs=512.428268 pct_peak_bw=54.9156 comm_avg_ms=0.001034 comm_min_ms=0.001001 comm_max_ms=0.001125 comm_var_ms=0.000000001 total_avg_ms=0.163748 total_min_ms=0.162794 total_max_ms=0.164876 total_var_ms=0.000000441 effective_gflops=104.799018
[ERROR CHECKING] OK!

--- P=2 rep=2/3 driver=spmv_block_nccl_cusparse ---
Loaded ../matrices/thermal2.mtx: 1228045 x 1228045, 8580313 nnz
RESULT comm=block_nccl kernel=cusparse matrix=thermal2.mtx P=2 rank=1 nrows_local=614022 ncols_global=1228045 nnz_local=4275106 n_ghost=128944 compute_avg_ms=0.091136 compute_min_ms=0.090112 compute_max_ms=0.093184 compute_var_ms=0.000000559 compute_gflops=93.818161 eff_bw_gbs=461.781201 pct_peak_bw=49.4879 comm_avg_ms=0.168016 comm_min_ms=0.165042 comm_max_ms=0.171529 comm_var_ms=0.000002223 total_avg_ms=0.259153 total_min_ms=0.255794 total_max_ms=0.262946 total_var_ms=0.000003443 effective_gflops=32.992975
RESULT comm=block_nccl kernel=cusparse matrix=thermal2.mtx P=2 rank=0 nrows_local=614023 ncols_global=1228045 nnz_local=4305207 n_ghost=51064 compute_avg_ms=0.091341 compute_min_ms=0.090112 compute_max_ms=0.092160 compute_var_ms=0.000000238 compute_gflops=94.266898 eff_bw_gbs=459.971792 pct_peak_bw=49.2940 comm_avg_ms=0.118495 comm_min_ms=0.115413 comm_max_ms=0.121683 comm_var_ms=0.000003041 total_avg_ms=0.209836 total_min_ms=0.206549 total_max_ms=0.212819 total_var_ms=0.000003068 effective_gflops=41.034108
[ERROR CHECKING] OK!

--- P=3 rep=2/3 driver=spmv_block_nccl_cusparse ---
Loaded ../matrices/thermal2.mtx: 1228045 x 1228045, 8580313 nnz
RESULT comm=block_nccl kernel=cusparse matrix=thermal2.mtx P=3 rank=0 nrows_local=409349 ncols_global=1228045 nnz_local=2870853 n_ghost=34667 compute_avg_ms=0.070042 compute_min_ms=0.069632 compute_max_ms=0.070656 compute_var_ms=0.000000252 compute_gflops=81.975653 eff_bw_gbs=400.014898 pct_peak_bw=42.8685 comm_avg_ms=0.123128 comm_min_ms=0.105518 comm_max_ms=0.539384 comm_var_ms=0.005978635 total_avg_ms=0.193169 total_min_ms=0.175150 total_max_ms=0.609016 total_var_ms=0.005967017 effective_gflops=29.723698
RESULT comm=block_nccl kernel=cusparse matrix=thermal2.mtx P=3 rank=1 nrows_local=409348 ncols_global=1228045 nnz_local=2868948 n_ghost=38396 compute_avg_ms=0.069769 compute_min_ms=0.068608 compute_max_ms=0.070656 compute_var_ms=0.000000331 compute_gflops=82.241888 eff_bw_gbs=401.575698 pct_peak_bw=43.0358 comm_avg_ms=0.110045 comm_min_ms=0.106452 comm_max_ms=0.126055 comm_var_ms=0.000012036 total_avg_ms=0.179813 total_min_ms=0.176084 total_max_ms=0.195687 total_var_ms=0.000012360 effective_gflops=31.910322
RESULT comm=block_nccl kernel=cusparse matrix=thermal2.mtx P=3 rank=2 nrows_local=409348 ncols_global=1228045 nnz_local=2840512 n_ghost=170257 compute_avg_ms=0.068608 compute_min_ms=0.067584 compute_max_ms=0.069632 compute_var_ms=0.000000419 compute_gflops=82.804103 eff_bw_gbs=412.740550 pct_peak_bw=44.2323 comm_avg_ms=0.119684 comm_min_ms=0.115794 comm_max_ms=0.123324 comm_var_ms=0.000003785 total_avg_ms=0.188292 total_min_ms=0.184402 total_max_ms=0.192288 total_var_ms=0.000004382 effective_gflops=30.171303
[ERROR CHECKING] OK!

--- P=4 rep=2/3 driver=spmv_block_nccl_cusparse ---
Loaded ../matrices/thermal2.mtx: 1228045 x 1228045, 8580313 nnz
RESULT comm=block_nccl kernel=cusparse matrix=thermal2.mtx P=4 rank=0 nrows_local=307012 ncols_global=1228045 nnz_local=2153250 n_ghost=27033 compute_avg_ms=0.059153 compute_min_ms=0.058368 compute_max_ms=0.060416 compute_var_ms=0.000000257 compute_gflops=72.802648 eff_bw_gbs=355.320200 pct_peak_bw=38.0787 comm_avg_ms=0.077201 comm_min_ms=0.073279 comm_max_ms=0.080259 comm_var_ms=0.000001878 total_avg_ms=0.136355 total_min_ms=0.131647 total_max_ms=0.139651 total_var_ms=0.000002721 effective_gflops=31.583116
RESULT comm=block_nccl kernel=cusparse matrix=thermal2.mtx P=4 rank=1 nrows_local=307011 ncols_global=1228045 nnz_local=2151957 n_ghost=35662 compute_avg_ms=0.057651 compute_min_ms=0.056320 compute_max_ms=0.059392 compute_var_ms=0.000000570 compute_gflops=74.654369 eff_bw_gbs=364.995693 pct_peak_bw=39.1156 comm_avg_ms=0.085751 comm_min_ms=0.083947 comm_max_ms=0.088324 comm_var_ms=0.000001085 total_avg_ms=0.143403 total_min_ms=0.140634 total_max_ms=0.145969 total_var_ms=0.000001703 effective_gflops=30.012817
RESULT comm=block_nccl kernel=cusparse matrix=thermal2.mtx P=4 rank=2 nrows_local=307011 ncols_global=1228045 nnz_local=2149247 n_ghost=28937 compute_avg_ms=0.056730 compute_min_ms=0.056320 compute_max_ms=0.057344 compute_var_ms=0.000000252 compute_gflops=75.771625 eff_bw_gbs=370.068884 pct_peak_bw=39.6593 comm_avg_ms=0.130271 comm_min_ms=0.122048 comm_max_ms=0.137409 comm_var_ms=0.000013059 total_avg_ms=0.187000 total_min_ms=0.178368 total_max_ms=0.193729 total_var_ms=0.000014072 effective_gflops=22.986541
RESULT comm=block_nccl kernel=cusparse matrix=thermal2.mtx P=4 rank=3 nrows_local=307011 ncols_global=1228045 nnz_local=2125859 n_ghost=189211 compute_avg_ms=0.057037 compute_min_ms=0.056320 compute_max_ms=0.058368 compute_var_ms=0.000000360 compute_gflops=74.543417 eff_bw_gbs=376.035327 pct_peak_bw=40.2987 comm_avg_ms=0.169371 comm_min_ms=0.160421 comm_max_ms=0.176411 comm_var_ms=0.000015457 total_avg_ms=0.226408 total_min_ms=0.217765 total_max_ms=0.232902 total_var_ms=0.000016836 effective_gflops=18.779001
[ERROR CHECKING] OK!

--- P=1 rep=3/3 driver=spmv_block_nccl_cusparse ---
Loaded ../matrices/thermal2.mtx: 1228045 x 1228045, 8580313 nnz
RESULT comm=block_nccl kernel=cusparse matrix=thermal2.mtx P=1 rank=0 nrows_local=1228045 ncols_global=1228045 nnz_local=8580313 n_ghost=0 compute_avg_ms=0.162645 compute_min_ms=0.160768 compute_max_ms=0.163840 compute_var_ms=0.000000635 compute_gflops=105.509489 eff_bw_gbs=512.643349 pct_peak_bw=54.9386 comm_avg_ms=0.001003 comm_min_ms=0.000959 comm_max_ms=0.001053 comm_var_ms=0.000000001 total_avg_ms=0.163648 total_min_ms=0.161745 total_max_ms=0.164880 total_var_ms=0.000000631 effective_gflops=104.862886
[ERROR CHECKING] OK!

--- P=2 rep=3/3 driver=spmv_block_nccl_cusparse ---
Loaded ../matrices/thermal2.mtx: 1228045 x 1228045, 8580313 nnz
RESULT comm=block_nccl kernel=cusparse matrix=thermal2.mtx P=2 rank=1 nrows_local=614022 ncols_global=1228045 nnz_local=4275106 n_ghost=128944 compute_avg_ms=0.091307 compute_min_ms=0.090112 compute_max_ms=0.093184 compute_var_ms=0.000000495 compute_gflops=93.642800 eff_bw_gbs=460.918058 pct_peak_bw=49.3954 comm_avg_ms=0.168771 comm_min_ms=0.166284 comm_max_ms=0.172008 comm_var_ms=0.000002183 total_avg_ms=0.260077 total_min_ms=0.257420 total_max_ms=0.263101 total_var_ms=0.000002769 effective_gflops=32.875635
RESULT comm=block_nccl kernel=cusparse matrix=thermal2.mtx P=2 rank=0 nrows_local=614023 ncols_global=1228045 nnz_local=4305207 n_ghost=51064 compute_avg_ms=0.090863 compute_min_ms=0.090112 compute_max_ms=0.092160 compute_var_ms=0.000000415 compute_gflops=94.762667 eff_bw_gbs=462.390878 pct_peak_bw=49.5532 comm_avg_ms=0.117948 comm_min_ms=0.113033 comm_max_ms=0.122752 comm_var_ms=0.000005710 total_avg_ms=0.208811 total_min_ms=0.203864 total_max_ms=0.213888 total_var_ms=0.000006257 effective_gflops=41.235442
[ERROR CHECKING] OK!

--- P=3 rep=3/3 driver=spmv_block_nccl_cusparse ---
Loaded ../matrices/thermal2.mtx: 1228045 x 1228045, 8580313 nnz
RESULT comm=block_nccl kernel=cusparse matrix=thermal2.mtx P=3 rank=1 nrows_local=409348 ncols_global=1228045 nnz_local=2868948 n_ghost=38396 compute_avg_ms=0.069734 compute_min_ms=0.068608 compute_max_ms=0.070656 compute_var_ms=0.000000304 compute_gflops=82.282143 eff_bw_gbs=401.772260 pct_peak_bw=43.0569 comm_avg_ms=0.108162 comm_min_ms=0.104643 comm_max_ms=0.114216 comm_var_ms=0.000004182 total_avg_ms=0.177896 total_min_ms=0.174275 total_max_ms=0.183848 total_var_ms=0.000004430 effective_gflops=32.254131
RESULT comm=block_nccl kernel=cusparse matrix=thermal2.mtx P=3 rank=2 nrows_local=409348 ncols_global=1228045 nnz_local=2840512 n_ghost=170257 compute_avg_ms=0.068847 compute_min_ms=0.067584 compute_max_ms=0.069632 compute_var_ms=0.000000607 compute_gflops=82.516732 eff_bw_gbs=411.308133 pct_peak_bw=44.0788 comm_avg_ms=0.132314 comm_min_ms=0.116154 comm_max_ms=0.553537 comm_var_ms=0.006119422 total_avg_ms=0.201161 total_min_ms=0.184036 total_max_ms=0.621121 total_var_ms=0.006083090 effective_gflops=28.241128
RESULT comm=block_nccl kernel=cusparse matrix=thermal2.mtx P=3 rank=0 nrows_local=409349 ncols_global=1228045 nnz_local=2870853 n_ghost=34667 compute_avg_ms=0.069905 compute_min_ms=0.069632 compute_max_ms=0.070656 compute_var_ms=0.000000205 compute_gflops=82.135762 eff_bw_gbs=400.796177 pct_peak_bw=42.9523 comm_avg_ms=0.107169 comm_min_ms=0.105349 comm_max_ms=0.111543 comm_var_ms=0.000001234 total_avg_ms=0.177074 total_min_ms=0.174981 total_max_ms=0.181175 total_var_ms=0.000001421 effective_gflops=32.425399
[ERROR CHECKING] OK!

--- P=4 rep=3/3 driver=spmv_block_nccl_cusparse ---
Loaded ../matrices/thermal2.mtx: 1228045 x 1228045, 8580313 nnz
RESULT comm=block_nccl kernel=cusparse matrix=thermal2.mtx P=4 rank=0 nrows_local=307012 ncols_global=1228045 nnz_local=2153250 n_ghost=27033 compute_avg_ms=0.059255 compute_min_ms=0.058368 compute_max_ms=0.060416 compute_var_ms=0.000000471 compute_gflops=72.676837 eff_bw_gbs=354.706168 pct_peak_bw=38.0129 comm_avg_ms=0.080292 comm_min_ms=0.078180 comm_max_ms=0.088280 comm_var_ms=0.000004095 total_avg_ms=0.139548 total_min_ms=0.136548 total_max_ms=0.146648 total_var_ms=0.000003899 effective_gflops=30.860400
RESULT comm=block_nccl kernel=cusparse matrix=thermal2.mtx P=4 rank=1 nrows_local=307011 ncols_global=1228045 nnz_local=2151957 n_ghost=35662 compute_avg_ms=0.057515 compute_min_ms=0.056320 compute_max_ms=0.058368 compute_var_ms=0.000000285 compute_gflops=74.831590 eff_bw_gbs=365.862152 pct_peak_bw=39.2085 comm_avg_ms=0.090890 comm_min_ms=0.076638 comm_max_ms=0.101932 comm_var_ms=0.000015120 total_avg_ms=0.148405 total_min_ms=0.133982 total_max_ms=0.160300 total_var_ms=0.000016465 effective_gflops=29.001132
RESULT comm=block_nccl kernel=cusparse matrix=thermal2.mtx P=4 rank=2 nrows_local=307011 ncols_global=1228045 nnz_local=2149247 n_ghost=28937 compute_avg_ms=0.057037 compute_min_ms=0.056320 compute_max_ms=0.057344 compute_var_ms=0.000000220 compute_gflops=75.363519 eff_bw_gbs=368.075694 pct_peak_bw=39.4457 comm_avg_ms=0.139381 comm_min_ms=0.132716 comm_max_ms=0.145790 comm_var_ms=0.000007975 total_avg_ms=0.196418 total_min_ms=0.189036 total_max_ms=0.203134 total_var_ms=0.000008571 effective_gflops=21.884420
RESULT comm=block_nccl kernel=cusparse matrix=thermal2.mtx P=4 rank=3 nrows_local=307011 ncols_global=1228045 nnz_local=2125859 n_ghost=189211 compute_avg_ms=0.056866 compute_min_ms=0.055296 compute_max_ms=0.057344 compute_var_ms=0.000000331 compute_gflops=74.767137 eff_bw_gbs=377.163885 pct_peak_bw=40.4197 comm_avg_ms=0.172135 comm_min_ms=0.166502 comm_max_ms=0.178205 comm_var_ms=0.000011691 total_avg_ms=0.229001 total_min_ms=0.223846 total_max_ms=0.235549 total_var_ms=0.000012574 effective_gflops=18.566346
[ERROR CHECKING] OK!

=== Job done ===
