=== D2_final intelligent-partitioning (1D-Block, cuSPARSE) small-matrix check ===
Node:     edu01
Date:     Thu Jul 23 03:14:00 PM CEST 2026
Matrix:   ../matrices/ASIC_680k.mtx
Reps:     3

--- P=1 rep=1/3 driver=spmv_block_nccl_cusparse ---
Loaded ../matrices/ASIC_680k.mtx: 682862 x 682862, 3871773 nnz
RESULT comm=block_nccl kernel=cusparse matrix=ASIC_680k.mtx P=1 rank=0 nrows_local=682862 ncols_global=682862 nnz_local=3871773 n_ghost=0 compute_avg_ms=0.076971 compute_min_ms=0.075776 compute_max_ms=0.077824 compute_var_ms=0.000000355 compute_gflops=100.603856 eff_bw_gbs=508.876080 pct_peak_bw=54.5349 comm_avg_ms=0.000975 comm_min_ms=0.000930 comm_max_ms=0.001329 comm_var_ms=0.000000007 total_avg_ms=0.077945 total_min_ms=0.076706 total_max_ms=0.079009 total_var_ms=0.000000378 effective_gflops=99.345728
[ERROR CHECKING] OK!

--- P=2 rep=1/3 driver=spmv_block_nccl_cusparse ---
Loaded ../matrices/ASIC_680k.mtx: 682862 x 682862, 3871773 nnz
RESULT comm=block_nccl kernel=cusparse matrix=ASIC_680k.mtx P=2 rank=1 nrows_local=341431 ncols_global=682862 nnz_local=1554070 n_ghost=34186 compute_avg_ms=0.047002 compute_min_ms=0.046080 compute_max_ms=0.048128 compute_var_ms=0.000000304 compute_gflops=66.128386 eff_bw_gbs=354.593879 pct_peak_bw=38.0009 comm_avg_ms=0.168763 comm_min_ms=0.165850 comm_max_ms=0.172511 comm_var_ms=0.000002469 total_avg_ms=0.215764 total_min_ms=0.212886 total_max_ms=0.219615 total_var_ms=0.000003010 effective_gflops=14.405265
RESULT comm=block_nccl kernel=cusparse matrix=ASIC_680k.mtx P=2 rank=0 nrows_local=341431 ncols_global=682862 nnz_local=2317703 n_ghost=341431 compute_avg_ms=0.053965 compute_min_ms=0.053248 compute_max_ms=0.055296 compute_var_ms=0.000000360 compute_gflops=85.896844 eff_bw_gbs=444.818181 pct_peak_bw=47.6700 comm_avg_ms=0.345965 comm_min_ms=0.340470 comm_max_ms=0.388880 comm_var_ms=0.000068685 total_avg_ms=0.399929 total_min_ms=0.393907 total_max_ms=0.443152 total_var_ms=0.000070930 effective_gflops=11.590559
[ERROR CHECKING] OK!

--- P=3 rep=1/3 driver=spmv_block_nccl_cusparse ---
Loaded ../matrices/ASIC_680k.mtx: 682862 x 682862, 3871773 nnz
RESULT comm=block_nccl kernel=cusparse matrix=ASIC_680k.mtx P=3 rank=0 nrows_local=227621 ncols_global=682862 nnz_local=1845901 n_ghost=455241 compute_avg_ms=0.046421 compute_min_ms=0.045056 compute_max_ms=0.048128 compute_var_ms=0.000000443 compute_gflops=79.528132 eff_bw_gbs=416.179939 pct_peak_bw=44.6009 comm_avg_ms=0.270222 comm_min_ms=0.264409 comm_max_ms=0.277781 comm_var_ms=0.000012349 total_avg_ms=0.316643 total_min_ms=0.310752 total_max_ms=0.323861 total_var_ms=0.000012242 effective_gflops=11.659197
RESULT comm=block_nccl kernel=cusparse matrix=ASIC_680k.mtx P=3 rank=1 nrows_local=227621 ncols_global=682862 nnz_local=951260 n_ghost=42294 compute_avg_ms=0.038537 compute_min_ms=0.037888 compute_max_ms=0.039936 compute_var_ms=0.000000313 compute_gflops=49.369257 eff_bw_gbs=272.746695 pct_peak_bw=29.2295 comm_avg_ms=0.115510 comm_min_ms=0.112663 comm_max_ms=0.120953 comm_var_ms=0.000002523 total_avg_ms=0.154047 total_min_ms=0.150551 total_max_ms=0.159865 total_var_ms=0.000003024 effective_gflops=12.350270
RESULT comm=block_nccl kernel=cusparse matrix=ASIC_680k.mtx P=3 rank=2 nrows_local=227620 ncols_global=682862 nnz_local=1074612 n_ghost=46105 compute_avg_ms=0.038366 compute_min_ms=0.036864 compute_max_ms=0.039936 compute_var_ms=0.000000471 compute_gflops=56.019170 eff_bw_gbs=300.078193 pct_peak_bw=32.1586 comm_avg_ms=0.148725 comm_min_ms=0.142387 comm_max_ms=0.176795 comm_var_ms=0.000034702 total_avg_ms=0.187091 total_min_ms=0.181299 total_max_ms=0.216731 total_var_ms=0.000037268 effective_gflops=11.487586
[ERROR CHECKING] OK!

--- P=4 rep=1/3 driver=spmv_block_nccl_cusparse ---
Loaded ../matrices/ASIC_680k.mtx: 682862 x 682862, 3871773 nnz
RESULT comm=block_nccl kernel=cusparse matrix=ASIC_680k.mtx P=4 rank=0 nrows_local=170716 ncols_global=682862 nnz_local=1558112 n_ghost=512146 compute_avg_ms=0.041779 compute_min_ms=0.039936 compute_max_ms=0.044032 compute_var_ms=0.000001007 compute_gflops=74.587930 eff_bw_gbs=396.419182 pct_peak_bw=42.4832 comm_avg_ms=0.331384 comm_min_ms=0.325276 comm_max_ms=0.339072 comm_var_ms=0.000010885 total_avg_ms=0.373163 total_min_ms=0.367260 total_max_ms=0.380032 total_var_ms=0.000010098 effective_gflops=8.350832
RESULT comm=block_nccl kernel=cusparse matrix=ASIC_680k.mtx P=4 rank=1 nrows_local=170716 ncols_global=682862 nnz_local=759594 n_ghost=33704 compute_avg_ms=0.033587 compute_min_ms=0.032768 compute_max_ms=0.034816 compute_var_ms=0.000000308 compute_gflops=45.231159 eff_bw_gbs=245.931901 pct_peak_bw=26.3559 comm_avg_ms=0.123856 comm_min_ms=0.119216 comm_max_ms=0.127351 comm_var_ms=0.000003804 total_avg_ms=0.157443 total_min_ms=0.153815 total_max_ms=0.161875 total_var_ms=0.000003852 effective_gflops=9.649138
RESULT comm=block_nccl kernel=cusparse matrix=ASIC_680k.mtx P=4 rank=2 nrows_local=170715 ncols_global=682862 nnz_local=781014 n_ghost=30094 compute_avg_ms=0.032905 compute_min_ms=0.032768 compute_max_ms=0.033792 compute_var_ms=0.000000121 compute_gflops=47.471514 eff_bw_gbs=255.802808 pct_peak_bw=27.4137 comm_avg_ms=0.108540 comm_min_ms=0.105059 comm_max_ms=0.113476 comm_var_ms=0.000004074 total_avg_ms=0.141445 total_min_ms=0.137827 total_max_ms=0.146244 total_var_ms=0.000004200 effective_gflops=11.043373
RESULT comm=block_nccl kernel=cusparse matrix=ASIC_680k.mtx P=4 rank=3 nrows_local=170715 ncols_global=682862 nnz_local=773053 n_ghost=14709 compute_avg_ms=0.032427 compute_min_ms=0.031744 compute_max_ms=0.033792 compute_var_ms=0.000000373 compute_gflops=47.680078 eff_bw_gbs=255.710651 pct_peak_bw=27.4038 comm_avg_ms=0.124508 comm_min_ms=0.119788 comm_max_ms=0.128998 comm_var_ms=0.000004177 total_avg_ms=0.156934 total_min_ms=0.152556 total_max_ms=0.161766 total_var_ms=0.000004606 effective_gflops=9.851940
[ERROR CHECKING] OK!

--- P=1 rep=2/3 driver=spmv_block_nccl_cusparse ---
Loaded ../matrices/ASIC_680k.mtx: 682862 x 682862, 3871773 nnz
RESULT comm=block_nccl kernel=cusparse matrix=ASIC_680k.mtx P=1 rank=0 nrows_local=682862 ncols_global=682862 nnz_local=3871773 n_ghost=0 compute_avg_ms=0.077175 compute_min_ms=0.075776 compute_max_ms=0.078848 compute_var_ms=0.000000383 compute_gflops=100.336885 eff_bw_gbs=507.525684 pct_peak_bw=54.3902 comm_avg_ms=0.000984 comm_min_ms=0.000957 comm_max_ms=0.001025 comm_var_ms=0.000000000 total_avg_ms=0.078159 total_min_ms=0.076789 total_max_ms=0.079827 total_var_ms=0.000000376 effective_gflops=99.074101
[ERROR CHECKING] OK!

--- P=2 rep=2/3 driver=spmv_block_nccl_cusparse ---
Loaded ../matrices/ASIC_680k.mtx: 682862 x 682862, 3871773 nnz
RESULT comm=block_nccl kernel=cusparse matrix=ASIC_680k.mtx P=2 rank=1 nrows_local=341431 ncols_global=682862 nnz_local=1554070 n_ghost=34186 compute_avg_ms=0.046763 compute_min_ms=0.046080 compute_max_ms=0.048128 compute_var_ms=0.000000303 compute_gflops=66.466268 eff_bw_gbs=356.405673 pct_peak_bw=38.1951 comm_avg_ms=0.168585 comm_min_ms=0.165465 comm_max_ms=0.173162 comm_var_ms=0.000002809 total_avg_ms=0.215347 total_min_ms=0.211545 total_max_ms=0.220266 total_var_ms=0.000003508 effective_gflops=14.433159
RESULT comm=block_nccl kernel=cusparse matrix=ASIC_680k.mtx P=2 rank=0 nrows_local=341431 ncols_global=682862 nnz_local=2317703 n_ghost=341431 compute_avg_ms=0.053931 compute_min_ms=0.053248 compute_max_ms=0.055296 compute_var_ms=0.000000373 compute_gflops=85.951210 eff_bw_gbs=445.099711 pct_peak_bw=47.7002 comm_avg_ms=0.344303 comm_min_ms=0.339309 comm_max_ms=0.349869 comm_var_ms=0.000005975 total_avg_ms=0.398234 total_min_ms=0.393581 total_max_ms=0.404141 total_var_ms=0.000006060 effective_gflops=11.639902
[ERROR CHECKING] OK!

--- P=3 rep=2/3 driver=spmv_block_nccl_cusparse ---
Loaded ../matrices/ASIC_680k.mtx: 682862 x 682862, 3871773 nnz
RESULT comm=block_nccl kernel=cusparse matrix=ASIC_680k.mtx P=3 rank=0 nrows_local=227621 ncols_global=682862 nnz_local=1845901 n_ghost=455241 compute_avg_ms=0.046490 compute_min_ms=0.045056 compute_max_ms=0.048128 compute_var_ms=0.000000881 compute_gflops=79.411351 eff_bw_gbs=415.568808 pct_peak_bw=44.5354 comm_avg_ms=0.268506 comm_min_ms=0.262345 comm_max_ms=0.273123 comm_var_ms=0.000006275 total_avg_ms=0.314995 total_min_ms=0.309449 total_max_ms=0.319849 total_var_ms=0.000007026 effective_gflops=11.720182
RESULT comm=block_nccl kernel=cusparse matrix=ASIC_680k.mtx P=3 rank=1 nrows_local=227621 ncols_global=682862 nnz_local=951260 n_ghost=42294 compute_avg_ms=0.038605 compute_min_ms=0.036864 compute_max_ms=0.038912 compute_var_ms=0.000000290 compute_gflops=49.281956 eff_bw_gbs=272.264388 pct_peak_bw=29.1779 comm_avg_ms=0.114535 comm_min_ms=0.111650 comm_max_ms=0.119122 comm_var_ms=0.000002876 total_avg_ms=0.153140 total_min_ms=0.150194 total_max_ms=0.158034 total_var_ms=0.000003102 effective_gflops=12.423398
RESULT comm=block_nccl kernel=cusparse matrix=ASIC_680k.mtx P=3 rank=2 nrows_local=227620 ncols_global=682862 nnz_local=1074612 n_ghost=46105 compute_avg_ms=0.038298 compute_min_ms=0.036864 compute_max_ms=0.039936 compute_var_ms=0.000000391 compute_gflops=56.119025 eff_bw_gbs=300.613091 pct_peak_bw=32.2159 comm_avg_ms=0.140931 comm_min_ms=0.137624 comm_max_ms=0.143486 comm_var_ms=0.000002441 total_avg_ms=0.179229 total_min_ms=0.175512 total_max_ms=0.182119 total_var_ms=0.000002257 effective_gflops=11.991492
[ERROR CHECKING] OK!

--- P=4 rep=2/3 driver=spmv_block_nccl_cusparse ---
Loaded ../matrices/ASIC_680k.mtx: 682862 x 682862, 3871773 nnz
RESULT comm=block_nccl kernel=cusparse matrix=ASIC_680k.mtx P=4 rank=0 nrows_local=170716 ncols_global=682862 nnz_local=1558112 n_ghost=512146 compute_avg_ms=0.041165 compute_min_ms=0.039936 compute_max_ms=0.043008 compute_var_ms=0.000000517 compute_gflops=75.701183 eff_bw_gbs=402.335889 pct_peak_bw=43.1173 comm_avg_ms=0.336673 comm_min_ms=0.328852 comm_max_ms=0.345506 comm_var_ms=0.000016350 total_avg_ms=0.377838 total_min_ms=0.369812 total_max_ms=0.385442 total_var_ms=0.000016146 effective_gflops=8.247514
RESULT comm=block_nccl kernel=cusparse matrix=ASIC_680k.mtx P=4 rank=1 nrows_local=170716 ncols_global=682862 nnz_local=759594 n_ghost=33704 compute_avg_ms=0.033382 compute_min_ms=0.031744 compute_max_ms=0.036864 compute_var_ms=0.000000741 compute_gflops=45.508651 eff_bw_gbs=247.440686 pct_peak_bw=26.5176 comm_avg_ms=0.125687 comm_min_ms=0.121287 comm_max_ms=0.128903 comm_var_ms=0.000004743 total_avg_ms=0.159070 total_min_ms=0.155079 total_max_ms=0.164736 total_var_ms=0.000005354 effective_gflops=9.550465
RESULT comm=block_nccl kernel=cusparse matrix=ASIC_680k.mtx P=4 rank=2 nrows_local=170715 ncols_global=682862 nnz_local=781014 n_ghost=30094 compute_avg_ms=0.033143 compute_min_ms=0.031744 compute_max_ms=0.033792 compute_var_ms=0.000000383 compute_gflops=47.129288 eff_bw_gbs=253.958708 pct_peak_bw=27.2161 comm_avg_ms=0.112805 comm_min_ms=0.107339 comm_max_ms=0.117481 comm_var_ms=0.000005520 total_avg_ms=0.145948 total_min_ms=0.141131 total_max_ms=0.151273 total_var_ms=0.000005927 effective_gflops=10.702604
RESULT comm=block_nccl kernel=cusparse matrix=ASIC_680k.mtx P=4 rank=3 nrows_local=170715 ncols_global=682862 nnz_local=773053 n_ghost=14709 compute_avg_ms=0.032563 compute_min_ms=0.031744 compute_max_ms=0.034816 compute_var_ms=0.000000377 compute_gflops=47.480162 eff_bw_gbs=254.638489 pct_peak_bw=27.2889 comm_avg_ms=0.125980 comm_min_ms=0.121598 comm_max_ms=0.131179 comm_var_ms=0.000004734 total_avg_ms=0.158543 total_min_ms=0.154366 total_max_ms=0.162923 total_var_ms=0.000004870 effective_gflops=9.751958
[ERROR CHECKING] OK!

--- P=1 rep=3/3 driver=spmv_block_nccl_cusparse ---
Loaded ../matrices/ASIC_680k.mtx: 682862 x 682862, 3871773 nnz
RESULT comm=block_nccl kernel=cusparse matrix=ASIC_680k.mtx P=1 rank=0 nrows_local=682862 ncols_global=682862 nnz_local=3871773 n_ghost=0 compute_avg_ms=0.077107 compute_min_ms=0.075776 compute_max_ms=0.077824 compute_var_ms=0.000000290 compute_gflops=100.425717 eff_bw_gbs=507.975019 pct_peak_bw=54.4383 comm_avg_ms=0.001000 comm_min_ms=0.000972 comm_max_ms=0.001048 comm_var_ms=0.000000000 total_avg_ms=0.078107 total_min_ms=0.076759 total_max_ms=0.078872 total_var_ms=0.000000291 effective_gflops=99.140356
[ERROR CHECKING] OK!

--- P=2 rep=3/3 driver=spmv_block_nccl_cusparse ---
Loaded ../matrices/ASIC_680k.mtx: 682862 x 682862, 3871773 nnz
RESULT comm=block_nccl kernel=cusparse matrix=ASIC_680k.mtx P=2 rank=1 nrows_local=341431 ncols_global=682862 nnz_local=1554070 n_ghost=34186 compute_avg_ms=0.046626 compute_min_ms=0.046080 compute_max_ms=0.048128 compute_var_ms=0.000000331 compute_gflops=66.660898 eff_bw_gbs=357.449321 pct_peak_bw=38.3069 comm_avg_ms=0.167422 comm_min_ms=0.161949 comm_max_ms=0.172804 comm_var_ms=0.000004644 total_avg_ms=0.214048 total_min_ms=0.208029 total_max_ms=0.218884 total_var_ms=0.000004672 effective_gflops=14.520753
RESULT comm=block_nccl kernel=cusparse matrix=ASIC_680k.mtx P=2 rank=0 nrows_local=341431 ncols_global=682862 nnz_local=2317703 n_ghost=341431 compute_avg_ms=0.053828 compute_min_ms=0.052224 compute_max_ms=0.055296 compute_var_ms=0.000000537 compute_gflops=86.114719 eff_bw_gbs=445.946445 pct_peak_bw=47.7909 comm_avg_ms=0.343429 comm_min_ms=0.338225 comm_max_ms=0.347734 comm_var_ms=0.000003728 total_avg_ms=0.397257 total_min_ms=0.391473 total_max_ms=0.400982 total_var_ms=0.000004522 effective_gflops=11.668532
[ERROR CHECKING] OK!

--- P=3 rep=3/3 driver=spmv_block_nccl_cusparse ---
Loaded ../matrices/ASIC_680k.mtx: 682862 x 682862, 3871773 nnz
RESULT comm=block_nccl kernel=cusparse matrix=ASIC_680k.mtx P=3 rank=0 nrows_local=227621 ncols_global=682862 nnz_local=1845901 n_ghost=455241 compute_avg_ms=0.046626 compute_min_ms=0.046080 compute_max_ms=0.048128 compute_var_ms=0.000000401 compute_gflops=79.178814 eff_bw_gbs=414.351915 pct_peak_bw=44.4050 comm_avg_ms=0.289196 comm_min_ms=0.259817 comm_max_ms=0.930872 comm_var_ms=0.014213640 total_avg_ms=0.335822 total_min_ms=0.306921 total_max_ms=0.979000 total_var_ms=0.014281272 effective_gflops=10.993320
RESULT comm=block_nccl kernel=cusparse matrix=ASIC_680k.mtx P=3 rank=1 nrows_local=227621 ncols_global=682862 nnz_local=951260 n_ghost=42294 compute_avg_ms=0.038195 compute_min_ms=0.036864 compute_max_ms=0.038912 compute_var_ms=0.000000290 compute_gflops=49.810447 eff_bw_gbs=275.184103 pct_peak_bw=29.4908 comm_avg_ms=0.113525 comm_min_ms=0.110710 comm_max_ms=0.117943 comm_var_ms=0.000002881 total_avg_ms=0.151720 total_min_ms=0.148598 total_max_ms=0.155831 total_var_ms=0.000003093 effective_gflops=12.539667
RESULT comm=block_nccl kernel=cusparse matrix=ASIC_680k.mtx P=3 rank=2 nrows_local=227620 ncols_global=682862 nnz_local=1074612 n_ghost=46105 compute_avg_ms=0.038571 compute_min_ms=0.037888 compute_max_ms=0.039936 compute_var_ms=0.000000303 compute_gflops=55.721724 eff_bw_gbs=298.484863 pct_peak_bw=31.9878 comm_avg_ms=0.143455 comm_min_ms=0.137191 comm_max_ms=0.148359 comm_var_ms=0.000005688 total_avg_ms=0.182026 total_min_ms=0.175079 total_max_ms=0.186247 total_var_ms=0.000006251 effective_gflops=11.807249
[ERROR CHECKING] OK!

--- P=4 rep=3/3 driver=spmv_block_nccl_cusparse ---
Loaded ../matrices/ASIC_680k.mtx: 682862 x 682862, 3871773 nnz
RESULT comm=block_nccl kernel=cusparse matrix=ASIC_680k.mtx P=4 rank=0 nrows_local=170716 ncols_global=682862 nnz_local=1558112 n_ghost=512146 compute_avg_ms=0.041574 compute_min_ms=0.040960 compute_max_ms=0.043008 compute_var_ms=0.000000391 compute_gflops=74.955359 eff_bw_gbs=398.371987 pct_peak_bw=42.6925 comm_avg_ms=0.335963 comm_min_ms=0.330088 comm_max_ms=0.341811 comm_var_ms=0.000007445 total_avg_ms=0.377537 total_min_ms=0.371048 total_max_ms=0.382771 total_var_ms=0.000007809 effective_gflops=8.254087
RESULT comm=block_nccl kernel=cusparse matrix=ASIC_680k.mtx P=4 rank=1 nrows_local=170716 ncols_global=682862 nnz_local=759594 n_ghost=33704 compute_avg_ms=0.033348 compute_min_ms=0.032768 compute_max_ms=0.033792 compute_var_ms=0.000000257 compute_gflops=45.555231 eff_bw_gbs=247.693952 pct_peak_bw=26.5447 comm_avg_ms=0.125012 comm_min_ms=0.119564 comm_max_ms=0.133484 comm_var_ms=0.000007454 total_avg_ms=0.158360 total_min_ms=0.153356 total_max_ms=0.167276 total_var_ms=0.000007574 effective_gflops=9.593270
RESULT comm=block_nccl kernel=cusparse matrix=ASIC_680k.mtx P=4 rank=2 nrows_local=170715 ncols_global=682862 nnz_local=781014 n_ghost=30094 compute_avg_ms=0.032939 compute_min_ms=0.031744 compute_max_ms=0.033792 compute_var_ms=0.000000216 compute_gflops=47.422320 eff_bw_gbs=255.537727 pct_peak_bw=27.3853 comm_avg_ms=0.109094 comm_min_ms=0.105812 comm_max_ms=0.118287 comm_var_ms=0.000006234 total_avg_ms=0.142032 total_min_ms=0.137656 total_max_ms=0.152079 total_var_ms=0.000007320 effective_gflops=10.997690
RESULT comm=block_nccl kernel=cusparse matrix=ASIC_680k.mtx P=4 rank=3 nrows_local=170715 ncols_global=682862 nnz_local=773053 n_ghost=14709 compute_avg_ms=0.032461 compute_min_ms=0.031744 compute_max_ms=0.032768 compute_var_ms=0.000000220 compute_gflops=47.629942 eff_bw_gbs=255.441765 pct_peak_bw=27.3750 comm_avg_ms=0.126527 comm_min_ms=0.121237 comm_max_ms=0.135278 comm_var_ms=0.000007024 total_avg_ms=0.158987 total_min_ms=0.154005 total_max_ms=0.168046 total_var_ms=0.000007179 effective_gflops=9.724702
[ERROR CHECKING] OK!

=== Job done ===
