=== D2_final intelligent-partitioning (1D-Block, cuSPARSE) small-matrix check ===
Node:     edu01
Date:     Thu Jul 23 03:15:00 PM CEST 2026
Matrix:   ../matrices/cage13.mtx
Reps:     3

--- P=1 rep=1/3 driver=spmv_block_nccl_cusparse ---
Loaded ../matrices/cage13.mtx: 445315 x 445315, 7479343 nnz
RESULT comm=block_nccl kernel=cusparse matrix=cage13.mtx P=1 rank=0 nrows_local=445315 ncols_global=445315 nnz_local=7479343 n_ghost=0 compute_avg_ms=0.117658 compute_min_ms=0.116736 compute_max_ms=0.117760 compute_var_ms=0.000000094 compute_gflops=127.137437 eff_bw_gbs=553.967840 pct_peak_bw=59.3673 comm_avg_ms=0.001002 comm_min_ms=0.000972 comm_max_ms=0.001056 comm_var_ms=0.000000001 total_avg_ms=0.118660 total_min_ms=0.117720 total_max_ms=0.118816 total_var_ms=0.000000097 effective_gflops=126.063351
[ERROR CHECKING] OK!

--- P=2 rep=1/3 driver=spmv_block_nccl_cusparse ---
Loaded ../matrices/cage13.mtx: 445315 x 445315, 7479343 nnz
RESULT comm=block_nccl kernel=cusparse matrix=cage13.mtx P=2 rank=1 nrows_local=222657 ncols_global=445315 nnz_local=4252793 n_ghost=71097 compute_avg_ms=0.076049 compute_min_ms=0.074752 compute_max_ms=0.077824 compute_var_ms=0.000000485 compute_gflops=111.843393 eff_bw_gbs=486.246842 pct_peak_bw=52.1098 comm_avg_ms=0.119567 comm_min_ms=0.117148 comm_max_ms=0.122687 comm_var_ms=0.000001910 total_avg_ms=0.195616 total_min_ms=0.192924 total_max_ms=0.199487 total_var_ms=0.000002203 effective_gflops=43.481056
RESULT comm=block_nccl kernel=cusparse matrix=cage13.mtx P=2 rank=0 nrows_local=222658 ncols_global=445315 nnz_local=3226550 n_ghost=40306 compute_avg_ms=0.065195 compute_min_ms=0.064512 compute_max_ms=0.065536 compute_var_ms=0.000000233 compute_gflops=98.982023 eff_bw_gbs=439.384471 pct_peak_bw=47.0877 comm_avg_ms=0.097037 comm_min_ms=0.094861 comm_max_ms=0.100549 comm_var_ms=0.000001647 total_avg_ms=0.162232 total_min_ms=0.159995 total_max_ms=0.166085 total_var_ms=0.000001647 effective_gflops=39.777019
[ERROR CHECKING] OK!

--- P=3 rep=1/3 driver=spmv_block_nccl_cusparse ---
Loaded ../matrices/cage13.mtx: 445315 x 445315, 7479343 nnz
RESULT comm=block_nccl kernel=cusparse matrix=cage13.mtx P=3 rank=0 nrows_local=148439 ncols_global=445315 nnz_local=2001313 n_ghost=56677 compute_avg_ms=0.050108 compute_min_ms=0.049152 compute_max_ms=0.054272 compute_var_ms=0.000000834 compute_gflops=79.880406 eff_bw_gbs=359.594879 pct_peak_bw=38.5368 comm_avg_ms=0.109894 comm_min_ms=0.107731 comm_max_ms=0.113416 comm_var_ms=0.000001622 total_avg_ms=0.160002 total_min_ms=0.157795 total_max_ms=0.166251 total_var_ms=0.000003099 effective_gflops=25.016173
RESULT comm=block_nccl kernel=cusparse matrix=cage13.mtx P=3 rank=1 nrows_local=148438 ncols_global=445315 nnz_local=2533818 n_ghost=130114 compute_avg_ms=0.055637 compute_min_ms=0.054272 compute_max_ms=0.056320 compute_var_ms=0.000000303 compute_gflops=91.083373 eff_bw_gbs=405.703483 pct_peak_bw=43.4782 comm_avg_ms=0.169284 comm_min_ms=0.161709 comm_max_ms=0.177035 comm_var_ms=0.000016799 total_avg_ms=0.224922 total_min_ms=0.217022 total_max_ms=0.232331 total_var_ms=0.000016544 effective_gflops=22.530687
RESULT comm=block_nccl kernel=cusparse matrix=cage13.mtx P=3 rank=2 nrows_local=148438 ncols_global=445315 nnz_local=2944212 n_ghost=96310 compute_avg_ms=0.059187 compute_min_ms=0.058368 compute_max_ms=0.060416 compute_var_ms=0.000000238 compute_gflops=99.488130 eff_bw_gbs=434.556718 pct_peak_bw=46.5703 comm_avg_ms=0.187711 comm_min_ms=0.182634 comm_max_ms=0.192544 comm_var_ms=0.000007905 total_avg_ms=0.246898 total_min_ms=0.242026 total_max_ms=0.251936 total_var_ms=0.000008432 effective_gflops=23.849619
[ERROR CHECKING] OK!

--- P=4 rep=1/3 driver=spmv_block_nccl_cusparse ---
Loaded ../matrices/cage13.mtx: 445315 x 445315, 7479343 nnz
RESULT comm=block_nccl kernel=cusparse matrix=cage13.mtx P=4 rank=0 nrows_local=111329 ncols_global=445315 nnz_local=1445233 n_ghost=45272 compute_avg_ms=0.040892 compute_min_ms=0.039936 compute_max_ms=0.041984 compute_var_ms=0.000000275 compute_gflops=70.685829 eff_bw_gbs=319.842258 pct_peak_bw=34.2766 comm_avg_ms=0.108075 comm_min_ms=0.104478 comm_max_ms=0.131527 comm_var_ms=0.000020442 total_avg_ms=0.148967 total_min_ms=0.144414 total_max_ms=0.172487 total_var_ms=0.000020813 effective_gflops=19.403398
RESULT comm=block_nccl kernel=cusparse matrix=cage13.mtx P=4 rank=1 nrows_local=111329 ncols_global=445315 nnz_local=1781317 n_ghost=92147 compute_avg_ms=0.045636 compute_min_ms=0.045056 compute_max_ms=0.047104 compute_var_ms=0.000000327 compute_gflops=78.065850 eff_bw_gbs=349.613958 pct_peak_bw=37.4672 comm_avg_ms=0.164016 comm_min_ms=0.157776 comm_max_ms=0.170623 comm_var_ms=0.000010345 total_avg_ms=0.209652 total_min_ms=0.202832 total_max_ms=0.216703 total_var_ms=0.000011865 effective_gflops=16.993097
RESULT comm=block_nccl kernel=cusparse matrix=cage13.mtx P=4 rank=2 nrows_local=111329 ncols_global=445315 nnz_local=1967479 n_ghost=105566 compute_avg_ms=0.046353 compute_min_ms=0.045056 compute_max_ms=0.048128 compute_var_ms=0.000000345 compute_gflops=84.890995 eff_bw_gbs=377.494931 pct_peak_bw=40.4551 comm_avg_ms=0.193758 comm_min_ms=0.180863 comm_max_ms=0.216190 comm_var_ms=0.000027597 total_avg_ms=0.240111 total_min_ms=0.226943 total_max_ms=0.262270 total_var_ms=0.000027737 effective_gflops=16.388061
RESULT comm=block_nccl kernel=cusparse matrix=cage13.mtx P=4 rank=3 nrows_local=111328 ncols_global=445315 nnz_local=2285314 n_ghost=61402 compute_avg_ms=0.050244 compute_min_ms=0.049152 compute_max_ms=0.051200 compute_var_ms=0.000000275 compute_gflops=90.968153 eff_bw_gbs=395.349794 pct_peak_bw=42.3686 comm_avg_ms=0.166218 comm_min_ms=0.160222 comm_max_ms=0.207550 comm_var_ms=0.000065662 total_avg_ms=0.216463 total_min_ms=0.210398 total_max_ms=0.257726 total_var_ms=0.000065601 effective_gflops=21.115087
[ERROR CHECKING] OK!

--- P=1 rep=2/3 driver=spmv_block_nccl_cusparse ---
Loaded ../matrices/cage13.mtx: 445315 x 445315, 7479343 nnz
RESULT comm=block_nccl kernel=cusparse matrix=cage13.mtx P=1 rank=0 nrows_local=445315 ncols_global=445315 nnz_local=7479343 n_ghost=0 compute_avg_ms=0.117794 compute_min_ms=0.116736 compute_max_ms=0.118784 compute_var_ms=0.000000174 compute_gflops=126.990074 eff_bw_gbs=553.325745 pct_peak_bw=59.2985 comm_avg_ms=0.000982 comm_min_ms=0.000941 comm_max_ms=0.001027 comm_var_ms=0.000000000 total_avg_ms=0.118776 total_min_ms=0.117699 total_max_ms=0.119782 total_var_ms=0.000000176 effective_gflops=125.940517
[ERROR CHECKING] OK!

--- P=2 rep=2/3 driver=spmv_block_nccl_cusparse ---
Loaded ../matrices/cage13.mtx: 445315 x 445315, 7479343 nnz
RESULT comm=block_nccl kernel=cusparse matrix=cage13.mtx P=2 rank=1 nrows_local=222657 ncols_global=445315 nnz_local=4252793 n_ghost=71097 compute_avg_ms=0.076322 compute_min_ms=0.075776 compute_max_ms=0.078848 compute_var_ms=0.000000541 compute_gflops=111.443238 eff_bw_gbs=484.507140 pct_peak_bw=51.9233 comm_avg_ms=0.120678 comm_min_ms=0.118867 comm_max_ms=0.122815 comm_var_ms=0.000000912 total_avg_ms=0.197000 total_min_ms=0.195004 total_max_ms=0.201663 total_var_ms=0.000001583 effective_gflops=43.175548
RESULT comm=block_nccl kernel=cusparse matrix=cage13.mtx P=2 rank=0 nrows_local=222658 ncols_global=445315 nnz_local=3226550 n_ghost=40306 compute_avg_ms=0.065229 compute_min_ms=0.064512 compute_max_ms=0.066560 compute_var_ms=0.000000360 compute_gflops=98.930228 eff_bw_gbs=439.154547 pct_peak_bw=47.0630 comm_avg_ms=0.099642 comm_min_ms=0.097120 comm_max_ms=0.101947 comm_var_ms=0.000001290 total_avg_ms=0.164871 total_min_ms=0.161632 total_max_ms=0.167483 total_var_ms=0.000001970 effective_gflops=39.140234
[ERROR CHECKING] OK!

--- P=3 rep=2/3 driver=spmv_block_nccl_cusparse ---
Loaded ../matrices/cage13.mtx: 445315 x 445315, 7479343 nnz
RESULT comm=block_nccl kernel=cusparse matrix=cage13.mtx P=3 rank=0 nrows_local=148439 ncols_global=445315 nnz_local=2001313 n_ghost=56677 compute_avg_ms=0.049664 compute_min_ms=0.049152 compute_max_ms=0.051200 compute_var_ms=0.000000332 compute_gflops=80.594112 eff_bw_gbs=362.807747 pct_peak_bw=38.8811 comm_avg_ms=0.128911 comm_min_ms=0.102940 comm_max_ms=0.720786 comm_var_ms=0.012083753 total_avg_ms=0.178575 total_min_ms=0.153116 total_max_ms=0.770962 total_var_ms=0.012105446 effective_gflops=22.414207
RESULT comm=block_nccl kernel=cusparse matrix=cage13.mtx P=3 rank=1 nrows_local=148438 ncols_global=445315 nnz_local=2533818 n_ghost=130114 compute_avg_ms=0.055603 compute_min_ms=0.055296 compute_max_ms=0.056320 compute_var_ms=0.000000220 compute_gflops=91.139287 eff_bw_gbs=405.952534 pct_peak_bw=43.5049 comm_avg_ms=0.165410 comm_min_ms=0.158911 comm_max_ms=0.176855 comm_var_ms=0.000018033 total_avg_ms=0.221013 total_min_ms=0.214207 total_max_ms=0.232151 total_var_ms=0.000018279 effective_gflops=22.929120
RESULT comm=block_nccl kernel=cusparse matrix=cage13.mtx P=3 rank=2 nrows_local=148438 ncols_global=445315 nnz_local=2944212 n_ghost=96310 compute_avg_ms=0.059153 compute_min_ms=0.058368 compute_max_ms=0.060416 compute_var_ms=0.000000327 compute_gflops=99.545538 eff_bw_gbs=434.807472 pct_peak_bw=46.5972 comm_avg_ms=0.184742 comm_min_ms=0.142685 comm_max_ms=0.193041 comm_var_ms=0.000068188 total_avg_ms=0.243895 total_min_ms=0.201053 total_max_ms=0.252433 total_var_ms=0.000071108 effective_gflops=24.143268
[ERROR CHECKING] OK!

--- P=4 rep=2/3 driver=spmv_block_nccl_cusparse ---
Loaded ../matrices/cage13.mtx: 445315 x 445315, 7479343 nnz
RESULT comm=block_nccl kernel=cusparse matrix=cage13.mtx P=4 rank=0 nrows_local=111329 ncols_global=445315 nnz_local=1445233 n_ghost=45272 compute_avg_ms=0.041097 compute_min_ms=0.039936 compute_max_ms=0.041984 compute_var_ms=0.000000261 compute_gflops=70.333574 eff_bw_gbs=318.248360 pct_peak_bw=34.1058 comm_avg_ms=0.107948 comm_min_ms=0.102972 comm_max_ms=0.133336 comm_var_ms=0.000025413 total_avg_ms=0.149044 total_min_ms=0.143749 total_max_ms=0.174296 total_var_ms=0.000025717 effective_gflops=19.393357
RESULT comm=block_nccl kernel=cusparse matrix=cage13.mtx P=4 rank=1 nrows_local=111329 ncols_global=445315 nnz_local=1781317 n_ghost=92147 compute_avg_ms=0.045773 compute_min_ms=0.045056 compute_max_ms=0.047104 compute_var_ms=0.000000360 compute_gflops=77.832992 eff_bw_gbs=348.571112 pct_peak_bw=37.3554 comm_avg_ms=0.164177 comm_min_ms=0.160550 comm_max_ms=0.171052 comm_var_ms=0.000009079 total_avg_ms=0.209950 total_min_ms=0.206550 total_max_ms=0.216350 total_var_ms=0.000008504 effective_gflops=16.968999
RESULT comm=block_nccl kernel=cusparse matrix=cage13.mtx P=4 rank=2 nrows_local=111329 ncols_global=445315 nnz_local=1967479 n_ghost=105566 compute_avg_ms=0.046319 compute_min_ms=0.045056 compute_max_ms=0.048128 compute_var_ms=0.000000397 compute_gflops=84.953552 eff_bw_gbs=377.773114 pct_peak_bw=40.4849 comm_avg_ms=0.194395 comm_min_ms=0.187262 comm_max_ms=0.215535 comm_var_ms=0.000035042 total_avg_ms=0.240714 total_min_ms=0.233342 total_max_ms=0.261615 total_var_ms=0.000035203 effective_gflops=16.346996
RESULT comm=block_nccl kernel=cusparse matrix=cage13.mtx P=4 rank=3 nrows_local=111328 ncols_global=445315 nnz_local=2285314 n_ghost=61402 compute_avg_ms=0.049971 compute_min_ms=0.049152 compute_max_ms=0.050176 compute_var_ms=0.000000168 compute_gflops=91.465246 eff_bw_gbs=397.510174 pct_peak_bw=42.6001 comm_avg_ms=0.167716 comm_min_ms=0.159357 comm_max_ms=0.187003 comm_var_ms=0.000030207 total_avg_ms=0.217687 total_min_ms=0.209533 total_max_ms=0.237179 total_var_ms=0.000030624 effective_gflops=20.996320
[ERROR CHECKING] OK!

--- P=1 rep=3/3 driver=spmv_block_nccl_cusparse ---
Loaded ../matrices/cage13.mtx: 445315 x 445315, 7479343 nnz
RESULT comm=block_nccl kernel=cusparse matrix=cage13.mtx P=1 rank=0 nrows_local=445315 ncols_global=445315 nnz_local=7479343 n_ghost=0 compute_avg_ms=0.117487 compute_min_ms=0.116736 compute_max_ms=0.117760 compute_var_ms=0.000000205 compute_gflops=127.322122 eff_bw_gbs=554.772559 pct_peak_bw=59.4535 comm_avg_ms=0.001016 comm_min_ms=0.000982 comm_max_ms=0.001341 comm_var_ms=0.000000004 total_avg_ms=0.118503 total_min_ms=0.117723 total_max_ms=0.119101 total_var_ms=0.000000218 effective_gflops=126.230332
[ERROR CHECKING] OK!

--- P=2 rep=3/3 driver=spmv_block_nccl_cusparse ---
Loaded ../matrices/cage13.mtx: 445315 x 445315, 7479343 nnz
RESULT comm=block_nccl kernel=cusparse matrix=cage13.mtx P=2 rank=1 nrows_local=222657 ncols_global=445315 nnz_local=4252793 n_ghost=71097 compute_avg_ms=0.076049 compute_min_ms=0.074752 compute_max_ms=0.078848 compute_var_ms=0.000000485 compute_gflops=111.843393 eff_bw_gbs=486.246842 pct_peak_bw=52.1098 comm_avg_ms=0.120278 comm_min_ms=0.117531 comm_max_ms=0.122736 comm_var_ms=0.000001644 total_avg_ms=0.196327 total_min_ms=0.193307 total_max_ms=0.199136 total_var_ms=0.000002122 effective_gflops=43.323530
RESULT comm=block_nccl kernel=cusparse matrix=cage13.mtx P=2 rank=0 nrows_local=222658 ncols_global=445315 nnz_local=3226550 n_ghost=40306 compute_avg_ms=0.065126 compute_min_ms=0.064512 compute_max_ms=0.066560 compute_var_ms=0.000000322 compute_gflops=99.085778 eff_bw_gbs=439.845042 pct_peak_bw=47.1370 comm_avg_ms=0.098752 comm_min_ms=0.094631 comm_max_ms=0.102737 comm_var_ms=0.000002950 total_avg_ms=0.163879 total_min_ms=0.159143 total_max_ms=0.168273 total_var_ms=0.000003000 effective_gflops=39.377280
[ERROR CHECKING] OK!

--- P=3 rep=3/3 driver=spmv_block_nccl_cusparse ---
Loaded ../matrices/cage13.mtx: 445315 x 445315, 7479343 nnz
RESULT comm=block_nccl kernel=cusparse matrix=cage13.mtx P=3 rank=0 nrows_local=148439 ncols_global=445315 nnz_local=2001313 n_ghost=56677 compute_avg_ms=0.049493 compute_min_ms=0.048128 compute_max_ms=0.050176 compute_var_ms=0.000000303 compute_gflops=80.872022 eff_bw_gbs=364.058806 pct_peak_bw=39.0152 comm_avg_ms=0.109227 comm_min_ms=0.106161 comm_max_ms=0.115377 comm_var_ms=0.000004537 total_avg_ms=0.158721 total_min_ms=0.155966 total_max_ms=0.164529 total_var_ms=0.000004302 effective_gflops=25.218025
RESULT comm=block_nccl kernel=cusparse matrix=cage13.mtx P=3 rank=1 nrows_local=148438 ncols_global=445315 nnz_local=2533818 n_ghost=130114 compute_avg_ms=0.055603 compute_min_ms=0.054272 compute_max_ms=0.056320 compute_var_ms=0.000000290 compute_gflops=91.139287 eff_bw_gbs=405.952534 pct_peak_bw=43.5049 comm_avg_ms=0.171063 comm_min_ms=0.162585 comm_max_ms=0.181316 comm_var_ms=0.000015022 total_avg_ms=0.226666 total_min_ms=0.217881 total_max_ms=0.237636 total_var_ms=0.000015411 effective_gflops=22.357297
RESULT comm=block_nccl kernel=cusparse matrix=cage13.mtx P=3 rank=2 nrows_local=148438 ncols_global=445315 nnz_local=2944212 n_ghost=96310 compute_avg_ms=0.059255 compute_min_ms=0.058368 compute_max_ms=0.060416 compute_var_ms=0.000000261 compute_gflops=99.373513 eff_bw_gbs=434.056077 pct_peak_bw=46.5166 comm_avg_ms=0.184585 comm_min_ms=0.145865 comm_max_ms=0.192910 comm_var_ms=0.000064526 total_avg_ms=0.243840 total_min_ms=0.204233 total_max_ms=0.252302 total_var_ms=0.000066962 effective_gflops=24.148720
[ERROR CHECKING] OK!

--- P=4 rep=3/3 driver=spmv_block_nccl_cusparse ---
Loaded ../matrices/cage13.mtx: 445315 x 445315, 7479343 nnz
RESULT comm=block_nccl kernel=cusparse matrix=cage13.mtx P=4 rank=0 nrows_local=111329 ncols_global=445315 nnz_local=1445233 n_ghost=45272 compute_avg_ms=0.040994 compute_min_ms=0.039936 compute_max_ms=0.041984 compute_var_ms=0.000000383 compute_gflops=70.509262 eff_bw_gbs=319.043318 pct_peak_bw=34.1910 comm_avg_ms=0.107741 comm_min_ms=0.103488 comm_max_ms=0.112535 comm_var_ms=0.000004944 total_avg_ms=0.148735 total_min_ms=0.144157 total_max_ms=0.153495 total_var_ms=0.000005848 effective_gflops=19.433634
RESULT comm=block_nccl kernel=cusparse matrix=cage13.mtx P=4 rank=1 nrows_local=111329 ncols_global=445315 nnz_local=1781317 n_ghost=92147 compute_avg_ms=0.045534 compute_min_ms=0.045056 compute_max_ms=0.046080 compute_var_ms=0.000000261 compute_gflops=78.241411 eff_bw_gbs=350.400196 pct_peak_bw=37.5515 comm_avg_ms=0.169434 comm_min_ms=0.164683 comm_max_ms=0.173511 comm_var_ms=0.000003944 total_avg_ms=0.214967 total_min_ms=0.209739 total_max_ms=0.219591 total_var_ms=0.000004827 effective_gflops=16.572904
RESULT comm=block_nccl kernel=cusparse matrix=cage13.mtx P=4 rank=2 nrows_local=111329 ncols_global=445315 nnz_local=1967479 n_ghost=105566 compute_avg_ms=0.046251 compute_min_ms=0.045056 compute_max_ms=0.047104 compute_var_ms=0.000000285 compute_gflops=85.078945 eff_bw_gbs=378.330713 pct_peak_bw=40.5447 comm_avg_ms=0.195797 comm_min_ms=0.190913 comm_max_ms=0.202966 comm_var_ms=0.000009920 total_avg_ms=0.242048 total_min_ms=0.236178 total_max_ms=0.250070 total_var_ms=0.000010461 effective_gflops=16.256948
RESULT comm=block_nccl kernel=cusparse matrix=cage13.mtx P=4 rank=3 nrows_local=111328 ncols_global=445315 nnz_local=2285314 n_ghost=61402 compute_avg_ms=0.050142 compute_min_ms=0.049152 compute_max_ms=0.051200 compute_var_ms=0.000000244 compute_gflops=91.153928 eff_bw_gbs=396.157179 pct_peak_bw=42.4551 comm_avg_ms=0.174979 comm_min_ms=0.169476 comm_max_ms=0.181420 comm_var_ms=0.000006514 total_avg_ms=0.225121 total_min_ms=0.219652 total_max_ms=0.232620 total_var_ms=0.000006748 effective_gflops=20.302969
[ERROR CHECKING] OK!

=== Job done ===
