=== D2_final weak scaling ===
Node:     edu01
Date:     Tue Jul 21 03:46:17 PM CEST 2026
P:        4
Matrix:   matrices_synthetic/weak_P4.mtx
Reps:     3

--- P=4 rep=1/3 driver=spmv_bcast matrix=matrices_synthetic/weak_P4.mtx ---
Loaded matrices_synthetic/weak_P4.mtx: 300000 x 300000, 6000000 nnz
RESULT comm=bcast kernel=cusparse matrix=weak_P4.mtx P=4 rank=0 nrows_local=75000 ncols_global=300000 nnz_local=1500000 n_ghost=-1 compute_avg_ms=0.080418 compute_min_ms=0.078848 compute_max_ms=0.081920 compute_var_ms=0.000000471 compute_gflops=37.305020 eff_bw_gbs=171.603143 pct_peak_bw=18.3903 comm_avg_ms=0.382582 comm_min_ms=0.360511 comm_max_ms=0.391772 comm_var_ms=0.000033213 total_avg_ms=0.463000 total_min_ms=0.441407 total_max_ms=0.472668 total_var_ms=0.000032670 effective_gflops=6.479478
RESULT comm=bcast kernel=cusparse matrix=weak_P4.mtx P=4 rank=1 nrows_local=75000 ncols_global=300000 nnz_local=1500000 n_ghost=-1 compute_avg_ms=0.082637 compute_min_ms=0.081920 compute_max_ms=0.082944 compute_var_ms=0.000000220 compute_gflops=36.303439 eff_bw_gbs=166.995870 pct_peak_bw=17.8965 comm_avg_ms=0.559691 comm_min_ms=0.548734 comm_max_ms=0.570002 comm_var_ms=0.000033088 total_avg_ms=0.642327 total_min_ms=0.631678 total_max_ms=0.652946 total_var_ms=0.000034495 effective_gflops=4.670516
RESULT comm=bcast kernel=cusparse matrix=weak_P4.mtx P=4 rank=2 nrows_local=75000 ncols_global=300000 nnz_local=1500000 n_ghost=-1 compute_avg_ms=0.080998 compute_min_ms=0.079872 compute_max_ms=0.081920 compute_var_ms=0.000000304 compute_gflops=37.037770 eff_bw_gbs=170.373790 pct_peak_bw=18.2585 comm_avg_ms=0.629616 comm_min_ms=0.619190 comm_max_ms=0.652633 comm_var_ms=0.000042745 total_avg_ms=0.710614 total_min_ms=0.700086 total_max_ms=0.733529 total_var_ms=0.000042237 effective_gflops=4.221700
RESULT comm=bcast kernel=cusparse matrix=weak_P4.mtx P=4 rank=3 nrows_local=75000 ncols_global=300000 nnz_local=1500000 n_ghost=-1 compute_avg_ms=0.082842 compute_min_ms=0.081920 compute_max_ms=0.083968 compute_var_ms=0.000000304 compute_gflops=36.213691 eff_bw_gbs=166.583025 pct_peak_bw=17.8523 comm_avg_ms=0.633670 comm_min_ms=0.623840 comm_max_ms=0.643258 comm_var_ms=0.000027618 total_avg_ms=0.716511 total_min_ms=0.706784 total_max_ms=0.726202 total_var_ms=0.000028453 effective_gflops=4.186955
[ERROR CHECKING] OK!

--- P=4 rep=1/3 driver=spmv_ghost_cusparse matrix=matrices_synthetic/weak_P4.mtx ---
Loaded matrices_synthetic/weak_P4.mtx: 300000 x 300000, 6000000 nnz
RESULT comm=ghost_mpi kernel=cusparse matrix=weak_P4.mtx P=4 rank=0 nrows_local=75000 ncols_global=300000 nnz_local=1500000 n_ghost=223494 compute_avg_ms=0.080179 compute_min_ms=0.078848 compute_max_ms=0.080896 compute_var_ms=0.000000290 compute_gflops=37.416189 eff_bw_gbs=172.039387 pct_peak_bw=18.4370 comm_avg_ms=0.760584 comm_min_ms=0.562116 comm_max_ms=0.916728 comm_var_ms=0.007064712 total_avg_ms=0.840763 total_min_ms=0.643012 total_max_ms=0.997624 total_var_ms=0.007056179 effective_gflops=3.568188
RESULT comm=ghost_mpi kernel=cusparse matrix=weak_P4.mtx P=4 rank=1 nrows_local=75000 ncols_global=300000 nnz_local=1500000 n_ghost=223466 compute_avg_ms=0.082739 compute_min_ms=0.081920 compute_max_ms=0.083968 compute_var_ms=0.000000308 compute_gflops=36.258509 eff_bw_gbs=166.715031 pct_peak_bw=17.8664 comm_avg_ms=1.069287 comm_min_ms=0.705709 comm_max_ms=1.366093 comm_var_ms=0.029195571 total_avg_ms=1.152026 total_min_ms=0.789677 total_max_ms=1.449037 total_var_ms=0.029182481 effective_gflops=2.604108
RESULT comm=ghost_mpi kernel=cusparse matrix=weak_P4.mtx P=4 rank=2 nrows_local=75000 ncols_global=300000 nnz_local=1500000 n_ghost=223462 compute_avg_ms=0.080930 compute_min_ms=0.079872 compute_max_ms=0.081920 compute_var_ms=0.000000383 compute_gflops=37.069012 eff_bw_gbs=170.441489 pct_peak_bw=18.2658 comm_avg_ms=1.062910 comm_min_ms=0.664634 comm_max_ms=1.337603 comm_var_ms=0.031498810 total_avg_ms=1.143840 total_min_ms=0.744506 total_max_ms=1.419523 total_var_ms=0.031562068 effective_gflops=2.622745
RESULT comm=ghost_mpi kernel=cusparse matrix=weak_P4.mtx P=4 rank=3 nrows_local=75000 ncols_global=300000 nnz_local=1500000 n_ghost=223546 compute_avg_ms=0.082773 compute_min_ms=0.081920 compute_max_ms=0.083968 compute_var_ms=0.000000285 compute_gflops=36.243557 eff_bw_gbs=166.650149 pct_peak_bw=17.8595 comm_avg_ms=1.075347 comm_min_ms=0.696470 comm_max_ms=1.367011 comm_var_ms=0.031067202 total_avg_ms=1.158120 total_min_ms=0.779414 total_max_ms=1.449955 total_var_ms=0.031116703 effective_gflops=2.590405
[ERROR CHECKING] OK!

--- P=4 rep=1/3 driver=spmv_ghost_acc matrix=matrices_synthetic/weak_P4.mtx ---
Loaded matrices_synthetic/weak_P4.mtx: 300000 x 300000, 6000000 nnz
[kernel] acc -> FLAT (nnz=1500000, avg_nnz=20.00, imbalance=1.00)
[kernel] acc -> FLAT (nnz=1500000, avg_nnz=20.00, imbalance=1.00)
[kernel] acc -> FLAT (nnz=1500000, avg_nnz=20.00, imbalance=1.00)
[kernel] acc -> FLAT (nnz=1500000, avg_nnz=20.00, imbalance=1.00)
RESULT comm=ghost_mpi kernel=acc matrix=weak_P4.mtx P=4 rank=0 nrows_local=75000 ncols_global=300000 nnz_local=1500000 n_ghost=223494 compute_avg_ms=0.067584 compute_min_ms=0.066560 compute_max_ms=0.069632 compute_var_ms=0.000000419 compute_gflops=44.389204 eff_bw_gbs=204.187972 pct_peak_bw=21.8823 comm_avg_ms=0.827119 comm_min_ms=0.464425 comm_max_ms=1.272139 comm_var_ms=0.042532257 total_avg_ms=0.894703 total_min_ms=0.532009 total_max_ms=1.339723 total_var_ms=0.042632351 effective_gflops=3.353068
RESULT comm=ghost_mpi kernel=acc matrix=weak_P4.mtx P=4 rank=1 nrows_local=75000 ncols_global=300000 nnz_local=1500000 n_ghost=223466 compute_avg_ms=0.070144 compute_min_ms=0.068608 compute_max_ms=0.071680 compute_var_ms=0.000000472 compute_gflops=42.769160 eff_bw_gbs=196.734257 pct_peak_bw=21.0835 comm_avg_ms=1.026590 comm_min_ms=0.594178 comm_max_ms=1.359451 comm_var_ms=0.055046823 total_avg_ms=1.096734 total_min_ms=0.663810 total_max_ms=1.429083 total_var_ms=0.055083802 effective_gflops=2.735396
RESULT comm=ghost_mpi kernel=acc matrix=weak_P4.mtx P=4 rank=2 nrows_local=75000 ncols_global=300000 nnz_local=1500000 n_ghost=223462 compute_avg_ms=0.067823 compute_min_ms=0.066560 compute_max_ms=0.069632 compute_var_ms=0.000000327 compute_gflops=44.232825 eff_bw_gbs=203.466751 pct_peak_bw=21.8050 comm_avg_ms=1.063691 comm_min_ms=0.579231 comm_max_ms=1.330113 comm_var_ms=0.055929424 total_avg_ms=1.131514 total_min_ms=0.646815 total_max_ms=1.397697 total_var_ms=0.055961028 effective_gflops=2.651315
RESULT comm=ghost_mpi kernel=acc matrix=weak_P4.mtx P=4 rank=3 nrows_local=75000 ncols_global=300000 nnz_local=1500000 n_ghost=223546 compute_avg_ms=0.069564 compute_min_ms=0.068608 compute_max_ms=0.070656 compute_var_ms=0.000000345 compute_gflops=43.125919 eff_bw_gbs=198.379919 pct_peak_bw=21.2599 comm_avg_ms=1.077982 comm_min_ms=0.601502 comm_max_ms=1.358878 comm_var_ms=0.056103592 total_avg_ms=1.147546 total_min_ms=0.670110 total_max_ms=1.428510 total_var_ms=0.056070207 effective_gflops=2.614275
[ERROR CHECKING] OK!

--- P=4 rep=1/3 driver=spmv_ghost_nccl_cusparse matrix=matrices_synthetic/weak_P4.mtx ---
Loaded matrices_synthetic/weak_P4.mtx: 300000 x 300000, 6000000 nnz
RESULT comm=ghost_nccl kernel=cusparse matrix=weak_P4.mtx P=4 rank=1 nrows_local=75000 ncols_global=300000 nnz_local=1500000 n_ghost=223466 compute_avg_ms=0.083831 compute_min_ms=0.082944 compute_max_ms=0.084992 compute_var_ms=0.000000331 compute_gflops=35.786086 eff_bw_gbs=164.542847 pct_peak_bw=17.6336 comm_avg_ms=0.757210 comm_min_ms=0.241226 comm_max_ms=4.625904 comm_var_ms=1.135188159 total_avg_ms=0.841042 total_min_ms=0.325194 total_max_ms=4.709872 total_var_ms=1.135418771 effective_gflops=3.567005
RESULT comm=ghost_nccl kernel=cusparse matrix=weak_P4.mtx P=4 rank=0 nrows_local=75000 ncols_global=300000 nnz_local=1500000 n_ghost=223494 compute_avg_ms=0.081101 compute_min_ms=0.079872 compute_max_ms=0.081920 compute_var_ms=0.000000238 compute_gflops=36.991005 eff_bw_gbs=170.084394 pct_peak_bw=18.2275 comm_avg_ms=0.742293 comm_min_ms=0.224494 comm_max_ms=4.618287 comm_var_ms=1.132760788 total_avg_ms=0.823394 total_min_ms=0.305390 total_max_ms=4.700207 total_var_ms=1.132992207 effective_gflops=3.643455
RESULT comm=ghost_nccl kernel=cusparse matrix=weak_P4.mtx P=4 rank=2 nrows_local=75000 ncols_global=300000 nnz_local=1500000 n_ghost=223462 compute_avg_ms=0.081783 compute_min_ms=0.080896 compute_max_ms=0.082944 compute_var_ms=0.000000191 compute_gflops=36.682232 eff_bw_gbs=168.663092 pct_peak_bw=18.0752 comm_avg_ms=0.809816 comm_min_ms=0.292943 comm_max_ms=4.689592 comm_var_ms=1.135957603 total_avg_ms=0.891599 total_min_ms=0.374863 total_max_ms=4.771512 total_var_ms=1.136097000 effective_gflops=3.364741
RESULT comm=ghost_nccl kernel=cusparse matrix=weak_P4.mtx P=4 rank=3 nrows_local=75000 ncols_global=300000 nnz_local=1500000 n_ghost=223546 compute_avg_ms=0.083934 compute_min_ms=0.082944 compute_max_ms=0.084992 compute_var_ms=0.000000383 compute_gflops=35.742426 eff_bw_gbs=164.345916 pct_peak_bw=17.6125 comm_avg_ms=0.775606 comm_min_ms=0.257423 comm_max_ms=4.647741 comm_var_ms=1.133043544 total_avg_ms=0.859539 total_min_ms=0.340367 total_max_ms=4.731709 total_var_ms=1.133103704 effective_gflops=3.490241
[ERROR CHECKING] OK!

--- P=4 rep=1/3 driver=spmv_ghost_nccl_acc matrix=matrices_synthetic/weak_P4.mtx ---
Loaded matrices_synthetic/weak_P4.mtx: 300000 x 300000, 6000000 nnz
[kernel] acc -> FLAT (nnz=1500000, avg_nnz=20.00, imbalance=1.00)
[kernel] acc -> FLAT (nnz=1500000, avg_nnz=20.00, imbalance=1.00)
[kernel] acc -> FLAT (nnz=1500000, avg_nnz=20.00, imbalance=1.00)
[kernel] acc -> FLAT (nnz=1500000, avg_nnz=20.00, imbalance=1.00)
RESULT comm=ghost_nccl kernel=acc matrix=weak_P4.mtx P=4 rank=1 nrows_local=75000 ncols_global=300000 nnz_local=1500000 n_ghost=223466 compute_avg_ms=0.069939 compute_min_ms=0.069632 compute_max_ms=0.070656 compute_var_ms=0.000000220 compute_gflops=42.894399 eff_bw_gbs=197.310346 pct_peak_bw=21.1452 comm_avg_ms=1.265266 comm_min_ms=0.233408 comm_max_ms=5.373147 comm_var_ms=2.727480170 total_avg_ms=1.335205 total_min_ms=0.303040 total_max_ms=5.443803 total_var_ms=2.728094196 effective_gflops=2.246846
RESULT comm=ghost_nccl kernel=acc matrix=weak_P4.mtx P=4 rank=2 nrows_local=75000 ncols_global=300000 nnz_local=1500000 n_ghost=223462 compute_avg_ms=0.068130 compute_min_ms=0.067584 compute_max_ms=0.069632 compute_var_ms=0.000000401 compute_gflops=44.033379 eff_bw_gbs=202.549315 pct_peak_bw=21.7067 comm_avg_ms=1.314947 comm_min_ms=0.278677 comm_max_ms=5.427292 comm_var_ms=2.722603798 total_avg_ms=1.383077 total_min_ms=0.346261 total_max_ms=5.496924 total_var_ms=2.723602143 effective_gflops=2.169077
RESULT comm=ghost_nccl kernel=acc matrix=weak_P4.mtx P=4 rank=0 nrows_local=75000 ncols_global=300000 nnz_local=1500000 n_ghost=223494 compute_avg_ms=0.067584 compute_min_ms=0.066560 compute_max_ms=0.068608 compute_var_ms=0.000000140 compute_gflops=44.389204 eff_bw_gbs=204.187972 pct_peak_bw=21.8823 comm_avg_ms=1.253254 comm_min_ms=0.222117 comm_max_ms=5.348716 comm_var_ms=2.716823123 total_avg_ms=1.320838 total_min_ms=0.289701 total_max_ms=5.416300 total_var_ms=2.716822811 effective_gflops=2.271285
RESULT comm=ghost_nccl kernel=acc matrix=weak_P4.mtx P=4 rank=3 nrows_local=75000 ncols_global=300000 nnz_local=1500000 n_ghost=223546 compute_avg_ms=0.069666 compute_min_ms=0.068608 compute_max_ms=0.070656 compute_var_ms=0.000000174 compute_gflops=43.062530 eff_bw_gbs=198.088326 pct_peak_bw=21.2286 comm_avg_ms=1.278097 comm_min_ms=0.249584 comm_max_ms=5.407519 comm_var_ms=2.722955276 total_avg_ms=1.347763 total_min_ms=0.319216 total_max_ms=5.477151 total_var_ms=2.722668555 effective_gflops=2.225911
[ERROR CHECKING] OK!

--- P=4 rep=1/3 driver=spmv_2d_cusparse matrix=matrices_synthetic/weak_P4.mtx ---
Grid: P=4 -> P_r=2 x P_c=2
Loaded matrices_synthetic/weak_P4.mtx: 300000 x 300000, 6000000 nnz
RESULT comm=checkerboard_mpi kernel=cusparse matrix=weak_P4.mtx P=4 rank=0 nrows_local=150000 ncols_global=300000 nnz_local=1499854 n_ghost=-1 compute_avg_ms=0.082569 compute_min_ms=0.080896 compute_max_ms=0.088064 compute_var_ms=0.000002271 compute_gflops=36.329918 eff_bw_gbs=167.119794 pct_peak_bw=17.9098 comm_avg_ms=0.717405 comm_min_ms=0.703488 comm_max_ms=0.755249 comm_var_ms=0.000108392 total_avg_ms=0.799973 total_min_ms=0.785408 total_max_ms=0.837169 total_var_ms=0.000110733 effective_gflops=3.749760
RESULT comm=checkerboard_mpi kernel=cusparse matrix=weak_P4.mtx P=4 rank=1 nrows_local=150000 ncols_global=300000 nnz_local=1500146 n_ghost=-1 compute_avg_ms=0.084685 compute_min_ms=0.082944 compute_max_ms=0.089088 compute_var_ms=0.000001339 compute_gflops=35.428932 eff_bw_gbs=162.971067 pct_peak_bw=17.4652 comm_avg_ms=0.489607 comm_min_ms=0.469830 comm_max_ms=0.504702 comm_var_ms=0.000043449 total_avg_ms=0.574292 total_min_ms=0.553798 total_max_ms=0.588670 total_var_ms=0.000041489 effective_gflops=5.224335
RESULT comm=checkerboard_mpi kernel=cusparse matrix=weak_P4.mtx P=4 rank=2 nrows_local=150000 ncols_global=300000 nnz_local=1500255 n_ghost=-1 compute_avg_ms=0.082944 compute_min_ms=0.080896 compute_max_ms=0.088064 compute_var_ms=0.000002237 compute_gflops=36.175131 eff_bw_gbs=166.401961 pct_peak_bw=17.8329 comm_avg_ms=0.796523 comm_min_ms=0.783659 comm_max_ms=0.807431 comm_var_ms=0.000034162 total_avg_ms=0.879467 total_min_ms=0.865579 total_max_ms=0.891399 total_var_ms=0.000033213 effective_gflops=3.411737
RESULT comm=checkerboard_mpi kernel=cusparse matrix=weak_P4.mtx P=4 rank=3 nrows_local=150000 ncols_global=300000 nnz_local=1499745 n_ghost=-1 compute_avg_ms=0.084309 compute_min_ms=0.082944 compute_max_ms=0.089088 compute_var_ms=0.000001491 compute_gflops=35.577200 eff_bw_gbs=163.658799 pct_peak_bw=17.5389 comm_avg_ms=0.658527 comm_min_ms=0.641794 comm_max_ms=0.669874 comm_var_ms=0.000039092 total_avg_ms=0.742837 total_min_ms=0.725762 total_max_ms=0.753842 total_var_ms=0.000036478 effective_gflops=4.037886
[ERROR CHECKING] OK!

--- P=4 rep=1/3 driver=spmv_2d_acc matrix=matrices_synthetic/weak_P4.mtx ---
Grid: P=4 -> P_r=2 x P_c=2
Loaded matrices_synthetic/weak_P4.mtx: 300000 x 300000, 6000000 nnz
[kernel] acc -> FLAT (nnz=1500255, avg_nnz=10.00, imbalance=1.90)
[kernel] acc -> FLAT (nnz=1499745, avg_nnz=10.00, imbalance=1.90)
[kernel] acc -> FLAT (nnz=1499854, avg_nnz=10.00, imbalance=1.90)
[kernel] acc -> FLAT (nnz=1500146, avg_nnz=10.00, imbalance=1.90)
RESULT comm=checkerboard_mpi kernel=acc matrix=weak_P4.mtx P=4 rank=0 nrows_local=150000 ncols_global=300000 nnz_local=1499854 n_ghost=-1 compute_avg_ms=0.067277 compute_min_ms=0.065536 compute_max_ms=0.071680 compute_var_ms=0.000000989 compute_gflops=44.587554 eff_bw_gbs=205.192517 pct_peak_bw=21.9899 comm_avg_ms=0.750197 comm_min_ms=0.736651 comm_max_ms=0.765264 comm_var_ms=0.000054671 total_avg_ms=0.817474 total_min_ms=0.803567 total_max_ms=0.832158 total_var_ms=0.000056504 effective_gflops=3.669486
RESULT comm=checkerboard_mpi kernel=acc matrix=weak_P4.mtx P=4 rank=1 nrows_local=150000 ncols_global=300000 nnz_local=1500146 n_ghost=-1 compute_avg_ms=0.069393 compute_min_ms=0.068608 compute_max_ms=0.070656 compute_var_ms=0.000000257 compute_gflops=43.236192 eff_bw_gbs=198.968462 pct_peak_bw=21.3229 comm_avg_ms=0.503373 comm_min_ms=0.493101 comm_max_ms=0.512376 comm_var_ms=0.000026810 total_avg_ms=0.572766 total_min_ms=0.562733 total_max_ms=0.582008 total_var_ms=0.000024465 effective_gflops=5.238248
RESULT comm=checkerboard_mpi kernel=acc matrix=weak_P4.mtx P=4 rank=3 nrows_local=150000 ncols_global=300000 nnz_local=1499745 n_ghost=-1 compute_avg_ms=0.069222 compute_min_ms=0.068608 compute_max_ms=0.071680 compute_var_ms=0.000000461 compute_gflops=43.331204 eff_bw_gbs=199.412673 pct_peak_bw=21.3705 comm_avg_ms=0.663177 comm_min_ms=0.649906 comm_max_ms=0.675367 comm_var_ms=0.000043779 total_avg_ms=0.732399 total_min_ms=0.721586 total_max_ms=0.744999 total_var_ms=0.000043425 effective_gflops=4.095429
RESULT comm=checkerboard_mpi kernel=acc matrix=weak_P4.mtx P=4 rank=2 nrows_local=150000 ncols_global=300000 nnz_local=1500255 n_ghost=-1 compute_avg_ms=0.067584 compute_min_ms=0.066560 compute_max_ms=0.071680 compute_var_ms=0.000000909 compute_gflops=44.396750 eff_bw_gbs=204.307349 pct_peak_bw=21.8951 comm_avg_ms=0.806121 comm_min_ms=0.797225 comm_max_ms=0.817557 comm_var_ms=0.000028301 total_avg_ms=0.873705 total_min_ms=0.864015 total_max_ms=0.885141 total_var_ms=0.000028123 effective_gflops=3.434236
[ERROR CHECKING] OK!

--- P=4 rep=1/3 driver=spmv_2d_nccl_cusparse matrix=matrices_synthetic/weak_P4.mtx ---
Grid: P=4 -> P_r=2 x P_c=2
Loaded matrices_synthetic/weak_P4.mtx: 300000 x 300000, 6000000 nnz
RESULT comm=checkerboard_nccl kernel=cusparse matrix=weak_P4.mtx P=4 rank=1 nrows_local=150000 ncols_global=300000 nnz_local=1500146 n_ghost=-1 compute_avg_ms=0.085504 compute_min_ms=0.083968 compute_max_ms=0.087040 compute_var_ms=0.000000542 compute_gflops=35.089493 eff_bw_gbs=161.409667 pct_peak_bw=17.2978 comm_avg_ms=0.130405 comm_min_ms=0.129014 comm_max_ms=0.134646 comm_var_ms=0.000000956 total_avg_ms=0.215909 total_min_ms=0.213822 total_max_ms=0.219638 total_var_ms=0.000001242 effective_gflops=13.896076
RESULT comm=checkerboard_nccl kernel=cusparse matrix=weak_P4.mtx P=4 rank=2 nrows_local=150000 ncols_global=300000 nnz_local=1500255 n_ghost=-1 compute_avg_ms=0.083558 compute_min_ms=0.082944 compute_max_ms=0.084992 compute_var_ms=0.000000322 compute_gflops=35.909137 eff_bw_gbs=165.178417 pct_peak_bw=17.7017 comm_avg_ms=0.190611 comm_min_ms=0.166272 comm_max_ms=0.193925 comm_var_ms=0.000022076 total_avg_ms=0.274170 total_min_ms=0.249216 total_max_ms=0.277893 total_var_ms=0.000023587 effective_gflops=10.943983
RESULT comm=checkerboard_nccl kernel=cusparse matrix=weak_P4.mtx P=4 rank=0 nrows_local=150000 ncols_global=300000 nnz_local=1499854 n_ghost=-1 compute_avg_ms=0.082910 compute_min_ms=0.081920 compute_max_ms=0.083968 compute_var_ms=0.000000244 compute_gflops=36.180351 eff_bw_gbs=166.431775 pct_peak_bw=17.8361 comm_avg_ms=0.161985 comm_min_ms=0.139227 comm_max_ms=0.165375 comm_var_ms=0.000018679 total_avg_ms=0.244895 total_min_ms=0.222171 total_max_ms=0.248319 total_var_ms=0.000018859 effective_gflops=12.248964
RESULT comm=checkerboard_nccl kernel=cusparse matrix=weak_P4.mtx P=4 rank=3 nrows_local=150000 ncols_global=300000 nnz_local=1499745 n_ghost=-1 compute_avg_ms=0.085436 compute_min_ms=0.084992 compute_max_ms=0.087040 compute_var_ms=0.000000327 compute_gflops=35.108144 eff_bw_gbs=161.501091 pct_peak_bw=17.3076 comm_avg_ms=0.159684 comm_min_ms=0.134629 comm_max_ms=0.162695 comm_var_ms=0.000022507 total_avg_ms=0.245120 total_min_ms=0.220645 total_max_ms=0.248166 total_var_ms=0.000021843 effective_gflops=12.236811
[ERROR CHECKING] OK!

--- P=4 rep=1/3 driver=spmv_2d_nccl_acc matrix=matrices_synthetic/weak_P4.mtx ---
Grid: P=4 -> P_r=2 x P_c=2
Loaded matrices_synthetic/weak_P4.mtx: 300000 x 300000, 6000000 nnz
[kernel] acc -> FLAT (nnz=1500255, avg_nnz=10.00, imbalance=1.90)
[kernel] acc -> FLAT (nnz=1499745, avg_nnz=10.00, imbalance=1.90)
[kernel] acc -> FLAT (nnz=1499854, avg_nnz=10.00, imbalance=1.90)
[kernel] acc -> FLAT (nnz=1500146, avg_nnz=10.00, imbalance=1.90)
RESULT comm=checkerboard_nccl kernel=acc matrix=weak_P4.mtx P=4 rank=0 nrows_local=150000 ncols_global=300000 nnz_local=1499854 n_ghost=-1 compute_avg_ms=0.068574 compute_min_ms=0.066560 compute_max_ms=0.071680 compute_var_ms=0.000002550 compute_gflops=43.744186 eff_bw_gbs=201.311323 pct_peak_bw=21.5740 comm_avg_ms=0.166916 comm_min_ms=0.161560 comm_max_ms=0.178346 comm_var_ms=0.000034807 total_avg_ms=0.235490 total_min_ms=0.228904 total_max_ms=0.250026 total_var_ms=0.000053329 effective_gflops=12.738163
RESULT comm=checkerboard_nccl kernel=acc matrix=weak_P4.mtx P=4 rank=2 nrows_local=150000 ncols_global=300000 nnz_local=1500255 n_ghost=-1 compute_avg_ms=0.069769 compute_min_ms=0.067584 compute_max_ms=0.072704 compute_var_ms=0.000002358 compute_gflops=43.006636 eff_bw_gbs=197.910248 pct_peak_bw=21.2095 comm_avg_ms=0.199168 comm_min_ms=0.188225 comm_max_ms=0.219724 comm_var_ms=0.000133710 total_avg_ms=0.268936 total_min_ms=0.256833 total_max_ms=0.291404 total_var_ms=0.000166732 effective_gflops=11.156949
RESULT comm=checkerboard_nccl kernel=acc matrix=weak_P4.mtx P=4 rank=1 nrows_local=150000 ncols_global=300000 nnz_local=1500146 n_ghost=-1 compute_avg_ms=0.071031 compute_min_ms=0.068608 compute_max_ms=0.073728 compute_var_ms=0.000002760 compute_gflops=42.238913 eff_bw_gbs=194.379087 pct_peak_bw=20.8311 comm_avg_ms=0.132401 comm_min_ms=0.129958 comm_max_ms=0.136115 comm_var_ms=0.000003631 total_avg_ms=0.203433 total_min_ms=0.199726 total_max_ms=0.208819 total_var_ms=0.000010854 effective_gflops=14.748337
RESULT comm=checkerboard_nccl kernel=acc matrix=weak_P4.mtx P=4 rank=3 nrows_local=150000 ncols_global=300000 nnz_local=1499745 n_ghost=-1 compute_avg_ms=0.070588 compute_min_ms=0.068608 compute_max_ms=0.073728 compute_var_ms=0.000002652 compute_gflops=42.493076 eff_bw_gbs=195.555560 pct_peak_bw=20.9572 comm_avg_ms=0.166185 comm_min_ms=0.159865 comm_max_ms=0.176946 comm_var_ms=0.000049769 total_avg_ms=0.236773 total_min_ms=0.228473 total_max_ms=0.250208 total_var_ms=0.000073774 effective_gflops=12.668211
[ERROR CHECKING] OK!

--- P=4 rep=2/3 driver=spmv_bcast matrix=matrices_synthetic/weak_P4.mtx ---
Loaded matrices_synthetic/weak_P4.mtx: 300000 x 300000, 6000000 nnz
RESULT comm=bcast kernel=cusparse matrix=weak_P4.mtx P=4 rank=0 nrows_local=75000 ncols_global=300000 nnz_local=1500000 n_ghost=-1 compute_avg_ms=0.080418 compute_min_ms=0.079872 compute_max_ms=0.081920 compute_var_ms=0.000000471 compute_gflops=37.305020 eff_bw_gbs=171.603143 pct_peak_bw=18.3903 comm_avg_ms=0.382989 comm_min_ms=0.372160 comm_max_ms=0.402801 comm_var_ms=0.000033461 total_avg_ms=0.463407 total_min_ms=0.454080 total_max_ms=0.483697 total_var_ms=0.000034490 effective_gflops=6.473790
RESULT comm=bcast kernel=cusparse matrix=weak_P4.mtx P=4 rank=1 nrows_local=75000 ncols_global=300000 nnz_local=1500000 n_ghost=-1 compute_avg_ms=0.082432 compute_min_ms=0.081920 compute_max_ms=0.083968 compute_var_ms=0.000000402 compute_gflops=36.393634 eff_bw_gbs=167.410767 pct_peak_bw=17.9410 comm_avg_ms=0.555456 comm_min_ms=0.528845 comm_max_ms=0.580891 comm_var_ms=0.000085447 total_avg_ms=0.637888 total_min_ms=0.610765 total_max_ms=0.663835 total_var_ms=0.000088400 effective_gflops=4.703017
RESULT comm=bcast kernel=cusparse matrix=weak_P4.mtx P=4 rank=2 nrows_local=75000 ncols_global=300000 nnz_local=1500000 n_ghost=-1 compute_avg_ms=0.080964 compute_min_ms=0.079872 compute_max_ms=0.081920 compute_var_ms=0.000000135 compute_gflops=37.053384 eff_bw_gbs=170.445617 pct_peak_bw=18.2662 comm_avg_ms=0.626567 comm_min_ms=0.616630 comm_max_ms=0.647238 comm_var_ms=0.000054979 total_avg_ms=0.707531 total_min_ms=0.698164 total_max_ms=0.728134 total_var_ms=0.000052888 effective_gflops=4.240097
RESULT comm=bcast kernel=cusparse matrix=weak_P4.mtx P=4 rank=3 nrows_local=75000 ncols_global=300000 nnz_local=1500000 n_ghost=-1 compute_avg_ms=0.082398 compute_min_ms=0.081920 compute_max_ms=0.082944 compute_var_ms=0.000000261 compute_gflops=36.408710 eff_bw_gbs=167.480117 pct_peak_bw=17.9484 comm_avg_ms=0.631205 comm_min_ms=0.622015 comm_max_ms=0.653625 comm_var_ms=0.000049272 total_avg_ms=0.713603 total_min_ms=0.704959 total_max_ms=0.735545 total_var_ms=0.000048803 effective_gflops=4.204018
[ERROR CHECKING] OK!

--- P=4 rep=2/3 driver=spmv_ghost_cusparse matrix=matrices_synthetic/weak_P4.mtx ---
Loaded matrices_synthetic/weak_P4.mtx: 300000 x 300000, 6000000 nnz
RESULT comm=ghost_mpi kernel=cusparse matrix=weak_P4.mtx P=4 rank=0 nrows_local=75000 ncols_global=300000 nnz_local=1500000 n_ghost=223494 compute_avg_ms=0.080589 compute_min_ms=0.079872 compute_max_ms=0.081920 compute_var_ms=0.000000290 compute_gflops=37.226018 eff_bw_gbs=171.164981 pct_peak_bw=18.3433 comm_avg_ms=0.808488 comm_min_ms=0.504259 comm_max_ms=1.389323 comm_var_ms=0.044442023 total_avg_ms=0.889077 total_min_ms=0.585155 total_max_ms=1.469195 total_var_ms=0.044455858 effective_gflops=3.374285
RESULT comm=ghost_mpi kernel=cusparse matrix=weak_P4.mtx P=4 rank=1 nrows_local=75000 ncols_global=300000 nnz_local=1500000 n_ghost=223466 compute_avg_ms=0.082739 compute_min_ms=0.081920 compute_max_ms=0.083968 compute_var_ms=0.000000238 compute_gflops=36.258509 eff_bw_gbs=166.715031 pct_peak_bw=17.8664 comm_avg_ms=1.061504 comm_min_ms=0.720747 comm_max_ms=1.303174 comm_var_ms=0.026825617 total_avg_ms=1.144243 total_min_ms=0.803691 total_max_ms=1.386118 total_var_ms=0.026818548 effective_gflops=2.621821
RESULT comm=ghost_mpi kernel=cusparse matrix=weak_P4.mtx P=4 rank=2 nrows_local=75000 ncols_global=300000 nnz_local=1500000 n_ghost=223462 compute_avg_ms=0.080998 compute_min_ms=0.079872 compute_max_ms=0.082944 compute_var_ms=0.000000514 compute_gflops=37.037770 eff_bw_gbs=170.297838 pct_peak_bw=18.2504 comm_avg_ms=1.116603 comm_min_ms=0.829223 comm_max_ms=1.362365 comm_var_ms=0.022142190 total_avg_ms=1.197602 total_min_ms=0.911143 total_max_ms=1.444285 total_var_ms=0.022149952 effective_gflops=2.505007
RESULT comm=ghost_mpi kernel=cusparse matrix=weak_P4.mtx P=4 rank=3 nrows_local=75000 ncols_global=300000 nnz_local=1500000 n_ghost=223546 compute_avg_ms=0.082842 compute_min_ms=0.081920 compute_max_ms=0.083968 compute_var_ms=0.000000234 compute_gflops=36.213691 eff_bw_gbs=166.512818 pct_peak_bw=17.8447 comm_avg_ms=1.122059 comm_min_ms=0.849019 comm_max_ms=1.388243 comm_var_ms=0.022681733 total_avg_ms=1.204901 total_min_ms=0.932987 total_max_ms=1.471187 total_var_ms=0.022648525 effective_gflops=2.489832
[ERROR CHECKING] OK!

--- P=4 rep=2/3 driver=spmv_ghost_acc matrix=matrices_synthetic/weak_P4.mtx ---
Loaded matrices_synthetic/weak_P4.mtx: 300000 x 300000, 6000000 nnz
[kernel] acc -> FLAT (nnz=1500000, avg_nnz=20.00, imbalance=1.00)
[kernel] acc -> FLAT (nnz=1500000, avg_nnz=20.00, imbalance=1.00)
[kernel] acc -> FLAT (nnz=1500000, avg_nnz=20.00, imbalance=1.00)
[kernel] acc -> FLAT (nnz=1500000, avg_nnz=20.00, imbalance=1.00)
RESULT comm=ghost_mpi kernel=acc matrix=weak_P4.mtx P=4 rank=0 nrows_local=75000 ncols_global=300000 nnz_local=1500000 n_ghost=223494 compute_avg_ms=0.067447 compute_min_ms=0.066560 compute_max_ms=0.068608 compute_var_ms=0.000000401 compute_gflops=44.479061 eff_bw_gbs=204.601308 pct_peak_bw=21.9266 comm_avg_ms=0.768764 comm_min_ms=0.507562 comm_max_ms=1.259964 comm_var_ms=0.019484159 total_avg_ms=0.836211 total_min_ms=0.575146 total_max_ms=1.327548 total_var_ms=0.019475460 effective_gflops=3.587610
RESULT comm=ghost_mpi kernel=acc matrix=weak_P4.mtx P=4 rank=1 nrows_local=75000 ncols_global=300000 nnz_local=1500000 n_ghost=223466 compute_avg_ms=0.069973 compute_min_ms=0.068608 compute_max_ms=0.071680 compute_var_ms=0.000000443 compute_gflops=42.873475 eff_bw_gbs=197.214097 pct_peak_bw=21.1349 comm_avg_ms=1.058331 comm_min_ms=0.599243 comm_max_ms=1.326474 comm_var_ms=0.044588510 total_avg_ms=1.128305 total_min_ms=0.669899 total_max_ms=1.396106 total_var_ms=0.044650942 effective_gflops=2.658856
RESULT comm=ghost_mpi kernel=acc matrix=weak_P4.mtx P=4 rank=2 nrows_local=75000 ncols_global=300000 nnz_local=1500000 n_ghost=223462 compute_avg_ms=0.067994 compute_min_ms=0.067584 compute_max_ms=0.069632 compute_var_ms=0.000000322 compute_gflops=44.121799 eff_bw_gbs=202.956041 pct_peak_bw=21.7503 comm_avg_ms=1.060846 comm_min_ms=0.564518 comm_max_ms=1.348450 comm_var_ms=0.048418388 total_avg_ms=1.128839 total_min_ms=0.632102 total_max_ms=1.416034 total_var_ms=0.048430152 effective_gflops=2.657597
RESULT comm=ghost_mpi kernel=acc matrix=weak_P4.mtx P=4 rank=3 nrows_local=75000 ncols_global=300000 nnz_local=1500000 n_ghost=223546 compute_avg_ms=0.069291 compute_min_ms=0.068608 compute_max_ms=0.070656 compute_var_ms=0.000000373 compute_gflops=43.295874 eff_bw_gbs=199.161712 pct_peak_bw=21.3436 comm_avg_ms=1.075480 comm_min_ms=0.590702 comm_max_ms=1.348743 comm_var_ms=0.047823248 total_avg_ms=1.144770 total_min_ms=0.660334 total_max_ms=1.418375 total_var_ms=0.047791176 effective_gflops=2.620613
[ERROR CHECKING] OK!

--- P=4 rep=2/3 driver=spmv_ghost_nccl_cusparse matrix=matrices_synthetic/weak_P4.mtx ---
Loaded matrices_synthetic/weak_P4.mtx: 300000 x 300000, 6000000 nnz
RESULT comm=ghost_nccl kernel=cusparse matrix=weak_P4.mtx P=4 rank=0 nrows_local=75000 ncols_global=300000 nnz_local=1500000 n_ghost=223494 compute_avg_ms=0.081340 compute_min_ms=0.080896 compute_max_ms=0.081920 compute_var_ms=0.000000257 compute_gflops=36.882345 eff_bw_gbs=169.584775 pct_peak_bw=18.1740 comm_avg_ms=1.005722 comm_min_ms=0.224418 comm_max_ms=6.757161 comm_var_ms=2.176621745 total_avg_ms=1.087062 total_min_ms=0.306338 total_max_ms=6.839081 total_var_ms=2.176854670 effective_gflops=2.759732
RESULT comm=ghost_nccl kernel=cusparse matrix=weak_P4.mtx P=4 rank=1 nrows_local=75000 ncols_global=300000 nnz_local=1500000 n_ghost=223466 compute_avg_ms=0.084002 compute_min_ms=0.082944 compute_max_ms=0.084992 compute_var_ms=0.000000313 compute_gflops=35.713379 eff_bw_gbs=164.208547 pct_peak_bw=17.5978 comm_avg_ms=1.017224 comm_min_ms=0.240141 comm_max_ms=6.781141 comm_var_ms=2.183485380 total_avg_ms=1.101226 total_min_ms=0.324109 total_max_ms=6.865109 total_var_ms=2.183157734 effective_gflops=2.724236
RESULT comm=ghost_nccl kernel=cusparse matrix=weak_P4.mtx P=4 rank=2 nrows_local=75000 ncols_global=300000 nnz_local=1500000 n_ghost=223462 compute_avg_ms=0.081852 compute_min_ms=0.080896 compute_max_ms=0.082944 compute_var_ms=0.000000275 compute_gflops=36.651638 eff_bw_gbs=168.522422 pct_peak_bw=18.0601 comm_avg_ms=1.070019 comm_min_ms=0.287039 comm_max_ms=6.843835 comm_var_ms=2.193062982 total_avg_ms=1.151871 total_min_ms=0.368959 total_max_ms=6.925755 total_var_ms=2.193305441 effective_gflops=2.604459
RESULT comm=ghost_nccl kernel=cusparse matrix=weak_P4.mtx P=4 rank=3 nrows_local=75000 ncols_global=300000 nnz_local=1500000 n_ghost=223546 compute_avg_ms=0.083831 compute_min_ms=0.082944 compute_max_ms=0.084992 compute_var_ms=0.000000331 compute_gflops=35.786086 eff_bw_gbs=164.546665 pct_peak_bw=17.6340 comm_avg_ms=1.033093 comm_min_ms=0.250193 comm_max_ms=6.791483 comm_var_ms=2.182028352 total_avg_ms=1.116925 total_min_ms=0.334161 total_max_ms=6.874427 total_var_ms=2.181845352 effective_gflops=2.685946
[ERROR CHECKING] OK!

--- P=4 rep=2/3 driver=spmv_ghost_nccl_acc matrix=matrices_synthetic/weak_P4.mtx ---
Loaded matrices_synthetic/weak_P4.mtx: 300000 x 300000, 6000000 nnz
[kernel] acc -> FLAT (nnz=1500000, avg_nnz=20.00, imbalance=1.00)
[kernel] acc -> FLAT (nnz=1500000, avg_nnz=20.00, imbalance=1.00)
[kernel] acc -> FLAT (nnz=1500000, avg_nnz=20.00, imbalance=1.00)
[kernel] acc -> FLAT (nnz=1500000, avg_nnz=20.00, imbalance=1.00)
RESULT comm=ghost_nccl kernel=acc matrix=weak_P4.mtx P=4 rank=0 nrows_local=75000 ncols_global=300000 nnz_local=1500000 n_ghost=223494 compute_avg_ms=0.067686 compute_min_ms=0.066560 compute_max_ms=0.068608 compute_var_ms=0.000000374 compute_gflops=44.322050 eff_bw_gbs=203.879064 pct_peak_bw=21.8492 comm_avg_ms=0.475026 comm_min_ms=0.219451 comm_max_ms=2.673807 comm_var_ms=0.487519610 total_avg_ms=0.542712 total_min_ms=0.287035 total_max_ms=2.742415 total_var_ms=0.487628399 effective_gflops=5.527793
RESULT comm=ghost_nccl kernel=acc matrix=weak_P4.mtx P=4 rank=1 nrows_local=75000 ncols_global=300000 nnz_local=1500000 n_ghost=223466 compute_avg_ms=0.070178 compute_min_ms=0.068608 compute_max_ms=0.071680 compute_var_ms=0.000000471 compute_gflops=42.748358 eff_bw_gbs=196.638569 pct_peak_bw=21.0732 comm_avg_ms=0.488592 comm_min_ms=0.232697 comm_max_ms=2.681691 comm_var_ms=0.485891449 total_avg_ms=0.558770 total_min_ms=0.302329 total_max_ms=2.751323 total_var_ms=0.486085441 effective_gflops=5.368939
RESULT comm=ghost_nccl kernel=acc matrix=weak_P4.mtx P=4 rank=2 nrows_local=75000 ncols_global=300000 nnz_local=1500000 n_ghost=223462 compute_avg_ms=0.068096 compute_min_ms=0.067584 compute_max_ms=0.068608 compute_var_ms=0.000000262 compute_gflops=44.055451 eff_bw_gbs=202.650844 pct_peak_bw=21.7176 comm_avg_ms=0.538820 comm_min_ms=0.268402 comm_max_ms=2.753559 comm_var_ms=0.490690682 total_avg_ms=0.606916 total_min_ms=0.335986 total_max_ms=2.822167 total_var_ms=0.490628949 effective_gflops=4.943027
RESULT comm=ghost_nccl kernel=acc matrix=weak_P4.mtx P=4 rank=3 nrows_local=75000 ncols_global=300000 nnz_local=1500000 n_ghost=223546 compute_avg_ms=0.069461 compute_min_ms=0.068608 compute_max_ms=0.070656 compute_var_ms=0.000000216 compute_gflops=43.189496 eff_bw_gbs=198.672371 pct_peak_bw=21.2912 comm_avg_ms=0.498735 comm_min_ms=0.237751 comm_max_ms=2.707421 comm_var_ms=0.488661583 total_avg_ms=0.568197 total_min_ms=0.307383 total_max_ms=2.777053 total_var_ms=0.488739246 effective_gflops=5.279863
[ERROR CHECKING] OK!

--- P=4 rep=2/3 driver=spmv_2d_cusparse matrix=matrices_synthetic/weak_P4.mtx ---
Grid: P=4 -> P_r=2 x P_c=2
Loaded matrices_synthetic/weak_P4.mtx: 300000 x 300000, 6000000 nnz
RESULT comm=checkerboard_mpi kernel=cusparse matrix=weak_P4.mtx P=4 rank=0 nrows_local=150000 ncols_global=300000 nnz_local=1499854 n_ghost=-1 compute_avg_ms=0.082125 compute_min_ms=0.080896 compute_max_ms=0.087040 compute_var_ms=0.000001286 compute_gflops=36.526215 eff_bw_gbs=168.022769 pct_peak_bw=18.0066 comm_avg_ms=0.862098 comm_min_ms=0.843578 comm_max_ms=0.879331 comm_var_ms=0.000122376 total_avg_ms=0.944222 total_min_ms=0.925498 total_max_ms=0.962275 total_var_ms=0.000127704 effective_gflops=3.176909
RESULT comm=checkerboard_mpi kernel=cusparse matrix=weak_P4.mtx P=4 rank=1 nrows_local=150000 ncols_global=300000 nnz_local=1500146 n_ghost=-1 compute_avg_ms=0.084343 compute_min_ms=0.082944 compute_max_ms=0.089088 compute_var_ms=0.000001851 compute_gflops=35.572311 eff_bw_gbs=163.630602 pct_peak_bw=17.5359 comm_avg_ms=0.676329 comm_min_ms=0.664009 comm_max_ms=0.689305 comm_var_ms=0.000044554 total_avg_ms=0.760672 total_min_ms=0.746953 total_max_ms=0.773273 total_var_ms=0.000045824 effective_gflops=3.944265
RESULT comm=checkerboard_mpi kernel=cusparse matrix=weak_P4.mtx P=4 rank=2 nrows_local=150000 ncols_global=300000 nnz_local=1500255 n_ghost=-1 compute_avg_ms=0.083046 compute_min_ms=0.081920 compute_max_ms=0.088064 compute_var_ms=0.000001632 compute_gflops=36.130525 eff_bw_gbs=166.196780 pct_peak_bw=17.8109 comm_avg_ms=0.843386 comm_min_ms=0.822573 comm_max_ms=0.862201 comm_var_ms=0.000065662 total_avg_ms=0.926432 total_min_ms=0.905517 total_max_ms=0.946169 total_var_ms=0.000068530 effective_gflops=3.238779
RESULT comm=checkerboard_mpi kernel=cusparse matrix=weak_P4.mtx P=4 rank=3 nrows_local=150000 ncols_global=300000 nnz_local=1499745 n_ghost=-1 compute_avg_ms=0.083934 compute_min_ms=0.082944 compute_max_ms=0.088064 compute_var_ms=0.000001362 compute_gflops=35.736350 eff_bw_gbs=164.390904 pct_peak_bw=17.6173 comm_avg_ms=0.607991 comm_min_ms=0.578777 comm_max_ms=0.624004 comm_var_ms=0.000100552 total_avg_ms=0.691925 total_min_ms=0.661721 total_max_ms=0.709479 total_var_ms=0.000103292 effective_gflops=4.334993
[ERROR CHECKING] OK!

--- P=4 rep=2/3 driver=spmv_2d_acc matrix=matrices_synthetic/weak_P4.mtx ---
Grid: P=4 -> P_r=2 x P_c=2
Loaded matrices_synthetic/weak_P4.mtx: 300000 x 300000, 6000000 nnz
[kernel] acc -> FLAT (nnz=1500255, avg_nnz=10.00, imbalance=1.90)
[kernel] acc -> FLAT (nnz=1499745, avg_nnz=10.00, imbalance=1.90)
[kernel] acc -> FLAT (nnz=1499854, avg_nnz=10.00, imbalance=1.90)
[kernel] acc -> FLAT (nnz=1500146, avg_nnz=10.00, imbalance=1.90)
RESULT comm=checkerboard_mpi kernel=acc matrix=weak_P4.mtx P=4 rank=0 nrows_local=150000 ncols_global=300000 nnz_local=1499854 n_ghost=-1 compute_avg_ms=0.067209 compute_min_ms=0.066560 compute_max_ms=0.068608 compute_var_ms=0.000000453 compute_gflops=44.632844 eff_bw_gbs=205.400940 pct_peak_bw=22.0123 comm_avg_ms=0.745121 comm_min_ms=0.731632 comm_max_ms=0.769183 comm_var_ms=0.000076087 total_avg_ms=0.812330 total_min_ms=0.798192 total_max_ms=0.836767 total_var_ms=0.000078272 effective_gflops=3.692722
RESULT comm=checkerboard_mpi kernel=acc matrix=weak_P4.mtx P=4 rank=2 nrows_local=150000 ncols_global=300000 nnz_local=1500255 n_ghost=-1 compute_avg_ms=0.067550 compute_min_ms=0.066560 compute_max_ms=0.068608 compute_var_ms=0.000000244 compute_gflops=44.419184 eff_bw_gbs=204.410587 pct_peak_bw=21.9061 comm_avg_ms=0.756023 comm_min_ms=0.743646 comm_max_ms=0.772167 comm_var_ms=0.000061377 total_avg_ms=0.823573 total_min_ms=0.811815 total_max_ms=0.839751 total_var_ms=0.000060682 effective_gflops=3.643283
RESULT comm=checkerboard_mpi kernel=acc matrix=weak_P4.mtx P=4 rank=1 nrows_local=150000 ncols_global=300000 nnz_local=1500146 n_ghost=-1 compute_avg_ms=0.069461 compute_min_ms=0.068608 compute_max_ms=0.070656 compute_var_ms=0.000000355 compute_gflops=43.193699 eff_bw_gbs=198.772916 pct_peak_bw=21.3020 comm_avg_ms=0.527395 comm_min_ms=0.512832 comm_max_ms=0.568694 comm_var_ms=0.000136958 total_avg_ms=0.596856 total_min_ms=0.581440 total_max_ms=0.639350 total_var_ms=0.000138439 effective_gflops=5.026824
RESULT comm=checkerboard_mpi kernel=acc matrix=weak_P4.mtx P=4 rank=3 nrows_local=150000 ncols_global=300000 nnz_local=1499745 n_ghost=-1 compute_avg_ms=0.069086 compute_min_ms=0.068608 compute_max_ms=0.070656 compute_var_ms=0.000000331 compute_gflops=43.416839 eff_bw_gbs=199.806769 pct_peak_bw=21.4128 comm_avg_ms=0.558911 comm_min_ms=0.548292 comm_max_ms=0.571260 comm_var_ms=0.000027218 total_avg_ms=0.627997 total_min_ms=0.617924 total_max_ms=0.639868 total_var_ms=0.000025952 effective_gflops=4.776283
[ERROR CHECKING] OK!

--- P=4 rep=2/3 driver=spmv_2d_nccl_cusparse matrix=matrices_synthetic/weak_P4.mtx ---
Grid: P=4 -> P_r=2 x P_c=2
Loaded matrices_synthetic/weak_P4.mtx: 300000 x 300000, 6000000 nnz
RESULT comm=checkerboard_nccl kernel=cusparse matrix=weak_P4.mtx P=4 rank=0 nrows_local=150000 ncols_global=300000 nnz_local=1499854 n_ghost=-1 compute_avg_ms=0.082944 compute_min_ms=0.081920 compute_max_ms=0.083968 compute_var_ms=0.000000280 compute_gflops=36.165462 eff_bw_gbs=166.363285 pct_peak_bw=17.8287 comm_avg_ms=0.161649 comm_min_ms=0.159075 comm_max_ms=0.164168 comm_var_ms=0.000001700 total_avg_ms=0.244593 total_min_ms=0.242019 total_max_ms=0.248134 total_var_ms=0.000001667 effective_gflops=12.264078
RESULT comm=checkerboard_nccl kernel=cusparse matrix=weak_P4.mtx P=4 rank=1 nrows_local=150000 ncols_global=300000 nnz_local=1500146 n_ghost=-1 compute_avg_ms=0.085436 compute_min_ms=0.083968 compute_max_ms=0.087040 compute_var_ms=0.000000467 compute_gflops=35.117531 eff_bw_gbs=161.538640 pct_peak_bw=17.3117 comm_avg_ms=0.129554 comm_min_ms=0.128204 comm_max_ms=0.131082 comm_var_ms=0.000000545 total_avg_ms=0.214990 total_min_ms=0.213333 total_max_ms=0.218113 total_var_ms=0.000001065 effective_gflops=13.955526
RESULT comm=checkerboard_nccl kernel=cusparse matrix=weak_P4.mtx P=4 rank=2 nrows_local=150000 ncols_global=300000 nnz_local=1500255 n_ghost=-1 compute_avg_ms=0.083763 compute_min_ms=0.082944 compute_max_ms=0.084992 compute_var_ms=0.000000308 compute_gflops=35.821340 eff_bw_gbs=164.774558 pct_peak_bw=17.6585 comm_avg_ms=0.191542 comm_min_ms=0.188382 comm_max_ms=0.195688 comm_var_ms=0.000002823 total_avg_ms=0.275306 total_min_ms=0.272143 total_max_ms=0.279656 total_var_ms=0.000003466 effective_gflops=10.898834
RESULT comm=checkerboard_nccl kernel=cusparse matrix=weak_P4.mtx P=4 rank=3 nrows_local=150000 ncols_global=300000 nnz_local=1499745 n_ghost=-1 compute_avg_ms=0.085641 compute_min_ms=0.084992 compute_max_ms=0.087040 compute_var_ms=0.000000313 compute_gflops=35.024187 eff_bw_gbs=161.114879 pct_peak_bw=17.2663 comm_avg_ms=0.160483 comm_min_ms=0.158821 comm_max_ms=0.164308 comm_var_ms=0.000001924 total_avg_ms=0.246123 total_min_ms=0.243938 total_max_ms=0.249300 total_var_ms=0.000002067 effective_gflops=12.186942
[ERROR CHECKING] OK!

--- P=4 rep=2/3 driver=spmv_2d_nccl_acc matrix=matrices_synthetic/weak_P4.mtx ---
Grid: P=4 -> P_r=2 x P_c=2
Loaded matrices_synthetic/weak_P4.mtx: 300000 x 300000, 6000000 nnz
[kernel] acc -> FLAT (nnz=1500255, avg_nnz=10.00, imbalance=1.90)
[kernel] acc -> FLAT (nnz=1499745, avg_nnz=10.00, imbalance=1.90)
[kernel] acc -> FLAT (nnz=1500146, avg_nnz=10.00, imbalance=1.90)
[kernel] acc -> FLAT (nnz=1499854, avg_nnz=10.00, imbalance=1.90)
RESULT comm=checkerboard_nccl kernel=acc matrix=weak_P4.mtx P=4 rank=0 nrows_local=150000 ncols_global=300000 nnz_local=1499854 n_ghost=-1 compute_avg_ms=0.068710 compute_min_ms=0.066560 compute_max_ms=0.071680 compute_var_ms=0.000002751 compute_gflops=43.657262 eff_bw_gbs=200.911300 pct_peak_bw=21.5311 comm_avg_ms=0.165896 comm_min_ms=0.159850 comm_max_ms=0.176346 comm_var_ms=0.000033448 total_avg_ms=0.234607 total_min_ms=0.227434 total_max_ms=0.247002 total_var_ms=0.000053560 effective_gflops=12.786105
RESULT comm=checkerboard_nccl kernel=acc matrix=weak_P4.mtx P=4 rank=1 nrows_local=150000 ncols_global=300000 nnz_local=1500146 n_ghost=-1 compute_avg_ms=0.071270 compute_min_ms=0.069632 compute_max_ms=0.073728 compute_var_ms=0.000001929 compute_gflops=42.097307 eff_bw_gbs=193.727433 pct_peak_bw=20.7613 comm_avg_ms=0.130673 comm_min_ms=0.128763 comm_max_ms=0.133365 comm_var_ms=0.000002116 total_avg_ms=0.201944 total_min_ms=0.198997 total_max_ms=0.206959 total_var_ms=0.000007564 effective_gflops=14.857076
RESULT comm=checkerboard_nccl kernel=acc matrix=weak_P4.mtx P=4 rank=2 nrows_local=150000 ncols_global=300000 nnz_local=1500255 n_ghost=-1 compute_avg_ms=0.070178 compute_min_ms=0.067584 compute_max_ms=0.072704 compute_var_ms=0.000002218 compute_gflops=42.755625 eff_bw_gbs=196.755130 pct_peak_bw=21.0857 comm_avg_ms=0.197949 comm_min_ms=0.188013 comm_max_ms=0.217060 comm_var_ms=0.000120963 total_avg_ms=0.268127 total_min_ms=0.257144 total_max_ms=0.289764 total_var_ms=0.000152277 effective_gflops=11.190645
RESULT comm=checkerboard_nccl kernel=acc matrix=weak_P4.mtx P=4 rank=3 nrows_local=150000 ncols_global=300000 nnz_local=1499745 n_ghost=-1 compute_avg_ms=0.070690 compute_min_ms=0.068608 compute_max_ms=0.073728 compute_var_ms=0.000002830 compute_gflops=42.431522 eff_bw_gbs=195.272283 pct_peak_bw=20.9268 comm_avg_ms=0.165188 comm_min_ms=0.158853 comm_max_ms=0.175297 comm_var_ms=0.000040122 total_avg_ms=0.235878 total_min_ms=0.228070 total_max_ms=0.248697 total_var_ms=0.000062403 effective_gflops=12.716295
[ERROR CHECKING] OK!

--- P=4 rep=3/3 driver=spmv_bcast matrix=matrices_synthetic/weak_P4.mtx ---
Loaded matrices_synthetic/weak_P4.mtx: 300000 x 300000, 6000000 nnz
RESULT comm=bcast kernel=cusparse matrix=weak_P4.mtx P=4 rank=0 nrows_local=75000 ncols_global=300000 nnz_local=1500000 n_ghost=-1 compute_avg_ms=0.080247 compute_min_ms=0.079872 compute_max_ms=0.081920 compute_var_ms=0.000000313 compute_gflops=37.384359 eff_bw_gbs=171.968101 pct_peak_bw=18.4294 comm_avg_ms=0.366262 comm_min_ms=0.356940 comm_max_ms=0.377778 comm_var_ms=0.000018311 total_avg_ms=0.446509 total_min_ms=0.438021 total_max_ms=0.457650 total_var_ms=0.000016611 effective_gflops=6.718785
RESULT comm=bcast kernel=cusparse matrix=weak_P4.mtx P=4 rank=1 nrows_local=75000 ncols_global=300000 nnz_local=1500000 n_ghost=-1 compute_avg_ms=0.082569 compute_min_ms=0.081920 compute_max_ms=0.083968 compute_var_ms=0.000000313 compute_gflops=36.333455 eff_bw_gbs=167.133940 pct_peak_bw=17.9113 comm_avg_ms=0.543537 comm_min_ms=0.527722 comm_max_ms=0.561594 comm_var_ms=0.000058780 total_avg_ms=0.626105 total_min_ms=0.609642 total_max_ms=0.643514 total_var_ms=0.000059990 effective_gflops=4.791527
RESULT comm=bcast kernel=cusparse matrix=weak_P4.mtx P=4 rank=2 nrows_local=75000 ncols_global=300000 nnz_local=1500000 n_ghost=-1 compute_avg_ms=0.080657 compute_min_ms=0.079872 compute_max_ms=0.080896 compute_var_ms=0.000000188 compute_gflops=37.194510 eff_bw_gbs=171.094797 pct_peak_bw=18.3358 comm_avg_ms=0.613918 comm_min_ms=0.603803 comm_max_ms=0.632848 comm_var_ms=0.000055021 total_avg_ms=0.694575 total_min_ms=0.684699 total_max_ms=0.712720 total_var_ms=0.000054725 effective_gflops=4.319188
RESULT comm=bcast kernel=cusparse matrix=weak_P4.mtx P=4 rank=3 nrows_local=75000 ncols_global=300000 nnz_local=1500000 n_ghost=-1 compute_avg_ms=0.082466 compute_min_ms=0.081920 compute_max_ms=0.083968 compute_var_ms=0.000000331 compute_gflops=36.378571 eff_bw_gbs=167.341474 pct_peak_bw=17.9335 comm_avg_ms=0.618343 comm_min_ms=0.609230 comm_max_ms=0.632491 comm_var_ms=0.000037671 total_avg_ms=0.700809 total_min_ms=0.692174 total_max_ms=0.714411 total_var_ms=0.000037627 effective_gflops=4.280765
[ERROR CHECKING] OK!

--- P=4 rep=3/3 driver=spmv_ghost_cusparse matrix=matrices_synthetic/weak_P4.mtx ---
Loaded matrices_synthetic/weak_P4.mtx: 300000 x 300000, 6000000 nnz
RESULT comm=ghost_mpi kernel=cusparse matrix=weak_P4.mtx P=4 rank=0 nrows_local=75000 ncols_global=300000 nnz_local=1500000 n_ghost=223494 compute_avg_ms=0.080452 compute_min_ms=0.079872 compute_max_ms=0.081920 compute_var_ms=0.000000327 compute_gflops=37.289193 eff_bw_gbs=171.455461 pct_peak_bw=18.3744 comm_avg_ms=0.804820 comm_min_ms=0.639718 comm_max_ms=1.214610 comm_var_ms=0.012194203 total_avg_ms=0.885272 total_min_ms=0.719590 total_max_ms=1.295506 total_var_ms=0.012230164 effective_gflops=3.388787
RESULT comm=ghost_mpi kernel=cusparse matrix=weak_P4.mtx P=4 rank=1 nrows_local=75000 ncols_global=300000 nnz_local=1500000 n_ghost=223466 compute_avg_ms=0.083183 compute_min_ms=0.081920 compute_max_ms=0.084992 compute_var_ms=0.000000677 compute_gflops=36.065091 eff_bw_gbs=165.825701 pct_peak_bw=17.7711 comm_avg_ms=1.127808 comm_min_ms=0.580064 comm_max_ms=1.405783 comm_var_ms=0.041187284 total_avg_ms=1.210991 total_min_ms=0.663008 total_max_ms=1.488238 total_var_ms=0.041103174 effective_gflops=2.477310
RESULT comm=ghost_mpi kernel=cusparse matrix=weak_P4.mtx P=4 rank=2 nrows_local=75000 ncols_global=300000 nnz_local=1500000 n_ghost=223462 compute_avg_ms=0.081374 compute_min_ms=0.079872 compute_max_ms=0.084992 compute_var_ms=0.000000820 compute_gflops=36.866874 eff_bw_gbs=169.512068 pct_peak_bw=18.1662 comm_avg_ms=1.154818 comm_min_ms=0.713637 comm_max_ms=1.405049 comm_var_ms=0.022335229 total_avg_ms=1.236192 total_min_ms=0.794533 total_max_ms=1.487993 total_var_ms=0.022367595 effective_gflops=2.426807
RESULT comm=ghost_mpi kernel=cusparse matrix=weak_P4.mtx P=4 rank=3 nrows_local=75000 ncols_global=300000 nnz_local=1500000 n_ghost=223546 compute_avg_ms=0.083081 compute_min_ms=0.081920 compute_max_ms=0.083968 compute_var_ms=0.000000261 compute_gflops=36.109543 eff_bw_gbs=166.033940 pct_peak_bw=17.7934 comm_avg_ms=1.164412 comm_min_ms=0.751352 comm_max_ms=1.405598 comm_var_ms=0.022741623 total_avg_ms=1.247492 total_min_ms=0.834296 total_max_ms=1.488542 total_var_ms=0.022747911 effective_gflops=2.404824
[ERROR CHECKING] OK!

--- P=4 rep=3/3 driver=spmv_ghost_acc matrix=matrices_synthetic/weak_P4.mtx ---
Loaded matrices_synthetic/weak_P4.mtx: 300000 x 300000, 6000000 nnz
[kernel] acc -> FLAT (nnz=1500000, avg_nnz=20.00, imbalance=1.00)
[kernel] acc -> FLAT (nnz=1500000, avg_nnz=20.00, imbalance=1.00)
[kernel] acc -> FLAT (nnz=1500000, avg_nnz=20.00, imbalance=1.00)
[kernel] acc -> FLAT (nnz=1500000, avg_nnz=20.00, imbalance=1.00)
RESULT comm=ghost_mpi kernel=acc matrix=weak_P4.mtx P=4 rank=0 nrows_local=75000 ncols_global=300000 nnz_local=1500000 n_ghost=223494 compute_avg_ms=0.067584 compute_min_ms=0.066560 compute_max_ms=0.068608 compute_var_ms=0.000000419 compute_gflops=44.389204 eff_bw_gbs=204.187972 pct_peak_bw=21.8823 comm_avg_ms=0.822872 comm_min_ms=0.535983 comm_max_ms=1.271686 comm_var_ms=0.032271017 total_avg_ms=0.890456 total_min_ms=0.602543 total_max_ms=1.339270 total_var_ms=0.032293030 effective_gflops=3.369062
RESULT comm=ghost_mpi kernel=acc matrix=weak_P4.mtx P=4 rank=2 nrows_local=75000 ncols_global=300000 nnz_local=1500000 n_ghost=223462 compute_avg_ms=0.068198 compute_min_ms=0.067584 compute_max_ms=0.069632 compute_var_ms=0.000000322 compute_gflops=43.989301 eff_bw_gbs=202.346563 pct_peak_bw=21.6849 comm_avg_ms=1.106794 comm_min_ms=0.646683 comm_max_ms=1.382727 comm_var_ms=0.028529921 total_avg_ms=1.174993 total_min_ms=0.715291 total_max_ms=1.450311 total_var_ms=0.028484529 effective_gflops=2.553207
RESULT comm=ghost_mpi kernel=acc matrix=weak_P4.mtx P=4 rank=1 nrows_local=75000 ncols_global=300000 nnz_local=1500000 n_ghost=223466 compute_avg_ms=0.069803 compute_min_ms=0.068608 compute_max_ms=0.070656 compute_var_ms=0.000000285 compute_gflops=42.978300 eff_bw_gbs=197.696283 pct_peak_bw=21.1866 comm_avg_ms=1.049590 comm_min_ms=0.491709 comm_max_ms=1.361420 comm_var_ms=0.047384625 total_avg_ms=1.119392 total_min_ms=0.561341 total_max_ms=1.432076 total_var_ms=0.047463062 effective_gflops=2.680025
RESULT comm=ghost_mpi kernel=acc matrix=weak_P4.mtx P=4 rank=3 nrows_local=75000 ncols_global=300000 nnz_local=1500000 n_ghost=223546 compute_avg_ms=0.069564 compute_min_ms=0.068608 compute_max_ms=0.070656 compute_var_ms=0.000000485 compute_gflops=43.125919 eff_bw_gbs=198.379919 pct_peak_bw=21.2599 comm_avg_ms=1.102696 comm_min_ms=0.646906 comm_max_ms=1.382743 comm_var_ms=0.032620753 total_avg_ms=1.172260 total_min_ms=0.717562 total_max_ms=1.451351 total_var_ms=0.032560282 effective_gflops=2.559160
[ERROR CHECKING] OK!

--- P=4 rep=3/3 driver=spmv_ghost_nccl_cusparse matrix=matrices_synthetic/weak_P4.mtx ---
Loaded matrices_synthetic/weak_P4.mtx: 300000 x 300000, 6000000 nnz
RESULT comm=ghost_nccl kernel=cusparse matrix=weak_P4.mtx P=4 rank=0 nrows_local=75000 ncols_global=300000 nnz_local=1500000 n_ghost=223494 compute_avg_ms=0.081067 compute_min_ms=0.079872 compute_max_ms=0.081920 compute_var_ms=0.000000285 compute_gflops=37.006580 eff_bw_gbs=170.156008 pct_peak_bw=18.2352 comm_avg_ms=0.365331 comm_min_ms=0.220682 comm_max_ms=2.383835 comm_var_ms=0.196511011 total_avg_ms=0.446398 total_min_ms=0.301578 total_max_ms=2.464731 total_var_ms=0.196561929 effective_gflops=6.720459
RESULT comm=ghost_nccl kernel=cusparse matrix=weak_P4.mtx P=4 rank=1 nrows_local=75000 ncols_global=300000 nnz_local=1500000 n_ghost=223466 compute_avg_ms=0.083968 compute_min_ms=0.082944 compute_max_ms=0.084992 compute_var_ms=0.000000280 compute_gflops=35.727897 eff_bw_gbs=164.275298 pct_peak_bw=17.6049 comm_avg_ms=0.373794 comm_min_ms=0.232396 comm_max_ms=2.399213 comm_var_ms=0.197895250 total_avg_ms=0.457762 total_min_ms=0.316364 total_max_ms=2.482157 total_var_ms=0.197747476 effective_gflops=6.553623
RESULT comm=ghost_nccl kernel=cusparse matrix=weak_P4.mtx P=4 rank=2 nrows_local=75000 ncols_global=300000 nnz_local=1500000 n_ghost=223462 compute_avg_ms=0.081852 compute_min_ms=0.080896 compute_max_ms=0.082944 compute_var_ms=0.000000275 compute_gflops=36.651638 eff_bw_gbs=168.522422 pct_peak_bw=18.0601 comm_avg_ms=0.420786 comm_min_ms=0.270770 comm_max_ms=2.454323 comm_var_ms=0.199198568 total_avg_ms=0.502638 total_min_ms=0.352690 total_max_ms=2.536243 total_var_ms=0.199144009 effective_gflops=5.968511
RESULT comm=ghost_nccl kernel=cusparse matrix=weak_P4.mtx P=4 rank=3 nrows_local=75000 ncols_global=300000 nnz_local=1500000 n_ghost=223546 compute_avg_ms=0.083968 compute_min_ms=0.082944 compute_max_ms=0.084992 compute_var_ms=0.000000280 compute_gflops=35.727897 eff_bw_gbs=164.279109 pct_peak_bw=17.6054 comm_avg_ms=0.402178 comm_min_ms=0.261966 comm_max_ms=2.429059 comm_var_ms=0.197470532 total_avg_ms=0.486146 total_min_ms=0.345934 total_max_ms=2.513027 total_var_ms=0.197469982 effective_gflops=6.170981
[ERROR CHECKING] OK!

--- P=4 rep=3/3 driver=spmv_ghost_nccl_acc matrix=matrices_synthetic/weak_P4.mtx ---
Loaded matrices_synthetic/weak_P4.mtx: 300000 x 300000, 6000000 nnz
[kernel] acc -> FLAT (nnz=1500000, avg_nnz=20.00, imbalance=1.00)
[kernel] acc -> FLAT (nnz=1500000, avg_nnz=20.00, imbalance=1.00)
[kernel] acc -> FLAT (nnz=1500000, avg_nnz=20.00, imbalance=1.00)
[kernel] acc -> FLAT (nnz=1500000, avg_nnz=20.00, imbalance=1.00)
RESULT comm=ghost_nccl kernel=acc matrix=weak_P4.mtx P=4 rank=1 nrows_local=75000 ncols_global=300000 nnz_local=1500000 n_ghost=223466 compute_avg_ms=0.069939 compute_min_ms=0.068608 compute_max_ms=0.070656 compute_var_ms=0.000000290 compute_gflops=42.894399 eff_bw_gbs=197.310346 pct_peak_bw=21.1452 comm_avg_ms=0.877825 comm_min_ms=0.232891 comm_max_ms=5.118694 comm_var_ms=1.777240644 total_avg_ms=0.947765 total_min_ms=0.302523 total_max_ms=5.188326 total_var_ms=1.777186323 effective_gflops=3.165343
RESULT comm=ghost_nccl kernel=acc matrix=weak_P4.mtx P=4 rank=2 nrows_local=75000 ncols_global=300000 nnz_local=1500000 n_ghost=223462 compute_avg_ms=0.068198 compute_min_ms=0.067584 compute_max_ms=0.068608 compute_var_ms=0.000000252 compute_gflops=43.989301 eff_bw_gbs=202.346563 pct_peak_bw=21.6849 comm_avg_ms=0.930428 comm_min_ms=0.285439 comm_max_ms=5.172212 comm_var_ms=1.771174369 total_avg_ms=0.998627 total_min_ms=0.354047 total_max_ms=5.240820 total_var_ms=1.771515421 effective_gflops=3.004125
RESULT comm=ghost_nccl kernel=acc matrix=weak_P4.mtx P=4 rank=0 nrows_local=75000 ncols_global=300000 nnz_local=1500000 n_ghost=223494 compute_avg_ms=0.067447 compute_min_ms=0.066560 compute_max_ms=0.068608 compute_var_ms=0.000000331 compute_gflops=44.479061 eff_bw_gbs=204.601308 pct_peak_bw=21.9266 comm_avg_ms=0.868855 comm_min_ms=0.222600 comm_max_ms=5.113440 comm_var_ms=1.772665665 total_avg_ms=0.936303 total_min_ms=0.290184 total_max_ms=5.181024 total_var_ms=1.772502761 effective_gflops=3.204091
RESULT comm=ghost_nccl kernel=acc matrix=weak_P4.mtx P=4 rank=3 nrows_local=75000 ncols_global=300000 nnz_local=1500000 n_ghost=223546 compute_avg_ms=0.069495 compute_min_ms=0.068608 compute_max_ms=0.070656 compute_var_ms=0.000000401 compute_gflops=43.168283 eff_bw_gbs=198.574791 pct_peak_bw=21.2807 comm_avg_ms=0.892398 comm_min_ms=0.247703 comm_max_ms=5.137668 comm_var_ms=1.772407074 total_avg_ms=0.961894 total_min_ms=0.317335 total_max_ms=5.208324 total_var_ms=1.772736449 effective_gflops=3.118847
[ERROR CHECKING] OK!

--- P=4 rep=3/3 driver=spmv_2d_cusparse matrix=matrices_synthetic/weak_P4.mtx ---
Grid: P=4 -> P_r=2 x P_c=2
Loaded matrices_synthetic/weak_P4.mtx: 300000 x 300000, 6000000 nnz
RESULT comm=checkerboard_mpi kernel=cusparse matrix=weak_P4.mtx P=4 rank=0 nrows_local=150000 ncols_global=300000 nnz_local=1499854 n_ghost=-1 compute_avg_ms=0.081647 compute_min_ms=0.079872 compute_max_ms=0.083968 compute_var_ms=0.000000485 compute_gflops=36.739997 eff_bw_gbs=169.006181 pct_peak_bw=18.1119 comm_avg_ms=0.732491 comm_min_ms=0.720353 comm_max_ms=0.754591 comm_var_ms=0.000039763 total_avg_ms=0.814138 total_min_ms=0.802273 total_max_ms=0.835487 total_var_ms=0.000039347 effective_gflops=3.684522
RESULT comm=checkerboard_mpi kernel=cusparse matrix=weak_P4.mtx P=4 rank=1 nrows_local=150000 ncols_global=300000 nnz_local=1500146 n_ghost=-1 compute_avg_ms=0.083900 compute_min_ms=0.082944 compute_max_ms=0.086016 compute_var_ms=0.000000555 compute_gflops=35.760448 eff_bw_gbs=164.496020 pct_peak_bw=17.6286 comm_avg_ms=0.495941 comm_min_ms=0.489422 comm_max_ms=0.504461 comm_var_ms=0.000015736 total_avg_ms=0.579841 total_min_ms=0.572366 total_max_ms=0.587405 total_var_ms=0.000015399 effective_gflops=5.174336
RESULT comm=checkerboard_mpi kernel=cusparse matrix=weak_P4.mtx P=4 rank=2 nrows_local=150000 ncols_global=300000 nnz_local=1500255 n_ghost=-1 compute_avg_ms=0.082569 compute_min_ms=0.081920 compute_max_ms=0.086016 compute_var_ms=0.000000803 compute_gflops=36.339631 eff_bw_gbs=167.158647 pct_peak_bw=17.9139 comm_avg_ms=0.805748 comm_min_ms=0.791869 comm_max_ms=0.868851 comm_var_ms=0.000174713 total_avg_ms=0.888317 total_min_ms=0.873789 total_max_ms=0.950771 total_var_ms=0.000172484 effective_gflops=3.377748
RESULT comm=checkerboard_mpi kernel=cusparse matrix=weak_P4.mtx P=4 rank=3 nrows_local=150000 ncols_global=300000 nnz_local=1499745 n_ghost=-1 compute_avg_ms=0.084139 compute_min_ms=0.082944 compute_max_ms=0.087040 compute_var_ms=0.000000495 compute_gflops=35.649365 eff_bw_gbs=163.990764 pct_peak_bw=17.5745 comm_avg_ms=0.664698 comm_min_ms=0.652412 comm_max_ms=0.682057 comm_var_ms=0.000047031 total_avg_ms=0.748836 total_min_ms=0.736380 total_max_ms=0.766025 total_var_ms=0.000046729 effective_gflops=4.005535
[ERROR CHECKING] OK!

--- P=4 rep=3/3 driver=spmv_2d_acc matrix=matrices_synthetic/weak_P4.mtx ---
Grid: P=4 -> P_r=2 x P_c=2
Loaded matrices_synthetic/weak_P4.mtx: 300000 x 300000, 6000000 nnz
[kernel] acc -> FLAT (nnz=1500255, avg_nnz=10.00, imbalance=1.90)
[kernel] acc -> FLAT (nnz=1499745, avg_nnz=10.00, imbalance=1.90)
[kernel] acc -> FLAT (nnz=1499854, avg_nnz=10.00, imbalance=1.90)
[kernel] acc -> FLAT (nnz=1500146, avg_nnz=10.00, imbalance=1.90)
RESULT comm=checkerboard_mpi kernel=acc matrix=weak_P4.mtx P=4 rank=0 nrows_local=150000 ncols_global=300000 nnz_local=1499854 n_ghost=-1 compute_avg_ms=0.067038 compute_min_ms=0.065536 compute_max_ms=0.068608 compute_var_ms=0.000000471 compute_gflops=44.746471 eff_bw_gbs=205.923855 pct_peak_bw=22.0683 comm_avg_ms=0.791553 comm_min_ms=0.783232 comm_max_ms=0.811110 comm_var_ms=0.000041133 total_avg_ms=0.858590 total_min_ms=0.850135 total_max_ms=0.877670 total_var_ms=0.000040299 effective_gflops=3.493759
RESULT comm=checkerboard_mpi kernel=acc matrix=weak_P4.mtx P=4 rank=1 nrows_local=150000 ncols_global=300000 nnz_local=1500146 n_ghost=-1 compute_avg_ms=0.069257 compute_min_ms=0.068608 compute_max_ms=0.070656 compute_var_ms=0.000000313 compute_gflops=43.321428 eff_bw_gbs=199.360712 pct_peak_bw=21.3650 comm_avg_ms=0.665538 comm_min_ms=0.650714 comm_max_ms=0.675777 comm_var_ms=0.000028997 total_avg_ms=0.734795 total_min_ms=0.719322 total_max_ms=0.744385 total_var_ms=0.000027832 effective_gflops=4.083171
RESULT comm=checkerboard_mpi kernel=acc matrix=weak_P4.mtx P=4 rank=3 nrows_local=150000 ncols_global=300000 nnz_local=1499745 n_ghost=-1 compute_avg_ms=0.068983 compute_min_ms=0.068608 compute_max_ms=0.070656 compute_var_ms=0.000000313 compute_gflops=43.481288 eff_bw_gbs=200.103365 pct_peak_bw=21.4445 comm_avg_ms=0.482127 comm_min_ms=0.473482 comm_max_ms=0.505418 comm_var_ms=0.000045430 total_avg_ms=0.551111 total_min_ms=0.542090 total_max_ms=0.574026 total_var_ms=0.000044489 effective_gflops=5.442627
RESULT comm=checkerboard_mpi kernel=acc matrix=weak_P4.mtx P=4 rank=2 nrows_local=150000 ncols_global=300000 nnz_local=1500255 n_ghost=-1 compute_avg_ms=0.067516 compute_min_ms=0.066560 compute_max_ms=0.068608 compute_var_ms=0.000000275 compute_gflops=44.441641 eff_bw_gbs=204.513929 pct_peak_bw=21.9172 comm_avg_ms=0.684151 comm_min_ms=0.664221 comm_max_ms=0.768327 comm_var_ms=0.000490230 total_avg_ms=0.751667 total_min_ms=0.731805 total_max_ms=0.835911 total_var_ms=0.000488323 effective_gflops=3.991810
[ERROR CHECKING] OK!

--- P=4 rep=3/3 driver=spmv_2d_nccl_cusparse matrix=matrices_synthetic/weak_P4.mtx ---
Grid: P=4 -> P_r=2 x P_c=2
Loaded matrices_synthetic/weak_P4.mtx: 300000 x 300000, 6000000 nnz
RESULT comm=checkerboard_nccl kernel=cusparse matrix=weak_P4.mtx P=4 rank=0 nrows_local=150000 ncols_global=300000 nnz_local=1499854 n_ghost=-1 compute_avg_ms=0.082739 compute_min_ms=0.081920 compute_max_ms=0.084992 compute_var_ms=0.000000587 compute_gflops=36.254980 eff_bw_gbs=166.775075 pct_peak_bw=17.8728 comm_avg_ms=0.163499 comm_min_ms=0.159881 comm_max_ms=0.166317 comm_var_ms=0.000001786 total_avg_ms=0.246238 total_min_ms=0.241801 total_max_ms=0.248896 total_var_ms=0.000002175 effective_gflops=12.182139
RESULT comm=checkerboard_nccl kernel=cusparse matrix=weak_P4.mtx P=4 rank=1 nrows_local=150000 ncols_global=300000 nnz_local=1500146 n_ghost=-1 compute_avg_ms=0.085709 compute_min_ms=0.083968 compute_max_ms=0.087040 compute_var_ms=0.000000570 compute_gflops=35.005647 eff_bw_gbs=161.023980 pct_peak_bw=17.2565 comm_avg_ms=0.130531 comm_min_ms=0.129323 comm_max_ms=0.133255 comm_var_ms=0.000000593 total_avg_ms=0.216240 total_min_ms=0.214539 total_max_ms=0.218247 total_var_ms=0.000001052 effective_gflops=13.874829
RESULT comm=checkerboard_nccl kernel=cusparse matrix=weak_P4.mtx P=4 rank=2 nrows_local=150000 ncols_global=300000 nnz_local=1500255 n_ghost=-1 compute_avg_ms=0.083388 compute_min_ms=0.082944 compute_max_ms=0.084992 compute_var_ms=0.000000327 compute_gflops=35.982631 eff_bw_gbs=165.516482 pct_peak_bw=17.7380 comm_avg_ms=0.191108 comm_min_ms=0.184618 comm_max_ms=0.193465 comm_var_ms=0.000003185 total_avg_ms=0.274496 total_min_ms=0.267562 total_max_ms=0.277433 total_var_ms=0.000003459 effective_gflops=10.930984
RESULT comm=checkerboard_nccl kernel=cusparse matrix=weak_P4.mtx P=4 rank=3 nrows_local=150000 ncols_global=300000 nnz_local=1499745 n_ghost=-1 compute_avg_ms=0.085504 compute_min_ms=0.083968 compute_max_ms=0.087040 compute_var_ms=0.000000472 compute_gflops=35.080114 eff_bw_gbs=161.372148 pct_peak_bw=17.2938 comm_avg_ms=0.159974 comm_min_ms=0.153999 comm_max_ms=0.164682 comm_var_ms=0.000002937 total_avg_ms=0.245478 total_min_ms=0.238991 total_max_ms=0.249674 total_var_ms=0.000003506 effective_gflops=12.218982
[ERROR CHECKING] OK!

--- P=4 rep=3/3 driver=spmv_2d_nccl_acc matrix=matrices_synthetic/weak_P4.mtx ---
Grid: P=4 -> P_r=2 x P_c=2
Loaded matrices_synthetic/weak_P4.mtx: 300000 x 300000, 6000000 nnz
[kernel] acc -> FLAT (nnz=1500255, avg_nnz=10.00, imbalance=1.90)
[kernel] acc -> FLAT (nnz=1499745, avg_nnz=10.00, imbalance=1.90)
[kernel] acc -> FLAT (nnz=1500146, avg_nnz=10.00, imbalance=1.90)
[kernel] acc -> FLAT (nnz=1499854, avg_nnz=10.00, imbalance=1.90)
RESULT comm=checkerboard_nccl kernel=acc matrix=weak_P4.mtx P=4 rank=1 nrows_local=150000 ncols_global=300000 nnz_local=1500146 n_ghost=-1 compute_avg_ms=0.071236 compute_min_ms=0.068608 compute_max_ms=0.074752 compute_var_ms=0.000002425 compute_gflops=42.117478 eff_bw_gbs=193.820259 pct_peak_bw=20.7712 comm_avg_ms=0.131567 comm_min_ms=0.129218 comm_max_ms=0.134671 comm_var_ms=0.000002373 total_avg_ms=0.202803 total_min_ms=0.198850 total_max_ms=0.208514 total_var_ms=0.000008315 effective_gflops=14.794086
RESULT comm=checkerboard_nccl kernel=acc matrix=weak_P4.mtx P=4 rank=2 nrows_local=150000 ncols_global=300000 nnz_local=1500255 n_ghost=-1 compute_avg_ms=0.069325 compute_min_ms=0.067584 compute_max_ms=0.072704 compute_var_ms=0.000002737 compute_gflops=43.281913 eff_bw_gbs=199.177030 pct_peak_bw=21.3453 comm_avg_ms=0.199039 comm_min_ms=0.186477 comm_max_ms=0.220934 comm_var_ms=0.000127815 total_avg_ms=0.268364 total_min_ms=0.254061 total_max_ms=0.292614 total_var_ms=0.000162788 effective_gflops=11.180746
RESULT comm=checkerboard_nccl kernel=acc matrix=weak_P4.mtx P=4 rank=0 nrows_local=150000 ncols_global=300000 nnz_local=1499854 n_ghost=-1 compute_avg_ms=0.068813 compute_min_ms=0.067584 compute_max_ms=0.071680 compute_var_ms=0.000001915 compute_gflops=43.592296 eff_bw_gbs=200.612325 pct_peak_bw=21.4991 comm_avg_ms=0.165510 comm_min_ms=0.155754 comm_max_ms=0.176977 comm_var_ms=0.000035514 total_avg_ms=0.234323 total_min_ms=0.223338 total_max_ms=0.248427 total_var_ms=0.000051251 effective_gflops=12.801605
RESULT comm=checkerboard_nccl kernel=acc matrix=weak_P4.mtx P=4 rank=3 nrows_local=150000 ncols_global=300000 nnz_local=1499745 n_ghost=-1 compute_avg_ms=0.070793 compute_min_ms=0.068608 compute_max_ms=0.073728 compute_var_ms=0.000002428 compute_gflops=42.370145 eff_bw_gbs=194.989825 pct_peak_bw=20.8965 comm_avg_ms=0.165802 comm_min_ms=0.156094 comm_max_ms=0.179884 comm_var_ms=0.000047883 total_avg_ms=0.236595 total_min_ms=0.226750 total_max_ms=0.252588 total_var_ms=0.000069177 effective_gflops=12.677739
[ERROR CHECKING] OK!

=== Job done ===
