=== D2_final weak scaling ===
Node:     edu01
Date:     Tue Jul 21 06:40:52 PM CEST 2026
P:        4
Matrix:   matrices_synthetic/weak_sparse_P4.mtx
Reps:     3

--- P=4 rep=1/3 driver=spmv_bcast matrix=matrices_synthetic/weak_sparse_P4.mtx ---
Loaded matrices_synthetic/weak_sparse_P4.mtx: 3000000 x 3000000, 6000000 nnz
RESULT comm=bcast kernel=cusparse matrix=weak_sparse_P4.mtx P=4 rank=0 nrows_local=750000 ncols_global=3000000 nnz_local=1500000 n_ghost=-1 compute_avg_ms=0.118477 compute_min_ms=0.114688 compute_max_ms=0.137216 compute_var_ms=0.000014760 compute_gflops=25.321413 eff_bw_gbs=253.214160 pct_peak_bw=27.1363 comm_avg_ms=4.736468 comm_min_ms=4.165941 comm_max_ms=5.135981 comm_var_ms=0.017475366 total_avg_ms=4.854944 total_min_ms=4.285749 total_max_ms=5.254765 total_var_ms=0.017490373 effective_gflops=0.617927
RESULT comm=bcast kernel=cusparse matrix=weak_sparse_P4.mtx P=4 rank=1 nrows_local=750000 ncols_global=3000000 nnz_local=1500000 n_ghost=-1 compute_avg_ms=0.117077 compute_min_ms=0.111616 compute_max_ms=0.141312 compute_var_ms=0.000024700 compute_gflops=25.624088 eff_bw_gbs=256.240919 pct_peak_bw=27.4607 comm_avg_ms=6.588723 comm_min_ms=6.508716 comm_max_ms=7.278045 comm_var_ms=0.026567491 total_avg_ms=6.705800 total_min_ms=6.622380 total_max_ms=7.419357 total_var_ms=0.027924614 effective_gflops=0.447374
RESULT comm=bcast kernel=cusparse matrix=weak_sparse_P4.mtx P=4 rank=2 nrows_local=750000 ncols_global=3000000 nnz_local=1500000 n_ghost=-1 compute_avg_ms=0.106121 compute_min_ms=0.103424 compute_max_ms=0.132096 compute_var_ms=0.000026877 compute_gflops=28.269742 eff_bw_gbs=282.697453 pct_peak_bw=30.2959 comm_avg_ms=7.279777 comm_min_ms=7.181185 comm_max_ms=7.893371 comm_var_ms=0.030827935 total_avg_ms=7.385898 total_min_ms=7.285633 total_max_ms=7.998843 total_var_ms=0.032031262 effective_gflops=0.406179
RESULT comm=bcast kernel=cusparse matrix=weak_sparse_P4.mtx P=4 rank=3 nrows_local=750000 ncols_global=3000000 nnz_local=1500000 n_ghost=-1 compute_avg_ms=0.106871 compute_min_ms=0.105472 compute_max_ms=0.114688 compute_var_ms=0.000002970 compute_gflops=28.071104 eff_bw_gbs=280.711075 pct_peak_bw=30.0831 comm_avg_ms=7.517715 comm_min_ms=7.424946 comm_max_ms=8.168916 comm_var_ms=0.031665152 total_avg_ms=7.624586 total_min_ms=7.531442 total_max_ms=8.275412 total_var_ms=0.031837817 effective_gflops=0.393464
[ERROR CHECKING] OK!

--- P=4 rep=1/3 driver=spmv_ghost_cusparse matrix=matrices_synthetic/weak_sparse_P4.mtx ---
Loaded matrices_synthetic/weak_sparse_P4.mtx: 3000000 x 3000000, 6000000 nnz
RESULT comm=ghost_mpi kernel=cusparse matrix=weak_sparse_P4.mtx P=4 rank=0 nrows_local=750000 ncols_global=3000000 nnz_local=1500000 n_ghost=885256 compute_avg_ms=0.103697 compute_min_ms=0.102400 compute_max_ms=0.104448 compute_var_ms=0.000000415 compute_gflops=28.930424 eff_bw_gbs=236.660778 pct_peak_bw=25.3623 comm_avg_ms=3.268302 comm_min_ms=1.925883 comm_max_ms=4.762323 comm_var_ms=0.395893555 total_avg_ms=3.371999 total_min_ms=2.028283 total_max_ms=4.866771 total_var_ms=0.396111412 effective_gflops=0.889680
RESULT comm=ghost_mpi kernel=cusparse matrix=weak_sparse_P4.mtx P=4 rank=1 nrows_local=750000 ncols_global=3000000 nnz_local=1500000 n_ghost=884919 compute_avg_ms=0.104789 compute_min_ms=0.103424 compute_max_ms=0.105472 compute_var_ms=0.000000443 compute_gflops=28.628869 eff_bw_gbs=234.181091 pct_peak_bw=25.0966 comm_avg_ms=4.063531 comm_min_ms=2.964181 comm_max_ms=4.965254 comm_var_ms=0.346818422 total_avg_ms=4.168320 total_min_ms=3.067605 total_max_ms=5.070726 total_var_ms=0.347198485 effective_gflops=0.719714
RESULT comm=ghost_mpi kernel=cusparse matrix=weak_sparse_P4.mtx P=4 rank=2 nrows_local=750000 ncols_global=3000000 nnz_local=1500000 n_ghost=885842 compute_avg_ms=0.101069 compute_min_ms=0.071680 compute_max_ms=0.103424 compute_var_ms=0.000030070 compute_gflops=29.682752 eff_bw_gbs=242.838271 pct_peak_bw=26.0243 comm_avg_ms=4.101963 comm_min_ms=3.069509 comm_max_ms=5.039080 comm_var_ms=0.293854168 total_avg_ms=4.203032 total_min_ms=3.170885 total_max_ms=5.141480 total_var_ms=0.294148575 effective_gflops=0.713770
RESULT comm=ghost_mpi kernel=cusparse matrix=weak_sparse_P4.mtx P=4 rank=3 nrows_local=750000 ncols_global=3000000 nnz_local=1500000 n_ghost=885276 compute_avg_ms=0.094959 compute_min_ms=0.075776 compute_max_ms=0.105472 compute_var_ms=0.000178533 compute_gflops=31.592604 eff_bw_gbs=258.439171 pct_peak_bw=27.6962 comm_avg_ms=3.638510 comm_min_ms=2.198350 comm_max_ms=5.039195 comm_var_ms=0.749057443 total_avg_ms=3.733469 total_min_ms=2.274126 total_max_ms=5.144667 total_var_ms=0.765324373 effective_gflops=0.803542
[ERROR CHECKING] OK!

--- P=4 rep=1/3 driver=spmv_ghost_acc matrix=matrices_synthetic/weak_sparse_P4.mtx ---
Loaded matrices_synthetic/weak_sparse_P4.mtx: 3000000 x 3000000, 6000000 nnz
[kernel] acc -> LINE-ENHANCE (nnz=1500000, avg_nnz=2.00, imbalance=1.00, V=1)
[kernel] acc -> LINE-ENHANCE (nnz=1500000, avg_nnz=2.00, imbalance=1.00, V=1)
[kernel] acc -> LINE-ENHANCE (nnz=1500000, avg_nnz=2.00, imbalance=1.00, V=1)
[kernel] acc -> LINE-ENHANCE (nnz=1500000, avg_nnz=2.00, imbalance=1.00, V=1)
RESULT comm=ghost_mpi kernel=acc matrix=weak_sparse_P4.mtx P=4 rank=0 nrows_local=750000 ncols_global=3000000 nnz_local=1500000 n_ghost=885256 compute_avg_ms=0.079428 compute_min_ms=0.078848 compute_max_ms=0.080896 compute_var_ms=0.000000397 compute_gflops=37.769930 eff_bw_gbs=308.970974 pct_peak_bw=33.1116 comm_avg_ms=3.422597 comm_min_ms=2.255490 comm_max_ms=4.686691 comm_var_ms=0.531707010 total_avg_ms=3.502025 total_min_ms=2.335362 total_max_ms=4.765539 total_var_ms=0.531544899 effective_gflops=0.856647
RESULT comm=ghost_mpi kernel=acc matrix=weak_sparse_P4.mtx P=4 rank=1 nrows_local=750000 ncols_global=3000000 nnz_local=1500000 n_ghost=884919 compute_avg_ms=0.080691 compute_min_ms=0.079872 compute_max_ms=0.081920 compute_var_ms=0.000000447 compute_gflops=37.178777 eff_bw_gbs=304.118426 pct_peak_bw=32.5916 comm_avg_ms=4.226754 comm_min_ms=3.124200 comm_max_ms=5.027721 comm_var_ms=0.291260579 total_avg_ms=4.307445 total_min_ms=3.204072 total_max_ms=5.108617 total_var_ms=0.291450985 effective_gflops=0.696469
RESULT comm=ghost_mpi kernel=acc matrix=weak_sparse_P4.mtx P=4 rank=2 nrows_local=750000 ncols_global=3000000 nnz_local=1500000 n_ghost=885842 compute_avg_ms=0.076220 compute_min_ms=0.055296 compute_max_ms=0.080896 compute_var_ms=0.000047653 compute_gflops=39.359887 eff_bw_gbs=322.008118 pct_peak_bw=34.5088 comm_avg_ms=4.213588 comm_min_ms=2.496746 comm_max_ms=5.028246 comm_var_ms=0.403446469 total_avg_ms=4.289808 total_min_ms=2.552042 total_max_ms=5.107094 total_var_ms=0.407424279 effective_gflops=0.699332
RESULT comm=ghost_mpi kernel=acc matrix=weak_sparse_P4.mtx P=4 rank=3 nrows_local=750000 ncols_global=3000000 nnz_local=1500000 n_ghost=885276 compute_avg_ms=0.072055 compute_min_ms=0.058368 compute_max_ms=0.081920 compute_var_ms=0.000108806 compute_gflops=41.634593 eff_bw_gbs=340.586349 pct_peak_bw=36.4997 comm_avg_ms=3.750849 comm_min_ms=2.374838 comm_max_ms=4.881131 comm_var_ms=0.694204226 total_avg_ms=3.822904 total_min_ms=2.434230 total_max_ms=4.961086 total_var_ms=0.707088594 effective_gflops=0.784744
[ERROR CHECKING] OK!

--- P=4 rep=1/3 driver=spmv_ghost_nccl_cusparse matrix=matrices_synthetic/weak_sparse_P4.mtx ---
Loaded matrices_synthetic/weak_sparse_P4.mtx: 3000000 x 3000000, 6000000 nnz
RESULT comm=ghost_nccl kernel=cusparse matrix=weak_sparse_P4.mtx P=4 rank=0 nrows_local=750000 ncols_global=3000000 nnz_local=1500000 n_ghost=885256 compute_avg_ms=0.104107 compute_min_ms=0.103424 compute_max_ms=0.105472 compute_var_ms=0.000000513 compute_gflops=28.816599 eff_bw_gbs=235.729654 pct_peak_bw=25.2625 comm_avg_ms=0.794657 comm_min_ms=0.772164 comm_max_ms=0.820059 comm_var_ms=0.000196357 total_avg_ms=0.898764 total_min_ms=0.875588 total_max_ms=0.923483 total_var_ms=0.000201696 effective_gflops=3.337917
RESULT comm=ghost_nccl kernel=cusparse matrix=weak_sparse_P4.mtx P=4 rank=1 nrows_local=750000 ncols_global=3000000 nnz_local=1500000 n_ghost=884919 compute_avg_ms=0.105301 compute_min_ms=0.104448 compute_max_ms=0.106496 compute_var_ms=0.000000495 compute_gflops=28.489668 eff_bw_gbs=233.042447 pct_peak_bw=24.9745 comm_avg_ms=0.826660 comm_min_ms=0.803000 comm_max_ms=0.861239 comm_var_ms=0.000251549 total_avg_ms=0.931962 total_min_ms=0.909496 total_max_ms=0.966711 total_var_ms=0.000248983 effective_gflops=3.219016
RESULT comm=ghost_nccl kernel=cusparse matrix=weak_sparse_P4.mtx P=4 rank=2 nrows_local=750000 ncols_global=3000000 nnz_local=1500000 n_ghost=885842 compute_avg_ms=0.102673 compute_min_ms=0.101376 compute_max_ms=0.104448 compute_var_ms=0.000000555 compute_gflops=29.218958 eff_bw_gbs=239.043923 pct_peak_bw=25.6177 comm_avg_ms=0.821699 comm_min_ms=0.793384 comm_max_ms=0.847342 comm_var_ms=0.000166531 total_avg_ms=0.924372 total_min_ms=0.895784 total_max_ms=0.948718 total_var_ms=0.000162347 effective_gflops=3.245448
RESULT comm=ghost_nccl kernel=cusparse matrix=weak_sparse_P4.mtx P=4 rank=3 nrows_local=750000 ncols_global=3000000 nnz_local=1500000 n_ghost=885276 compute_avg_ms=0.104789 compute_min_ms=0.103424 compute_max_ms=0.106496 compute_var_ms=0.000000373 compute_gflops=28.628869 eff_bw_gbs=234.194718 pct_peak_bw=25.0980 comm_avg_ms=0.773010 comm_min_ms=0.753160 comm_max_ms=0.797777 comm_var_ms=0.000143623 total_avg_ms=0.877799 total_min_ms=0.858632 total_max_ms=0.903053 total_var_ms=0.000143475 effective_gflops=3.417637
[ERROR CHECKING] OK!

--- P=4 rep=1/3 driver=spmv_ghost_nccl_acc matrix=matrices_synthetic/weak_sparse_P4.mtx ---
Loaded matrices_synthetic/weak_sparse_P4.mtx: 3000000 x 3000000, 6000000 nnz
[kernel] acc -> LINE-ENHANCE (nnz=1500000, avg_nnz=2.00, imbalance=1.00, V=1)
[kernel] acc -> LINE-ENHANCE (nnz=1500000, avg_nnz=2.00, imbalance=1.00, V=1)
[kernel] acc -> LINE-ENHANCE (nnz=1500000, avg_nnz=2.00, imbalance=1.00, V=1)
[kernel] acc -> LINE-ENHANCE (nnz=1500000, avg_nnz=2.00, imbalance=1.00, V=1)
RESULT comm=ghost_nccl kernel=acc matrix=weak_sparse_P4.mtx P=4 rank=0 nrows_local=750000 ncols_global=3000000 nnz_local=1500000 n_ghost=885256 compute_avg_ms=0.079223 compute_min_ms=0.077824 compute_max_ms=0.079872 compute_var_ms=0.000000313 compute_gflops=37.867569 eff_bw_gbs=309.769693 pct_peak_bw=33.1972 comm_avg_ms=0.777282 comm_min_ms=0.763611 comm_max_ms=0.791246 comm_var_ms=0.000064856 total_avg_ms=0.856505 total_min_ms=0.842459 total_max_ms=0.870094 total_var_ms=0.000066033 effective_gflops=3.502605
RESULT comm=ghost_nccl kernel=acc matrix=weak_sparse_P4.mtx P=4 rank=1 nrows_local=750000 ncols_global=3000000 nnz_local=1500000 n_ghost=884919 compute_avg_ms=0.080111 compute_min_ms=0.078848 compute_max_ms=0.080896 compute_var_ms=0.000000257 compute_gflops=37.448073 eff_bw_gbs=306.321245 pct_peak_bw=32.8276 comm_avg_ms=0.813571 comm_min_ms=0.792489 comm_max_ms=0.829332 comm_var_ms=0.000083264 total_avg_ms=0.893682 total_min_ms=0.872361 total_max_ms=0.909204 total_var_ms=0.000083904 effective_gflops=3.356901
RESULT comm=ghost_nccl kernel=acc matrix=weak_sparse_P4.mtx P=4 rank=2 nrows_local=750000 ncols_global=3000000 nnz_local=1500000 n_ghost=885842 compute_avg_ms=0.078029 compute_min_ms=0.076800 compute_max_ms=0.078848 compute_var_ms=0.000000308 compute_gflops=38.447344 eff_bw_gbs=314.542488 pct_peak_bw=33.7087 comm_avg_ms=0.817982 comm_min_ms=0.803238 comm_max_ms=0.839538 comm_var_ms=0.000065386 total_avg_ms=0.896010 total_min_ms=0.881062 total_max_ms=0.917362 total_var_ms=0.000066552 effective_gflops=3.348176
RESULT comm=ghost_nccl kernel=acc matrix=weak_sparse_P4.mtx P=4 rank=3 nrows_local=750000 ncols_global=3000000 nnz_local=1500000 n_ghost=885276 compute_avg_ms=0.079940 compute_min_ms=0.078848 compute_max_ms=0.080896 compute_var_ms=0.000000205 compute_gflops=37.528022 eff_bw_gbs=306.993082 pct_peak_bw=32.8996 comm_avg_ms=0.790082 comm_min_ms=0.765974 comm_max_ms=0.806943 comm_var_ms=0.000087288 total_avg_ms=0.870022 total_min_ms=0.845846 total_max_ms=0.886815 total_var_ms=0.000087898 effective_gflops=3.448189
[ERROR CHECKING] OK!

--- P=4 rep=1/3 driver=spmv_2d_cusparse matrix=matrices_synthetic/weak_sparse_P4.mtx ---
Grid: P=4 -> P_r=2 x P_c=2
Loaded matrices_synthetic/weak_sparse_P4.mtx: 3000000 x 3000000, 6000000 nnz
RESULT comm=checkerboard_mpi kernel=cusparse matrix=weak_sparse_P4.mtx P=4 rank=0 nrows_local=1500000 ncols_global=3000000 nnz_local=1499241 n_ghost=-1 compute_avg_ms=0.140186 compute_min_ms=0.136192 compute_max_ms=0.142336 compute_var_ms=0.000002261 compute_gflops=21.389373 eff_bw_gbs=213.958727 pct_peak_bw=22.9294 comm_avg_ms=5.664395 comm_min_ms=5.624866 comm_max_ms=5.749046 comm_var_ms=0.000863154 total_avg_ms=5.804581 total_min_ms=5.761058 total_max_ms=5.889334 total_var_ms=0.000867704 effective_gflops=0.516572
RESULT comm=checkerboard_mpi kernel=cusparse matrix=weak_sparse_P4.mtx P=4 rank=1 nrows_local=1500000 ncols_global=3000000 nnz_local=1500759 n_ghost=-1 compute_avg_ms=0.135543 compute_min_ms=0.131072 compute_max_ms=0.138240 compute_var_ms=0.000002201 compute_gflops=22.144321 eff_bw_gbs=221.376045 pct_peak_bw=23.7243 comm_avg_ms=4.221676 comm_min_ms=4.201880 comm_max_ms=4.283248 comm_var_ms=0.000237074 total_avg_ms=4.357220 total_min_ms=4.336919 total_max_ms=4.416368 total_var_ms=0.000225851 effective_gflops=0.688861
RESULT comm=checkerboard_mpi kernel=cusparse matrix=weak_sparse_P4.mtx P=4 rank=2 nrows_local=1500000 ncols_global=3000000 nnz_local=1499720 n_ghost=-1 compute_avg_ms=0.137455 compute_min_ms=0.135168 compute_max_ms=0.139264 compute_var_ms=0.000001166 compute_gflops=21.821261 eff_bw_gbs=218.237088 pct_peak_bw=23.3879 comm_avg_ms=8.864930 comm_min_ms=8.809690 comm_max_ms=8.938423 comm_var_ms=0.000696979 total_avg_ms=9.002385 total_min_ms=8.946906 total_max_ms=9.075639 total_var_ms=0.000705845 effective_gflops=0.333183
RESULT comm=checkerboard_mpi kernel=cusparse matrix=weak_sparse_P4.mtx P=4 rank=3 nrows_local=1500000 ncols_global=3000000 nnz_local=1500280 n_ghost=-1 compute_avg_ms=0.136021 compute_min_ms=0.133120 compute_max_ms=0.139264 compute_var_ms=0.000001614 compute_gflops=22.059481 eff_bw_gbs=220.570142 pct_peak_bw=23.6379 comm_avg_ms=7.292731 comm_min_ms=7.259134 comm_max_ms=7.359708 comm_var_ms=0.000533609 total_avg_ms=7.428752 total_min_ms=7.395326 total_max_ms=7.494876 total_var_ms=0.000517156 effective_gflops=0.403912
[ERROR CHECKING] OK!

--- P=4 rep=1/3 driver=spmv_2d_acc matrix=matrices_synthetic/weak_sparse_P4.mtx ---
Grid: P=4 -> P_r=2 x P_c=2
Loaded matrices_synthetic/weak_sparse_P4.mtx: 3000000 x 3000000, 6000000 nnz
[kernel] acc -> LINE-ENHANCE (nnz=1500280, avg_nnz=1.00, imbalance=2.00, V=1)
[kernel] acc -> LINE-ENHANCE (nnz=1499720, avg_nnz=1.00, imbalance=2.00, V=1)
[kernel] acc -> LINE-ENHANCE (nnz=1499241, avg_nnz=1.00, imbalance=2.00, V=1)
[kernel] acc -> LINE-ENHANCE (nnz=1500759, avg_nnz=1.00, imbalance=2.00, V=1)
RESULT comm=checkerboard_mpi kernel=acc matrix=weak_sparse_P4.mtx P=4 rank=0 nrows_local=1500000 ncols_global=3000000 nnz_local=1499241 n_ghost=-1 compute_avg_ms=0.095642 compute_min_ms=0.094208 compute_max_ms=0.098304 compute_var_ms=0.000000741 compute_gflops=31.351231 eff_bw_gbs=313.607585 pct_peak_bw=33.6085 comm_avg_ms=6.061952 comm_min_ms=6.033395 comm_max_ms=6.090072 comm_var_ms=0.000207823 total_avg_ms=6.157594 total_min_ms=6.128627 total_max_ms=6.185304 total_var_ms=0.000206778 effective_gflops=0.486957
RESULT comm=checkerboard_mpi kernel=acc matrix=weak_sparse_P4.mtx P=4 rank=1 nrows_local=1500000 ncols_global=3000000 nnz_local=1500759 n_ghost=-1 compute_avg_ms=0.094822 compute_min_ms=0.093184 compute_max_ms=0.096256 compute_var_ms=0.000000391 compute_gflops=31.654102 eff_bw_gbs=316.445010 pct_peak_bw=33.9126 comm_avg_ms=4.547532 comm_min_ms=4.525173 comm_max_ms=4.565035 comm_var_ms=0.000106460 total_avg_ms=4.642355 total_min_ms=4.619381 total_max_ms=4.659847 total_var_ms=0.000106595 effective_gflops=0.646551
RESULT comm=checkerboard_mpi kernel=acc matrix=weak_sparse_P4.mtx P=4 rank=3 nrows_local=1500000 ncols_global=3000000 nnz_local=1500280 n_ghost=-1 compute_avg_ms=0.095403 compute_min_ms=0.094208 compute_max_ms=0.096256 compute_var_ms=0.000000285 compute_gflops=31.451531 eff_bw_gbs=314.480132 pct_peak_bw=33.7020 comm_avg_ms=8.118866 comm_min_ms=8.085541 comm_max_ms=8.183326 comm_var_ms=0.000390347 total_avg_ms=8.214268 total_min_ms=8.180773 total_max_ms=8.278558 total_var_ms=0.000393204 effective_gflops=0.365286
RESULT comm=checkerboard_mpi kernel=acc matrix=weak_sparse_P4.mtx P=4 rank=2 nrows_local=1500000 ncols_global=3000000 nnz_local=1499720 n_ghost=-1 compute_avg_ms=0.094106 compute_min_ms=0.093184 compute_max_ms=0.095232 compute_var_ms=0.000000444 compute_gflops=31.873129 eff_bw_gbs=318.767038 pct_peak_bw=34.1614 comm_avg_ms=9.691336 comm_min_ms=9.648447 comm_max_ms=9.769831 comm_var_ms=0.000644560 total_avg_ms=9.785441 total_min_ms=9.742655 total_max_ms=9.863015 total_var_ms=0.000635370 effective_gflops=0.306521
[ERROR CHECKING] OK!

--- P=4 rep=1/3 driver=spmv_2d_nccl_cusparse matrix=matrices_synthetic/weak_sparse_P4.mtx ---
Grid: P=4 -> P_r=2 x P_c=2
Loaded matrices_synthetic/weak_sparse_P4.mtx: 3000000 x 3000000, 6000000 nnz
RESULT comm=checkerboard_nccl kernel=cusparse matrix=weak_sparse_P4.mtx P=4 rank=0 nrows_local=1500000 ncols_global=3000000 nnz_local=1499241 n_ghost=-1 compute_avg_ms=0.137694 compute_min_ms=0.134144 compute_max_ms=0.141312 compute_var_ms=0.000002498 compute_gflops=21.776439 eff_bw_gbs=217.830562 pct_peak_bw=23.3443 comm_avg_ms=0.787854 comm_min_ms=0.767527 comm_max_ms=0.800771 comm_var_ms=0.000065742 total_avg_ms=0.925548 total_min_ms=0.904743 total_max_ms=0.939182 total_var_ms=0.000072949 effective_gflops=3.239684
RESULT comm=checkerboard_nccl kernel=cusparse matrix=weak_sparse_P4.mtx P=4 rank=1 nrows_local=1500000 ncols_global=3000000 nnz_local=1500759 n_ghost=-1 compute_avg_ms=0.135066 compute_min_ms=0.132096 compute_max_ms=0.137216 compute_var_ms=0.000001982 compute_gflops=22.222668 eff_bw_gbs=222.159280 pct_peak_bw=23.8082 comm_avg_ms=0.729285 comm_min_ms=0.713653 comm_max_ms=0.745257 comm_var_ms=0.000052574 total_avg_ms=0.864350 total_min_ms=0.848821 total_max_ms=0.878377 total_var_ms=0.000051160 effective_gflops=3.472570
RESULT comm=checkerboard_nccl kernel=cusparse matrix=weak_sparse_P4.mtx P=4 rank=2 nrows_local=1500000 ncols_global=3000000 nnz_local=1499720 n_ghost=-1 compute_avg_ms=0.133393 compute_min_ms=0.131072 compute_max_ms=0.136192 compute_var_ms=0.000002023 compute_gflops=22.485727 eff_bw_gbs=224.882489 pct_peak_bw=24.1001 comm_avg_ms=0.858479 comm_min_ms=0.831190 comm_max_ms=0.873616 comm_var_ms=0.000125070 total_avg_ms=0.991872 total_min_ms=0.963286 total_max_ms=1.006736 total_var_ms=0.000120273 effective_gflops=3.024019
RESULT comm=checkerboard_nccl kernel=cusparse matrix=weak_sparse_P4.mtx P=4 rank=3 nrows_local=1500000 ncols_global=3000000 nnz_local=1500280 n_ghost=-1 compute_avg_ms=0.135987 compute_min_ms=0.133120 compute_max_ms=0.138240 compute_var_ms=0.000002195 compute_gflops=22.065018 eff_bw_gbs=220.625504 pct_peak_bw=23.6439 comm_avg_ms=0.787817 comm_min_ms=0.759894 comm_max_ms=0.807988 comm_var_ms=0.000109131 total_avg_ms=0.923805 total_min_ms=0.896086 total_max_ms=0.944071 total_var_ms=0.000109900 effective_gflops=3.248046
[ERROR CHECKING] OK!

--- P=4 rep=1/3 driver=spmv_2d_nccl_acc matrix=matrices_synthetic/weak_sparse_P4.mtx ---
Grid: P=4 -> P_r=2 x P_c=2
Loaded matrices_synthetic/weak_sparse_P4.mtx: 3000000 x 3000000, 6000000 nnz
[kernel] acc -> LINE-ENHANCE (nnz=1499720, avg_nnz=1.00, imbalance=2.00, V=1)
[kernel] acc -> LINE-ENHANCE (nnz=1500280, avg_nnz=1.00, imbalance=2.00, V=1)
[kernel] acc -> LINE-ENHANCE (nnz=1499241, avg_nnz=1.00, imbalance=2.00, V=1)
[kernel] acc -> LINE-ENHANCE (nnz=1500759, avg_nnz=1.00, imbalance=2.00, V=1)
RESULT comm=checkerboard_nccl kernel=acc matrix=weak_sparse_P4.mtx P=4 rank=0 nrows_local=1500000 ncols_global=3000000 nnz_local=1499241 n_ghost=-1 compute_avg_ms=0.095744 compute_min_ms=0.095232 compute_max_ms=0.097280 compute_var_ms=0.000000332 compute_gflops=31.317701 eff_bw_gbs=313.272176 pct_peak_bw=33.5725 comm_avg_ms=0.789178 comm_min_ms=0.768129 comm_max_ms=0.813353 comm_var_ms=0.000105205 total_avg_ms=0.884922 total_min_ms=0.864385 total_max_ms=0.908585 total_var_ms=0.000103743 effective_gflops=3.388413
RESULT comm=checkerboard_nccl kernel=acc matrix=weak_sparse_P4.mtx P=4 rank=1 nrows_local=1500000 ncols_global=3000000 nnz_local=1500759 n_ghost=-1 compute_avg_ms=0.094857 compute_min_ms=0.094208 compute_max_ms=0.096256 compute_var_ms=0.000000383 compute_gflops=31.642712 eff_bw_gbs=316.331139 pct_peak_bw=33.9004 comm_avg_ms=0.723329 comm_min_ms=0.713218 comm_max_ms=0.739076 comm_var_ms=0.000038070 total_avg_ms=0.818186 total_min_ms=0.807426 total_max_ms=0.833284 total_var_ms=0.000038477 effective_gflops=3.668503
RESULT comm=checkerboard_nccl kernel=acc matrix=weak_sparse_P4.mtx P=4 rank=3 nrows_local=1500000 ncols_global=3000000 nnz_local=1500280 n_ghost=-1 compute_avg_ms=0.094788 compute_min_ms=0.094208 compute_max_ms=0.096256 compute_var_ms=0.000000327 compute_gflops=31.655394 eff_bw_gbs=316.518535 pct_peak_bw=33.9205 comm_avg_ms=0.787504 comm_min_ms=0.766386 comm_max_ms=0.807210 comm_var_ms=0.000069260 total_avg_ms=0.882293 total_min_ms=0.860594 total_max_ms=0.902442 total_var_ms=0.000069993 effective_gflops=3.400867
RESULT comm=checkerboard_nccl kernel=acc matrix=weak_sparse_P4.mtx P=4 rank=2 nrows_local=1500000 ncols_global=3000000 nnz_local=1499720 n_ghost=-1 compute_avg_ms=0.093457 compute_min_ms=0.092160 compute_max_ms=0.095232 compute_var_ms=0.000000485 compute_gflops=32.094309 eff_bw_gbs=320.979081 pct_peak_bw=34.3985 comm_avg_ms=0.859595 comm_min_ms=0.833531 comm_max_ms=0.897040 comm_var_ms=0.000145719 total_avg_ms=0.953052 total_min_ms=0.928763 total_max_ms=0.990224 total_var_ms=0.000142713 effective_gflops=3.147195
[ERROR CHECKING] OK!

--- P=4 rep=2/3 driver=spmv_bcast matrix=matrices_synthetic/weak_sparse_P4.mtx ---
Loaded matrices_synthetic/weak_sparse_P4.mtx: 3000000 x 3000000, 6000000 nnz
RESULT comm=bcast kernel=cusparse matrix=weak_sparse_P4.mtx P=4 rank=0 nrows_local=750000 ncols_global=3000000 nnz_local=1500000 n_ghost=-1 compute_avg_ms=0.118204 compute_min_ms=0.114688 compute_max_ms=0.121856 compute_var_ms=0.000003823 compute_gflops=25.379909 eff_bw_gbs=253.799120 pct_peak_bw=27.1990 comm_avg_ms=4.744687 comm_min_ms=4.690390 comm_max_ms=4.803854 comm_var_ms=0.000499906 total_avg_ms=4.862891 total_min_ms=4.809174 total_max_ms=4.922821 total_var_ms=0.000519313 effective_gflops=0.616917
RESULT comm=bcast kernel=cusparse matrix=weak_sparse_P4.mtx P=4 rank=1 nrows_local=750000 ncols_global=3000000 nnz_local=1500000 n_ghost=-1 compute_avg_ms=0.115951 compute_min_ms=0.113664 compute_max_ms=0.126976 compute_var_ms=0.000005640 compute_gflops=25.873013 eff_bw_gbs=258.730160 pct_peak_bw=27.7274 comm_avg_ms=6.533780 comm_min_ms=6.506022 comm_max_ms=6.599753 comm_var_ms=0.000531781 total_avg_ms=6.649731 total_min_ms=6.619686 total_max_ms=6.714441 total_var_ms=0.000555841 effective_gflops=0.451146
RESULT comm=bcast kernel=cusparse matrix=weak_sparse_P4.mtx P=4 rank=2 nrows_local=750000 ncols_global=3000000 nnz_local=1500000 n_ghost=-1 compute_avg_ms=0.105711 compute_min_ms=0.103424 compute_max_ms=0.113664 compute_var_ms=0.000005780 compute_gflops=28.379279 eff_bw_gbs=283.792825 pct_peak_bw=30.4133 comm_avg_ms=7.242363 comm_min_ms=7.190827 comm_max_ms=7.637823 comm_var_ms=0.006196232 total_avg_ms=7.348074 total_min_ms=7.295275 total_max_ms=7.751487 total_var_ms=0.006453140 effective_gflops=0.408270
RESULT comm=bcast kernel=cusparse matrix=weak_sparse_P4.mtx P=4 rank=3 nrows_local=750000 ncols_global=3000000 nnz_local=1500000 n_ghost=-1 compute_avg_ms=0.106906 compute_min_ms=0.105472 compute_max_ms=0.113664 compute_var_ms=0.000002139 compute_gflops=28.062141 eff_bw_gbs=280.621448 pct_peak_bw=30.0735 comm_avg_ms=7.470114 comm_min_ms=7.434551 comm_max_ms=7.811514 comm_var_ms=0.004531769 total_avg_ms=7.577020 total_min_ms=7.541047 total_max_ms=7.925178 total_var_ms=0.004698676 effective_gflops=0.395934
[ERROR CHECKING] OK!

--- P=4 rep=2/3 driver=spmv_ghost_cusparse matrix=matrices_synthetic/weak_sparse_P4.mtx ---
Loaded matrices_synthetic/weak_sparse_P4.mtx: 3000000 x 3000000, 6000000 nnz
RESULT comm=ghost_mpi kernel=cusparse matrix=weak_sparse_P4.mtx P=4 rank=1 nrows_local=750000 ncols_global=3000000 nnz_local=1500000 n_ghost=884919 compute_avg_ms=0.104994 compute_min_ms=0.104448 compute_max_ms=0.106496 compute_var_ms=0.000000331 compute_gflops=28.573025 eff_bw_gbs=233.724301 pct_peak_bw=25.0476 comm_avg_ms=4.243540 comm_min_ms=3.022213 comm_max_ms=4.997211 comm_var_ms=0.303896885 total_avg_ms=4.348534 total_min_ms=3.127685 total_max_ms=5.101659 total_var_ms=0.303678855 effective_gflops=0.689888
RESULT comm=ghost_mpi kernel=cusparse matrix=weak_sparse_P4.mtx P=4 rank=2 nrows_local=750000 ncols_global=3000000 nnz_local=1500000 n_ghost=885842 compute_avg_ms=0.094618 compute_min_ms=0.069632 compute_max_ms=0.104448 compute_var_ms=0.000173197 compute_gflops=31.706575 eff_bw_gbs=259.395424 pct_peak_bw=27.7987 comm_avg_ms=3.845678 comm_min_ms=1.946103 comm_max_ms=4.997802 comm_var_ms=0.815797893 total_avg_ms=3.940296 total_min_ms=2.015735 total_max_ms=5.100202 total_var_ms=0.829754988 effective_gflops=0.761364
RESULT comm=ghost_mpi kernel=cusparse matrix=weak_sparse_P4.mtx P=4 rank=0 nrows_local=750000 ncols_global=3000000 nnz_local=1500000 n_ghost=885256 compute_avg_ms=0.103526 compute_min_ms=0.102400 compute_max_ms=0.104448 compute_var_ms=0.000000374 compute_gflops=28.978116 eff_bw_gbs=237.050922 pct_peak_bw=25.4041 comm_avg_ms=3.284470 comm_min_ms=2.039692 comm_max_ms=4.839105 comm_var_ms=0.516096612 total_avg_ms=3.387996 total_min_ms=2.144140 total_max_ms=4.942529 total_var_ms=0.516082338 effective_gflops=0.885479
RESULT comm=ghost_mpi kernel=cusparse matrix=weak_sparse_P4.mtx P=4 rank=3 nrows_local=750000 ncols_global=3000000 nnz_local=1500000 n_ghost=885276 compute_avg_ms=0.099328 compute_min_ms=0.095232 compute_max_ms=0.105472 compute_var_ms=0.000017756 compute_gflops=30.202964 eff_bw_gbs=247.071398 pct_peak_bw=26.4780 comm_avg_ms=3.973863 comm_min_ms=2.731616 comm_max_ms=4.869016 comm_var_ms=0.416943081 total_avg_ms=4.073191 total_min_ms=2.827872 total_max_ms=4.974488 total_var_ms=0.417096933 effective_gflops=0.736523
[ERROR CHECKING] OK!

--- P=4 rep=2/3 driver=spmv_ghost_acc matrix=matrices_synthetic/weak_sparse_P4.mtx ---
Loaded matrices_synthetic/weak_sparse_P4.mtx: 3000000 x 3000000, 6000000 nnz
[kernel] acc -> LINE-ENHANCE (nnz=1500000, avg_nnz=2.00, imbalance=1.00, V=1)
[kernel] acc -> LINE-ENHANCE (nnz=1500000, avg_nnz=2.00, imbalance=1.00, V=1)
[kernel] acc -> LINE-ENHANCE (nnz=1500000, avg_nnz=2.00, imbalance=1.00, V=1)
[kernel] acc -> LINE-ENHANCE (nnz=1500000, avg_nnz=2.00, imbalance=1.00, V=1)
RESULT comm=ghost_mpi kernel=acc matrix=weak_sparse_P4.mtx P=4 rank=1 nrows_local=750000 ncols_global=3000000 nnz_local=1500000 n_ghost=884919 compute_avg_ms=0.080486 compute_min_ms=0.079872 compute_max_ms=0.081920 compute_var_ms=0.000000391 compute_gflops=37.273379 eff_bw_gbs=304.892265 pct_peak_bw=32.6745 comm_avg_ms=3.981346 comm_min_ms=2.428445 comm_max_ms=5.381626 comm_var_ms=0.466070089 total_avg_ms=4.061832 total_min_ms=2.508317 total_max_ms=5.462522 total_var_ms=0.466077477 effective_gflops=0.738583
RESULT comm=ghost_mpi kernel=acc matrix=weak_sparse_P4.mtx P=4 rank=2 nrows_local=750000 ncols_global=3000000 nnz_local=1500000 n_ghost=885842 compute_avg_ms=0.078541 compute_min_ms=0.077824 compute_max_ms=0.079872 compute_var_ms=0.000000430 compute_gflops=38.196710 eff_bw_gbs=312.492017 pct_peak_bw=33.4889 comm_avg_ms=4.176475 comm_min_ms=2.990090 comm_max_ms=5.382046 comm_var_ms=0.311836854 total_avg_ms=4.255015 total_min_ms=3.068938 total_max_ms=5.460894 total_var_ms=0.311702069 effective_gflops=0.705050
RESULT comm=ghost_mpi kernel=acc matrix=weak_sparse_P4.mtx P=4 rank=0 nrows_local=750000 ncols_global=3000000 nnz_local=1500000 n_ghost=885256 compute_avg_ms=0.079394 compute_min_ms=0.077824 compute_max_ms=0.080896 compute_var_ms=0.000000471 compute_gflops=37.786169 eff_bw_gbs=309.103807 pct_peak_bw=33.1258 comm_avg_ms=3.183422 comm_min_ms=2.284011 comm_max_ms=4.617666 comm_var_ms=0.353278620 total_avg_ms=3.262816 total_min_ms=2.363883 total_max_ms=4.696514 total_var_ms=0.353185371 effective_gflops=0.919451
RESULT comm=ghost_mpi kernel=acc matrix=weak_sparse_P4.mtx P=4 rank=3 nrows_local=750000 ncols_global=3000000 nnz_local=1500000 n_ghost=885276 compute_avg_ms=0.076868 compute_min_ms=0.054272 compute_max_ms=0.080896 compute_var_ms=0.000073675 compute_gflops=39.027810 eff_bw_gbs=319.261898 pct_peak_bw=34.2145 comm_avg_ms=4.038448 comm_min_ms=2.542956 comm_max_ms=5.138020 comm_var_ms=0.509990703 total_avg_ms=4.115317 total_min_ms=2.598252 total_max_ms=5.218916 total_var_ms=0.515453396 effective_gflops=0.728984
[ERROR CHECKING] OK!

--- P=4 rep=2/3 driver=spmv_ghost_nccl_cusparse matrix=matrices_synthetic/weak_sparse_P4.mtx ---
Loaded matrices_synthetic/weak_sparse_P4.mtx: 3000000 x 3000000, 6000000 nnz
RESULT comm=ghost_nccl kernel=cusparse matrix=weak_sparse_P4.mtx P=4 rank=0 nrows_local=750000 ncols_global=3000000 nnz_local=1500000 n_ghost=885256 compute_avg_ms=0.104107 compute_min_ms=0.102400 compute_max_ms=0.105472 compute_var_ms=0.000000513 compute_gflops=28.816599 eff_bw_gbs=235.729654 pct_peak_bw=25.2625 comm_avg_ms=0.792052 comm_min_ms=0.775486 comm_max_ms=0.813350 comm_var_ms=0.000102900 total_avg_ms=0.896159 total_min_ms=0.878910 total_max_ms=0.916774 total_var_ms=0.000102336 effective_gflops=3.347621
RESULT comm=ghost_nccl kernel=cusparse matrix=weak_sparse_P4.mtx P=4 rank=1 nrows_local=750000 ncols_global=3000000 nnz_local=1500000 n_ghost=884919 compute_avg_ms=0.105233 compute_min_ms=0.104448 compute_max_ms=0.106496 compute_var_ms=0.000000537 compute_gflops=28.508150 eff_bw_gbs=233.193626 pct_peak_bw=24.9907 comm_avg_ms=0.831095 comm_min_ms=0.790758 comm_max_ms=0.852863 comm_var_ms=0.000160013 total_avg_ms=0.936328 total_min_ms=0.896230 total_max_ms=0.957311 total_var_ms=0.000157053 effective_gflops=3.204005
RESULT comm=ghost_nccl kernel=cusparse matrix=weak_sparse_P4.mtx P=4 rank=2 nrows_local=750000 ncols_global=3000000 nnz_local=1500000 n_ghost=885842 compute_avg_ms=0.102810 compute_min_ms=0.102400 compute_max_ms=0.103424 compute_var_ms=0.000000252 compute_gflops=29.180155 eff_bw_gbs=238.726467 pct_peak_bw=25.5837 comm_avg_ms=0.830552 comm_min_ms=0.797917 comm_max_ms=0.855712 comm_var_ms=0.000190556 total_avg_ms=0.933361 total_min_ms=0.901341 total_max_ms=0.958112 total_var_ms=0.000189818 effective_gflops=3.214190
RESULT comm=ghost_nccl kernel=cusparse matrix=weak_sparse_P4.mtx P=4 rank=3 nrows_local=750000 ncols_global=3000000 nnz_local=1500000 n_ghost=885276 compute_avg_ms=0.104994 compute_min_ms=0.103424 compute_max_ms=0.106496 compute_var_ms=0.000000680 compute_gflops=28.573025 eff_bw_gbs=233.737902 pct_peak_bw=25.0491 comm_avg_ms=0.771405 comm_min_ms=0.757350 comm_max_ms=0.790263 comm_var_ms=0.000079764 total_avg_ms=0.876399 total_min_ms=0.861798 total_max_ms=0.894711 total_var_ms=0.000080267 effective_gflops=3.423098
[ERROR CHECKING] OK!

--- P=4 rep=2/3 driver=spmv_ghost_nccl_acc matrix=matrices_synthetic/weak_sparse_P4.mtx ---
Loaded matrices_synthetic/weak_sparse_P4.mtx: 3000000 x 3000000, 6000000 nnz
[kernel] acc -> LINE-ENHANCE (nnz=1500000, avg_nnz=2.00, imbalance=1.00, V=1)
[kernel] acc -> LINE-ENHANCE (nnz=1500000, avg_nnz=2.00, imbalance=1.00, V=1)
[kernel] acc -> LINE-ENHANCE (nnz=1500000, avg_nnz=2.00, imbalance=1.00, V=1)
[kernel] acc -> LINE-ENHANCE (nnz=1500000, avg_nnz=2.00, imbalance=1.00, V=1)
RESULT comm=ghost_nccl kernel=acc matrix=weak_sparse_P4.mtx P=4 rank=0 nrows_local=750000 ncols_global=3000000 nnz_local=1500000 n_ghost=885256 compute_avg_ms=0.079189 compute_min_ms=0.078848 compute_max_ms=0.079872 compute_var_ms=0.000000233 compute_gflops=37.883892 eff_bw_gbs=309.903214 pct_peak_bw=33.2115 comm_avg_ms=0.786560 comm_min_ms=0.760175 comm_max_ms=0.823359 comm_var_ms=0.000195964 total_avg_ms=0.865749 total_min_ms=0.839023 total_max_ms=0.902207 total_var_ms=0.000195264 effective_gflops=3.465206
RESULT comm=ghost_nccl kernel=acc matrix=weak_sparse_P4.mtx P=4 rank=2 nrows_local=750000 ncols_global=3000000 nnz_local=1500000 n_ghost=885842 compute_avg_ms=0.078131 compute_min_ms=0.077824 compute_max_ms=0.078848 compute_var_ms=0.000000220 compute_gflops=38.396954 eff_bw_gbs=314.130246 pct_peak_bw=33.6645 comm_avg_ms=0.825490 comm_min_ms=0.796844 comm_max_ms=0.853487 comm_var_ms=0.000175330 total_avg_ms=0.903622 total_min_ms=0.875692 total_max_ms=0.931355 total_var_ms=0.000173356 effective_gflops=3.319974
RESULT comm=ghost_nccl kernel=acc matrix=weak_sparse_P4.mtx P=4 rank=1 nrows_local=750000 ncols_global=3000000 nnz_local=1500000 n_ghost=884919 compute_avg_ms=0.080145 compute_min_ms=0.078848 compute_max_ms=0.081920 compute_var_ms=0.000000345 compute_gflops=37.432124 eff_bw_gbs=306.190784 pct_peak_bw=32.8137 comm_avg_ms=0.825353 comm_min_ms=0.804212 comm_max_ms=0.850195 comm_var_ms=0.000136574 total_avg_ms=0.905499 total_min_ms=0.884084 total_max_ms=0.930067 total_var_ms=0.000136965 effective_gflops=3.313092
RESULT comm=ghost_nccl kernel=acc matrix=weak_sparse_P4.mtx P=4 rank=3 nrows_local=750000 ncols_global=3000000 nnz_local=1500000 n_ghost=885276 compute_avg_ms=0.079974 compute_min_ms=0.078848 compute_max_ms=0.080896 compute_var_ms=0.000000304 compute_gflops=37.512005 eff_bw_gbs=306.862056 pct_peak_bw=32.8856 comm_avg_ms=0.773918 comm_min_ms=0.752690 comm_max_ms=0.799960 comm_var_ms=0.000142172 total_avg_ms=0.853893 total_min_ms=0.833586 total_max_ms=0.880856 total_var_ms=0.000143602 effective_gflops=3.513322
[ERROR CHECKING] OK!

--- P=4 rep=2/3 driver=spmv_2d_cusparse matrix=matrices_synthetic/weak_sparse_P4.mtx ---
Grid: P=4 -> P_r=2 x P_c=2
Loaded matrices_synthetic/weak_sparse_P4.mtx: 3000000 x 3000000, 6000000 nnz
RESULT comm=checkerboard_mpi kernel=cusparse matrix=weak_sparse_P4.mtx P=4 rank=0 nrows_local=1500000 ncols_global=3000000 nnz_local=1499241 n_ghost=-1 compute_avg_ms=0.139742 compute_min_ms=0.137216 compute_max_ms=0.144384 compute_var_ms=0.000002358 compute_gflops=21.457292 eff_bw_gbs=214.638123 pct_peak_bw=23.0022 comm_avg_ms=5.516187 comm_min_ms=5.482634 comm_max_ms=5.558641 comm_var_ms=0.000315610 total_avg_ms=5.655929 total_min_ms=5.621898 total_max_ms=5.697905 total_var_ms=0.000322832 effective_gflops=0.530148
RESULT comm=checkerboard_mpi kernel=cusparse matrix=weak_sparse_P4.mtx P=4 rank=1 nrows_local=1500000 ncols_global=3000000 nnz_local=1500759 n_ghost=-1 compute_avg_ms=0.136363 compute_min_ms=0.133120 compute_max_ms=0.144384 compute_var_ms=0.000004480 compute_gflops=22.011289 eff_bw_gbs=220.046127 pct_peak_bw=23.5818 comm_avg_ms=4.163396 comm_min_ms=4.131186 comm_max_ms=4.204172 comm_var_ms=0.000361764 total_avg_ms=4.299758 total_min_ms=4.267378 total_max_ms=4.340364 total_var_ms=0.000357630 effective_gflops=0.698067
RESULT comm=checkerboard_mpi kernel=cusparse matrix=weak_sparse_P4.mtx P=4 rank=2 nrows_local=1500000 ncols_global=3000000 nnz_local=1499720 n_ghost=-1 compute_avg_ms=0.136260 compute_min_ms=0.134144 compute_max_ms=0.139264 compute_var_ms=0.000002023 compute_gflops=22.012580 eff_bw_gbs=220.150487 pct_peak_bw=23.5929 comm_avg_ms=10.257587 comm_min_ms=10.219730 comm_max_ms=10.325196 comm_var_ms=0.000446994 total_avg_ms=10.393848 total_min_ms=10.356946 total_max_ms=10.459340 total_var_ms=0.000446045 effective_gflops=0.288578
RESULT comm=checkerboard_mpi kernel=cusparse matrix=weak_sparse_P4.mtx P=4 rank=3 nrows_local=1500000 ncols_global=3000000 nnz_local=1500280 n_ghost=-1 compute_avg_ms=0.136670 compute_min_ms=0.135168 compute_max_ms=0.143360 compute_var_ms=0.000002708 compute_gflops=21.954803 eff_bw_gbs=219.523476 pct_peak_bw=23.5257 comm_avg_ms=8.543152 comm_min_ms=8.518353 comm_max_ms=8.626685 comm_var_ms=0.000427466 total_avg_ms=8.679822 total_min_ms=8.657553 total_max_ms=8.762877 total_var_ms=0.000419255 effective_gflops=0.345694
[ERROR CHECKING] OK!

--- P=4 rep=2/3 driver=spmv_2d_acc matrix=matrices_synthetic/weak_sparse_P4.mtx ---
Grid: P=4 -> P_r=2 x P_c=2
Loaded matrices_synthetic/weak_sparse_P4.mtx: 3000000 x 3000000, 6000000 nnz
[kernel] acc -> LINE-ENHANCE (nnz=1500280, avg_nnz=1.00, imbalance=2.00, V=1)
[kernel] acc -> LINE-ENHANCE (nnz=1499720, avg_nnz=1.00, imbalance=2.00, V=1)
[kernel] acc -> LINE-ENHANCE (nnz=1499241, avg_nnz=1.00, imbalance=2.00, V=1)
[kernel] acc -> LINE-ENHANCE (nnz=1500759, avg_nnz=1.00, imbalance=2.00, V=1)
RESULT comm=checkerboard_mpi kernel=acc matrix=weak_sparse_P4.mtx P=4 rank=0 nrows_local=1500000 ncols_global=3000000 nnz_local=1499241 n_ghost=-1 compute_avg_ms=0.095642 compute_min_ms=0.094208 compute_max_ms=0.098304 compute_var_ms=0.000000671 compute_gflops=31.351231 eff_bw_gbs=313.607585 pct_peak_bw=33.6085 comm_avg_ms=5.479936 comm_min_ms=5.152636 comm_max_ms=5.534699 comm_var_ms=0.004152893 total_avg_ms=5.575577 total_min_ms=5.247868 total_max_ms=5.629931 total_var_ms=0.004164273 effective_gflops=0.537789
RESULT comm=checkerboard_mpi kernel=acc matrix=weak_sparse_P4.mtx P=4 rank=1 nrows_local=1500000 ncols_global=3000000 nnz_local=1500759 n_ghost=-1 compute_avg_ms=0.094720 compute_min_ms=0.094208 compute_max_ms=0.096256 compute_var_ms=0.000000332 compute_gflops=31.688323 eff_bw_gbs=316.787112 pct_peak_bw=33.9492 comm_avg_ms=4.114678 comm_min_ms=3.829841 comm_max_ms=4.152345 comm_var_ms=0.003138425 total_avg_ms=4.209398 total_min_ms=3.924049 total_max_ms=4.247577 total_var_ms=0.003153728 effective_gflops=0.713052
RESULT comm=checkerboard_mpi kernel=acc matrix=weak_sparse_P4.mtx P=4 rank=2 nrows_local=1500000 ncols_global=3000000 nnz_local=1499720 n_ghost=-1 compute_avg_ms=0.094003 compute_min_ms=0.093184 compute_max_ms=0.095232 compute_var_ms=0.000000377 compute_gflops=31.907849 eff_bw_gbs=319.114279 pct_peak_bw=34.1986 comm_avg_ms=9.320886 comm_min_ms=9.275600 comm_max_ms=9.641384 comm_var_ms=0.004016928 total_avg_ms=9.414889 total_min_ms=9.369808 total_max_ms=9.736616 total_var_ms=0.004053920 effective_gflops=0.318585
RESULT comm=checkerboard_mpi kernel=acc matrix=weak_sparse_P4.mtx P=4 rank=3 nrows_local=1500000 ncols_global=3000000 nnz_local=1500280 n_ghost=-1 compute_avg_ms=0.095437 compute_min_ms=0.094208 compute_max_ms=0.096256 compute_var_ms=0.000000238 compute_gflops=31.440282 eff_bw_gbs=314.367657 pct_peak_bw=33.6899 comm_avg_ms=7.735431 comm_min_ms=7.684549 comm_max_ms=8.070296 comm_var_ms=0.004296614 total_avg_ms=7.830867 total_min_ms=7.780805 total_max_ms=8.165528 total_var_ms=0.004286749 effective_gflops=0.383171
[ERROR CHECKING] OK!

--- P=4 rep=2/3 driver=spmv_2d_nccl_cusparse matrix=matrices_synthetic/weak_sparse_P4.mtx ---
Grid: P=4 -> P_r=2 x P_c=2
Loaded matrices_synthetic/weak_sparse_P4.mtx: 3000000 x 3000000, 6000000 nnz
RESULT comm=checkerboard_nccl kernel=cusparse matrix=weak_sparse_P4.mtx P=4 rank=0 nrows_local=1500000 ncols_global=3000000 nnz_local=1499241 n_ghost=-1 compute_avg_ms=0.137318 compute_min_ms=0.135168 compute_max_ms=0.139264 compute_var_ms=0.000001283 compute_gflops=21.835982 eff_bw_gbs=218.426173 pct_peak_bw=23.4082 comm_avg_ms=0.796482 comm_min_ms=0.775440 comm_max_ms=0.817875 comm_var_ms=0.000104344 total_avg_ms=0.933800 total_min_ms=0.912656 total_max_ms=0.954067 total_var_ms=0.000106803 effective_gflops=3.211053
RESULT comm=checkerboard_nccl kernel=cusparse matrix=weak_sparse_P4.mtx P=4 rank=1 nrows_local=1500000 ncols_global=3000000 nnz_local=1500759 n_ghost=-1 compute_avg_ms=0.135509 compute_min_ms=0.133120 compute_max_ms=0.137216 compute_var_ms=0.000001352 compute_gflops=22.149899 eff_bw_gbs=221.431807 pct_peak_bw=23.7303 comm_avg_ms=0.728328 comm_min_ms=0.710702 comm_max_ms=0.744935 comm_var_ms=0.000075399 total_avg_ms=0.863837 total_min_ms=0.845870 total_max_ms=0.880103 total_var_ms=0.000073042 effective_gflops=3.474635
RESULT comm=checkerboard_nccl kernel=cusparse matrix=weak_sparse_P4.mtx P=4 rank=2 nrows_local=1500000 ncols_global=3000000 nnz_local=1499720 n_ghost=-1 compute_avg_ms=0.133734 compute_min_ms=0.131072 compute_max_ms=0.136192 compute_var_ms=0.000001230 compute_gflops=22.428336 eff_bw_gbs=224.308517 pct_peak_bw=24.0385 comm_avg_ms=0.862389 comm_min_ms=0.833929 comm_max_ms=0.892843 comm_var_ms=0.000124498 total_avg_ms=0.996124 total_min_ms=0.967049 total_max_ms=1.025963 total_var_ms=0.000119307 effective_gflops=3.011112
RESULT comm=checkerboard_nccl kernel=cusparse matrix=weak_sparse_P4.mtx P=4 rank=3 nrows_local=1500000 ncols_global=3000000 nnz_local=1500280 n_ghost=-1 compute_avg_ms=0.136602 compute_min_ms=0.133120 compute_max_ms=0.139264 compute_var_ms=0.000002209 compute_gflops=21.965775 eff_bw_gbs=219.633183 pct_peak_bw=23.5375 comm_avg_ms=0.789189 comm_min_ms=0.761030 comm_max_ms=0.812793 comm_var_ms=0.000088118 total_avg_ms=0.925791 total_min_ms=0.897222 total_max_ms=0.951033 total_var_ms=0.000093666 effective_gflops=3.241077
[ERROR CHECKING] OK!

--- P=4 rep=2/3 driver=spmv_2d_nccl_acc matrix=matrices_synthetic/weak_sparse_P4.mtx ---
Grid: P=4 -> P_r=2 x P_c=2
Loaded matrices_synthetic/weak_sparse_P4.mtx: 3000000 x 3000000, 6000000 nnz
[kernel] acc -> LINE-ENHANCE (nnz=1499720, avg_nnz=1.00, imbalance=2.00, V=1)
[kernel] acc -> LINE-ENHANCE (nnz=1500280, avg_nnz=1.00, imbalance=2.00, V=1)
[kernel] acc -> LINE-ENHANCE (nnz=1500759, avg_nnz=1.00, imbalance=2.00, V=1)
[kernel] acc -> LINE-ENHANCE (nnz=1499241, avg_nnz=1.00, imbalance=2.00, V=1)
RESULT comm=checkerboard_nccl kernel=acc matrix=weak_sparse_P4.mtx P=4 rank=0 nrows_local=1500000 ncols_global=3000000 nnz_local=1499241 n_ghost=-1 compute_avg_ms=0.095369 compute_min_ms=0.094208 compute_max_ms=0.096256 compute_var_ms=0.000000331 compute_gflops=31.440999 eff_bw_gbs=314.505531 pct_peak_bw=33.7047 comm_avg_ms=0.794243 comm_min_ms=0.770765 comm_max_ms=0.816345 comm_var_ms=0.000126172 total_avg_ms=0.889612 total_min_ms=0.865997 total_max_ms=0.911178 total_var_ms=0.000124165 effective_gflops=3.370552
RESULT comm=checkerboard_nccl kernel=acc matrix=weak_sparse_P4.mtx P=4 rank=1 nrows_local=1500000 ncols_global=3000000 nnz_local=1500759 n_ghost=-1 compute_avg_ms=0.094857 compute_min_ms=0.094208 compute_max_ms=0.096256 compute_var_ms=0.000000313 compute_gflops=31.642712 eff_bw_gbs=316.331139 pct_peak_bw=33.9004 comm_avg_ms=0.725583 comm_min_ms=0.707523 comm_max_ms=0.749969 comm_var_ms=0.000095037 total_avg_ms=0.820440 total_min_ms=0.802755 total_max_ms=0.844177 total_var_ms=0.000091806 effective_gflops=3.658425
RESULT comm=checkerboard_nccl kernel=acc matrix=weak_sparse_P4.mtx P=4 rank=2 nrows_local=1500000 ncols_global=3000000 nnz_local=1499720 n_ghost=-1 compute_avg_ms=0.093286 compute_min_ms=0.092160 compute_max_ms=0.094208 compute_var_ms=0.000000444 compute_gflops=32.153025 eff_bw_gbs=321.566310 pct_peak_bw=34.4614 comm_avg_ms=0.862553 comm_min_ms=0.843425 comm_max_ms=0.895495 comm_var_ms=0.000143912 total_avg_ms=0.955839 total_min_ms=0.937633 total_max_ms=0.989703 total_var_ms=0.000144662 effective_gflops=3.138018
RESULT comm=checkerboard_nccl kernel=acc matrix=weak_sparse_P4.mtx P=4 rank=3 nrows_local=1500000 ncols_global=3000000 nnz_local=1500280 n_ghost=-1 compute_avg_ms=0.094891 compute_min_ms=0.094208 compute_max_ms=0.095232 compute_var_ms=0.000000233 compute_gflops=31.621233 eff_bw_gbs=316.176968 pct_peak_bw=33.8838 comm_avg_ms=0.788460 comm_min_ms=0.767408 comm_max_ms=0.814792 comm_var_ms=0.000111988 total_avg_ms=0.883351 total_min_ms=0.862640 total_max_ms=0.910024 total_var_ms=0.000109661 effective_gflops=3.396793
[ERROR CHECKING] OK!

--- P=4 rep=3/3 driver=spmv_bcast matrix=matrices_synthetic/weak_sparse_P4.mtx ---
Loaded matrices_synthetic/weak_sparse_P4.mtx: 3000000 x 3000000, 6000000 nnz
RESULT comm=bcast kernel=cusparse matrix=weak_sparse_P4.mtx P=4 rank=0 nrows_local=750000 ncols_global=3000000 nnz_local=1500000 n_ghost=-1 compute_avg_ms=0.121173 compute_min_ms=0.115712 compute_max_ms=0.174080 compute_var_ms=0.000105021 compute_gflops=24.757922 eff_bw_gbs=247.579255 pct_peak_bw=26.5324 comm_avg_ms=4.741762 comm_min_ms=4.722116 comm_max_ms=4.781649 comm_var_ms=0.000239121 total_avg_ms=4.862935 total_min_ms=4.839876 total_max_ms=4.918233 total_var_ms=0.000339159 effective_gflops=0.616911
RESULT comm=bcast kernel=cusparse matrix=weak_sparse_P4.mtx P=4 rank=1 nrows_local=750000 ncols_global=3000000 nnz_local=1500000 n_ghost=-1 compute_avg_ms=0.115746 compute_min_ms=0.112640 compute_max_ms=0.126976 compute_var_ms=0.000006954 compute_gflops=25.918792 eff_bw_gbs=259.187955 pct_peak_bw=27.7765 comm_avg_ms=6.451367 comm_min_ms=6.422655 comm_max_ms=6.495245 comm_var_ms=0.000237220 total_avg_ms=6.567113 total_min_ms=6.537343 total_max_ms=6.613005 total_var_ms=0.000243994 effective_gflops=0.456822
RESULT comm=bcast kernel=cusparse matrix=weak_sparse_P4.mtx P=4 rank=2 nrows_local=750000 ncols_global=3000000 nnz_local=1500000 n_ghost=-1 compute_avg_ms=0.105677 compute_min_ms=0.103424 compute_max_ms=0.115712 compute_var_ms=0.000006389 compute_gflops=28.388445 eff_bw_gbs=283.884489 pct_peak_bw=30.4231 comm_avg_ms=7.157904 comm_min_ms=7.122170 comm_max_ms=7.451040 comm_var_ms=0.003293593 total_avg_ms=7.263580 total_min_ms=7.226618 total_max_ms=7.566752 total_var_ms=0.003512190 effective_gflops=0.413019
RESULT comm=bcast kernel=cusparse matrix=weak_sparse_P4.mtx P=4 rank=3 nrows_local=750000 ncols_global=3000000 nnz_local=1500000 n_ghost=-1 compute_avg_ms=0.106906 compute_min_ms=0.105472 compute_max_ms=0.112640 compute_var_ms=0.000002209 compute_gflops=28.062141 eff_bw_gbs=280.621448 pct_peak_bw=30.0735 comm_avg_ms=7.390733 comm_min_ms=7.353040 comm_max_ms=7.664572 comm_var_ms=0.002845803 total_avg_ms=7.497639 total_min_ms=7.458512 total_max_ms=7.777212 total_var_ms=0.002972177 effective_gflops=0.400126
[ERROR CHECKING] OK!

--- P=4 rep=3/3 driver=spmv_ghost_cusparse matrix=matrices_synthetic/weak_sparse_P4.mtx ---
Loaded matrices_synthetic/weak_sparse_P4.mtx: 3000000 x 3000000, 6000000 nnz
RESULT comm=ghost_mpi kernel=cusparse matrix=weak_sparse_P4.mtx P=4 rank=0 nrows_local=750000 ncols_global=3000000 nnz_local=1500000 n_ghost=885256 compute_avg_ms=0.103629 compute_min_ms=0.096256 compute_max_ms=0.105472 compute_var_ms=0.000002195 compute_gflops=28.949482 eff_bw_gbs=236.816681 pct_peak_bw=25.3790 comm_avg_ms=3.316480 comm_min_ms=2.509989 comm_max_ms=4.749196 comm_var_ms=0.427233748 total_avg_ms=3.420109 total_min_ms=2.613413 total_max_ms=4.854668 total_var_ms=0.427173675 effective_gflops=0.877165
RESULT comm=ghost_mpi kernel=cusparse matrix=weak_sparse_P4.mtx P=4 rank=1 nrows_local=750000 ncols_global=3000000 nnz_local=1500000 n_ghost=884919 compute_avg_ms=0.104960 compute_min_ms=0.103424 compute_max_ms=0.105472 compute_var_ms=0.000000332 compute_gflops=28.582318 eff_bw_gbs=233.800309 pct_peak_bw=25.0558 comm_avg_ms=3.969219 comm_min_ms=2.068839 comm_max_ms=4.810636 comm_var_ms=0.457210298 total_avg_ms=4.074179 total_min_ms=2.173287 total_max_ms=4.915084 total_var_ms=0.457183735 effective_gflops=0.736345
RESULT comm=ghost_mpi kernel=cusparse matrix=weak_sparse_P4.mtx P=4 rank=2 nrows_local=750000 ncols_global=3000000 nnz_local=1500000 n_ghost=885842 compute_avg_ms=0.094447 compute_min_ms=0.086016 compute_max_ms=0.103424 compute_var_ms=0.000062543 compute_gflops=31.763869 eff_bw_gbs=259.864154 pct_peak_bw=27.8490 comm_avg_ms=3.566000 comm_min_ms=2.549779 comm_max_ms=4.837485 comm_var_ms=0.781335017 total_avg_ms=3.660447 total_min_ms=2.635795 total_max_ms=4.939885 total_var_ms=0.792638723 effective_gflops=0.819572
RESULT comm=ghost_mpi kernel=cusparse matrix=weak_sparse_P4.mtx P=4 rank=3 nrows_local=750000 ncols_global=3000000 nnz_local=1500000 n_ghost=885276 compute_avg_ms=0.104619 compute_min_ms=0.103424 compute_max_ms=0.105472 compute_var_ms=0.000000285 compute_gflops=28.675571 eff_bw_gbs=234.576765 pct_peak_bw=25.1390 comm_avg_ms=4.106086 comm_min_ms=2.659359 comm_max_ms=4.837944 comm_var_ms=0.390592372 total_avg_ms=4.210705 total_min_ms=2.764831 total_max_ms=4.943416 total_var_ms=0.390439662 effective_gflops=0.712470
[ERROR CHECKING] OK!

--- P=4 rep=3/3 driver=spmv_ghost_acc matrix=matrices_synthetic/weak_sparse_P4.mtx ---
Loaded matrices_synthetic/weak_sparse_P4.mtx: 3000000 x 3000000, 6000000 nnz
[kernel] acc -> LINE-ENHANCE (nnz=1500000, avg_nnz=2.00, imbalance=1.00, V=1)
[kernel] acc -> LINE-ENHANCE (nnz=1500000, avg_nnz=2.00, imbalance=1.00, V=1)
[kernel] acc -> LINE-ENHANCE (nnz=1500000, avg_nnz=2.00, imbalance=1.00, V=1)
[kernel] acc -> LINE-ENHANCE (nnz=1500000, avg_nnz=2.00, imbalance=1.00, V=1)
RESULT comm=ghost_mpi kernel=acc matrix=weak_sparse_P4.mtx P=4 rank=1 nrows_local=750000 ncols_global=3000000 nnz_local=1500000 n_ghost=884919 compute_avg_ms=0.075435 compute_min_ms=0.069632 compute_max_ms=0.080896 compute_var_ms=0.000028055 compute_gflops=39.769514 eff_bw_gbs=325.310381 pct_peak_bw=34.8627 comm_avg_ms=3.647539 comm_min_ms=2.138436 comm_max_ms=4.834242 comm_var_ms=0.412828101 total_avg_ms=3.722974 total_min_ms=2.210116 total_max_ms=4.915138 total_var_ms=0.417466655 effective_gflops=0.805807
RESULT comm=ghost_mpi kernel=acc matrix=weak_sparse_P4.mtx P=4 rank=2 nrows_local=750000 ncols_global=3000000 nnz_local=1500000 n_ghost=885842 compute_avg_ms=0.078404 compute_min_ms=0.076800 compute_max_ms=0.079872 compute_var_ms=0.000000467 compute_gflops=38.263225 eff_bw_gbs=313.036190 pct_peak_bw=33.5473 comm_avg_ms=4.217848 comm_min_ms=3.052317 comm_max_ms=4.895779 comm_var_ms=0.177110086 total_avg_ms=4.296252 total_min_ms=3.130141 total_max_ms=4.975651 total_var_ms=0.177201668 effective_gflops=0.698283
RESULT comm=ghost_mpi kernel=acc matrix=weak_sparse_P4.mtx P=4 rank=0 nrows_local=750000 ncols_global=3000000 nnz_local=1500000 n_ghost=885256 compute_avg_ms=0.079258 compute_min_ms=0.077824 compute_max_ms=0.079872 compute_var_ms=0.000000322 compute_gflops=37.851261 eff_bw_gbs=309.636286 pct_peak_bw=33.1829 comm_avg_ms=3.548662 comm_min_ms=2.126584 comm_max_ms=4.897329 comm_var_ms=0.819997268 total_avg_ms=3.627920 total_min_ms=2.205432 total_max_ms=4.976177 total_var_ms=0.819924891 effective_gflops=0.826920
RESULT comm=ghost_mpi kernel=acc matrix=weak_sparse_P4.mtx P=4 rank=3 nrows_local=750000 ncols_global=3000000 nnz_local=1500000 n_ghost=885276 compute_avg_ms=0.077039 compute_min_ms=0.055296 compute_max_ms=0.080896 compute_var_ms=0.000071281 compute_gflops=38.941350 eff_bw_gbs=318.554627 pct_peak_bw=34.1387 comm_avg_ms=4.098961 comm_min_ms=2.542795 comm_max_ms=4.897031 comm_var_ms=0.482958134 total_avg_ms=4.176000 total_min_ms=2.598091 total_max_ms=4.976903 total_var_ms=0.490008500 effective_gflops=0.718391
[ERROR CHECKING] OK!

--- P=4 rep=3/3 driver=spmv_ghost_nccl_cusparse matrix=matrices_synthetic/weak_sparse_P4.mtx ---
Loaded matrices_synthetic/weak_sparse_P4.mtx: 3000000 x 3000000, 6000000 nnz
RESULT comm=ghost_nccl kernel=cusparse matrix=weak_sparse_P4.mtx P=4 rank=0 nrows_local=750000 ncols_global=3000000 nnz_local=1500000 n_ghost=885256 compute_avg_ms=0.104107 compute_min_ms=0.102400 compute_max_ms=0.106496 compute_var_ms=0.000000792 compute_gflops=28.816599 eff_bw_gbs=235.729654 pct_peak_bw=25.2625 comm_avg_ms=0.787716 comm_min_ms=0.768564 comm_max_ms=0.804694 comm_var_ms=0.000086005 total_avg_ms=0.891823 total_min_ms=0.873012 total_max_ms=0.908118 total_var_ms=0.000080443 effective_gflops=3.363897
RESULT comm=ghost_nccl kernel=cusparse matrix=weak_sparse_P4.mtx P=4 rank=1 nrows_local=750000 ncols_global=3000000 nnz_local=1500000 n_ghost=884919 compute_avg_ms=0.105438 compute_min_ms=0.104448 compute_max_ms=0.106496 compute_var_ms=0.000000383 compute_gflops=28.452776 eff_bw_gbs=232.740676 pct_peak_bw=24.9422 comm_avg_ms=0.827736 comm_min_ms=0.808539 comm_max_ms=0.853197 comm_var_ms=0.000086988 total_avg_ms=0.933174 total_min_ms=0.914011 total_max_ms=0.958669 total_var_ms=0.000086508 effective_gflops=3.214836
RESULT comm=ghost_nccl kernel=cusparse matrix=weak_sparse_P4.mtx P=4 rank=2 nrows_local=750000 ncols_global=3000000 nnz_local=1500000 n_ghost=885842 compute_avg_ms=0.102946 compute_min_ms=0.101376 compute_max_ms=0.104448 compute_var_ms=0.000000541 compute_gflops=29.141455 eff_bw_gbs=238.409854 pct_peak_bw=25.5498 comm_avg_ms=0.824750 comm_min_ms=0.801408 comm_max_ms=0.845211 comm_var_ms=0.000123520 total_avg_ms=0.927696 total_min_ms=0.903808 total_max_ms=0.948635 total_var_ms=0.000122979 effective_gflops=3.233819
RESULT comm=ghost_nccl kernel=cusparse matrix=weak_sparse_P4.mtx P=4 rank=3 nrows_local=750000 ncols_global=3000000 nnz_local=1500000 n_ghost=885276 compute_avg_ms=0.104687 compute_min_ms=0.103424 compute_max_ms=0.105472 compute_var_ms=0.000000397 compute_gflops=28.656872 eff_bw_gbs=234.423797 pct_peak_bw=25.1226 comm_avg_ms=0.775799 comm_min_ms=0.723020 comm_max_ms=0.795429 comm_var_ms=0.000200468 total_avg_ms=0.880486 total_min_ms=0.827468 total_max_ms=0.899877 total_var_ms=0.000198785 effective_gflops=3.407210
[ERROR CHECKING] OK!

--- P=4 rep=3/3 driver=spmv_ghost_nccl_acc matrix=matrices_synthetic/weak_sparse_P4.mtx ---
Loaded matrices_synthetic/weak_sparse_P4.mtx: 3000000 x 3000000, 6000000 nnz
[kernel] acc -> LINE-ENHANCE (nnz=1500000, avg_nnz=2.00, imbalance=1.00, V=1)
[kernel] acc -> LINE-ENHANCE (nnz=1500000, avg_nnz=2.00, imbalance=1.00, V=1)
[kernel] acc -> LINE-ENHANCE (nnz=1500000, avg_nnz=2.00, imbalance=1.00, V=1)
[kernel] acc -> LINE-ENHANCE (nnz=1500000, avg_nnz=2.00, imbalance=1.00, V=1)
RESULT comm=ghost_nccl kernel=acc matrix=weak_sparse_P4.mtx P=4 rank=0 nrows_local=750000 ncols_global=3000000 nnz_local=1500000 n_ghost=885256 compute_avg_ms=0.079189 compute_min_ms=0.077824 compute_max_ms=0.079872 compute_var_ms=0.000000303 compute_gflops=37.883892 eff_bw_gbs=309.903214 pct_peak_bw=33.2115 comm_avg_ms=0.789025 comm_min_ms=0.766497 comm_max_ms=0.804293 comm_var_ms=0.000100995 total_avg_ms=0.868215 total_min_ms=0.845345 total_max_ms=0.884165 total_var_ms=0.000101931 effective_gflops=3.455367
RESULT comm=ghost_nccl kernel=acc matrix=weak_sparse_P4.mtx P=4 rank=1 nrows_local=750000 ncols_global=3000000 nnz_local=1500000 n_ghost=884919 compute_avg_ms=0.080077 compute_min_ms=0.078848 compute_max_ms=0.080896 compute_var_ms=0.000000308 compute_gflops=37.464036 eff_bw_gbs=306.451817 pct_peak_bw=32.8416 comm_avg_ms=0.822027 comm_min_ms=0.804610 comm_max_ms=0.843806 comm_var_ms=0.000110521 total_avg_ms=0.902103 total_min_ms=0.883458 total_max_ms=0.924702 total_var_ms=0.000112662 effective_gflops=3.325561
RESULT comm=ghost_nccl kernel=acc matrix=weak_sparse_P4.mtx P=4 rank=2 nrows_local=750000 ncols_global=3000000 nnz_local=1500000 n_ghost=885842 compute_avg_ms=0.078063 compute_min_ms=0.077824 compute_max_ms=0.078848 compute_var_ms=0.000000188 compute_gflops=38.430533 eff_bw_gbs=314.404955 pct_peak_bw=33.6939 comm_avg_ms=0.825690 comm_min_ms=0.802306 comm_max_ms=0.841978 comm_var_ms=0.000118418 total_avg_ms=0.903753 total_min_ms=0.880130 total_max_ms=0.919802 total_var_ms=0.000119279 effective_gflops=3.319490
RESULT comm=ghost_nccl kernel=acc matrix=weak_sparse_P4.mtx P=4 rank=3 nrows_local=750000 ncols_global=3000000 nnz_local=1500000 n_ghost=885276 compute_avg_ms=0.079804 compute_min_ms=0.078848 compute_max_ms=0.080896 compute_var_ms=0.000000415 compute_gflops=37.592228 eff_bw_gbs=307.518306 pct_peak_bw=32.9559 comm_avg_ms=0.771738 comm_min_ms=0.752176 comm_max_ms=0.791146 comm_var_ms=0.000094002 total_avg_ms=0.851542 total_min_ms=0.832048 total_max_ms=0.871018 total_var_ms=0.000096807 effective_gflops=3.523022
[ERROR CHECKING] OK!

--- P=4 rep=3/3 driver=spmv_2d_cusparse matrix=matrices_synthetic/weak_sparse_P4.mtx ---
Grid: P=4 -> P_r=2 x P_c=2
Loaded matrices_synthetic/weak_sparse_P4.mtx: 3000000 x 3000000, 6000000 nnz
RESULT comm=checkerboard_mpi kernel=cusparse matrix=weak_sparse_P4.mtx P=4 rank=0 nrows_local=1500000 ncols_global=3000000 nnz_local=1499241 n_ghost=-1 compute_avg_ms=0.140049 compute_min_ms=0.137216 compute_max_ms=0.143360 compute_var_ms=0.000001865 compute_gflops=21.410225 eff_bw_gbs=214.167311 pct_peak_bw=22.9517 comm_avg_ms=5.872829 comm_min_ms=5.850412 comm_max_ms=5.895671 comm_var_ms=0.000124692 total_avg_ms=6.012878 total_min_ms=5.990700 total_max_ms=6.035959 total_var_ms=0.000131094 effective_gflops=0.498677
RESULT comm=checkerboard_mpi kernel=cusparse matrix=weak_sparse_P4.mtx P=4 rank=1 nrows_local=1500000 ncols_global=3000000 nnz_local=1500759 n_ghost=-1 compute_avg_ms=0.135782 compute_min_ms=0.134144 compute_max_ms=0.138240 compute_var_ms=0.000001370 compute_gflops=22.105354 eff_bw_gbs=220.986494 pct_peak_bw=23.6825 comm_avg_ms=4.211554 comm_min_ms=4.190057 comm_max_ms=4.261898 comm_var_ms=0.000235788 total_avg_ms=4.347336 total_min_ms=4.324909 total_max_ms=4.398090 total_var_ms=0.000241520 effective_gflops=0.690427
RESULT comm=checkerboard_mpi kernel=cusparse matrix=weak_sparse_P4.mtx P=4 rank=2 nrows_local=1500000 ncols_global=3000000 nnz_local=1499720 n_ghost=-1 compute_avg_ms=0.136602 compute_min_ms=0.134144 compute_max_ms=0.140288 compute_var_ms=0.000001720 compute_gflops=21.957576 eff_bw_gbs=219.600389 pct_peak_bw=23.5340 comm_avg_ms=8.755169 comm_min_ms=8.714849 comm_max_ms=8.861914 comm_var_ms=0.000866826 total_avg_ms=8.891770 total_min_ms=8.851041 total_max_ms=8.997082 total_var_ms=0.000859742 effective_gflops=0.337328
RESULT comm=checkerboard_mpi kernel=cusparse matrix=weak_sparse_P4.mtx P=4 rank=3 nrows_local=1500000 ncols_global=3000000 nnz_local=1500280 n_ghost=-1 compute_avg_ms=0.136533 compute_min_ms=0.134144 compute_max_ms=0.140288 compute_var_ms=0.000002400 compute_gflops=21.976758 eff_bw_gbs=219.743003 pct_peak_bw=23.5493 comm_avg_ms=7.170420 comm_min_ms=7.137161 comm_max_ms=7.281744 comm_var_ms=0.000732967 total_avg_ms=7.306953 total_min_ms=7.273353 total_max_ms=7.419984 total_var_ms=0.000741922 effective_gflops=0.410644
[ERROR CHECKING] OK!

--- P=4 rep=3/3 driver=spmv_2d_acc matrix=matrices_synthetic/weak_sparse_P4.mtx ---
Grid: P=4 -> P_r=2 x P_c=2
Loaded matrices_synthetic/weak_sparse_P4.mtx: 3000000 x 3000000, 6000000 nnz
[kernel] acc -> LINE-ENHANCE (nnz=1500280, avg_nnz=1.00, imbalance=2.00, V=1)
[kernel] acc -> LINE-ENHANCE (nnz=1499720, avg_nnz=1.00, imbalance=2.00, V=1)
[kernel] acc -> LINE-ENHANCE (nnz=1499241, avg_nnz=1.00, imbalance=2.00, V=1)
[kernel] acc -> LINE-ENHANCE (nnz=1500759, avg_nnz=1.00, imbalance=2.00, V=1)
RESULT comm=checkerboard_mpi kernel=acc matrix=weak_sparse_P4.mtx P=4 rank=0 nrows_local=1500000 ncols_global=3000000 nnz_local=1499241 n_ghost=-1 compute_avg_ms=0.095369 compute_min_ms=0.094208 compute_max_ms=0.096256 compute_var_ms=0.000000401 compute_gflops=31.440999 eff_bw_gbs=314.505531 pct_peak_bw=33.7047 comm_avg_ms=6.631639 comm_min_ms=6.560137 comm_max_ms=6.694728 comm_var_ms=0.001014595 total_avg_ms=6.727007 total_min_ms=6.655369 total_max_ms=6.789960 total_var_ms=0.001011939 effective_gflops=0.445738
RESULT comm=checkerboard_mpi kernel=acc matrix=weak_sparse_P4.mtx P=4 rank=1 nrows_local=1500000 ncols_global=3000000 nnz_local=1500759 n_ghost=-1 compute_avg_ms=0.094822 compute_min_ms=0.094208 compute_max_ms=0.095232 compute_var_ms=0.000000252 compute_gflops=31.654102 eff_bw_gbs=316.445010 pct_peak_bw=33.9126 comm_avg_ms=5.029453 comm_min_ms=5.008742 comm_max_ms=5.055977 comm_var_ms=0.000162718 total_avg_ms=5.124276 total_min_ms=5.102950 total_max_ms=5.150185 total_var_ms=0.000164414 effective_gflops=0.585745
RESULT comm=checkerboard_mpi kernel=acc matrix=weak_sparse_P4.mtx P=4 rank=2 nrows_local=1500000 ncols_global=3000000 nnz_local=1499720 n_ghost=-1 compute_avg_ms=0.094276 compute_min_ms=0.093184 compute_max_ms=0.095232 compute_var_ms=0.000000275 compute_gflops=31.815430 eff_bw_gbs=318.189979 pct_peak_bw=34.0996 comm_avg_ms=9.061088 comm_min_ms=9.010305 comm_max_ms=9.110532 comm_var_ms=0.000538077 total_avg_ms=9.155364 total_min_ms=9.105537 total_max_ms=9.204740 total_var_ms=0.000541756 effective_gflops=0.327616
RESULT comm=checkerboard_mpi kernel=acc matrix=weak_sparse_P4.mtx P=4 rank=3 nrows_local=1500000 ncols_global=3000000 nnz_local=1500280 n_ghost=-1 compute_avg_ms=0.095369 compute_min_ms=0.094208 compute_max_ms=0.096256 compute_var_ms=0.000000331 compute_gflops=31.462788 eff_bw_gbs=314.592688 pct_peak_bw=33.7141 comm_avg_ms=7.487533 comm_min_ms=7.452765 comm_max_ms=7.536757 comm_var_ms=0.000479494 total_avg_ms=7.582902 total_min_ms=7.547997 total_max_ms=7.631989 total_var_ms=0.000481649 effective_gflops=0.395701
[ERROR CHECKING] OK!

--- P=4 rep=3/3 driver=spmv_2d_nccl_cusparse matrix=matrices_synthetic/weak_sparse_P4.mtx ---
Grid: P=4 -> P_r=2 x P_c=2
Loaded matrices_synthetic/weak_sparse_P4.mtx: 3000000 x 3000000, 6000000 nnz
RESULT comm=checkerboard_nccl kernel=cusparse matrix=weak_sparse_P4.mtx P=4 rank=0 nrows_local=1500000 ncols_global=3000000 nnz_local=1499241 n_ghost=-1 compute_avg_ms=0.137284 compute_min_ms=0.134144 compute_max_ms=0.140288 compute_var_ms=0.000002582 compute_gflops=21.841411 eff_bw_gbs=218.480481 pct_peak_bw=23.4140 comm_avg_ms=0.794711 comm_min_ms=0.781764 comm_max_ms=0.812824 comm_var_ms=0.000081728 total_avg_ms=0.931995 total_min_ms=0.916074 total_max_ms=0.951064 total_var_ms=0.000080107 effective_gflops=3.217271
RESULT comm=checkerboard_nccl kernel=cusparse matrix=weak_sparse_P4.mtx P=4 rank=1 nrows_local=1500000 ncols_global=3000000 nnz_local=1500759 n_ghost=-1 compute_avg_ms=0.135305 compute_min_ms=0.132096 compute_max_ms=0.137216 compute_var_ms=0.000001659 compute_gflops=22.183426 eff_bw_gbs=221.766972 pct_peak_bw=23.7662 comm_avg_ms=0.727650 comm_min_ms=0.711708 comm_max_ms=0.746501 comm_var_ms=0.000057427 total_avg_ms=0.862955 total_min_ms=0.848924 total_max_ms=0.881669 total_var_ms=0.000062538 effective_gflops=3.478186
RESULT comm=checkerboard_nccl kernel=cusparse matrix=weak_sparse_P4.mtx P=4 rank=2 nrows_local=1500000 ncols_global=3000000 nnz_local=1499720 n_ghost=-1 compute_avg_ms=0.133291 compute_min_ms=0.131072 compute_max_ms=0.136192 compute_var_ms=0.000002103 compute_gflops=22.503001 eff_bw_gbs=225.055252 pct_peak_bw=24.1186 comm_avg_ms=0.870083 comm_min_ms=0.853513 comm_max_ms=0.897100 comm_var_ms=0.000138038 total_avg_ms=1.003373 total_min_ms=0.985609 total_max_ms=1.030220 total_var_ms=0.000138392 effective_gflops=2.989356
RESULT comm=checkerboard_nccl kernel=cusparse matrix=weak_sparse_P4.mtx P=4 rank=3 nrows_local=1500000 ncols_global=3000000 nnz_local=1500280 n_ghost=-1 compute_avg_ms=0.136465 compute_min_ms=0.134144 compute_max_ms=0.139264 compute_var_ms=0.000002023 compute_gflops=21.987752 eff_bw_gbs=219.852928 pct_peak_bw=23.5611 comm_avg_ms=0.796132 comm_min_ms=0.783764 comm_max_ms=0.816991 comm_var_ms=0.000078986 total_avg_ms=0.932597 total_min_ms=0.920066 total_max_ms=0.955231 total_var_ms=0.000079937 effective_gflops=3.217423
[ERROR CHECKING] OK!

--- P=4 rep=3/3 driver=spmv_2d_nccl_acc matrix=matrices_synthetic/weak_sparse_P4.mtx ---
Grid: P=4 -> P_r=2 x P_c=2
Loaded matrices_synthetic/weak_sparse_P4.mtx: 3000000 x 3000000, 6000000 nnz
[kernel] acc -> LINE-ENHANCE (nnz=1499720, avg_nnz=1.00, imbalance=2.00, V=1)
[kernel] acc -> LINE-ENHANCE (nnz=1500280, avg_nnz=1.00, imbalance=2.00, V=1)
[kernel] acc -> LINE-ENHANCE (nnz=1499241, avg_nnz=1.00, imbalance=2.00, V=1)
[kernel] acc -> LINE-ENHANCE (nnz=1500759, avg_nnz=1.00, imbalance=2.00, V=1)
RESULT comm=checkerboard_nccl kernel=acc matrix=weak_sparse_P4.mtx P=4 rank=0 nrows_local=1500000 ncols_global=3000000 nnz_local=1499241 n_ghost=-1 compute_avg_ms=0.095437 compute_min_ms=0.094208 compute_max_ms=0.096256 compute_var_ms=0.000000377 compute_gflops=31.418509 eff_bw_gbs=314.280563 pct_peak_bw=33.6806 comm_avg_ms=0.788463 comm_min_ms=0.743170 comm_max_ms=0.818182 comm_var_ms=0.000257829 total_avg_ms=0.883900 total_min_ms=0.838402 total_max_ms=0.914438 total_var_ms=0.000252708 effective_gflops=3.392331
RESULT comm=checkerboard_nccl kernel=acc matrix=weak_sparse_P4.mtx P=4 rank=1 nrows_local=1500000 ncols_global=3000000 nnz_local=1500759 n_ghost=-1 compute_avg_ms=0.094652 compute_min_ms=0.094208 compute_max_ms=0.096256 compute_var_ms=0.000000327 compute_gflops=31.711178 eff_bw_gbs=317.015592 pct_peak_bw=33.9737 comm_avg_ms=0.721590 comm_min_ms=0.705784 comm_max_ms=0.747356 comm_var_ms=0.000124453 total_avg_ms=0.816242 total_min_ms=0.799992 total_max_ms=0.841564 total_var_ms=0.000123799 effective_gflops=3.677239
RESULT comm=checkerboard_nccl kernel=acc matrix=weak_sparse_P4.mtx P=4 rank=2 nrows_local=1500000 ncols_global=3000000 nnz_local=1499720 n_ghost=-1 compute_avg_ms=0.093321 compute_min_ms=0.092160 compute_max_ms=0.094208 compute_var_ms=0.000000261 compute_gflops=32.141264 eff_bw_gbs=321.448693 pct_peak_bw=34.4488 comm_avg_ms=0.858454 comm_min_ms=0.832868 comm_max_ms=0.889575 comm_var_ms=0.000176687 total_avg_ms=0.951774 total_min_ms=0.926052 total_max_ms=0.982759 total_var_ms=0.000177936 effective_gflops=3.151419
RESULT comm=checkerboard_nccl kernel=acc matrix=weak_sparse_P4.mtx P=4 rank=3 nrows_local=1500000 ncols_global=3000000 nnz_local=1500280 n_ghost=-1 compute_avg_ms=0.094652 compute_min_ms=0.094208 compute_max_ms=0.095232 compute_var_ms=0.000000257 compute_gflops=31.701056 eff_bw_gbs=316.975107 pct_peak_bw=33.9694 comm_avg_ms=0.789318 comm_min_ms=0.769059 comm_max_ms=0.819906 comm_var_ms=0.000128820 total_avg_ms=0.883969 total_min_ms=0.863267 total_max_ms=0.915138 total_var_ms=0.000128935 effective_gflops=3.394416
[ERROR CHECKING] OK!

=== Job done ===
