--------------------------------------------------------------------------
The call to cuMemHostRegister(0x7fac07e00008, 134217728, 0) failed.
  Host:  edu01
  cuMemHostRegister return value:  1
  Registration cache:  smcuda
--------------------------------------------------------------------------
[edu01:2106028] 3 more processes have sent help message help-mpi-common-cuda.txt / cuMemHostRegister during init failed
[edu01:2106028] Set MCA parameter "orte_base_help_aggregate" to 0 to see all help / error messages
--------------------------------------------------------------------------
The call to cuMemHostRegister(0x7f98e7e00008, 134217728, 0) failed.
  Host:  edu01
  cuMemHostRegister return value:  1
  Registration cache:  smcuda
--------------------------------------------------------------------------
[edu01:2106064] 3 more processes have sent help message help-mpi-common-cuda.txt / cuMemHostRegister during init failed
[edu01:2106064] Set MCA parameter "orte_base_help_aggregate" to 0 to see all help / error messages
--------------------------------------------------------------------------
The call to cuMemHostRegister(0x7feb9fe00008, 134217728, 0) failed.
  Host:  edu01
  cuMemHostRegister return value:  1
  Registration cache:  smcuda
--------------------------------------------------------------------------
[edu01:2106215] 3 more processes have sent help message help-mpi-common-cuda.txt / cuMemHostRegister during init failed
[edu01:2106215] Set MCA parameter "orte_base_help_aggregate" to 0 to see all help / error messages
--------------------------------------------------------------------------
The call to cuMemHostRegister(0x7f097be00008, 134217728, 0) failed.
  Host:  edu01
  cuMemHostRegister return value:  1
  Registration cache:  smcuda
--------------------------------------------------------------------------
[edu01:2106251] 3 more processes have sent help message help-mpi-common-cuda.txt / cuMemHostRegister during init failed
[edu01:2106251] Set MCA parameter "orte_base_help_aggregate" to 0 to see all help / error messages
--------------------------------------------------------------------------
The call to cuMemHostRegister(0x7f53afe00008, 134217728, 0) failed.
  Host:  edu01
  cuMemHostRegister return value:  1
  Registration cache:  smcuda
--------------------------------------------------------------------------
[edu01:2106451] 3 more processes have sent help message help-mpi-common-cuda.txt / cuMemHostRegister during init failed
[edu01:2106451] Set MCA parameter "orte_base_help_aggregate" to 0 to see all help / error messages
--------------------------------------------------------------------------
The call to cuMemHostRegister(0x7fa2abe00008, 134217728, 0) failed.
  Host:  edu01
  cuMemHostRegister return value:  1
  Registration cache:  smcuda
--------------------------------------------------------------------------
[edu01:2106487] 3 more processes have sent help message help-mpi-common-cuda.txt / cuMemHostRegister during init failed
[edu01:2106487] Set MCA parameter "orte_base_help_aggregate" to 0 to see all help / error messages
--------------------------------------------------------------------------
The call to cuMemHostRegister(0x7f8e43e00008, 134217728, 0) failed.
  Host:  edu01
  cuMemHostRegister return value:  1
  Registration cache:  smcuda
--------------------------------------------------------------------------
[edu01:2106637] 3 more processes have sent help message help-mpi-common-cuda.txt / cuMemHostRegister during init failed
[edu01:2106637] Set MCA parameter "orte_base_help_aggregate" to 0 to see all help / error messages
--------------------------------------------------------------------------
The call to cuMemHostRegister(0x7f6febe00008, 134217728, 0) failed.
  Host:  edu01
  cuMemHostRegister return value:  1
  Registration cache:  smcuda
--------------------------------------------------------------------------
[edu01:2106673] 3 more processes have sent help message help-mpi-common-cuda.txt / cuMemHostRegister during init failed
[edu01:2106673] Set MCA parameter "orte_base_help_aggregate" to 0 to see all help / error messages
--------------------------------------------------------------------------
The call to cuMemHostRegister(0x7f77a3e00008, 134217728, 0) failed.
  Host:  edu01
  cuMemHostRegister return value:  1
  Registration cache:  smcuda
--------------------------------------------------------------------------
[edu01:2106874] 3 more processes have sent help message help-mpi-common-cuda.txt / cuMemHostRegister during init failed
[edu01:2106874] Set MCA parameter "orte_base_help_aggregate" to 0 to see all help / error messages
--------------------------------------------------------------------------
The call to cuMemHostRegister(0x7fd33fe00008, 134217728, 0) failed.
  Host:  edu01
  cuMemHostRegister return value:  1
  Registration cache:  smcuda
--------------------------------------------------------------------------
[edu01:2106910] 3 more processes have sent help message help-mpi-common-cuda.txt / cuMemHostRegister during init failed
[edu01:2106910] Set MCA parameter "orte_base_help_aggregate" to 0 to see all help / error messages
--------------------------------------------------------------------------
The call to cuMemHostRegister(0x7f6a4be00008, 134217728, 0) failed.
  Host:  edu01
  cuMemHostRegister return value:  1
  Registration cache:  smcuda
--------------------------------------------------------------------------
[edu01:2107060] 3 more processes have sent help message help-mpi-common-cuda.txt / cuMemHostRegister during init failed
[edu01:2107060] Set MCA parameter "orte_base_help_aggregate" to 0 to see all help / error messages
--------------------------------------------------------------------------
The call to cuMemHostRegister(0x7f03cfe00008, 134217728, 0) failed.
  Host:  edu01
  cuMemHostRegister return value:  1
  Registration cache:  smcuda
--------------------------------------------------------------------------
[edu01:2107096] 3 more processes have sent help message help-mpi-common-cuda.txt / cuMemHostRegister during init failed
[edu01:2107096] Set MCA parameter "orte_base_help_aggregate" to 0 to see all help / error messages
