=== D2_final weak scaling ===
Node:     edu01
Date:     Tue Jul 21 06:39:22 PM CEST 2026
P:        3
Matrix:   matrices_synthetic/weak_sparse_P3.mtx
Reps:     3

--- P=3 rep=1/3 driver=spmv_bcast matrix=matrices_synthetic/weak_sparse_P3.mtx ---
Loaded matrices_synthetic/weak_sparse_P3.mtx: 2250000 x 2250000, 4500000 nnz
RESULT comm=bcast kernel=cusparse matrix=weak_sparse_P3.mtx P=3 rank=0 nrows_local=750000 ncols_global=2250000 nnz_local=1500000 n_ghost=-1 compute_avg_ms=0.104550 compute_min_ms=0.102400 compute_max_ms=0.109568 compute_var_ms=0.000002401 compute_gflops=28.694295 eff_bw_gbs=258.248696 pct_peak_bw=27.6758 comm_avg_ms=3.230240 comm_min_ms=3.187930 comm_max_ms=3.325764 comm_var_ms=0.000666573 total_avg_ms=3.334790 total_min_ms=3.291354 total_max_ms=3.429188 total_var_ms=0.000655260 effective_gflops=0.899607
RESULT comm=bcast kernel=cusparse matrix=weak_sparse_P3.mtx P=3 rank=1 nrows_local=750000 ncols_global=2250000 nnz_local=1500000 n_ghost=-1 compute_avg_ms=0.104994 compute_min_ms=0.103424 compute_max_ms=0.106496 compute_var_ms=0.000000401 compute_gflops=28.573025 eff_bw_gbs=257.157268 pct_peak_bw=27.5589 comm_avg_ms=2.552868 comm_min_ms=2.521044 comm_max_ms=2.637831 comm_var_ms=0.000532850 total_avg_ms=2.657863 total_min_ms=2.625836 total_max_ms=2.744327 total_var_ms=0.000546568 effective_gflops=1.128727
RESULT comm=bcast kernel=cusparse matrix=weak_sparse_P3.mtx P=3 rank=2 nrows_local=750000 ncols_global=2250000 nnz_local=1500000 n_ghost=-1 compute_avg_ms=0.104107 compute_min_ms=0.101376 compute_max_ms=0.115712 compute_var_ms=0.000008622 compute_gflops=28.816599 eff_bw_gbs=259.349429 pct_peak_bw=27.7938 comm_avg_ms=3.226328 comm_min_ms=3.183522 comm_max_ms=3.315914 comm_var_ms=0.000579077 total_avg_ms=3.330435 total_min_ms=3.287970 total_max_ms=3.422410 total_var_ms=0.000574182 effective_gflops=0.900783
[ERROR CHECKING] OK!

--- P=3 rep=1/3 driver=spmv_ghost_cusparse matrix=matrices_synthetic/weak_sparse_P3.mtx ---
Loaded matrices_synthetic/weak_sparse_P3.mtx: 2250000 x 2250000, 4500000 nnz
RESULT comm=ghost_mpi kernel=cusparse matrix=weak_sparse_P3.mtx P=3 rank=1 nrows_local=750000 ncols_global=2250000 nnz_local=1500000 n_ghost=729967 compute_avg_ms=0.104346 compute_min_ms=0.103424 compute_max_ms=0.105472 compute_var_ms=0.000000444 compute_gflops=28.750614 eff_bw_gbs=229.237001 pct_peak_bw=24.5667 comm_avg_ms=1.698655 comm_min_ms=1.326629 comm_max_ms=1.801509 comm_var_ms=0.009588454 total_avg_ms=1.803000 total_min_ms=1.431077 total_max_ms=1.905957 total_var_ms=0.009578952 effective_gflops=1.663893
RESULT comm=ghost_mpi kernel=cusparse matrix=weak_sparse_P3.mtx P=3 rank=2 nrows_local=750000 ncols_global=2250000 nnz_local=1500000 n_ghost=729368 compute_avg_ms=0.102263 compute_min_ms=0.101376 compute_max_ms=0.103424 compute_var_ms=0.000000471 compute_gflops=29.335990 eff_bw_gbs=233.880949 pct_peak_bw=25.0644 comm_avg_ms=1.895941 comm_min_ms=1.577971 comm_max_ms=2.068057 comm_var_ms=0.009268691 total_avg_ms=1.998205 total_min_ms=1.679347 total_max_ms=2.170457 total_var_ms=0.009291028 effective_gflops=1.501348
RESULT comm=ghost_mpi kernel=cusparse matrix=weak_sparse_P3.mtx P=3 rank=0 nrows_local=750000 ncols_global=2250000 nnz_local=1500000 n_ghost=729850 compute_avg_ms=0.103083 compute_min_ms=0.102400 compute_max_ms=0.104448 compute_var_ms=0.000000303 compute_gflops=29.102857 eff_bw_gbs=232.040995 pct_peak_bw=24.8672 comm_avg_ms=1.895866 comm_min_ms=1.577889 comm_max_ms=2.068000 comm_var_ms=0.009269902 total_avg_ms=1.998949 total_min_ms=1.681313 total_max_ms=2.171424 total_var_ms=0.009265112 effective_gflops=1.500789
[ERROR CHECKING] OK!

--- P=3 rep=1/3 driver=spmv_ghost_acc matrix=matrices_synthetic/weak_sparse_P3.mtx ---
Loaded matrices_synthetic/weak_sparse_P3.mtx: 2250000 x 2250000, 4500000 nnz
[kernel] acc -> LINE-ENHANCE (nnz=1500000, avg_nnz=2.00, imbalance=1.00, V=1)
[kernel] acc -> LINE-ENHANCE (nnz=1500000, avg_nnz=2.00, imbalance=1.00, V=1)
[kernel] acc -> LINE-ENHANCE (nnz=1500000, avg_nnz=2.00, imbalance=1.00, V=1)
RESULT comm=ghost_mpi kernel=acc matrix=weak_sparse_P3.mtx P=3 rank=1 nrows_local=750000 ncols_global=2250000 nnz_local=1500000 n_ghost=729967 compute_avg_ms=0.080043 compute_min_ms=0.078848 compute_max_ms=0.081920 compute_var_ms=0.000000495 compute_gflops=37.480012 eff_bw_gbs=298.839029 pct_peak_bw=32.0258 comm_avg_ms=1.707620 comm_min_ms=1.323017 comm_max_ms=1.832367 comm_var_ms=0.011945829 total_avg_ms=1.787663 total_min_ms=1.403913 total_max_ms=1.914287 total_var_ms=0.011940459 effective_gflops=1.678168
RESULT comm=ghost_mpi kernel=acc matrix=weak_sparse_P3.mtx P=3 rank=0 nrows_local=750000 ncols_global=2250000 nnz_local=1500000 n_ghost=729850 compute_avg_ms=0.078541 compute_min_ms=0.077824 compute_max_ms=0.079872 compute_var_ms=0.000000430 compute_gflops=38.196710 eff_bw_gbs=304.547509 pct_peak_bw=32.6376 comm_avg_ms=1.876283 comm_min_ms=1.335562 comm_max_ms=2.079736 comm_var_ms=0.023846622 total_avg_ms=1.954824 total_min_ms=1.414410 total_max_ms=2.158584 total_var_ms=0.023867659 effective_gflops=1.534665
RESULT comm=ghost_mpi kernel=acc matrix=weak_sparse_P3.mtx P=3 rank=2 nrows_local=750000 ncols_global=2250000 nnz_local=1500000 n_ghost=729368 compute_avg_ms=0.077722 compute_min_ms=0.076800 compute_max_ms=0.078848 compute_var_ms=0.000000374 compute_gflops=38.599309 eff_bw_gbs=307.732684 pct_peak_bw=32.9789 comm_avg_ms=1.885130 comm_min_ms=1.505538 comm_max_ms=2.079826 comm_var_ms=0.016582379 total_avg_ms=1.962852 total_min_ms=1.583362 total_max_ms=2.157650 total_var_ms=0.016567027 effective_gflops=1.528389
[ERROR CHECKING] OK!

--- P=3 rep=1/3 driver=spmv_ghost_nccl_cusparse matrix=matrices_synthetic/weak_sparse_P3.mtx ---
Loaded matrices_synthetic/weak_sparse_P3.mtx: 2250000 x 2250000, 4500000 nnz
RESULT comm=ghost_nccl kernel=cusparse matrix=weak_sparse_P3.mtx P=3 rank=0 nrows_local=750000 ncols_global=2250000 nnz_local=1500000 n_ghost=729850 compute_avg_ms=0.103936 compute_min_ms=0.102400 compute_max_ms=0.105472 compute_var_ms=0.000000402 compute_gflops=28.863917 eff_bw_gbs=230.135896 pct_peak_bw=24.6631 comm_avg_ms=0.429231 comm_min_ms=0.417763 comm_max_ms=0.442375 comm_var_ms=0.000029843 total_avg_ms=0.533167 total_min_ms=0.521187 total_max_ms=0.545799 total_var_ms=0.000029493 effective_gflops=5.626754
RESULT comm=ghost_nccl kernel=cusparse matrix=weak_sparse_P3.mtx P=3 rank=1 nrows_local=750000 ncols_global=2250000 nnz_local=1500000 n_ghost=729967 compute_avg_ms=0.104550 compute_min_ms=0.103424 compute_max_ms=0.106496 compute_var_ms=0.000000584 compute_gflops=28.694295 eff_bw_gbs=228.787957 pct_peak_bw=24.5186 comm_avg_ms=0.538878 comm_min_ms=0.527101 comm_max_ms=0.549202 comm_var_ms=0.000027749 total_avg_ms=0.643428 total_min_ms=0.630525 total_max_ms=0.654674 total_var_ms=0.000029496 effective_gflops=4.662523
RESULT comm=ghost_nccl kernel=cusparse matrix=weak_sparse_P3.mtx P=3 rank=2 nrows_local=750000 ncols_global=2250000 nnz_local=1500000 n_ghost=729368 compute_avg_ms=0.102229 compute_min_ms=0.100352 compute_max_ms=0.103424 compute_var_ms=0.000000775 compute_gflops=29.345785 eff_bw_gbs=233.959039 pct_peak_bw=25.0728 comm_avg_ms=0.536881 comm_min_ms=0.527457 comm_max_ms=0.549533 comm_var_ms=0.000019913 total_avg_ms=0.639110 total_min_ms=0.629857 total_max_ms=0.651933 total_var_ms=0.000020270 effective_gflops=4.694024
[ERROR CHECKING] OK!

--- P=3 rep=1/3 driver=spmv_ghost_nccl_acc matrix=matrices_synthetic/weak_sparse_P3.mtx ---
Loaded matrices_synthetic/weak_sparse_P3.mtx: 2250000 x 2250000, 4500000 nnz
[kernel] acc -> LINE-ENHANCE (nnz=1500000, avg_nnz=2.00, imbalance=1.00, V=1)
[kernel] acc -> LINE-ENHANCE (nnz=1500000, avg_nnz=2.00, imbalance=1.00, V=1)
[kernel] acc -> LINE-ENHANCE (nnz=1500000, avg_nnz=2.00, imbalance=1.00, V=1)
RESULT comm=ghost_nccl kernel=acc matrix=weak_sparse_P3.mtx P=3 rank=0 nrows_local=750000 ncols_global=2250000 nnz_local=1500000 n_ghost=729850 compute_avg_ms=0.078746 compute_min_ms=0.077824 compute_max_ms=0.079872 compute_var_ms=0.000000304 compute_gflops=38.097368 eff_bw_gbs=303.755447 pct_peak_bw=32.5527 comm_avg_ms=0.437241 comm_min_ms=0.426696 comm_max_ms=0.448889 comm_var_ms=0.000032510 total_avg_ms=0.515986 total_min_ms=0.506568 total_max_ms=0.527737 total_var_ms=0.000030277 effective_gflops=5.814109
RESULT comm=ghost_nccl kernel=acc matrix=weak_sparse_P3.mtx P=3 rank=1 nrows_local=750000 ncols_global=2250000 nnz_local=1500000 n_ghost=729967 compute_avg_ms=0.079701 compute_min_ms=0.078848 compute_max_ms=0.080896 compute_var_ms=0.000000425 compute_gflops=37.640526 eff_bw_gbs=300.118854 pct_peak_bw=32.1629 comm_avg_ms=0.540411 comm_min_ms=0.527898 comm_max_ms=0.554095 comm_var_ms=0.000051274 total_avg_ms=0.620113 total_min_ms=0.606746 total_max_ms=0.633967 total_var_ms=0.000051755 effective_gflops=4.837831
RESULT comm=ghost_nccl kernel=acc matrix=weak_sparse_P3.mtx P=3 rank=2 nrows_local=750000 ncols_global=2250000 nnz_local=1500000 n_ghost=729368 compute_avg_ms=0.077483 compute_min_ms=0.076800 compute_max_ms=0.077824 compute_var_ms=0.000000233 compute_gflops=38.718338 eff_bw_gbs=308.681636 pct_peak_bw=33.0806 comm_avg_ms=0.536495 comm_min_ms=0.525742 comm_max_ms=0.544218 comm_var_ms=0.000017286 total_avg_ms=0.613977 total_min_ms=0.603566 total_max_ms=0.622042 total_var_ms=0.000017523 effective_gflops=4.886174
[ERROR CHECKING] OK!

--- P=3 rep=2/3 driver=spmv_bcast matrix=matrices_synthetic/weak_sparse_P3.mtx ---
Loaded matrices_synthetic/weak_sparse_P3.mtx: 2250000 x 2250000, 4500000 nnz
RESULT comm=bcast kernel=cusparse matrix=weak_sparse_P3.mtx P=3 rank=1 nrows_local=750000 ncols_global=2250000 nnz_local=1500000 n_ghost=-1 compute_avg_ms=0.104721 compute_min_ms=0.102400 compute_max_ms=0.106496 compute_var_ms=0.000000904 compute_gflops=28.647531 eff_bw_gbs=257.827821 pct_peak_bw=27.6307 comm_avg_ms=2.549987 comm_min_ms=2.517300 comm_max_ms=2.602939 comm_var_ms=0.000483447 total_avg_ms=2.654708 total_min_ms=2.620724 total_max_ms=2.708411 total_var_ms=0.000490583 effective_gflops=1.130068
RESULT comm=bcast kernel=cusparse matrix=weak_sparse_P3.mtx P=3 rank=2 nrows_local=750000 ncols_global=2250000 nnz_local=1500000 n_ghost=-1 compute_avg_ms=0.102980 compute_min_ms=0.101376 compute_max_ms=0.111616 compute_var_ms=0.000003403 compute_gflops=29.131796 eff_bw_gbs=262.186198 pct_peak_bw=28.0978 comm_avg_ms=3.235016 comm_min_ms=3.181961 comm_max_ms=3.294719 comm_var_ms=0.000649641 total_avg_ms=3.337996 total_min_ms=3.288457 total_max_ms=3.398143 total_var_ms=0.000620418 effective_gflops=0.898743
RESULT comm=bcast kernel=cusparse matrix=weak_sparse_P3.mtx P=3 rank=0 nrows_local=750000 ncols_global=2250000 nnz_local=1500000 n_ghost=-1 compute_avg_ms=0.104892 compute_min_ms=0.102400 compute_max_ms=0.111616 compute_var_ms=0.000005081 compute_gflops=28.600920 eff_bw_gbs=257.408316 pct_peak_bw=27.5858 comm_avg_ms=3.232064 comm_min_ms=3.193676 comm_max_ms=3.294452 comm_var_ms=0.000527367 total_avg_ms=3.336955 total_min_ms=3.296076 total_max_ms=3.397876 total_var_ms=0.000509250 effective_gflops=0.899023
[ERROR CHECKING] OK!

--- P=3 rep=2/3 driver=spmv_ghost_cusparse matrix=matrices_synthetic/weak_sparse_P3.mtx ---
Loaded matrices_synthetic/weak_sparse_P3.mtx: 2250000 x 2250000, 4500000 nnz
RESULT comm=ghost_mpi kernel=cusparse matrix=weak_sparse_P3.mtx P=3 rank=1 nrows_local=750000 ncols_global=2250000 nnz_local=1500000 n_ghost=729967 compute_avg_ms=0.104516 compute_min_ms=0.103424 compute_max_ms=0.105472 compute_var_ms=0.000000415 compute_gflops=28.703666 eff_bw_gbs=228.862676 pct_peak_bw=24.5266 comm_avg_ms=1.706097 comm_min_ms=1.325339 comm_max_ms=1.789605 comm_var_ms=0.012903326 total_avg_ms=1.810613 total_min_ms=1.430811 total_max_ms=1.894053 total_var_ms=0.012861949 effective_gflops=1.656898
RESULT comm=ghost_mpi kernel=cusparse matrix=weak_sparse_P3.mtx P=3 rank=2 nrows_local=750000 ncols_global=2250000 nnz_local=1500000 n_ghost=729368 compute_avg_ms=0.101990 compute_min_ms=0.100352 compute_max_ms=0.103424 compute_var_ms=0.000000391 compute_gflops=29.414534 eff_bw_gbs=234.507136 pct_peak_bw=25.1315 comm_avg_ms=1.930045 comm_min_ms=1.565523 comm_max_ms=2.179453 comm_var_ms=0.015582941 total_avg_ms=2.032035 total_min_ms=1.666899 total_max_ms=2.280829 total_var_ms=0.015566157 effective_gflops=1.476352
RESULT comm=ghost_mpi kernel=cusparse matrix=weak_sparse_P3.mtx P=3 rank=0 nrows_local=750000 ncols_global=2250000 nnz_local=1500000 n_ghost=729850 compute_avg_ms=0.103390 compute_min_ms=0.102400 compute_max_ms=0.104448 compute_var_ms=0.000000453 compute_gflops=29.016384 eff_bw_gbs=231.351537 pct_peak_bw=24.7933 comm_avg_ms=1.929987 comm_min_ms=1.565522 comm_max_ms=2.179452 comm_var_ms=0.015589307 total_avg_ms=2.033376 total_min_ms=1.668946 total_max_ms=2.281852 total_var_ms=0.015610029 effective_gflops=1.475379
[ERROR CHECKING] OK!

--- P=3 rep=2/3 driver=spmv_ghost_acc matrix=matrices_synthetic/weak_sparse_P3.mtx ---
Loaded matrices_synthetic/weak_sparse_P3.mtx: 2250000 x 2250000, 4500000 nnz
[kernel] acc -> LINE-ENHANCE (nnz=1500000, avg_nnz=2.00, imbalance=1.00, V=1)
[kernel] acc -> LINE-ENHANCE (nnz=1500000, avg_nnz=2.00, imbalance=1.00, V=1)
[kernel] acc -> LINE-ENHANCE (nnz=1500000, avg_nnz=2.00, imbalance=1.00, V=1)
RESULT comm=ghost_mpi kernel=acc matrix=weak_sparse_P3.mtx P=3 rank=0 nrows_local=750000 ncols_global=2250000 nnz_local=1500000 n_ghost=729850 compute_avg_ms=0.078711 compute_min_ms=0.077824 compute_max_ms=0.079872 compute_var_ms=0.000000261 compute_gflops=38.113889 eff_bw_gbs=303.887171 pct_peak_bw=32.5668 comm_avg_ms=1.893963 comm_min_ms=1.327042 comm_max_ms=2.054834 comm_var_ms=0.024845732 total_avg_ms=1.972674 total_min_ms=1.405890 total_max_ms=2.133682 total_var_ms=0.024842672 effective_gflops=1.520778
RESULT comm=ghost_mpi kernel=acc matrix=weak_sparse_P3.mtx P=3 rank=1 nrows_local=750000 ncols_global=2250000 nnz_local=1500000 n_ghost=729967 compute_avg_ms=0.079804 compute_min_ms=0.078848 compute_max_ms=0.080896 compute_var_ms=0.000000415 compute_gflops=37.592228 eff_bw_gbs=299.733757 pct_peak_bw=32.1217 comm_avg_ms=1.717529 comm_min_ms=1.298509 comm_max_ms=1.846387 comm_var_ms=0.013427063 total_avg_ms=1.797333 total_min_ms=1.377357 total_max_ms=1.927283 total_var_ms=0.013441074 effective_gflops=1.669140
RESULT comm=ghost_mpi kernel=acc matrix=weak_sparse_P3.mtx P=3 rank=2 nrows_local=750000 ncols_global=2250000 nnz_local=1500000 n_ghost=729368 compute_avg_ms=0.077858 compute_min_ms=0.076800 compute_max_ms=0.078848 compute_var_ms=0.000000313 compute_gflops=38.531621 eff_bw_gbs=307.193041 pct_peak_bw=32.9211 comm_avg_ms=1.904267 comm_min_ms=1.462890 comm_max_ms=2.054877 comm_var_ms=0.016252349 total_avg_ms=1.982125 total_min_ms=1.540714 total_max_ms=2.132701 total_var_ms=0.016242861 effective_gflops=1.513527
[ERROR CHECKING] OK!

--- P=3 rep=2/3 driver=spmv_ghost_nccl_cusparse matrix=matrices_synthetic/weak_sparse_P3.mtx ---
Loaded matrices_synthetic/weak_sparse_P3.mtx: 2250000 x 2250000, 4500000 nnz
RESULT comm=ghost_nccl kernel=cusparse matrix=weak_sparse_P3.mtx P=3 rank=0 nrows_local=750000 ncols_global=2250000 nnz_local=1500000 n_ghost=729850 compute_avg_ms=0.103253 compute_min_ms=0.102400 compute_max_ms=0.104448 compute_var_ms=0.000000425 compute_gflops=29.054753 eff_bw_gbs=231.657456 pct_peak_bw=24.8261 comm_avg_ms=0.430472 comm_min_ms=0.420298 comm_max_ms=0.441780 comm_var_ms=0.000037395 total_avg_ms=0.533726 total_min_ms=0.523722 total_max_ms=0.545204 total_var_ms=0.000034400 effective_gflops=5.620864
RESULT comm=ghost_nccl kernel=cusparse matrix=weak_sparse_P3.mtx P=3 rank=1 nrows_local=750000 ncols_global=2250000 nnz_local=1500000 n_ghost=729967 compute_avg_ms=0.104448 compute_min_ms=0.103424 compute_max_ms=0.105472 compute_var_ms=0.000000350 compute_gflops=28.722427 eff_bw_gbs=229.012259 pct_peak_bw=24.5426 comm_avg_ms=0.544815 comm_min_ms=0.530054 comm_max_ms=0.562180 comm_var_ms=0.000057896 total_avg_ms=0.649263 total_min_ms=0.634502 total_max_ms=0.666628 total_var_ms=0.000059518 effective_gflops=4.620625
RESULT comm=ghost_nccl kernel=cusparse matrix=weak_sparse_P3.mtx P=3 rank=2 nrows_local=750000 ncols_global=2250000 nnz_local=1500000 n_ghost=729368 compute_avg_ms=0.102195 compute_min_ms=0.101376 compute_max_ms=0.103424 compute_var_ms=0.000000377 compute_gflops=29.355587 eff_bw_gbs=234.037182 pct_peak_bw=25.0811 comm_avg_ms=0.530789 comm_min_ms=0.518427 comm_max_ms=0.544843 comm_var_ms=0.000020989 total_avg_ms=0.632985 total_min_ms=0.620827 total_max_ms=0.647243 total_var_ms=0.000022483 effective_gflops=4.739452
[ERROR CHECKING] OK!

--- P=3 rep=2/3 driver=spmv_ghost_nccl_acc matrix=matrices_synthetic/weak_sparse_P3.mtx ---
Loaded matrices_synthetic/weak_sparse_P3.mtx: 2250000 x 2250000, 4500000 nnz
[kernel] acc -> LINE-ENHANCE (nnz=1500000, avg_nnz=2.00, imbalance=1.00, V=1)
[kernel] acc -> LINE-ENHANCE (nnz=1500000, avg_nnz=2.00, imbalance=1.00, V=1)
[kernel] acc -> LINE-ENHANCE (nnz=1500000, avg_nnz=2.00, imbalance=1.00, V=1)
RESULT comm=ghost_nccl kernel=acc matrix=weak_sparse_P3.mtx P=3 rank=1 nrows_local=750000 ncols_global=2250000 nnz_local=1500000 n_ghost=729967 compute_avg_ms=0.079326 compute_min_ms=0.078848 compute_max_ms=0.079872 compute_var_ms=0.000000261 compute_gflops=37.818687 eff_bw_gbs=301.539383 pct_peak_bw=32.3152 comm_avg_ms=0.548098 comm_min_ms=0.536714 comm_max_ms=0.563800 comm_var_ms=0.000034712 total_avg_ms=0.627424 total_min_ms=0.615562 total_max_ms=0.643672 total_var_ms=0.000035738 effective_gflops=4.781459
RESULT comm=ghost_nccl kernel=acc matrix=weak_sparse_P3.mtx P=3 rank=0 nrows_local=750000 ncols_global=2250000 nnz_local=1500000 n_ghost=729850 compute_avg_ms=0.078234 compute_min_ms=0.077824 compute_max_ms=0.079872 compute_var_ms=0.000000322 compute_gflops=38.346697 eff_bw_gbs=305.743376 pct_peak_bw=32.7657 comm_avg_ms=0.433301 comm_min_ms=0.423601 comm_max_ms=0.444146 comm_var_ms=0.000027458 total_avg_ms=0.511535 total_min_ms=0.501425 total_max_ms=0.522994 total_var_ms=0.000026990 effective_gflops=5.864703
RESULT comm=ghost_nccl kernel=acc matrix=weak_sparse_P3.mtx P=3 rank=2 nrows_local=750000 ncols_global=2250000 nnz_local=1500000 n_ghost=729368 compute_avg_ms=0.077414 compute_min_ms=0.076800 compute_max_ms=0.077824 compute_var_ms=0.000000252 compute_gflops=38.752480 eff_bw_gbs=308.953840 pct_peak_bw=33.1098 comm_avg_ms=0.531344 comm_min_ms=0.522388 comm_max_ms=0.539888 comm_var_ms=0.000025047 total_avg_ms=0.608759 total_min_ms=0.599188 total_max_ms=0.617477 total_var_ms=0.000025681 effective_gflops=4.928060
[ERROR CHECKING] OK!

--- P=3 rep=3/3 driver=spmv_bcast matrix=matrices_synthetic/weak_sparse_P3.mtx ---
Loaded matrices_synthetic/weak_sparse_P3.mtx: 2250000 x 2250000, 4500000 nnz
RESULT comm=bcast kernel=cusparse matrix=weak_sparse_P3.mtx P=3 rank=1 nrows_local=750000 ncols_global=2250000 nnz_local=1500000 n_ghost=-1 compute_avg_ms=0.105028 compute_min_ms=0.104448 compute_max_ms=0.106496 compute_var_ms=0.000000397 compute_gflops=28.563739 eff_bw_gbs=257.073694 pct_peak_bw=27.5499 comm_avg_ms=2.569760 comm_min_ms=2.534427 comm_max_ms=2.652023 comm_var_ms=0.000687246 total_avg_ms=2.674788 total_min_ms=2.638875 total_max_ms=2.756471 total_var_ms=0.000682385 effective_gflops=1.121584
RESULT comm=bcast kernel=cusparse matrix=weak_sparse_P3.mtx P=3 rank=2 nrows_local=750000 ncols_global=2250000 nnz_local=1500000 n_ghost=-1 compute_avg_ms=0.102298 compute_min_ms=0.101376 compute_max_ms=0.105472 compute_var_ms=0.000000863 compute_gflops=29.326202 eff_bw_gbs=263.935857 pct_peak_bw=28.2853 comm_avg_ms=3.246670 comm_min_ms=3.210620 comm_max_ms=3.312610 comm_var_ms=0.000546168 total_avg_ms=3.348968 total_min_ms=3.313020 total_max_ms=3.416034 total_var_ms=0.000548274 effective_gflops=0.895798
RESULT comm=bcast kernel=cusparse matrix=weak_sparse_P3.mtx P=3 rank=0 nrows_local=750000 ncols_global=2250000 nnz_local=1500000 n_ghost=-1 compute_avg_ms=0.106940 compute_min_ms=0.103424 compute_max_ms=0.111616 compute_var_ms=0.000006619 compute_gflops=28.053184 eff_bw_gbs=252.478695 pct_peak_bw=27.0575 comm_avg_ms=3.231470 comm_min_ms=3.200621 comm_max_ms=3.305681 comm_var_ms=0.000598567 total_avg_ms=3.338410 total_min_ms=3.308141 total_max_ms=3.414225 total_var_ms=0.000569555 effective_gflops=0.898631
[ERROR CHECKING] OK!

--- P=3 rep=3/3 driver=spmv_ghost_cusparse matrix=matrices_synthetic/weak_sparse_P3.mtx ---
Loaded matrices_synthetic/weak_sparse_P3.mtx: 2250000 x 2250000, 4500000 nnz
RESULT comm=ghost_mpi kernel=cusparse matrix=weak_sparse_P3.mtx P=3 rank=1 nrows_local=750000 ncols_global=2250000 nnz_local=1500000 n_ghost=729967 compute_avg_ms=0.104448 compute_min_ms=0.103424 compute_max_ms=0.105472 compute_var_ms=0.000000350 compute_gflops=28.722427 eff_bw_gbs=229.012259 pct_peak_bw=24.5426 comm_avg_ms=1.715378 comm_min_ms=1.371070 comm_max_ms=1.796935 comm_var_ms=0.007867414 total_avg_ms=1.819826 total_min_ms=1.475518 total_max_ms=1.900359 total_var_ms=0.007873837 effective_gflops=1.648509
RESULT comm=ghost_mpi kernel=cusparse matrix=weak_sparse_P3.mtx P=3 rank=2 nrows_local=750000 ncols_global=2250000 nnz_local=1500000 n_ghost=729368 compute_avg_ms=0.101922 compute_min_ms=0.100352 compute_max_ms=0.102400 compute_var_ms=0.000000331 compute_gflops=29.434236 eff_bw_gbs=234.664207 pct_peak_bw=25.1483 comm_avg_ms=1.930834 comm_min_ms=1.503335 comm_max_ms=2.172822 comm_var_ms=0.012702171 total_avg_ms=2.032756 total_min_ms=1.603687 total_max_ms=2.275222 total_var_ms=0.012764350 effective_gflops=1.475829
RESULT comm=ghost_mpi kernel=cusparse matrix=weak_sparse_P3.mtx P=3 rank=0 nrows_local=750000 ncols_global=2250000 nnz_local=1500000 n_ghost=729850 compute_avg_ms=0.103526 compute_min_ms=0.102400 compute_max_ms=0.104448 compute_var_ms=0.000000514 compute_gflops=28.978116 eff_bw_gbs=231.046424 pct_peak_bw=24.7606 comm_avg_ms=1.930815 comm_min_ms=1.503333 comm_max_ms=2.172815 comm_var_ms=0.012701276 total_avg_ms=2.034341 total_min_ms=1.605733 total_max_ms=2.277263 total_var_ms=0.012729581 effective_gflops=1.474679
[ERROR CHECKING] OK!

--- P=3 rep=3/3 driver=spmv_ghost_acc matrix=matrices_synthetic/weak_sparse_P3.mtx ---
Loaded matrices_synthetic/weak_sparse_P3.mtx: 2250000 x 2250000, 4500000 nnz
[kernel] acc -> LINE-ENHANCE (nnz=1500000, avg_nnz=2.00, imbalance=1.00, V=1)
[kernel] acc -> LINE-ENHANCE (nnz=1500000, avg_nnz=2.00, imbalance=1.00, V=1)
[kernel] acc -> LINE-ENHANCE (nnz=1500000, avg_nnz=2.00, imbalance=1.00, V=1)
RESULT comm=ghost_mpi kernel=acc matrix=weak_sparse_P3.mtx P=3 rank=0 nrows_local=750000 ncols_global=2250000 nnz_local=1500000 n_ghost=729850 compute_avg_ms=0.078711 compute_min_ms=0.077824 compute_max_ms=0.079872 compute_var_ms=0.000000331 compute_gflops=38.113889 eff_bw_gbs=303.887171 pct_peak_bw=32.5668 comm_avg_ms=1.909734 comm_min_ms=1.317888 comm_max_ms=2.202161 comm_var_ms=0.027277263 total_avg_ms=1.988446 total_min_ms=1.396736 total_max_ms=2.281009 total_var_ms=0.027267635 effective_gflops=1.508716
RESULT comm=ghost_mpi kernel=acc matrix=weak_sparse_P3.mtx P=3 rank=1 nrows_local=750000 ncols_global=2250000 nnz_local=1500000 n_ghost=729967 compute_avg_ms=0.079974 compute_min_ms=0.078848 compute_max_ms=0.080896 compute_var_ms=0.000000374 compute_gflops=37.512005 eff_bw_gbs=299.094120 pct_peak_bw=32.0531 comm_avg_ms=1.720278 comm_min_ms=1.367221 comm_max_ms=1.795903 comm_var_ms=0.010447099 total_avg_ms=1.800252 total_min_ms=1.447093 total_max_ms=1.875775 total_var_ms=0.010429442 effective_gflops=1.666433
RESULT comm=ghost_mpi kernel=acc matrix=weak_sparse_P3.mtx P=3 rank=2 nrows_local=750000 ncols_global=2250000 nnz_local=1500000 n_ghost=729368 compute_avg_ms=0.077790 compute_min_ms=0.076800 compute_max_ms=0.078848 compute_var_ms=0.000000523 compute_gflops=38.565435 eff_bw_gbs=307.462623 pct_peak_bw=32.9500 comm_avg_ms=1.923295 comm_min_ms=1.600334 comm_max_ms=2.202270 comm_var_ms=0.016571669 total_avg_ms=2.001085 total_min_ms=1.677134 total_max_ms=2.280094 total_var_ms=0.016631473 effective_gflops=1.499187
[ERROR CHECKING] OK!

--- P=3 rep=3/3 driver=spmv_ghost_nccl_cusparse matrix=matrices_synthetic/weak_sparse_P3.mtx ---
Loaded matrices_synthetic/weak_sparse_P3.mtx: 2250000 x 2250000, 4500000 nnz
RESULT comm=ghost_nccl kernel=cusparse matrix=weak_sparse_P3.mtx P=3 rank=0 nrows_local=750000 ncols_global=2250000 nnz_local=1500000 n_ghost=729850 compute_avg_ms=0.103424 compute_min_ms=0.102400 compute_max_ms=0.105472 compute_var_ms=0.000000559 compute_gflops=29.006808 eff_bw_gbs=231.275183 pct_peak_bw=24.7851 comm_avg_ms=0.433202 comm_min_ms=0.420584 comm_max_ms=0.446092 comm_var_ms=0.000052721 total_avg_ms=0.536626 total_min_ms=0.524008 total_max_ms=0.550540 total_var_ms=0.000058463 effective_gflops=5.590485
RESULT comm=ghost_nccl kernel=cusparse matrix=weak_sparse_P3.mtx P=3 rank=1 nrows_local=750000 ncols_global=2250000 nnz_local=1500000 n_ghost=729967 compute_avg_ms=0.104755 compute_min_ms=0.103424 compute_max_ms=0.106496 compute_var_ms=0.000000570 compute_gflops=28.638197 eff_bw_gbs=228.340669 pct_peak_bw=24.4707 comm_avg_ms=0.548666 comm_min_ms=0.533474 comm_max_ms=0.564494 comm_var_ms=0.000045765 total_avg_ms=0.653421 total_min_ms=0.637922 total_max_ms=0.668942 total_var_ms=0.000048515 effective_gflops=4.591223
RESULT comm=ghost_nccl kernel=cusparse matrix=weak_sparse_P3.mtx P=3 rank=2 nrows_local=750000 ncols_global=2250000 nnz_local=1500000 n_ghost=729368 compute_avg_ms=0.101922 compute_min_ms=0.100352 compute_max_ms=0.103424 compute_var_ms=0.000000680 compute_gflops=29.434236 eff_bw_gbs=234.664207 pct_peak_bw=25.1483 comm_avg_ms=0.532119 comm_min_ms=0.520819 comm_max_ms=0.545537 comm_var_ms=0.000036121 total_avg_ms=0.634041 total_min_ms=0.622541 total_max_ms=0.647937 total_var_ms=0.000037471 effective_gflops=4.731555
[ERROR CHECKING] OK!

--- P=3 rep=3/3 driver=spmv_ghost_nccl_acc matrix=matrices_synthetic/weak_sparse_P3.mtx ---
Loaded matrices_synthetic/weak_sparse_P3.mtx: 2250000 x 2250000, 4500000 nnz
[kernel] acc -> LINE-ENHANCE (nnz=1500000, avg_nnz=2.00, imbalance=1.00, V=1)
[kernel] acc -> LINE-ENHANCE (nnz=1500000, avg_nnz=2.00, imbalance=1.00, V=1)
[kernel] acc -> LINE-ENHANCE (nnz=1500000, avg_nnz=2.00, imbalance=1.00, V=1)
RESULT comm=ghost_nccl kernel=acc matrix=weak_sparse_P3.mtx P=3 rank=0 nrows_local=750000 ncols_global=2250000 nnz_local=1500000 n_ghost=729850 compute_avg_ms=0.078370 compute_min_ms=0.077824 compute_max_ms=0.079872 compute_var_ms=0.000000331 compute_gflops=38.279891 eff_bw_gbs=305.210722 pct_peak_bw=32.7086 comm_avg_ms=0.437132 comm_min_ms=0.422204 comm_max_ms=0.457473 comm_var_ms=0.000067247 total_avg_ms=0.515502 total_min_ms=0.500028 total_max_ms=0.535297 total_var_ms=0.000066317 effective_gflops=5.819566
RESULT comm=ghost_nccl kernel=acc matrix=weak_sparse_P3.mtx P=3 rank=2 nrows_local=750000 ncols_global=2250000 nnz_local=1500000 n_ghost=729368 compute_avg_ms=0.077278 compute_min_ms=0.075776 compute_max_ms=0.077824 compute_var_ms=0.000000331 compute_gflops=38.820947 eff_bw_gbs=309.499693 pct_peak_bw=33.1683 comm_avg_ms=0.532981 comm_min_ms=0.518763 comm_max_ms=0.551860 comm_var_ms=0.000049962 total_avg_ms=0.610259 total_min_ms=0.595563 total_max_ms=0.629684 total_var_ms=0.000054377 effective_gflops=4.915947
RESULT comm=ghost_nccl kernel=acc matrix=weak_sparse_P3.mtx P=3 rank=1 nrows_local=750000 ncols_global=2250000 nnz_local=1500000 n_ghost=729967 compute_avg_ms=0.079599 compute_min_ms=0.078848 compute_max_ms=0.080896 compute_var_ms=0.000000415 compute_gflops=37.688949 eff_bw_gbs=300.504942 pct_peak_bw=32.2043 comm_avg_ms=0.553240 comm_min_ms=0.537388 comm_max_ms=0.564019 comm_var_ms=0.000049546 total_avg_ms=0.632839 total_min_ms=0.616236 total_max_ms=0.643891 total_var_ms=0.000053025 effective_gflops=4.740545
[ERROR CHECKING] OK!

=== Job done ===
